#
# A fatal error has been detected by the Java Runtime Environment:
#
#  SIGSEGV (0xb) at pc=0x000076c6ac06335b, pid=257615, tid=257625
#
# JRE version: OpenJDK Runtime Environment (21.0.9) (build 21.0.9-internal-adhoc.talzuss.openjdk-mmtk)
# Java VM: OpenJDK 64-Bit Server VM (21.0.9-internal-adhoc.talzuss.openjdk-mmtk, mixed mode, sharing, tiered, compressed oops, compressed class ptrs, third-party gc, linux-amd64)
# Problematic frame:
# C  [libmmtk_openjdk.so+0x26335b]  _$LT$mmtk_openjdk..abi..InstanceKlass$u20$as$u20$mmtk_openjdk..object_scanning..OopIterate$GT$::oop_iterate::h097bb267290b7635+0xdb
#
# Core dump will be written. Default location: Core dumps may be processed with "/usr/share/apport/apport -p%p -s%s -c%c -d%d -P%P -u%u -g%g -F%F -- %E" (or dumping to /mydata/mmtk-core/core.257615)
#
# If you would like to submit a bug report, please visit:
#   https://bugreport.java.com/bugreport/crash.jsp
#

---------------  S U M M A R Y ------------

Command Line: -XX:+UseThirdPartyHeap -Xms512m -Xmx512m /mydata/dacapo/dacapo-23.11/dacapo-23.11-MR2-chopin.jar lusearch -n 3

Host: AMD EPYC 7302P 16-Core Processor, 32 cores, 125G, Ubuntu 24.04.4 LTS
Time: Tue Jul  7 11:18:50 2026 MDT elapsed time: 4.679319 seconds (0d 0h 0m 4s)

---------------  T H R E A D  ---------------

Current thread (0x000076c6a452afb0):  NamedThread "MMTk Collector Thread" [id=257625, stack(0x000076c6aa4fe000,0x000076c6aa5fe000) (1024K)]

Stack: [0x000076c6aa4fe000,0x000076c6aa5fe000],  sp=0x000076c6aa5fc8c0,  free space=1018k
Native frames: (J=compiled Java code, j=interpreted, Vv=VM code, C=native code)
C  [libmmtk_openjdk.so+0x26335b]  _$LT$mmtk_openjdk..abi..InstanceKlass$u20$as$u20$mmtk_openjdk..object_scanning..OopIterate$GT$::oop_iterate::h097bb267290b7635+0xdb

siginfo: si_signo: 11 (SIGSEGV), si_code: 1 (SEGV_MAPERR), si_addr: 0x00000000060009c4

Registers:
RAX=0x00006a16d88928b8, RBX=0x000076c6aa5fcaa0, RCX=0x00006a197303b630, RDX=0x7fffffffffffffff
RSP=0x000076c6aa5fc8c0, RBP=0x00000000ffffffff, RSI=0x00006a1973076c60, RDI=0x00006a1973000000
R8 =0x0000000000000004, R9 =0x0000000000000000, R10=0x0000000000000001, R11=0x0000000000000003
R12=0x0000000050000600, R13=0x000076c6aa5fc9cb, R14=0x00000000060009c4, R15=0x00006a1973076f78
RIP=0x000076c6ac06335b, EFLAGS=0x0000000000010202, CSGSFS=0x002b000000000033, ERR=0x0000000000000004
  TRAPNO=0x000000000000000e

XMM[0]=0xffffffffffffffff 0xffffffffffffffff
XMM[1]=0x0000000000000000 0x000076c693c17b90
XMM[2]=0x00006a19711feac0 0x0000760000000000
XMM[3]=0x0000000000000000 0x00006a19711fe930
XMM[4]=0x0000000000000000 0x000076c693c1eff2
XMM[5]=0x0000000000000000 0x0000000000000000
XMM[6]=0x0000000000000000 0x0000000000000000
XMM[7]=0x0000000000000000 0x0000000000000000
XMM[8]=0x0000000000000000 0x0000000000000000
XMM[9]=0x0000000000000000 0x0000000000000000
XMM[10]=0x3f3f3f3f3f3f3f3f 0x3f3f3f3f3f3f3f3f
XMM[11]=0x9999999999999999 0x9999999999999999
XMM[12]=0x2020202020202020 0x2020202020202020
XMM[13]=0x0000000000000000 0x0000000000000000
XMM[14]=0x0000000000000000 0x0000000000000000
XMM[15]=0x0000000000000000 0x0000000000000000
  MXCSR=0x00001fa2


Register to memory mapping:

RAX=
[error occurred during error reporting (printing register info), id 0xe0000000, Internal Error (/mydata/mmtk-openjdk/openjdk/share/mmtkHeap.cpp:444)]
RBX=
[error occurred during error reporting (printing register info, attempt 2), id 0xe0000000, Internal Error (/mydata/mmtk-openjdk/openjdk/share/mmtkHeap.cpp:444)]
RCX=
[error occurred during error reporting (printing register info, attempt 3), id 0xe0000000, Internal Error (/mydata/mmtk-openjdk/openjdk/share/mmtkHeap.cpp:444)]
Top of Stack: (sp=0x000076c6aa5fc8c0)
0x000076c6aa5fc8c0:   0000000000000000 0000000050000600
0x000076c6aa5fc8d0:   00006a16d88928b8 0000000050000600
0x000076c6aa5fc8e0:   0000000050000600 000076c6aa5fc9cb
0x000076c6aa5fc8f0:   000076c6aa5fcaa0 000076c6aa5fc9d0
0x000076c6aa5fc900:   0000000000000001 000076c6ac083c8b
0x000076c6aa5fc910:   00006a1948000030 0000000000008000
0x000076c6aa5fc920:   000076c6a452ba98 0000000000000076
0x000076c6aa5fc930:   000076c6aa5fc9c0 000076c6ad8ac4de
0x000076c6aa5fc940:   0000000000000000 000000000003a000
0x000076c6aa5fc950:   0000000000042000 0000000000008030
0x000076c6aa5fc960:   000076c6ac1c0000 000076c6ac07df2d
0x000076c6aa5fc970:   000076c6a45268e0 0000000000000040
0x000076c6aa5fc980:   0000000000000000 0000000050000600
0x000076c6aa5fc990:   000076c6aa5fc9d8 000076c6aa5fc9cb
0x000076c6aa5fc9a0:   000076c6ac1d6d30 000076c6aa5fc9d0
0x000076c6aa5fc9b0:   0000000000000001 000076c6ac0d0cc8
0x000076c6aa5fc9c0:   0000000000000000 0001000404000000
0x000076c6aa5fc9d0:   0000000050000600 000076c6ac1d6d30
0x000076c6aa5fc9e0:   000076c6aa5fc9d0 000076c6aa5fc9cc
0x000076c6aa5fc9f0:   000076c6aa5fc9cd 000076c6aa5fc9ce
0x000076c6aa5fca00:   000076c6aa5fc9cb 000076c6a43da940
0x000076c6aa5fca10:   000076c6aa5fcaa0 000076c6aa5fcaa0
0x000076c6aa5fca20:   0000000000074aa8 0000000000002f78
0x000076c6aa5fca30:   00006a182c040c90 0000000000010000
0x000076c6aa5fca40:   000000000000e955 000076c6ac084b60
0x000076c6aa5fca50:   000076c6a4070500 000076c6a4070200
0x000076c6aa5fca60:   000076c6a406ff00 00006a182c040c90
0x000076c6aa5fca70:   0000000000010000 000000000000e955
0x000076c6aa5fca80:   000076c6a4526780 000076c6a43da940
0x000076c6aa5fca90:   0000000000000000 000076c6ac084a62
0x000076c6aa5fcaa0:   0000000000001000 00006a1948009f00
0x000076c6aa5fcab0:   0000000000000100 8000000000000000 

Instructions: (pc=0x000076c6ac06335b)
0x000076c6ac06325b:   19 00 ff 90 80 00 00 00 89 03 5b c3 48 8d 3d 42
0x000076c6ac06326b:   4c 17 00 e8 bd 0a f3 ff cc cc cc cc cc cc cc cc
0x000076c6ac06327b:   cc cc cc cc cc 55 41 57 41 56 41 55 41 54 53 48
0x000076c6ac06328b:   83 ec 18 48 89 74 24 08 48 63 87 28 01 00 00 48
0x000076c6ac06329b:   85 c0 0f 84 36 01 00 00 48 89 d3 48 63 8f ac 00
0x000076c6ac0632ab:   00 00 48 8d 0c cf 48 63 97 2c 01 00 00 48 8d 34
0x000076c6ac0632bb:   d1 4c 8d bc d1 d8 01 00 00 48 8d 04 c6 48 05 d8
0x000076c6ac0632cb:   01 00 00 48 89 44 24 10 48 ba ff ff ff ff ff ff
0x000076c6ac0632db:   ff 7f eb 10 90 49 83 c7 08 4c 3b 7c 24 10 0f 84
0x000076c6ac0632eb:   ea 00 00 00 41 8b 6f 04 48 85 ed 74 e8 4d 63 37
0x000076c6ac0632fb:   4c 03 74 24 08 eb 54 ba 00 10 00 00 b9 08 00 00
0x000076c6ac06330b:   00 41 b8 08 00 00 00 48 89 df 31 f6 e8 b4 36 02
0x000076c6ac06331b:   00 48 ba ff ff ff ff ff ff ff 7f 48 8b 03 4c 8b
0x000076c6ac06332b:   6b 10 0f 1f 00 49 39 c5 74 76 48 8b 43 08 4e 89
0x000076c6ac06333b:   24 e8 49 ff c5 4c 89 6b 10 49 81 fd 01 20 00 00
0x000076c6ac06334b:   73 75 49 83 c6 04 48 ff cd 74 8a 4d 85 f6 78 25
0x000076c6ac06335b:   45 8b 26 4d 85 e4 74 ea 48 8b 05 66 9e 19 00 48
0x000076c6ac06336b:   8b 0d 67 9e 19 00 49 d3 e4 49 01 c4 eb 15 0f 1f
0x000076c6ac06337b:   80 00 00 00 00 4c 89 f0 48 21 d0 4c 8b 20 4d 85
0x000076c6ac06338b:   e4 74 bf 48 8b 03 4c 8b 6b 10 4d 85 ed 75 96 48
0x000076c6ac06339b:   3d ff 0f 00 00 0f 86 5c ff ff ff 45 31 ed eb 85
0x000076c6ac0633ab:   48 89 df e8 dd 02 f6 ff 48 ba ff ff ff ff ff ff
0x000076c6ac0633bb:   ff 7f e9 73 ff ff ff 48 89 df e8 e6 18 02 00 48
0x000076c6ac0633cb:   ba ff ff ff ff ff ff ff 7f e9 74 ff ff ff 48 83
0x000076c6ac0633db:   c4 18 5b 41 5c 41 5d 41 5e 41 5f 5d c3 cc cc cc
0x000076c6ac0633eb:   cc cc cc cc cc 55 41 57 41 56 41 55 41 54 53 50
0x000076c6ac0633fb:   48 89 34 24 48 63 87 28 01 00 00 48 85 c0 0f 84
0x000076c6ac06340b:   c8 00 00 00 48 89 d3 48 63 8f ac 00 00 00 48 8d
0x000076c6ac06341b:   0c cf 48 63 97 2c 01 00 00 48 8d 34 d1 4c 8d 3c
0x000076c6ac06342b:   d1 49 81 c7 d8 01 00 00 4c 8d 24 c6 49 81 c4 d8
0x000076c6ac06343b:   01 00 00 eb 0d 49 83 c7 08 4d 39 e7 0f 84 8a 00
0x000076c6ac06344b:   00 00 45 8b 6f 04 4d 85 ed 74 ea 49 63 2f 48 03 


Stack slot to memory mapping:

stack at sp + 0 slots: 0x0 is null
stack at sp + 1 slots: 
[error occurred during error reporting (inspecting top of stack), id 0xe0000000, Internal Error (/mydata/mmtk-openjdk/openjdk/share/mmtkHeap.cpp:444)]
stack at sp + 2 slots: 
[error occurred during error reporting (inspecting top of stack, attempt 2), id 0xe0000000, Internal Error (/mydata/mmtk-openjdk/openjdk/share/mmtkHeap.cpp:444)]
stack at sp + 3 slots: 
[error occurred during error reporting (inspecting top of stack, attempt 3), id 0xe0000000, Internal Error (/mydata/mmtk-openjdk/openjdk/share/mmtkHeap.cpp:444)]

---------------  P R O C E S S  ---------------

Threads class SMR info:
_java_thread_list=0x00006a18c807ca40, length=56, elements={
0x000076c6a402b240, 0x000076c6a4521730, 0x000076c6a4522fc0, 0x000076c6a4524ab0,
0x000076c6a45432e0, 0x000076c6a4544c30, 0x000076c6a45464f0, 0x000076c6a4548330,
0x000076c6a4551d00, 0x000076c6a45a0b50, 0x000076c6a45a3b60, 0x00006a18ec0e1240,
0x00006a18e00812f0, 0x00006a18e00822a0, 0x00006a18e00831d0, 0x00006a18e8105ba0,
0x000076c6a47be950, 0x000076c6a47bfb70, 0x000076c6a47c0d70, 0x000076c6a47c22c0,
0x000076c6a47c3810, 0x000076c6a47c4cb0, 0x000076c6a47c6150, 0x000076c6a47c76c0,
0x000076c6a47c8c30, 0x000076c6a47ca0e0, 0x000076c6a47cb590, 0x000076c6a47ccb20,
0x000076c6a47ce0b0, 0x000076c6a47cf560, 0x000076c6a47d0a10, 0x000076c6a47d1ec0,
0x000076c6a47d3370, 0x000076c6a47d4bb0, 0x000076c6a47d6170, 0x000076c6a47d7740,
0x000076c6a47d8d10, 0x000076c6a47da5a0, 0x000076c6a47dbf70, 0x000076c6a47dd950,
0x000076c6a47df330, 0x000076c6a47e0d20, 0x000076c6a47e2320, 0x000076c6a47e3930,
0x000076c6a47e4f40, 0x000076c6a47e6560, 0x000076c6a47e7b80, 0x000076c6a47e91b0,
0x00006a18ec0e9a00, 0x00006a18d4042350, 0x00006a18e0094a30, 0x00006a18d4060850,
0x00006a18ec28c3f0, 0x00006a18d409aef0, 0x00006a18d409c650, 0x00006a18c807b5a0
}

Java Threads: ( => current thread )
  0x000076c6a402b240 JavaThread "main"                              [_thread_blocked, id=257616, stack(0x000076c6abc17000,0x000076c6abd17000) (1024K)]
  0x000076c6a4521730 JavaThread "Reference Handler"          daemon [_thread_blocked, id=257620, stack(0x000076c6aad42000,0x000076c6aae42000) (1024K)]
  0x000076c6a4522fc0 JavaThread "Finalizer"                  daemon [_thread_blocked, id=257621, stack(0x000076c6aa900000,0x000076c6aaa00000) (1024K)]
  0x000076c6a4524ab0 JavaThread "MMTk Finalizer Thread"      daemon [_thread_blocked, id=257622, stack(0x000076c6aa800000,0x000076c6aa900000) (1024K)]
  0x000076c6a45432e0 JavaThread "Signal Dispatcher"          daemon [_thread_blocked, id=257646, stack(0x000076c6a8fe9000,0x000076c6a90e9000) (1024K)]
  0x000076c6a4544c30 JavaThread "Service Thread"             daemon [_thread_blocked, id=257647, stack(0x000076c6a8ee9000,0x000076c6a8fe9000) (1024K)]
  0x000076c6a45464f0 JavaThread "Monitor Deflation Thread"   daemon [_thread_blocked, id=257648, stack(0x000076c6a8de9000,0x000076c6a8ee9000) (1024K)]
  0x000076c6a4548330 JavaThread "C2 CompilerThread0"         daemon [_thread_blocked, id=257649, stack(0x000076c6a8ce9000,0x000076c6a8de9000) (1024K)]
  0x000076c6a4551d00 JavaThread "C1 CompilerThread0"         daemon [_thread_blocked, id=257650, stack(0x000076c6a8be9000,0x000076c6a8ce9000) (1024K)]
  0x000076c6a45a0b50 JavaThread "Notification Thread"        daemon [_thread_blocked, id=257652, stack(0x000076c6a8918000,0x000076c6a8a18000) (1024K)]
  0x000076c6a45a3b60 JavaThread "Common-Cleaner"             daemon [_thread_blocked, id=257653, stack(0x000076c6a8818000,0x000076c6a8918000) (1024K)]
  0x00006a18ec0e1240 JavaThread "C1 CompilerThread1"         daemon [_thread_blocked, id=257659, stack(0x000076c6a8a18000,0x000076c6a8b18000) (1024K)]
  0x00006a18e00812f0 JavaThread "C1 CompilerThread2"         daemon [_thread_blocked, id=257660, stack(0x000076c6a8618000,0x000076c6a8718000) (1024K)]
  0x00006a18e00822a0 JavaThread "C1 CompilerThread3"         daemon [_thread_blocked, id=257661, stack(0x000076c6a8518000,0x000076c6a8618000) (1024K)]
  0x00006a18e00831d0 JavaThread "C1 CompilerThread4"         daemon [_thread_blocked, id=257662, stack(0x000076c6a8418000,0x000076c6a8518000) (1024K)]
  0x00006a18e8105ba0 JavaThread "C2 CompilerThread1"         daemon [_thread_blocked, id=257663, stack(0x000076c6a8718000,0x000076c6a8818000) (1024K)]
  0x000076c6a47be950 JavaThread "Query0"                            [_thread_blocked, id=257665, stack(0x000076c6a8318000,0x000076c6a8418000) (1024K)]
  0x000076c6a47bfb70 JavaThread "Query1"                            [_thread_blocked, id=257666, stack(0x000076c6a8118000,0x000076c6a8318000) (2048K)]
  0x000076c6a47c0d70 JavaThread "Query2"                            [_thread_blocked, id=257667, stack(0x000076c6a8017000,0x000076c6a8117000) (1024K)]
  0x000076c6a47c22c0 JavaThread "Query3"                            [_thread_blocked, id=257668, stack(0x000076c66c6ff000,0x000076c66c7ff000) (1024K)]
  0x000076c6a47c3810 JavaThread "Query4"                            [_thread_blocked, id=257669, stack(0x000076c66c5ff000,0x000076c66c6ff000) (1024K)]
  0x000076c6a47c4cb0 JavaThread "Query5"                            [_thread_blocked, id=257670, stack(0x000076c66c4ff000,0x000076c66c5ff000) (1024K)]
  0x000076c6a47c6150 JavaThread "Query6"                            [_thread_blocked, id=257671, stack(0x00006a19b82fc000,0x00006a19b83fc000) (1024K)]
  0x000076c6a47c76c0 JavaThread "Query7"                            [_thread_blocked, id=257672, stack(0x00006a19b81fc000,0x00006a19b82fc000) (1024K)]
  0x000076c6a47c8c30 JavaThread "Query8"                            [_thread_blocked, id=257673, stack(0x00006a19b80fc000,0x00006a19b81fc000) (1024K)]
  0x000076c6a47ca0e0 JavaThread "Query9"                            [_thread_blocked, id=257674, stack(0x00006a1972f00000,0x00006a1973000000) (1024K)]
  0x000076c6a47cb590 JavaThread "Query10"                           [_thread_blocked, id=257675, stack(0x00006a1972900000,0x00006a1972a00000) (1024K)]
  0x000076c6a47ccb20 JavaThread "Query11"                           [_thread_blocked, id=257676, stack(0x00006a1972300000,0x00006a1972400000) (1024K)]
  0x000076c6a47ce0b0 JavaThread "Query12"                           [_thread_blocked, id=257677, stack(0x00006a1972200000,0x00006a1972300000) (1024K)]
  0x000076c6a47cf560 JavaThread "Query13"                           [_thread_blocked, id=257678, stack(0x00006a1972100000,0x00006a1972200000) (1024K)]
  0x000076c6a47d0a10 JavaThread "Query14"                           [_thread_blocked, id=257679, stack(0x00006a1972000000,0x00006a1972100000) (1024K)]
  0x000076c6a47d1ec0 JavaThread "Query15"                           [_thread_blocked, id=257680, stack(0x00006a1971f00000,0x00006a1972000000) (1024K)]
  0x000076c6a47d3370 JavaThread "Query16"                           [_thread_blocked, id=257681, stack(0x00006a1971e00000,0x00006a1971f00000) (1024K)]
  0x000076c6a47d4bb0 JavaThread "Query17"                           [_thread_blocked, id=257682, stack(0x00006a1971d00000,0x00006a1971e00000) (1024K)]
  0x000076c6a47d6170 JavaThread "Query18"                           [_thread_blocked, id=257683, stack(0x00006a1971c00000,0x00006a1971d00000) (1024K)]
  0x000076c6a47d7740 JavaThread "Query19"                           [_thread_blocked, id=257684, stack(0x00006a1971b00000,0x00006a1971c00000) (1024K)]
  0x000076c6a47d8d10 JavaThread "Query20"                           [_thread_blocked, id=257685, stack(0x00006a1971a00000,0x00006a1971b00000) (1024K)]
  0x000076c6a47da5a0 JavaThread "Query21"                           [_thread_blocked, id=257686, stack(0x00006a1971900000,0x00006a1971a00000) (1024K)]
  0x000076c6a47dbf70 JavaThread "Query22"                           [_thread_blocked, id=257687, stack(0x00006a1971800000,0x00006a1971900000) (1024K)]
  0x000076c6a47dd950 JavaThread "Query23"                           [_thread_blocked, id=257688, stack(0x00006a1971700000,0x00006a1971800000) (1024K)]
  0x000076c6a47df330 JavaThread "Query24"                           [_thread_blocked, id=257689, stack(0x00006a1971600000,0x00006a1971700000) (1024K)]
  0x000076c6a47e0d20 JavaThread "Query25"                           [_thread_blocked, id=257690, stack(0x00006a1971500000,0x00006a1971600000) (1024K)]
  0x000076c6a47e2320 JavaThread "Query26"                           [_thread_blocked, id=257691, stack(0x00006a1971400000,0x00006a1971500000) (1024K)]
  0x000076c6a47e3930 JavaThread "Query27"                           [_thread_blocked, id=257692, stack(0x00006a1971300000,0x00006a1971400000) (1024K)]
  0x000076c6a47e4f40 JavaThread "Query28"                           [_thread_blocked, id=257693, stack(0x00006a1971200000,0x00006a1971300000) (1024K)]
  0x000076c6a47e6560 JavaThread "Query29"                           [_thread_blocked, id=257694, stack(0x00006a1971100000,0x00006a1971200000) (1024K)]
  0x000076c6a47e7b80 JavaThread "Query30"                           [_thread_blocked, id=257695, stack(0x00006a1971000000,0x00006a1971100000) (1024K)]
  0x000076c6a47e91b0 JavaThread "Query31"                           [_thread_blocked, id=257696, stack(0x00006a1970f00000,0x00006a1971000000) (1024K)]
  0x00006a18ec0e9a00 JavaThread "C2 CompilerThread2"         daemon [_thread_blocked, id=257697, stack(0x00006a1970e00000,0x00006a1970f00000) (1024K)]
  0x00006a18d4042350 JavaThread "C2 CompilerThread3"         daemon [_thread_blocked, id=257698, stack(0x00006a1970d00000,0x00006a1970e00000) (1024K)]
  0x00006a18e0094a30 JavaThread "C2 CompilerThread4"         daemon [_thread_blocked, id=257699, stack(0x00006a1970c00000,0x00006a1970d00000) (1024K)]
  0x00006a18d4060850 JavaThread "C2 CompilerThread5"         daemon [_thread_blocked, id=257700, stack(0x00006a1970b00000,0x00006a1970c00000) (1024K)]
  0x00006a18ec28c3f0 JavaThread "C2 CompilerThread6"         daemon [_thread_blocked, id=257701, stack(0x00006a1970a00000,0x00006a1970b00000) (1024K)]
  0x00006a18d409aef0 JavaThread "C2 CompilerThread7"         daemon [_thread_blocked, id=257702, stack(0x00006a1970900000,0x00006a1970a00000) (1024K)]
  0x00006a18d409c650 JavaThread "C2 CompilerThread8"         daemon [_thread_blocked, id=257703, stack(0x00006a1970800000,0x00006a1970900000) (1024K)]
  0x00006a18c807b5a0 JavaThread "C2 CompilerThread9"         daemon [_thread_blocked, id=257704, stack(0x00006a1970700000,0x00006a1970800000) (1024K)]
Total: 56

Other Threads:
  0x000076c6a4516280 VMThread "VM Thread"                           [id=257619, stack(0x000076c6aae43000,0x000076c6aaf43000) (1024K)]
  0x000076c6a4503ed0 WatcherThread "VM Periodic Task Thread"        [id=257618, stack(0x000076c6aaf44000,0x000076c6ab044000) (1024K)]

=>0x000076c6a452afb0 (exited) NamedThread "MMTk Collector Thread"   [id=257625, stack(0x000076c6aa4fe000,0x000076c6aa5fe000) (1024K)]
Total: 3

Threads with active compile tasks:
C2 CompilerThread0  4682 2795       4       org.apache.lucene.codecs.lucene90.blocktree.SegmentTermsEnum::seekExact (995 bytes)
C2 CompilerThread1  4682 2879   !   4       org.apache.lucene.search.IndexSearcher::search (124 bytes)
C2 CompilerThread2  4682 2769       4       java.lang.String::<init> (74 bytes)
C2 CompilerThread3  4682 2751       4       java.io.Writer::write (11 bytes)
C2 CompilerThread4  4682 2796       4       org.apache.lucene.codecs.BlockTermState::copyFrom (76 bytes)
C2 CompilerThread5  4682 2927   !   4       org.apache.lucene.queryparser.classic.QueryParserTokenManager::jjMoveNfa_2 (3658 bytes)
C2 CompilerThread6  4682 2757       4       java.lang.String::<init> (14 bytes)
C2 CompilerThread7  4682 2782       4       org.apache.lucene.util.AttributeSource$State::clone (39 bytes)
C2 CompilerThread8  4682 2867       4       org.dacapo.lusearch.Search$QueryProcessor::doPagingSearch (259 bytes)
C2 CompilerThread9  4682 2903       4       org.apache.lucene.index.TermStates::build (126 bytes)
Total: 10

VM state: at safepoint (normal execution)

VM Mutex/Monitor currently owned by a thread:  ([mutex/lock_event])
[0x000076c6ad7580d0] Threads_lock - owner thread: 0x000076c6a4516280
[0x000076c6ad757fd0] Heap_lock - owner thread: 0x000076c6a43df880

Heap address: 0x0000000040000000, size: 3072 MB, Compressed Oops mode: 32-bit

CDS archive(s) mapped at: [0x00006a1973000000-0x00006a1973ca3000-0x00006a1973ca3000), size 13250560, SharedBaseAddress: 0x00006a1973000000, ArchiveRelocationMode: 1.
Compressed class space mapped at: 0x00006a1974000000-0x00006a19b4000000, reserved size: 1073741824
Narrow klass base: 0x00006a1973000000, Narrow klass shift: 0, Narrow klass range: 0x100000000

GC Precious Log:
<Empty>

Heap:

[error occurred during error reporting (printing heap information), id 0xe0000000, Internal Error (/mydata/mmtk-openjdk/openjdk/share/mmtkHeap.cpp:424)]
Metaspace:

Usage:
  Non-class:      8.64 MB used.
      Class:      1.27 MB used.
       Both:      9.91 MB used.

Virtual space:
  Non-class space:       64.00 MB reserved,       9.25 MB ( 14%) committed,  1 nodes.
      Class space:        1.00 GB reserved,       1.75 MB ( <1%) committed,  1 nodes.
             Both:        1.06 GB reserved,      11.00 MB (  1%) committed. 

Chunk freelists:
   Non-Class:  6.23 MB
       Class:  14.13 MB
        Both:  20.37 MB

MaxMetaspaceSize: unlimited
CompressedClassSpaceSize: 1.00 GB
Initial GC threshold: 21.00 MB
Current GC threshold: 21.00 MB
CDS: on
 - commit_granule_bytes: 65536.
 - commit_granule_words: 8192.
 - virtual_space_node_default_size: 8388608.
 - enlarge_chunks_in_place: 1.
 - use_allocation_guard: 0.


Internal statistics:

num_allocs_failed_limit: 0.
num_arena_births: 1720.
num_arena_deaths: 0.
num_vsnodes_births: 2.
num_vsnodes_deaths: 0.
num_space_committed: 176.
num_space_uncommitted: 0.
num_chunks_returned_to_freelist: 0.
num_chunks_taken_from_freelist: 2640.
num_chunk_merges: 0.
num_chunk_splits: 1426.
num_chunks_enlarged: 266.
num_inconsistent_stats: 0.

CodeHeap 'non-profiled nmethods': size=118880Kb used=1378Kb max_used=1378Kb free=117501Kb
 bounds [0x000076c6943e8000, 0x000076c694658000, 0x000076c69b800000]
CodeHeap 'profiled nmethods': size=118876Kb used=5341Kb max_used=5341Kb free=113534Kb
 bounds [0x000076c68c800000, 0x000076c68cd40000, 0x000076c693c17000]
CodeHeap 'non-nmethods': size=8004Kb used=3482Kb max_used=3570Kb free=4521Kb
 bounds [0x000076c693c17000, 0x000076c693f97000, 0x000076c6943e8000]
CodeCache: size=245760Kb, used=10201Kb, max_used=10289Kb, free=235556Kb
 total_blobs=3367, nmethods=2852, adapters=415, full_count=0
Compilation: enabled, stopped_count=0, restarted_count=0

Compilation events (20 events):
Event: 4.674 Thread 0x00006a18ec0e9a00 2785       4       org.apache.lucene.codecs.lucene90.blocktree.FieldReader::iterator (9 bytes)
Event: 4.674 Thread 0x00006a18ec28c3f0 2786       4       org.apache.lucene.util.BytesRefBuilder::append (47 bytes)
Event: 4.676 Thread 0x00006a18ec0e9a00 nmethod 2785 0x000076c69453d910 code [0x000076c69453daa0, 0x000076c69453dc08]
Event: 4.676 Thread 0x00006a18d4042350 nmethod 2915% 0x000076c69453dd10 code [0x000076c69453dea0, 0x000076c69453e0d8]
Event: 4.676 Thread 0x00006a18d4042350 2751       4       java.io.Writer::write (11 bytes)
Event: 4.677 Thread 0x00006a18e0094a30 nmethod 2919 0x000076c69453e210 code [0x000076c69453e440, 0x000076c69453ed60]
Event: 4.677 Thread 0x00006a18ec0e1240 2933       2       java.io.BufferedWriter::implFlushBuffer (34 bytes)
Event: 4.677 Thread 0x00006a18e00831d0 2931       2       sun.nio.cs.StreamEncoder::ensureOpen (18 bytes)
Event: 4.677 Thread 0x00006a18e00822a0 2932       2       java.io.FileDescriptor$1::getAppend (5 bytes)
Event: 4.677 Thread 0x00006a18e0094a30 2792       4       org.apache.lucene.index.OrdTermState::copyFrom (45 bytes)
Event: 4.677 Thread 0x00006a18ec0e9a00 2793       4       org.apache.lucene.codecs.lucene90.Lucene90PostingsFormat$IntBlockTermState::copyFrom (59 bytes)
Event: 4.677 Thread 0x00006a18e00822a0 nmethod 2932 0x000076c68cd36810 code [0x000076c68cd369a0, 0x000076c68cd36aa8]
Event: 4.677 Thread 0x00006a18e00831d0 nmethod 2931 0x000076c68cd36b90 code [0x000076c68cd36d40, 0x000076c68cd36f68]
Event: 4.677 Thread 0x00006a18ec0e1240 nmethod 2933 0x000076c68cd37010 code [0x000076c68cd371e0, 0x000076c68cd37480]
Event: 4.677 Thread 0x00006a18e0094a30 nmethod 2792 0x000076c69453f810 code [0x000076c69453f9a0, 0x000076c69453fa70]
Event: 4.677 Thread 0x00006a18e0094a30 2796       4       org.apache.lucene.codecs.BlockTermState::copyFrom (76 bytes)
Event: 4.677 Thread 0x00006a18ec28c3f0 nmethod 2786 0x000076c69453fb10 code [0x000076c69453fcc0, 0x000076c694540300]
Event: 4.677 Thread 0x00006a18ec28c3f0 2757       4       java.lang.String::<init> (14 bytes)
Event: 4.678 Thread 0x00006a18ec0e9a00 nmethod 2793 0x000076c694540610 code [0x000076c6945407a0, 0x000076c6945408c8]
Event: 4.678 Thread 0x00006a18ec0e9a00 2769       4       java.lang.String::<init> (74 bytes)

GC Heap History (0 events):
No events

Dll operation events (8 events):
Event: 0.001 Loaded shared library /mydata/openjdk-mmtk/build/b0test/images/jdk/lib/libjava.so
Event: 2.242 Loaded shared library /mydata/openjdk-mmtk/build/b0test/images/jdk/lib/libjsvml.so
Event: 2.255 Loaded shared library /mydata/openjdk-mmtk/build/b0test/images/jdk/lib/libnio.so
Event: 2.258 Loaded shared library /mydata/openjdk-mmtk/build/b0test/images/jdk/lib/libzip.so
Event: 2.271 Loaded shared library /mydata/openjdk-mmtk/build/b0test/images/jdk/lib/libjimage.so
Event: 2.298 Loaded shared library /mydata/openjdk-mmtk/build/b0test/images/jdk/lib/libnet.so
Event: 4.192 Loaded shared library /mydata/openjdk-mmtk/build/b0test/images/jdk/lib/libmanagement.so
Event: 4.193 Loaded shared library /mydata/openjdk-mmtk/build/b0test/images/jdk/lib/libmanagement_ext.so

Deoptimization events (20 events):
Event: 4.630 Thread 0x000076c6a47ce0b0 DEOPT UNPACKING pc=0x000076c693c6ab2f sp=0x00006a19722fd950 mode 0
Event: 4.630 Thread 0x000076c6a47e91b0 DEOPT UNPACKING pc=0x000076c693c6ab2f sp=0x00006a1970ffd950 mode 0
Event: 4.634 Thread 0x000076c6a47e91b0 DEOPT PACKING pc=0x000076c68cd22154 sp=0x00006a1970ffe340
Event: 4.634 Thread 0x000076c6a47e91b0 DEOPT UNPACKING pc=0x000076c693c6ab2f sp=0x00006a1970ffd8e0 mode 0
Event: 4.636 Thread 0x000076c6a47d0a10 DEOPT PACKING pc=0x000076c68cd223cd sp=0x00006a19720fe340
Event: 4.636 Thread 0x000076c6a47d0a10 DEOPT UNPACKING pc=0x000076c693c6ab2f sp=0x00006a19720fd950 mode 0
Event: 4.639 Thread 0x000076c6a47e91b0 DEOPT PACKING pc=0x000076c68cd223cd sp=0x00006a1970ffe340
Event: 4.639 Thread 0x000076c6a47e91b0 DEOPT UNPACKING pc=0x000076c693c6ab2f sp=0x00006a1970ffd950 mode 0
Event: 4.643 Thread 0x000076c6a47dbf70 DEOPT PACKING pc=0x000076c68cd223cd sp=0x00006a19718fe340
Event: 4.643 Thread 0x000076c6a47dbf70 DEOPT UNPACKING pc=0x000076c693c6ab2f sp=0x00006a19718fd950 mode 0
Event: 4.645 Thread 0x000076c6a47d4bb0 DEOPT PACKING pc=0x000076c68cd2234c sp=0x00006a1971dfe340
Event: 4.645 Thread 0x000076c6a47d4bb0 DEOPT UNPACKING pc=0x000076c693c6ab2f sp=0x00006a1971dfd8e0 mode 0
Event: 4.647 Thread 0x000076c6a47da5a0 DEOPT PACKING pc=0x000076c68cd223cd sp=0x00006a19719fe340
Event: 4.647 Thread 0x000076c6a47da5a0 DEOPT UNPACKING pc=0x000076c693c6ab2f sp=0x00006a19719fd950 mode 0
Event: 4.650 Thread 0x000076c6a47c4cb0 DEOPT PACKING pc=0x000076c68cd223cd sp=0x000076c66c5fd340
Event: 4.650 Thread 0x000076c6a47c4cb0 DEOPT UNPACKING pc=0x000076c693c6ab2f sp=0x000076c66c5fc950 mode 0
Event: 4.654 Thread 0x000076c6a47ce0b0 DEOPT PACKING pc=0x000076c68cd223cd sp=0x00006a19722fe340
Event: 4.654 Thread 0x000076c6a47ce0b0 DEOPT UNPACKING pc=0x000076c693c6ab2f sp=0x00006a19722fd950 mode 0
Event: 4.654 Thread 0x000076c6a47c3810 DEOPT PACKING pc=0x000076c68cd22154 sp=0x000076c66c6fd340
Event: 4.654 Thread 0x000076c6a47c3810 DEOPT UNPACKING pc=0x000076c693c6ab2f sp=0x000076c66c6fc8e0 mode 0

Classes loaded (20 events):
Event: 4.283 Loading class java/util/stream/SpinedBuffer$OfPrimitive
Event: 4.283 Loading class java/util/stream/AbstractSpinedBuffer
Event: 4.283 Loading class java/util/stream/AbstractSpinedBuffer done
Event: 4.283 Loading class java/util/stream/SpinedBuffer$OfPrimitive done
Event: 4.283 Loading class java/util/stream/SpinedBuffer$OfInt done
Event: 4.283 Loading class java/util/stream/Nodes$IntSpinedNodeBuilder done
Event: 4.283 Loading class java/util/stream/ReferencePipeline$8$1
Event: 4.283 Loading class java/util/stream/ReferencePipeline$8$1 done
Event: 4.283 Loading class java/util/Spliterators$IntArraySpliterator
Event: 4.283 Loading class java/util/Spliterators$IntArraySpliterator done
Event: 4.283 Loading class java/util/stream/IntPipeline$Head
Event: 4.283 Loading class java/util/stream/IntPipeline$Head done
Event: 4.299 Loading class java/lang/invoke/VarHandleSegmentAsShorts
Event: 4.299 Loading class java/lang/invoke/VarHandleSegmentAsShorts done
Event: 4.319 Loading class java/util/WeakHashMap$KeyIterator
Event: 4.319 Loading class java/util/WeakHashMap$HashIterator
Event: 4.319 Loading class java/util/WeakHashMap$HashIterator done
Event: 4.319 Loading class java/util/WeakHashMap$KeyIterator done
Event: 4.595 Loading class java/io/FileOutputStream$1
Event: 4.595 Loading class java/io/FileOutputStream$1 done

Classes unloaded (0 events):
No events

Classes redefined (0 events):
No events

Internal exceptions (20 events):
Event: 4.256 Thread 0x000076c6a47cf560 Exception <a 'java/lang/NoSuchMethodError'{0x0000000041e9efd0}: 'java.lang.Object java.lang.invoke.Invokers$Holder.linkToTargetMethod(java.lang.Object, java.lang.Object, java.lang.Object, int, java.lang.Object)'> (0x0000000041e9efd0) 
thrown [src/hotspot/share/interpreter/linkResolver.cpp, line 772]
Event: 4.255 Thread 0x000076c6a47d0a10 Exception <a 'java/lang/NoSuchMethodError'{0x0000000041e10378}: 'java.lang.Object java.lang.invoke.DirectMethodHandle$Holder.invokeSpecial(java.lang.Object, java.lang.Object, java.lang.Object, java.lang.Object, java.lang.Object, int)'> (0x0000000041e10378) 
thrown [src/hotspot/share/interpreter/linkResolver.cpp, line 772]
Event: 4.256 Thread 0x000076c6a47c6150 Exception <a 'java/lang/NoSuchMethodError'{0x0000000041db8958}: 'java.lang.Object java.lang.invoke.Invokers$Holder.linkToTargetMethod(java.lang.Object, java.lang.Object, java.lang.Object, int, java.lang.Object)'> (0x0000000041db8958) 
thrown [src/hotspot/share/interpreter/linkResolver.cpp, line 772]
Event: 4.256 Thread 0x000076c6a47df330 Exception <a 'java/lang/NoSuchMethodError'{0x0000000041e4d3a8}: 'java.lang.Object java.lang.invoke.Invokers$Holder.linkToTargetMethod(java.lang.Object, java.lang.Object, java.lang.Object, int, java.lang.Object)'> (0x0000000041e4d3a8) 
thrown [src/hotspot/share/interpreter/linkResolver.cpp, line 772]
Event: 4.256 Thread 0x000076c6a47e0d20 Exception <a 'java/lang/NoSuchMethodError'{0x0000000041dfb500}: 'java.lang.Object java.lang.invoke.Invokers$Holder.linkToTargetMethod(java.lang.Object, java.lang.Object, java.lang.Object, int, java.lang.Object)'> (0x0000000041dfb500) 
thrown [src/hotspot/share/interpreter/linkResolver.cpp, line 772]
Event: 4.256 Thread 0x000076c6a47dbf70 Exception <a 'java/lang/NoSuchMethodError'{0x0000000041e966b0}: 'java.lang.Object java.lang.invoke.Invokers$Holder.linkToTargetMethod(java.lang.Object, java.lang.Object, java.lang.Object, int, java.lang.Object)'> (0x0000000041e966b0) 
thrown [src/hotspot/share/interpreter/linkResolver.cpp, line 772]
Event: 4.257 Thread 0x000076c6a47bfb70 Exception <a 'java/lang/NoSuchMethodError'{0x0000000041e6d768}: 'java.lang.Object java.lang.invoke.Invokers$Holder.linkToTargetMethod(java.lang.Object, java.lang.Object, java.lang.Object, int, java.lang.Object)'> (0x0000000041e6d768) 
thrown [src/hotspot/share/interpreter/linkResolver.cpp, line 772]
Event: 4.257 Thread 0x000076c6a47d0a10 Exception <a 'java/lang/NoSuchMethodError'{0x0000000041e13620}: 'java.lang.Object java.lang.invoke.Invokers$Holder.linkToTargetMethod(java.lang.Object, java.lang.Object, java.lang.Object, int, java.lang.Object)'> (0x0000000041e13620) 
thrown [src/hotspot/share/interpreter/linkResolver.cpp, line 772]
Event: 4.257 Thread 0x000076c6a47cb590 Exception <a 'java/lang/NoSuchMethodError'{0x0000000041df1f88}: 'java.lang.Object java.lang.invoke.Invokers$Holder.linkToTargetMethod(java.lang.Object, java.lang.Object, java.lang.Object, int, java.lang.Object)'> (0x0000000041df1f88) 
thrown [src/hotspot/share/interpreter/linkResolver.cpp, line 772]
Event: 4.274 Thread 0x000076c6a47d4bb0 Implicit null exception at 0x000076c69441575e to 0x000076c694415818
Event: 4.274 Thread 0x000076c6a47e7b80 Implicit null exception at 0x000076c69441575e to 0x000076c694415818
Event: 4.274 Thread 0x000076c6a47bfb70 Implicit null exception at 0x000076c69441575e to 0x000076c694415818
Event: 4.274 Thread 0x000076c6a47d7740 Implicit null exception at 0x000076c69441575e to 0x000076c694415818
Event: 4.274 Thread 0x000076c6a47dbf70 Implicit null exception at 0x000076c69441575e to 0x000076c694415818
Event: 4.274 Thread 0x000076c6a47ccb20 Implicit null exception at 0x000076c69441575e to 0x000076c694415818
Event: 4.283 Thread 0x000076c6a47d4bb0 Exception <a 'java/lang/NoSuchMethodError'{0x000000004223df18}: 'void java.lang.invoke.DirectMethodHandle$Holder.invokeInterface(java.lang.Object, java.lang.Object, int)'> (0x000000004223df18) 
thrown [src/hotspot/share/interpreter/linkResolver.cpp, line 772]
Event: 4.283 Thread 0x000076c6a47d4bb0 Exception <a 'java/lang/IncompatibleClassChangeError'{0x0000000042231158}: Found class java.lang.Object, but interface was expected> (0x0000000042231158) 
thrown [src/hotspot/share/interpreter/linkResolver.cpp, line 840]
Event: 4.288 Thread 0x000076c6a47ca0e0 Exception <a 'java/lang/NoSuchMethodError'{0x0000000042162970}: 'int java.lang.invoke.DirectMethodHandle$Holder.invokeStaticInit(java.lang.Object, java.lang.Object)'> (0x0000000042162970) 
thrown [src/hotspot/share/interpreter/linkResolver.cpp, line 772]
Event: 4.289 Thread 0x000076c6a47ca0e0 Exception <a 'java/lang/NoSuchMethodError'{0x000000004215c780}: 'java.lang.Object java.lang.invoke.Invokers$Holder.invokeExact_MT(java.lang.Object, java.lang.Object, java.lang.Object, java.lang.Object, java.lang.Object, java.lang.Object)'> (0x000000004215c780) 
thrown [src/hotspot/share/interpreter/linkResolver.cpp, line 772]
Event: 4.596 Thread 0x000076c6a47ce0b0 Implicit null exception at 0x000076c694511b10 to 0x000076c694511c60

ZGC Phase Switch (0 events):
No events

VM Operations (20 events):
Event: 4.522 Executing VM operation: ICBufferFull done
Event: 4.522 Executing VM operation: ICBufferFull
Event: 4.523 Executing VM operation: ICBufferFull done
Event: 4.524 Executing VM operation: ICBufferFull
Event: 4.525 Executing VM operation: ICBufferFull done
Event: 4.529 Executing VM operation: ICBufferFull
Event: 4.533 Executing VM operation: ICBufferFull done
Event: 4.533 Executing VM operation: ICBufferFull
Event: 4.542 Executing VM operation: ICBufferFull done
Event: 4.546 Executing VM operation: ICBufferFull
Event: 4.546 Executing VM operation: ICBufferFull done
Event: 4.550 Executing VM operation: ICBufferFull
Event: 4.550 Executing VM operation: ICBufferFull done
Event: 4.551 Executing VM operation: ThirdPartyHeapOperation
Event: 4.564 Executing VM operation: ThirdPartyHeapOperation done
Event: 4.568 Executing VM operation: ThirdPartyHeapOperation
Event: 4.584 Executing VM operation: ThirdPartyHeapOperation done
Event: 4.660 Executing VM operation: ThirdPartyHeapOperation
Event: 4.674 Executing VM operation: ThirdPartyHeapOperation done
Event: 4.678 Executing VM operation: ThirdPartyHeapOperation

Memory protections (20 events):
Event: 4.238 Protecting memory [0x00006a1971a00000,0x00006a1971a04000] with protection modes 0
Event: 4.239 Protecting memory [0x00006a1971900000,0x00006a1971904000] with protection modes 0
Event: 4.239 Protecting memory [0x00006a1971800000,0x00006a1971804000] with protection modes 0
Event: 4.239 Protecting memory [0x00006a1971700000,0x00006a1971704000] with protection modes 0
Event: 4.239 Protecting memory [0x00006a1971600000,0x00006a1971604000] with protection modes 0
Event: 4.239 Protecting memory [0x00006a1971500000,0x00006a1971504000] with protection modes 0
Event: 4.240 Protecting memory [0x00006a1971200000,0x00006a1971204000] with protection modes 0
Event: 4.240 Protecting memory [0x00006a1971300000,0x00006a1971304000] with protection modes 0
Event: 4.240 Protecting memory [0x00006a1971400000,0x00006a1971404000] with protection modes 0
Event: 4.240 Protecting memory [0x00006a1971100000,0x00006a1971104000] with protection modes 0
Event: 4.240 Protecting memory [0x00006a1971000000,0x00006a1971004000] with protection modes 0
Event: 4.240 Protecting memory [0x00006a1970f00000,0x00006a1970f04000] with protection modes 0
Event: 4.257 Protecting memory [0x00006a1970e00000,0x00006a1970e04000] with protection modes 0
Event: 4.258 Protecting memory [0x00006a1970d00000,0x00006a1970d04000] with protection modes 0
Event: 4.320 Protecting memory [0x00006a1970c00000,0x00006a1970c04000] with protection modes 0
Event: 4.320 Protecting memory [0x00006a1970b00000,0x00006a1970b04000] with protection modes 0
Event: 4.433 Protecting memory [0x00006a1970a00000,0x00006a1970a04000] with protection modes 0
Event: 4.436 Protecting memory [0x00006a1970900000,0x00006a1970904000] with protection modes 0
Event: 4.436 Protecting memory [0x00006a1970800000,0x00006a1970804000] with protection modes 0
Event: 4.440 Protecting memory [0x00006a1970700000,0x00006a1970704000] with protection modes 0

Nmethod flushes (0 events):
No events

Events (20 events):
Event: 4.238 Thread 0x000076c6a402b240 Thread added: 0x000076c6a47d8d10
Event: 4.239 Thread 0x000076c6a402b240 Thread added: 0x000076c6a47da5a0
Event: 4.239 Thread 0x000076c6a402b240 Thread added: 0x000076c6a47dbf70
Event: 4.239 Thread 0x000076c6a402b240 Thread added: 0x000076c6a47dd950
Event: 4.239 Thread 0x000076c6a402b240 Thread added: 0x000076c6a47df330
Event: 4.239 Thread 0x000076c6a402b240 Thread added: 0x000076c6a47e0d20
Event: 4.239 Thread 0x000076c6a402b240 Thread added: 0x000076c6a47e2320
Event: 4.240 Thread 0x000076c6a402b240 Thread added: 0x000076c6a47e3930
Event: 4.240 Thread 0x000076c6a402b240 Thread added: 0x000076c6a47e4f40
Event: 4.240 Thread 0x000076c6a402b240 Thread added: 0x000076c6a47e6560
Event: 4.240 Thread 0x000076c6a402b240 Thread added: 0x000076c6a47e7b80
Event: 4.240 Thread 0x000076c6a402b240 Thread added: 0x000076c6a47e91b0
Event: 4.257 Thread 0x000076c6a4551d00 Thread added: 0x00006a18ec0e9a00
Event: 4.258 Thread 0x00006a18e00822a0 Thread added: 0x00006a18d4042350
Event: 4.320 Thread 0x00006a18ec0e1240 Thread added: 0x00006a18e0094a30
Event: 4.320 Thread 0x00006a18e00822a0 Thread added: 0x00006a18d4060850
Event: 4.432 Thread 0x000076c6a4551d00 Thread added: 0x00006a18ec28c3f0
Event: 4.436 Thread 0x00006a18e00822a0 Thread added: 0x00006a18d409aef0
Event: 4.436 Thread 0x00006a18e00822a0 Thread added: 0x00006a18d409c650
Event: 4.440 Thread 0x00006a18e00831d0 Thread added: 0x00006a18c807b5a0


Dynamic libraries:
40000000-40400000 rw-p 00000000 00:00 0                                  [anon:mmtk:space:immix]
40400000-40800000 rw-p 00000000 00:00 0                                  [anon:mmtk:space:los]
40800000-41400000 rw-p 00000000 00:00 0                                  [anon:mmtk:space:los]
41400000-41800000 rw-p 00000000 00:00 0                                  [anon:mmtk:space:immix]
41800000-46c00000 rw-p 00000000 00:00 0                                  [anon:mmtk:space:los]
46c00000-47000000 rw-p 00000000 00:00 0                                  [anon:mmtk:space:los]
47000000-48000000 rw-p 00000000 00:00 0                                  [anon:mmtk:space:los]
48000000-48400000 rw-p 00000000 00:00 0                                  [anon:mmtk:space:immix]
48400000-49400000 rw-p 00000000 00:00 0                                  [anon:mmtk:space:los]
49400000-49800000 rw-p 00000000 00:00 0                                  [anon:mmtk:space:los]
49800000-50000000 rw-p 00000000 00:00 0                                  [anon:mmtk:space:immix]
50000000-52000000 rw-p 00000000 00:00 0                                  [anon:mmtk:space:immix]
52000000-52800000 rw-p 00000000 00:00 0                                  [anon:mmtk:space:immix]
200000000000-2000c00c0000 rw-s 00000000 00:10 68                         anon_inode:bpf-map
6402ace90000-6402ace91000 r--p 00000000 fc:00 49676320                   /mydata/openjdk-mmtk/build/b0test/images/jdk/bin/java
6402ace91000-6402ace92000 r-xp 00001000 fc:00 49676320                   /mydata/openjdk-mmtk/build/b0test/images/jdk/bin/java
6402ace92000-6402ace93000 r--p 00002000 fc:00 49676320                   /mydata/openjdk-mmtk/build/b0test/images/jdk/bin/java
6402ace93000-6402ace94000 r--p 00002000 fc:00 49676320                   /mydata/openjdk-mmtk/build/b0test/images/jdk/bin/java
6402ace94000-6402ace95000 rw-p 00003000 fc:00 49676320                   /mydata/openjdk-mmtk/build/b0test/images/jdk/bin/java
6402cee11000-6402cee59000 rw-p 00000000 00:00 0                          [heap]
6a1828000000-6a182833e000 rw-p 00000000 00:00 0 
6a182833e000-6a182c000000 ---p 00000000 00:00 0 
6a182c000000-6a182c101000 rw-p 00000000 00:00 0 
6a182c101000-6a1830000000 ---p 00000000 00:00 0 
6a1830000000-6a18302f5000 rw-p 00000000 00:00 0 
6a18302f5000-6a1834000000 ---p 00000000 00:00 0 
6a1834000000-6a18342cf000 rw-p 00000000 00:00 0 
6a18342cf000-6a1838000000 ---p 00000000 00:00 0 
6a1838000000-6a18383fd000 rw-p 00000000 00:00 0 
6a18383fd000-6a183c000000 ---p 00000000 00:00 0 
6a183c000000-6a183c2a1000 rw-p 00000000 00:00 0 
6a183c2a1000-6a1840000000 ---p 00000000 00:00 0 
6a1840000000-6a18403e8000 rw-p 00000000 00:00 0 
6a18403e8000-6a1844000000 ---p 00000000 00:00 0 
6a1844000000-6a1844417000 rw-p 00000000 00:00 0 
6a1844417000-6a1848000000 ---p 00000000 00:00 0 
6a1848000000-6a1848022000 rw-p 00000000 00:00 0 
6a1848022000-6a184c000000 ---p 00000000 00:00 0 
6a184c000000-6a184c3d0000 rw-p 00000000 00:00 0 
6a184c3d0000-6a1850000000 ---p 00000000 00:00 0 
6a1850000000-6a1850021000 rw-p 00000000 00:00 0 
6a1850021000-6a1854000000 ---p 00000000 00:00 0 
6a1854000000-6a1854021000 rw-p 00000000 00:00 0 
6a1854021000-6a1858000000 ---p 00000000 00:00 0 
6a1858000000-6a1858021000 rw-p 00000000 00:00 0 
6a1858021000-6a185c000000 ---p 00000000 00:00 0 
6a185c000000-6a185c021000 rw-p 00000000 00:00 0 
6a185c021000-6a1860000000 ---p 00000000 00:00 0 
6a1860000000-6a1860022000 rw-p 00000000 00:00 0 
6a1860022000-6a1864000000 ---p 00000000 00:00 0 
6a1864000000-6a1864021000 rw-p 00000000 00:00 0 
6a1864021000-6a1868000000 ---p 00000000 00:00 0 
6a1868000000-6a1868021000 rw-p 00000000 00:00 0 
6a1868021000-6a186c000000 ---p 00000000 00:00 0 
6a186c000000-6a186c025000 rw-p 00000000 00:00 0 
6a186c025000-6a1870000000 ---p 00000000 00:00 0 
6a1870000000-6a1870021000 rw-p 00000000 00:00 0 
6a1870021000-6a1874000000 ---p 00000000 00:00 0 
6a1874000000-6a1874021000 rw-p 00000000 00:00 0 
6a1874021000-6a1878000000 ---p 00000000 00:00 0 
6a1878000000-6a1878021000 rw-p 00000000 00:00 0 
6a1878021000-6a187c000000 ---p 00000000 00:00 0 
6a187c000000-6a187c029000 rw-p 00000000 00:00 0 
6a187c029000-6a1880000000 ---p 00000000 00:00 0 
6a1880000000-6a1880053000 rw-p 00000000 00:00 0 
6a1880053000-6a1884000000 ---p 00000000 00:00 0 
6a1884000000-6a1884021000 rw-p 00000000 00:00 0 
6a1884021000-6a1888000000 ---p 00000000 00:00 0 
6a1888000000-6a1888021000 rw-p 00000000 00:00 0 
6a1888021000-6a188c000000 ---p 00000000 00:00 0 
6a188c000000-6a188c021000 rw-p 00000000 00:00 0 
6a188c021000-6a1890000000 ---p 00000000 00:00 0 
6a1890000000-6a1890021000 rw-p 00000000 00:00 0 
6a1890021000-6a1894000000 ---p 00000000 00:00 0 
6a1894000000-6a1894021000 rw-p 00000000 00:00 0 
6a1894021000-6a1898000000 ---p 00000000 00:00 0 
6a1898000000-6a1898021000 rw-p 00000000 00:00 0 
6a1898021000-6a189c000000 ---p 00000000 00:00 0 
6a189c000000-6a189c028000 rw-p 00000000 00:00 0 
6a189c028000-6a18a0000000 ---p 00000000 00:00 0 
6a18a0000000-6a18a0025000 rw-p 00000000 00:00 0 
6a18a0025000-6a18a4000000 ---p 00000000 00:00 0 
6a18a4000000-6a18a4021000 rw-p 00000000 00:00 0 
6a18a4021000-6a18a8000000 ---p 00000000 00:00 0 
6a18a8000000-6a18a8021000 rw-p 00000000 00:00 0 
6a18a8021000-6a18ac000000 ---p 00000000 00:00 0 
6a18ac000000-6a18ac021000 rw-p 00000000 00:00 0 
6a18ac021000-6a18b0000000 ---p 00000000 00:00 0 
6a18b0000000-6a18b0021000 rw-p 00000000 00:00 0 
6a18b0021000-6a18b4000000 ---p 00000000 00:00 0 
6a18b4000000-6a18b4021000 rw-p 00000000 00:00 0 
6a18b4021000-6a18b8000000 ---p 00000000 00:00 0 
6a18b8000000-6a18b8021000 rw-p 00000000 00:00 0 
6a18b8021000-6a18bc000000 ---p 00000000 00:00 0 
6a18bc000000-6a18bc021000 rw-p 00000000 00:00 0 
6a18bc021000-6a18c0000000 ---p 00000000 00:00 0 
6a18c0000000-6a18c0021000 rw-p 00000000 00:00 0 
6a18c0021000-6a18c4000000 ---p 00000000 00:00 0 
6a18c4000000-6a18c4021000 rw-p 00000000 00:00 0 
6a18c4021000-6a18c8000000 ---p 00000000 00:00 0 
6a18c8000000-6a18c8080000 rw-p 00000000 00:00 0 
6a18c8080000-6a18cc000000 ---p 00000000 00:00 0 
6a18cc000000-6a18cc146000 rw-p 00000000 00:00 0 
6a18cc146000-6a18d0000000 ---p 00000000 00:00 0 
6a18d0000000-6a18d00f0000 rw-p 00000000 00:00 0 
6a18d00f0000-6a18d4000000 ---p 00000000 00:00 0 
6a18d4000000-6a18d419d000 rw-p 00000000 00:00 0 
6a18d419d000-6a18d8000000 ---p 00000000 00:00 0 
6a18d8000000-6a18d8021000 rw-p 00000000 00:00 0 
6a18d8021000-6a18dc000000 ---p 00000000 00:00 0 
6a18dc000000-6a18dc57b000 rw-p 00000000 00:00 0 
6a18dc57b000-6a18e0000000 ---p 00000000 00:00 0 
6a18e0000000-6a18e0187000 rw-p 00000000 00:00 0 
6a18e0187000-6a18e4000000 ---p 00000000 00:00 0 
6a18e4000000-6a18e4021000 rw-p 00000000 00:00 0 
6a18e4021000-6a18e8000000 ---p 00000000 00:00 0 
6a18e8000000-6a18e887e000 rw-p 00000000 00:00 0 
6a18e887e000-6a18ec000000 ---p 00000000 00:00 0 
6a18ec000000-6a18ec2dc000 rw-p 00000000 00:00 0 
6a18ec2dc000-6a18f0000000 ---p 00000000 00:00 0 
6a18f0000000-6a18f0021000 rw-p 00000000 00:00 0 
6a18f0021000-6a18f4000000 ---p 00000000 00:00 0 
6a18f4000000-6a18f4021000 rw-p 00000000 00:00 0 
6a18f4021000-6a18f8000000 ---p 00000000 00:00 0 
6a18f8000000-6a18f802a000 rw-p 00000000 00:00 0 
6a18f802a000-6a18fc000000 ---p 00000000 00:00 0 
6a18fc000000-6a18fc021000 rw-p 00000000 00:00 0 
6a18fc021000-6a1900000000 ---p 00000000 00:00 0 
6a1900000000-6a190002b000 rw-p 00000000 00:00 0 
6a190002b000-6a1904000000 ---p 00000000 00:00 0 
6a1904000000-6a1904032000 rw-p 00000000 00:00 0 
6a1904032000-6a1908000000 ---p 00000000 00:00 0 
6a1908000000-6a1908032000 rw-p 00000000 00:00 0 
6a1908032000-6a190c000000 ---p 00000000 00:00 0 
6a190c000000-6a190c02b000 rw-p 00000000 00:00 0 
6a190c02b000-6a1910000000 ---p 00000000 00:00 0 
6a1910000000-6a191002b000 rw-p 00000000 00:00 0 
6a191002b000-6a1914000000 ---p 00000000 00:00 0 
6a1914000000-6a191402a000 rw-p 00000000 00:00 0 
6a191402a000-6a1918000000 ---p 00000000 00:00 0 
6a1918000000-6a1918022000 rw-p 00000000 00:00 0 
6a1918022000-6a191c000000 ---p 00000000 00:00 0 
6a191c000000-6a191c02b000 rw-p 00000000 00:00 0 
6a191c02b000-6a1920000000 ---p 00000000 00:00 0 
6a1920000000-6a192005a000 rw-p 00000000 00:00 0 
6a192005a000-6a1924000000 ---p 00000000 00:00 0 
6a1924000000-6a192402d000 rw-p 00000000 00:00 0 
6a192402d000-6a1928000000 ---p 00000000 00:00 0 
6a1928000000-6a1928042000 rw-p 00000000 00:00 0 
6a1928042000-6a192c000000 ---p 00000000 00:00 0 
6a192c000000-6a192c032000 rw-p 00000000 00:00 0 
6a192c032000-6a1930000000 ---p 00000000 00:00 0 
6a1930000000-6a1930023000 rw-p 00000000 00:00 0 
6a1930023000-6a1934000000 ---p 00000000 00:00 0 
6a1934000000-6a19340dc000 rw-p 00000000 00:00 0 
6a19340dc000-6a1938000000 ---p 00000000 00:00 0 
6a1938000000-6a193803b000 rw-p 00000000 00:00 0 
6a193803b000-6a193c000000 ---p 00000000 00:00 0 
6a193c000000-6a193c023000 rw-p 00000000 00:00 0 
6a193c023000-6a1940000000 ---p 00000000 00:00 0 
6a1940000000-6a194002b000 rw-p 00000000 00:00 0 
6a194002b000-6a1944000000 ---p 00000000 00:00 0 
6a1944000000-6a194402a000 rw-p 00000000 00:00 0 
6a194402a000-6a1948000000 ---p 00000000 00:00 0 
6a1948000000-6a19480f2000 rw-p 00000000 00:00 0 
6a19480f2000-6a194c000000 ---p 00000000 00:00 0 
6a194c000000-6a194c022000 rw-p 00000000 00:00 0 
6a194c022000-6a1950000000 ---p 00000000 00:00 0 
6a1950000000-6a1950041000 rw-p 00000000 00:00 0 
6a1950041000-6a1954000000 ---p 00000000 00:00 0 
6a1954000000-6a1954023000 rw-p 00000000 00:00 0 
6a1954023000-6a1958000000 ---p 00000000 00:00 0 
6a1958000000-6a1958021000 rw-p 00000000 00:00 0 
6a1958021000-6a195c000000 ---p 00000000 00:00 0 
6a195c000000-6a195c021000 rw-p 00000000 00:00 0 
6a195c021000-6a1960000000 ---p 00000000 00:00 0 
6a1960000000-6a1960021000 rw-p 00000000 00:00 0 
6a1960021000-6a1964000000 ---p 00000000 00:00 0 
6a1964000000-6a1964021000 rw-p 00000000 00:00 0 
6a1964021000-6a1968000000 ---p 00000000 00:00 0 
6a1968000000-6a1968370000 rw-p 00000000 00:00 0 
6a1968370000-6a1968400000 ---p 00000000 00:00 0 
6a1968400000-6a19689d0000 rw-p 00000000 00:00 0 
6a19689d0000-6a196c000000 ---p 00000000 00:00 0 
6a196c000000-6a196c021000 rw-p 00000000 00:00 0 
6a196c021000-6a1970000000 ---p 00000000 00:00 0 
6a19704ff000-6a1970500000 ---p 00000000 00:00 0 
6a1970500000-6a1970700000 rw-p 00000000 00:00 0 
6a1970700000-6a1970704000 ---p 00000000 00:00 0 
6a1970704000-6a1970800000 rw-p 00000000 00:00 0 
6a1970800000-6a1970804000 ---p 00000000 00:00 0 
6a1970804000-6a1970900000 rw-p 00000000 00:00 0 
6a1970900000-6a1970904000 ---p 00000000 00:00 0 
6a1970904000-6a1970a00000 rw-p 00000000 00:00 0 
6a1970a00000-6a1970a04000 ---p 00000000 00:00 0 
6a1970a04000-6a1970b00000 rw-p 00000000 00:00 0 
6a1970b00000-6a1970b04000 ---p 00000000 00:00 0 
6a1970b04000-6a1970c00000 rw-p 00000000 00:00 0 
6a1970c00000-6a1970c04000 ---p 00000000 00:00 0 
6a1970c04000-6a1970d00000 rw-p 00000000 00:00 0 
6a1970d00000-6a1970d04000 ---p 00000000 00:00 0 
6a1970d04000-6a1970e00000 rw-p 00000000 00:00 0 
6a1970e00000-6a1970e04000 ---p 00000000 00:00 0 
6a1970e04000-6a1970f00000 rw-p 00000000 00:00 0 
6a1970f00000-6a1970f04000 ---p 00000000 00:00 0 
6a1970f04000-6a1971000000 rw-p 00000000 00:00 0 
6a1971000000-6a1971004000 ---p 00000000 00:00 0 
6a1971004000-6a1971100000 rw-p 00000000 00:00 0 
6a1971100000-6a1971104000 ---p 00000000 00:00 0 
6a1971104000-6a1971200000 rw-p 00000000 00:00 0 
6a1971200000-6a1971204000 ---p 00000000 00:00 0 
6a1971204000-6a1971300000 rw-p 00000000 00:00 0 
6a1971300000-6a1971304000 ---p 00000000 00:00 0 
6a1971304000-6a1971400000 rw-p 00000000 00:00 0 
6a1971400000-6a1971404000 ---p 00000000 00:00 0 
6a1971404000-6a1971500000 rw-p 00000000 00:00 0 
6a1971500000-6a1971504000 ---p 00000000 00:00 0 
6a1971504000-6a1971600000 rw-p 00000000 00:00 0 
6a1971600000-6a1971604000 ---p 00000000 00:00 0 
6a1971604000-6a1971700000 rw-p 00000000 00:00 0 
6a1971700000-6a1971704000 ---p 00000000 00:00 0 
6a1971704000-6a1971800000 rw-p 00000000 00:00 0 
6a1971800000-6a1971804000 ---p 00000000 00:00 0 
6a1971804000-6a1971900000 rw-p 00000000 00:00 0 
6a1971900000-6a1971904000 ---p 00000000 00:00 0 
6a1971904000-6a1971a00000 rw-p 00000000 00:00 0 
6a1971a00000-6a1971a04000 ---p 00000000 00:00 0 
6a1971a04000-6a1971b00000 rw-p 00000000 00:00 0 
6a1971b00000-6a1971b04000 ---p 00000000 00:00 0 
6a1971b04000-6a1971c00000 rw-p 00000000 00:00 0 
6a1971c00000-6a1971c04000 ---p 00000000 00:00 0 
6a1971c04000-6a1971d00000 rw-p 00000000 00:00 0 
6a1971d00000-6a1971d04000 ---p 00000000 00:00 0 
6a1971d04000-6a1971e00000 rw-p 00000000 00:00 0 
6a1971e00000-6a1971e04000 ---p 00000000 00:00 0 
6a1971e04000-6a1971f00000 rw-p 00000000 00:00 0 
6a1971f00000-6a1971f04000 ---p 00000000 00:00 0 
6a1971f04000-6a1972000000 rw-p 00000000 00:00 0 
6a1972000000-6a1972004000 ---p 00000000 00:00 0 
6a1972004000-6a1972100000 rw-p 00000000 00:00 0 
6a1972100000-6a1972104000 ---p 00000000 00:00 0 
6a1972104000-6a1972200000 rw-p 00000000 00:00 0 
6a1972200000-6a1972204000 ---p 00000000 00:00 0 
6a1972204000-6a1972300000 rw-p 00000000 00:00 0 
6a1972300000-6a1972304000 ---p 00000000 00:00 0 
6a1972304000-6a1972400000 rw-p 00000000 00:00 0 
6a1972400000-6a1972865000 r--s 00000000 fc:00 7871857                    /mydata/dacapo/dacapo-23.11/dacapo-23.11-MR2-chopin/dat/lusearch/index-default/_3_Lucene90_0.tim
6a1972900000-6a1972904000 ---p 00000000 00:00 0 
6a1972904000-6a1972a00000 rw-p 00000000 00:00 0 
6a1972a00000-6a1972e01000 r--s 00000000 fc:00 7871856                    /mydata/dacapo/dacapo-23.11/dacapo-23.11-MR2-chopin/dat/lusearch/index-default/_3_Lucene90_0.doc
6a1972f00000-6a1972f04000 ---p 00000000 00:00 0 
6a1972f04000-6a1973000000 rw-p 00000000 00:00 0 
6a1973000000-6a1973ca3000 rw-p 00001000 fc:00 49677003                   /mydata/openjdk-mmtk/build/b0test/images/jdk/lib/server/classes.jsa
6a1973ca3000-6a1974000000 ---p 00000000 00:00 0 
6a1974000000-6a1974040000 rw-p 00000000 00:00 0 
6a1974040000-6a19740c0000 rw-p 00000000 00:00 0 
6a19740c0000-6a19740e0000 rw-p 00000000 00:00 0 
6a19740e0000-6a1974100000 ---p 00000000 00:00 0 
6a1974100000-6a19741e0000 rw-p 00000000 00:00 0 
6a19741e0000-6a19b4000000 ---p 00000000 00:00 0 
6a19b4000000-6a19b4021000 rw-p 00000000 00:00 0 
6a19b4021000-6a19b8000000 ---p 00000000 00:00 0 
6a19b80fc000-6a19b8100000 ---p 00000000 00:00 0 
6a19b8100000-6a19b81fc000 rw-p 00000000 00:00 0 
6a19b81fc000-6a19b8200000 ---p 00000000 00:00 0 
6a19b8200000-6a19b82fc000 rw-p 00000000 00:00 0 
6a19b82fc000-6a19b8300000 ---p 00000000 00:00 0 
6a19b8300000-6a19b83fc000 rw-p 00000000 00:00 0 
6a19b83fc000-6a19e8400000 rw-p 00000000 00:00 0 
6a19e8400000-6a19e9400000 ---p 00000000 00:00 0                          [anon:mmtk:sidemeta:all:all-quarantined]
6a19e9400000-6a19e9c00000 rw-p 00000000 00:00 0                          [anon:mmtk:sidemeta:immix:VO_BIT]
6a19e9c00000-6c19ea400000 ---p 00000000 00:00 0                          [anon:mmtk:sidemeta:all:all-quarantined]
6c19ea400000-6c19ea800000 rw-p 00000000 00:00 0                          [anon:mmtk:sidemeta:immix:CHUNK_MARK]
6c19ea800000-6c19ed400000 ---p 00000000 00:00 0                          [anon:mmtk:sidemeta:all:all-quarantined]
6c19ed400000-6c19edc00000 rw-p 00000000 00:00 0                          [anon:mmtk:sidemeta:immix:VMGlobalLogBitSpec]
6c19edc00000-6e21ec800000 ---p 00000000 00:00 0                          [anon:mmtk:sidemeta:all:all-quarantined]
6e21ec800000-6e21ecc00000 rw-p 00000000 00:00 0                          [anon:mmtk:sidemeta:immix:IX_LINE_MARK]
6e21ecc00000-6ea1ec400000 ---p 00000000 00:00 0                          [anon:mmtk:sidemeta:all:all-quarantined]
6ea1ec400000-6ea1ec800000 rw-p 00000000 00:00 0                          [anon:mmtk:sidemeta:immix:IX_BLOCK_DEFRAG]
6ea1ec800000-6ea2ec400000 ---p 00000000 00:00 0                          [anon:mmtk:sidemeta:all:all-quarantined]
6ea2ec400000-6ea2ec800000 rw-p 00000000 00:00 0                          [anon:mmtk:sidemeta:immix:IX_BLOCK_MARK]
6ea2ec800000-74c46c400000 ---p 00000000 00:00 0                          [anon:mmtk:sidemeta:all:all-quarantined]
74c46c400000-74c46c800000 rw-p 00000000 00:00 0                          [anon:mmtk:sidemeta:los:VMLocalLOSMarkNurserySpec]
74c46c800000-74c66d400000 ---p 00000000 00:00 0                          [anon:mmtk:sidemeta:all:all-quarantined]
74c66d400000-74c66dc00000 rw-p 00000000 00:00 0                          [anon:mmtk:sidemeta:immix:VMLocalMarkBitSpec]
74c66dc00000-76c66c400000 ---p 00000000 00:00 0                          [anon:mmtk:sidemeta:all:all-quarantined]
76c66c4ff000-76c66c503000 ---p 00000000 00:00 0 
76c66c503000-76c66c5ff000 rw-p 00000000 00:00 0 
76c66c5ff000-76c66c603000 ---p 00000000 00:00 0 
76c66c603000-76c66c6ff000 rw-p 00000000 00:00 0 
76c66c6ff000-76c66c703000 ---p 00000000 00:00 0 
76c66c703000-76c66c7ff000 rw-p 00000000 00:00 0 
76c66c7ff000-76c68c800000 rw-p 00000000 00:00 0 
76c68c800000-76c68cd40000 rwxp 00000000 00:00 0 
76c68cd40000-76c693c17000 ---p 00000000 00:00 0 
76c693c17000-76c693f97000 rwxp 00000000 00:00 0 
76c693f97000-76c6943e8000 ---p 00000000 00:00 0 
76c6943e8000-76c694658000 rwxp 00000000 00:00 0 
76c694658000-76c69b800000 ---p 00000000 00:00 0 
76c69b800000-76c6a3fa0000 r--s 00000000 fc:00 49676291                   /mydata/openjdk-mmtk/build/b0test/images/jdk/lib/modules
76c6a4000000-76c6a47ed000 rw-p 00000000 00:00 0 
76c6a47ed000-76c6a8000000 ---p 00000000 00:00 0 
76c6a8017000-76c6a801b000 ---p 00000000 00:00 0 
76c6a801b000-76c6a8117000 rw-p 00000000 00:00 0 
76c6a8117000-76c6a8118000 ---p 00000000 00:00 0 
76c6a8118000-76c6a811c000 ---p 00000000 00:00 0 
76c6a811c000-76c6a8318000 rw-p 00000000 00:00 0 
76c6a8318000-76c6a831c000 ---p 00000000 00:00 0 
76c6a831c000-76c6a8418000 rw-p 00000000 00:00 0 
76c6a8418000-76c6a841c000 ---p 00000000 00:00 0 
76c6a841c000-76c6a8518000 rw-p 00000000 00:00 0 
76c6a8518000-76c6a851c000 ---p 00000000 00:00 0 
76c6a851c000-76c6a8618000 rw-p 00000000 00:00 0 
76c6a8618000-76c6a861c000 ---p 00000000 00:00 0 
76c6a861c000-76c6a8718000 rw-p 00000000 00:00 0 
76c6a8718000-76c6a871c000 ---p 00000000 00:00 0 
76c6a871c000-76c6a8818000 rw-p 00000000 00:00 0 
76c6a8818000-76c6a881c000 ---p 00000000 00:00 0 
76c6a881c000-76c6a8918000 rw-p 00000000 00:00 0 
76c6a8918000-76c6a891c000 ---p 00000000 00:00 0 
76c6a891c000-76c6a8a18000 rw-p 00000000 00:00 0 
76c6a8a18000-76c6a8a1c000 ---p 00000000 00:00 0 
76c6a8a1c000-76c6a8b18000 rw-p 00000000 00:00 0 
76c6a8b18000-76c6a8b1d000 r--p 00000000 fc:00 49676385                   /mydata/openjdk-mmtk/build/b0test/images/jdk/lib/libjsvml.so
76c6a8b1d000-76c6a8b5e000 r-xp 00005000 fc:00 49676385                   /mydata/openjdk-mmtk/build/b0test/images/jdk/lib/libjsvml.so
76c6a8b5e000-76c6a8be7000 r--p 00046000 fc:00 49676385                   /mydata/openjdk-mmtk/build/b0test/images/jdk/lib/libjsvml.so
76c6a8be7000-76c6a8be8000 r--p 000ce000 fc:00 49676385                   /mydata/openjdk-mmtk/build/b0test/images/jdk/lib/libjsvml.so
76c6a8be8000-76c6a8be9000 rw-p 000cf000 fc:00 49676385                   /mydata/openjdk-mmtk/build/b0test/images/jdk/lib/libjsvml.so
76c6a8be9000-76c6a8bed000 ---p 00000000 00:00 0 
76c6a8bed000-76c6a8ce9000 rw-p 00000000 00:00 0 
76c6a8ce9000-76c6a8ced000 ---p 00000000 00:00 0 
76c6a8ced000-76c6a8de9000 rw-p 00000000 00:00 0 
76c6a8de9000-76c6a8ded000 ---p 00000000 00:00 0 
76c6a8ded000-76c6a8ee9000 rw-p 00000000 00:00 0 
76c6a8ee9000-76c6a8eed000 ---p 00000000 00:00 0 
76c6a8eed000-76c6a8fe9000 rw-p 00000000 00:00 0 
76c6a8fe9000-76c6a8fed000 ---p 00000000 00:00 0 
76c6a8fed000-76c6a90e9000 rw-p 00000000 00:00 0 
76c6a90e9000-76c6a90ea000 ---p 00000000 00:00 0 
76c6a90ea000-76c6a91ea000 rw-p 00000000 00:00 0 
76c6a91ea000-76c6a91eb000 ---p 00000000 00:00 0 
76c6a91eb000-76c6a92eb000 rw-p 00000000 00:00 0 
76c6a92eb000-76c6a92ec000 ---p 00000000 00:00 0 
76c6a92ec000-76c6a93ec000 rw-p 00000000 00:00 0 
76c6a93ec000-76c6a93ed000 ---p 00000000 00:00 0 
76c6a93ed000-76c6a94ed000 rw-p 00000000 00:00 0 
76c6a94ed000-76c6a94ee000 ---p 00000000 00:00 0 
76c6a94ee000-76c6a95ee000 rw-p 00000000 00:00 0 
76c6a95ee000-76c6a95ef000 ---p 00000000 00:00 0 
76c6a95ef000-76c6a96ef000 rw-p 00000000 00:00 0 
76c6a96ef000-76c6a96f0000 ---p 00000000 00:00 0 
76c6a96f0000-76c6a97f0000 rw-p 00000000 00:00 0 
76c6a97f0000-76c6a97f1000 ---p 00000000 00:00 0 
76c6a97f1000-76c6a98f1000 rw-p 00000000 00:00 0 
76c6a98f1000-76c6a98f2000 ---p 00000000 00:00 0 
76c6a98f2000-76c6a99f2000 rw-p 00000000 00:00 0 
76c6a99f2000-76c6a99f3000 ---p 00000000 00:00 0 
76c6a99f3000-76c6a9af3000 rw-p 00000000 00:00 0 
76c6a9af3000-76c6a9af4000 ---p 00000000 00:00 0 
76c6a9af4000-76c6a9bf4000 rw-p 00000000 00:00 0 
76c6a9bf4000-76c6a9bf5000 ---p 00000000 00:00 0 
76c6a9bf5000-76c6a9cf5000 rw-p 00000000 00:00 0 
76c6a9cf5000-76c6a9cf6000 ---p 00000000 00:00 0 
76c6a9cf6000-76c6a9df6000 rw-p 00000000 00:00 0 
76c6a9df6000-76c6a9df7000 ---p 00000000 00:00 0 
76c6a9df7000-76c6a9ef7000 rw-p 00000000 00:00 0 
76c6a9ef7000-76c6a9ef8000 ---p 00000000 00:00 0 
76c6a9ef8000-76c6a9ff8000 rw-p 00000000 00:00 0 
76c6a9ff8000-76c6a9ff9000 ---p 00000000 00:00 0 
76c6a9ff9000-76c6aa0f9000 rw-p 00000000 00:00 0 
76c6aa0f9000-76c6aa0fa000 ---p 00000000 00:00 0 
76c6aa0fa000-76c6aa1fa000 rw-p 00000000 00:00 0 
76c6aa1fa000-76c6aa1fb000 ---p 00000000 00:00 0 
76c6aa1fb000-76c6aa2fb000 rw-p 00000000 00:00 0 
76c6aa2fb000-76c6aa2fc000 ---p 00000000 00:00 0 
76c6aa2fc000-76c6aa3fc000 rw-p 00000000 00:00 0 
76c6aa3fc000-76c6aa3fd000 ---p 00000000 00:00 0 
76c6aa3fd000-76c6aa4fd000 rw-p 00000000 00:00 0 
76c6aa4fd000-76c6aa4fe000 ---p 00000000 00:00 0 
76c6aa4fe000-76c6aa5fe000 rw-p 00000000 00:00 0 
76c6aa5fe000-76c6aa5ff000 ---p 00000000 00:00 0 
76c6aa5ff000-76c6aa6ff000 rw-p 00000000 00:00 0 
76c6aa6ff000-76c6aa700000 ---p 00000000 00:00 0 
76c6aa700000-76c6aa800000 rw-p 00000000 00:00 0 
76c6aa800000-76c6aa804000 ---p 00000000 00:00 0 
76c6aa804000-76c6aa900000 rw-p 00000000 00:00 0 
76c6aa900000-76c6aa904000 ---p 00000000 00:00 0 
76c6aa904000-76c6aaa00000 rw-p 00000000 00:00 0 
76c6aaa00000-76c6aaceb000 r--p 00000000 08:03 1410552                    /usr/lib/locale/locale-archive
76c6aad42000-76c6aad46000 ---p 00000000 00:00 0 
76c6aad46000-76c6aae42000 rw-p 00000000 00:00 0 
76c6aae42000-76c6aae43000 ---p 00000000 00:00 0 
76c6aae43000-76c6aaf43000 rw-p 00000000 00:00 0 
76c6aaf43000-76c6aaf44000 ---p 00000000 00:00 0 
76c6aaf44000-76c6ab044000 rw-p 00000000 00:00 0 
76c6ab044000-76c6ab045000 ---p 00000000 00:00 0 
76c6ab045000-76c6ab145000 rw-p 00000000 00:00 0 
76c6ab145000-76c6ab746000 rw-p 00000000 00:00 0 
76c6ab746000-76c6ab74a000 r--p 00000000 08:03 1410107                    /usr/lib/x86_64-linux-gnu/libzstd.so.1.5.5
76c6ab74a000-76c6ab7f1000 r-xp 00004000 08:03 1410107                    /usr/lib/x86_64-linux-gnu/libzstd.so.1.5.5
76c6ab7f1000-76c6ab7fe000 r--p 000ab000 08:03 1410107                    /usr/lib/x86_64-linux-gnu/libzstd.so.1.5.5
76c6ab7fe000-76c6ab7ff000 r--p 000b7000 08:03 1410107                    /usr/lib/x86_64-linux-gnu/libzstd.so.1.5.5
76c6ab7ff000-76c6ab800000 rw-p 000b8000 08:03 1410107                    /usr/lib/x86_64-linux-gnu/libzstd.so.1.5.5
76c6ab800000-76c6ab80c000 r--p 00000000 fc:00 13107225                   /mydata/gc-bpf-fault/shim/libgcbpf.so
76c6ab80c000-76c6ab86e000 r-xp 0000c000 fc:00 13107225                   /mydata/gc-bpf-fault/shim/libgcbpf.so
76c6ab86e000-76c6aba1b000 r--p 0006e000 fc:00 13107225                   /mydata/gc-bpf-fault/shim/libgcbpf.so
76c6aba1b000-76c6aba1d000 r--p 0021b000 fc:00 13107225                   /mydata/gc-bpf-fault/shim/libgcbpf.so
76c6aba1d000-76c6aba1e000 rw-p 0021d000 fc:00 13107225                   /mydata/gc-bpf-fault/shim/libgcbpf.so
76c6aba1e000-76c6aba1f000 rw-p 00000000 00:00 0 
76c6aba45000-76c6aba4a000 rw-p 00000000 00:00 0 
76c6aba4a000-76c6abb2e000 ---p 00000000 00:00 0 
76c6abb2e000-76c6abb39000 rw-p 00000000 00:00 0 
76c6abb39000-76c6abc17000 ---p 00000000 00:00 0 
76c6abc17000-76c6abc1b000 ---p 00000000 00:00 0 
76c6abc1b000-76c6abd17000 rw-p 00000000 00:00 0 
76c6abd17000-76c6abd27000 r--p 00000000 08:03 1411099                    /usr/lib/x86_64-linux-gnu/libm.so.6
76c6abd27000-76c6abda6000 r-xp 00010000 08:03 1411099                    /usr/lib/x86_64-linux-gnu/libm.so.6
76c6abda6000-76c6abdfe000 r--p 0008f000 08:03 1411099                    /usr/lib/x86_64-linux-gnu/libm.so.6
76c6abdfe000-76c6abdff000 r--p 000e7000 08:03 1411099                    /usr/lib/x86_64-linux-gnu/libm.so.6
76c6abdff000-76c6abe00000 rw-p 000e8000 08:03 1411099                    /usr/lib/x86_64-linux-gnu/libm.so.6
76c6abe00000-76c6abf45000 r--p 00000000 fc:00 49676344                   /mydata/openjdk-mmtk/build/b0test/images/jdk/lib/server/libmmtk_openjdk.so
76c6abf45000-76c6ac1bb000 r-xp 00144000 fc:00 49676344                   /mydata/openjdk-mmtk/build/b0test/images/jdk/lib/server/libmmtk_openjdk.so
76c6ac1bb000-76c6ac1fb000 r--p 003b9000 fc:00 49676344                   /mydata/openjdk-mmtk/build/b0test/images/jdk/lib/server/libmmtk_openjdk.so
76c6ac1fb000-76c6ac1fd000 rw-p 003f8000 fc:00 49676344                   /mydata/openjdk-mmtk/build/b0test/images/jdk/lib/server/libmmtk_openjdk.so
76c6ac1fd000-76c6ac200000 rw-p 00000000 00:00 0 
76c6ac200000-76c6ac4a9000 r--p 00000000 fc:00 49676343                   /mydata/openjdk-mmtk/build/b0test/images/jdk/lib/server/libjvm.so
76c6ac4a9000-76c6ad33c000 r-xp 002a9000 fc:00 49676343                   /mydata/openjdk-mmtk/build/b0test/images/jdk/lib/server/libjvm.so
76c6ad33c000-76c6ad620000 r--p 0113c000 fc:00 49676343                   /mydata/openjdk-mmtk/build/b0test/images/jdk/lib/server/libjvm.so
76c6ad620000-76c6ad6f6000 r--p 0141f000 fc:00 49676343                   /mydata/openjdk-mmtk/build/b0test/images/jdk/lib/server/libjvm.so
76c6ad6f6000-76c6ad726000 rw-p 014f5000 fc:00 49676343                   /mydata/openjdk-mmtk/build/b0test/images/jdk/lib/server/libjvm.so
76c6ad726000-76c6ad78c000 rw-p 00000000 00:00 0 
76c6ad78d000-76c6ad794000 r--s 00000000 08:03 1436340                    /usr/lib/x86_64-linux-gnu/gconv/gconv-modules.cache
76c6ad794000-76c6ad7bb000 r--s 00000000 fc:00 7871850                    /mydata/dacapo/dacapo-23.11/dacapo-23.11-MR2-chopin/dat/lusearch/index-default/_3.fdt
76c6ad7bb000-76c6ad7de000 r--s 00000000 fc:00 7871858                    /mydata/dacapo/dacapo-23.11/dacapo-23.11-MR2-chopin/dat/lusearch/index-default/_3_Lucene90_0.tip
76c6ad7de000-76c6ad7e0000 r--p 00000000 fc:00 49676434                   /mydata/openjdk-mmtk/build/b0test/images/jdk/lib/libmanagement_ext.so
76c6ad7e0000-76c6ad7e3000 r-xp 00002000 fc:00 49676434                   /mydata/openjdk-mmtk/build/b0test/images/jdk/lib/libmanagement_ext.so
76c6ad7e3000-76c6ad7e4000 r--p 00005000 fc:00 49676434                   /mydata/openjdk-mmtk/build/b0test/images/jdk/lib/libmanagement_ext.so
76c6ad7e4000-76c6ad7e5000 r--p 00006000 fc:00 49676434                   /mydata/openjdk-mmtk/build/b0test/images/jdk/lib/libmanagement_ext.so
76c6ad7e5000-76c6ad7e6000 rw-p 00007000 fc:00 49676434                   /mydata/openjdk-mmtk/build/b0test/images/jdk/lib/libmanagement_ext.so
76c6ad7e6000-76c6ad7e8000 r--p 00000000 fc:00 49676335                   /mydata/openjdk-mmtk/build/b0test/images/jdk/lib/libzip.so
76c6ad7e8000-76c6ad7ed000 r-xp 00002000 fc:00 49676335                   /mydata/openjdk-mmtk/build/b0test/images/jdk/lib/libzip.so
76c6ad7ed000-76c6ad7ef000 r--p 00007000 fc:00 49676335                   /mydata/openjdk-mmtk/build/b0test/images/jdk/lib/libzip.so
76c6ad7ef000-76c6ad7f0000 r--p 00008000 fc:00 49676335                   /mydata/openjdk-mmtk/build/b0test/images/jdk/lib/libzip.so
76c6ad7f0000-76c6ad7f1000 rw-p 00009000 fc:00 49676335                   /mydata/openjdk-mmtk/build/b0test/images/jdk/lib/libzip.so
76c6ad7f1000-76c6ad7f4000 r--p 00000000 fc:00 49676331                   /mydata/openjdk-mmtk/build/b0test/images/jdk/lib/libnet.so
76c6ad7f4000-76c6ad7fc000 r-xp 00003000 fc:00 49676331                   /mydata/openjdk-mmtk/build/b0test/images/jdk/lib/libnet.so
76c6ad7fc000-76c6ad7fe000 r--p 0000b000 fc:00 49676331                   /mydata/openjdk-mmtk/build/b0test/images/jdk/lib/libnet.so
76c6ad7fe000-76c6ad7ff000 r--p 0000c000 fc:00 49676331                   /mydata/openjdk-mmtk/build/b0test/images/jdk/lib/libnet.so
76c6ad7ff000-76c6ad800000 rw-p 0000d000 fc:00 49676331                   /mydata/openjdk-mmtk/build/b0test/images/jdk/lib/libnet.so
76c6ad800000-76c6ad828000 r--p 00000000 08:03 1410238                    /usr/lib/x86_64-linux-gnu/libc.so.6
76c6ad828000-76c6ad9b0000 r-xp 00028000 08:03 1410238                    /usr/lib/x86_64-linux-gnu/libc.so.6
76c6ad9b0000-76c6ad9ff000 r--p 001b0000 08:03 1410238                    /usr/lib/x86_64-linux-gnu/libc.so.6
76c6ad9ff000-76c6ada03000 r--p 001fe000 08:03 1410238                    /usr/lib/x86_64-linux-gnu/libc.so.6
76c6ada03000-76c6ada05000 rw-p 00202000 08:03 1410238                    /usr/lib/x86_64-linux-gnu/libc.so.6
76c6ada05000-76c6ada12000 rw-p 00000000 00:00 0 
76c6ada12000-76c6ada19000 r--p 00000000 fc:00 49676332                   /mydata/openjdk-mmtk/build/b0test/images/jdk/lib/libnio.so
76c6ada19000-76c6ada22000 r-xp 00007000 fc:00 49676332                   /mydata/openjdk-mmtk/build/b0test/images/jdk/lib/libnio.so
76c6ada22000-76c6ada26000 r--p 00010000 fc:00 49676332                   /mydata/openjdk-mmtk/build/b0test/images/jdk/lib/libnio.so
76c6ada26000-76c6ada27000 r--p 00014000 fc:00 49676332                   /mydata/openjdk-mmtk/build/b0test/images/jdk/lib/libnio.so
76c6ada27000-76c6ada28000 rw-p 00015000 fc:00 49676332                   /mydata/openjdk-mmtk/build/b0test/images/jdk/lib/libnio.so
76c6ada28000-76c6ada2b000 r--p 00000000 08:03 1410420                    /usr/lib/x86_64-linux-gnu/libelf-0.190.so
76c6ada2b000-76c6ada41000 r-xp 00003000 08:03 1410420                    /usr/lib/x86_64-linux-gnu/libelf-0.190.so
76c6ada41000-76c6ada45000 r--p 00019000 08:03 1410420                    /usr/lib/x86_64-linux-gnu/libelf-0.190.so
76c6ada45000-76c6ada46000 r--p 0001c000 08:03 1410420                    /usr/lib/x86_64-linux-gnu/libelf-0.190.so
76c6ada46000-76c6ada47000 rw-p 0001d000 08:03 1410420                    /usr/lib/x86_64-linux-gnu/libelf-0.190.so
76c6ada4b000-76c6ada4d000 r--p 00000000 fc:00 49676363                   /mydata/openjdk-mmtk/build/b0test/images/jdk/lib/libmanagement.so
76c6ada4d000-76c6ada4e000 r-xp 00002000 fc:00 49676363                   /mydata/openjdk-mmtk/build/b0test/images/jdk/lib/libmanagement.so
76c6ada4e000-76c6ada4f000 r--p 00003000 fc:00 49676363                   /mydata/openjdk-mmtk/build/b0test/images/jdk/lib/libmanagement.so
76c6ada4f000-76c6ada50000 r--p 00003000 fc:00 49676363                   /mydata/openjdk-mmtk/build/b0test/images/jdk/lib/libmanagement.so
76c6ada50000-76c6ada51000 rw-p 00004000 fc:00 49676363                   /mydata/openjdk-mmtk/build/b0test/images/jdk/lib/libmanagement.so
76c6ada51000-76c6ada58000 rw-p 00000000 00:00 0 
76c6ada58000-76c6ada61000 ---p 00000000 00:00 0 
76c6ada61000-76c6ada6e000 r--p 00000000 fc:00 49676327                   /mydata/openjdk-mmtk/build/b0test/images/jdk/lib/libjava.so
76c6ada6e000-76c6ada7d000 r-xp 0000d000 fc:00 49676327                   /mydata/openjdk-mmtk/build/b0test/images/jdk/lib/libjava.so
76c6ada7d000-76c6ada82000 r--p 0001c000 fc:00 49676327                   /mydata/openjdk-mmtk/build/b0test/images/jdk/lib/libjava.so
76c6ada82000-76c6ada83000 r--p 00021000 fc:00 49676327                   /mydata/openjdk-mmtk/build/b0test/images/jdk/lib/libjava.so
76c6ada83000-76c6ada84000 rw-p 00022000 fc:00 49676327                   /mydata/openjdk-mmtk/build/b0test/images/jdk/lib/libjava.so
76c6ada84000-76c6ada85000 rw-p 00000000 00:00 0 
76c6ada85000-76c6ada8d000 rw-s 00000000 08:03 237590                     /tmp/hsperfdata_root/257615
76c6ada8d000-76c6ada91000 r--p 00000000 fc:00 49676328                   /mydata/openjdk-mmtk/build/b0test/images/jdk/lib/libjimage.so
76c6ada91000-76c6adaa8000 r-xp 00004000 fc:00 49676328                   /mydata/openjdk-mmtk/build/b0test/images/jdk/lib/libjimage.so
76c6adaa8000-76c6adaad000 r--p 0001b000 fc:00 49676328                   /mydata/openjdk-mmtk/build/b0test/images/jdk/lib/libjimage.so
76c6adaad000-76c6adaaf000 r--p 00020000 fc:00 49676328                   /mydata/openjdk-mmtk/build/b0test/images/jdk/lib/libjimage.so
76c6adaaf000-76c6adab0000 rw-p 00022000 fc:00 49676328                   /mydata/openjdk-mmtk/build/b0test/images/jdk/lib/libjimage.so
76c6adab0000-76c6adab4000 r--p 00000000 08:03 1410148                    /usr/lib/x86_64-linux-gnu/libgcc_s.so.1
76c6adab4000-76c6adad8000 r-xp 00004000 08:03 1410148                    /usr/lib/x86_64-linux-gnu/libgcc_s.so.1
76c6adad8000-76c6adadc000 r--p 00028000 08:03 1410148                    /usr/lib/x86_64-linux-gnu/libgcc_s.so.1
76c6adadc000-76c6adadd000 r--p 0002b000 08:03 1410148                    /usr/lib/x86_64-linux-gnu/libgcc_s.so.1
76c6adadd000-76c6adade000 rw-p 0002c000 08:03 1410148                    /usr/lib/x86_64-linux-gnu/libgcc_s.so.1
76c6adade000-76c6adae0000 rw-p 00000000 00:00 0 
76c6adae0000-76c6adae2000 r--p 00000000 08:03 1409104                    /usr/lib/x86_64-linux-gnu/libz.so.1.3
76c6adae2000-76c6adaf4000 r-xp 00002000 08:03 1409104                    /usr/lib/x86_64-linux-gnu/libz.so.1.3
76c6adaf4000-76c6adafa000 r--p 00014000 08:03 1409104                    /usr/lib/x86_64-linux-gnu/libz.so.1.3
76c6adafa000-76c6adafb000 r--p 0001a000 08:03 1409104                    /usr/lib/x86_64-linux-gnu/libz.so.1.3
76c6adafb000-76c6adafc000 rw-p 0001b000 08:03 1409104                    /usr/lib/x86_64-linux-gnu/libz.so.1.3
76c6adafd000-76c6adafe000 r--s 00000000 fc:00 7871851                    /mydata/dacapo/dacapo-23.11/dacapo-23.11-MR2-chopin/dat/lusearch/index-default/_3.fdx
76c6adaff000-76c6adb01000 r--s 00000000 fc:00 7871853                    /mydata/dacapo/dacapo-23.11/dacapo-23.11-MR2-chopin/dat/lusearch/index-default/_3.nvd
76c6adb01000-76c6adb02000 rw-s 00000000 00:10 68                         anon_inode:bpf-map
76c6adb02000-76c6adb03000 r--s 00000000 00:10 68                         anon_inode:bpf-map
76c6adb03000-76c6adb04000 ---p 00000000 00:00 0 
76c6adb04000-76c6adb05000 r--p 00000000 00:00 0 
76c6adb05000-76c6adb06000 ---p 00000000 00:00 0 
76c6adb06000-76c6adb08000 r--p 00000000 fc:00 49676329                   /mydata/openjdk-mmtk/build/b0test/images/jdk/lib/libjli.so
76c6adb08000-76c6adb12000 r-xp 00002000 fc:00 49676329                   /mydata/openjdk-mmtk/build/b0test/images/jdk/lib/libjli.so
76c6adb12000-76c6adb15000 r--p 0000c000 fc:00 49676329                   /mydata/openjdk-mmtk/build/b0test/images/jdk/lib/libjli.so
76c6adb15000-76c6adb16000 r--p 0000f000 fc:00 49676329                   /mydata/openjdk-mmtk/build/b0test/images/jdk/lib/libjli.so
76c6adb16000-76c6adb17000 rw-p 00010000 fc:00 49676329                   /mydata/openjdk-mmtk/build/b0test/images/jdk/lib/libjli.so
76c6adb17000-76c6adb19000 rw-p 00000000 00:00 0 
76c6adb19000-76c6adb1d000 r--p 00000000 00:00 0                          [vvar]
76c6adb1d000-76c6adb1f000 r--p 00000000 00:00 0                          [vvar_vclock]
76c6adb1f000-76c6adb21000 r-xp 00000000 00:00 0                          [vdso]
76c6adb21000-76c6adb22000 r--p 00000000 08:03 1409763                    /usr/lib/x86_64-linux-gnu/ld-linux-x86-64.so.2
76c6adb22000-76c6adb4d000 r-xp 00001000 08:03 1409763                    /usr/lib/x86_64-linux-gnu/ld-linux-x86-64.so.2
76c6adb4d000-76c6adb57000 r--p 0002c000 08:03 1409763                    /usr/lib/x86_64-linux-gnu/ld-linux-x86-64.so.2
76c6adb57000-76c6adb59000 r--p 00036000 08:03 1409763                    /usr/lib/x86_64-linux-gnu/ld-linux-x86-64.so.2
76c6adb59000-76c6adb5b000 rw-p 00038000 08:03 1409763                    /usr/lib/x86_64-linux-gnu/ld-linux-x86-64.so.2
7fff04607000-7fff04628000 rw-p 00000000 00:00 0                          [stack]
ffffffffff600000-ffffffffff601000 --xp 00000000 00:00 0                  [vsyscall]
Total number of mappings: 518

JVMTI agents: none


VM Arguments:
jvm_args: -XX:+UseThirdPartyHeap -Xms512m -Xmx512m 
java_command: /mydata/dacapo/dacapo-23.11/dacapo-23.11-MR2-chopin.jar lusearch -n 3
java_class_path (initial): /mydata/dacapo/dacapo-23.11/dacapo-23.11-MR2-chopin.jar
Launcher Type: SUN_STANDARD

[Global flags]
     intx CICompilerCount                          = 15                                        {product} {ergonomic}
   size_t InitialHeapSize                          = 536870912                                 {product} {command line}
   size_t MaxHeapSize                              = 536870912                                 {product} {command line}
   size_t MinHeapDeltaBytes                        = 524288                                    {product} {ergonomic}
   size_t MinHeapSize                              = 536870912                                 {product} {command line}
    uintx NonNMethodCodeHeapSize                   = 8192380                                {pd product} {ergonomic}
    uintx NonProfiledCodeHeapSize                  = 121732930                              {pd product} {ergonomic}
    uintx ProfiledCodeHeapSize                     = 121732930                              {pd product} {ergonomic}
    uintx ReservedCodeCacheSize                    = 251658240                              {pd product} {ergonomic}
     bool SegmentedCodeCache                       = true                                      {product} {ergonomic}
   size_t SoftMaxHeapSize                          = 536870912                              {manageable} {ergonomic}
     bool UseCompressedOops                        = true                           {product lp64_product} {ergonomic}

Logging:
Log output configuration:
 #0: stdout all=warning uptime,level,tags foldmultilines=false
 #1: stderr all=off uptime,level,tags foldmultilines=false

Release file:
IMPLEMENTOR="N/A"
JAVA_RUNTIME_VERSION="21.0.9-internal-adhoc.talzuss.openjdk-mmtk"
JAVA_VERSION="21.0.9"
JAVA_VERSION_DATE="2025-10-21"
LIBC="gnu"
MODULES="java.base java.compiler java.datatransfer java.xml java.prefs java.desktop java.instrument java.logging java.management java.security.sasl java.naming java.rmi java.management.rmi java.net.http java.scripting java.security.jgss java.transaction.xa java.sql java.sql.rowset java.xml.crypto java.se java.smartcardio jdk.accessibility jdk.internal.jvmstat jdk.attach jdk.charsets jdk.internal.opt jdk.zipfs jdk.compiler jdk.crypto.ec jdk.crypto.cryptoki jdk.dynalink jdk.internal.ed jdk.editpad jdk.hotspot.agent jdk.httpserver jdk.incubator.vector jdk.internal.le jdk.internal.vm.ci jdk.internal.vm.compiler jdk.internal.vm.compiler.management jdk.jartool jdk.javadoc jdk.jcmd jdk.management jdk.management.agent jdk.jconsole jdk.jdeps jdk.jdwp.agent jdk.jdi jdk.jfr jdk.jlink jdk.jpackage jdk.jshell jdk.jsobject jdk.jstatd jdk.localedata jdk.management.jfr jdk.naming.dns jdk.naming.rmi jdk.net jdk.nio.mapmode jdk.random jdk.sctp jdk.security.auth jdk.security.jgss jdk.unsupported jdk.unsupported.desktop jdk.xml.dom"
OS_ARCH="x86_64"
OS_NAME="Linux"
SOURCE=".:git:b557520f04b3+"

Environment Variables:
PATH=/usr/local/sbin:/usr/local/bin:/usr/sbin:/usr/bin:/sbin:/bin:/snap/bin
SHELL=/bin/bash
LANG=en_US.UTF-8
TERM=tmux-256color

Active Locale:
LC_ALL=en_US.UTF-8
LC_COLLATE=en_US.UTF-8
LC_CTYPE=en_US.UTF-8
LC_MESSAGES=en_US.UTF-8
LC_MONETARY=en_US.UTF-8
LC_NUMERIC=en_US.UTF-8
LC_TIME=en_US.UTF-8

Signal Handlers:
   SIGSEGV: crash_handler in libjvm.so, mask=11100100010111111101111111111110, flags=SA_RESTART|SA_SIGINFO, unblocked
    SIGBUS: crash_handler in libjvm.so, mask=11100100010111111101111111111110, flags=SA_RESTART|SA_SIGINFO, unblocked
    SIGFPE: crash_handler in libjvm.so, mask=11100100010111111101111111111110, flags=SA_RESTART|SA_SIGINFO, unblocked
   SIGPIPE: javaSignalHandler in libjvm.so, mask=11100100010111111101111111111110, flags=SA_RESTART|SA_SIGINFO, blocked
   SIGXFSZ: javaSignalHandler in libjvm.so, mask=11100100010111111101111111111110, flags=SA_RESTART|SA_SIGINFO, blocked
    SIGILL: crash_handler in libjvm.so, mask=11100100010111111101111111111110, flags=SA_RESTART|SA_SIGINFO, unblocked
   SIGUSR2: SR_handler in libjvm.so, mask=00000000000000000000000000000000, flags=SA_RESTART|SA_SIGINFO, blocked
    SIGHUP: UserHandler in libjvm.so, mask=11100100010111111101111111111110, flags=SA_RESTART|SA_SIGINFO, blocked
    SIGINT: UserHandler in libjvm.so, mask=11100100010111111101111111111110, flags=SA_RESTART|SA_SIGINFO, blocked
   SIGTERM: UserHandler in libjvm.so, mask=11100100010111111101111111111110, flags=SA_RESTART|SA_SIGINFO, blocked
   SIGQUIT: UserHandler in libjvm.so, mask=11100100010111111101111111111110, flags=SA_RESTART|SA_SIGINFO, blocked
   SIGTRAP: crash_handler in libjvm.so, mask=11100100010111111101111111111110, flags=SA_RESTART|SA_SIGINFO, unblocked


Periodic native trim disabled

---------------  S Y S T E M  ---------------

OS:
DISTRIB_ID=Ubuntu
DISTRIB_RELEASE=24.04
DISTRIB_CODENAME=noble
DISTRIB_DESCRIPTION="Ubuntu 24.04.4 LTS"
uname: Linux 6.17.0-bpf-fault+ #1 SMP PREEMPT_DYNAMIC Mon Jul  6 16:43:12 MDT 2026 x86_64
OS uptime: 0 days 18:21 hours
libc: glibc 2.39 NPTL 2.39 
rlimit (soft/hard): STACK 8192k/infinity , CORE 0k/0k , NPROC 513205/513205 , NOFILE 1048576/1048576 , AS infinity/infinity , CPU infinity/infinity , DATA infinity/infinity , FSIZE infinity/infinity , MEMLOCK 16436528k/16436528k
load average: 3.55 1.33 0.78

/proc/meminfo:
MemTotal:       131492232 kB
MemFree:        82174260 kB
MemAvailable:   123890520 kB
Buffers:          501108 kB
Cached:         40624256 kB
SwapCached:            0 kB
Active:          2237340 kB
Inactive:       40317248 kB
Active(anon):    1445672 kB
Inactive(anon):        0 kB
Active(file):     791668 kB
Inactive(file): 40317248 kB
Unevictable:       41912 kB
Mlocked:           38840 kB
SwapTotal:       8388604 kB
SwapFree:        8388604 kB
Zswap:                 0 kB
Zswapped:              0 kB
Dirty:              2376 kB
Writeback:             0 kB
AnonPages:       1473316 kB
Mapped:          3384068 kB
Shmem:              5324 kB
KReclaimable:    1858580 kB
Slab:            2374464 kB
SReclaimable:    1858580 kB
SUnreclaim:       515884 kB
KernelStack:       10656 kB
PageTables:        28224 kB
SecPageTables:      8616 kB
NFS_Unstable:          0 kB
Bounce:                0 kB
WritebackTmp:          0 kB
CommitLimit:    74134720 kB
Committed_AS:   160014760 kB
VmallocTotal:   34359738367 kB
VmallocUsed:       36492 kB
VmallocChunk:          0 kB
Percpu:            48896 kB
HardwareCorrupted:     0 kB
AnonHugePages:         0 kB
ShmemHugePages:        0 kB
ShmemPmdMapped:        0 kB
FileHugePages:   2152448 kB
FilePmdMapped:         0 kB
Unaccepted:            0 kB
Balloon:               0 kB
HugePages_Total:       0
HugePages_Free:        0
HugePages_Rsvd:        0
HugePages_Surp:        0
Hugepagesize:       2048 kB
Hugetlb:               0 kB
DirectMap4k:      564032 kB
DirectMap2M:    18946048 kB
DirectMap1G:    114294784 kB

/sys/kernel/mm/transparent_hugepage/enabled: always [madvise] never
/sys/kernel/mm/transparent_hugepage/hpage_pmd_size: 2097152
/sys/kernel/mm/transparent_hugepage/defrag (defrag/compaction efforts parameter): always defer defer+madvise [madvise] never

Process Memory:
Virtual Size: 13620346304K (peak: 13620346304K)
Resident Set Size: 4128184K (peak: 4128184K) (anon: 946760K, file: 3181424K, shmem: 0K)
Swapped out: 0K
C-Heap outstanding allocations: 1372553K, retained: 18730K
glibc malloc tunables: (default)

/proc/sys/kernel/threads-max (system-wide limit on the number of threads): 1026411
/proc/sys/vm/max_map_count (maximum number of memory map areas a process may have): 1048576
/proc/sys/vm/swappiness (control to define how aggressively the kernel swaps out anonymous memory): 60
/proc/sys/kernel/pid_max (system-wide limit on number of process identifiers): 4194304

container information not found.
Steal ticks since vm start: 0
Steal ticks percentage since vm start:  0.000

CPU: total 32 (initial active 32) (32 cores per cpu, 2 threads per core) family 23 model 49 stepping 0 microcode 0x830107c, cx8, cmov, fxsr, ht, mmx, 3dnowpref, sse, sse2, sse3, ssse3, sse4a, sse4.1, sse4.2, popcnt, lzcnt, tsc, tscinvbit, avx, avx2, aes, clmul, bmi1, bmi2, adx, sha, fma, vzeroupper, clflush, clflushopt, rdtscp, rdpid, f16c
CPU Model and flags from /proc/cpuinfo:
model name	: AMD EPYC 7302P 16-Core Processor
flags		: fpu vme de pse tsc msr pae mce cx8 apic sep mtrr pge mca cmov pat pse36 clflush mmx fxsr sse sse2 ht syscall nx mmxext fxsr_opt pdpe1gb rdtscp lm constant_tsc rep_good nopl xtopology nonstop_tsc cpuid extd_apicid aperfmperf rapl pni pclmulqdq monitor ssse3 fma cx16 sse4_1 sse4_2 movbe popcnt aes xsave avx f16c rdrand lahf_lm cmp_legacy svm extapic cr8_legacy abm sse4a misalignsse 3dnowprefetch osvw ibs skinit wdt tce topoext perfctr_core perfctr_nb bpext perfctr_llc mwaitx cpb cat_l3 cdp_l3 hw_pstate ssbd mba ibrs ibpb stibp vmmcall fsgsbase bmi1 avx2 smep bmi2 cqm rdt_a rdseed adx smap clflushopt clwb sha_ni xsaveopt xsavec xgetbv1 xsaves cqm_llc cqm_occup_llc cqm_mbm_total cqm_mbm_local clzero irperf xsaveerptr rdpru wbnoinvd amd_ppin arat npt lbrv svm_lock nrip_save tsc_scale vmcb_clean flushbyasid decodeassists pausefilter pfthreshold avic v_vmsave_vmload vgif v_spec_ctrl umip rdpid overflow_recov succor smca sev sev_es

Online cpus: 0-31
Offline cpus: 
BIOS frequency limitation: <Not Available>
Frequency switch latency (ns): <Not Available>
Available cpu frequencies: <Not Available>
Current governor: <Not Available>
Core performance/turbo boost: <Not Available>

Memory: 4k page, physical 131492232k(123890520k free), swap 8388604k(8388604k free)
Page Sizes: 4k

vm_info: OpenJDK 64-Bit Server VM (21.0.9-internal-adhoc.talzuss.openjdk-mmtk) for linux-amd64 JRE (21.0.9-internal-adhoc.talzuss.openjdk-mmtk), built on 2026-07-06T23:13:08Z by "talzuss" with gcc 13.3.0
heap_info: MMTk OpenJDK 0.32.0 (15c0350-dirty), using MMTk 0.32.0 (e989ca8-dirty, BUILTIN_ENV_LOGGER, DEFAULT, EAGER_SWEEPING, VO_BIT)A

END.
