#
# A fatal error has been detected by the Java Runtime Environment:
#
#  SIGSEGV (0xb) at pc=0x00007cb7c08ad00a, pid=307179, tid=307192
#
# JRE version: OpenJDK Runtime Environment (21.0.9) (build 21.0.9-internal-adhoc.talzuss.openjdk-mmtk)
# Java VM: OpenJDK 64-Bit Server VM (21.0.9-internal-adhoc.talzuss.openjdk-mmtk, mixed mode, sharing, tiered, compressed oops, compressed class ptrs, third-party gc, linux-amd64)
# Problematic frame:
# C  [libmmtk_openjdk.so+0x2ad00a]  _$LT$mmtk..plan..concurrent..immix..gc_work..SatbFinalDrain$LT$VM$GT$$u20$as$u20$mmtk..scheduler..work..GCWork$LT$VM$GT$$GT$::do_work::h99199484dacfec84+0x48a
#
# Core dump will be written. Default location: Core dumps may be processed with "/usr/share/apport/apport -p%p -s%s -c%c -d%d -P%P -u%u -g%g -F%F -- %E" (or dumping to /mydata/mmtk-core/core.307179)
#
# If you would like to submit a bug report, please visit:
#   https://bugreport.java.com/bugreport/crash.jsp
#

---------------  S U M M A R Y ------------

Command Line: -XX:+UseThirdPartyHeap -Xms512m -Xmx512m /mydata/dacapo/dacapo-23.11/dacapo-23.11-MR2-chopin.jar xalan -n 3

Host: AMD EPYC 7302P 16-Core Processor, 32 cores, 125G, Ubuntu 24.04.4 LTS
Time: Tue Jul  7 13:11:57 2026 MDT elapsed time: 3.036455 seconds (0d 0h 0m 3s)

---------------  T H R E A D  ---------------

Current thread (0x00007cb7bc52f2d0):  NamedThread "MMTk Collector Thread" [id=307192, stack(0x0000700acc3fd000,0x0000700acc4fd000) (1024K)]

Stack: [0x0000700acc3fd000,0x0000700acc4fd000],  sp=0x0000700acc4fb910,  free space=1018k
Native frames: (J=compiled Java code, j=interpreted, Vv=VM code, C=native code)
C  [libmmtk_openjdk.so+0x2ad00a]  _$LT$mmtk..plan..concurrent..immix..gc_work..SatbFinalDrain$LT$VM$GT$$u20$as$u20$mmtk..scheduler..work..GCWork$LT$VM$GT$$GT$::do_work::h99199484dacfec84+0x48a

siginfo: si_signo: 11 (SIGSEGV), si_code: 1 (SEGV_MAPERR), si_addr: 0x00007cb92067bb78

Registers:
RAX=0x0000000058000000, RBX=0x000000000000003a, RCX=0x00007cb7c067bb78, RDX=0x0000700a87000000
RSP=0x0000700acc4fb910, RBP=0x0000000041397ff8, RSI=0x0000000041397ff8, RDI=0x0000700a87000001
R8 =0x0000700a600008e0, R9 =0x0000000000000100, R10=0x0000700a3c000030, R11=0xc1ef07a48e6f4cb4
R12=0x0000000000273200, R13=0x00007cb7c0a03828, R14=0x0000000041398ba0, R15=0x0000000000273200
RIP=0x00007cb7c08ad00a, EFLAGS=0x0000000000010206, CSGSFS=0x002b000000000033, ERR=0x0000000000000004
  TRAPNO=0x000000000000000e

XMM[0]=0x0000000000000000 0x0000000000000000
XMM[1]=0x0000000000000000 0x0000700a3c000090
XMM[2]=0x0000ff0000000000 0xff00ffffffffffff
XMM[3]=0x0000000000000000 0x0000000000000000
XMM[4]=0x0000000000000000 0x0000700a3c000090
XMM[5]=0x000000004006ff28 0x000000000000113d
XMM[6]=0x0000000057bbb97d 0x0000000040be2b60
XMM[7]=0x00000000400683a8 0x0000000040058db0
XMM[8]=0x000000004005b4b0 0x000000004035eee0
XMM[9]=0x0000000000000000 0x0000000000000000
XMM[10]=0x3f3f3f3f3f3f3f3f 0x3f3f3f3f3f3f3f3f
XMM[11]=0x9999999999999999 0x9999999999999999
XMM[12]=0x2020202020202020 0x2020202020202020
XMM[13]=0x0000000000000000 0x0000000000000000
XMM[14]=0x0000000000000000 0x0000000000000000
XMM[15]=0x0000000000000000 0x0000000000000000
  MXCSR=0x00001fa2


Register to memory mapping:

RAX=
[error occurred during error reporting (printing register info), id 0xe0000000, Internal Error (/mydata/mmtk-openjdk/openjdk/share/mmtkHeap.cpp:444)]
RBX=
[error occurred during error reporting (printing register info, attempt 2), id 0xe0000000, Internal Error (/mydata/mmtk-openjdk/openjdk/share/mmtkHeap.cpp:444)]
RCX=
[error occurred during error reporting (printing register info, attempt 3), id 0xe0000000, Internal Error (/mydata/mmtk-openjdk/openjdk/share/mmtkHeap.cpp:444)]
Top of Stack: (sp=0x0000700acc4fb910)
0x0000700acc4fb910:   0000000000000055 0000700a8720b608
0x0000700acc4fb920:   0000000041357e30 00007cb7c0a03040
0x0000700acc4fb930:   0000000000000200 0000000000000008
0x0000700acc4fb940:   0000000000010000 0000700a3c011d50
0x0000700acc4fb950:   000000000000be54 0000000000000040
0x0000700acc4fb960:   0000700a3c003c40 000000000000003a
0x0000700acc4fb970:   00007cb7c0749be0 0000700acc4fba18
0x0000700acc4fb980:   0000000000000040 0000700a50001f98
0x0000700acc4fb990:   0000200001398000 0000700a3c003c40
0x0000700acc4fb9a0:   0000700a3c003c40 0000000000000001
0x0000700acc4fb9b0:   00007cb7c0a03828 0000700acc4fba68
0x0000700acc4fb9c0:   0000700acc4fb990 0000700acc4fba58
0x0000700acc4fb9d0:   0000700acc4fba50 0000700acc4fba2f
0x0000700acc4fb9e0:   0000700acc4fba38 0000700acc4fb940
0x0000700acc4fb9f0:   00007cb7bc529b40 00007cb7bc06d080
0x0000700acc4fba00:   00007cb7bc06d400 00007cb7bc5299e0
0x0000700acc4fba10:   0000700acc4fba20 00007cb7c08f6643
0x0000700acc4fba20:   00007cb7bc3dda10 0000000000000001
0x0000700acc4fba30:   0000700a3c003e10 0000000000000400
0x0000700acc4fba40:   0000700a3c00efc0 00000000000003af
0x0000700acc4fba50:   0000000040000000 0000000041398000
0x0000700acc4fba60:   00007cb7c0a03828 0000000000001398
0x0000700acc4fba70:   0000700a8720b360 0000700acc4fb970
0x0000700acc4fba80:   00007cb7c0a03040 0000000000000040
0x0000700acc4fba90:   00007cb7bc06fb00 0000700acc4fb9f0
0x0000700acc4fbaa0:   0000700a3c010d38 0000700a3c00fb00
0x0000700acc4fbab0:   00007cb7bc06ef00 00007cb7bc06ec00
0x0000700acc4fbac0:   00007cb7bc06e900 00007cb7bc06e600
0x0000700acc4fbad0:   00007cb7bc06e300 00007cb7bc06e000
0x0000700acc4fbae0:   00007cb7bc06dd00 00007cb7bc06da00
0x0000700acc4fbaf0:   00007cb7bc06d700 00007cb7c0a03040
0x0000700acc4fbb00:   00007cb7c09c51a8 00007cb7c22add50 

Instructions: (pc=0x00007cb7c08ad00a)
0x00007cb7c08acf0a:   48 89 84 24 78 01 00 00 48 85 db 0f 84 15 0b 00
0x00007cb7c08acf1a:   00 48 8b 84 24 90 00 00 00 48 8d 0c d8 48 89 8c
0x00007cb7c08acf2a:   24 20 01 00 00 eb 36 66 66 66 66 66 66 2e 0f 1f
0x00007cb7c08acf3a:   84 00 00 00 00 00 48 8d 94 24 a0 00 00 00 e8 63
0x00007cb7c08acf4a:   3f fd ff 48 8b 84 24 88 00 00 00 48 83 c0 08 48
0x00007cb7c08acf5a:   3b 84 24 20 01 00 00 0f 84 c9 0a 00 00 48 89 84
0x00007cb7c08acf6a:   24 88 00 00 00 48 8b 30 4c 89 ac 24 a0 00 00 00
0x00007cb7c08acf7a:   48 8d 84 24 58 01 00 00 48 89 84 24 a8 00 00 00
0x00007cb7c08acf8a:   48 8d 84 24 80 00 00 00 48 89 84 24 b0 00 00 00
0x00007cb7c08acf9a:   48 8d 84 24 48 01 00 00 48 89 84 24 b8 00 00 00
0x00007cb7c08acfaa:   48 8d 84 24 40 01 00 00 48 89 84 24 c0 00 00 00
0x00007cb7c08acfba:   48 8d 84 24 1f 01 00 00 48 89 84 24 c8 00 00 00
0x00007cb7c08acfca:   48 8d 84 24 28 01 00 00 48 89 84 24 d0 00 00 00
0x00007cb7c08acfda:   48 8d 44 24 30 48 89 84 24 d8 00 00 00 8b 46 08
0x00007cb7c08acfea:   48 8b 15 27 77 15 00 48 8b 0d 28 77 15 00 48 d3
0x00007cb7c08acffa:   e0 48 8d 3c 10 8b 44 10 0c 48 8d 0d 6e eb dc ff
0x00007cb7c08ad00a:   48 63 04 81 48 01 c8 ff e0 48 89 74 24 10 48 89
0x00007cb7c08ad01a:   bc 24 60 01 00 00 48 63 87 28 01 00 00 48 85 c0
0x00007cb7c08ad02a:   0f 84 7b 07 00 00 48 8b 94 24 60 01 00 00 48 63
0x00007cb7c08ad03a:   8a ac 00 00 00 48 8d 0c ca 48 63 92 2c 01 00 00
0x00007cb7c08ad04a:   48 8d 34 d1 48 8d 1c d1 48 81 c3 d8 01 00 00 48
0x00007cb7c08ad05a:   8d 04 c6 48 05 d8 01 00 00 48 89 44 24 08 eb 15
0x00007cb7c08ad06a:   66 0f 1f 44 00 00 48 83 c3 08 48 3b 5c 24 08 0f
0x00007cb7c08ad07a:   84 2c 07 00 00 44 8b 63 04 4d 85 e4 74 e8 4c 63
0x00007cb7c08ad08a:   2b 4c 03 6c 24 10 45 31 ff eb 24 66 66 2e 0f 1f
0x00007cb7c08ad09a:   84 00 00 00 00 00 48 8b 44 24 38 4a 89 2c f0 49
0x00007cb7c08ad0aa:   ff c6 4c 89 74 24 40 49 ff c7 4d 39 e7 74 b7 4a
0x00007cb7c08ad0ba:   8d 34 bd 00 00 00 00 4c 01 ee 48 89 f0 48 b9 ff
0x00007cb7c08ad0ca:   ff ff ff ff ff ff 7f 48 21 c8 48 89 c1 48 2b 0d
0x00007cb7c08ad0da:   a2 67 15 00 48 89 cf 48 c1 ef 0c 48 3b bc 24 58
0x00007cb7c08ad0ea:   01 00 00 75 41 48 8b 8c 24 80 00 00 00 48 8b 94
0x00007cb7c08ad0fa:   24 48 01 00 00 48 29 d0 8b 2c 01 48 85 ed 74 a7 


Stack slot to memory mapping:

stack at sp + 0 slots: 
[error occurred during error reporting (inspecting top of stack), id 0xe0000000, Internal Error (/mydata/mmtk-openjdk/openjdk/share/mmtkHeap.cpp:444)]
stack at sp + 1 slots: 
[error occurred during error reporting (inspecting top of stack, attempt 2), id 0xe0000000, Internal Error (/mydata/mmtk-openjdk/openjdk/share/mmtkHeap.cpp:444)]
stack at sp + 2 slots: 
[error occurred during error reporting (inspecting top of stack, attempt 3), id 0xe0000000, Internal Error (/mydata/mmtk-openjdk/openjdk/share/mmtkHeap.cpp:444)]

---------------  P R O C E S S  ---------------

Threads class SMR info:
_java_thread_list=0x00007009f80997a0, length=56, elements={
0x00007cb7bc02b240, 0x00007cb7bc5247c0, 0x00007cb7bc526050, 0x00007cb7bc527b60,
0x00007cb7bc546390, 0x00007cb7bc547ce0, 0x00007cb7bc5495a0, 0x00007cb7bc54b3e0,
0x00007cb7bc554db0, 0x0000700a0003da40, 0x0000700a0003f040, 0x00007cb7bc5a4150,
0x00007cb7bc5a7150, 0x0000700a0004b550, 0x0000700a0007d6b0, 0x0000700a0007ed20,
0x00007009e80017a0, 0x00007cb7bc7a5e90, 0x00007cb7bc7a68b0, 0x00007cb7bc7a7730,
0x00007cb7bc7a8d00, 0x00007cb7bc7aa030, 0x00007cb7bc7ab400, 0x00007cb7bc7ac7d0,
0x00007cb7bc7add40, 0x00007cb7bc7cf6c0, 0x00007cb7bc7d0260, 0x00007cb7bc7d17d0,
0x00007cb7bc7d2d60, 0x00007cb7bc7d4210, 0x00007cb7bc7d56c0, 0x00007cb7bc3df1f0,
0x00007cb7bc3e0210, 0x00007cb7bc3e1a50, 0x00007cb7bc7c7f70, 0x00007cb7bc7c9390,
0x00007cb7bc7ca8e0, 0x00007cb7bc7cbec0, 0x00007cb7bc7cd4a0, 0x00007cb7bc7ce940,
0x00007cb7bc5bfc40, 0x00007cb7bc5c1030, 0x00007cb7bc5c24d0, 0x00007cb7bc5c3d60,
0x00007cb7bc5c55f0, 0x00007cb7bc5defc0, 0x00007cb7bc5e0470, 0x00007cb7bc5e1cc0,
0x00007cb7bc5e34f0, 0x00007009f8080220, 0x00007009f8081980, 0x00007009f8083110,
0x000070094c03d630, 0x00007009dc0be4d0, 0x00007009580b1bb0, 0x00007009f8098300
}

Java Threads: ( => current thread )
  0x00007cb7bc02b240 JavaThread "main"                              [_thread_blocked, id=307180, stack(0x00007cb7c0b00000,0x00007cb7c0c00000) (1024K)]
  0x00007cb7bc5247c0 JavaThread "Reference Handler"          daemon [_thread_blocked, id=307186, stack(0x00007cb7844fd000,0x00007cb7845fd000) (1024K)]
  0x00007cb7bc526050 JavaThread "Finalizer"                  daemon [_thread_blocked, id=307187, stack(0x0000700ad02fc000,0x0000700ad03fc000) (1024K)]
  0x00007cb7bc527b60 JavaThread "MMTk Finalizer Thread"      daemon [_thread_blocked, id=307188, stack(0x0000700accaff000,0x0000700accbff000) (1024K)]
  0x00007cb7bc546390 JavaThread "Signal Dispatcher"          daemon [_thread_blocked, id=307212, stack(0x0000700a85ef0000,0x0000700a85ff0000) (1024K)]
  0x00007cb7bc547ce0 JavaThread "Service Thread"             daemon [_thread_blocked, id=307213, stack(0x0000700a85df0000,0x0000700a85ef0000) (1024K)]
  0x00007cb7bc5495a0 JavaThread "Monitor Deflation Thread"   daemon [_thread_blocked, id=307214, stack(0x0000700a85cf0000,0x0000700a85df0000) (1024K)]
  0x00007cb7bc54b3e0 JavaThread "C2 CompilerThread0"         daemon [_thread_blocked, id=307215, stack(0x0000700a85bf0000,0x0000700a85cf0000) (1024K)]
  0x00007cb7bc554db0 JavaThread "C1 CompilerThread0"         daemon [_thread_blocked, id=307216, stack(0x0000700a85af0000,0x0000700a85bf0000) (1024K)]
  0x0000700a0003da40 JavaThread "C1 CompilerThread1"         daemon [_thread_blocked, id=307217, stack(0x0000700a859f0000,0x0000700a85af0000) (1024K)]
  0x0000700a0003f040 JavaThread "C1 CompilerThread2"         daemon [_thread_blocked, id=307218, stack(0x0000700a858f0000,0x0000700a859f0000) (1024K)]
  0x00007cb7bc5a4150 JavaThread "Notification Thread"        daemon [_thread_blocked, id=307219, stack(0x0000700a857f0000,0x0000700a858f0000) (1024K)]
  0x00007cb7bc5a7150 JavaThread "Common-Cleaner"             daemon [_thread_blocked, id=307220, stack(0x0000700a856f0000,0x0000700a857f0000) (1024K)]
  0x0000700a0004b550 JavaThread "C2 CompilerThread1"         daemon [_thread_blocked, id=307221, stack(0x0000700a855f0000,0x0000700a856f0000) (1024K)]
  0x0000700a0007d6b0 JavaThread "C1 CompilerThread3"         daemon [_thread_blocked, id=307222, stack(0x0000700a854f0000,0x0000700a855f0000) (1024K)]
  0x0000700a0007ed20 JavaThread "C1 CompilerThread4"         daemon [_thread_blocked, id=307223, stack(0x0000700a853f0000,0x0000700a854f0000) (1024K)]
  0x00007009e80017a0 JavaThread "C2 CompilerThread2"         daemon [_thread_blocked, id=307224, stack(0x0000700a852f0000,0x0000700a853f0000) (1024K)]
  0x00007cb7bc7a5e90 JavaThread "Thread-0"                          [_thread_blocked, id=307225, stack(0x0000700a851f0000,0x0000700a852f0000) (1024K)]
  0x00007cb7bc7a68b0 JavaThread "Thread-1"                          [_thread_blocked, id=307226, stack(0x0000700a850f0000,0x0000700a851f0000) (1024K)]
  0x00007cb7bc7a7730 JavaThread "Thread-2"                          [_thread_blocked, id=307227, stack(0x0000700a84ff0000,0x0000700a850f0000) (1024K)]
  0x00007cb7bc7a8d00 JavaThread "Thread-3"                          [_thread_blocked, id=307228, stack(0x0000700a84ef0000,0x0000700a84ff0000) (1024K)]
  0x00007cb7bc7aa030 JavaThread "Thread-4"                          [_thread_blocked, id=307229, stack(0x0000700a84df0000,0x0000700a84ef0000) (1024K)]
  0x00007cb7bc7ab400 JavaThread "Thread-5"                          [_thread_blocked, id=307230, stack(0x0000700a84cf0000,0x0000700a84df0000) (1024K)]
  0x00007cb7bc7ac7d0 JavaThread "Thread-6"                          [_thread_blocked, id=307231, stack(0x0000700a84bf0000,0x0000700a84cf0000) (1024K)]
  0x00007cb7bc7add40 JavaThread "Thread-7"                          [_thread_blocked, id=307232, stack(0x0000700a84af0000,0x0000700a84bf0000) (1024K)]
  0x00007cb7bc7cf6c0 JavaThread "Thread-8"                          [_thread_blocked, id=307233, stack(0x0000700a849f0000,0x0000700a84af0000) (1024K)]
  0x00007cb7bc7d0260 JavaThread "Thread-9"                          [_thread_blocked, id=307234, stack(0x0000700a848f0000,0x0000700a849f0000) (1024K)]
  0x00007cb7bc7d17d0 JavaThread "Thread-10"                         [_thread_blocked, id=307235, stack(0x0000700a847f0000,0x0000700a848f0000) (1024K)]
  0x00007cb7bc7d2d60 JavaThread "Thread-11"                         [_thread_blocked, id=307236, stack(0x0000700a846f0000,0x0000700a847f0000) (1024K)]
  0x00007cb7bc7d4210 JavaThread "Thread-12"                         [_thread_blocked, id=307237, stack(0x0000700a845f0000,0x0000700a846f0000) (1024K)]
  0x00007cb7bc7d56c0 JavaThread "Thread-13"                         [_thread_blocked, id=307238, stack(0x0000700a844f0000,0x0000700a845f0000) (1024K)]
  0x00007cb7bc3df1f0 JavaThread "Thread-14"                         [_thread_blocked, id=307239, stack(0x0000700a843f0000,0x0000700a844f0000) (1024K)]
  0x00007cb7bc3e0210 JavaThread "Thread-15"                         [_thread_blocked, id=307240, stack(0x0000700a842f0000,0x0000700a843f0000) (1024K)]
  0x00007cb7bc3e1a50 JavaThread "Thread-16"                         [_thread_blocked, id=307241, stack(0x0000700a841f0000,0x0000700a842f0000) (1024K)]
  0x00007cb7bc7c7f70 JavaThread "Thread-17"                         [_thread_blocked, id=307242, stack(0x0000700a840f0000,0x0000700a841f0000) (1024K)]
  0x00007cb7bc7c9390 JavaThread "Thread-18"                         [_thread_blocked, id=307243, stack(0x0000700993f00000,0x0000700994000000) (1024K)]
  0x00007cb7bc7ca8e0 JavaThread "Thread-19"                         [_thread_blocked, id=307244, stack(0x0000700993e00000,0x0000700993f00000) (1024K)]
  0x00007cb7bc7cbec0 JavaThread "Thread-20"                         [_thread_blocked, id=307245, stack(0x0000700993d00000,0x0000700993e00000) (1024K)]
  0x00007cb7bc7cd4a0 JavaThread "Thread-21"                         [_thread_blocked, id=307246, stack(0x0000700993c00000,0x0000700993d00000) (1024K)]
  0x00007cb7bc7ce940 JavaThread "Thread-22"                         [_thread_blocked, id=307247, stack(0x0000700993b00000,0x0000700993c00000) (1024K)]
  0x00007cb7bc5bfc40 JavaThread "Thread-23"                         [_thread_blocked, id=307248, stack(0x0000700993a00000,0x0000700993b00000) (1024K)]
  0x00007cb7bc5c1030 JavaThread "Thread-24"                         [_thread_blocked, id=307249, stack(0x0000700993900000,0x0000700993a00000) (1024K)]
  0x00007cb7bc5c24d0 JavaThread "Thread-25"                         [_thread_blocked, id=307250, stack(0x0000700993800000,0x0000700993900000) (1024K)]
  0x00007cb7bc5c3d60 JavaThread "Thread-26"                         [_thread_blocked, id=307251, stack(0x0000700993700000,0x0000700993800000) (1024K)]
  0x00007cb7bc5c55f0 JavaThread "Thread-27"                         [_thread_blocked, id=307252, stack(0x0000700993600000,0x0000700993700000) (1024K)]
  0x00007cb7bc5defc0 JavaThread "Thread-28"                         [_thread_blocked, id=307253, stack(0x0000700993500000,0x0000700993600000) (1024K)]
  0x00007cb7bc5e0470 JavaThread "Thread-29"                         [_thread_blocked, id=307254, stack(0x0000700993400000,0x0000700993500000) (1024K)]
  0x00007cb7bc5e1cc0 JavaThread "Thread-30"                         [_thread_blocked, id=307255, stack(0x0000700993300000,0x0000700993400000) (1024K)]
  0x00007cb7bc5e34f0 JavaThread "Thread-31"                         [_thread_blocked, id=307256, stack(0x0000700993200000,0x0000700993300000) (1024K)]
  0x00007009f8080220 JavaThread "C2 CompilerThread3"         daemon [_thread_blocked, id=307257, stack(0x0000700993100000,0x0000700993200000) (1024K)]
  0x00007009f8081980 JavaThread "C2 CompilerThread4"         daemon [_thread_in_native, id=307258, stack(0x0000700993000000,0x0000700993100000) (1024K)]
  0x00007009f8083110 JavaThread "C2 CompilerThread5"         daemon [_thread_blocked, id=307259, stack(0x0000700992f00000,0x0000700993000000) (1024K)]
  0x000070094c03d630 JavaThread "C2 CompilerThread6"         daemon [_thread_in_native, id=307260, stack(0x0000700992e00000,0x0000700992f00000) (1024K)]
  0x00007009dc0be4d0 JavaThread "C2 CompilerThread7"         daemon [_thread_blocked, id=307261, stack(0x0000700992d00000,0x0000700992e00000) (1024K)]
  0x00007009580b1bb0 JavaThread "C2 CompilerThread8"         daemon [_thread_blocked, id=307262, stack(0x0000700992c00000,0x0000700992d00000) (1024K)]
  0x00007009f8098300 JavaThread "C2 CompilerThread9"         daemon [_thread_blocked, id=307263, stack(0x0000700992b00000,0x0000700992c00000) (1024K)]
Total: 56

Other Threads:
  0x00007cb7bc519310 VMThread "VM Thread"                           [id=307185, stack(0x00007cb7845fe000,0x00007cb7846fe000) (1024K)]
  0x00007cb7bc506f40 WatcherThread "VM Periodic Task Thread"        [id=307184, stack(0x00007cb7846ff000,0x00007cb7847ff000) (1024K)]

=>0x00007cb7bc52f2d0 (exited) NamedThread "MMTk Collector Thread"   [id=307192, stack(0x0000700acc3fd000,0x0000700acc4fd000) (1024K)]
Total: 3

Threads with active compile tasks:
C2 CompilerThread0  3039 2862 % !   4       org.apache.xerces.impl.XMLDocumentFragmentScannerImpl$FragmentContentDispatcher::dispatch @ 0 (1118 bytes)
C1 CompilerThread2  3039 2951       2       org.apache.xerces.impl.XMLEntityManager::createReader (347 bytes)
C2 CompilerThread1  3039 2463       4       org.apache.xpath.axes.NodeSequence::detach (22 bytes)
C2 CompilerThread2  3039 2841       4       org.apache.xerces.impl.XMLNSDocumentScannerImpl::scanStartElement (866 bytes)
C2 CompilerThread3  3039 2911       4       org.apache.xml.utils.FastStringBuffer::append (239 bytes)
C2 CompilerThread4  3039 2299   !   4       org.apache.xalan.templates.ElemApplyTemplates::transformSelectedNodes (979 bytes)
C2 CompilerThread5  3039 2425   !   4       org.apache.xalan.templates.ElemLiteralResult::execute (312 bytes)
C2 CompilerThread6  3039 2914       4       org.apache.xml.serializer.ToHTMLStream::processAttributes (42 bytes)
C2 CompilerThread7  3039 2680   !   4       org.apache.xalan.templates.AVT::evaluate (112 bytes)
C2 CompilerThread8  3039 2493       4       org.apache.xml.serializer.SerializerBase::getProp (62 bytes)
C2 CompilerThread9  3039 2445       4       org.apache.xml.serializer.ToStream::startPrefixMapping (128 bytes)
Total: 11

VM state: at safepoint (normal execution)

VM Mutex/Monitor currently owned by a thread:  ([mutex/lock_event])
[0x00007cb7c21580d0] Threads_lock - owner thread: 0x00007cb7bc519310
[0x00007cb7c2157fd0] Heap_lock - owner thread: 0x00007cb7bc3e2850

Heap address: 0x0000000040000000, size: 3072 MB, Compressed Oops mode: 32-bit

CDS archive(s) mapped at: [0x0000700a87000000-0x0000700a87ca3000-0x0000700a87ca3000), size 13250560, SharedBaseAddress: 0x0000700a87000000, ArchiveRelocationMode: 1.
Compressed class space mapped at: 0x0000700a88000000-0x0000700ac8000000, reserved size: 1073741824
Narrow klass base: 0x0000700a87000000, Narrow klass shift: 0, Narrow klass range: 0x100000000

GC Precious Log:
<Empty>

Heap:

[error occurred during error reporting (printing heap information), id 0xe0000000, Internal Error (/mydata/mmtk-openjdk/openjdk/share/mmtkHeap.cpp:424)]
Metaspace:

Usage:
  Non-class:      7.00 MB used.
      Class:    964.48 KB used.
       Both:      7.94 MB used.

Virtual space:
  Non-class space:       64.00 MB reserved,       7.06 MB ( 11%) committed,  1 nodes.
      Class space:        1.00 GB reserved,       1.06 MB ( <1%) committed,  1 nodes.
             Both:        1.06 GB reserved,       8.12 MB ( <1%) committed. 

Chunk freelists:
   Non-Class:  7.38 MB
       Class:  14.99 MB
        Both:  22.37 MB

MaxMetaspaceSize: unlimited
CompressedClassSpaceSize: 1.00 GB
Initial GC threshold: 21.00 MB
Current GC threshold: 21.00 MB
CDS: on
 - commit_granule_bytes: 65536.
 - commit_granule_words: 8192.
 - virtual_space_node_default_size: 8388608.
 - enlarge_chunks_in_place: 1.
 - use_allocation_guard: 0.


Internal statistics:

num_allocs_failed_limit: 0.
num_arena_births: 118.
num_arena_deaths: 0.
num_vsnodes_births: 2.
num_vsnodes_deaths: 0.
num_space_committed: 130.
num_space_uncommitted: 0.
num_chunks_returned_to_freelist: 0.
num_chunks_taken_from_freelist: 372.
num_chunk_merges: 0.
num_chunk_splits: 257.
num_chunks_enlarged: 198.
num_inconsistent_stats: 0.

CodeHeap 'non-profiled nmethods': size=118880Kb used=1340Kb max_used=1340Kb free=117539Kb
 bounds [0x00007cb7ac3e8000, 0x00007cb7ac658000, 0x00007cb7b3800000]
CodeHeap 'profiled nmethods': size=118876Kb used=6266Kb max_used=6266Kb free=112609Kb
 bounds [0x00007cb7a4800000, 0x00007cb7a4e20000, 0x00007cb7abc17000]
CodeHeap 'non-nmethods': size=8004Kb used=3627Kb max_used=3669Kb free=4376Kb
 bounds [0x00007cb7abc17000, 0x00007cb7abfb7000, 0x00007cb7ac3e8000]
CodeCache: size=245760Kb, used=11233Kb, max_used=11275Kb, free=234524Kb
 total_blobs=3375, nmethods=2887, adapters=381, full_count=0
Compilation: enabled, stopped_count=0, restarted_count=0

Compilation events (20 events):
Event: 3.005 Thread 0x0000700a0007ed20 nmethod 2954 0x00007cb7a4e16e10 code [0x00007cb7a4e16fa0, 0x00007cb7a4e17260]
Event: 3.005 Thread 0x0000700a0007ed20 2961       2       org.apache.xml.dtm.ref.DTMDefaultBase::declareNamespaceInContext (274 bytes)
Event: 2.998 Thread 0x0000700a0003da40 nmethod 2956 0x00007cb7a4e09790 code [0x00007cb7a4e09cc0, 0x00007cb7a4e0bb90]
Event: 2.999 Thread 0x00007cb7bc554db0 nmethod 2946 0x00007cb7a4e0d110 code [0x00007cb7a4e0d600, 0x00007cb7a4e0fda8]
Event: 3.029 Thread 0x0000700a0007ed20 nmethod 2961 0x00007cb7a4e17310 code [0x00007cb7a4e17660, 0x00007cb7a4e18948]
Event: 3.029 Thread 0x0000700a0007ed20 2970       2       org.apache.xpath.VariableStack::getGlobalVariable (48 bytes)
Event: 3.030 Thread 0x00007cb7bc554db0 2950       2       org.apache.xerces.impl.XMLEntityManager$RewindableInputStream::reset (9 bytes)
Event: 3.030 Thread 0x0000700a0007ed20 nmethod 2970 0x00007cb7a4e19690 code [0x00007cb7a4e19860, 0x00007cb7a4e19b90]
Event: 3.031 Thread 0x0000700a0007d6b0 nmethod 2960 0x00007cb7a4e19d90 code [0x00007cb7a4e1a2a0, 0x00007cb7a4e1c4c0]
Event: 3.031 Thread 0x00007cb7bc554db0 nmethod 2950 0x00007cb7a4e1e690 code [0x00007cb7a4e1e820, 0x00007cb7a4e1e920]
Event: 3.031 Thread 0x00007009f8080220 nmethod 2152 0x00007cb7ac528390 code [0x00007cb7ac5288c0, 0x00007cb7ac52afa0]
Event: 3.031 Thread 0x00007009580b1bb0 nmethod 2427 0x00007cb7ac52ca90 code [0x00007cb7ac52cfa0, 0x00007cb7ac52f6a8]
Event: 3.031 Thread 0x00007009f8080220 2911       4       org.apache.xml.utils.FastStringBuffer::append (239 bytes)
Event: 3.031 Thread 0x00007009580b1bb0 2909       4       org.apache.xpath.XPathContext::pushNamespaceContext (10 bytes)
Event: 3.032 Thread 0x0000700a0004b550 nmethod 2428 0x00007cb7ac531310 code [0x00007cb7ac531840, 0x00007cb7ac5346f8]
Event: 3.032 Thread 0x0000700a0004b550 2972       4       java.util.HashMap::clear (50 bytes)
Event: 3.033 Thread 0x0000700a0004b550 nmethod 2972 0x00007cb7ac536910 code [0x00007cb7ac536a80, 0x00007cb7ac536b30]
Event: 3.033 Thread 0x0000700a0004b550 2463       4       org.apache.xpath.axes.NodeSequence::detach (22 bytes)
Event: 3.033 Thread 0x00007009580b1bb0 nmethod 2909 0x00007cb7ac536c10 code [0x00007cb7ac536da0, 0x00007cb7ac536f58]
Event: 3.033 Thread 0x00007009580b1bb0 2493       4       org.apache.xml.serializer.SerializerBase::getProp (62 bytes)

GC Heap History (0 events):
No events

Dll operation events (7 events):
Event: 0.001 Loaded shared library /mydata/openjdk-mmtk/build/b0test/images/jdk/lib/libjava.so
Event: 2.204 Loaded shared library /mydata/openjdk-mmtk/build/b0test/images/jdk/lib/libjsvml.so
Event: 2.217 Loaded shared library /mydata/openjdk-mmtk/build/b0test/images/jdk/lib/libnio.so
Event: 2.221 Loaded shared library /mydata/openjdk-mmtk/build/b0test/images/jdk/lib/libzip.so
Event: 2.234 Loaded shared library /mydata/openjdk-mmtk/build/b0test/images/jdk/lib/libjimage.so
Event: 2.261 Loaded shared library /mydata/openjdk-mmtk/build/b0test/images/jdk/lib/libnet.so
Event: 2.363 Loaded shared library /mydata/openjdk-mmtk/build/b0test/images/jdk/lib/libverify.so

Deoptimization events (20 events):
Event: 2.873 Thread 0x00007cb7bc5e34f0 DEOPT PACKING pc=0x00007cb7ac4f3378 sp=0x00007009932fe300
Event: 2.873 Thread 0x00007cb7bc5e34f0 DEOPT UNPACKING pc=0x00007cb7abc6a899 sp=0x00007009932fe248 mode 2
Event: 2.866 Thread 0x00007cb7bc5c24d0 Uncommon trap: trap_request=0xffffff6e fr.pc=0x00007cb7ac4ed8f0 relative=0x0000000000000370
Event: 2.874 Thread 0x00007cb7bc5c24d0 Uncommon trap: reason=loop_limit_check action=maybe_recompile pc=0x00007cb7ac4ed8f0 method=org.apache.xml.dtm.ref.DTMDefaultBase.getFirstAttributeIdentity(I)I @ 19 c2
Event: 2.874 Thread 0x00007cb7bc5c24d0 DEOPT PACKING pc=0x00007cb7ac4ed8f0 sp=0x00007009938fb0a0
Event: 2.874 Thread 0x00007cb7bc5c24d0 DEOPT UNPACKING pc=0x00007cb7abc6a899 sp=0x00007009938fb060 mode 2
Event: 2.942 Thread 0x00007cb7bc7c9390 DEOPT PACKING pc=0x00007cb7a4d49d00 sp=0x0000700993ffe490
Event: 2.942 Thread 0x00007cb7bc7c9390 DEOPT UNPACKING pc=0x00007cb7abc6b02f sp=0x0000700993ffda70 mode 0
Event: 2.958 Thread 0x00007cb7bc7cd4a0 DEOPT PACKING pc=0x00007cb7a4d4c8e6 sp=0x0000700993cfe480
Event: 2.958 Thread 0x00007cb7bc7cd4a0 DEOPT UNPACKING pc=0x00007cb7abc6b02f sp=0x0000700993cfd960 mode 0
Event: 2.973 Thread 0x00007cb7bc3e0210 DEOPT PACKING pc=0x00007cb7a4d465be sp=0x0000700a843ee600
Event: 2.973 Thread 0x00007cb7bc3e0210 DEOPT UNPACKING pc=0x00007cb7abc6b02f sp=0x0000700a843edbf8 mode 0
Event: 2.992 Thread 0x00007cb7bc7a5e90 Uncommon trap: trap_request=0xffffffde fr.pc=0x00007cb7ac48fd4c relative=0x000000000000030c
Event: 2.992 Thread 0x00007cb7bc7a5e90 Uncommon trap: reason=class_check action=maybe_recompile pc=0x00007cb7ac48fd4c method=java.io.Writer.write(Ljava/lang/String;)V @ 7 c2
Event: 2.992 Thread 0x00007cb7bc7a5e90 DEOPT PACKING pc=0x00007cb7ac48fd4c sp=0x0000700a852ee810
Event: 2.992 Thread 0x00007cb7bc7a5e90 DEOPT UNPACKING pc=0x00007cb7abc6a899 sp=0x0000700a852ee7c8 mode 2
Event: 2.992 Thread 0x00007cb7bc7a5e90 Uncommon trap: trap_request=0xffffffde fr.pc=0x00007cb7ac48c91c relative=0x000000000000089c
Event: 2.992 Thread 0x00007cb7bc7a5e90 Uncommon trap: reason=class_check action=maybe_recompile pc=0x00007cb7ac48c91c method=java.nio.charset.CharsetEncoder.encode(Ljava/nio/CharBuffer;Ljava/nio/ByteBuffer;Z)Ljava/nio/charset/CoderResult; @ 57 c2
Event: 2.992 Thread 0x00007cb7bc7a5e90 DEOPT PACKING pc=0x00007cb7ac48c91c sp=0x0000700a852ee6b0
Event: 2.992 Thread 0x00007cb7bc7a5e90 DEOPT UNPACKING pc=0x00007cb7abc6a899 sp=0x0000700a852ee468 mode 2

Classes loaded (20 events):
Event: 2.633 Loading class java/util/ResourceBundle$KeyElementReference
Event: 2.633 Loading class java/util/ResourceBundle$CacheKeyReference
Event: 2.633 Loading class java/util/ResourceBundle$CacheKeyReference done
Event: 2.633 Loading class java/util/ResourceBundle$KeyElementReference done
Event: 2.633 Loading class java/util/ResourceBundle$Control$2
Event: 2.633 Loading class java/util/ResourceBundle$Control$2 done
Event: 2.634 Loading class sun/util/PropertyResourceBundleCharset
Event: 2.634 Loading class sun/util/PropertyResourceBundleCharset done
Event: 2.634 Loading class sun/util/PropertyResourceBundleCharset$PropertiesFileDecoder
Event: 2.634 Loading class sun/util/PropertyResourceBundleCharset$PropertiesFileDecoder done
Event: 2.635 Loading class java/util/ResourceBundle$BundleReference
Event: 2.635 Loading class java/util/ResourceBundle$BundleReference done
Event: 2.636 Loading class sun/util/ResourceBundleEnumeration
Event: 2.636 Loading class sun/util/ResourceBundleEnumeration done
Event: 2.659 Loading class sun/nio/cs/ISO_8859_1$Encoder
Event: 2.659 Loading class sun/nio/cs/ISO_8859_1$Encoder done
Event: 2.677 Loading class java/util/ResourceBundle$Control$1
Event: 2.677 Loading class java/util/ResourceBundle$Control$1 done
Event: 2.704 Loading class java/lang/foreign/MemorySegment
Event: 2.705 Loading class java/lang/foreign/MemorySegment done

Classes unloaded (0 events):
No events

Classes redefined (0 events):
No events

Internal exceptions (13 events):
Event: 2.228 Thread 0x00007cb7bc02b240 Exception <a 'java/lang/NoSuchMethodError'{0x000000004033c090}: 'java.lang.Object java.lang.invoke.DirectMethodHandle$Holder.newInvokeSpecial(java.lang.Object, int, java.lang.Object)'> (0x000000004033c090) 
thrown [src/hotspot/share/interpreter/linkResolver.cpp, line 772]
Event: 2.237 Thread 0x00007cb7bc02b240 Exception <a 'java/lang/NoSuchMethodError'{0x00000000402f9e28}: 'void java.lang.invoke.DirectMethodHandle$Holder.invokeStatic(java.lang.Object, java.lang.Object)'> (0x00000000402f9e28) 
thrown [src/hotspot/share/interpreter/linkResolver.cpp, line 772]
Event: 2.238 Thread 0x00007cb7bc02b240 Exception <a 'java/lang/NoSuchMethodError'{0x00000000402fd820}: 'void java.lang.invoke.DirectMethodHandle$Holder.invokeSpecial(java.lang.Object, java.lang.Object, java.lang.Object)'> (0x00000000402fd820) 
thrown [src/hotspot/share/interpreter/linkResolver.cpp, line 772]
Event: 2.280 Thread 0x00007cb7bc02b240 Exception <a 'java/lang/NoSuchMethodError'{0x00000000401b5ca8}: 'void java.lang.invoke.DirectMethodHandle$Holder.invokeVirtual(java.lang.Object, java.lang.Object)'> (0x00000000401b5ca8) 
thrown [src/hotspot/share/interpreter/linkResolver.cpp, line 772]
Event: 2.288 Thread 0x00007cb7bc02b240 Exception <a 'java/io/FileNotFoundException'{0x0000000040180bc0}> (0x0000000040180bc0) 
thrown [src/hotspot/share/prims/jni.cpp, line 520]
Event: 2.298 Thread 0x00007cb7bc02b240 Exception <a 'java/lang/NoSuchMethodError'{0x0000000040121860}: 'java.lang.Object java.lang.invoke.Invokers$Holder.invokeExact_MT(java.lang.Object, java.lang.Object, java.lang.Object, java.lang.Object, java.lang.Object)'> (0x0000000040121860) 
thrown [src/hotspot/share/interpreter/linkResolver.cpp, line 772]
Event: 2.487 Thread 0x00007cb7bc02b240 Exception <a 'java/lang/NoSuchMethodError'{0x0000000040eaa518}: 'void java.lang.invoke.DirectMethodHandle$Holder.invokeVirtual(java.lang.Object, java.lang.Object, int)'> (0x0000000040eaa518) 
thrown [src/hotspot/share/interpreter/linkResolver.cpp, line 772]
Event: 2.487 Thread 0x00007cb7bc02b240 Exception <a 'java/lang/NoSuchMethodError'{0x0000000040eaec40}: 'int java.lang.invoke.DirectMethodHandle$Holder.invokeSpecial(java.lang.Object, java.lang.Object, java.lang.Object, int)'> (0x0000000040eaec40) 
thrown [src/hotspot/share/interpreter/linkResolver.cpp, line 772]
Event: 2.489 Thread 0x00007cb7bc02b240 Exception <a 'java/lang/NoSuchMethodError'{0x0000000040e909e0}: 'java.lang.Object java.lang.invoke.DirectMethodHandle$Holder.invokeStatic(java.lang.Object, java.lang.Object, java.lang.Object, java.lang.Object, int)'> (0x0000000040e909e0) 
thrown [src/hotspot/share/interpreter/linkResolver.cpp, line 772]
Event: 2.490 Thread 0x00007cb7bc02b240 Exception <a 'java/lang/NoSuchMethodError'{0x0000000040e8bbe0}: 'void java.lang.invoke.DelegatingMethodHandle$Holder.reinvoke_L(java.lang.Object, java.lang.Object, int)'> (0x0000000040e8bbe0) 
thrown [src/hotspot/share/interpreter/linkResolver.cpp, line 772]
Event: 2.491 Thread 0x00007cb7bc02b240 Exception <a 'java/lang/NoSuchMethodError'{0x0000000040e82938}: 'int java.lang.invoke.DirectMethodHandle$Holder.invokeSpecial(java.lang.Object, java.lang.Object, java.lang.Object)'> (0x0000000040e82938) 
thrown [src/hotspot/share/interpreter/linkResolver.cpp, line 772]
Event: 2.561 Thread 0x00007cb7bc02b240 Exception <a 'java/lang/NoSuchMethodError'{0x00000000413b4670}: 'void java.lang.invoke.DelegatingMethodHandle$Holder.reinvoke_L(java.lang.Object, java.lang.Object, int, int)'> (0x00000000413b4670) 
thrown [src/hotspot/share/interpreter/linkResolver.cpp, line 772]
Event: 2.631 Thread 0x00007cb7bc7cbec0 Exception <a 'java/lang/NoSuchMethodError'{0x00000000408d3da0}: 'java.lang.Object java.lang.invoke.DirectMethodHandle$Holder.invokeInterface(java.lang.Object, java.lang.Object)'> (0x00000000408d3da0) 
thrown [src/hotspot/share/interpreter/linkResolver.cpp, line 772]

ZGC Phase Switch (0 events):
No events

VM Operations (20 events):
Event: 2.597 Executing VM operation: ThirdPartyHeapOperation done
Event: 2.608 Executing VM operation: HandshakeAllThreads (Deoptimize)
Event: 2.608 Executing VM operation: HandshakeAllThreads (Deoptimize) done
Event: 2.628 Executing VM operation: HandshakeAllThreads (Deoptimize)
Event: 2.628 Executing VM operation: HandshakeAllThreads (Deoptimize) done
Event: 2.691 Executing VM operation: HandshakeAllThreads (Deoptimize)
Event: 2.691 Executing VM operation: HandshakeAllThreads (Deoptimize) done
Event: 2.732 Executing VM operation: ICBufferFull
Event: 2.732 Executing VM operation: ICBufferFull done
Event: 2.830 Executing VM operation: ICBufferFull
Event: 2.831 Executing VM operation: ICBufferFull done
Event: 2.831 Executing VM operation: ICBufferFull
Event: 2.833 Executing VM operation: ICBufferFull done
Event: 2.837 Executing VM operation: ICBufferFull
Event: 2.837 Executing VM operation: ICBufferFull done
Event: 2.837 Executing VM operation: ICBufferFull
Event: 2.838 Executing VM operation: ICBufferFull done
Event: 3.005 Executing VM operation: ThirdPartyHeapOperation
Event: 3.029 Executing VM operation: ThirdPartyHeapOperation done
Event: 3.033 Executing VM operation: ThirdPartyHeapOperation

Memory protections (20 events):
Event: 2.598 Protecting memory [0x0000700993e00000,0x0000700993e04000] with protection modes 0
Event: 2.598 Protecting memory [0x0000700993d00000,0x0000700993d04000] with protection modes 0
Event: 2.598 Protecting memory [0x0000700993c00000,0x0000700993c04000] with protection modes 0
Event: 2.598 Protecting memory [0x0000700993b00000,0x0000700993b04000] with protection modes 0
Event: 2.598 Protecting memory [0x0000700993a00000,0x0000700993a04000] with protection modes 0
Event: 2.598 Protecting memory [0x0000700993900000,0x0000700993904000] with protection modes 0
Event: 2.598 Protecting memory [0x0000700993800000,0x0000700993804000] with protection modes 0
Event: 2.598 Protecting memory [0x0000700993700000,0x0000700993704000] with protection modes 0
Event: 2.599 Protecting memory [0x0000700993600000,0x0000700993604000] with protection modes 0
Event: 2.599 Protecting memory [0x0000700993500000,0x0000700993504000] with protection modes 0
Event: 2.599 Protecting memory [0x0000700993400000,0x0000700993404000] with protection modes 0
Event: 2.599 Protecting memory [0x0000700993300000,0x0000700993304000] with protection modes 0
Event: 2.599 Protecting memory [0x0000700993200000,0x0000700993204000] with protection modes 0
Event: 2.645 Protecting memory [0x0000700993100000,0x0000700993104000] with protection modes 0
Event: 2.647 Protecting memory [0x0000700993000000,0x0000700993004000] with protection modes 0
Event: 2.647 Protecting memory [0x0000700992f00000,0x0000700992f04000] with protection modes 0
Event: 2.651 Protecting memory [0x0000700992e00000,0x0000700992e04000] with protection modes 0
Event: 2.709 Protecting memory [0x0000700992d00000,0x0000700992d04000] with protection modes 0
Event: 2.713 Protecting memory [0x0000700992c00000,0x0000700992c04000] with protection modes 0
Event: 2.715 Protecting memory [0x0000700992b00000,0x0000700992b04000] with protection modes 0

Nmethod flushes (0 events):
No events

Events (20 events):
Event: 2.598 Thread 0x00007cb7bc02b240 Thread added: 0x00007cb7bc7ca8e0
Event: 2.598 Thread 0x00007cb7bc02b240 Thread added: 0x00007cb7bc7cbec0
Event: 2.598 Thread 0x00007cb7bc02b240 Thread added: 0x00007cb7bc7cd4a0
Event: 2.598 Thread 0x00007cb7bc02b240 Thread added: 0x00007cb7bc7ce940
Event: 2.598 Thread 0x00007cb7bc02b240 Thread added: 0x00007cb7bc5bfc40
Event: 2.598 Thread 0x00007cb7bc02b240 Thread added: 0x00007cb7bc5c1030
Event: 2.598 Thread 0x00007cb7bc02b240 Thread added: 0x00007cb7bc5c24d0
Event: 2.598 Thread 0x00007cb7bc02b240 Thread added: 0x00007cb7bc5c3d60
Event: 2.598 Thread 0x00007cb7bc02b240 Thread added: 0x00007cb7bc5c55f0
Event: 2.599 Thread 0x00007cb7bc02b240 Thread added: 0x00007cb7bc5defc0
Event: 2.599 Thread 0x00007cb7bc02b240 Thread added: 0x00007cb7bc5e0470
Event: 2.599 Thread 0x00007cb7bc02b240 Thread added: 0x00007cb7bc5e1cc0
Event: 2.599 Thread 0x00007cb7bc02b240 Thread added: 0x00007cb7bc5e34f0
Event: 2.645 Thread 0x0000700a0003f040 Thread added: 0x00007009f8080220
Event: 2.647 Thread 0x0000700a0003f040 Thread added: 0x00007009f8081980
Event: 2.647 Thread 0x0000700a0003f040 Thread added: 0x00007009f8083110
Event: 2.651 Thread 0x00007009f8081980 Thread added: 0x000070094c03d630
Event: 2.709 Thread 0x0000700a0007ed20 Thread added: 0x00007009dc0be4d0
Event: 2.713 Thread 0x00007009f8080220 Thread added: 0x00007009580b1bb0
Event: 2.715 Thread 0x0000700a0003f040 Thread added: 0x00007009f8098300


Dynamic libraries:
40000000-40400000 rw-p 00000000 00:00 0                                  [anon:mmtk:space:immix]
40400000-40800000 rw-p 00000000 00:00 0                                  [anon:mmtk:space:los]
40800000-41400000 rw-p 00000000 00:00 0                                  [anon:mmtk:space:immix]
41400000-41800000 rw-p 00000000 00:00 0                                  [anon:mmtk:space:los]
41800000-41c00000 rw-p 00000000 00:00 0                                  [anon:mmtk:space:immix]
41c00000-42000000 rw-p 00000000 00:00 0                                  [anon:mmtk:space:los]
42000000-42800000 rw-p 00000000 00:00 0                                  [anon:mmtk:space:immix]
42800000-42c00000 rw-p 00000000 00:00 0                                  [anon:mmtk:space:los]
42c00000-43000000 rw-p 00000000 00:00 0                                  [anon:mmtk:space:immix]
43000000-43400000 rw-p 00000000 00:00 0                                  [anon:mmtk:space:los]
43400000-43c00000 rw-p 00000000 00:00 0                                  [anon:mmtk:space:immix]
43c00000-44000000 rw-p 00000000 00:00 0                                  [anon:mmtk:space:los]
44000000-44400000 rw-p 00000000 00:00 0                                  [anon:mmtk:space:immix]
44400000-44800000 rw-p 00000000 00:00 0                                  [anon:mmtk:space:los]
44800000-45000000 rw-p 00000000 00:00 0                                  [anon:mmtk:space:immix]
45000000-45400000 rw-p 00000000 00:00 0                                  [anon:mmtk:space:los]
45400000-45c00000 rw-p 00000000 00:00 0                                  [anon:mmtk:space:immix]
45c00000-46000000 rw-p 00000000 00:00 0                                  [anon:mmtk:space:los]
46000000-46400000 rw-p 00000000 00:00 0                                  [anon:mmtk:space:immix]
46400000-46800000 rw-p 00000000 00:00 0                                  [anon:mmtk:space:los]
46800000-47000000 rw-p 00000000 00:00 0                                  [anon:mmtk:space:immix]
47000000-47400000 rw-p 00000000 00:00 0                                  [anon:mmtk:space:los]
47400000-47800000 rw-p 00000000 00:00 0                                  [anon:mmtk:space:immix]
47800000-47c00000 rw-p 00000000 00:00 0                                  [anon:mmtk:space:los]
47c00000-48400000 rw-p 00000000 00:00 0                                  [anon:mmtk:space:immix]
48400000-48800000 rw-p 00000000 00:00 0                                  [anon:mmtk:space:los]
48800000-49000000 rw-p 00000000 00:00 0                                  [anon:mmtk:space:immix]
49000000-49400000 rw-p 00000000 00:00 0                                  [anon:mmtk:space:los]
49400000-49800000 rw-p 00000000 00:00 0                                  [anon:mmtk:space:immix]
49800000-49c00000 rw-p 00000000 00:00 0                                  [anon:mmtk:space:los]
49c00000-4a400000 rw-p 00000000 00:00 0                                  [anon:mmtk:space:immix]
4a400000-4a800000 rw-p 00000000 00:00 0                                  [anon:mmtk:space:los]
4a800000-4ac00000 rw-p 00000000 00:00 0                                  [anon:mmtk:space:immix]
4ac00000-4b000000 rw-p 00000000 00:00 0                                  [anon:mmtk:space:los]
4b000000-4b400000 rw-p 00000000 00:00 0                                  [anon:mmtk:space:immix]
4b400000-4b800000 rw-p 00000000 00:00 0                                  [anon:mmtk:space:los]
4b800000-4c000000 rw-p 00000000 00:00 0                                  [anon:mmtk:space:immix]
4c000000-4c400000 rw-p 00000000 00:00 0                                  [anon:mmtk:space:los]
4c400000-4cc00000 rw-p 00000000 00:00 0                                  [anon:mmtk:space:immix]
4cc00000-4d000000 rw-p 00000000 00:00 0                                  [anon:mmtk:space:los]
4d000000-4d400000 rw-p 00000000 00:00 0                                  [anon:mmtk:space:immix]
4d400000-4d800000 rw-p 00000000 00:00 0                                  [anon:mmtk:space:los]
4d800000-4e000000 rw-p 00000000 00:00 0                                  [anon:mmtk:space:immix]
4e000000-4e400000 rw-p 00000000 00:00 0                                  [anon:mmtk:space:los]
4e400000-4ec00000 rw-p 00000000 00:00 0                                  [anon:mmtk:space:immix]
4ec00000-4f000000 rw-p 00000000 00:00 0                                  [anon:mmtk:space:los]
4f000000-4f400000 rw-p 00000000 00:00 0                                  [anon:mmtk:space:immix]
4f400000-4f800000 rw-p 00000000 00:00 0                                  [anon:mmtk:space:los]
4f800000-50000000 rw-p 00000000 00:00 0                                  [anon:mmtk:space:immix]
50000000-50400000 rw-p 00000000 00:00 0                                  [anon:mmtk:space:los]
50400000-50800000 rw-p 00000000 00:00 0                                  [anon:mmtk:space:immix]
200000000000-2000c00c0000 rw-s 00000000 00:10 68                         anon_inode:bpf-map
587465225000-587465226000 r--p 00000000 fc:00 49676325                   /mydata/openjdk-mmtk/build/b0test/images/jdk/bin/java
587465226000-587465227000 r-xp 00001000 fc:00 49676325                   /mydata/openjdk-mmtk/build/b0test/images/jdk/bin/java
587465227000-587465228000 r--p 00002000 fc:00 49676325                   /mydata/openjdk-mmtk/build/b0test/images/jdk/bin/java
587465228000-587465229000 r--p 00002000 fc:00 49676325                   /mydata/openjdk-mmtk/build/b0test/images/jdk/bin/java
587465229000-58746522a000 rw-p 00003000 fc:00 49676325                   /mydata/openjdk-mmtk/build/b0test/images/jdk/bin/java
5874724c7000-58747250f000 rw-p 00000000 00:00 0                          [heap]
70093c000000-70093c56d000 rw-p 00000000 00:00 0 
70093c56d000-700940000000 ---p 00000000 00:00 0 
700940000000-7009405da000 rw-p 00000000 00:00 0 
7009405da000-700944000000 ---p 00000000 00:00 0 
700944000000-700944704000 rw-p 00000000 00:00 0 
700944704000-700948000000 ---p 00000000 00:00 0 
700948000000-7009487cf000 rw-p 00000000 00:00 0 
7009487cf000-70094c000000 ---p 00000000 00:00 0 
70094c000000-70094cd66000 rw-p 00000000 00:00 0 
70094cd66000-700950000000 ---p 00000000 00:00 0 
700950000000-700950a29000 rw-p 00000000 00:00 0 
700950a29000-700954000000 ---p 00000000 00:00 0 
700954000000-700954036000 rw-p 00000000 00:00 0 
700954036000-700958000000 ---p 00000000 00:00 0 
700958000000-700958765000 rw-p 00000000 00:00 0 
700958765000-70095c000000 ---p 00000000 00:00 0 
70095c000000-70095c021000 rw-p 00000000 00:00 0 
70095c021000-700960000000 ---p 00000000 00:00 0 
700960000000-700960021000 rw-p 00000000 00:00 0 
700960021000-700964000000 ---p 00000000 00:00 0 
700964000000-700964021000 rw-p 00000000 00:00 0 
700964021000-700968000000 ---p 00000000 00:00 0 
700968000000-700968021000 rw-p 00000000 00:00 0 
700968021000-70096c000000 ---p 00000000 00:00 0 
70096c000000-70096c027000 rw-p 00000000 00:00 0 
70096c027000-700970000000 ---p 00000000 00:00 0 
700970000000-700970033000 rw-p 00000000 00:00 0 
700970033000-700974000000 ---p 00000000 00:00 0 
700974000000-70097402c000 rw-p 00000000 00:00 0 
70097402c000-700978000000 ---p 00000000 00:00 0 
700978000000-700978021000 rw-p 00000000 00:00 0 
700978021000-70097c000000 ---p 00000000 00:00 0 
70097c000000-70097c021000 rw-p 00000000 00:00 0 
70097c021000-700980000000 ---p 00000000 00:00 0 
700980000000-700980021000 rw-p 00000000 00:00 0 
700980021000-700984000000 ---p 00000000 00:00 0 
700984000000-700984021000 rw-p 00000000 00:00 0 
700984021000-700988000000 ---p 00000000 00:00 0 
700988000000-700988029000 rw-p 00000000 00:00 0 
700988029000-70098c000000 ---p 00000000 00:00 0 
70098c000000-70098c05a000 rw-p 00000000 00:00 0 
70098c05a000-700990000000 ---p 00000000 00:00 0 
700992954000-700992b00000 rw-p 00000000 00:00 0 
700992b00000-700992b04000 ---p 00000000 00:00 0 
700992b04000-700992c00000 rw-p 00000000 00:00 0 
700992c00000-700992c04000 ---p 00000000 00:00 0 
700992c04000-700992d00000 rw-p 00000000 00:00 0 
700992d00000-700992d04000 ---p 00000000 00:00 0 
700992d04000-700992e00000 rw-p 00000000 00:00 0 
700992e00000-700992e04000 ---p 00000000 00:00 0 
700992e04000-700992f00000 rw-p 00000000 00:00 0 
700992f00000-700992f04000 ---p 00000000 00:00 0 
700992f04000-700993000000 rw-p 00000000 00:00 0 
700993000000-700993004000 ---p 00000000 00:00 0 
700993004000-700993100000 rw-p 00000000 00:00 0 
700993100000-700993104000 ---p 00000000 00:00 0 
700993104000-700993200000 rw-p 00000000 00:00 0 
700993200000-700993204000 ---p 00000000 00:00 0 
700993204000-700993300000 rw-p 00000000 00:00 0 
700993300000-700993304000 ---p 00000000 00:00 0 
700993304000-700993400000 rw-p 00000000 00:00 0 
700993400000-700993404000 ---p 00000000 00:00 0 
700993404000-700993500000 rw-p 00000000 00:00 0 
700993500000-700993504000 ---p 00000000 00:00 0 
700993504000-700993600000 rw-p 00000000 00:00 0 
700993600000-700993604000 ---p 00000000 00:00 0 
700993604000-700993700000 rw-p 00000000 00:00 0 
700993700000-700993704000 ---p 00000000 00:00 0 
700993704000-700993800000 rw-p 00000000 00:00 0 
700993800000-700993804000 ---p 00000000 00:00 0 
700993804000-700993900000 rw-p 00000000 00:00 0 
700993900000-700993904000 ---p 00000000 00:00 0 
700993904000-700993a00000 rw-p 00000000 00:00 0 
700993a00000-700993a04000 ---p 00000000 00:00 0 
700993a04000-700993b00000 rw-p 00000000 00:00 0 
700993b00000-700993b04000 ---p 00000000 00:00 0 
700993b04000-700993c00000 rw-p 00000000 00:00 0 
700993c00000-700993c04000 ---p 00000000 00:00 0 
700993c04000-700993d00000 rw-p 00000000 00:00 0 
700993d00000-700993d04000 ---p 00000000 00:00 0 
700993d04000-700993e00000 rw-p 00000000 00:00 0 
700993e00000-700993e04000 ---p 00000000 00:00 0 
700993e04000-700993f00000 rw-p 00000000 00:00 0 
700993f00000-700993f04000 ---p 00000000 00:00 0 
700993f04000-700994000000 rw-p 00000000 00:00 0 
700994000000-700994023000 rw-p 00000000 00:00 0 
700994023000-700998000000 ---p 00000000 00:00 0 
700998000000-700998021000 rw-p 00000000 00:00 0 
700998021000-70099c000000 ---p 00000000 00:00 0 
70099c000000-70099c021000 rw-p 00000000 00:00 0 
70099c021000-7009a0000000 ---p 00000000 00:00 0 
7009a0000000-7009a0051000 rw-p 00000000 00:00 0 
7009a0051000-7009a4000000 ---p 00000000 00:00 0 
7009a4000000-7009a4021000 rw-p 00000000 00:00 0 
7009a4021000-7009a8000000 ---p 00000000 00:00 0 
7009a8000000-7009a8041000 rw-p 00000000 00:00 0 
7009a8041000-7009ac000000 ---p 00000000 00:00 0 
7009ac000000-7009ac021000 rw-p 00000000 00:00 0 
7009ac021000-7009b0000000 ---p 00000000 00:00 0 
7009b0000000-7009b0029000 rw-p 00000000 00:00 0 
7009b0029000-7009b4000000 ---p 00000000 00:00 0 
7009b4000000-7009b402d000 rw-p 00000000 00:00 0 
7009b402d000-7009b8000000 ---p 00000000 00:00 0 
7009b8000000-7009b8021000 rw-p 00000000 00:00 0 
7009b8021000-7009bc000000 ---p 00000000 00:00 0 
7009bc000000-7009bc037000 rw-p 00000000 00:00 0 
7009bc037000-7009c0000000 ---p 00000000 00:00 0 
7009c0000000-7009c0031000 rw-p 00000000 00:00 0 
7009c0031000-7009c4000000 ---p 00000000 00:00 0 
7009c4000000-7009c4021000 rw-p 00000000 00:00 0 
7009c4021000-7009c8000000 ---p 00000000 00:00 0 
7009c8000000-7009c8021000 rw-p 00000000 00:00 0 
7009c8021000-7009cc000000 ---p 00000000 00:00 0 
7009cc000000-7009cc028000 rw-p 00000000 00:00 0 
7009cc028000-7009d0000000 ---p 00000000 00:00 0 
7009d0000000-7009d0022000 rw-p 00000000 00:00 0 
7009d0022000-7009d4000000 ---p 00000000 00:00 0 
7009d4000000-7009d4021000 rw-p 00000000 00:00 0 
7009d4021000-7009d8000000 ---p 00000000 00:00 0 
7009d8000000-7009d804a000 rw-p 00000000 00:00 0 
7009d804a000-7009dc000000 ---p 00000000 00:00 0 
7009dc000000-7009dc26e000 rw-p 00000000 00:00 0 
7009dc26e000-7009e0000000 ---p 00000000 00:00 0 
7009e0000000-7009e0a8b000 rw-p 00000000 00:00 0 
7009e0a8b000-7009e4000000 ---p 00000000 00:00 0 
7009e4000000-7009e49bd000 rw-p 00000000 00:00 0 
7009e49bd000-7009e8000000 ---p 00000000 00:00 0 
7009e8000000-7009e821d000 rw-p 00000000 00:00 0 
7009e821d000-7009ec000000 ---p 00000000 00:00 0 
7009ec000000-7009ec021000 rw-p 00000000 00:00 0 
7009ec021000-7009f0000000 ---p 00000000 00:00 0 
7009f0000000-7009f0021000 rw-p 00000000 00:00 0 
7009f0021000-7009f4000000 ---p 00000000 00:00 0 
7009f4000000-7009f4301000 rw-p 00000000 00:00 0 
7009f4301000-7009f8000000 ---p 00000000 00:00 0 
7009f8000000-7009f8164000 rw-p 00000000 00:00 0 
7009f8164000-7009fc000000 ---p 00000000 00:00 0 
7009fc000000-7009fcb02000 rw-p 00000000 00:00 0 
7009fcb02000-700a00000000 ---p 00000000 00:00 0 
700a00000000-700a001f4000 rw-p 00000000 00:00 0 
700a001f4000-700a04000000 ---p 00000000 00:00 0 
700a04000000-700a04021000 rw-p 00000000 00:00 0 
700a04021000-700a08000000 ---p 00000000 00:00 0 
700a08000000-700a08021000 rw-p 00000000 00:00 0 
700a08021000-700a0c000000 ---p 00000000 00:00 0 
700a0c000000-700a0c021000 rw-p 00000000 00:00 0 
700a0c021000-700a10000000 ---p 00000000 00:00 0 
700a10000000-700a10021000 rw-p 00000000 00:00 0 
700a10021000-700a14000000 ---p 00000000 00:00 0 
700a14000000-700a14033000 rw-p 00000000 00:00 0 
700a14033000-700a18000000 ---p 00000000 00:00 0 
700a18000000-700a1802a000 rw-p 00000000 00:00 0 
700a1802a000-700a1c000000 ---p 00000000 00:00 0 
700a1c000000-700a1c021000 rw-p 00000000 00:00 0 
700a1c021000-700a20000000 ---p 00000000 00:00 0 
700a20000000-700a20021000 rw-p 00000000 00:00 0 
700a20021000-700a24000000 ---p 00000000 00:00 0 
700a24000000-700a24034000 rw-p 00000000 00:00 0 
700a24034000-700a28000000 ---p 00000000 00:00 0 
700a28000000-700a28021000 rw-p 00000000 00:00 0 
700a28021000-700a2c000000 ---p 00000000 00:00 0 
700a2c000000-700a2c021000 rw-p 00000000 00:00 0 
700a2c021000-700a30000000 ---p 00000000 00:00 0 
700a30000000-700a30030000 rw-p 00000000 00:00 0 
700a30030000-700a34000000 ---p 00000000 00:00 0 
700a34000000-700a34021000 rw-p 00000000 00:00 0 
700a34021000-700a38000000 ---p 00000000 00:00 0 
700a38000000-700a3803a000 rw-p 00000000 00:00 0 
700a3803a000-700a3c000000 ---p 00000000 00:00 0 
700a3c000000-700a3c0d2000 rw-p 00000000 00:00 0 
700a3c0d2000-700a40000000 ---p 00000000 00:00 0 
700a40000000-700a40032000 rw-p 00000000 00:00 0 
700a40032000-700a44000000 ---p 00000000 00:00 0 
700a44000000-700a4402a000 rw-p 00000000 00:00 0 
700a4402a000-700a48000000 ---p 00000000 00:00 0 
700a48000000-700a48042000 rw-p 00000000 00:00 0 
700a48042000-700a4c000000 ---p 00000000 00:00 0 
700a4c000000-700a4c03a000 rw-p 00000000 00:00 0 
700a4c03a000-700a50000000 ---p 00000000 00:00 0 
700a50000000-700a5003b000 rw-p 00000000 00:00 0 
700a5003b000-700a54000000 ---p 00000000 00:00 0 
700a54000000-700a54032000 rw-p 00000000 00:00 0 
700a54032000-700a58000000 ---p 00000000 00:00 0 
700a58000000-700a58023000 rw-p 00000000 00:00 0 
700a58023000-700a5c000000 ---p 00000000 00:00 0 
700a5c000000-700a5c04b000 rw-p 00000000 00:00 0 
700a5c04b000-700a60000000 ---p 00000000 00:00 0 
700a60000000-700a600f9000 rw-p 00000000 00:00 0 
700a600f9000-700a64000000 ---p 00000000 00:00 0 
700a64000000-700a64033000 rw-p 00000000 00:00 0 
700a64033000-700a68000000 ---p 00000000 00:00 0 
700a68000000-700a6802c000 rw-p 00000000 00:00 0 
700a6802c000-700a6c000000 ---p 00000000 00:00 0 
700a6c000000-700a6c021000 rw-p 00000000 00:00 0 
700a6c021000-700a70000000 ---p 00000000 00:00 0 
700a70000000-700a70021000 rw-p 00000000 00:00 0 
700a70021000-700a74000000 ---p 00000000 00:00 0 
700a74000000-700a74021000 rw-p 00000000 00:00 0 
700a74021000-700a78000000 ---p 00000000 00:00 0 
700a78000000-700a78021000 rw-p 00000000 00:00 0 
700a78021000-700a7c000000 ---p 00000000 00:00 0 
700a7c000000-700a7c270000 rw-p 00000000 00:00 0 
700a7c270000-700a7c400000 ---p 00000000 00:00 0 
700a7c400000-700a7c8a0000 rw-p 00000000 00:00 0 
700a7c8a0000-700a80000000 ---p 00000000 00:00 0 
700a80000000-700a80021000 rw-p 00000000 00:00 0 
700a80021000-700a84000000 ---p 00000000 00:00 0 
700a840f0000-700a840f4000 ---p 00000000 00:00 0 
700a840f4000-700a841f0000 rw-p 00000000 00:00 0 
700a841f0000-700a841f4000 ---p 00000000 00:00 0 
700a841f4000-700a842f0000 rw-p 00000000 00:00 0 
700a842f0000-700a842f4000 ---p 00000000 00:00 0 
700a842f4000-700a843f0000 rw-p 00000000 00:00 0 
700a843f0000-700a843f4000 ---p 00000000 00:00 0 
700a843f4000-700a844f0000 rw-p 00000000 00:00 0 
700a844f0000-700a844f4000 ---p 00000000 00:00 0 
700a844f4000-700a845f0000 rw-p 00000000 00:00 0 
700a845f0000-700a845f4000 ---p 00000000 00:00 0 
700a845f4000-700a846f0000 rw-p 00000000 00:00 0 
700a846f0000-700a846f4000 ---p 00000000 00:00 0 
700a846f4000-700a847f0000 rw-p 00000000 00:00 0 
700a847f0000-700a847f4000 ---p 00000000 00:00 0 
700a847f4000-700a848f0000 rw-p 00000000 00:00 0 
700a848f0000-700a848f4000 ---p 00000000 00:00 0 
700a848f4000-700a849f0000 rw-p 00000000 00:00 0 
700a849f0000-700a849f4000 ---p 00000000 00:00 0 
700a849f4000-700a84af0000 rw-p 00000000 00:00 0 
700a84af0000-700a84af4000 ---p 00000000 00:00 0 
700a84af4000-700a84bf0000 rw-p 00000000 00:00 0 
700a84bf0000-700a84bf4000 ---p 00000000 00:00 0 
700a84bf4000-700a84cf0000 rw-p 00000000 00:00 0 
700a84cf0000-700a84cf4000 ---p 00000000 00:00 0 
700a84cf4000-700a84df0000 rw-p 00000000 00:00 0 
700a84df0000-700a84df4000 ---p 00000000 00:00 0 
700a84df4000-700a84ef0000 rw-p 00000000 00:00 0 
700a84ef0000-700a84ef4000 ---p 00000000 00:00 0 
700a84ef4000-700a84ff0000 rw-p 00000000 00:00 0 
700a84ff0000-700a84ff4000 ---p 00000000 00:00 0 
700a84ff4000-700a850f0000 rw-p 00000000 00:00 0 
700a850f0000-700a850f4000 ---p 00000000 00:00 0 
700a850f4000-700a851f0000 rw-p 00000000 00:00 0 
700a851f0000-700a851f4000 ---p 00000000 00:00 0 
700a851f4000-700a852f0000 rw-p 00000000 00:00 0 
700a852f0000-700a852f4000 ---p 00000000 00:00 0 
700a852f4000-700a853f0000 rw-p 00000000 00:00 0 
700a853f0000-700a853f4000 ---p 00000000 00:00 0 
700a853f4000-700a854f0000 rw-p 00000000 00:00 0 
700a854f0000-700a854f4000 ---p 00000000 00:00 0 
700a854f4000-700a855f0000 rw-p 00000000 00:00 0 
700a855f0000-700a855f4000 ---p 00000000 00:00 0 
700a855f4000-700a856f0000 rw-p 00000000 00:00 0 
700a856f0000-700a856f4000 ---p 00000000 00:00 0 
700a856f4000-700a857f0000 rw-p 00000000 00:00 0 
700a857f0000-700a857f4000 ---p 00000000 00:00 0 
700a857f4000-700a858f0000 rw-p 00000000 00:00 0 
700a858f0000-700a858f4000 ---p 00000000 00:00 0 
700a858f4000-700a859f0000 rw-p 00000000 00:00 0 
700a859f0000-700a859f4000 ---p 00000000 00:00 0 
700a859f4000-700a85af0000 rw-p 00000000 00:00 0 
700a85af0000-700a85af4000 ---p 00000000 00:00 0 
700a85af4000-700a85bf0000 rw-p 00000000 00:00 0 
700a85bf0000-700a85bf4000 ---p 00000000 00:00 0 
700a85bf4000-700a85cf0000 rw-p 00000000 00:00 0 
700a85cf0000-700a85cf4000 ---p 00000000 00:00 0 
700a85cf4000-700a85df0000 rw-p 00000000 00:00 0 
700a85df0000-700a85df4000 ---p 00000000 00:00 0 
700a85df4000-700a85ef0000 rw-p 00000000 00:00 0 
700a85ef0000-700a85ef4000 ---p 00000000 00:00 0 
700a85ef4000-700a85ff0000 rw-p 00000000 00:00 0 
700a85ff0000-700a85ff1000 ---p 00000000 00:00 0 
700a85ff1000-700a860f1000 rw-p 00000000 00:00 0 
700a860f1000-700a860f2000 ---p 00000000 00:00 0 
700a860f2000-700a861f2000 rw-p 00000000 00:00 0 
700a861f2000-700a861f3000 ---p 00000000 00:00 0 
700a861f3000-700a862f3000 rw-p 00000000 00:00 0 
700a862f3000-700a862f4000 ---p 00000000 00:00 0 
700a862f4000-700a863f4000 rw-p 00000000 00:00 0 
700a863f4000-700a863f5000 ---p 00000000 00:00 0 
700a863f5000-700a864f5000 rw-p 00000000 00:00 0 
700a864f5000-700a864f6000 ---p 00000000 00:00 0 
700a864f6000-700a865f6000 rw-p 00000000 00:00 0 
700a865f6000-700a865f7000 ---p 00000000 00:00 0 
700a865f7000-700a866f7000 rw-p 00000000 00:00 0 
700a866f7000-700a866f8000 ---p 00000000 00:00 0 
700a866f8000-700a867f8000 rw-p 00000000 00:00 0 
700a867f8000-700a867f9000 ---p 00000000 00:00 0 
700a867f9000-700a868f9000 rw-p 00000000 00:00 0 
700a868f9000-700a868fa000 ---p 00000000 00:00 0 
700a868fa000-700a869fa000 rw-p 00000000 00:00 0 
700a869fa000-700a869fb000 ---p 00000000 00:00 0 
700a869fb000-700a86afb000 rw-p 00000000 00:00 0 
700a86afb000-700a86afc000 ---p 00000000 00:00 0 
700a86afc000-700a86bfc000 rw-p 00000000 00:00 0 
700a86bfc000-700a86bfd000 ---p 00000000 00:00 0 
700a86bfd000-700a86cfd000 rw-p 00000000 00:00 0 
700a86cfd000-700a86cfe000 ---p 00000000 00:00 0 
700a86cfe000-700a86dfe000 rw-p 00000000 00:00 0 
700a86dfe000-700a86dff000 ---p 00000000 00:00 0 
700a86dff000-700a86eff000 rw-p 00000000 00:00 0 
700a86eff000-700a86f00000 ---p 00000000 00:00 0 
700a86f00000-700a87000000 rw-p 00000000 00:00 0 
700a87000000-700a87ca3000 rw-p 00001000 fc:00 49677026                   /mydata/openjdk-mmtk/build/b0test/images/jdk/lib/server/classes.jsa
700a87ca3000-700a88000000 ---p 00000000 00:00 0 
700a88000000-700a88040000 rw-p 00000000 00:00 0 
700a88040000-700a88110000 rw-p 00000000 00:00 0 
700a88110000-700ac8000000 ---p 00000000 00:00 0 
700ac8000000-700ac8021000 rw-p 00000000 00:00 0 
700ac8021000-700acc000000 ---p 00000000 00:00 0 
700acc0f9000-700acc0fa000 ---p 00000000 00:00 0 
700acc0fa000-700acc1fa000 rw-p 00000000 00:00 0 
700acc1fa000-700acc1fb000 ---p 00000000 00:00 0 
700acc1fb000-700acc2fb000 rw-p 00000000 00:00 0 
700acc2fb000-700acc2fc000 ---p 00000000 00:00 0 
700acc2fc000-700acc3fc000 rw-p 00000000 00:00 0 
700acc3fc000-700acc3fd000 ---p 00000000 00:00 0 
700acc3fd000-700acc4fd000 rw-p 00000000 00:00 0 
700acc4fd000-700acc4fe000 ---p 00000000 00:00 0 
700acc4fe000-700acc5fe000 rw-p 00000000 00:00 0 
700acc5fe000-700acc5ff000 ---p 00000000 00:00 0 
700acc5ff000-700acc6ff000 rw-p 00000000 00:00 0 
700acc6ff000-700acc700000 ---p 00000000 00:00 0 
700acc700000-700acc800000 rw-p 00000000 00:00 0 
700acc800000-700accaeb000 r--p 00000000 08:03 1410552                    /usr/lib/locale/locale-archive
700accaff000-700accb03000 ---p 00000000 00:00 0 
700accb03000-700accbff000 rw-p 00000000 00:00 0 
700accbff000-700acd200000 rw-p 00000000 00:00 0 
700acd200000-700ad0200000 rw-p 00000000 00:00 0 
700ad02fc000-700ad0300000 ---p 00000000 00:00 0 
700ad0300000-700ad03fc000 rw-p 00000000 00:00 0 
700ad03fc000-700b00400000 rw-p 00000000 00:00 0 
700b00400000-700b01400000 ---p 00000000 00:00 0                          [anon:mmtk:sidemeta:all:all-quarantined]
700b01400000-700b01800000 rw-p 00000000 00:00 0                          [anon:mmtk:sidemeta:immix:VO_BIT]
700b01800000-700b01c00000 rw-p 00000000 00:00 0                          [anon:mmtk:sidemeta:los:VO_BIT]
700b01c00000-720b02400000 ---p 00000000 00:00 0                          [anon:mmtk:sidemeta:all:all-quarantined]
720b02400000-720b02800000 rw-p 00000000 00:00 0                          [anon:mmtk:sidemeta:immix:CHUNK_MARK]
720b02800000-720b05400000 ---p 00000000 00:00 0                          [anon:mmtk:sidemeta:all:all-quarantined]
720b05400000-720b05800000 rw-p 00000000 00:00 0                          [anon:mmtk:sidemeta:immix:VMGlobalLogBitSpec]
720b05800000-720b05c00000 rw-p 00000000 00:00 0                          [anon:mmtk:sidemeta:los:VMGlobalLogBitSpec]
720b05c00000-741304800000 ---p 00000000 00:00 0                          [anon:mmtk:sidemeta:all:all-quarantined]
741304800000-741304c00000 rw-p 00000000 00:00 0                          [anon:mmtk:sidemeta:immix:IX_LINE_MARK]
741304c00000-749304400000 ---p 00000000 00:00 0                          [anon:mmtk:sidemeta:all:all-quarantined]
749304400000-749304800000 rw-p 00000000 00:00 0                          [anon:mmtk:sidemeta:immix:IX_BLOCK_DEFRAG]
749304800000-749404400000 ---p 00000000 00:00 0                          [anon:mmtk:sidemeta:all:all-quarantined]
749404400000-749404800000 rw-p 00000000 00:00 0                          [anon:mmtk:sidemeta:immix:IX_BLOCK_MARK]
749404800000-7ab584400000 ---p 00000000 00:00 0                          [anon:mmtk:sidemeta:all:all-quarantined]
7ab584400000-7ab584800000 rw-p 00000000 00:00 0                          [anon:mmtk:sidemeta:los:VMLocalLOSMarkNurserySpec]
7ab584800000-7ab785400000 ---p 00000000 00:00 0                          [anon:mmtk:sidemeta:all:all-quarantined]
7ab785400000-7ab785c00000 rw-p 00000000 00:00 0                          [anon:mmtk:sidemeta:immix:VMLocalMarkBitSpec]
7ab785c00000-7cb784400000 ---p 00000000 00:00 0                          [anon:mmtk:sidemeta:all:all-quarantined]
7cb7844fd000-7cb784501000 ---p 00000000 00:00 0 
7cb784501000-7cb7845fd000 rw-p 00000000 00:00 0 
7cb7845fd000-7cb7845fe000 ---p 00000000 00:00 0 
7cb7845fe000-7cb7846fe000 rw-p 00000000 00:00 0 
7cb7846fe000-7cb7846ff000 ---p 00000000 00:00 0 
7cb7846ff000-7cb7847ff000 rw-p 00000000 00:00 0 
7cb7847ff000-7cb7a4800000 rw-p 00000000 00:00 0 
7cb7a4800000-7cb7a4e20000 rwxp 00000000 00:00 0 
7cb7a4e20000-7cb7abc17000 ---p 00000000 00:00 0 
7cb7abc17000-7cb7abfb7000 rwxp 00000000 00:00 0 
7cb7abfb7000-7cb7ac3e8000 ---p 00000000 00:00 0 
7cb7ac3e8000-7cb7ac658000 rwxp 00000000 00:00 0 
7cb7ac658000-7cb7b3800000 ---p 00000000 00:00 0 
7cb7b3800000-7cb7bbfa0000 r--s 00000000 fc:00 49676294                   /mydata/openjdk-mmtk/build/b0test/images/jdk/lib/modules
7cb7bc000000-7cb7bc7f0000 rw-p 00000000 00:00 0 
7cb7bc7f0000-7cb7c0000000 ---p 00000000 00:00 0 
7cb7c002e000-7cb7c0033000 r--p 00000000 fc:00 49676401                   /mydata/openjdk-mmtk/build/b0test/images/jdk/lib/libjsvml.so
7cb7c0033000-7cb7c0074000 r-xp 00005000 fc:00 49676401                   /mydata/openjdk-mmtk/build/b0test/images/jdk/lib/libjsvml.so
7cb7c0074000-7cb7c00fd000 r--p 00046000 fc:00 49676401                   /mydata/openjdk-mmtk/build/b0test/images/jdk/lib/libjsvml.so
7cb7c00fd000-7cb7c00fe000 r--p 000ce000 fc:00 49676401                   /mydata/openjdk-mmtk/build/b0test/images/jdk/lib/libjsvml.so
7cb7c00fe000-7cb7c00ff000 rw-p 000cf000 fc:00 49676401                   /mydata/openjdk-mmtk/build/b0test/images/jdk/lib/libjsvml.so
7cb7c00ff000-7cb7c0100000 ---p 00000000 00:00 0 
7cb7c0100000-7cb7c0200000 rw-p 00000000 00:00 0 
7cb7c0200000-7cb7c020c000 r--p 00000000 fc:00 13107225                   /mydata/gc-bpf-fault/shim/libgcbpf.so
7cb7c020c000-7cb7c026e000 r-xp 0000c000 fc:00 13107225                   /mydata/gc-bpf-fault/shim/libgcbpf.so
7cb7c026e000-7cb7c041b000 r--p 0006e000 fc:00 13107225                   /mydata/gc-bpf-fault/shim/libgcbpf.so
7cb7c041b000-7cb7c041d000 r--p 0021b000 fc:00 13107225                   /mydata/gc-bpf-fault/shim/libgcbpf.so
7cb7c041d000-7cb7c041e000 rw-p 0021d000 fc:00 13107225                   /mydata/gc-bpf-fault/shim/libgcbpf.so
7cb7c041e000-7cb7c041f000 rw-p 00000000 00:00 0 
7cb7c0442000-7cb7c0446000 r--p 00000000 fc:00 49676349                   /mydata/openjdk-mmtk/build/b0test/images/jdk/lib/libverify.so
7cb7c0446000-7cb7c044d000 r-xp 00004000 fc:00 49676349                   /mydata/openjdk-mmtk/build/b0test/images/jdk/lib/libverify.so
7cb7c044d000-7cb7c044f000 r--p 0000b000 fc:00 49676349                   /mydata/openjdk-mmtk/build/b0test/images/jdk/lib/libverify.so
7cb7c044f000-7cb7c0451000 r--p 0000c000 fc:00 49676349                   /mydata/openjdk-mmtk/build/b0test/images/jdk/lib/libverify.so
7cb7c0451000-7cb7c0452000 rw-p 0000e000 fc:00 49676349                   /mydata/openjdk-mmtk/build/b0test/images/jdk/lib/libverify.so
7cb7c0452000-7cb7c0454000 r--p 00000000 fc:00 49676350                   /mydata/openjdk-mmtk/build/b0test/images/jdk/lib/libzip.so
7cb7c0454000-7cb7c0459000 r-xp 00002000 fc:00 49676350                   /mydata/openjdk-mmtk/build/b0test/images/jdk/lib/libzip.so
7cb7c0459000-7cb7c045b000 r--p 00007000 fc:00 49676350                   /mydata/openjdk-mmtk/build/b0test/images/jdk/lib/libzip.so
7cb7c045b000-7cb7c045c000 r--p 00008000 fc:00 49676350                   /mydata/openjdk-mmtk/build/b0test/images/jdk/lib/libzip.so
7cb7c045c000-7cb7c045d000 rw-p 00009000 fc:00 49676350                   /mydata/openjdk-mmtk/build/b0test/images/jdk/lib/libzip.so
7cb7c045d000-7cb7c0461000 r--p 00000000 08:03 1410107                    /usr/lib/x86_64-linux-gnu/libzstd.so.1.5.5
7cb7c0461000-7cb7c0508000 r-xp 00004000 08:03 1410107                    /usr/lib/x86_64-linux-gnu/libzstd.so.1.5.5
7cb7c0508000-7cb7c0515000 r--p 000ab000 08:03 1410107                    /usr/lib/x86_64-linux-gnu/libzstd.so.1.5.5
7cb7c0515000-7cb7c0516000 r--p 000b7000 08:03 1410107                    /usr/lib/x86_64-linux-gnu/libzstd.so.1.5.5
7cb7c0516000-7cb7c0517000 rw-p 000b8000 08:03 1410107                    /usr/lib/x86_64-linux-gnu/libzstd.so.1.5.5
7cb7c0517000-7cb7c051c000 rw-p 00000000 00:00 0 
7cb7c051c000-7cb7c0600000 ---p 00000000 00:00 0 
7cb7c0600000-7cb7c0747000 r--p 00000000 fc:00 49676359                   /mydata/openjdk-mmtk/build/b0test/images/jdk/lib/server/libmmtk_openjdk.so
7cb7c0747000-7cb7c09c2000 r-xp 00146000 fc:00 49676359                   /mydata/openjdk-mmtk/build/b0test/images/jdk/lib/server/libmmtk_openjdk.so
7cb7c09c2000-7cb7c0a02000 r--p 003c0000 fc:00 49676359                   /mydata/openjdk-mmtk/build/b0test/images/jdk/lib/server/libmmtk_openjdk.so
7cb7c0a02000-7cb7c0a05000 rw-p 003ff000 fc:00 49676359                   /mydata/openjdk-mmtk/build/b0test/images/jdk/lib/server/libmmtk_openjdk.so
7cb7c0a05000-7cb7c0a07000 rw-p 00000000 00:00 0 
7cb7c0a08000-7cb7c0a0b000 r--p 00000000 fc:00 49676346                   /mydata/openjdk-mmtk/build/b0test/images/jdk/lib/libnet.so
7cb7c0a0b000-7cb7c0a13000 r-xp 00003000 fc:00 49676346                   /mydata/openjdk-mmtk/build/b0test/images/jdk/lib/libnet.so
7cb7c0a13000-7cb7c0a15000 r--p 0000b000 fc:00 49676346                   /mydata/openjdk-mmtk/build/b0test/images/jdk/lib/libnet.so
7cb7c0a15000-7cb7c0a16000 r--p 0000c000 fc:00 49676346                   /mydata/openjdk-mmtk/build/b0test/images/jdk/lib/libnet.so
7cb7c0a16000-7cb7c0a17000 rw-p 0000d000 fc:00 49676346                   /mydata/openjdk-mmtk/build/b0test/images/jdk/lib/libnet.so
7cb7c0a17000-7cb7c0a24000 rw-p 00000000 00:00 0 
7cb7c0a24000-7cb7c0b00000 ---p 00000000 00:00 0 
7cb7c0b00000-7cb7c0b04000 ---p 00000000 00:00 0 
7cb7c0b04000-7cb7c0c00000 rw-p 00000000 00:00 0 
7cb7c0c00000-7cb7c0ea9000 r--p 00000000 fc:00 49676358                   /mydata/openjdk-mmtk/build/b0test/images/jdk/lib/server/libjvm.so
7cb7c0ea9000-7cb7c1d3c000 r-xp 002a9000 fc:00 49676358                   /mydata/openjdk-mmtk/build/b0test/images/jdk/lib/server/libjvm.so
7cb7c1d3c000-7cb7c2020000 r--p 0113c000 fc:00 49676358                   /mydata/openjdk-mmtk/build/b0test/images/jdk/lib/server/libjvm.so
7cb7c2020000-7cb7c20f6000 r--p 0141f000 fc:00 49676358                   /mydata/openjdk-mmtk/build/b0test/images/jdk/lib/server/libjvm.so
7cb7c20f6000-7cb7c2126000 rw-p 014f5000 fc:00 49676358                   /mydata/openjdk-mmtk/build/b0test/images/jdk/lib/server/libjvm.so
7cb7c2126000-7cb7c218c000 rw-p 00000000 00:00 0 
7cb7c218d000-7cb7c2194000 r--p 00000000 fc:00 49676347                   /mydata/openjdk-mmtk/build/b0test/images/jdk/lib/libnio.so
7cb7c2194000-7cb7c219d000 r-xp 00007000 fc:00 49676347                   /mydata/openjdk-mmtk/build/b0test/images/jdk/lib/libnio.so
7cb7c219d000-7cb7c21a1000 r--p 00010000 fc:00 49676347                   /mydata/openjdk-mmtk/build/b0test/images/jdk/lib/libnio.so
7cb7c21a1000-7cb7c21a2000 r--p 00014000 fc:00 49676347                   /mydata/openjdk-mmtk/build/b0test/images/jdk/lib/libnio.so
7cb7c21a2000-7cb7c21a3000 rw-p 00015000 fc:00 49676347                   /mydata/openjdk-mmtk/build/b0test/images/jdk/lib/libnio.so
7cb7c21a3000-7cb7c21a6000 r--p 00000000 08:03 1410420                    /usr/lib/x86_64-linux-gnu/libelf-0.190.so
7cb7c21a6000-7cb7c21bc000 r-xp 00003000 08:03 1410420                    /usr/lib/x86_64-linux-gnu/libelf-0.190.so
7cb7c21bc000-7cb7c21c0000 r--p 00019000 08:03 1410420                    /usr/lib/x86_64-linux-gnu/libelf-0.190.so
7cb7c21c0000-7cb7c21c1000 r--p 0001c000 08:03 1410420                    /usr/lib/x86_64-linux-gnu/libelf-0.190.so
7cb7c21c1000-7cb7c21c2000 rw-p 0001d000 08:03 1410420                    /usr/lib/x86_64-linux-gnu/libelf-0.190.so
7cb7c21c5000-7cb7c21cc000 r--s 00000000 08:03 1436340                    /usr/lib/x86_64-linux-gnu/gconv/gconv-modules.cache
7cb7c21cc000-7cb7c21d4000 rw-p 00000000 00:00 0 
7cb7c21d4000-7cb7c21dc000 ---p 00000000 00:00 0 
7cb7c21dc000-7cb7c21e9000 r--p 00000000 fc:00 49676339                   /mydata/openjdk-mmtk/build/b0test/images/jdk/lib/libjava.so
7cb7c21e9000-7cb7c21f8000 r-xp 0000d000 fc:00 49676339                   /mydata/openjdk-mmtk/build/b0test/images/jdk/lib/libjava.so
7cb7c21f8000-7cb7c21fd000 r--p 0001c000 fc:00 49676339                   /mydata/openjdk-mmtk/build/b0test/images/jdk/lib/libjava.so
7cb7c21fd000-7cb7c21fe000 r--p 00021000 fc:00 49676339                   /mydata/openjdk-mmtk/build/b0test/images/jdk/lib/libjava.so
7cb7c21fe000-7cb7c21ff000 rw-p 00022000 fc:00 49676339                   /mydata/openjdk-mmtk/build/b0test/images/jdk/lib/libjava.so
7cb7c21ff000-7cb7c2200000 rw-p 00000000 00:00 0 
7cb7c2200000-7cb7c2228000 r--p 00000000 08:03 1410238                    /usr/lib/x86_64-linux-gnu/libc.so.6
7cb7c2228000-7cb7c23b0000 r-xp 00028000 08:03 1410238                    /usr/lib/x86_64-linux-gnu/libc.so.6
7cb7c23b0000-7cb7c23ff000 r--p 001b0000 08:03 1410238                    /usr/lib/x86_64-linux-gnu/libc.so.6
7cb7c23ff000-7cb7c2403000 r--p 001fe000 08:03 1410238                    /usr/lib/x86_64-linux-gnu/libc.so.6
7cb7c2403000-7cb7c2405000 rw-p 00202000 08:03 1410238                    /usr/lib/x86_64-linux-gnu/libc.so.6
7cb7c2405000-7cb7c2412000 rw-p 00000000 00:00 0 
7cb7c2412000-7cb7c241a000 rw-s 00000000 08:03 237598                     /tmp/hsperfdata_root/307179
7cb7c241a000-7cb7c241e000 r--p 00000000 fc:00 49676340                   /mydata/openjdk-mmtk/build/b0test/images/jdk/lib/libjimage.so
7cb7c241e000-7cb7c2435000 r-xp 00004000 fc:00 49676340                   /mydata/openjdk-mmtk/build/b0test/images/jdk/lib/libjimage.so
7cb7c2435000-7cb7c243a000 r--p 0001b000 fc:00 49676340                   /mydata/openjdk-mmtk/build/b0test/images/jdk/lib/libjimage.so
7cb7c243a000-7cb7c243c000 r--p 00020000 fc:00 49676340                   /mydata/openjdk-mmtk/build/b0test/images/jdk/lib/libjimage.so
7cb7c243c000-7cb7c243d000 rw-p 00022000 fc:00 49676340                   /mydata/openjdk-mmtk/build/b0test/images/jdk/lib/libjimage.so
7cb7c243d000-7cb7c2441000 r--p 00000000 08:03 1410148                    /usr/lib/x86_64-linux-gnu/libgcc_s.so.1
7cb7c2441000-7cb7c2465000 r-xp 00004000 08:03 1410148                    /usr/lib/x86_64-linux-gnu/libgcc_s.so.1
7cb7c2465000-7cb7c2469000 r--p 00028000 08:03 1410148                    /usr/lib/x86_64-linux-gnu/libgcc_s.so.1
7cb7c2469000-7cb7c246a000 r--p 0002b000 08:03 1410148                    /usr/lib/x86_64-linux-gnu/libgcc_s.so.1
7cb7c246a000-7cb7c246b000 rw-p 0002c000 08:03 1410148                    /usr/lib/x86_64-linux-gnu/libgcc_s.so.1
7cb7c246b000-7cb7c247b000 r--p 00000000 08:03 1411099                    /usr/lib/x86_64-linux-gnu/libm.so.6
7cb7c247b000-7cb7c24fa000 r-xp 00010000 08:03 1411099                    /usr/lib/x86_64-linux-gnu/libm.so.6
7cb7c24fa000-7cb7c2552000 r--p 0008f000 08:03 1411099                    /usr/lib/x86_64-linux-gnu/libm.so.6
7cb7c2552000-7cb7c2553000 r--p 000e7000 08:03 1411099                    /usr/lib/x86_64-linux-gnu/libm.so.6
7cb7c2553000-7cb7c2554000 rw-p 000e8000 08:03 1411099                    /usr/lib/x86_64-linux-gnu/libm.so.6
7cb7c2554000-7cb7c2556000 rw-p 00000000 00:00 0 
7cb7c2556000-7cb7c2558000 r--p 00000000 08:03 1409104                    /usr/lib/x86_64-linux-gnu/libz.so.1.3
7cb7c2558000-7cb7c256a000 r-xp 00002000 08:03 1409104                    /usr/lib/x86_64-linux-gnu/libz.so.1.3
7cb7c256a000-7cb7c2570000 r--p 00014000 08:03 1409104                    /usr/lib/x86_64-linux-gnu/libz.so.1.3
7cb7c2570000-7cb7c2571000 r--p 0001a000 08:03 1409104                    /usr/lib/x86_64-linux-gnu/libz.so.1.3
7cb7c2571000-7cb7c2572000 rw-p 0001b000 08:03 1409104                    /usr/lib/x86_64-linux-gnu/libz.so.1.3
7cb7c2577000-7cb7c2578000 rw-s 00000000 00:10 68                         anon_inode:bpf-map
7cb7c2578000-7cb7c2579000 r--s 00000000 00:10 68                         anon_inode:bpf-map
7cb7c2579000-7cb7c257a000 ---p 00000000 00:00 0 
7cb7c257a000-7cb7c257b000 r--p 00000000 00:00 0 
7cb7c257b000-7cb7c257c000 ---p 00000000 00:00 0 
7cb7c257c000-7cb7c257e000 r--p 00000000 fc:00 49676342                   /mydata/openjdk-mmtk/build/b0test/images/jdk/lib/libjli.so
7cb7c257e000-7cb7c2588000 r-xp 00002000 fc:00 49676342                   /mydata/openjdk-mmtk/build/b0test/images/jdk/lib/libjli.so
7cb7c2588000-7cb7c258b000 r--p 0000c000 fc:00 49676342                   /mydata/openjdk-mmtk/build/b0test/images/jdk/lib/libjli.so
7cb7c258b000-7cb7c258c000 r--p 0000f000 fc:00 49676342                   /mydata/openjdk-mmtk/build/b0test/images/jdk/lib/libjli.so
7cb7c258c000-7cb7c258d000 rw-p 00010000 fc:00 49676342                   /mydata/openjdk-mmtk/build/b0test/images/jdk/lib/libjli.so
7cb7c258d000-7cb7c258f000 rw-p 00000000 00:00 0 
7cb7c258f000-7cb7c2593000 r--p 00000000 00:00 0                          [vvar]
7cb7c2593000-7cb7c2595000 r--p 00000000 00:00 0                          [vvar_vclock]
7cb7c2595000-7cb7c2597000 r-xp 00000000 00:00 0                          [vdso]
7cb7c2597000-7cb7c2598000 r--p 00000000 08:03 1409763                    /usr/lib/x86_64-linux-gnu/ld-linux-x86-64.so.2
7cb7c2598000-7cb7c25c3000 r-xp 00001000 08:03 1409763                    /usr/lib/x86_64-linux-gnu/ld-linux-x86-64.so.2
7cb7c25c3000-7cb7c25cd000 r--p 0002c000 08:03 1409763                    /usr/lib/x86_64-linux-gnu/ld-linux-x86-64.so.2
7cb7c25cd000-7cb7c25cf000 r--p 00036000 08:03 1409763                    /usr/lib/x86_64-linux-gnu/ld-linux-x86-64.so.2
7cb7c25cf000-7cb7c25d1000 rw-p 00038000 08:03 1409763                    /usr/lib/x86_64-linux-gnu/ld-linux-x86-64.so.2
7fff7b979000-7fff7b99a000 rw-p 00000000 00:00 0                          [stack]
ffffffffff600000-ffffffffff601000 --xp 00000000 00:00 0                  [vsyscall]
Total number of mappings: 541

JVMTI agents: none


VM Arguments:
jvm_args: -XX:+UseThirdPartyHeap -Xms512m -Xmx512m 
java_command: /mydata/dacapo/dacapo-23.11/dacapo-23.11-MR2-chopin.jar xalan -n 3
java_class_path (initial): /mydata/dacapo/dacapo-23.11/dacapo-23.11-MR2-chopin.jar
Launcher Type: SUN_STANDARD

[Global flags]
     intx CICompilerCount                          = 15                                        {product} {ergonomic}
   size_t InitialHeapSize                          = 536870912                                 {product} {command line}
   size_t MaxHeapSize                              = 536870912                                 {product} {command line}
   size_t MinHeapDeltaBytes                        = 524288                                    {product} {ergonomic}
   size_t MinHeapSize                              = 536870912                                 {product} {command line}
    uintx NonNMethodCodeHeapSize                   = 8192380                                {pd product} {ergonomic}
    uintx NonProfiledCodeHeapSize                  = 121732930                              {pd product} {ergonomic}
    uintx ProfiledCodeHeapSize                     = 121732930                              {pd product} {ergonomic}
    uintx ReservedCodeCacheSize                    = 251658240                              {pd product} {ergonomic}
     bool SegmentedCodeCache                       = true                                      {product} {ergonomic}
   size_t SoftMaxHeapSize                          = 536870912                              {manageable} {ergonomic}
     bool UseCompressedOops                        = true                           {product lp64_product} {ergonomic}

Logging:
Log output configuration:
 #0: stdout all=warning uptime,level,tags foldmultilines=false
 #1: stderr all=off uptime,level,tags foldmultilines=false

Release file:
IMPLEMENTOR="N/A"
JAVA_RUNTIME_VERSION="21.0.9-internal-adhoc.talzuss.openjdk-mmtk"
JAVA_VERSION="21.0.9"
JAVA_VERSION_DATE="2025-10-21"
LIBC="gnu"
MODULES="java.base java.compiler java.datatransfer java.xml java.prefs java.desktop java.instrument java.logging java.management java.security.sasl java.naming java.rmi java.management.rmi java.net.http java.scripting java.security.jgss java.transaction.xa java.sql java.sql.rowset java.xml.crypto java.se java.smartcardio jdk.accessibility jdk.internal.jvmstat jdk.attach jdk.charsets jdk.internal.opt jdk.zipfs jdk.compiler jdk.crypto.ec jdk.crypto.cryptoki jdk.dynalink jdk.internal.ed jdk.editpad jdk.hotspot.agent jdk.httpserver jdk.incubator.vector jdk.internal.le jdk.internal.vm.ci jdk.internal.vm.compiler jdk.internal.vm.compiler.management jdk.jartool jdk.javadoc jdk.jcmd jdk.management jdk.management.agent jdk.jconsole jdk.jdeps jdk.jdwp.agent jdk.jdi jdk.jfr jdk.jlink jdk.jpackage jdk.jshell jdk.jsobject jdk.jstatd jdk.localedata jdk.management.jfr jdk.naming.dns jdk.naming.rmi jdk.net jdk.nio.mapmode jdk.random jdk.sctp jdk.security.auth jdk.security.jgss jdk.unsupported jdk.unsupported.desktop jdk.xml.dom"
OS_ARCH="x86_64"
OS_NAME="Linux"
SOURCE=".:git:b557520f04b3+"

Environment Variables:
PATH=/usr/local/sbin:/usr/local/bin:/usr/sbin:/usr/bin:/sbin:/bin:/snap/bin
SHELL=/bin/bash
LANG=en_US.UTF-8
TERM=tmux-256color

Active Locale:
LC_ALL=en_US.UTF-8
LC_COLLATE=en_US.UTF-8
LC_CTYPE=en_US.UTF-8
LC_MESSAGES=en_US.UTF-8
LC_MONETARY=en_US.UTF-8
LC_NUMERIC=en_US.UTF-8
LC_TIME=en_US.UTF-8

Signal Handlers:
   SIGSEGV: crash_handler in libjvm.so, mask=11100100010111111101111111111110, flags=SA_RESTART|SA_SIGINFO, unblocked
    SIGBUS: crash_handler in libjvm.so, mask=11100100010111111101111111111110, flags=SA_RESTART|SA_SIGINFO, unblocked
    SIGFPE: crash_handler in libjvm.so, mask=11100100010111111101111111111110, flags=SA_RESTART|SA_SIGINFO, unblocked
   SIGPIPE: javaSignalHandler in libjvm.so, mask=11100100010111111101111111111110, flags=SA_RESTART|SA_SIGINFO, blocked
   SIGXFSZ: javaSignalHandler in libjvm.so, mask=11100100010111111101111111111110, flags=SA_RESTART|SA_SIGINFO, blocked
    SIGILL: crash_handler in libjvm.so, mask=11100100010111111101111111111110, flags=SA_RESTART|SA_SIGINFO, unblocked
   SIGUSR2: SR_handler in libjvm.so, mask=00000000000000000000000000000000, flags=SA_RESTART|SA_SIGINFO, blocked
    SIGHUP: UserHandler in libjvm.so, mask=11100100010111111101111111111110, flags=SA_RESTART|SA_SIGINFO, blocked
    SIGINT: UserHandler in libjvm.so, mask=11100100010111111101111111111110, flags=SA_RESTART|SA_SIGINFO, blocked
   SIGTERM: UserHandler in libjvm.so, mask=11100100010111111101111111111110, flags=SA_RESTART|SA_SIGINFO, blocked
   SIGQUIT: UserHandler in libjvm.so, mask=11100100010111111101111111111110, flags=SA_RESTART|SA_SIGINFO, blocked
   SIGTRAP: crash_handler in libjvm.so, mask=11100100010111111101111111111110, flags=SA_RESTART|SA_SIGINFO, unblocked


Periodic native trim disabled

---------------  S Y S T E M  ---------------

OS:
DISTRIB_ID=Ubuntu
DISTRIB_RELEASE=24.04
DISTRIB_CODENAME=noble
DISTRIB_DESCRIPTION="Ubuntu 24.04.4 LTS"
uname: Linux 6.17.0-bpf-fault+ #1 SMP PREEMPT_DYNAMIC Mon Jul  6 16:43:12 MDT 2026 x86_64
OS uptime: 0 days 20:15 hours
libc: glibc 2.39 NPTL 2.39 
rlimit (soft/hard): STACK 8192k/infinity , CORE 0k/0k , NPROC 513205/513205 , NOFILE 1048576/1048576 , AS infinity/infinity , CPU infinity/infinity , DATA infinity/infinity , FSIZE infinity/infinity , MEMLOCK 16436528k/16436528k
load average: 1.82 1.47 0.86

/proc/meminfo:
MemTotal:       131492232 kB
MemFree:        77994352 kB
MemAvailable:   119990996 kB
Buffers:          514048 kB
Cached:         40884188 kB
SwapCached:            0 kB
Active:          2972676 kB
Inactive:       40588800 kB
Active(anon):    2179708 kB
Inactive(anon):        0 kB
Active(file):     792968 kB
Inactive(file): 40588800 kB
Unevictable:       41912 kB
Mlocked:           38840 kB
SwapTotal:       8388604 kB
SwapFree:        8388604 kB
Zswap:                 0 kB
Zswapped:              0 kB
Dirty:           1254580 kB
Writeback:             0 kB
AnonPages:       2207120 kB
Mapped:          6560264 kB
Shmem:              5316 kB
KReclaimable:    1866112 kB
Slab:            2385960 kB
SReclaimable:    1866112 kB
SUnreclaim:       519848 kB
KernelStack:       11296 kB
PageTables:        42560 kB
SecPageTables:      8784 kB
NFS_Unstable:          0 kB
Bounce:                0 kB
WritebackTmp:          0 kB
CommitLimit:    74134720 kB
Committed_AS:   161532564 kB
VmallocTotal:   34359738367 kB
VmallocUsed:       37212 kB
VmallocChunk:          0 kB
Percpu:            48896 kB
HardwareCorrupted:     0 kB
AnonHugePages:         0 kB
ShmemHugePages:        0 kB
ShmemPmdMapped:        0 kB
FileHugePages:   2160640 kB
FilePmdMapped:         0 kB
Unaccepted:            0 kB
Balloon:               0 kB
HugePages_Total:       0
HugePages_Free:        0
HugePages_Rsvd:        0
HugePages_Surp:        0
Hugepagesize:       2048 kB
Hugetlb:               0 kB
DirectMap4k:      680768 kB
DirectMap2M:    21975040 kB
DirectMap1G:    111149056 kB

/sys/kernel/mm/transparent_hugepage/enabled: always [madvise] never
/sys/kernel/mm/transparent_hugepage/hpage_pmd_size: 2097152
/sys/kernel/mm/transparent_hugepage/defrag (defrag/compaction efforts parameter): always defer defer+madvise [madvise] never

Process Memory:
Virtual Size: 13620288212K (peak: 13620288212K)
Resident Set Size: 4182780K (peak: 4182780K) (anon: 1009492K, file: 3173288K, shmem: 0K)
Swapped out: 0K
C-Heap outstanding allocations: 1419028K, retained: 29699K
glibc malloc tunables: (default)

/proc/sys/kernel/threads-max (system-wide limit on the number of threads): 1026411
/proc/sys/vm/max_map_count (maximum number of memory map areas a process may have): 1048576
/proc/sys/vm/swappiness (control to define how aggressively the kernel swaps out anonymous memory): 60
/proc/sys/kernel/pid_max (system-wide limit on number of process identifiers): 4194304

container information not found.
Steal ticks since vm start: 0
Steal ticks percentage since vm start:  0.000

CPU: total 32 (initial active 32) (32 cores per cpu, 2 threads per core) family 23 model 49 stepping 0 microcode 0x830107c, cx8, cmov, fxsr, ht, mmx, 3dnowpref, sse, sse2, sse3, ssse3, sse4a, sse4.1, sse4.2, popcnt, lzcnt, tsc, tscinvbit, avx, avx2, aes, clmul, bmi1, bmi2, adx, sha, fma, vzeroupper, clflush, clflushopt, rdtscp, rdpid, f16c
CPU Model and flags from /proc/cpuinfo:
model name	: AMD EPYC 7302P 16-Core Processor
flags		: fpu vme de pse tsc msr pae mce cx8 apic sep mtrr pge mca cmov pat pse36 clflush mmx fxsr sse sse2 ht syscall nx mmxext fxsr_opt pdpe1gb rdtscp lm constant_tsc rep_good nopl xtopology nonstop_tsc cpuid extd_apicid aperfmperf rapl pni pclmulqdq monitor ssse3 fma cx16 sse4_1 sse4_2 movbe popcnt aes xsave avx f16c rdrand lahf_lm cmp_legacy svm extapic cr8_legacy abm sse4a misalignsse 3dnowprefetch osvw ibs skinit wdt tce topoext perfctr_core perfctr_nb bpext perfctr_llc mwaitx cpb cat_l3 cdp_l3 hw_pstate ssbd mba ibrs ibpb stibp vmmcall fsgsbase bmi1 avx2 smep bmi2 cqm rdt_a rdseed adx smap clflushopt clwb sha_ni xsaveopt xsavec xgetbv1 xsaves cqm_llc cqm_occup_llc cqm_mbm_total cqm_mbm_local clzero irperf xsaveerptr rdpru wbnoinvd amd_ppin arat npt lbrv svm_lock nrip_save tsc_scale vmcb_clean flushbyasid decodeassists pausefilter pfthreshold avic v_vmsave_vmload vgif v_spec_ctrl umip rdpid overflow_recov succor smca sev sev_es

Online cpus: 0-31
Offline cpus: 
BIOS frequency limitation: <Not Available>
Frequency switch latency (ns): <Not Available>
Available cpu frequencies: <Not Available>
Current governor: <Not Available>
Core performance/turbo boost: <Not Available>

Memory: 4k page, physical 131492232k(119990996k free), swap 8388604k(8388604k free)
Page Sizes: 4k

vm_info: OpenJDK 64-Bit Server VM (21.0.9-internal-adhoc.talzuss.openjdk-mmtk) for linux-amd64 JRE (21.0.9-internal-adhoc.talzuss.openjdk-mmtk), built on 2026-07-06T23:13:08Z by "talzuss" with gcc 13.3.0
heap_info: MMTk OpenJDK 0.32.0 (a3bb9ef-dirty), using MMTk 0.32.0 (6afa497-dirty, BUILTIN_ENV_LOGGER, DEFAULT, EAGER_SWEEPING, VO_BIT)@

END.
