#
# A fatal error has been detected by the Java Runtime Environment:
#
#  SIGSEGV (0xb) at pc=0x00007c30f8adbbc5, pid=391491, tid=391511
#
# JRE version: OpenJDK Runtime Environment (21.0.9) (build 21.0.9-internal-adhoc.talzuss.openjdk-mmtk)
# Java VM: OpenJDK 64-Bit Server VM (21.0.9-internal-adhoc.talzuss.openjdk-mmtk, mixed mode, sharing, tiered, compressed oops, compressed class ptrs, third-party gc, linux-amd64)
# Problematic frame:
# C  [libmmtk_openjdk.so+0x2dbbc5]  _$LT$mmtk..plan..concurrent..immix..gc_work..SatbFinalDrain$LT$VM$GT$$u20$as$u20$mmtk..scheduler..work..GCWork$LT$VM$GT$$GT$::do_work::h99199484dacfec84+0x455
#
# Core dump will be written. Default location: Core dumps may be processed with "/usr/share/apport/apport -p%p -s%s -c%c -d%d -P%P -u%u -g%g -F%F -- %E" (or dumping to /mydata/mmtk-core/core.391491)
#
# If you would like to submit a bug report, please visit:
#   https://bugreport.java.com/bugreport/crash.jsp
#

---------------  S U M M A R Y ------------

Command Line: -XX:+UseThirdPartyHeap -Xms512m -Xmx512m /mydata/dacapo/dacapo-23.11/dacapo-23.11-MR2-chopin.jar xalan -n 3

Host: AMD EPYC 7302P 16-Core Processor, 32 cores, 125G, Ubuntu 24.04.4 LTS
Time: Tue Jul  7 17:03:32 2026 MDT elapsed time: 3.166020 seconds (0d 0h 0m 3s)

---------------  T H R E A D  ---------------

Current thread (0x00007c30f453c010):  NamedThread "MMTk Collector Thread" [id=391511, stack(0x00006f83bebfd000,0x00006f83becfd000) (1024K)]

Stack: [0x00006f83bebfd000,0x00006f83becfd000],  sp=0x00006f83becfb900,  free space=1018k
Native frames: (J=compiled Java code, j=interpreted, Vv=VM code, C=native code)
C  [libmmtk_openjdk.so+0x2dbbc5]  _$LT$mmtk..plan..concurrent..immix..gc_work..SatbFinalDrain$LT$VM$GT$$u20$as$u20$mmtk..scheduler..work..GCWork$LT$VM$GT$$GT$::do_work::h99199484dacfec84+0x455

siginfo: si_signo: 11 (SIGSEGV), si_code: 2 (SEGV_ACCERR), si_addr: 0x00006f83ff8dbafc

Registers:
RAX=0x00000000408dbaf0, RBX=0x00006f83bf1ab508, RCX=0x0000000000000000, RDX=0x00006f83bf000000
RSP=0x00006f83becfb900, RBP=0x00006f83becfb950, RSI=0x00006f83ff8dbaf0, RDI=0x00006f83becfb950
R8 =0x0000000040119000, R9 =0x00006f83becfba88, R10=0x0000000040000000, R11=0x9164843adc020a58
R12=0x00007c30f8c08ce8, R13=0x0000000000000000, R14=0x0000000040119c7c, R15=0x0000000040119c68
RIP=0x00007c30f8adbbc5, EFLAGS=0x0000000000010297, CSGSFS=0x002b000000000033, ERR=0x0000000000000004
  TRAPNO=0x000000000000000e

XMM[0]=0x00000000000001de 0x00000000000001a2
XMM[1]=0xffffffffffffffff 0x0000000000000001
XMM[2]=0xffffff00ff00ffff 0xffff00ffffffffff
XMM[3]=0x0000000000000000 0x0000000000000000
XMM[4]=0x0000000000000000 0x00006f8384000090
XMM[5]=0x000000004035e708 0x0000000040031230
XMM[6]=0x0000000040031180 0x000000004035e918
XMM[7]=0x0000000040031068 0x00000000400312f0
XMM[8]=0x00000000400310e8 0x0000000040031118
XMM[9]=0x0000000000000000 0x0000000000000000
XMM[10]=0x3f3f3f3f3f3f3f3f 0x3f3f3f3f3f3f3f3f
XMM[11]=0x9999999999999999 0x9999999999999999
XMM[12]=0x2020202020202020 0x2020202020202020
XMM[13]=0x0000000000000000 0x0000000000000000
XMM[14]=0x0000000000000000 0x0000000000000000
XMM[15]=0x0000000000000000 0x0000000000000000
  MXCSR=0x00001fa2


Register to memory mapping:

RAX=
[error occurred during error reporting (printing register info), id 0xe0000000, Internal Error (/mydata/mmtk-openjdk/openjdk/share/mmtkHeap.cpp:444)]
RBX=
[error occurred during error reporting (printing register info, attempt 2), id 0xe0000000, Internal Error (/mydata/mmtk-openjdk/openjdk/share/mmtkHeap.cpp:444)]
RCX=0x0 is null
RDX=
[error occurred during error reporting (printing register info, attempt 3), id 0xe0000000, Internal Error (/mydata/mmtk-openjdk/openjdk/share/mmtkHeap.cpp:444)]
Top of Stack: (sp=0x00006f83becfb900)
0x00006f83becfb900:   00006f838400c058 00006f83becfb9a8
0x00006f83becfb910:   0000000000000080 00006f838400bd80
0x00006f83becfb920:   000000000000005b 00006f83bf37bb18
0x00006f83becfb930:   0000200000119000 00007c30f8c09400
0x00006f83becfb940:   0000000000000200 00006f83becfba30
0x00006f83becfb950:   00007c30f8c08ce8 00006f83becfba88
0x00006f83becfb960:   00006f83becfb930 00006f83becfba70
0x00006f83becfb970:   00006f83becfba68 00006f83becfb9ff
0x00006f83becfb980:   00006f83becfba28 00006f83becfba40
0x00006f83becfb990:   00007c30f452d1c0 0000000000000004
0x00006f83becfb9a0:   0000000000000000 0000000000000001
0x00006f83becfb9b0:   000000000000002c 00006f838400bf70
0x00006f83becfb9c0:   00007c30f43dff80 0000000040118ff0
0x00006f83becfb9d0:   0000000000000001 00007c30f8bcb0d0
0x00006f83becfb9e0:   00006f836c001300 00007c30f452d060
0x00006f83becfb9f0:   0000000000000000 0000000000000000
0x00006f83becfba00:   00006f838400bd80 00006f83becfb998
0x00006f83becfba10:   0000000000000080 00007c30f8c08ce8
0x00006f83becfba20:   00006f8384005680 0000000000000800
0x00006f83becfba30:   00006f83840054e0 00000000000004d7
0x00006f83becfba40:   0000000000002000 00006f838400d7d0
0x00006f83becfba50:   0000000000001897 00006f8384007b98
0x00006f83becfba60:   00007c30f8c09400 0000000040000000
0x00006f83becfba70:   0000000040119000 00007c30f406f300
0x00006f83becfba80:   00006f83becfb9c8 0000000000000119
0x00006f83becfba90:   00007c30f406ea00 00007c30f406e700
0x00006f83becfbaa0:   00007c30f406e400 00007c30f406e100
0x00006f83becfbab0:   00007c30f406de00 00007c30f406db00
0x00006f83becfbac0:   00007c30f406d800 00007c30f406d500
0x00006f83becfbad0:   00007c30f406d200 00007c30f4046210
0x00006f83becfbae0:   00007c30f406ce80 0000000000000001
0x00006f83becfbaf0:   00007c30f8bcb0d0 0000000000000007 

Instructions: (pc=0x00007c30f8adbbc5)
0x00007c30f8adbac5:   24 18 48 89 84 24 00 01 00 00 48 8b 44 24 20 48
0x00007c30f8adbad5:   85 c0 0f 84 03 06 00 00 48 8b 8c 24 00 01 00 00
0x00007c30f8adbae5:   48 8d 04 c1 48 89 04 24 eb 4f 48 8d 05 ca dc 12
0x00007c30f8adbaf5:   00 48 89 44 24 38 8b 05 c3 dc 12 00 85 c0 0f 85
0x00007c30f8adbb05:   85 05 00 00 48 63 05 b0 dc 12 00 49 01 c7 48 89
0x00007c30f8adbb15:   ef 4c 89 fe e8 d2 a4 00 00 66 90 48 8b 8c 24 b8
0x00007c30f8adbb25:   00 00 00 48 83 c1 08 48 3b 0c 24 4c 8b a4 24 18
0x00007c30f8adbb35:   01 00 00 0f 84 a2 05 00 00 48 89 8c 24 b8 00 00
0x00007c30f8adbb45:   00 4c 8b 39 4c 89 64 24 50 48 8d 84 24 88 01 00
0x00007c30f8adbb55:   00 48 89 44 24 58 48 8d 44 24 30 48 89 44 24 60
0x00007c30f8adbb65:   48 8d 84 24 70 01 00 00 48 89 44 24 68 48 8d 84
0x00007c30f8adbb75:   24 68 01 00 00 48 89 44 24 70 48 8d 84 24 ff 00
0x00007c30f8adbb85:   00 00 48 89 44 24 78 48 8d 84 24 28 01 00 00 48
0x00007c30f8adbb95:   89 84 24 80 00 00 00 48 8d 84 24 40 01 00 00 48
0x00007c30f8adbba5:   89 84 24 88 00 00 00 41 8b 47 08 48 8b 15 79 e9
0x00007c30f8adbbb5:   12 00 48 8b 0d 7a e9 12 00 48 d3 e0 48 8d 34 10
0x00007c30f8adbbc5:   8b 44 10 0c 48 8d 0d 70 06 da ff 48 63 04 81 48
0x00007c30f8adbbd5:   01 c8 ff e0 48 63 86 28 01 00 00 48 85 c0 0f 84
0x00007c30f8adbbe5:   37 ff ff ff 48 63 8e ac 00 00 00 48 8d 0c ce 48
0x00007c30f8adbbf5:   63 96 2c 01 00 00 48 8d 34 d1 4c 8d 24 d1 49 81
0x00007c30f8adbc05:   c4 d8 01 00 00 48 8d 1c c6 48 81 c3 d8 01 00 00
0x00007c30f8adbc15:   eb 16 66 0f 1f 84 00 00 00 00 00 49 83 c4 08 49
0x00007c30f8adbc25:   39 dc 0f 84 f3 fe ff ff 45 8b 6c 24 04 4d 85 ed
0x00007c30f8adbc35:   74 e9 4d 63 34 24 4d 01 fe 66 90 48 89 ef 4c 89
0x00007c30f8adbc45:   f6 e8 a5 a3 00 00 49 83 c6 04 49 ff cd 75 ec eb
0x00007c30f8adbc55:   ca 49 63 5f 0c 48 85 db 0f 84 bd fe ff ff 49 83
0x00007c30f8adbc65:   c7 10 48 c1 e3 02 0f 1f 44 00 00 48 89 ef 4c 89
0x00007c30f8adbc75:   fe e8 75 a3 00 00 49 83 c7 04 48 83 c3 fc 75 eb
0x00007c30f8adbc85:   e9 96 fe ff ff 48 63 86 28 01 00 00 48 85 c0 0f
0x00007c30f8adbc95:   84 86 fe ff ff 48 63 8e ac 00 00 00 48 8d 0c ce
0x00007c30f8adbca5:   48 63 96 2c 01 00 00 48 8d 34 d1 48 8d 1c d1 48
0x00007c30f8adbcb5:   81 c3 d8 01 00 00 4c 8d 24 c6 49 81 c4 d8 01 00 


Stack slot to memory mapping:

stack at sp + 0 slots: 
[error occurred during error reporting (inspecting top of stack), id 0xe0000000, Internal Error (/mydata/mmtk-openjdk/openjdk/share/mmtkHeap.cpp:444)]
stack at sp + 1 slots: 
[error occurred during error reporting (inspecting top of stack, attempt 2), id 0xe0000000, Internal Error (/mydata/mmtk-openjdk/openjdk/share/mmtkHeap.cpp:444)]
stack at sp + 2 slots: 
[error occurred during error reporting (inspecting top of stack, attempt 3), id 0xe0000000, Internal Error (/mydata/mmtk-openjdk/openjdk/share/mmtkHeap.cpp:444)]

---------------  P R O C E S S  ---------------

Threads class SMR info:
_java_thread_list=0x00006f8338166b40, length=56, elements={
0x00007c30f402b240, 0x00007c30f4526f30, 0x00007c30f45287c0, 0x00007c30f452a2b0,
0x00007c30f4548ae0, 0x00007c30f454a430, 0x00007c30f454bcf0, 0x00007c30f454db30,
0x00007c30f4557500, 0x00006f833804d9a0, 0x00006f832c0015f0, 0x00007c30f45a6b40,
0x00007c30f45a9b40, 0x00006f833001c850, 0x00006f833003ea30, 0x00006f8330040060,
0x00006f831c03a710, 0x00007c30f47c51e0, 0x00007c30f47c5c00, 0x00007c30f47c67c0,
0x00007c30f47ca480, 0x00007c30f47cb760, 0x00007c30f47cca40, 0x00007c30f47cde30,
0x00007c30f47cf330, 0x00007c30f47d06d0, 0x00007c30f47d1dd0, 0x00007c30f47d3140,
0x00007c30f47d46d0, 0x00007c30f47d5b80, 0x00007c30f47d7030, 0x00007c30f43e1860,
0x00007c30f43e2880, 0x00007c30f43e40c0, 0x00007c30f45cf390, 0x00007c30f45d07b0,
0x00007c30f45d1d00, 0x00007c30f45d32e0, 0x00007c30f45d48c0, 0x00007c30f45d5d60,
0x00007c30f45d75f0, 0x00007c30f45d90e0, 0x00007c30f45da970, 0x00007c30f45dc200,
0x00007c30f45dda90, 0x00007c30f45df4a0, 0x00007c30f45e0eb0, 0x00007c30f43d4d90,
0x00007c30f43d6090, 0x00006f831807c9f0, 0x00006f831807e130, 0x00006f833814b2c0,
0x00006f8330107560, 0x00006f83140b3e80, 0x00006f83140b59d0, 0x00006f8338165660
}

Java Threads: ( => current thread )
  0x00007c30f402b240 JavaThread "main"                              [_thread_blocked, id=391492, stack(0x00007c30f8d00000,0x00007c30f8e00000) (1024K)]
  0x00007c30f4526f30 JavaThread "Reference Handler"          daemon [_thread_blocked, id=391496, stack(0x00007c30bc6ff000,0x00007c30bc7ff000) (1024K)]
  0x00007c30f45287c0 JavaThread "Finalizer"                  daemon [_thread_blocked, id=391497, stack(0x00007c30bc5ff000,0x00007c30bc6ff000) (1024K)]
  0x00007c30f452a2b0 JavaThread "MMTk Finalizer Thread"      daemon [_thread_blocked, id=391498, stack(0x00007c30bc4ff000,0x00007c30bc5ff000) (1024K)]
  0x00007c30f4548ae0 JavaThread "Signal Dispatcher"          daemon [_thread_blocked, id=391522, stack(0x00006f83be0f2000,0x00006f83be1f2000) (1024K)]
  0x00007c30f454a430 JavaThread "Service Thread"             daemon [_thread_blocked, id=391523, stack(0x00006f83bdff2000,0x00006f83be0f2000) (1024K)]
  0x00007c30f454bcf0 JavaThread "Monitor Deflation Thread"   daemon [_thread_blocked, id=391524, stack(0x00006f83bdef2000,0x00006f83bdff2000) (1024K)]
  0x00007c30f454db30 JavaThread "C2 CompilerThread0"         daemon [_thread_blocked, id=391525, stack(0x00006f83bddf2000,0x00006f83bdef2000) (1024K)]
  0x00007c30f4557500 JavaThread "C1 CompilerThread0"         daemon [_thread_blocked, id=391526, stack(0x00006f83bdcf2000,0x00006f83bddf2000) (1024K)]
  0x00006f833804d9a0 JavaThread "C1 CompilerThread1"         daemon [_thread_blocked, id=391527, stack(0x00006f83bdbf2000,0x00006f83bdcf2000) (1024K)]
  0x00006f832c0015f0 JavaThread "C1 CompilerThread2"         daemon [_thread_blocked, id=391528, stack(0x00006f83bdaf2000,0x00006f83bdbf2000) (1024K)]
  0x00007c30f45a6b40 JavaThread "Notification Thread"        daemon [_thread_blocked, id=391529, stack(0x00006f83bd9f2000,0x00006f83bdaf2000) (1024K)]
  0x00007c30f45a9b40 JavaThread "Common-Cleaner"             daemon [_thread_blocked, id=391530, stack(0x00006f83bd8f2000,0x00006f83bd9f2000) (1024K)]
  0x00006f833001c850 JavaThread "C2 CompilerThread1"         daemon [_thread_in_native, id=391531, stack(0x00006f83bd7f2000,0x00006f83bd8f2000) (1024K)]
  0x00006f833003ea30 JavaThread "C1 CompilerThread3"         daemon [_thread_blocked, id=391532, stack(0x00006f83bd6f2000,0x00006f83bd7f2000) (1024K)]
  0x00006f8330040060 JavaThread "C1 CompilerThread4"         daemon [_thread_blocked, id=391533, stack(0x00006f83bd5f2000,0x00006f83bd6f2000) (1024K)]
  0x00006f831c03a710 JavaThread "C2 CompilerThread2"         daemon [_thread_blocked, id=391534, stack(0x00006f83bd4f2000,0x00006f83bd5f2000) (1024K)]
  0x00007c30f47c51e0 JavaThread "Thread-0"                          [_thread_blocked, id=391536, stack(0x00006f83bd3f2000,0x00006f83bd4f2000) (1024K)]
  0x00007c30f47c5c00 JavaThread "Thread-1"                          [_thread_blocked, id=391537, stack(0x00006f83bd2f2000,0x00006f83bd3f2000) (1024K)]
  0x00007c30f47c67c0 JavaThread "Thread-2"                          [_thread_blocked, id=391538, stack(0x00006f83bd1f2000,0x00006f83bd2f2000) (1024K)]
  0x00007c30f47ca480 JavaThread "Thread-3"                          [_thread_blocked, id=391539, stack(0x00006f83bd0f2000,0x00006f83bd1f2000) (1024K)]
  0x00007c30f47cb760 JavaThread "Thread-4"                          [_thread_blocked, id=391540, stack(0x00006f83bcff2000,0x00006f83bd0f2000) (1024K)]
  0x00007c30f47cca40 JavaThread "Thread-5"                          [_thread_blocked, id=391541, stack(0x00006f83bcef2000,0x00006f83bcff2000) (1024K)]
  0x00007c30f47cde30 JavaThread "Thread-6"                          [_thread_blocked, id=391542, stack(0x00006f83bcdf2000,0x00006f83bcef2000) (1024K)]
  0x00007c30f47cf330 JavaThread "Thread-7"                          [_thread_blocked, id=391543, stack(0x00006f83bccf2000,0x00006f83bcdf2000) (1024K)]
  0x00007c30f47d06d0 JavaThread "Thread-8"                          [_thread_blocked, id=391544, stack(0x00006f83bcbf2000,0x00006f83bccf2000) (1024K)]
  0x00007c30f47d1dd0 JavaThread "Thread-9"                          [_thread_blocked, id=391545, stack(0x00006f83bcaf2000,0x00006f83bcbf2000) (1024K)]
  0x00007c30f47d3140 JavaThread "Thread-10"                         [_thread_blocked, id=391546, stack(0x00006f83bc9f2000,0x00006f83bcaf2000) (1024K)]
  0x00007c30f47d46d0 JavaThread "Thread-11"                         [_thread_blocked, id=391547, stack(0x00006f83bc8f2000,0x00006f83bc9f2000) (1024K)]
  0x00007c30f47d5b80 JavaThread "Thread-12"                         [_thread_blocked, id=391548, stack(0x00006f83bc7f2000,0x00006f83bc8f2000) (1024K)]
  0x00007c30f47d7030 JavaThread "Thread-13"                         [_thread_blocked, id=391549, stack(0x00006f83bc6f2000,0x00006f83bc7f2000) (1024K)]
  0x00007c30f43e1860 JavaThread "Thread-14"                         [_thread_blocked, id=391550, stack(0x00006f83bc5f2000,0x00006f83bc6f2000) (1024K)]
  0x00007c30f43e2880 JavaThread "Thread-15"                         [_thread_blocked, id=391551, stack(0x00006f83bc4f2000,0x00006f83bc5f2000) (1024K)]
  0x00007c30f43e40c0 JavaThread "Thread-16"                         [_thread_blocked, id=391552, stack(0x00006f83bc3f2000,0x00006f83bc4f2000) (1024K)]
  0x00007c30f45cf390 JavaThread "Thread-17"                         [_thread_blocked, id=391553, stack(0x00006f83bc2f2000,0x00006f83bc3f2000) (1024K)]
  0x00007c30f45d07b0 JavaThread "Thread-18"                         [_thread_blocked, id=391554, stack(0x00006f83bc1f2000,0x00006f83bc2f2000) (1024K)]
  0x00007c30f45d1d00 JavaThread "Thread-19"                         [_thread_blocked, id=391555, stack(0x00006f83bc0f2000,0x00006f83bc1f2000) (1024K)]
  0x00007c30f45d32e0 JavaThread "Thread-20"                         [_thread_blocked, id=391556, stack(0x00006f82c3f00000,0x00006f82c4000000) (1024K)]
  0x00007c30f45d48c0 JavaThread "Thread-21"                         [_thread_blocked, id=391557, stack(0x00006f82c3e00000,0x00006f82c3f00000) (1024K)]
  0x00007c30f45d5d60 JavaThread "Thread-22"                         [_thread_blocked, id=391558, stack(0x00006f82c3d00000,0x00006f82c3e00000) (1024K)]
  0x00007c30f45d75f0 JavaThread "Thread-23"                         [_thread_blocked, id=391559, stack(0x00006f82c3c00000,0x00006f82c3d00000) (1024K)]
  0x00007c30f45d90e0 JavaThread "Thread-24"                         [_thread_blocked, id=391560, stack(0x00006f82c3b00000,0x00006f82c3c00000) (1024K)]
  0x00007c30f45da970 JavaThread "Thread-25"                         [_thread_blocked, id=391561, stack(0x00006f82c3a00000,0x00006f82c3b00000) (1024K)]
  0x00007c30f45dc200 JavaThread "Thread-26"                         [_thread_blocked, id=391562, stack(0x00006f82c3900000,0x00006f82c3a00000) (1024K)]
  0x00007c30f45dda90 JavaThread "Thread-27"                         [_thread_blocked, id=391563, stack(0x00006f82c3800000,0x00006f82c3900000) (1024K)]
  0x00007c30f45df4a0 JavaThread "Thread-28"                         [_thread_blocked, id=391564, stack(0x00006f82c3700000,0x00006f82c3800000) (1024K)]
  0x00007c30f45e0eb0 JavaThread "Thread-29"                         [_thread_blocked, id=391565, stack(0x00006f82c3600000,0x00006f82c3700000) (1024K)]
  0x00007c30f43d4d90 JavaThread "Thread-30"                         [_thread_blocked, id=391566, stack(0x00006f82c3500000,0x00006f82c3600000) (1024K)]
  0x00007c30f43d6090 JavaThread "Thread-31"                         [_thread_blocked, id=391567, stack(0x00006f82c3400000,0x00006f82c3500000) (1024K)]
  0x00006f831807c9f0 JavaThread "C2 CompilerThread3"         daemon [_thread_blocked, id=391568, stack(0x00006f82c3300000,0x00006f82c3400000) (1024K)]
  0x00006f831807e130 JavaThread "C2 CompilerThread4"         daemon [_thread_blocked, id=391569, stack(0x00006f82c3200000,0x00006f82c3300000) (1024K)]
  0x00006f833814b2c0 JavaThread "C2 CompilerThread5"         daemon [_thread_blocked, id=391570, stack(0x00006f82c3100000,0x00006f82c3200000) (1024K)]
  0x00006f8330107560 JavaThread "C2 CompilerThread6"         daemon [_thread_blocked, id=391571, stack(0x00006f82c3000000,0x00006f82c3100000) (1024K)]
  0x00006f83140b3e80 JavaThread "C2 CompilerThread7"         daemon [_thread_blocked, id=391572, stack(0x00006f82c2f00000,0x00006f82c3000000) (1024K)]
  0x00006f83140b59d0 JavaThread "C2 CompilerThread8"         daemon [_thread_blocked, id=391573, stack(0x00006f82c2e00000,0x00006f82c2f00000) (1024K)]
  0x00006f8338165660 JavaThread "C2 CompilerThread9"         daemon [_thread_in_native, id=391574, stack(0x00006f82c2d00000,0x00006f82c2e00000) (1024K)]
Total: 56

Other Threads:
  0x00007c30f451ba80 VMThread "VM Thread"                           [id=391495, stack(0x00007c30f8044000,0x00007c30f8144000) (1024K)]
  0x00007c30f45096d0 WatcherThread "VM Periodic Task Thread"        [id=391494, stack(0x00007c30f8145000,0x00007c30f8245000) (1024K)]

=>0x00007c30f453c010 (exited) NamedThread "MMTk Collector Thread"   [id=391511, stack(0x00006f83bebfd000,0x00006f83becfd000) (1024K)]
Total: 3

Threads with active compile tasks:
C2 CompilerThread0  3168 2984       4       org.apache.xerces.impl.XMLScanner::scanAttributeValue (995 bytes)
C2 CompilerThread1  3168 2318   !   4       org.apache.xalan.templates.ElemApplyTemplates::transformSelectedNodes (979 bytes)
C2 CompilerThread2  3169 2982   !   4       org.apache.xerces.impl.XMLDocumentFragmentScannerImpl$FragmentContentDispatcher::dispatch (1118 bytes)
C2 CompilerThread3  3169 2893       4       org.apache.xalan.templates.ElemNumber::getCountMatchPattern (318 bytes)
C2 CompilerThread4  3169 2993  s    4       java.util.Hashtable::put (104 bytes)
C2 CompilerThread5  3169 2986       4       org.apache.xpath.axes.AxesWalker::nextNode (89 bytes)
C2 CompilerThread6  3169 2899       4       java.lang.StringLatin1::toChars (16 bytes)
C2 CompilerThread7  3169 2414   !   4       org.apache.xalan.templates.ElemLiteralResult::execute (312 bytes)
C2 CompilerThread8  3169 2990       4       java.util.StringTokenizer::skipDelimiters (116 bytes)
C2 CompilerThread9  3169 2682       4       org.apache.xerces.impl.XMLNSDocumentScannerImpl::scanStartElement (866 bytes)
Total: 10

VM state: at safepoint (normal execution)

VM Mutex/Monitor currently owned by a thread:  ([mutex/lock_event])
[0x00007c30fa3580d0] Threads_lock - owner thread: 0x00007c30f451ba80
[0x00007c30fa357fd0] Heap_lock - owner thread: 0x00007c30f43e4ec0

Heap address: 0x0000000040000000, size: 3072 MB, Compressed Oops mode: 32-bit

CDS archive(s) mapped at: [0x00006f83bf000000-0x00006f83bfca3000-0x00006f83bfca3000), size 13250560, SharedBaseAddress: 0x00006f83bf000000, ArchiveRelocationMode: 1.
Compressed class space mapped at: 0x00006f83c0000000-0x00006f8400000000, reserved size: 1073741824
Narrow klass base: 0x00006f83bf000000, Narrow klass shift: 0, Narrow klass range: 0x100000000

GC Precious Log:
<Empty>

Heap:

[error occurred during error reporting (printing heap information), id 0xe0000000, Internal Error (/mydata/mmtk-openjdk/openjdk/share/mmtkHeap.cpp:424)]
Metaspace:

Usage:
  Non-class:      6.99 MB used.
      Class:    964.45 KB used.
       Both:      7.93 MB used.

Virtual space:
  Non-class space:       64.00 MB reserved,       7.06 MB ( 11%) committed,  1 nodes.
      Class space:        1.00 GB reserved,       1.06 MB ( <1%) committed,  1 nodes.
             Both:        1.06 GB reserved,       8.12 MB ( <1%) committed. 

Chunk freelists:
   Non-Class:  7.38 MB
       Class:  14.99 MB
        Both:  22.37 MB

MaxMetaspaceSize: unlimited
CompressedClassSpaceSize: 1.00 GB
Initial GC threshold: 21.00 MB
Current GC threshold: 21.00 MB
CDS: on
 - commit_granule_bytes: 65536.
 - commit_granule_words: 8192.
 - virtual_space_node_default_size: 8388608.
 - enlarge_chunks_in_place: 1.
 - use_allocation_guard: 0.


Internal statistics:

num_allocs_failed_limit: 0.
num_arena_births: 120.
num_arena_deaths: 0.
num_vsnodes_births: 2.
num_vsnodes_deaths: 0.
num_space_committed: 130.
num_space_uncommitted: 0.
num_chunks_returned_to_freelist: 0.
num_chunks_taken_from_freelist: 363.
num_chunk_merges: 0.
num_chunk_splits: 257.
num_chunks_enlarged: 205.
num_inconsistent_stats: 0.

CodeHeap 'non-profiled nmethods': size=118880Kb used=1529Kb max_used=1529Kb free=117350Kb
 bounds [0x00007c30e43e8000, 0x00007c30e4658000, 0x00007c30eb800000]
CodeHeap 'profiled nmethods': size=118876Kb used=6340Kb max_used=6340Kb free=112535Kb
 bounds [0x00007c30dc800000, 0x00007c30dce40000, 0x00007c30e3c17000]
CodeHeap 'non-nmethods': size=8004Kb used=3469Kb max_used=3543Kb free=4534Kb
 bounds [0x00007c30e3c17000, 0x00007c30e3f97000, 0x00007c30e43e8000]
CodeCache: size=245760Kb, used=11338Kb, max_used=11412Kb, free=234419Kb
 total_blobs=3417, nmethods=2934, adapters=381, full_count=0
Compilation: enabled, stopped_count=0, restarted_count=0

Compilation events (20 events):
Event: 3.132 Thread 0x00006f8330040060 nmethod 2973 0x00007c30dce23e90 code [0x00007c30dce24780, 0x00007c30dce2b510]
Event: 3.134 Thread 0x00007c30f4557500 2987       3       org.apache.xpath.VariableStack::getGlobalVariable (48 bytes)
Event: 3.136 Thread 0x00007c30f4557500 nmethod 2987 0x00007c30dce2dc10 code [0x00007c30dce2de00, 0x00007c30dce2e3b0]
Event: 3.136 Thread 0x00006f833814b2c0 nmethod 2885 0x00007c30e4552490 code [0x00007c30e4552680, 0x00007c30e4553378]
Event: 3.136 Thread 0x00006f831807c9f0 nmethod 2894 0x00007c30e4553990 code [0x00007c30e4553b20, 0x00007c30e4553c90]
Event: 3.136 Thread 0x00006f833814b2c0 2986       4       org.apache.xpath.axes.AxesWalker::nextNode (89 bytes)
Event: 3.136 Thread 0x00006f831807c9f0 2893       4       org.apache.xalan.templates.ElemNumber::getCountMatchPattern (318 bytes)
Event: 3.138 Thread 0x00006f833804d9a0 2992   !   3       org.apache.xml.serializer.Encodings::getWriter (79 bytes)
Event: 3.160 Thread 0x00006f833804d9a0 nmethod 2992 0x00007c30dce2e590 code [0x00007c30dce2e900, 0x00007c30dce30540]
Event: 3.160 Thread 0x00006f8330107560 nmethod 2976 0x00007c30e4553d90 code [0x00007c30e4553fa0, 0x00007c30e4554708]
Event: 3.160 Thread 0x00006f8330107560 2991       4       java.util.StringTokenizer::setMaxDelimCodePoint (156 bytes)
Event: 3.161 Thread 0x00006f831807e130 nmethod 2871 0x00007c30e4554d10 code [0x00007c30e4555000, 0x00007c30e4556970]
Event: 3.161 Thread 0x00006f831807e130 2993  s    4       java.util.Hashtable::put (104 bytes)
Event: 3.162 Thread 0x00006f83140b59d0 nmethod 2830 0x00007c30e4557a90 code [0x00007c30e4557dc0, 0x00007c30e4559ee0]
Event: 3.162 Thread 0x00006f83140b59d0 2990       4       java.util.StringTokenizer::skipDelimiters (116 bytes)
Event: 3.164 Thread 0x00006f8330107560 nmethod 2991 0x00007c30e455b190 code [0x00007c30e455b320, 0x00007c30e455b4e0]
Event: 3.164 Thread 0x00006f8330107560 2837       4       java.util.concurrent.ConcurrentHashMap$BaseIterator::hasNext (13 bytes)
Event: 3.164 Thread 0x00006f8330107560 nmethod 2837 0x00007c30e455b610 code [0x00007c30e455b780, 0x00007c30e455b810]
Event: 3.164 Thread 0x00006f8330107560 2899       4       java.lang.StringLatin1::toChars (16 bytes)
Event: 3.164 Thread 0x00006f83140b3e80 nmethod 2414 0x00007c30e455b910 code [0x00007c30e455c0a0, 0x00007c30e4561ed0]

GC Heap History (0 events):
No events

Dll operation events (7 events):
Event: 0.001 Loaded shared library /mydata/openjdk-mmtk/build/b0test/images/jdk/lib/libjava.so
Event: 2.266 Loaded shared library /mydata/openjdk-mmtk/build/b0test/images/jdk/lib/libjsvml.so
Event: 2.280 Loaded shared library /mydata/openjdk-mmtk/build/b0test/images/jdk/lib/libnio.so
Event: 2.283 Loaded shared library /mydata/openjdk-mmtk/build/b0test/images/jdk/lib/libzip.so
Event: 2.297 Loaded shared library /mydata/openjdk-mmtk/build/b0test/images/jdk/lib/libjimage.so
Event: 2.323 Loaded shared library /mydata/openjdk-mmtk/build/b0test/images/jdk/lib/libnet.so
Event: 2.421 Loaded shared library /mydata/openjdk-mmtk/build/b0test/images/jdk/lib/libverify.so

Deoptimization events (20 events):
Event: 3.006 Thread 0x00007c30f47c51e0 DEOPT PACKING pc=0x00007c30e44ebe78 sp=0x00006f83bd4ee820
Event: 3.006 Thread 0x00007c30f47c51e0 DEOPT UNPACKING pc=0x00007c30e3c6a399 sp=0x00006f83bd4ee7e0 mode 2
Event: 3.110 Thread 0x00007c30f45da970 DEOPT PACKING pc=0x00007c30dcd65806 sp=0x00006f82c3afe600
Event: 3.110 Thread 0x00007c30f45da970 DEOPT UNPACKING pc=0x00007c30e3c6ab2f sp=0x00006f82c3afdbf8 mode 0
Event: 3.118 Thread 0x00007c30f47c51e0 Uncommon trap: trap_request=0xffffffde fr.pc=0x00007c30e448ba14 relative=0x0000000000000994
Event: 3.118 Thread 0x00007c30f47c51e0 Uncommon trap: reason=class_check action=maybe_recompile pc=0x00007c30e448ba14 method=java.io.Writer.write(Ljava/lang/String;)V @ 7 c2
Event: 3.118 Thread 0x00007c30f47c51e0 DEOPT PACKING pc=0x00007c30e448ba14 sp=0x00006f83bd4f07f0
Event: 3.118 Thread 0x00007c30f47c51e0 DEOPT UNPACKING pc=0x00007c30e3c6a399 sp=0x00006f83bd4f07c8 mode 2
Event: 3.118 Thread 0x00007c30f47c51e0 Uncommon trap: trap_request=0xffffffde fr.pc=0x00007c30e4485bd8 relative=0x00000000000006f8
Event: 3.118 Thread 0x00007c30f47c51e0 Uncommon trap: reason=class_check action=maybe_recompile pc=0x00007c30e4485bd8 method=java.nio.charset.CharsetEncoder.encode(Ljava/nio/CharBuffer;Ljava/nio/ByteBuffer;Z)Ljava/nio/charset/CoderResult; @ 57 c2
Event: 3.118 Thread 0x00007c30f47c51e0 DEOPT PACKING pc=0x00007c30e4485bd8 sp=0x00006f83bd4f06c0
Event: 3.118 Thread 0x00007c30f47c51e0 DEOPT UNPACKING pc=0x00007c30e3c6a399 sp=0x00006f83bd4f0478 mode 2
Event: 3.123 Thread 0x00007c30f47cca40 DEOPT PACKING pc=0x00007c30dcc9c43d sp=0x00006f83bcff00c0
Event: 3.123 Thread 0x00007c30f47cca40 DEOPT UNPACKING pc=0x00007c30e3c6ab2f sp=0x00006f83bcfef5b8 mode 0
Event: 3.128 Thread 0x00007c30f47c67c0 DEOPT PACKING pc=0x00007c30dcd16f0c sp=0x00006f83bd2f03b0
Event: 3.128 Thread 0x00007c30f47c67c0 DEOPT UNPACKING pc=0x00007c30e3c6ab2f sp=0x00006f83bd2ef908 mode 0
Event: 3.131 Thread 0x00007c30f47d1dd0 DEOPT PACKING pc=0x00007c30dcc9c43d sp=0x00006f83bcbf0060
Event: 3.131 Thread 0x00007c30f47d1dd0 DEOPT UNPACKING pc=0x00007c30e3c6ab2f sp=0x00006f83bcbef558 mode 0
Event: 3.138 Thread 0x00007c30f43e1860 DEOPT PACKING pc=0x00007c30dcd5d660 sp=0x00006f83bc6f04b0
Event: 3.138 Thread 0x00007c30f43e1860 DEOPT UNPACKING pc=0x00007c30e3c6ab2f sp=0x00006f83bc6efa90 mode 0

Classes loaded (20 events):
Event: 2.690 Loading class java/util/ResourceBundle$KeyElementReference
Event: 2.691 Loading class java/util/ResourceBundle$CacheKeyReference
Event: 2.691 Loading class java/util/ResourceBundle$CacheKeyReference done
Event: 2.691 Loading class java/util/ResourceBundle$KeyElementReference done
Event: 2.691 Loading class java/util/ResourceBundle$Control$2
Event: 2.691 Loading class java/util/ResourceBundle$Control$2 done
Event: 2.692 Loading class sun/util/PropertyResourceBundleCharset
Event: 2.692 Loading class sun/util/PropertyResourceBundleCharset done
Event: 2.692 Loading class sun/util/PropertyResourceBundleCharset$PropertiesFileDecoder
Event: 2.692 Loading class sun/util/PropertyResourceBundleCharset$PropertiesFileDecoder done
Event: 2.693 Loading class java/util/ResourceBundle$BundleReference
Event: 2.693 Loading class java/util/ResourceBundle$BundleReference done
Event: 2.693 Loading class sun/util/ResourceBundleEnumeration
Event: 2.693 Loading class sun/util/ResourceBundleEnumeration done
Event: 2.710 Loading class sun/nio/cs/ISO_8859_1$Encoder
Event: 2.710 Loading class sun/nio/cs/ISO_8859_1$Encoder done
Event: 2.748 Loading class java/util/ResourceBundle$Control$1
Event: 2.748 Loading class java/util/ResourceBundle$Control$1 done
Event: 2.770 Loading class java/lang/foreign/MemorySegment
Event: 2.770 Loading class java/lang/foreign/MemorySegment done

Classes unloaded (0 events):
No events

Classes redefined (0 events):
No events

Internal exceptions (13 events):
Event: 2.290 Thread 0x00007c30f402b240 Exception <a 'java/lang/NoSuchMethodError'{0x000000004033c090}: 'java.lang.Object java.lang.invoke.DirectMethodHandle$Holder.newInvokeSpecial(java.lang.Object, int, java.lang.Object)'> (0x000000004033c090) 
thrown [src/hotspot/share/interpreter/linkResolver.cpp, line 772]
Event: 2.300 Thread 0x00007c30f402b240 Exception <a 'java/lang/NoSuchMethodError'{0x0000000040301e28}: 'void java.lang.invoke.DirectMethodHandle$Holder.invokeStatic(java.lang.Object, java.lang.Object)'> (0x0000000040301e28) 
thrown [src/hotspot/share/interpreter/linkResolver.cpp, line 772]
Event: 2.300 Thread 0x00007c30f402b240 Exception <a 'java/lang/NoSuchMethodError'{0x0000000040305820}: 'void java.lang.invoke.DirectMethodHandle$Holder.invokeSpecial(java.lang.Object, java.lang.Object, java.lang.Object)'> (0x0000000040305820) 
thrown [src/hotspot/share/interpreter/linkResolver.cpp, line 772]
Event: 2.342 Thread 0x00007c30f402b240 Exception <a 'java/lang/NoSuchMethodError'{0x00000000401b5ca8}: 'void java.lang.invoke.DirectMethodHandle$Holder.invokeVirtual(java.lang.Object, java.lang.Object)'> (0x00000000401b5ca8) 
thrown [src/hotspot/share/interpreter/linkResolver.cpp, line 772]
Event: 2.347 Thread 0x00007c30f402b240 Exception <a 'java/io/FileNotFoundException'{0x0000000040186858}> (0x0000000040186858) 
thrown [src/hotspot/share/prims/jni.cpp, line 520]
Event: 2.357 Thread 0x00007c30f402b240 Exception <a 'java/lang/NoSuchMethodError'{0x0000000040119860}: 'java.lang.Object java.lang.invoke.Invokers$Holder.invokeExact_MT(java.lang.Object, java.lang.Object, java.lang.Object, java.lang.Object, java.lang.Object)'> (0x0000000040119860) 
thrown [src/hotspot/share/interpreter/linkResolver.cpp, line 772]
Event: 2.548 Thread 0x00007c30f402b240 Exception <a 'java/lang/NoSuchMethodError'{0x0000000040eaa530}: 'void java.lang.invoke.DirectMethodHandle$Holder.invokeVirtual(java.lang.Object, java.lang.Object, int)'> (0x0000000040eaa530) 
thrown [src/hotspot/share/interpreter/linkResolver.cpp, line 772]
Event: 2.548 Thread 0x00007c30f402b240 Exception <a 'java/lang/NoSuchMethodError'{0x0000000040eaec58}: 'int java.lang.invoke.DirectMethodHandle$Holder.invokeSpecial(java.lang.Object, java.lang.Object, java.lang.Object, int)'> (0x0000000040eaec58) 
thrown [src/hotspot/share/interpreter/linkResolver.cpp, line 772]
Event: 2.550 Thread 0x00007c30f402b240 Exception <a 'java/lang/NoSuchMethodError'{0x0000000040e909e0}: 'java.lang.Object java.lang.invoke.DirectMethodHandle$Holder.invokeStatic(java.lang.Object, java.lang.Object, java.lang.Object, java.lang.Object, int)'> (0x0000000040e909e0) 
thrown [src/hotspot/share/interpreter/linkResolver.cpp, line 772]
Event: 2.551 Thread 0x00007c30f402b240 Exception <a 'java/lang/NoSuchMethodError'{0x0000000040e8bbe0}: 'void java.lang.invoke.DelegatingMethodHandle$Holder.reinvoke_L(java.lang.Object, java.lang.Object, int)'> (0x0000000040e8bbe0) 
thrown [src/hotspot/share/interpreter/linkResolver.cpp, line 772]
Event: 2.551 Thread 0x00007c30f402b240 Exception <a 'java/lang/NoSuchMethodError'{0x0000000040e82938}: 'int java.lang.invoke.DirectMethodHandle$Holder.invokeSpecial(java.lang.Object, java.lang.Object, java.lang.Object)'> (0x0000000040e82938) 
thrown [src/hotspot/share/interpreter/linkResolver.cpp, line 772]
Event: 2.622 Thread 0x00007c30f402b240 Exception <a 'java/lang/NoSuchMethodError'{0x00000000413b6210}: 'void java.lang.invoke.DelegatingMethodHandle$Holder.reinvoke_L(java.lang.Object, java.lang.Object, int, int)'> (0x00000000413b6210) 
thrown [src/hotspot/share/interpreter/linkResolver.cpp, line 772]
Event: 2.689 Thread 0x00007c30f47cde30 Exception <a 'java/lang/NoSuchMethodError'{0x000000004096a288}: 'java.lang.Object java.lang.invoke.DirectMethodHandle$Holder.invokeInterface(java.lang.Object, java.lang.Object)'> (0x000000004096a288) 
thrown [src/hotspot/share/interpreter/linkResolver.cpp, line 772]

ZGC Phase Switch (0 events):
No events

VM Operations (20 events):
Event: 2.750 Executing VM operation: HandshakeAllThreads (Deoptimize) done
Event: 2.788 Executing VM operation: ICBufferFull
Event: 2.789 Executing VM operation: ICBufferFull done
Event: 2.792 Executing VM operation: ICBufferFull
Event: 2.794 Executing VM operation: ICBufferFull done
Event: 2.797 Executing VM operation: ICBufferFull
Event: 2.806 Executing VM operation: ICBufferFull done
Event: 2.958 Executing VM operation: ICBufferFull
Event: 2.962 Executing VM operation: ICBufferFull done
Event: 3.122 Executing VM operation: ICBufferFull
Event: 3.122 Executing VM operation: ICBufferFull done
Event: 3.122 Executing VM operation: ICBufferFull
Event: 3.123 Executing VM operation: ICBufferFull done
Event: 3.131 Executing VM operation: ICBufferFull
Event: 3.131 Executing VM operation: ICBufferFull done
Event: 3.132 Executing VM operation: ICBufferFull
Event: 3.132 Executing VM operation: ICBufferFull done
Event: 3.139 Executing VM operation: ThirdPartyHeapOperation
Event: 3.159 Executing VM operation: ThirdPartyHeapOperation done
Event: 3.164 Executing VM operation: ThirdPartyHeapOperation

Memory protections (20 events):
Event: 2.657 Protecting memory [0x00006f83bc0f2000,0x00006f83bc0f6000] with protection modes 0
Event: 2.658 Protecting memory [0x00006f82c3f00000,0x00006f82c3f04000] with protection modes 0
Event: 2.658 Protecting memory [0x00006f82c3e00000,0x00006f82c3e04000] with protection modes 0
Event: 2.658 Protecting memory [0x00006f82c3d00000,0x00006f82c3d04000] with protection modes 0
Event: 2.658 Protecting memory [0x00006f82c3c00000,0x00006f82c3c04000] with protection modes 0
Event: 2.658 Protecting memory [0x00006f82c3b00000,0x00006f82c3b04000] with protection modes 0
Event: 2.658 Protecting memory [0x00006f82c3a00000,0x00006f82c3a04000] with protection modes 0
Event: 2.658 Protecting memory [0x00006f82c3900000,0x00006f82c3904000] with protection modes 0
Event: 2.658 Protecting memory [0x00006f82c3800000,0x00006f82c3804000] with protection modes 0
Event: 2.658 Protecting memory [0x00006f82c3700000,0x00006f82c3704000] with protection modes 0
Event: 2.658 Protecting memory [0x00006f82c3600000,0x00006f82c3604000] with protection modes 0
Event: 2.659 Protecting memory [0x00006f82c3500000,0x00006f82c3504000] with protection modes 0
Event: 2.659 Protecting memory [0x00006f82c3400000,0x00006f82c3404000] with protection modes 0
Event: 2.706 Protecting memory [0x00006f82c3300000,0x00006f82c3304000] with protection modes 0
Event: 2.706 Protecting memory [0x00006f82c3200000,0x00006f82c3204000] with protection modes 0
Event: 2.764 Protecting memory [0x00006f82c3100000,0x00006f82c3104000] with protection modes 0
Event: 2.766 Protecting memory [0x00006f82c3000000,0x00006f82c3004000] with protection modes 0
Event: 2.771 Protecting memory [0x00006f82c2f00000,0x00006f82c2f04000] with protection modes 0
Event: 2.771 Protecting memory [0x00006f82c2e00000,0x00006f82c2e04000] with protection modes 0
Event: 2.772 Protecting memory [0x00006f82c2d00000,0x00006f82c2d04000] with protection modes 0

Nmethod flushes (0 events):
No events

Events (20 events):
Event: 2.657 Thread 0x00007c30f402b240 Thread added: 0x00007c30f45d1d00
Event: 2.658 Thread 0x00007c30f402b240 Thread added: 0x00007c30f45d32e0
Event: 2.658 Thread 0x00007c30f402b240 Thread added: 0x00007c30f45d48c0
Event: 2.658 Thread 0x00007c30f402b240 Thread added: 0x00007c30f45d5d60
Event: 2.658 Thread 0x00007c30f402b240 Thread added: 0x00007c30f45d75f0
Event: 2.658 Thread 0x00007c30f402b240 Thread added: 0x00007c30f45d90e0
Event: 2.658 Thread 0x00007c30f402b240 Thread added: 0x00007c30f45da970
Event: 2.658 Thread 0x00007c30f402b240 Thread added: 0x00007c30f45dc200
Event: 2.658 Thread 0x00007c30f402b240 Thread added: 0x00007c30f45dda90
Event: 2.658 Thread 0x00007c30f402b240 Thread added: 0x00007c30f45df4a0
Event: 2.658 Thread 0x00007c30f402b240 Thread added: 0x00007c30f45e0eb0
Event: 2.659 Thread 0x00007c30f402b240 Thread added: 0x00007c30f43d4d90
Event: 2.659 Thread 0x00007c30f402b240 Thread added: 0x00007c30f43d6090
Event: 2.706 Thread 0x00006f831c03a710 Thread added: 0x00006f831807c9f0
Event: 2.706 Thread 0x00006f831c03a710 Thread added: 0x00006f831807e130
Event: 2.764 Thread 0x00007c30f4557500 Thread added: 0x00006f833814b2c0
Event: 2.766 Thread 0x00006f832c0015f0 Thread added: 0x00006f8330107560
Event: 2.771 Thread 0x00006f8330040060 Thread added: 0x00006f83140b3e80
Event: 2.771 Thread 0x00006f8330040060 Thread added: 0x00006f83140b59d0
Event: 2.772 Thread 0x00007c30f4557500 Thread added: 0x00006f8338165660


Dynamic libraries:
40000000-40400000 rw-p 00000000 00:00 0                                  [anon:mmtk:space:immix]
40400000-40800000 rw-p 00000000 00:00 0                                  [anon:mmtk:space:los]
40800000-41400000 rw-p 00000000 00:00 0                                  [anon:mmtk:space:immix]
41400000-41800000 rw-p 00000000 00:00 0                                  [anon:mmtk:space:los]
41800000-41c00000 rw-p 00000000 00:00 0                                  [anon:mmtk:space:immix]
41c00000-42000000 rw-p 00000000 00:00 0                                  [anon:mmtk:space:los]
42000000-42400000 rw-p 00000000 00:00 0                                  [anon:mmtk:space:immix]
42400000-42800000 rw-p 00000000 00:00 0                                  [anon:mmtk:space:los]
42800000-43000000 rw-p 00000000 00:00 0                                  [anon:mmtk:space:immix]
43000000-43400000 rw-p 00000000 00:00 0                                  [anon:mmtk:space:los]
43400000-43c00000 rw-p 00000000 00:00 0                                  [anon:mmtk:space:immix]
43c00000-44000000 rw-p 00000000 00:00 0                                  [anon:mmtk:space:los]
44000000-44800000 rw-p 00000000 00:00 0                                  [anon:mmtk:space:immix]
44800000-44c00000 rw-p 00000000 00:00 0                                  [anon:mmtk:space:los]
44c00000-45000000 rw-p 00000000 00:00 0                                  [anon:mmtk:space:immix]
45000000-45400000 rw-p 00000000 00:00 0                                  [anon:mmtk:space:los]
45400000-45c00000 rw-p 00000000 00:00 0                                  [anon:mmtk:space:immix]
45c00000-46000000 rw-p 00000000 00:00 0                                  [anon:mmtk:space:los]
46000000-46400000 rw-p 00000000 00:00 0                                  [anon:mmtk:space:immix]
46400000-46800000 rw-p 00000000 00:00 0                                  [anon:mmtk:space:los]
46800000-47000000 rw-p 00000000 00:00 0                                  [anon:mmtk:space:immix]
47000000-47400000 rw-p 00000000 00:00 0                                  [anon:mmtk:space:los]
47400000-47800000 rw-p 00000000 00:00 0                                  [anon:mmtk:space:immix]
47800000-47c00000 rw-p 00000000 00:00 0                                  [anon:mmtk:space:los]
47c00000-48400000 rw-p 00000000 00:00 0                                  [anon:mmtk:space:immix]
48400000-48800000 rw-p 00000000 00:00 0                                  [anon:mmtk:space:los]
48800000-48c00000 rw-p 00000000 00:00 0                                  [anon:mmtk:space:immix]
48c00000-49000000 rw-p 00000000 00:00 0                                  [anon:mmtk:space:los]
49000000-49800000 rw-p 00000000 00:00 0                                  [anon:mmtk:space:immix]
49800000-49c00000 rw-p 00000000 00:00 0                                  [anon:mmtk:space:los]
49c00000-4a000000 rw-p 00000000 00:00 0                                  [anon:mmtk:space:immix]
4a000000-4a400000 rw-p 00000000 00:00 0                                  [anon:mmtk:space:los]
4a400000-4ac00000 rw-p 00000000 00:00 0                                  [anon:mmtk:space:immix]
4ac00000-4b000000 rw-p 00000000 00:00 0                                  [anon:mmtk:space:los]
4b000000-4b400000 rw-p 00000000 00:00 0                                  [anon:mmtk:space:immix]
4b400000-4b800000 rw-p 00000000 00:00 0                                  [anon:mmtk:space:los]
4b800000-4c000000 rw-p 00000000 00:00 0                                  [anon:mmtk:space:immix]
4c000000-4c400000 rw-p 00000000 00:00 0                                  [anon:mmtk:space:los]
4c400000-4cc00000 rw-p 00000000 00:00 0                                  [anon:mmtk:space:immix]
4cc00000-4d000000 rw-p 00000000 00:00 0                                  [anon:mmtk:space:los]
4d000000-4d400000 rw-p 00000000 00:00 0                                  [anon:mmtk:space:immix]
4d400000-4d800000 rw-p 00000000 00:00 0                                  [anon:mmtk:space:los]
4d800000-4e000000 rw-p 00000000 00:00 0                                  [anon:mmtk:space:immix]
4e000000-4e400000 rw-p 00000000 00:00 0                                  [anon:mmtk:space:los]
4e400000-4e800000 rw-p 00000000 00:00 0                                  [anon:mmtk:space:immix]
4e800000-4ec00000 rw-p 00000000 00:00 0                                  [anon:mmtk:space:los]
4ec00000-4f400000 rw-p 00000000 00:00 0                                  [anon:mmtk:space:immix]
4f400000-4f800000 rw-p 00000000 00:00 0                                  [anon:mmtk:space:los]
4f800000-4fc00000 rw-p 00000000 00:00 0                                  [anon:mmtk:space:immix]
4fc00000-50000000 rw-p 00000000 00:00 0                                  [anon:mmtk:space:los]
50000000-50400000 rw-p 00000000 00:00 0                                  [anon:mmtk:space:immix]
200000000000-2000c00c0000 rw-s 00000000 00:10 68                         anon_inode:bpf-map
577fecc96000-577fecc97000 r--p 00000000 fc:00 49676337                   /mydata/openjdk-mmtk/build/b0test/images/jdk/bin/java
577fecc97000-577fecc98000 r-xp 00001000 fc:00 49676337                   /mydata/openjdk-mmtk/build/b0test/images/jdk/bin/java
577fecc98000-577fecc99000 r--p 00002000 fc:00 49676337                   /mydata/openjdk-mmtk/build/b0test/images/jdk/bin/java
577fecc99000-577fecc9a000 r--p 00002000 fc:00 49676337                   /mydata/openjdk-mmtk/build/b0test/images/jdk/bin/java
577fecc9a000-577fecc9b000 rw-p 00003000 fc:00 49676337                   /mydata/openjdk-mmtk/build/b0test/images/jdk/bin/java
578017f32000-578017f7a000 rw-p 00000000 00:00 0                          [heap]
6f8274000000-6f82745a9000 rw-p 00000000 00:00 0 
6f82745a9000-6f8278000000 ---p 00000000 00:00 0 
6f8278000000-6f8278a1a000 rw-p 00000000 00:00 0 
6f8278a1a000-6f827c000000 ---p 00000000 00:00 0 
6f827c000000-6f827c376000 rw-p 00000000 00:00 0 
6f827c376000-6f8280000000 ---p 00000000 00:00 0 
6f8280000000-6f828091c000 rw-p 00000000 00:00 0 
6f828091c000-6f8284000000 ---p 00000000 00:00 0 
6f8284000000-6f8284545000 rw-p 00000000 00:00 0 
6f8284545000-6f8288000000 ---p 00000000 00:00 0 
6f8288000000-6f828857f000 rw-p 00000000 00:00 0 
6f828857f000-6f828c000000 ---p 00000000 00:00 0 
6f828c000000-6f828c021000 rw-p 00000000 00:00 0 
6f828c021000-6f8290000000 ---p 00000000 00:00 0 
6f8290000000-6f8290667000 rw-p 00000000 00:00 0 
6f8290667000-6f8294000000 ---p 00000000 00:00 0 
6f8294000000-6f8294021000 rw-p 00000000 00:00 0 
6f8294021000-6f8298000000 ---p 00000000 00:00 0 
6f8298000000-6f8298021000 rw-p 00000000 00:00 0 
6f8298021000-6f829c000000 ---p 00000000 00:00 0 
6f829c000000-6f829c021000 rw-p 00000000 00:00 0 
6f829c021000-6f82a0000000 ---p 00000000 00:00 0 
6f82a0000000-6f82a0021000 rw-p 00000000 00:00 0 
6f82a0021000-6f82a4000000 ---p 00000000 00:00 0 
6f82a4000000-6f82a4021000 rw-p 00000000 00:00 0 
6f82a4021000-6f82a8000000 ---p 00000000 00:00 0 
6f82a8000000-6f82a8021000 rw-p 00000000 00:00 0 
6f82a8021000-6f82ac000000 ---p 00000000 00:00 0 
6f82ac000000-6f82ac021000 rw-p 00000000 00:00 0 
6f82ac021000-6f82b0000000 ---p 00000000 00:00 0 
6f82b0000000-6f82b0021000 rw-p 00000000 00:00 0 
6f82b0021000-6f82b4000000 ---p 00000000 00:00 0 
6f82b4000000-6f82b4021000 rw-p 00000000 00:00 0 
6f82b4021000-6f82b8000000 ---p 00000000 00:00 0 
6f82b8000000-6f82b8021000 rw-p 00000000 00:00 0 
6f82b8021000-6f82bc000000 ---p 00000000 00:00 0 
6f82bc000000-6f82bc021000 rw-p 00000000 00:00 0 
6f82bc021000-6f82c0000000 ---p 00000000 00:00 0 
6f82c28d4000-6f82c2d00000 rw-p 00000000 00:00 0 
6f82c2d00000-6f82c2d04000 ---p 00000000 00:00 0 
6f82c2d04000-6f82c2e00000 rw-p 00000000 00:00 0 
6f82c2e00000-6f82c2e04000 ---p 00000000 00:00 0 
6f82c2e04000-6f82c2f00000 rw-p 00000000 00:00 0 
6f82c2f00000-6f82c2f04000 ---p 00000000 00:00 0 
6f82c2f04000-6f82c3000000 rw-p 00000000 00:00 0 
6f82c3000000-6f82c3004000 ---p 00000000 00:00 0 
6f82c3004000-6f82c3100000 rw-p 00000000 00:00 0 
6f82c3100000-6f82c3104000 ---p 00000000 00:00 0 
6f82c3104000-6f82c3200000 rw-p 00000000 00:00 0 
6f82c3200000-6f82c3204000 ---p 00000000 00:00 0 
6f82c3204000-6f82c3300000 rw-p 00000000 00:00 0 
6f82c3300000-6f82c3304000 ---p 00000000 00:00 0 
6f82c3304000-6f82c3400000 rw-p 00000000 00:00 0 
6f82c3400000-6f82c3404000 ---p 00000000 00:00 0 
6f82c3404000-6f82c3500000 rw-p 00000000 00:00 0 
6f82c3500000-6f82c3504000 ---p 00000000 00:00 0 
6f82c3504000-6f82c3600000 rw-p 00000000 00:00 0 
6f82c3600000-6f82c3604000 ---p 00000000 00:00 0 
6f82c3604000-6f82c3700000 rw-p 00000000 00:00 0 
6f82c3700000-6f82c3704000 ---p 00000000 00:00 0 
6f82c3704000-6f82c3800000 rw-p 00000000 00:00 0 
6f82c3800000-6f82c3804000 ---p 00000000 00:00 0 
6f82c3804000-6f82c3900000 rw-p 00000000 00:00 0 
6f82c3900000-6f82c3904000 ---p 00000000 00:00 0 
6f82c3904000-6f82c3a00000 rw-p 00000000 00:00 0 
6f82c3a00000-6f82c3a04000 ---p 00000000 00:00 0 
6f82c3a04000-6f82c3b00000 rw-p 00000000 00:00 0 
6f82c3b00000-6f82c3b04000 ---p 00000000 00:00 0 
6f82c3b04000-6f82c3c00000 rw-p 00000000 00:00 0 
6f82c3c00000-6f82c3c04000 ---p 00000000 00:00 0 
6f82c3c04000-6f82c3d00000 rw-p 00000000 00:00 0 
6f82c3d00000-6f82c3d04000 ---p 00000000 00:00 0 
6f82c3d04000-6f82c3e00000 rw-p 00000000 00:00 0 
6f82c3e00000-6f82c3e04000 ---p 00000000 00:00 0 
6f82c3e04000-6f82c3f00000 rw-p 00000000 00:00 0 
6f82c3f00000-6f82c3f04000 ---p 00000000 00:00 0 
6f82c3f04000-6f82c4000000 rw-p 00000000 00:00 0 
6f82c4000000-6f82c4021000 rw-p 00000000 00:00 0 
6f82c4021000-6f82c8000000 ---p 00000000 00:00 0 
6f82c8000000-6f82c8021000 rw-p 00000000 00:00 0 
6f82c8021000-6f82cc000000 ---p 00000000 00:00 0 
6f82cc000000-6f82cc021000 rw-p 00000000 00:00 0 
6f82cc021000-6f82d0000000 ---p 00000000 00:00 0 
6f82d0000000-6f82d0023000 rw-p 00000000 00:00 0 
6f82d0023000-6f82d4000000 ---p 00000000 00:00 0 
6f82d4000000-6f82d404b000 rw-p 00000000 00:00 0 
6f82d404b000-6f82d8000000 ---p 00000000 00:00 0 
6f82d8000000-6f82d8021000 rw-p 00000000 00:00 0 
6f82d8021000-6f82dc000000 ---p 00000000 00:00 0 
6f82dc000000-6f82dc021000 rw-p 00000000 00:00 0 
6f82dc021000-6f82e0000000 ---p 00000000 00:00 0 
6f82e0000000-6f82e005b000 rw-p 00000000 00:00 0 
6f82e005b000-6f82e4000000 ---p 00000000 00:00 0 
6f82e4000000-6f82e4021000 rw-p 00000000 00:00 0 
6f82e4021000-6f82e8000000 ---p 00000000 00:00 0 
6f82e8000000-6f82e8021000 rw-p 00000000 00:00 0 
6f82e8021000-6f82ec000000 ---p 00000000 00:00 0 
6f82ec000000-6f82ec021000 rw-p 00000000 00:00 0 
6f82ec021000-6f82f0000000 ---p 00000000 00:00 0 
6f82f0000000-6f82f0055000 rw-p 00000000 00:00 0 
6f82f0055000-6f82f4000000 ---p 00000000 00:00 0 
6f82f4000000-6f82f4021000 rw-p 00000000 00:00 0 
6f82f4021000-6f82f8000000 ---p 00000000 00:00 0 
6f82f8000000-6f82f8021000 rw-p 00000000 00:00 0 
6f82f8021000-6f82fc000000 ---p 00000000 00:00 0 
6f82fc000000-6f82fc021000 rw-p 00000000 00:00 0 
6f82fc021000-6f8300000000 ---p 00000000 00:00 0 
6f8300000000-6f830002d000 rw-p 00000000 00:00 0 
6f830002d000-6f8304000000 ---p 00000000 00:00 0 
6f8304000000-6f8304042000 rw-p 00000000 00:00 0 
6f8304042000-6f8308000000 ---p 00000000 00:00 0 
6f8308000000-6f8308021000 rw-p 00000000 00:00 0 
6f8308021000-6f830c000000 ---p 00000000 00:00 0 
6f830c000000-6f830c021000 rw-p 00000000 00:00 0 
6f830c021000-6f8310000000 ---p 00000000 00:00 0 
6f8310000000-6f8310021000 rw-p 00000000 00:00 0 
6f8310021000-6f8314000000 ---p 00000000 00:00 0 
6f8314000000-6f8314144000 rw-p 00000000 00:00 0 
6f8314144000-6f8318000000 ---p 00000000 00:00 0 
6f8318000000-6f8318728000 rw-p 00000000 00:00 0 
6f8318728000-6f831c000000 ---p 00000000 00:00 0 
6f831c000000-6f831cba1000 rw-p 00000000 00:00 0 
6f831cba1000-6f8320000000 ---p 00000000 00:00 0 
6f8320000000-6f8320209000 rw-p 00000000 00:00 0 
6f8320209000-6f8324000000 ---p 00000000 00:00 0 
6f8324000000-6f8324021000 rw-p 00000000 00:00 0 
6f8324021000-6f8328000000 ---p 00000000 00:00 0 
6f8328000000-6f8328021000 rw-p 00000000 00:00 0 
6f8328021000-6f832c000000 ---p 00000000 00:00 0 
6f832c000000-6f832c267000 rw-p 00000000 00:00 0 
6f832c267000-6f8330000000 ---p 00000000 00:00 0 
6f8330000000-6f833018b000 rw-p 00000000 00:00 0 
6f833018b000-6f8334000000 ---p 00000000 00:00 0 
6f8334000000-6f8334a2e000 rw-p 00000000 00:00 0 
6f8334a2e000-6f8338000000 ---p 00000000 00:00 0 
6f8338000000-6f833822e000 rw-p 00000000 00:00 0 
6f833822e000-6f833c000000 ---p 00000000 00:00 0 
6f833c000000-6f833c021000 rw-p 00000000 00:00 0 
6f833c021000-6f8340000000 ---p 00000000 00:00 0 
6f8340000000-6f8340021000 rw-p 00000000 00:00 0 
6f8340021000-6f8344000000 ---p 00000000 00:00 0 
6f8344000000-6f8344032000 rw-p 00000000 00:00 0 
6f8344032000-6f8348000000 ---p 00000000 00:00 0 
6f8348000000-6f8348021000 rw-p 00000000 00:00 0 
6f8348021000-6f834c000000 ---p 00000000 00:00 0 
6f834c000000-6f834c032000 rw-p 00000000 00:00 0 
6f834c032000-6f8350000000 ---p 00000000 00:00 0 
6f8350000000-6f835002a000 rw-p 00000000 00:00 0 
6f835002a000-6f8354000000 ---p 00000000 00:00 0 
6f8354000000-6f8354021000 rw-p 00000000 00:00 0 
6f8354021000-6f8358000000 ---p 00000000 00:00 0 
6f8358000000-6f8358021000 rw-p 00000000 00:00 0 
6f8358021000-6f835c000000 ---p 00000000 00:00 0 
6f835c000000-6f835c02a000 rw-p 00000000 00:00 0 
6f835c02a000-6f8360000000 ---p 00000000 00:00 0 
6f8360000000-6f836002a000 rw-p 00000000 00:00 0 
6f836002a000-6f8364000000 ---p 00000000 00:00 0 
6f8364000000-6f8364032000 rw-p 00000000 00:00 0 
6f8364032000-6f8368000000 ---p 00000000 00:00 0 
6f8368000000-6f8368021000 rw-p 00000000 00:00 0 
6f8368021000-6f836c000000 ---p 00000000 00:00 0 
6f836c000000-6f836c104000 rw-p 00000000 00:00 0 
6f836c104000-6f8370000000 ---p 00000000 00:00 0 
6f8370000000-6f837002c000 rw-p 00000000 00:00 0 
6f837002c000-6f8374000000 ---p 00000000 00:00 0 
6f8374000000-6f837403a000 rw-p 00000000 00:00 0 
6f837403a000-6f8378000000 ---p 00000000 00:00 0 
6f8378000000-6f8378021000 rw-p 00000000 00:00 0 
6f8378021000-6f837c000000 ---p 00000000 00:00 0 
6f837c000000-6f837c021000 rw-p 00000000 00:00 0 
6f837c021000-6f8380000000 ---p 00000000 00:00 0 
6f8380000000-6f8380032000 rw-p 00000000 00:00 0 
6f8380032000-6f8384000000 ---p 00000000 00:00 0 
6f8384000000-6f838403a000 rw-p 00000000 00:00 0 
6f838403a000-6f8388000000 ---p 00000000 00:00 0 
6f8388000000-6f8388035000 rw-p 00000000 00:00 0 
6f8388035000-6f838c000000 ---p 00000000 00:00 0 
6f838c000000-6f838c065000 rw-p 00000000 00:00 0 
6f838c065000-6f8390000000 ---p 00000000 00:00 0 
6f8390000000-6f8390022000 rw-p 00000000 00:00 0 
6f8390022000-6f8394000000 ---p 00000000 00:00 0 
6f8394000000-6f8394021000 rw-p 00000000 00:00 0 
6f8394021000-6f8398000000 ---p 00000000 00:00 0 
6f8398000000-6f839804a000 rw-p 00000000 00:00 0 
6f839804a000-6f839c000000 ---p 00000000 00:00 0 
6f839c000000-6f839c051000 rw-p 00000000 00:00 0 
6f839c051000-6f83a0000000 ---p 00000000 00:00 0 
6f83a0000000-6f83a0033000 rw-p 00000000 00:00 0 
6f83a0033000-6f83a4000000 ---p 00000000 00:00 0 
6f83a4000000-6f83a4021000 rw-p 00000000 00:00 0 
6f83a4021000-6f83a8000000 ---p 00000000 00:00 0 
6f83a8000000-6f83a8021000 rw-p 00000000 00:00 0 
6f83a8021000-6f83ac000000 ---p 00000000 00:00 0 
6f83ac000000-6f83ac021000 rw-p 00000000 00:00 0 
6f83ac021000-6f83b0000000 ---p 00000000 00:00 0 
6f83b0000000-6f83b0021000 rw-p 00000000 00:00 0 
6f83b0021000-6f83b4000000 ---p 00000000 00:00 0 
6f83b4000000-6f83b4270000 rw-p 00000000 00:00 0 
6f83b4270000-6f83b4400000 ---p 00000000 00:00 0 
6f83b4400000-6f83b48a0000 rw-p 00000000 00:00 0 
6f83b48a0000-6f83b8000000 ---p 00000000 00:00 0 
6f83b8000000-6f83b8021000 rw-p 00000000 00:00 0 
6f83b8021000-6f83bc000000 ---p 00000000 00:00 0 
6f83bc0f2000-6f83bc0f6000 ---p 00000000 00:00 0 
6f83bc0f6000-6f83bc1f2000 rw-p 00000000 00:00 0 
6f83bc1f2000-6f83bc1f6000 ---p 00000000 00:00 0 
6f83bc1f6000-6f83bc2f2000 rw-p 00000000 00:00 0 
6f83bc2f2000-6f83bc2f6000 ---p 00000000 00:00 0 
6f83bc2f6000-6f83bc3f2000 rw-p 00000000 00:00 0 
6f83bc3f2000-6f83bc3f6000 ---p 00000000 00:00 0 
6f83bc3f6000-6f83bc4f2000 rw-p 00000000 00:00 0 
6f83bc4f2000-6f83bc4f6000 ---p 00000000 00:00 0 
6f83bc4f6000-6f83bc5f2000 rw-p 00000000 00:00 0 
6f83bc5f2000-6f83bc5f6000 ---p 00000000 00:00 0 
6f83bc5f6000-6f83bc6f2000 rw-p 00000000 00:00 0 
6f83bc6f2000-6f83bc6f6000 ---p 00000000 00:00 0 
6f83bc6f6000-6f83bc7f2000 rw-p 00000000 00:00 0 
6f83bc7f2000-6f83bc7f6000 ---p 00000000 00:00 0 
6f83bc7f6000-6f83bc8f2000 rw-p 00000000 00:00 0 
6f83bc8f2000-6f83bc8f6000 ---p 00000000 00:00 0 
6f83bc8f6000-6f83bc9f2000 rw-p 00000000 00:00 0 
6f83bc9f2000-6f83bc9f6000 ---p 00000000 00:00 0 
6f83bc9f6000-6f83bcaf2000 rw-p 00000000 00:00 0 
6f83bcaf2000-6f83bcaf6000 ---p 00000000 00:00 0 
6f83bcaf6000-6f83bcbf2000 rw-p 00000000 00:00 0 
6f83bcbf2000-6f83bcbf6000 ---p 00000000 00:00 0 
6f83bcbf6000-6f83bccf2000 rw-p 00000000 00:00 0 
6f83bccf2000-6f83bccf6000 ---p 00000000 00:00 0 
6f83bccf6000-6f83bcdf2000 rw-p 00000000 00:00 0 
6f83bcdf2000-6f83bcdf6000 ---p 00000000 00:00 0 
6f83bcdf6000-6f83bcef2000 rw-p 00000000 00:00 0 
6f83bcef2000-6f83bcef6000 ---p 00000000 00:00 0 
6f83bcef6000-6f83bcff2000 rw-p 00000000 00:00 0 
6f83bcff2000-6f83bcff6000 ---p 00000000 00:00 0 
6f83bcff6000-6f83bd0f2000 rw-p 00000000 00:00 0 
6f83bd0f2000-6f83bd0f6000 ---p 00000000 00:00 0 
6f83bd0f6000-6f83bd1f2000 rw-p 00000000 00:00 0 
6f83bd1f2000-6f83bd1f6000 ---p 00000000 00:00 0 
6f83bd1f6000-6f83bd2f2000 rw-p 00000000 00:00 0 
6f83bd2f2000-6f83bd2f6000 ---p 00000000 00:00 0 
6f83bd2f6000-6f83bd3f2000 rw-p 00000000 00:00 0 
6f83bd3f2000-6f83bd3f6000 ---p 00000000 00:00 0 
6f83bd3f6000-6f83bd4f2000 rw-p 00000000 00:00 0 
6f83bd4f2000-6f83bd4f6000 ---p 00000000 00:00 0 
6f83bd4f6000-6f83bd5f2000 rw-p 00000000 00:00 0 
6f83bd5f2000-6f83bd5f6000 ---p 00000000 00:00 0 
6f83bd5f6000-6f83bd6f2000 rw-p 00000000 00:00 0 
6f83bd6f2000-6f83bd6f6000 ---p 00000000 00:00 0 
6f83bd6f6000-6f83bd7f2000 rw-p 00000000 00:00 0 
6f83bd7f2000-6f83bd7f6000 ---p 00000000 00:00 0 
6f83bd7f6000-6f83bd8f2000 rw-p 00000000 00:00 0 
6f83bd8f2000-6f83bd8f6000 ---p 00000000 00:00 0 
6f83bd8f6000-6f83bd9f2000 rw-p 00000000 00:00 0 
6f83bd9f2000-6f83bd9f6000 ---p 00000000 00:00 0 
6f83bd9f6000-6f83bdaf2000 rw-p 00000000 00:00 0 
6f83bdaf2000-6f83bdaf6000 ---p 00000000 00:00 0 
6f83bdaf6000-6f83bdbf2000 rw-p 00000000 00:00 0 
6f83bdbf2000-6f83bdbf6000 ---p 00000000 00:00 0 
6f83bdbf6000-6f83bdcf2000 rw-p 00000000 00:00 0 
6f83bdcf2000-6f83bdcf6000 ---p 00000000 00:00 0 
6f83bdcf6000-6f83bddf2000 rw-p 00000000 00:00 0 
6f83bddf2000-6f83bddf6000 ---p 00000000 00:00 0 
6f83bddf6000-6f83bdef2000 rw-p 00000000 00:00 0 
6f83bdef2000-6f83bdef6000 ---p 00000000 00:00 0 
6f83bdef6000-6f83bdff2000 rw-p 00000000 00:00 0 
6f83bdff2000-6f83bdff6000 ---p 00000000 00:00 0 
6f83bdff6000-6f83be0f2000 rw-p 00000000 00:00 0 
6f83be0f2000-6f83be0f6000 ---p 00000000 00:00 0 
6f83be0f6000-6f83be1f2000 rw-p 00000000 00:00 0 
6f83be1f2000-6f83be1f3000 ---p 00000000 00:00 0 
6f83be1f3000-6f83be2f3000 rw-p 00000000 00:00 0 
6f83be2f3000-6f83be2f4000 ---p 00000000 00:00 0 
6f83be2f4000-6f83be3f4000 rw-p 00000000 00:00 0 
6f83be3f4000-6f83be3f5000 ---p 00000000 00:00 0 
6f83be3f5000-6f83be4f5000 rw-p 00000000 00:00 0 
6f83be4f5000-6f83be4f6000 ---p 00000000 00:00 0 
6f83be4f6000-6f83be5f6000 rw-p 00000000 00:00 0 
6f83be5f6000-6f83be5f7000 ---p 00000000 00:00 0 
6f83be5f7000-6f83be6f7000 rw-p 00000000 00:00 0 
6f83be6f7000-6f83be6f8000 ---p 00000000 00:00 0 
6f83be6f8000-6f83be7f8000 rw-p 00000000 00:00 0 
6f83be7f8000-6f83be7f9000 ---p 00000000 00:00 0 
6f83be7f9000-6f83be8f9000 rw-p 00000000 00:00 0 
6f83be8f9000-6f83be8fa000 ---p 00000000 00:00 0 
6f83be8fa000-6f83be9fa000 rw-p 00000000 00:00 0 
6f83be9fa000-6f83be9fb000 ---p 00000000 00:00 0 
6f83be9fb000-6f83beafb000 rw-p 00000000 00:00 0 
6f83beafb000-6f83beafc000 ---p 00000000 00:00 0 
6f83beafc000-6f83bebfc000 rw-p 00000000 00:00 0 
6f83bebfc000-6f83bebfd000 ---p 00000000 00:00 0 
6f83bebfd000-6f83becfd000 rw-p 00000000 00:00 0 
6f83becfd000-6f83becfe000 ---p 00000000 00:00 0 
6f83becfe000-6f83bedfe000 rw-p 00000000 00:00 0 
6f83bedfe000-6f83bedff000 ---p 00000000 00:00 0 
6f83bedff000-6f83beeff000 rw-p 00000000 00:00 0 
6f83beeff000-6f83bef00000 ---p 00000000 00:00 0 
6f83bef00000-6f83bf000000 rw-p 00000000 00:00 0 
6f83bf000000-6f83bfca3000 rw-p 00001000 fc:00 49677043                   /mydata/openjdk-mmtk/build/b0test/images/jdk/lib/server/classes.jsa
6f83bfca3000-6f83c0000000 ---p 00000000 00:00 0 
6f83c0000000-6f83c0040000 rw-p 00000000 00:00 0 
6f83c0040000-6f83c0110000 rw-p 00000000 00:00 0 
6f83c0110000-6f8400000000 ---p 00000000 00:00 0 
6f8400000000-6f8400021000 rw-p 00000000 00:00 0 
6f8400021000-6f8404000000 ---p 00000000 00:00 0 
6f84040f9000-6f84040fa000 ---p 00000000 00:00 0 
6f84040fa000-6f84041fa000 rw-p 00000000 00:00 0 
6f84041fa000-6f84041fb000 ---p 00000000 00:00 0 
6f84041fb000-6f84042fb000 rw-p 00000000 00:00 0 
6f84042fb000-6f84042fc000 ---p 00000000 00:00 0 
6f84042fc000-6f84043fc000 rw-p 00000000 00:00 0 
6f84043fc000-6f84043fd000 ---p 00000000 00:00 0 
6f84043fd000-6f84044fd000 rw-p 00000000 00:00 0 
6f84044fd000-6f84044fe000 ---p 00000000 00:00 0 
6f84044fe000-6f84045fe000 rw-p 00000000 00:00 0 
6f84045fe000-6f84045ff000 ---p 00000000 00:00 0 
6f84045ff000-6f84046ff000 rw-p 00000000 00:00 0 
6f84046ff000-6f8404700000 ---p 00000000 00:00 0 
6f8404700000-6f8404800000 rw-p 00000000 00:00 0 
6f8404800000-6f8404aeb000 r--p 00000000 08:03 1410552                    /usr/lib/locale/locale-archive
6f8404afe000-6f8404aff000 ---p 00000000 00:00 0 
6f8404aff000-6f8404bff000 rw-p 00000000 00:00 0 
6f8404bff000-6f8405200000 rw-p 00000000 00:00 0 
6f8405200000-6f8408200000 rw-p 00000000 00:00 0 
6f84082fb000-6f84082fc000 ---p 00000000 00:00 0 
6f84082fc000-6f84083fc000 rw-p 00000000 00:00 0 
6f84083fc000-6f8438400000 rw-p 00000000 00:00 0 
6f8438400000-6f8439400000 ---p 00000000 00:00 0                          [anon:mmtk:sidemeta:all:all-quarantined]
6f8439400000-6f8439c00000 rw-p 00000000 00:00 0                          [anon:mmtk:sidemeta:immix:VO_BIT]
6f8439c00000-71843a400000 ---p 00000000 00:00 0                          [anon:mmtk:sidemeta:all:all-quarantined]
71843a400000-71843a800000 rw-p 00000000 00:00 0                          [anon:mmtk:sidemeta:immix:CHUNK_MARK]
71843a800000-71843d400000 ---p 00000000 00:00 0                          [anon:mmtk:sidemeta:all:all-quarantined]
71843d400000-71843dc00000 rw-p 00000000 00:00 0                          [anon:mmtk:sidemeta:immix:VMGlobalLogBitSpec]
71843dc00000-738c3c800000 ---p 00000000 00:00 0                          [anon:mmtk:sidemeta:all:all-quarantined]
738c3c800000-738c3cc00000 rw-p 00000000 00:00 0                          [anon:mmtk:sidemeta:immix:IX_LINE_MARK]
738c3cc00000-740c3c400000 ---p 00000000 00:00 0                          [anon:mmtk:sidemeta:all:all-quarantined]
740c3c400000-740c3c800000 rw-p 00000000 00:00 0                          [anon:mmtk:sidemeta:immix:IX_BLOCK_DEFRAG]
740c3c800000-740d3c400000 ---p 00000000 00:00 0                          [anon:mmtk:sidemeta:all:all-quarantined]
740d3c400000-740d3c800000 rw-p 00000000 00:00 0                          [anon:mmtk:sidemeta:immix:IX_BLOCK_MARK]
740d3c800000-7a2ebc400000 ---p 00000000 00:00 0                          [anon:mmtk:sidemeta:all:all-quarantined]
7a2ebc400000-7a2ebc800000 rw-p 00000000 00:00 0                          [anon:mmtk:sidemeta:los:VMLocalLOSMarkNurserySpec]
7a2ebc800000-7a30bd400000 ---p 00000000 00:00 0                          [anon:mmtk:sidemeta:all:all-quarantined]
7a30bd400000-7a30bdc00000 rw-p 00000000 00:00 0                          [anon:mmtk:sidemeta:immix:VMLocalMarkBitSpec]
7a30bdc00000-7c30bc400000 ---p 00000000 00:00 0                          [anon:mmtk:sidemeta:all:all-quarantined]
7c30bc42e000-7c30bc433000 r--p 00000000 fc:00 49676417                   /mydata/openjdk-mmtk/build/b0test/images/jdk/lib/libjsvml.so
7c30bc433000-7c30bc474000 r-xp 00005000 fc:00 49676417                   /mydata/openjdk-mmtk/build/b0test/images/jdk/lib/libjsvml.so
7c30bc474000-7c30bc4fd000 r--p 00046000 fc:00 49676417                   /mydata/openjdk-mmtk/build/b0test/images/jdk/lib/libjsvml.so
7c30bc4fd000-7c30bc4fe000 r--p 000ce000 fc:00 49676417                   /mydata/openjdk-mmtk/build/b0test/images/jdk/lib/libjsvml.so
7c30bc4fe000-7c30bc4ff000 rw-p 000cf000 fc:00 49676417                   /mydata/openjdk-mmtk/build/b0test/images/jdk/lib/libjsvml.so
7c30bc4ff000-7c30bc503000 ---p 00000000 00:00 0 
7c30bc503000-7c30bc5ff000 rw-p 00000000 00:00 0 
7c30bc5ff000-7c30bc603000 ---p 00000000 00:00 0 
7c30bc603000-7c30bc6ff000 rw-p 00000000 00:00 0 
7c30bc6ff000-7c30bc703000 ---p 00000000 00:00 0 
7c30bc703000-7c30bc7ff000 rw-p 00000000 00:00 0 
7c30bc7ff000-7c30dc800000 rw-p 00000000 00:00 0 
7c30dc800000-7c30dce40000 rwxp 00000000 00:00 0 
7c30dce40000-7c30e3c17000 ---p 00000000 00:00 0 
7c30e3c17000-7c30e3f97000 rwxp 00000000 00:00 0 
7c30e3f97000-7c30e43e8000 ---p 00000000 00:00 0 
7c30e43e8000-7c30e4658000 rwxp 00000000 00:00 0 
7c30e4658000-7c30eb800000 ---p 00000000 00:00 0 
7c30eb800000-7c30f3fa0000 r--s 00000000 fc:00 49676297                   /mydata/openjdk-mmtk/build/b0test/images/jdk/lib/modules
7c30f4000000-7c30f47fa000 rw-p 00000000 00:00 0 
7c30f47fa000-7c30f8000000 ---p 00000000 00:00 0 
7c30f8043000-7c30f8044000 ---p 00000000 00:00 0 
7c30f8044000-7c30f8144000 rw-p 00000000 00:00 0 
7c30f8144000-7c30f8145000 ---p 00000000 00:00 0 
7c30f8145000-7c30f8245000 rw-p 00000000 00:00 0 
7c30f8245000-7c30f8246000 ---p 00000000 00:00 0 
7c30f8246000-7c30f8346000 rw-p 00000000 00:00 0 
7c30f8346000-7c30f834a000 r--p 00000000 08:03 1410107                    /usr/lib/x86_64-linux-gnu/libzstd.so.1.5.5
7c30f834a000-7c30f83f1000 r-xp 00004000 08:03 1410107                    /usr/lib/x86_64-linux-gnu/libzstd.so.1.5.5
7c30f83f1000-7c30f83fe000 r--p 000ab000 08:03 1410107                    /usr/lib/x86_64-linux-gnu/libzstd.so.1.5.5
7c30f83fe000-7c30f83ff000 r--p 000b7000 08:03 1410107                    /usr/lib/x86_64-linux-gnu/libzstd.so.1.5.5
7c30f83ff000-7c30f8400000 rw-p 000b8000 08:03 1410107                    /usr/lib/x86_64-linux-gnu/libzstd.so.1.5.5
7c30f8400000-7c30f840c000 r--p 00000000 fc:00 13107796                   /mydata/gc-bpf-fault/shim/libgcbpf.so
7c30f840c000-7c30f846e000 r-xp 0000c000 fc:00 13107796                   /mydata/gc-bpf-fault/shim/libgcbpf.so
7c30f846e000-7c30f86de000 r--p 0006e000 fc:00 13107796                   /mydata/gc-bpf-fault/shim/libgcbpf.so
7c30f86de000-7c30f86e0000 r--p 002de000 fc:00 13107796                   /mydata/gc-bpf-fault/shim/libgcbpf.so
7c30f86e0000-7c30f86e1000 rw-p 002e0000 fc:00 13107796                   /mydata/gc-bpf-fault/shim/libgcbpf.so
7c30f86e1000-7c30f86e2000 rw-p 00000000 00:00 0 
7c30f8717000-7c30f871c000 rw-p 00000000 00:00 0 
7c30f871c000-7c30f8800000 ---p 00000000 00:00 0 
7c30f8800000-7c30f8948000 r--p 00000000 fc:00 49676374                   /mydata/openjdk-mmtk/build/b0test/images/jdk/lib/server/libmmtk_openjdk.so
7c30f8948000-7c30f8bc8000 r-xp 00147000 fc:00 49676374                   /mydata/openjdk-mmtk/build/b0test/images/jdk/lib/server/libmmtk_openjdk.so
7c30f8bc8000-7c30f8c08000 r--p 003c7000 fc:00 49676374                   /mydata/openjdk-mmtk/build/b0test/images/jdk/lib/server/libmmtk_openjdk.so
7c30f8c08000-7c30f8c0b000 rw-p 00406000 fc:00 49676374                   /mydata/openjdk-mmtk/build/b0test/images/jdk/lib/server/libmmtk_openjdk.so
7c30f8c0b000-7c30f8c0d000 rw-p 00000000 00:00 0 
7c30f8c17000-7c30f8c24000 rw-p 00000000 00:00 0 
7c30f8c24000-7c30f8d00000 ---p 00000000 00:00 0 
7c30f8d00000-7c30f8d04000 ---p 00000000 00:00 0 
7c30f8d04000-7c30f8e00000 rw-p 00000000 00:00 0 
7c30f8e00000-7c30f90a9000 r--p 00000000 fc:00 49676373                   /mydata/openjdk-mmtk/build/b0test/images/jdk/lib/server/libjvm.so
7c30f90a9000-7c30f9f3c000 r-xp 002a9000 fc:00 49676373                   /mydata/openjdk-mmtk/build/b0test/images/jdk/lib/server/libjvm.so
7c30f9f3c000-7c30fa220000 r--p 0113c000 fc:00 49676373                   /mydata/openjdk-mmtk/build/b0test/images/jdk/lib/server/libjvm.so
7c30fa220000-7c30fa2f6000 r--p 0141f000 fc:00 49676373                   /mydata/openjdk-mmtk/build/b0test/images/jdk/lib/server/libjvm.so
7c30fa2f6000-7c30fa326000 rw-p 014f5000 fc:00 49676373                   /mydata/openjdk-mmtk/build/b0test/images/jdk/lib/server/libjvm.so
7c30fa326000-7c30fa38c000 rw-p 00000000 00:00 0 
7c30fa3a1000-7c30fa3a5000 r--p 00000000 fc:00 49676364                   /mydata/openjdk-mmtk/build/b0test/images/jdk/lib/libverify.so
7c30fa3a5000-7c30fa3ac000 r-xp 00004000 fc:00 49676364                   /mydata/openjdk-mmtk/build/b0test/images/jdk/lib/libverify.so
7c30fa3ac000-7c30fa3ae000 r--p 0000b000 fc:00 49676364                   /mydata/openjdk-mmtk/build/b0test/images/jdk/lib/libverify.so
7c30fa3ae000-7c30fa3b0000 r--p 0000c000 fc:00 49676364                   /mydata/openjdk-mmtk/build/b0test/images/jdk/lib/libverify.so
7c30fa3b0000-7c30fa3b1000 rw-p 0000e000 fc:00 49676364                   /mydata/openjdk-mmtk/build/b0test/images/jdk/lib/libverify.so
7c30fa3b1000-7c30fa3b3000 r--p 00000000 fc:00 49676365                   /mydata/openjdk-mmtk/build/b0test/images/jdk/lib/libzip.so
7c30fa3b3000-7c30fa3b8000 r-xp 00002000 fc:00 49676365                   /mydata/openjdk-mmtk/build/b0test/images/jdk/lib/libzip.so
7c30fa3b8000-7c30fa3ba000 r--p 00007000 fc:00 49676365                   /mydata/openjdk-mmtk/build/b0test/images/jdk/lib/libzip.so
7c30fa3ba000-7c30fa3bb000 r--p 00008000 fc:00 49676365                   /mydata/openjdk-mmtk/build/b0test/images/jdk/lib/libzip.so
7c30fa3bb000-7c30fa3bc000 rw-p 00009000 fc:00 49676365                   /mydata/openjdk-mmtk/build/b0test/images/jdk/lib/libzip.so
7c30fa3bc000-7c30fa3bf000 r--p 00000000 fc:00 49676361                   /mydata/openjdk-mmtk/build/b0test/images/jdk/lib/libnet.so
7c30fa3bf000-7c30fa3c7000 r-xp 00003000 fc:00 49676361                   /mydata/openjdk-mmtk/build/b0test/images/jdk/lib/libnet.so
7c30fa3c7000-7c30fa3c9000 r--p 0000b000 fc:00 49676361                   /mydata/openjdk-mmtk/build/b0test/images/jdk/lib/libnet.so
7c30fa3c9000-7c30fa3ca000 r--p 0000c000 fc:00 49676361                   /mydata/openjdk-mmtk/build/b0test/images/jdk/lib/libnet.so
7c30fa3ca000-7c30fa3cb000 rw-p 0000d000 fc:00 49676361                   /mydata/openjdk-mmtk/build/b0test/images/jdk/lib/libnet.so
7c30fa3cb000-7c30fa3d2000 r--p 00000000 fc:00 49676362                   /mydata/openjdk-mmtk/build/b0test/images/jdk/lib/libnio.so
7c30fa3d2000-7c30fa3db000 r-xp 00007000 fc:00 49676362                   /mydata/openjdk-mmtk/build/b0test/images/jdk/lib/libnio.so
7c30fa3db000-7c30fa3df000 r--p 00010000 fc:00 49676362                   /mydata/openjdk-mmtk/build/b0test/images/jdk/lib/libnio.so
7c30fa3df000-7c30fa3e0000 r--p 00014000 fc:00 49676362                   /mydata/openjdk-mmtk/build/b0test/images/jdk/lib/libnio.so
7c30fa3e0000-7c30fa3e1000 rw-p 00015000 fc:00 49676362                   /mydata/openjdk-mmtk/build/b0test/images/jdk/lib/libnio.so
7c30fa3e1000-7c30fa3e4000 r--p 00000000 08:03 1410420                    /usr/lib/x86_64-linux-gnu/libelf-0.190.so
7c30fa3e4000-7c30fa3fa000 r-xp 00003000 08:03 1410420                    /usr/lib/x86_64-linux-gnu/libelf-0.190.so
7c30fa3fa000-7c30fa3fe000 r--p 00019000 08:03 1410420                    /usr/lib/x86_64-linux-gnu/libelf-0.190.so
7c30fa3fe000-7c30fa3ff000 r--p 0001c000 08:03 1410420                    /usr/lib/x86_64-linux-gnu/libelf-0.190.so
7c30fa3ff000-7c30fa400000 rw-p 0001d000 08:03 1410420                    /usr/lib/x86_64-linux-gnu/libelf-0.190.so
7c30fa400000-7c30fa428000 r--p 00000000 08:03 1410238                    /usr/lib/x86_64-linux-gnu/libc.so.6
7c30fa428000-7c30fa5b0000 r-xp 00028000 08:03 1410238                    /usr/lib/x86_64-linux-gnu/libc.so.6
7c30fa5b0000-7c30fa5ff000 r--p 001b0000 08:03 1410238                    /usr/lib/x86_64-linux-gnu/libc.so.6
7c30fa5ff000-7c30fa603000 r--p 001fe000 08:03 1410238                    /usr/lib/x86_64-linux-gnu/libc.so.6
7c30fa603000-7c30fa605000 rw-p 00202000 08:03 1410238                    /usr/lib/x86_64-linux-gnu/libc.so.6
7c30fa605000-7c30fa612000 rw-p 00000000 00:00 0 
7c30fa615000-7c30fa61c000 r--s 00000000 08:03 1436340                    /usr/lib/x86_64-linux-gnu/gconv/gconv-modules.cache
7c30fa61c000-7c30fa623000 rw-p 00000000 00:00 0 
7c30fa623000-7c30fa62c000 ---p 00000000 00:00 0 
7c30fa62c000-7c30fa639000 r--p 00000000 fc:00 49676354                   /mydata/openjdk-mmtk/build/b0test/images/jdk/lib/libjava.so
7c30fa639000-7c30fa648000 r-xp 0000d000 fc:00 49676354                   /mydata/openjdk-mmtk/build/b0test/images/jdk/lib/libjava.so
7c30fa648000-7c30fa64d000 r--p 0001c000 fc:00 49676354                   /mydata/openjdk-mmtk/build/b0test/images/jdk/lib/libjava.so
7c30fa64d000-7c30fa64e000 r--p 00021000 fc:00 49676354                   /mydata/openjdk-mmtk/build/b0test/images/jdk/lib/libjava.so
7c30fa64e000-7c30fa64f000 rw-p 00022000 fc:00 49676354                   /mydata/openjdk-mmtk/build/b0test/images/jdk/lib/libjava.so
7c30fa64f000-7c30fa650000 rw-p 00000000 00:00 0 
7c30fa650000-7c30fa658000 rw-s 00000000 08:03 237599                     /tmp/hsperfdata_root/391491
7c30fa658000-7c30fa65c000 r--p 00000000 fc:00 49676355                   /mydata/openjdk-mmtk/build/b0test/images/jdk/lib/libjimage.so
7c30fa65c000-7c30fa673000 r-xp 00004000 fc:00 49676355                   /mydata/openjdk-mmtk/build/b0test/images/jdk/lib/libjimage.so
7c30fa673000-7c30fa678000 r--p 0001b000 fc:00 49676355                   /mydata/openjdk-mmtk/build/b0test/images/jdk/lib/libjimage.so
7c30fa678000-7c30fa67a000 r--p 00020000 fc:00 49676355                   /mydata/openjdk-mmtk/build/b0test/images/jdk/lib/libjimage.so
7c30fa67a000-7c30fa67b000 rw-p 00022000 fc:00 49676355                   /mydata/openjdk-mmtk/build/b0test/images/jdk/lib/libjimage.so
7c30fa67b000-7c30fa67f000 r--p 00000000 08:03 1410148                    /usr/lib/x86_64-linux-gnu/libgcc_s.so.1
7c30fa67f000-7c30fa6a3000 r-xp 00004000 08:03 1410148                    /usr/lib/x86_64-linux-gnu/libgcc_s.so.1
7c30fa6a3000-7c30fa6a7000 r--p 00028000 08:03 1410148                    /usr/lib/x86_64-linux-gnu/libgcc_s.so.1
7c30fa6a7000-7c30fa6a8000 r--p 0002b000 08:03 1410148                    /usr/lib/x86_64-linux-gnu/libgcc_s.so.1
7c30fa6a8000-7c30fa6a9000 rw-p 0002c000 08:03 1410148                    /usr/lib/x86_64-linux-gnu/libgcc_s.so.1
7c30fa6a9000-7c30fa6b9000 r--p 00000000 08:03 1411099                    /usr/lib/x86_64-linux-gnu/libm.so.6
7c30fa6b9000-7c30fa738000 r-xp 00010000 08:03 1411099                    /usr/lib/x86_64-linux-gnu/libm.so.6
7c30fa738000-7c30fa790000 r--p 0008f000 08:03 1411099                    /usr/lib/x86_64-linux-gnu/libm.so.6
7c30fa790000-7c30fa791000 r--p 000e7000 08:03 1411099                    /usr/lib/x86_64-linux-gnu/libm.so.6
7c30fa791000-7c30fa792000 rw-p 000e8000 08:03 1411099                    /usr/lib/x86_64-linux-gnu/libm.so.6
7c30fa792000-7c30fa794000 rw-p 00000000 00:00 0 
7c30fa794000-7c30fa796000 r--p 00000000 08:03 1409104                    /usr/lib/x86_64-linux-gnu/libz.so.1.3
7c30fa796000-7c30fa7a8000 r-xp 00002000 08:03 1409104                    /usr/lib/x86_64-linux-gnu/libz.so.1.3
7c30fa7a8000-7c30fa7ae000 r--p 00014000 08:03 1409104                    /usr/lib/x86_64-linux-gnu/libz.so.1.3
7c30fa7ae000-7c30fa7af000 r--p 0001a000 08:03 1409104                    /usr/lib/x86_64-linux-gnu/libz.so.1.3
7c30fa7af000-7c30fa7b0000 rw-p 0001b000 08:03 1409104                    /usr/lib/x86_64-linux-gnu/libz.so.1.3
7c30fa7b5000-7c30fa7b6000 rw-s 00000000 00:10 68                         anon_inode:bpf-map
7c30fa7b6000-7c30fa7b7000 r--s 00000000 00:10 68                         anon_inode:bpf-map
7c30fa7b7000-7c30fa7b8000 ---p 00000000 00:00 0 
7c30fa7b8000-7c30fa7b9000 r--p 00000000 00:00 0 
7c30fa7b9000-7c30fa7ba000 ---p 00000000 00:00 0 
7c30fa7ba000-7c30fa7bc000 r--p 00000000 fc:00 49676357                   /mydata/openjdk-mmtk/build/b0test/images/jdk/lib/libjli.so
7c30fa7bc000-7c30fa7c6000 r-xp 00002000 fc:00 49676357                   /mydata/openjdk-mmtk/build/b0test/images/jdk/lib/libjli.so
7c30fa7c6000-7c30fa7c9000 r--p 0000c000 fc:00 49676357                   /mydata/openjdk-mmtk/build/b0test/images/jdk/lib/libjli.so
7c30fa7c9000-7c30fa7ca000 r--p 0000f000 fc:00 49676357                   /mydata/openjdk-mmtk/build/b0test/images/jdk/lib/libjli.so
7c30fa7ca000-7c30fa7cb000 rw-p 00010000 fc:00 49676357                   /mydata/openjdk-mmtk/build/b0test/images/jdk/lib/libjli.so
7c30fa7cb000-7c30fa7cd000 rw-p 00000000 00:00 0 
7c30fa7cd000-7c30fa7d1000 r--p 00000000 00:00 0                          [vvar]
7c30fa7d1000-7c30fa7d3000 r--p 00000000 00:00 0                          [vvar_vclock]
7c30fa7d3000-7c30fa7d5000 r-xp 00000000 00:00 0                          [vdso]
7c30fa7d5000-7c30fa7d6000 r--p 00000000 08:03 1409763                    /usr/lib/x86_64-linux-gnu/ld-linux-x86-64.so.2
7c30fa7d6000-7c30fa801000 r-xp 00001000 08:03 1409763                    /usr/lib/x86_64-linux-gnu/ld-linux-x86-64.so.2
7c30fa801000-7c30fa80b000 r--p 0002c000 08:03 1409763                    /usr/lib/x86_64-linux-gnu/ld-linux-x86-64.so.2
7c30fa80b000-7c30fa80d000 r--p 00036000 08:03 1409763                    /usr/lib/x86_64-linux-gnu/ld-linux-x86-64.so.2
7c30fa80d000-7c30fa80f000 rw-p 00038000 08:03 1409763                    /usr/lib/x86_64-linux-gnu/ld-linux-x86-64.so.2
7ffe035fb000-7ffe0361c000 rw-p 00000000 00:00 0                          [stack]
ffffffffff600000-ffffffffff601000 --xp 00000000 00:00 0                  [vsyscall]
Total number of mappings: 539

JVMTI agents: none


VM Arguments:
jvm_args: -XX:+UseThirdPartyHeap -Xms512m -Xmx512m 
java_command: /mydata/dacapo/dacapo-23.11/dacapo-23.11-MR2-chopin.jar xalan -n 3
java_class_path (initial): /mydata/dacapo/dacapo-23.11/dacapo-23.11-MR2-chopin.jar
Launcher Type: SUN_STANDARD

[Global flags]
     intx CICompilerCount                          = 15                                        {product} {ergonomic}
   size_t InitialHeapSize                          = 536870912                                 {product} {command line}
   size_t MaxHeapSize                              = 536870912                                 {product} {command line}
   size_t MinHeapDeltaBytes                        = 524288                                    {product} {ergonomic}
   size_t MinHeapSize                              = 536870912                                 {product} {command line}
    uintx NonNMethodCodeHeapSize                   = 8192380                                {pd product} {ergonomic}
    uintx NonProfiledCodeHeapSize                  = 121732930                              {pd product} {ergonomic}
    uintx ProfiledCodeHeapSize                     = 121732930                              {pd product} {ergonomic}
    uintx ReservedCodeCacheSize                    = 251658240                              {pd product} {ergonomic}
     bool SegmentedCodeCache                       = true                                      {product} {ergonomic}
   size_t SoftMaxHeapSize                          = 536870912                              {manageable} {ergonomic}
     bool UseCompressedOops                        = true                           {product lp64_product} {ergonomic}

Logging:
Log output configuration:
 #0: stdout all=warning uptime,level,tags foldmultilines=false
 #1: stderr all=off uptime,level,tags foldmultilines=false

Release file:
IMPLEMENTOR="N/A"
JAVA_RUNTIME_VERSION="21.0.9-internal-adhoc.talzuss.openjdk-mmtk"
JAVA_VERSION="21.0.9"
JAVA_VERSION_DATE="2025-10-21"
LIBC="gnu"
MODULES="java.base java.compiler java.datatransfer java.xml java.prefs java.desktop java.instrument java.logging java.management java.security.sasl java.naming java.rmi java.management.rmi java.net.http java.scripting java.security.jgss java.transaction.xa java.sql java.sql.rowset java.xml.crypto java.se java.smartcardio jdk.accessibility jdk.internal.jvmstat jdk.attach jdk.charsets jdk.internal.opt jdk.zipfs jdk.compiler jdk.crypto.ec jdk.crypto.cryptoki jdk.dynalink jdk.internal.ed jdk.editpad jdk.hotspot.agent jdk.httpserver jdk.incubator.vector jdk.internal.le jdk.internal.vm.ci jdk.internal.vm.compiler jdk.internal.vm.compiler.management jdk.jartool jdk.javadoc jdk.jcmd jdk.management jdk.management.agent jdk.jconsole jdk.jdeps jdk.jdwp.agent jdk.jdi jdk.jfr jdk.jlink jdk.jpackage jdk.jshell jdk.jsobject jdk.jstatd jdk.localedata jdk.management.jfr jdk.naming.dns jdk.naming.rmi jdk.net jdk.nio.mapmode jdk.random jdk.sctp jdk.security.auth jdk.security.jgss jdk.unsupported jdk.unsupported.desktop jdk.xml.dom"
OS_ARCH="x86_64"
OS_NAME="Linux"
SOURCE=".:git:b557520f04b3+"

Environment Variables:
PATH=/usr/local/sbin:/usr/local/bin:/usr/sbin:/usr/bin:/sbin:/bin:/snap/bin
SHELL=/bin/bash
LANG=en_US.UTF-8
TERM=tmux-256color

Active Locale:
LC_ALL=en_US.UTF-8
LC_COLLATE=en_US.UTF-8
LC_CTYPE=en_US.UTF-8
LC_MESSAGES=en_US.UTF-8
LC_MONETARY=en_US.UTF-8
LC_NUMERIC=en_US.UTF-8
LC_TIME=en_US.UTF-8

Signal Handlers:
   SIGSEGV: crash_handler in libjvm.so, mask=11100100010111111101111111111110, flags=SA_RESTART|SA_SIGINFO, unblocked
    SIGBUS: crash_handler in libjvm.so, mask=11100100010111111101111111111110, flags=SA_RESTART|SA_SIGINFO, unblocked
    SIGFPE: crash_handler in libjvm.so, mask=11100100010111111101111111111110, flags=SA_RESTART|SA_SIGINFO, unblocked
   SIGPIPE: javaSignalHandler in libjvm.so, mask=11100100010111111101111111111110, flags=SA_RESTART|SA_SIGINFO, blocked
   SIGXFSZ: javaSignalHandler in libjvm.so, mask=11100100010111111101111111111110, flags=SA_RESTART|SA_SIGINFO, blocked
    SIGILL: crash_handler in libjvm.so, mask=11100100010111111101111111111110, flags=SA_RESTART|SA_SIGINFO, unblocked
   SIGUSR2: SR_handler in libjvm.so, mask=00000000000000000000000000000000, flags=SA_RESTART|SA_SIGINFO, blocked
    SIGHUP: UserHandler in libjvm.so, mask=11100100010111111101111111111110, flags=SA_RESTART|SA_SIGINFO, blocked
    SIGINT: UserHandler in libjvm.so, mask=11100100010111111101111111111110, flags=SA_RESTART|SA_SIGINFO, blocked
   SIGTERM: UserHandler in libjvm.so, mask=11100100010111111101111111111110, flags=SA_RESTART|SA_SIGINFO, blocked
   SIGQUIT: UserHandler in libjvm.so, mask=11100100010111111101111111111110, flags=SA_RESTART|SA_SIGINFO, blocked
   SIGTRAP: crash_handler in libjvm.so, mask=11100100010111111101111111111110, flags=SA_RESTART|SA_SIGINFO, unblocked


Periodic native trim disabled

---------------  S Y S T E M  ---------------

OS:
DISTRIB_ID=Ubuntu
DISTRIB_RELEASE=24.04
DISTRIB_CODENAME=noble
DISTRIB_DESCRIPTION="Ubuntu 24.04.4 LTS"
uname: Linux 6.17.0-bpf-fault+ #1 SMP PREEMPT_DYNAMIC Mon Jul  6 16:43:12 MDT 2026 x86_64
OS uptime: 1 days 0:06 hours
libc: glibc 2.39 NPTL 2.39 
rlimit (soft/hard): STACK 8192k/infinity , CORE 0k/0k , NPROC 513205/513205 , NOFILE 1048576/1048576 , AS infinity/infinity , CPU infinity/infinity , DATA infinity/infinity , FSIZE infinity/infinity , MEMLOCK 16436528k/16436528k
load average: 1.37 2.35 2.07

/proc/meminfo:
MemTotal:       131492232 kB
MemFree:        73467344 kB
MemAvailable:   116142028 kB
Buffers:          537820 kB
Cached:         41519960 kB
SwapCached:            0 kB
Active:          3668484 kB
Inactive:       41237004 kB
Active(anon):    2864204 kB
Inactive(anon):        0 kB
Active(file):     804280 kB
Inactive(file): 41237004 kB
Unevictable:       41912 kB
Mlocked:           38840 kB
SwapTotal:       8388604 kB
SwapFree:        8388604 kB
Zswap:                 0 kB
Zswapped:              0 kB
Dirty:           1035848 kB
Writeback:          3512 kB
AnonPages:       2892060 kB
Mapped:          9734148 kB
Shmem:              5316 kB
KReclaimable:    1885084 kB
Slab:            2411488 kB
SReclaimable:    1885084 kB
SUnreclaim:       526404 kB
KernelStack:       12208 kB
PageTables:        57808 kB
SecPageTables:      8980 kB
NFS_Unstable:          0 kB
Bounce:                0 kB
WritebackTmp:          0 kB
CommitLimit:    74134720 kB
Committed_AS:   163373392 kB
VmallocTotal:   34359738367 kB
VmallocUsed:       38148 kB
VmallocChunk:          0 kB
Percpu:            51072 kB
HardwareCorrupted:     0 kB
AnonHugePages:         0 kB
ShmemHugePages:        0 kB
ShmemPmdMapped:        0 kB
FileHugePages:   2168832 kB
FilePmdMapped:         0 kB
Unaccepted:            0 kB
Balloon:               0 kB
HugePages_Total:       0
HugePages_Free:        0
HugePages_Rsvd:        0
HugePages_Surp:        0
Hugepagesize:       2048 kB
Hugetlb:               0 kB
DirectMap4k:      875328 kB
DirectMap2M:    24926208 kB
DirectMap1G:    108003328 kB

/sys/kernel/mm/transparent_hugepage/enabled: always [madvise] never
/sys/kernel/mm/transparent_hugepage/hpage_pmd_size: 2097152
/sys/kernel/mm/transparent_hugepage/defrag (defrag/compaction efforts parameter): always defer defer+madvise [madvise] never

Process Memory:
Virtual Size: 13620284620K (peak: 13620284620K)
Resident Set Size: 4165100K (peak: 4165100K) (anon: 991960K, file: 3173140K, shmem: 0K)
Swapped out: 0K
C-Heap outstanding allocations: 1401496K, retained: 28211K
glibc malloc tunables: (default)

/proc/sys/kernel/threads-max (system-wide limit on the number of threads): 1026411
/proc/sys/vm/max_map_count (maximum number of memory map areas a process may have): 1048576
/proc/sys/vm/swappiness (control to define how aggressively the kernel swaps out anonymous memory): 60
/proc/sys/kernel/pid_max (system-wide limit on number of process identifiers): 4194304

container information not found.
Steal ticks since vm start: 0
Steal ticks percentage since vm start:  0.000

CPU: total 32 (initial active 32) (32 cores per cpu, 2 threads per core) family 23 model 49 stepping 0 microcode 0x830107c, cx8, cmov, fxsr, ht, mmx, 3dnowpref, sse, sse2, sse3, ssse3, sse4a, sse4.1, sse4.2, popcnt, lzcnt, tsc, tscinvbit, avx, avx2, aes, clmul, bmi1, bmi2, adx, sha, fma, vzeroupper, clflush, clflushopt, rdtscp, rdpid, f16c
CPU Model and flags from /proc/cpuinfo:
model name	: AMD EPYC 7302P 16-Core Processor
flags		: fpu vme de pse tsc msr pae mce cx8 apic sep mtrr pge mca cmov pat pse36 clflush mmx fxsr sse sse2 ht syscall nx mmxext fxsr_opt pdpe1gb rdtscp lm constant_tsc rep_good nopl xtopology nonstop_tsc cpuid extd_apicid aperfmperf rapl pni pclmulqdq monitor ssse3 fma cx16 sse4_1 sse4_2 movbe popcnt aes xsave avx f16c rdrand lahf_lm cmp_legacy svm extapic cr8_legacy abm sse4a misalignsse 3dnowprefetch osvw ibs skinit wdt tce topoext perfctr_core perfctr_nb bpext perfctr_llc mwaitx cpb cat_l3 cdp_l3 hw_pstate ssbd mba ibrs ibpb stibp vmmcall fsgsbase bmi1 avx2 smep bmi2 cqm rdt_a rdseed adx smap clflushopt clwb sha_ni xsaveopt xsavec xgetbv1 xsaves cqm_llc cqm_occup_llc cqm_mbm_total cqm_mbm_local clzero irperf xsaveerptr rdpru wbnoinvd amd_ppin arat npt lbrv svm_lock nrip_save tsc_scale vmcb_clean flushbyasid decodeassists pausefilter pfthreshold avic v_vmsave_vmload vgif v_spec_ctrl umip rdpid overflow_recov succor smca sev sev_es

Online cpus: 0-31
Offline cpus: 
BIOS frequency limitation: <Not Available>
Frequency switch latency (ns): <Not Available>
Available cpu frequencies: <Not Available>
Current governor: <Not Available>
Core performance/turbo boost: <Not Available>

Memory: 4k page, physical 131492232k(116142028k free), swap 8388604k(8388604k free)
Page Sizes: 4k

vm_info: OpenJDK 64-Bit Server VM (21.0.9-internal-adhoc.talzuss.openjdk-mmtk) for linux-amd64 JRE (21.0.9-internal-adhoc.talzuss.openjdk-mmtk), built on 2026-07-06T23:13:08Z by "talzuss" with gcc 13.3.0
heap_info: MMTk OpenJDK 0.32.0 (a3bb9ef-dirty), using MMTk 0.32.0 (ceb6a76-dirty, BUILTIN_ENV_LOGGER, DEFAULT, EAGER_SWEEPING, VO_BIT)@

END.
