#
# A fatal error has been detected by the Java Runtime Environment:
#
#  SIGSEGV (0xb) at pc=0x000078224b6f5d77, pid=368793, tid=368801
#
# JRE version: OpenJDK Runtime Environment (21.0.9) (build 21.0.9-internal-adhoc.talzuss.openjdk-mmtk)
# Java VM: OpenJDK 64-Bit Server VM (21.0.9-internal-adhoc.talzuss.openjdk-mmtk, mixed mode, sharing, tiered, compressed oops, compressed class ptrs, third-party gc, linux-amd64)
# Problematic frame:
# C  [libmmtk_openjdk.so+0x2f5d77]  _$LT$mmtk..plan..concurrent..immix..gc_work..SatbFinalDrain$LT$VM$GT$$u20$as$u20$mmtk..scheduler..work..GCWork$LT$VM$GT$$GT$::do_work::h99199484dacfec84+0x487
#
# Core dump will be written. Default location: Core dumps may be processed with "/usr/share/apport/apport -p%p -s%s -c%c -d%d -P%P -u%u -g%g -F%F -- %E" (or dumping to /mydata/mmtk-core/core.368793)
#
# If you would like to submit a bug report, please visit:
#   https://bugreport.java.com/bugreport/crash.jsp
#

---------------  S U M M A R Y ------------

Command Line: -XX:+UseThirdPartyHeap -Xms512m -Xmx512m /mydata/dacapo/dacapo-23.11/dacapo-23.11-MR2-chopin.jar xalan -n 3

Host: AMD EPYC 7302P 16-Core Processor, 32 cores, 125G, Ubuntu 24.04.4 LTS
Time: Tue Jul  7 16:44:11 2026 MDT elapsed time: 3.045017 seconds (0d 0h 0m 3s)

---------------  T H R E A D  ---------------

Current thread (0x000078224452e500):  NamedThread "MMTk Collector Thread" [id=368801, stack(0x0000782249e00000,0x0000782249f00000) (1024K)]

Stack: [0x0000782249e00000,0x0000782249f00000],  sp=0x0000782249efe8f0,  free space=1018k
Native frames: (J=compiled Java code, j=interpreted, Vv=VM code, C=native code)
C  [libmmtk_openjdk.so+0x2f5d77]  _$LT$mmtk..plan..concurrent..immix..gc_work..SatbFinalDrain$LT$VM$GT$$u20$as$u20$mmtk..scheduler..work..GCWork$LT$VM$GT$$GT$::do_work::h99199484dacfec84+0x487

siginfo: si_signo: 11 (SIGSEGV), si_code: 1 (SEGV_MAPERR), si_addr: 0x00007823ab47c2d4

Registers:
RAX=0x0000000058000000, RBX=0x0000000000000053, RCX=0x000078224b47c2d4, RDX=0x00006b750f000000
RSP=0x0000782249efe8f0, RBP=0x00000000413a7ff8, RSI=0x00000000413a7ff8, RDI=0x00006b750f000001
R8 =0x00006b74ec0008e0, R9 =0x0000000000000200, R10=0x00006b74ac000030, R11=0x5bf4a0cc406edf4d
R12=0x0000000000275200, R13=0x000078224b808c08, R14=0x00000000413a8fc8, R15=0x0000000000275200
RIP=0x000078224b6f5d77, EFLAGS=0x0000000000010206, CSGSFS=0x002b000000000033, ERR=0x0000000000000004
  TRAPNO=0x000000000000000e

XMM[0]=0x0000000000000000 0x0000000000000000
XMM[1]=0x0000000000000000 0x00006b74ac000090
XMM[2]=0xffffff00000000ff 0x000000ff000000ff
XMM[3]=0x0000000000000000 0x0000000000000000
XMM[4]=0x0000000000000000 0x00006b74ac000090
XMM[5]=0x00000000400587c0 0x00000000400587a8
XMM[6]=0x0000000040058630 0x0000000040058610
XMM[7]=0x0000000040058580 0x0000000040058568
XMM[8]=0x0000000040058478 0x0000000040058460
XMM[9]=0x0000000000000000 0x0000000000000000
XMM[10]=0x3f3f3f3f3f3f3f3f 0x3f3f3f3f3f3f3f3f
XMM[11]=0x9999999999999999 0x9999999999999999
XMM[12]=0x2020202020202020 0x2020202020202020
XMM[13]=0x0000000000000000 0x0000000000000000
XMM[14]=0x0000000000000000 0x0000000000000000
XMM[15]=0x0000000000000000 0x0000000000000000
  MXCSR=0x00001fa2


Register to memory mapping:

RAX=
[error occurred during error reporting (printing register info), id 0xe0000000, Internal Error (/mydata/mmtk-openjdk/openjdk/share/mmtkHeap.cpp:444)]
RBX=
[error occurred during error reporting (printing register info, attempt 2), id 0xe0000000, Internal Error (/mydata/mmtk-openjdk/openjdk/share/mmtkHeap.cpp:444)]
RCX=
[error occurred during error reporting (printing register info, attempt 3), id 0xe0000000, Internal Error (/mydata/mmtk-openjdk/openjdk/share/mmtkHeap.cpp:444)]
Top of Stack: (sp=0x0000782249efe8f0)
0x0000782249efe8f0:   000000000000009f 00006b750f006f28
0x0000782249efe900:   000078224b8093a0 0000000000000160
0x0000782249efe910:   0000000000000235 00007822443e0210
0x0000782249efe920:   0000000040f652b8 0000000000010000
0x0000782249efe930:   00006b74ac009cf0 000000000000b46e
0x0000782249efe940:   0000000000000080 00006b74ac0073c0
0x0000782249efe950:   0000000000000053 00002000013a8000
0x0000782249efe960:   0000782249efe9b0 00006b74e402a500
0x0000782249efe970:   000078224452bf90 0000000000000040
0x0000782249efe980:   0000000000000000 00006b74ac0073c0
0x0000782249efe990:   000078224b808c08 0000782249efea40
0x0000782249efe9a0:   0000782249efe958 0000782249efea38
0x0000782249efe9b0:   0000782249efea30 0000782249efea0f
0x0000782249efe9c0:   0000782249efea18 0000782249efe928
0x0000782249efe9d0:   000078224452bf90 0000000000000000
0x0000782249efe9e0:   000078224406d400 000078224452be30
0x0000782249efe9f0:   0000782249efea00 000078224b6f1e63
0x0000782249efea00:   00006b74ac0073c0 0000000000000001
0x0000782249efea10:   00006b74ac007658 0000000000000400
0x0000782249efea20:   00006b74ac003d30 00000000000002cc
0x0000782249efea30:   0000000040000000 00000000413a8000
0x0000782249efea40:   00000000000013a8 0000782249efe960
0x0000782249efea50:   000078224b808c08 000078224b808fc0
0x0000782249efea60:   0000000000000080 00006b750f20b360
0x0000782249efea70:   000078224406fb00 0000782249efe9d0
0x0000782249efea80:   00006b74ac005390 00006b74ac004948
0x0000782249efea90:   000078224406ef00 000078224406ec00
0x0000782249efeaa0:   000078224406e900 000078224406e600
0x0000782249efeab0:   000078224406e300 000078224406e000
0x0000782249efeac0:   000078224406dd00 000078224406da00
0x0000782249efead0:   000078224406d700 0000782244046210
0x0000782249efeae0:   000078224406d080 0000000000000001 

Instructions: (pc=0x000078224b6f5d77)
0x000078224b6f5c77:   44 24 50 48 89 84 24 70 01 00 00 48 85 db 0f 84
0x000078224b6f5c87:   f5 0a 00 00 48 8b 84 24 98 00 00 00 48 8d 0c d8
0x000078224b6f5c97:   48 89 8c 24 20 01 00 00 eb 36 66 66 66 66 66 66
0x000078224b6f5ca7:   2e 0f 1f 84 00 00 00 00 00 48 8d 94 24 a0 00 00
0x000078224b6f5cb7:   00 e8 43 0d f8 ff 48 8b 84 24 10 01 00 00 48 83
0x000078224b6f5cc7:   c0 08 48 3b 84 24 20 01 00 00 0f 84 a9 0a 00 00
0x000078224b6f5cd7:   48 89 84 24 10 01 00 00 48 8b 30 4c 89 ac 24 a0
0x000078224b6f5ce7:   00 00 00 48 8d 84 24 50 01 00 00 48 89 84 24 a8
0x000078224b6f5cf7:   00 00 00 48 8d 44 24 68 48 89 84 24 b0 00 00 00
0x000078224b6f5d07:   48 8d 84 24 48 01 00 00 48 89 84 24 b8 00 00 00
0x000078224b6f5d17:   48 8d 84 24 40 01 00 00 48 89 84 24 c0 00 00 00
0x000078224b6f5d27:   48 8d 84 24 1f 01 00 00 48 89 84 24 c8 00 00 00
0x000078224b6f5d37:   48 8d 84 24 28 01 00 00 48 89 84 24 d0 00 00 00
0x000078224b6f5d47:   48 8d 44 24 38 48 89 84 24 d8 00 00 00 8b 46 08
0x000078224b6f5d57:   48 8b 15 ca 43 11 00 48 8b 0d cb 43 11 00 48 d3
0x000078224b6f5d67:   e0 48 8d 3c 10 8b 44 10 0c 48 8d 0d 5d 65 d8 ff
0x000078224b6f5d77:   48 63 04 81 48 01 c8 ff e0 48 89 74 24 30 48 89
0x000078224b6f5d87:   bc 24 78 01 00 00 48 63 87 28 01 00 00 48 85 c0
0x000078224b6f5d97:   0f 84 5e 07 00 00 48 8b 94 24 78 01 00 00 48 63
0x000078224b6f5da7:   8a ac 00 00 00 48 8d 0c ca 48 63 92 2c 01 00 00
0x000078224b6f5db7:   48 8d 34 d1 48 8d 1c d1 48 81 c3 d8 01 00 00 48
0x000078224b6f5dc7:   8d 04 c6 48 05 d8 01 00 00 48 89 44 24 08 eb 18
0x000078224b6f5dd7:   66 0f 1f 84 00 00 00 00 00 48 83 c3 08 48 3b 5c
0x000078224b6f5de7:   24 08 0f 84 0c 07 00 00 44 8b 63 04 4d 85 e4 74
0x000078224b6f5df7:   e8 4c 63 2b 4c 03 6c 24 30 45 31 ff eb 24 66 66
0x000078224b6f5e07:   2e 0f 1f 84 00 00 00 00 00 48 8b 44 24 40 4a 89
0x000078224b6f5e17:   2c f0 49 ff c6 4c 89 74 24 48 49 ff c7 4d 39 e7
0x000078224b6f5e27:   74 b7 4a 8d 34 bd 00 00 00 00 4c 01 ee 48 89 f0
0x000078224b6f5e37:   48 b9 ff ff ff ff ff ff ff 7f 48 21 c8 48 89 c1
0x000078224b6f5e47:   48 2b 0d 12 2e 11 00 48 89 cf 48 c1 ef 0c 48 3b
0x000078224b6f5e57:   bc 24 50 01 00 00 75 31 48 8b 4c 24 68 48 8b 94
0x000078224b6f5e67:   24 48 01 00 00 48 29 d0 8b 2c 01 48 85 ed 74 aa 


Stack slot to memory mapping:

stack at sp + 0 slots: 
[error occurred during error reporting (inspecting top of stack), id 0xe0000000, Internal Error (/mydata/mmtk-openjdk/openjdk/share/mmtkHeap.cpp:444)]
stack at sp + 1 slots: 
[error occurred during error reporting (inspecting top of stack, attempt 2), id 0xe0000000, Internal Error (/mydata/mmtk-openjdk/openjdk/share/mmtkHeap.cpp:444)]
stack at sp + 2 slots: 
[error occurred during error reporting (inspecting top of stack, attempt 3), id 0xe0000000, Internal Error (/mydata/mmtk-openjdk/openjdk/share/mmtkHeap.cpp:444)]

---------------  P R O C E S S  ---------------

Threads class SMR info:
_java_thread_list=0x00006b73e800e5a0, length=56, elements={
0x000078224402b240, 0x0000782244527120, 0x00007822445289b0, 0x000078224452a4c0,
0x0000782244548cf0, 0x000078224454a640, 0x000078224454bf00, 0x000078224454dd40,
0x0000782244557710, 0x00006b74880454e0, 0x00006b747c001660, 0x000078224459e850,
0x00007822445a1850, 0x00006b748805a8e0, 0x00006b748002eab0, 0x00006b746c02a3a0,
0x00007822447b8420, 0x00007822447c7750, 0x00007822447c8170, 0x00007822447bb680,
0x00007822447bc8b0, 0x00007822447bdbb0, 0x00007822447bf020, 0x00007822447c0560,
0x00007822447d8a70, 0x00007822447d9df0, 0x00007822447db2a0, 0x00007822447dc830,
0x00007822447dddc0, 0x00007822447df270, 0x00007822443e1af0, 0x00007822443e2a00,
0x00007822443e3eb0, 0x00007822447d0f90, 0x00007822447d24f0, 0x00007822447d3990,
0x00007822447d4f60, 0x00007822447d6540, 0x00007822447d7b20, 0x00007822445ba340,
0x00007822445bb630, 0x00007822445bcad0, 0x00007822445bdf70, 0x00007822445bf800,
0x00007822445c1090, 0x00007822445d06a0, 0x00007822445d2070, 0x00007822445d38c0,
0x00006b748006d8c0, 0x00006b746c176e30, 0x00006b74700bdfd0, 0x00006b747c0b0820,
0x00006b74700bfe80, 0x00006b73d4033d60, 0x00006b73e80b4cf0, 0x00006b73e800d300
}

Java Threads: ( => current thread )
  0x000078224402b240 JavaThread "main"                              [_thread_blocked, id=368794, stack(0x000078224b900000,0x000078224ba00000) (1024K)]
  0x0000782244527120 JavaThread "Reference Handler"          daemon [_thread_blocked, id=368798, stack(0x000078224a100000,0x000078224a200000) (1024K)]
  0x00007822445289b0 JavaThread "Finalizer"                  daemon [_thread_blocked, id=368799, stack(0x000078224a000000,0x000078224a100000) (1024K)]
  0x000078224452a4c0 JavaThread "MMTk Finalizer Thread"      daemon [_thread_blocked, id=368800, stack(0x0000782249f00000,0x000078224a000000) (1024K)]
  0x0000782244548cf0 JavaThread "Signal Dispatcher"          daemon [_thread_blocked, id=368824, stack(0x00007822486e9000,0x00007822487e9000) (1024K)]
  0x000078224454a640 JavaThread "Service Thread"             daemon [_thread_blocked, id=368825, stack(0x00007822485e9000,0x00007822486e9000) (1024K)]
  0x000078224454bf00 JavaThread "Monitor Deflation Thread"   daemon [_thread_blocked, id=368826, stack(0x00007822484e9000,0x00007822485e9000) (1024K)]
  0x000078224454dd40 JavaThread "C2 CompilerThread0"         daemon [_thread_blocked, id=368827, stack(0x00007822483e9000,0x00007822484e9000) (1024K)]
  0x0000782244557710 JavaThread "C1 CompilerThread0"         daemon [_thread_blocked, id=368828, stack(0x00007822482e9000,0x00007822483e9000) (1024K)]
  0x00006b74880454e0 JavaThread "C1 CompilerThread1"         daemon [_thread_blocked, id=368829, stack(0x0000782248118000,0x0000782248218000) (1024K)]
  0x00006b747c001660 JavaThread "C1 CompilerThread2"         daemon [_thread_blocked, id=368830, stack(0x0000782248018000,0x0000782248118000) (1024K)]
  0x000078224459e850 JavaThread "Notification Thread"        daemon [_thread_blocked, id=368831, stack(0x000078220c6ff000,0x000078220c7ff000) (1024K)]
  0x00007822445a1850 JavaThread "Common-Cleaner"             daemon [_thread_blocked, id=368832, stack(0x000078220c5ff000,0x000078220c6ff000) (1024K)]
  0x00006b748805a8e0 JavaThread "C2 CompilerThread1"         daemon [_thread_blocked, id=368833, stack(0x000078220c4ff000,0x000078220c5ff000) (1024K)]
  0x00006b748002eab0 JavaThread "C1 CompilerThread3"         daemon [_thread_blocked, id=368834, stack(0x00006b75582fc000,0x00006b75583fc000) (1024K)]
  0x00006b746c02a3a0 JavaThread "C2 CompilerThread2"         daemon [_thread_blocked, id=368835, stack(0x00006b7555100000,0x00006b7555200000) (1024K)]
  0x00007822447b8420 JavaThread "Thread-0"                          [_thread_blocked, id=368836, stack(0x00006b7555000000,0x00006b7555100000) (1024K)]
  0x00007822447c7750 JavaThread "Thread-1"                          [_thread_blocked, id=368837, stack(0x00006b7554f00000,0x00006b7555000000) (1024K)]
  0x00007822447c8170 JavaThread "Thread-2"                          [_thread_blocked, id=368838, stack(0x00006b7554e00000,0x00006b7554f00000) (1024K)]
  0x00007822447bb680 JavaThread "Thread-3"                          [_thread_blocked, id=368839, stack(0x00006b7554d00000,0x00006b7554e00000) (1024K)]
  0x00007822447bc8b0 JavaThread "Thread-4"                          [_thread_blocked, id=368840, stack(0x00006b7554c00000,0x00006b7554d00000) (1024K)]
  0x00007822447bdbb0 JavaThread "Thread-5"                          [_thread_blocked, id=368841, stack(0x00006b7554b00000,0x00006b7554c00000) (1024K)]
  0x00007822447bf020 JavaThread "Thread-6"                          [_thread_blocked, id=368842, stack(0x00006b7554a00000,0x00006b7554b00000) (1024K)]
  0x00007822447c0560 JavaThread "Thread-7"                          [_thread_blocked, id=368843, stack(0x00006b7554900000,0x00006b7554a00000) (1024K)]
  0x00007822447d8a70 JavaThread "Thread-8"                          [_thread_blocked, id=368844, stack(0x00006b7554800000,0x00006b7554900000) (1024K)]
  0x00007822447d9df0 JavaThread "Thread-9"                          [_thread_blocked, id=368845, stack(0x00006b7554700000,0x00006b7554800000) (1024K)]
  0x00007822447db2a0 JavaThread "Thread-10"                         [_thread_blocked, id=368846, stack(0x00006b7554600000,0x00006b7554700000) (1024K)]
  0x00007822447dc830 JavaThread "Thread-11"                         [_thread_blocked, id=368847, stack(0x00006b7554500000,0x00006b7554600000) (1024K)]
  0x00007822447dddc0 JavaThread "Thread-12"                         [_thread_blocked, id=368848, stack(0x00006b7554400000,0x00006b7554500000) (1024K)]
  0x00007822447df270 JavaThread "Thread-13"                         [_thread_blocked, id=368849, stack(0x00006b7554300000,0x00006b7554400000) (1024K)]
  0x00007822443e1af0 JavaThread "Thread-14"                         [_thread_blocked, id=368850, stack(0x00006b7554200000,0x00006b7554300000) (1024K)]
  0x00007822443e2a00 JavaThread "Thread-15"                         [_thread_blocked, id=368851, stack(0x00006b7554100000,0x00006b7554200000) (1024K)]
  0x00007822443e3eb0 JavaThread "Thread-16"                         [_thread_blocked, id=368852, stack(0x00006b7554000000,0x00006b7554100000) (1024K)]
  0x00007822447d0f90 JavaThread "Thread-17"                         [_thread_blocked, id=368853, stack(0x00006b750ef00000,0x00006b750f000000) (1024K)]
  0x00007822447d24f0 JavaThread "Thread-18"                         [_thread_blocked, id=368854, stack(0x00006b750ee00000,0x00006b750ef00000) (1024K)]
  0x00007822447d3990 JavaThread "Thread-19"                         [_thread_blocked, id=368855, stack(0x00006b750ed00000,0x00006b750ee00000) (1024K)]
  0x00007822447d4f60 JavaThread "Thread-20"                         [_thread_blocked, id=368856, stack(0x00006b750ec00000,0x00006b750ed00000) (1024K)]
  0x00007822447d6540 JavaThread "Thread-21"                         [_thread_blocked, id=368857, stack(0x00006b750eb00000,0x00006b750ec00000) (1024K)]
  0x00007822447d7b20 JavaThread "Thread-22"                         [_thread_blocked, id=368858, stack(0x00006b750ea00000,0x00006b750eb00000) (1024K)]
  0x00007822445ba340 JavaThread "Thread-23"                         [_thread_blocked, id=368859, stack(0x00006b750e900000,0x00006b750ea00000) (1024K)]
  0x00007822445bb630 JavaThread "Thread-24"                         [_thread_blocked, id=368860, stack(0x00006b750e800000,0x00006b750e900000) (1024K)]
  0x00007822445bcad0 JavaThread "Thread-25"                         [_thread_blocked, id=368861, stack(0x00006b750e700000,0x00006b750e800000) (1024K)]
  0x00007822445bdf70 JavaThread "Thread-26"                         [_thread_blocked, id=368862, stack(0x00006b750e600000,0x00006b750e700000) (1024K)]
  0x00007822445bf800 JavaThread "Thread-27"                         [_thread_blocked, id=368863, stack(0x00006b750e500000,0x00006b750e600000) (1024K)]
  0x00007822445c1090 JavaThread "Thread-28"                         [_thread_blocked, id=368864, stack(0x00006b750e400000,0x00006b750e500000) (1024K)]
  0x00007822445d06a0 JavaThread "Thread-29"                         [_thread_blocked, id=368865, stack(0x00006b750e300000,0x00006b750e400000) (1024K)]
  0x00007822445d2070 JavaThread "Thread-30"                         [_thread_blocked, id=368866, stack(0x00006b750e200000,0x00006b750e300000) (1024K)]
  0x00007822445d38c0 JavaThread "Thread-31"                         [_thread_blocked, id=368867, stack(0x00006b750e100000,0x00006b750e200000) (1024K)]
  0x00006b748006d8c0 JavaThread "C2 CompilerThread3"         daemon [_thread_blocked, id=368868, stack(0x00006b750e000000,0x00006b750e100000) (1024K)]
  0x00006b746c176e30 JavaThread "C2 CompilerThread4"         daemon [_thread_blocked, id=368869, stack(0x00006b750df00000,0x00006b750e000000) (1024K)]
  0x00006b74700bdfd0 JavaThread "C2 CompilerThread5"         daemon [_thread_blocked, id=368870, stack(0x00006b750de00000,0x00006b750df00000) (1024K)]
  0x00006b747c0b0820 JavaThread "C1 CompilerThread4"         daemon [_thread_blocked, id=368871, stack(0x00006b750dd00000,0x00006b750de00000) (1024K)]
  0x00006b74700bfe80 JavaThread "C2 CompilerThread6"         daemon [_thread_blocked, id=368872, stack(0x00006b750dc00000,0x00006b750dd00000) (1024K)]
  0x00006b73d4033d60 JavaThread "C2 CompilerThread7"         daemon [_thread_in_native, id=368873, stack(0x00006b750db00000,0x00006b750dc00000) (1024K)]
  0x00006b73e80b4cf0 JavaThread "C2 CompilerThread8"         daemon [_thread_blocked, id=368874, stack(0x00006b750da00000,0x00006b750db00000) (1024K)]
  0x00006b73e800d300 JavaThread "C2 CompilerThread9"         daemon [_thread_in_native, id=368875, stack(0x00006b750d900000,0x00006b750da00000) (1024K)]
Total: 56

Other Threads:
  0x000078224451bc90 VMThread "VM Thread"                           [id=368797, stack(0x000078224a4fd000,0x000078224a5fd000) (1024K)]
  0x0000782244509860 WatcherThread "VM Periodic Task Thread"        [id=368796, stack(0x000078224a5fe000,0x000078224a6fe000) (1024K)]

=>0x000078224452e500 (exited) NamedThread "MMTk Collector Thread"   [id=368801, stack(0x0000782249e00000,0x0000782249f00000) (1024K)]
Total: 3

Threads with active compile tasks:
C2 CompilerThread0  3047 2661   !   4       org.apache.xalan.templates.AVT::evaluate (112 bytes)
C2 CompilerThread1  3047 2418       4       org.apache.xml.serializer.ToStream::startPrefixMapping (128 bytes)
C2 CompilerThread2  3047 2934   !   4       org.apache.xalan.templates.ElemLiteralResult::execute (312 bytes)
C2 CompilerThread3  3048 2932       4       org.apache.xalan.templates.ElemNumber$NumberFormatStringTokenizer::nextToken (113 bytes)
C2 CompilerThread4  3048 2287       4       org.apache.xerces.impl.XMLNSDocumentScannerImpl::scanEndElement (188 bytes)
C2 CompilerThread5  3048 2830       4       org.apache.xerces.impl.XMLNSDocumentScannerImpl::scanStartElement (866 bytes)
C2 CompilerThread6  3048 2933       4       org.apache.xalan.templates.ElemUse::execute (22 bytes)
C2 CompilerThread7  3048 2279   !   4       org.apache.xalan.templates.ElemApplyTemplates::transformSelectedNodes (979 bytes)
C2 CompilerThread8  3048 2887       4       org.apache.xml.serializer.ToHTMLStream::processAttributes (42 bytes)
C2 CompilerThread9  3048 2809 % !   4       org.apache.xerces.impl.XMLDocumentFragmentScannerImpl$FragmentContentDispatcher::dispatch @ 145 (1118 bytes)
Total: 10

VM state: at safepoint (normal execution)

VM Mutex/Monitor currently owned by a thread:  ([mutex/lock_event])
[0x000078224cf580d0] Threads_lock - owner thread: 0x000078224451bc90
[0x000078224cf57fd0] Heap_lock - owner thread: 0x00007822443e5150

Heap address: 0x0000000040000000, size: 3072 MB, Compressed Oops mode: 32-bit

CDS archive(s) mapped at: [0x00006b750f000000-0x00006b750fca3000-0x00006b750fca3000), size 13250560, SharedBaseAddress: 0x00006b750f000000, ArchiveRelocationMode: 1.
Compressed class space mapped at: 0x00006b7510000000-0x00006b7550000000, reserved size: 1073741824
Narrow klass base: 0x00006b750f000000, Narrow klass shift: 0, Narrow klass range: 0x100000000

GC Precious Log:
<Empty>

Heap:

[error occurred during error reporting (printing heap information), id 0xe0000000, Internal Error (/mydata/mmtk-openjdk/openjdk/share/mmtkHeap.cpp:424)]
Metaspace:

Usage:
  Non-class:      6.97 MB used.
      Class:    963.94 KB used.
       Both:      7.91 MB used.

Virtual space:
  Non-class space:       64.00 MB reserved,       7.06 MB ( 11%) committed,  1 nodes.
      Class space:        1.00 GB reserved,       1.06 MB ( <1%) committed,  1 nodes.
             Both:        1.06 GB reserved,       8.12 MB ( <1%) committed. 

Chunk freelists:
   Non-Class:  7.39 MB
       Class:  14.99 MB
        Both:  22.38 MB

MaxMetaspaceSize: unlimited
CompressedClassSpaceSize: 1.00 GB
Initial GC threshold: 21.00 MB
Current GC threshold: 21.00 MB
CDS: on
 - commit_granule_bytes: 65536.
 - commit_granule_words: 8192.
 - virtual_space_node_default_size: 8388608.
 - enlarge_chunks_in_place: 1.
 - use_allocation_guard: 0.


Internal statistics:

num_allocs_failed_limit: 0.
num_arena_births: 118.
num_arena_deaths: 0.
num_vsnodes_births: 2.
num_vsnodes_deaths: 0.
num_space_committed: 130.
num_space_uncommitted: 0.
num_chunks_returned_to_freelist: 0.
num_chunks_taken_from_freelist: 360.
num_chunk_merges: 0.
num_chunk_splits: 255.
num_chunks_enlarged: 203.
num_inconsistent_stats: 0.

CodeHeap 'non-profiled nmethods': size=118880Kb used=1327Kb max_used=1327Kb free=117552Kb
 bounds [0x00007822343e8000, 0x0000782234658000, 0x000078223b800000]
CodeHeap 'profiled nmethods': size=118876Kb used=6241Kb max_used=6241Kb free=112635Kb
 bounds [0x000078222c800000, 0x000078222ce20000, 0x0000782233c17000]
CodeHeap 'non-nmethods': size=8004Kb used=3612Kb max_used=3639Kb free=4391Kb
 bounds [0x0000782233c17000, 0x0000782233fb7000, 0x00007822343e8000]
CodeCache: size=245760Kb, used=11180Kb, max_used=11207Kb, free=234578Kb
 total_blobs=3335, nmethods=2847, adapters=381, full_count=0
Compilation: enabled, stopped_count=0, restarted_count=0

Compilation events (20 events):
Event: 3.014 Thread 0x00006b746c02a3a0 nmethod 2882 0x0000782234522010 code [0x00007822345221c0, 0x0000782234522578]
Event: 3.014 Thread 0x00006b746c02a3a0 2927       4       java.util.HashMap::clear (50 bytes)
Event: 3.014 Thread 0x00006b746c02a3a0 nmethod 2927 0x0000782234522890 code [0x0000782234522a00, 0x0000782234522ab0]
Event: 3.014 Thread 0x00006b746c02a3a0 2437       4       org.apache.xpath.axes.LocPathIterator::asIterator (26 bytes)
Event: 3.014 Thread 0x00006b748002eab0 2929   !   3       org.apache.xml.serializer.Encodings::getWriter (79 bytes)
Event: 3.018 Thread 0x00006b747c0b0820 2930       2       sun.nio.cs.StreamEncoder::<init> (23 bytes)
Event: 3.018 Thread 0x00006b747c0b0820 nmethod 2930 0x000078222ce15110 code [0x000078222ce152c0, 0x000078222ce15508]
Event: 3.018 Thread 0x00006b748006d8c0 nmethod 2399 0x0000782234522b90 code [0x0000782234523240, 0x0000782234528df8]
Event: 3.018 Thread 0x00006b748002eab0 nmethod 2929 0x000078222ce15610 code [0x000078222ce159a0, 0x000078222ce17878]
Event: 3.019 Thread 0x00006b748006d8c0 2932       4       org.apache.xalan.templates.ElemNumber$NumberFormatStringTokenizer::nextToken (113 bytes)
Event: 3.019 Thread 0x00006b748002eab0 2935       1       org.apache.xalan.templates.AVT::getName (5 bytes)
Event: 3.019 Thread 0x0000782244557710 2936       1       org.apache.xalan.templates.AVT::getRawName (5 bytes)
Event: 3.019 Thread 0x0000782244557710 nmethod 2936 0x000078223452c490 code [0x000078223452c620, 0x000078223452c6e0]
Event: 3.019 Thread 0x00006b748002eab0 nmethod 2935 0x000078223452c790 code [0x000078223452c920, 0x000078223452c9e0]
Event: 3.020 Thread 0x00006b746c02a3a0 nmethod 2437 0x000078223452ca90 code [0x000078223452cc80, 0x000078223452d5d0]
Event: 3.020 Thread 0x00006b746c02a3a0 2934   !   4       org.apache.xalan.templates.ElemLiteralResult::execute (312 bytes)
Event: 3.020 Thread 0x0000782244557710 2940       1       org.apache.xml.serializer.SerializerBase::getTransformer (5 bytes)
Event: 3.020 Thread 0x0000782244557710 nmethod 2940 0x000078223452da90 code [0x000078223452dc20, 0x000078223452dce0]
Event: 3.041 Thread 0x00006b74700bfe80 nmethod 2402 0x000078223452dd90 code [0x000078223452e320, 0x0000782234531ad0]
Event: 3.041 Thread 0x00006b74700bfe80 2933       4       org.apache.xalan.templates.ElemUse::execute (22 bytes)

GC Heap History (0 events):
No events

Dll operation events (7 events):
Event: 0.001 Loaded shared library /mydata/openjdk-mmtk/build/b0test/images/jdk/lib/libjava.so
Event: 2.215 Loaded shared library /mydata/openjdk-mmtk/build/b0test/images/jdk/lib/libjsvml.so
Event: 2.228 Loaded shared library /mydata/openjdk-mmtk/build/b0test/images/jdk/lib/libnio.so
Event: 2.232 Loaded shared library /mydata/openjdk-mmtk/build/b0test/images/jdk/lib/libzip.so
Event: 2.246 Loaded shared library /mydata/openjdk-mmtk/build/b0test/images/jdk/lib/libjimage.so
Event: 2.273 Loaded shared library /mydata/openjdk-mmtk/build/b0test/images/jdk/lib/libnet.so
Event: 2.375 Loaded shared library /mydata/openjdk-mmtk/build/b0test/images/jdk/lib/libverify.so

Deoptimization events (20 events):
Event: 3.018 Thread 0x00007822445d06a0 Uncommon trap: reason=loop_limit_check action=maybe_recompile pc=0x0000782234524314 method=org.apache.xalan.templates.ElemLiteralResult.execute(Lorg/apache/xalan/transformer/TransformerImpl;)V @ 110 c2
Event: 3.018 Thread 0x00007822447dddc0 DEOPT PACKING pc=0x0000782234524314 sp=0x00006b75544fd240
Event: 3.018 Thread 0x00007822447bc8b0 Uncommon trap: trap_request=0xffffff6e fr.pc=0x0000782234524314 relative=0x00000000000010d4
Event: 3.018 Thread 0x00007822443e1af0 Uncommon trap: trap_request=0xffffff6e fr.pc=0x0000782234524314 relative=0x00000000000010d4
Event: 3.018 Thread 0x00007822447d4f60 Uncommon trap: reason=loop_limit_check action=maybe_recompile pc=0x0000782234524314 method=org.apache.xalan.templates.ElemLiteralResult.execute(Lorg/apache/xalan/transformer/TransformerImpl;)V @ 110 c2
Event: 3.018 Thread 0x00007822443e1af0 Uncommon trap: reason=loop_limit_check action=maybe_recompile pc=0x0000782234524314 method=org.apache.xalan.templates.ElemLiteralResult.execute(Lorg/apache/xalan/transformer/TransformerImpl;)V @ 110 c2
Event: 3.018 Thread 0x00007822443e1af0 DEOPT PACKING pc=0x0000782234524314 sp=0x00006b75542fcc70
Event: 3.018 Thread 0x00007822447d4f60 DEOPT PACKING pc=0x0000782234524314 sp=0x00006b750ecfd810
Event: 3.018 Thread 0x00007822445d06a0 DEOPT PACKING pc=0x0000782234524314 sp=0x00006b750e3fdde0
Event: 3.018 Thread 0x00007822447bc8b0 Uncommon trap: reason=loop_limit_check action=maybe_recompile pc=0x0000782234524314 method=org.apache.xalan.templates.ElemLiteralResult.execute(Lorg/apache/xalan/transformer/TransformerImpl;)V @ 110 c2
Event: 3.018 Thread 0x00007822447d3990 DEOPT UNPACKING pc=0x0000782233c6a899 sp=0x00006b750edfcdc0 mode 2
Event: 3.018 Thread 0x00007822447d4f60 DEOPT UNPACKING pc=0x0000782233c6a899 sp=0x00006b750ecfd810 mode 2
Event: 3.018 Thread 0x00007822443e1af0 DEOPT UNPACKING pc=0x0000782233c6a899 sp=0x00006b75542fcc70 mode 2
Event: 3.018 Thread 0x00007822447bc8b0 DEOPT PACKING pc=0x0000782234524314 sp=0x00006b7554cfd300
Event: 3.019 Thread 0x00007822445d06a0 DEOPT UNPACKING pc=0x0000782233c6a899 sp=0x00006b750e3fdde0 mode 2
Event: 3.019 Thread 0x00007822447bc8b0 DEOPT UNPACKING pc=0x0000782233c6a899 sp=0x00006b7554cfd300 mode 2
Event: 3.019 Thread 0x00007822447dddc0 DEOPT UNPACKING pc=0x0000782233c6a899 sp=0x00006b75544fd240 mode 2
Event: 3.018 Thread 0x00007822445d38c0 Uncommon trap: reason=loop_limit_check action=maybe_recompile pc=0x0000782234524314 method=org.apache.xalan.templates.ElemLiteralResult.execute(Lorg/apache/xalan/transformer/TransformerImpl;)V @ 110 c2
Event: 3.020 Thread 0x00007822445d38c0 DEOPT PACKING pc=0x0000782234524314 sp=0x00006b750e1fd240
Event: 3.020 Thread 0x00007822445d38c0 DEOPT UNPACKING pc=0x0000782233c6a899 sp=0x00006b750e1fd240 mode 2

Classes loaded (20 events):
Event: 2.641 Loading class java/util/ResourceBundle$KeyElementReference
Event: 2.641 Loading class java/util/ResourceBundle$CacheKeyReference
Event: 2.641 Loading class java/util/ResourceBundle$CacheKeyReference done
Event: 2.641 Loading class java/util/ResourceBundle$KeyElementReference done
Event: 2.642 Loading class java/util/ResourceBundle$Control$2
Event: 2.642 Loading class java/util/ResourceBundle$Control$2 done
Event: 2.642 Loading class sun/util/PropertyResourceBundleCharset
Event: 2.643 Loading class sun/util/PropertyResourceBundleCharset done
Event: 2.643 Loading class sun/util/PropertyResourceBundleCharset$PropertiesFileDecoder
Event: 2.643 Loading class sun/util/PropertyResourceBundleCharset$PropertiesFileDecoder done
Event: 2.644 Loading class java/util/ResourceBundle$BundleReference
Event: 2.644 Loading class java/util/ResourceBundle$BundleReference done
Event: 2.644 Loading class sun/util/ResourceBundleEnumeration
Event: 2.644 Loading class sun/util/ResourceBundleEnumeration done
Event: 2.651 Loading class sun/nio/cs/ISO_8859_1$Encoder
Event: 2.651 Loading class sun/nio/cs/ISO_8859_1$Encoder done
Event: 2.680 Loading class java/util/ResourceBundle$Control$1
Event: 2.680 Loading class java/util/ResourceBundle$Control$1 done
Event: 2.706 Loading class java/lang/foreign/MemorySegment
Event: 2.706 Loading class java/lang/foreign/MemorySegment done

Classes unloaded (0 events):
No events

Classes redefined (0 events):
No events

Internal exceptions (13 events):
Event: 2.239 Thread 0x000078224402b240 Exception <a 'java/lang/NoSuchMethodError'{0x0000000040334090}: 'java.lang.Object java.lang.invoke.DirectMethodHandle$Holder.newInvokeSpecial(java.lang.Object, int, java.lang.Object)'> (0x0000000040334090) 
thrown [src/hotspot/share/interpreter/linkResolver.cpp, line 772]
Event: 2.249 Thread 0x000078224402b240 Exception <a 'java/lang/NoSuchMethodError'{0x0000000040301e28}: 'void java.lang.invoke.DirectMethodHandle$Holder.invokeStatic(java.lang.Object, java.lang.Object)'> (0x0000000040301e28) 
thrown [src/hotspot/share/interpreter/linkResolver.cpp, line 772]
Event: 2.249 Thread 0x000078224402b240 Exception <a 'java/lang/NoSuchMethodError'{0x0000000040305820}: 'void java.lang.invoke.DirectMethodHandle$Holder.invokeSpecial(java.lang.Object, java.lang.Object, java.lang.Object)'> (0x0000000040305820) 
thrown [src/hotspot/share/interpreter/linkResolver.cpp, line 772]
Event: 2.292 Thread 0x000078224402b240 Exception <a 'java/lang/NoSuchMethodError'{0x00000000401b5ca8}: 'void java.lang.invoke.DirectMethodHandle$Holder.invokeVirtual(java.lang.Object, java.lang.Object)'> (0x00000000401b5ca8) 
thrown [src/hotspot/share/interpreter/linkResolver.cpp, line 772]
Event: 2.299 Thread 0x000078224402b240 Exception <a 'java/io/FileNotFoundException'{0x0000000040180bc0}> (0x0000000040180bc0) 
thrown [src/hotspot/share/prims/jni.cpp, line 520]
Event: 2.310 Thread 0x000078224402b240 Exception <a 'java/lang/NoSuchMethodError'{0x00000000401218c8}: 'java.lang.Object java.lang.invoke.Invokers$Holder.invokeExact_MT(java.lang.Object, java.lang.Object, java.lang.Object, java.lang.Object, java.lang.Object)'> (0x00000000401218c8) 
thrown [src/hotspot/share/interpreter/linkResolver.cpp, line 772]
Event: 2.498 Thread 0x000078224402b240 Exception <a 'java/lang/NoSuchMethodError'{0x0000000040eba518}: 'void java.lang.invoke.DirectMethodHandle$Holder.invokeVirtual(java.lang.Object, java.lang.Object, int)'> (0x0000000040eba518) 
thrown [src/hotspot/share/interpreter/linkResolver.cpp, line 772]
Event: 2.498 Thread 0x000078224402b240 Exception <a 'java/lang/NoSuchMethodError'{0x0000000040ebec40}: 'int java.lang.invoke.DirectMethodHandle$Holder.invokeSpecial(java.lang.Object, java.lang.Object, java.lang.Object, int)'> (0x0000000040ebec40) 
thrown [src/hotspot/share/interpreter/linkResolver.cpp, line 772]
Event: 2.500 Thread 0x000078224402b240 Exception <a 'java/lang/NoSuchMethodError'{0x0000000040ea09e0}: 'java.lang.Object java.lang.invoke.DirectMethodHandle$Holder.invokeStatic(java.lang.Object, java.lang.Object, java.lang.Object, java.lang.Object, int)'> (0x0000000040ea09e0) 
thrown [src/hotspot/share/interpreter/linkResolver.cpp, line 772]
Event: 2.501 Thread 0x000078224402b240 Exception <a 'java/lang/NoSuchMethodError'{0x0000000040e9bbe0}: 'void java.lang.invoke.DelegatingMethodHandle$Holder.reinvoke_L(java.lang.Object, java.lang.Object, int)'> (0x0000000040e9bbe0) 
thrown [src/hotspot/share/interpreter/linkResolver.cpp, line 772]
Event: 2.501 Thread 0x000078224402b240 Exception <a 'java/lang/NoSuchMethodError'{0x0000000040e92938}: 'int java.lang.invoke.DirectMethodHandle$Holder.invokeSpecial(java.lang.Object, java.lang.Object, java.lang.Object)'> (0x0000000040e92938) 
thrown [src/hotspot/share/interpreter/linkResolver.cpp, line 772]
Event: 2.571 Thread 0x000078224402b240 Exception <a 'java/lang/NoSuchMethodError'{0x00000000413c6268}: 'void java.lang.invoke.DelegatingMethodHandle$Holder.reinvoke_L(java.lang.Object, java.lang.Object, int, int)'> (0x00000000413c6268) 
thrown [src/hotspot/share/interpreter/linkResolver.cpp, line 772]
Event: 2.639 Thread 0x00007822447c0560 Exception <a 'java/lang/NoSuchMethodError'{0x00000000400bea10}: 'java.lang.Object java.lang.invoke.DirectMethodHandle$Holder.invokeInterface(java.lang.Object, java.lang.Object)'> (0x00000000400bea10) 
thrown [src/hotspot/share/interpreter/linkResolver.cpp, line 772]

ZGC Phase Switch (0 events):
No events

VM Operations (20 events):
Event: 2.567 Executing VM operation: ICBufferFull done
Event: 2.572 Executing VM operation: HandshakeAllThreads (Deoptimize)
Event: 2.572 Executing VM operation: HandshakeAllThreads (Deoptimize) done
Event: 2.573 Executing VM operation: ThirdPartyHeapOperation
Event: 2.599 Executing VM operation: ThirdPartyHeapOperation done
Event: 2.601 Executing VM operation: ThirdPartyHeapOperation
Event: 2.606 Executing VM operation: ThirdPartyHeapOperation done
Event: 2.617 Executing VM operation: HandshakeAllThreads (Deoptimize)
Event: 2.617 Executing VM operation: HandshakeAllThreads (Deoptimize) done
Event: 2.636 Executing VM operation: HandshakeAllThreads (Deoptimize)
Event: 2.636 Executing VM operation: HandshakeAllThreads (Deoptimize) done
Event: 2.688 Executing VM operation: HandshakeAllThreads (Deoptimize)
Event: 2.688 Executing VM operation: HandshakeAllThreads (Deoptimize) done
Event: 2.728 Executing VM operation: ICBufferFull
Event: 2.733 Executing VM operation: ICBufferFull done
Event: 2.839 Executing VM operation: ICBufferFull
Event: 2.840 Executing VM operation: ICBufferFull done
Event: 3.021 Executing VM operation: ThirdPartyHeapOperation
Event: 3.038 Executing VM operation: ThirdPartyHeapOperation done
Event: 3.041 Executing VM operation: ThirdPartyHeapOperation

Memory protections (20 events):
Event: 2.607 Protecting memory [0x00006b750ec00000,0x00006b750ec04000] with protection modes 0
Event: 2.607 Protecting memory [0x00006b750eb00000,0x00006b750eb04000] with protection modes 0
Event: 2.607 Protecting memory [0x00006b750ea00000,0x00006b750ea04000] with protection modes 0
Event: 2.607 Protecting memory [0x00006b750e900000,0x00006b750e904000] with protection modes 0
Event: 2.607 Protecting memory [0x00006b750e800000,0x00006b750e804000] with protection modes 0
Event: 2.607 Protecting memory [0x00006b750e700000,0x00006b750e704000] with protection modes 0
Event: 2.607 Protecting memory [0x00006b750e600000,0x00006b750e604000] with protection modes 0
Event: 2.607 Protecting memory [0x00006b750e500000,0x00006b750e504000] with protection modes 0
Event: 2.607 Protecting memory [0x00006b750e400000,0x00006b750e404000] with protection modes 0
Event: 2.607 Protecting memory [0x00006b750e300000,0x00006b750e304000] with protection modes 0
Event: 2.608 Protecting memory [0x00006b750e200000,0x00006b750e204000] with protection modes 0
Event: 2.608 Protecting memory [0x00006b750e100000,0x00006b750e104000] with protection modes 0
Event: 2.654 Protecting memory [0x00006b750e000000,0x00006b750e004000] with protection modes 0
Event: 2.678 Protecting memory [0x00006b750df00000,0x00006b750df04000] with protection modes 0
Event: 2.682 Protecting memory [0x00006b750de00000,0x00006b750de04000] with protection modes 0
Event: 2.684 Protecting memory [0x00006b750dd00000,0x00006b750dd04000] with protection modes 0
Event: 2.686 Protecting memory [0x00006b750dc00000,0x00006b750dc04000] with protection modes 0
Event: 2.706 Protecting memory [0x00006b750db00000,0x00006b750db04000] with protection modes 0
Event: 2.707 Protecting memory [0x00006b750da00000,0x00006b750da04000] with protection modes 0
Event: 2.708 Protecting memory [0x00006b750d900000,0x00006b750d904000] with protection modes 0

Nmethod flushes (0 events):
No events

Events (20 events):
Event: 2.607 Thread 0x000078224402b240 Thread added: 0x00007822447d4f60
Event: 2.607 Thread 0x000078224402b240 Thread added: 0x00007822447d6540
Event: 2.607 Thread 0x000078224402b240 Thread added: 0x00007822447d7b20
Event: 2.607 Thread 0x000078224402b240 Thread added: 0x00007822445ba340
Event: 2.607 Thread 0x000078224402b240 Thread added: 0x00007822445bb630
Event: 2.607 Thread 0x000078224402b240 Thread added: 0x00007822445bcad0
Event: 2.607 Thread 0x000078224402b240 Thread added: 0x00007822445bdf70
Event: 2.607 Thread 0x000078224402b240 Thread added: 0x00007822445bf800
Event: 2.607 Thread 0x000078224402b240 Thread added: 0x00007822445c1090
Event: 2.607 Thread 0x000078224402b240 Thread added: 0x00007822445d06a0
Event: 2.607 Thread 0x000078224402b240 Thread added: 0x00007822445d2070
Event: 2.608 Thread 0x000078224402b240 Thread added: 0x00007822445d38c0
Event: 2.654 Thread 0x00006b747c001660 Thread added: 0x00006b748006d8c0
Event: 2.678 Thread 0x00006b748805a8e0 Thread added: 0x00006b746c176e30
Event: 2.682 Thread 0x00006b748002eab0 Thread added: 0x00006b74700bdfd0
Event: 2.683 Thread 0x00006b74880454e0 Thread added: 0x00006b747c0b0820
Event: 2.686 Thread 0x00006b748002eab0 Thread added: 0x00006b74700bfe80
Event: 2.706 Thread 0x00006b747c0b0820 Thread added: 0x00006b73d4033d60
Event: 2.707 Thread 0x00006b748006d8c0 Thread added: 0x00006b73e80b4cf0
Event: 2.707 Thread 0x00006b748006d8c0 Thread added: 0x00006b73e800d300


Dynamic libraries:
40000000-40400000 rw-p 00000000 00:00 0                                  [anon:mmtk:space:immix]
40400000-40800000 rw-p 00000000 00:00 0                                  [anon:mmtk:space:los]
40800000-41400000 rw-p 00000000 00:00 0                                  [anon:mmtk:space:immix]
41400000-41800000 rw-p 00000000 00:00 0                                  [anon:mmtk:space:los]
41800000-41c00000 rw-p 00000000 00:00 0                                  [anon:mmtk:space:immix]
41c00000-42000000 rw-p 00000000 00:00 0                                  [anon:mmtk:space:los]
42000000-42400000 rw-p 00000000 00:00 0                                  [anon:mmtk:space:immix]
42400000-42800000 rw-p 00000000 00:00 0                                  [anon:mmtk:space:los]
42800000-43000000 rw-p 00000000 00:00 0                                  [anon:mmtk:space:immix]
43000000-43400000 rw-p 00000000 00:00 0                                  [anon:mmtk:space:los]
43400000-43800000 rw-p 00000000 00:00 0                                  [anon:mmtk:space:immix]
43800000-43c00000 rw-p 00000000 00:00 0                                  [anon:mmtk:space:los]
43c00000-44400000 rw-p 00000000 00:00 0                                  [anon:mmtk:space:immix]
44400000-44800000 rw-p 00000000 00:00 0                                  [anon:mmtk:space:los]
44800000-45000000 rw-p 00000000 00:00 0                                  [anon:mmtk:space:immix]
45000000-45400000 rw-p 00000000 00:00 0                                  [anon:mmtk:space:los]
45400000-45c00000 rw-p 00000000 00:00 0                                  [anon:mmtk:space:immix]
45c00000-46000000 rw-p 00000000 00:00 0                                  [anon:mmtk:space:los]
46000000-46400000 rw-p 00000000 00:00 0                                  [anon:mmtk:space:immix]
46400000-46800000 rw-p 00000000 00:00 0                                  [anon:mmtk:space:los]
46800000-46c00000 rw-p 00000000 00:00 0                                  [anon:mmtk:space:immix]
46c00000-47000000 rw-p 00000000 00:00 0                                  [anon:mmtk:space:los]
47000000-47800000 rw-p 00000000 00:00 0                                  [anon:mmtk:space:immix]
47800000-47c00000 rw-p 00000000 00:00 0                                  [anon:mmtk:space:los]
47c00000-48000000 rw-p 00000000 00:00 0                                  [anon:mmtk:space:immix]
48000000-48400000 rw-p 00000000 00:00 0                                  [anon:mmtk:space:los]
48400000-48c00000 rw-p 00000000 00:00 0                                  [anon:mmtk:space:immix]
48c00000-49000000 rw-p 00000000 00:00 0                                  [anon:mmtk:space:los]
49000000-49400000 rw-p 00000000 00:00 0                                  [anon:mmtk:space:immix]
49400000-49800000 rw-p 00000000 00:00 0                                  [anon:mmtk:space:los]
49800000-4a000000 rw-p 00000000 00:00 0                                  [anon:mmtk:space:immix]
4a000000-4a400000 rw-p 00000000 00:00 0                                  [anon:mmtk:space:los]
4a400000-4ac00000 rw-p 00000000 00:00 0                                  [anon:mmtk:space:immix]
4ac00000-4b000000 rw-p 00000000 00:00 0                                  [anon:mmtk:space:los]
4b000000-4b800000 rw-p 00000000 00:00 0                                  [anon:mmtk:space:immix]
4b800000-4bc00000 rw-p 00000000 00:00 0                                  [anon:mmtk:space:los]
4bc00000-4c000000 rw-p 00000000 00:00 0                                  [anon:mmtk:space:immix]
4c000000-4c400000 rw-p 00000000 00:00 0                                  [anon:mmtk:space:los]
4c400000-4cc00000 rw-p 00000000 00:00 0                                  [anon:mmtk:space:immix]
4cc00000-4d000000 rw-p 00000000 00:00 0                                  [anon:mmtk:space:los]
4d000000-4d400000 rw-p 00000000 00:00 0                                  [anon:mmtk:space:immix]
4d400000-4d800000 rw-p 00000000 00:00 0                                  [anon:mmtk:space:los]
4d800000-4e000000 rw-p 00000000 00:00 0                                  [anon:mmtk:space:immix]
4e000000-4e400000 rw-p 00000000 00:00 0                                  [anon:mmtk:space:los]
4e400000-4e800000 rw-p 00000000 00:00 0                                  [anon:mmtk:space:immix]
4e800000-4ec00000 rw-p 00000000 00:00 0                                  [anon:mmtk:space:los]
4ec00000-4f400000 rw-p 00000000 00:00 0                                  [anon:mmtk:space:immix]
4f400000-4f800000 rw-p 00000000 00:00 0                                  [anon:mmtk:space:los]
4f800000-4fc00000 rw-p 00000000 00:00 0                                  [anon:mmtk:space:immix]
4fc00000-50000000 rw-p 00000000 00:00 0                                  [anon:mmtk:space:los]
50000000-50400000 rw-p 00000000 00:00 0                                  [anon:mmtk:space:immix]
200000000000-2000c00c0000 rw-s 00000000 00:10 68                         anon_inode:bpf-map
64ec5e1d6000-64ec5e1d7000 r--p 00000000 fc:00 49676337                   /mydata/openjdk-mmtk/build/b0test/images/jdk/bin/java
64ec5e1d7000-64ec5e1d8000 r-xp 00001000 fc:00 49676337                   /mydata/openjdk-mmtk/build/b0test/images/jdk/bin/java
64ec5e1d8000-64ec5e1d9000 r--p 00002000 fc:00 49676337                   /mydata/openjdk-mmtk/build/b0test/images/jdk/bin/java
64ec5e1d9000-64ec5e1da000 r--p 00002000 fc:00 49676337                   /mydata/openjdk-mmtk/build/b0test/images/jdk/bin/java
64ec5e1da000-64ec5e1db000 rw-p 00003000 fc:00 49676337                   /mydata/openjdk-mmtk/build/b0test/images/jdk/bin/java
64ec8044d000-64ec80495000 rw-p 00000000 00:00 0                          [heap]
6b73c4000000-6b73c468a000 rw-p 00000000 00:00 0 
6b73c468a000-6b73c8000000 ---p 00000000 00:00 0 
6b73cc000000-6b73cc9bd000 rw-p 00000000 00:00 0 
6b73cc9bd000-6b73d0000000 ---p 00000000 00:00 0 
6b73d0000000-6b73d04e1000 rw-p 00000000 00:00 0 
6b73d04e1000-6b73d4000000 ---p 00000000 00:00 0 
6b73d4000000-6b73d4201000 rw-p 00000000 00:00 0 
6b73d4201000-6b73d8000000 ---p 00000000 00:00 0 
6b73d8000000-6b73d86af000 rw-p 00000000 00:00 0 
6b73d86af000-6b73dc000000 ---p 00000000 00:00 0 
6b73dc000000-6b73dc87f000 rw-p 00000000 00:00 0 
6b73dc87f000-6b73e0000000 ---p 00000000 00:00 0 
6b73e0000000-6b73e0a27000 rw-p 00000000 00:00 0 
6b73e0a27000-6b73e4000000 ---p 00000000 00:00 0 
6b73e4000000-6b73e4021000 rw-p 00000000 00:00 0 
6b73e4021000-6b73e8000000 ---p 00000000 00:00 0 
6b73e8000000-6b73e88d0000 rw-p 00000000 00:00 0 
6b73e88d0000-6b73ec000000 ---p 00000000 00:00 0 
6b73ec000000-6b73ec035000 rw-p 00000000 00:00 0 
6b73ec035000-6b73f0000000 ---p 00000000 00:00 0 
6b73f0000000-6b73f0021000 rw-p 00000000 00:00 0 
6b73f0021000-6b73f4000000 ---p 00000000 00:00 0 
6b73f4000000-6b73f4021000 rw-p 00000000 00:00 0 
6b73f4021000-6b73f8000000 ---p 00000000 00:00 0 
6b73f8000000-6b73f8021000 rw-p 00000000 00:00 0 
6b73f8021000-6b73fc000000 ---p 00000000 00:00 0 
6b73fc000000-6b73fc04b000 rw-p 00000000 00:00 0 
6b73fc04b000-6b7400000000 ---p 00000000 00:00 0 
6b7400000000-6b7400021000 rw-p 00000000 00:00 0 
6b7400021000-6b7404000000 ---p 00000000 00:00 0 
6b7404000000-6b7404022000 rw-p 00000000 00:00 0 
6b7404022000-6b7408000000 ---p 00000000 00:00 0 
6b7408000000-6b7408021000 rw-p 00000000 00:00 0 
6b7408021000-6b740c000000 ---p 00000000 00:00 0 
6b740c000000-6b740c029000 rw-p 00000000 00:00 0 
6b740c029000-6b7410000000 ---p 00000000 00:00 0 
6b7410000000-6b7410021000 rw-p 00000000 00:00 0 
6b7410021000-6b7414000000 ---p 00000000 00:00 0 
6b7414000000-6b7414026000 rw-p 00000000 00:00 0 
6b7414026000-6b7418000000 ---p 00000000 00:00 0 
6b7418000000-6b7418029000 rw-p 00000000 00:00 0 
6b7418029000-6b741c000000 ---p 00000000 00:00 0 
6b741c000000-6b741c021000 rw-p 00000000 00:00 0 
6b741c021000-6b7420000000 ---p 00000000 00:00 0 
6b7420000000-6b742005a000 rw-p 00000000 00:00 0 
6b742005a000-6b7424000000 ---p 00000000 00:00 0 
6b7424000000-6b7424021000 rw-p 00000000 00:00 0 
6b7424021000-6b7428000000 ---p 00000000 00:00 0 
6b7428000000-6b7428026000 rw-p 00000000 00:00 0 
6b7428026000-6b742c000000 ---p 00000000 00:00 0 
6b742c000000-6b742c021000 rw-p 00000000 00:00 0 
6b742c021000-6b7430000000 ---p 00000000 00:00 0 
6b7430000000-6b7430036000 rw-p 00000000 00:00 0 
6b7430036000-6b7434000000 ---p 00000000 00:00 0 
6b7434000000-6b743404a000 rw-p 00000000 00:00 0 
6b743404a000-6b7438000000 ---p 00000000 00:00 0 
6b7438000000-6b7438021000 rw-p 00000000 00:00 0 
6b7438021000-6b743c000000 ---p 00000000 00:00 0 
6b743c000000-6b743c027000 rw-p 00000000 00:00 0 
6b743c027000-6b7440000000 ---p 00000000 00:00 0 
6b7440000000-6b7440021000 rw-p 00000000 00:00 0 
6b7440021000-6b7444000000 ---p 00000000 00:00 0 
6b7444000000-6b7444055000 rw-p 00000000 00:00 0 
6b7444055000-6b7448000000 ---p 00000000 00:00 0 
6b7448000000-6b7448021000 rw-p 00000000 00:00 0 
6b7448021000-6b744c000000 ---p 00000000 00:00 0 
6b744c000000-6b744c021000 rw-p 00000000 00:00 0 
6b744c021000-6b7450000000 ---p 00000000 00:00 0 
6b7450000000-6b7450021000 rw-p 00000000 00:00 0 
6b7450021000-6b7454000000 ---p 00000000 00:00 0 
6b7454000000-6b745402f000 rw-p 00000000 00:00 0 
6b745402f000-6b7458000000 ---p 00000000 00:00 0 
6b7458000000-6b7458025000 rw-p 00000000 00:00 0 
6b7458025000-6b745c000000 ---p 00000000 00:00 0 
6b745c000000-6b745c02b000 rw-p 00000000 00:00 0 
6b745c02b000-6b7460000000 ---p 00000000 00:00 0 
6b7460000000-6b746004c000 rw-p 00000000 00:00 0 
6b746004c000-6b7464000000 ---p 00000000 00:00 0 
6b7464000000-6b74648ba000 rw-p 00000000 00:00 0 
6b74648ba000-6b7468000000 ---p 00000000 00:00 0 
6b7468000000-6b7468022000 rw-p 00000000 00:00 0 
6b7468022000-6b746c000000 ---p 00000000 00:00 0 
6b746c000000-6b746c949000 rw-p 00000000 00:00 0 
6b746c949000-6b7470000000 ---p 00000000 00:00 0 
6b7470000000-6b7470346000 rw-p 00000000 00:00 0 
6b7470346000-6b7474000000 ---p 00000000 00:00 0 
6b7474000000-6b7474021000 rw-p 00000000 00:00 0 
6b7474021000-6b7478000000 ---p 00000000 00:00 0 
6b7478000000-6b7478021000 rw-p 00000000 00:00 0 
6b7478021000-6b747c000000 ---p 00000000 00:00 0 
6b747c000000-6b747c26d000 rw-p 00000000 00:00 0 
6b747c26d000-6b7480000000 ---p 00000000 00:00 0 
6b7480000000-6b7480336000 rw-p 00000000 00:00 0 
6b7480336000-6b7484000000 ---p 00000000 00:00 0 
6b7484000000-6b74849cd000 rw-p 00000000 00:00 0 
6b74849cd000-6b7488000000 ---p 00000000 00:00 0 
6b7488000000-6b748832a000 rw-p 00000000 00:00 0 
6b748832a000-6b748c000000 ---p 00000000 00:00 0 
6b748c000000-6b748c021000 rw-p 00000000 00:00 0 
6b748c021000-6b7490000000 ---p 00000000 00:00 0 
6b7490000000-6b7490021000 rw-p 00000000 00:00 0 
6b7490021000-6b7494000000 ---p 00000000 00:00 0 
6b7494000000-6b7494021000 rw-p 00000000 00:00 0 
6b7494021000-6b7498000000 ---p 00000000 00:00 0 
6b7498000000-6b7498021000 rw-p 00000000 00:00 0 
6b7498021000-6b749c000000 ---p 00000000 00:00 0 
6b749c000000-6b749c023000 rw-p 00000000 00:00 0 
6b749c023000-6b74a0000000 ---p 00000000 00:00 0 
6b74a0000000-6b74a0022000 rw-p 00000000 00:00 0 
6b74a0022000-6b74a4000000 ---p 00000000 00:00 0 
6b74a4000000-6b74a4023000 rw-p 00000000 00:00 0 
6b74a4023000-6b74a8000000 ---p 00000000 00:00 0 
6b74a8000000-6b74a8021000 rw-p 00000000 00:00 0 
6b74a8021000-6b74ac000000 ---p 00000000 00:00 0 
6b74ac000000-6b74ac0ca000 rw-p 00000000 00:00 0 
6b74ac0ca000-6b74b0000000 ---p 00000000 00:00 0 
6b74b0000000-6b74b003a000 rw-p 00000000 00:00 0 
6b74b003a000-6b74b4000000 ---p 00000000 00:00 0 
6b74b4000000-6b74b4042000 rw-p 00000000 00:00 0 
6b74b4042000-6b74b8000000 ---p 00000000 00:00 0 
6b74b8000000-6b74b8021000 rw-p 00000000 00:00 0 
6b74b8021000-6b74bc000000 ---p 00000000 00:00 0 
6b74bc000000-6b74bc02b000 rw-p 00000000 00:00 0 
6b74bc02b000-6b74c0000000 ---p 00000000 00:00 0 
6b74c0000000-6b74c003d000 rw-p 00000000 00:00 0 
6b74c003d000-6b74c4000000 ---p 00000000 00:00 0 
6b74c4000000-6b74c402e000 rw-p 00000000 00:00 0 
6b74c402e000-6b74c8000000 ---p 00000000 00:00 0 
6b74c8000000-6b74c8021000 rw-p 00000000 00:00 0 
6b74c8021000-6b74cc000000 ---p 00000000 00:00 0 
6b74cc000000-6b74cc021000 rw-p 00000000 00:00 0 
6b74cc021000-6b74d0000000 ---p 00000000 00:00 0 
6b74d0000000-6b74d0033000 rw-p 00000000 00:00 0 
6b74d0033000-6b74d4000000 ---p 00000000 00:00 0 
6b74d4000000-6b74d4021000 rw-p 00000000 00:00 0 
6b74d4021000-6b74d8000000 ---p 00000000 00:00 0 
6b74d8000000-6b74d8042000 rw-p 00000000 00:00 0 
6b74d8042000-6b74dc000000 ---p 00000000 00:00 0 
6b74dc000000-6b74dc04a000 rw-p 00000000 00:00 0 
6b74dc04a000-6b74e0000000 ---p 00000000 00:00 0 
6b74e0000000-6b74e003b000 rw-p 00000000 00:00 0 
6b74e003b000-6b74e4000000 ---p 00000000 00:00 0 
6b74e4000000-6b74e4034000 rw-p 00000000 00:00 0 
6b74e4034000-6b74e8000000 ---p 00000000 00:00 0 
6b74e8000000-6b74e8021000 rw-p 00000000 00:00 0 
6b74e8021000-6b74ec000000 ---p 00000000 00:00 0 
6b74ec000000-6b74ec0f1000 rw-p 00000000 00:00 0 
6b74ec0f1000-6b74f0000000 ---p 00000000 00:00 0 
6b74f0000000-6b74f002b000 rw-p 00000000 00:00 0 
6b74f002b000-6b74f4000000 ---p 00000000 00:00 0 
6b74f4000000-6b74f4021000 rw-p 00000000 00:00 0 
6b74f4021000-6b74f8000000 ---p 00000000 00:00 0 
6b74f8000000-6b74f8021000 rw-p 00000000 00:00 0 
6b74f8021000-6b74fc000000 ---p 00000000 00:00 0 
6b74fc000000-6b74fc021000 rw-p 00000000 00:00 0 
6b74fc021000-6b7500000000 ---p 00000000 00:00 0 
6b7500000000-6b7500021000 rw-p 00000000 00:00 0 
6b7500021000-6b7504000000 ---p 00000000 00:00 0 
6b7504000000-6b7504270000 rw-p 00000000 00:00 0 
6b7504270000-6b7504400000 ---p 00000000 00:00 0 
6b7504400000-6b75048a0000 rw-p 00000000 00:00 0 
6b75048a0000-6b7508000000 ---p 00000000 00:00 0 
6b7508000000-6b7508021000 rw-p 00000000 00:00 0 
6b7508021000-6b750c000000 ---p 00000000 00:00 0 
6b750d900000-6b750d904000 ---p 00000000 00:00 0 
6b750d904000-6b750da00000 rw-p 00000000 00:00 0 
6b750da00000-6b750da04000 ---p 00000000 00:00 0 
6b750da04000-6b750db00000 rw-p 00000000 00:00 0 
6b750db00000-6b750db04000 ---p 00000000 00:00 0 
6b750db04000-6b750dc00000 rw-p 00000000 00:00 0 
6b750dc00000-6b750dc04000 ---p 00000000 00:00 0 
6b750dc04000-6b750dd00000 rw-p 00000000 00:00 0 
6b750dd00000-6b750dd04000 ---p 00000000 00:00 0 
6b750dd04000-6b750de00000 rw-p 00000000 00:00 0 
6b750de00000-6b750de04000 ---p 00000000 00:00 0 
6b750de04000-6b750df00000 rw-p 00000000 00:00 0 
6b750df00000-6b750df04000 ---p 00000000 00:00 0 
6b750df04000-6b750e000000 rw-p 00000000 00:00 0 
6b750e000000-6b750e004000 ---p 00000000 00:00 0 
6b750e004000-6b750e100000 rw-p 00000000 00:00 0 
6b750e100000-6b750e104000 ---p 00000000 00:00 0 
6b750e104000-6b750e200000 rw-p 00000000 00:00 0 
6b750e200000-6b750e204000 ---p 00000000 00:00 0 
6b750e204000-6b750e300000 rw-p 00000000 00:00 0 
6b750e300000-6b750e304000 ---p 00000000 00:00 0 
6b750e304000-6b750e400000 rw-p 00000000 00:00 0 
6b750e400000-6b750e404000 ---p 00000000 00:00 0 
6b750e404000-6b750e500000 rw-p 00000000 00:00 0 
6b750e500000-6b750e504000 ---p 00000000 00:00 0 
6b750e504000-6b750e600000 rw-p 00000000 00:00 0 
6b750e600000-6b750e604000 ---p 00000000 00:00 0 
6b750e604000-6b750e700000 rw-p 00000000 00:00 0 
6b750e700000-6b750e704000 ---p 00000000 00:00 0 
6b750e704000-6b750e800000 rw-p 00000000 00:00 0 
6b750e800000-6b750e804000 ---p 00000000 00:00 0 
6b750e804000-6b750e900000 rw-p 00000000 00:00 0 
6b750e900000-6b750e904000 ---p 00000000 00:00 0 
6b750e904000-6b750ea00000 rw-p 00000000 00:00 0 
6b750ea00000-6b750ea04000 ---p 00000000 00:00 0 
6b750ea04000-6b750eb00000 rw-p 00000000 00:00 0 
6b750eb00000-6b750eb04000 ---p 00000000 00:00 0 
6b750eb04000-6b750ec00000 rw-p 00000000 00:00 0 
6b750ec00000-6b750ec04000 ---p 00000000 00:00 0 
6b750ec04000-6b750ed00000 rw-p 00000000 00:00 0 
6b750ed00000-6b750ed04000 ---p 00000000 00:00 0 
6b750ed04000-6b750ee00000 rw-p 00000000 00:00 0 
6b750ee00000-6b750ee04000 ---p 00000000 00:00 0 
6b750ee04000-6b750ef00000 rw-p 00000000 00:00 0 
6b750ef00000-6b750ef04000 ---p 00000000 00:00 0 
6b750ef04000-6b750f000000 rw-p 00000000 00:00 0 
6b750f000000-6b750fca3000 rw-p 00001000 fc:00 49677042                   /mydata/openjdk-mmtk/build/b0test/images/jdk/lib/server/classes.jsa
6b750fca3000-6b7510000000 ---p 00000000 00:00 0 
6b7510000000-6b7510040000 rw-p 00000000 00:00 0 
6b7510040000-6b7510110000 rw-p 00000000 00:00 0 
6b7510110000-6b7550000000 ---p 00000000 00:00 0 
6b7550000000-6b7550021000 rw-p 00000000 00:00 0 
6b7550021000-6b7554004000 ---p 00000000 00:00 0 
6b7554004000-6b7554100000 rw-p 00000000 00:00 0 
6b7554100000-6b7554104000 ---p 00000000 00:00 0 
6b7554104000-6b7554200000 rw-p 00000000 00:00 0 
6b7554200000-6b7554204000 ---p 00000000 00:00 0 
6b7554204000-6b7554300000 rw-p 00000000 00:00 0 
6b7554300000-6b7554304000 ---p 00000000 00:00 0 
6b7554304000-6b7554400000 rw-p 00000000 00:00 0 
6b7554400000-6b7554404000 ---p 00000000 00:00 0 
6b7554404000-6b7554500000 rw-p 00000000 00:00 0 
6b7554500000-6b7554504000 ---p 00000000 00:00 0 
6b7554504000-6b7554600000 rw-p 00000000 00:00 0 
6b7554600000-6b7554604000 ---p 00000000 00:00 0 
6b7554604000-6b7554700000 rw-p 00000000 00:00 0 
6b7554700000-6b7554704000 ---p 00000000 00:00 0 
6b7554704000-6b7554800000 rw-p 00000000 00:00 0 
6b7554800000-6b7554804000 ---p 00000000 00:00 0 
6b7554804000-6b7554900000 rw-p 00000000 00:00 0 
6b7554900000-6b7554904000 ---p 00000000 00:00 0 
6b7554904000-6b7554a00000 rw-p 00000000 00:00 0 
6b7554a00000-6b7554a04000 ---p 00000000 00:00 0 
6b7554a04000-6b7554b00000 rw-p 00000000 00:00 0 
6b7554b00000-6b7554b04000 ---p 00000000 00:00 0 
6b7554b04000-6b7554c00000 rw-p 00000000 00:00 0 
6b7554c00000-6b7554c04000 ---p 00000000 00:00 0 
6b7554c04000-6b7554d00000 rw-p 00000000 00:00 0 
6b7554d00000-6b7554d04000 ---p 00000000 00:00 0 
6b7554d04000-6b7554e00000 rw-p 00000000 00:00 0 
6b7554e00000-6b7554e04000 ---p 00000000 00:00 0 
6b7554e04000-6b7554f00000 rw-p 00000000 00:00 0 
6b7554f00000-6b7554f04000 ---p 00000000 00:00 0 
6b7554f04000-6b7555000000 rw-p 00000000 00:00 0 
6b7555000000-6b7555004000 ---p 00000000 00:00 0 
6b7555004000-6b7555100000 rw-p 00000000 00:00 0 
6b7555100000-6b7555104000 ---p 00000000 00:00 0 
6b7555104000-6b7555200000 rw-p 00000000 00:00 0 
6b7555200000-6b7558200000 rw-p 00000000 00:00 0 
6b75582fc000-6b7558300000 ---p 00000000 00:00 0 
6b7558300000-6b75583fc000 rw-p 00000000 00:00 0 
6b75583fc000-6b7588400000 rw-p 00000000 00:00 0 
6b7588400000-6b7589400000 ---p 00000000 00:00 0                          [anon:mmtk:sidemeta:all:all-quarantined]
6b7589400000-6b7589c00000 rw-p 00000000 00:00 0                          [anon:mmtk:sidemeta:immix:VO_BIT]
6b7589c00000-6d758a400000 ---p 00000000 00:00 0                          [anon:mmtk:sidemeta:all:all-quarantined]
6d758a400000-6d758a800000 rw-p 00000000 00:00 0                          [anon:mmtk:sidemeta:immix:CHUNK_MARK]
6d758a800000-6d758d400000 ---p 00000000 00:00 0                          [anon:mmtk:sidemeta:all:all-quarantined]
6d758d400000-6d758dc00000 rw-p 00000000 00:00 0                          [anon:mmtk:sidemeta:immix:VMGlobalLogBitSpec]
6d758dc00000-6f7d8c800000 ---p 00000000 00:00 0                          [anon:mmtk:sidemeta:all:all-quarantined]
6f7d8c800000-6f7d8cc00000 rw-p 00000000 00:00 0                          [anon:mmtk:sidemeta:immix:IX_LINE_MARK]
6f7d8cc00000-6ffd8c400000 ---p 00000000 00:00 0                          [anon:mmtk:sidemeta:all:all-quarantined]
6ffd8c400000-6ffd8c800000 rw-p 00000000 00:00 0                          [anon:mmtk:sidemeta:immix:IX_BLOCK_DEFRAG]
6ffd8c800000-6ffe8c400000 ---p 00000000 00:00 0                          [anon:mmtk:sidemeta:all:all-quarantined]
6ffe8c400000-6ffe8c800000 rw-p 00000000 00:00 0                          [anon:mmtk:sidemeta:immix:IX_BLOCK_MARK]
6ffe8c800000-76200c400000 ---p 00000000 00:00 0                          [anon:mmtk:sidemeta:all:all-quarantined]
76200c400000-76200c800000 rw-p 00000000 00:00 0                          [anon:mmtk:sidemeta:los:VMLocalLOSMarkNurserySpec]
76200c800000-76220d400000 ---p 00000000 00:00 0                          [anon:mmtk:sidemeta:all:all-quarantined]
76220d400000-76220dc00000 rw-p 00000000 00:00 0                          [anon:mmtk:sidemeta:immix:VMLocalMarkBitSpec]
76220dc00000-78220c400000 ---p 00000000 00:00 0                          [anon:mmtk:sidemeta:all:all-quarantined]
78220c4ff000-78220c503000 ---p 00000000 00:00 0 
78220c503000-78220c5ff000 rw-p 00000000 00:00 0 
78220c5ff000-78220c603000 ---p 00000000 00:00 0 
78220c603000-78220c6ff000 rw-p 00000000 00:00 0 
78220c6ff000-78220c703000 ---p 00000000 00:00 0 
78220c703000-78220c7ff000 rw-p 00000000 00:00 0 
78220c7ff000-78222c800000 rw-p 00000000 00:00 0 
78222c800000-78222ce20000 rwxp 00000000 00:00 0 
78222ce20000-782233c17000 ---p 00000000 00:00 0 
782233c17000-782233fb7000 rwxp 00000000 00:00 0 
782233fb7000-7822343e8000 ---p 00000000 00:00 0 
7822343e8000-782234658000 rwxp 00000000 00:00 0 
782234658000-78223b800000 ---p 00000000 00:00 0 
78223b800000-782243fa0000 r--s 00000000 fc:00 49676297                   /mydata/openjdk-mmtk/build/b0test/images/jdk/lib/modules
782244000000-7822447ed000 rw-p 00000000 00:00 0 
7822447ed000-782248000000 ---p 00000000 00:00 0 
782248018000-78224801c000 ---p 00000000 00:00 0 
78224801c000-782248118000 rw-p 00000000 00:00 0 
782248118000-78224811c000 ---p 00000000 00:00 0 
78224811c000-782248218000 rw-p 00000000 00:00 0 
782248218000-78224821d000 r--p 00000000 fc:00 49676417                   /mydata/openjdk-mmtk/build/b0test/images/jdk/lib/libjsvml.so
78224821d000-78224825e000 r-xp 00005000 fc:00 49676417                   /mydata/openjdk-mmtk/build/b0test/images/jdk/lib/libjsvml.so
78224825e000-7822482e7000 r--p 00046000 fc:00 49676417                   /mydata/openjdk-mmtk/build/b0test/images/jdk/lib/libjsvml.so
7822482e7000-7822482e8000 r--p 000ce000 fc:00 49676417                   /mydata/openjdk-mmtk/build/b0test/images/jdk/lib/libjsvml.so
7822482e8000-7822482e9000 rw-p 000cf000 fc:00 49676417                   /mydata/openjdk-mmtk/build/b0test/images/jdk/lib/libjsvml.so
7822482e9000-7822482ed000 ---p 00000000 00:00 0 
7822482ed000-7822483e9000 rw-p 00000000 00:00 0 
7822483e9000-7822483ed000 ---p 00000000 00:00 0 
7822483ed000-7822484e9000 rw-p 00000000 00:00 0 
7822484e9000-7822484ed000 ---p 00000000 00:00 0 
7822484ed000-7822485e9000 rw-p 00000000 00:00 0 
7822485e9000-7822485ed000 ---p 00000000 00:00 0 
7822485ed000-7822486e9000 rw-p 00000000 00:00 0 
7822486e9000-7822486ed000 ---p 00000000 00:00 0 
7822486ed000-7822487e9000 rw-p 00000000 00:00 0 
7822487e9000-7822487ea000 ---p 00000000 00:00 0 
7822487ea000-7822488ea000 rw-p 00000000 00:00 0 
7822488ea000-7822488eb000 ---p 00000000 00:00 0 
7822488eb000-7822489eb000 rw-p 00000000 00:00 0 
7822489eb000-7822489ec000 ---p 00000000 00:00 0 
7822489ec000-782248aec000 rw-p 00000000 00:00 0 
782248aec000-782248aed000 ---p 00000000 00:00 0 
782248aed000-782248bed000 rw-p 00000000 00:00 0 
782248bed000-782248bee000 ---p 00000000 00:00 0 
782248bee000-782248cee000 rw-p 00000000 00:00 0 
782248cee000-782248cef000 ---p 00000000 00:00 0 
782248cef000-782248def000 rw-p 00000000 00:00 0 
782248def000-782248df0000 ---p 00000000 00:00 0 
782248df0000-782248ef0000 rw-p 00000000 00:00 0 
782248ef0000-782248ef1000 ---p 00000000 00:00 0 
782248ef1000-782248ff1000 rw-p 00000000 00:00 0 
782248ff1000-782248ff2000 ---p 00000000 00:00 0 
782248ff2000-7822490f2000 rw-p 00000000 00:00 0 
7822490f2000-7822490f3000 ---p 00000000 00:00 0 
7822490f3000-7822491f3000 rw-p 00000000 00:00 0 
7822491f3000-7822491f4000 ---p 00000000 00:00 0 
7822491f4000-7822492f4000 rw-p 00000000 00:00 0 
7822492f4000-7822492f5000 ---p 00000000 00:00 0 
7822492f5000-7822493f5000 rw-p 00000000 00:00 0 
7822493f5000-7822493f6000 ---p 00000000 00:00 0 
7822493f6000-7822494f6000 rw-p 00000000 00:00 0 
7822494f6000-7822494f7000 ---p 00000000 00:00 0 
7822494f7000-7822495f7000 rw-p 00000000 00:00 0 
7822495f7000-7822495f8000 ---p 00000000 00:00 0 
7822495f8000-7822496f8000 rw-p 00000000 00:00 0 
7822496f8000-7822496f9000 ---p 00000000 00:00 0 
7822496f9000-7822497f9000 rw-p 00000000 00:00 0 
7822497f9000-7822497fa000 ---p 00000000 00:00 0 
7822497fa000-7822498fa000 rw-p 00000000 00:00 0 
7822498fa000-7822498fb000 ---p 00000000 00:00 0 
7822498fb000-7822499fb000 rw-p 00000000 00:00 0 
7822499fb000-7822499fc000 ---p 00000000 00:00 0 
7822499fc000-782249afc000 rw-p 00000000 00:00 0 
782249afc000-782249afd000 ---p 00000000 00:00 0 
782249afd000-782249bfd000 rw-p 00000000 00:00 0 
782249bfd000-782249bfe000 ---p 00000000 00:00 0 
782249bfe000-782249cfe000 rw-p 00000000 00:00 0 
782249cfe000-782249cff000 ---p 00000000 00:00 0 
782249cff000-782249dff000 rw-p 00000000 00:00 0 
782249dff000-782249e00000 ---p 00000000 00:00 0 
782249e00000-782249f00000 rw-p 00000000 00:00 0 
782249f00000-782249f04000 ---p 00000000 00:00 0 
782249f04000-78224a000000 rw-p 00000000 00:00 0 
78224a000000-78224a004000 ---p 00000000 00:00 0 
78224a004000-78224a100000 rw-p 00000000 00:00 0 
78224a100000-78224a104000 ---p 00000000 00:00 0 
78224a104000-78224a200000 rw-p 00000000 00:00 0 
78224a200000-78224a4eb000 r--p 00000000 08:03 1410552                    /usr/lib/locale/locale-archive
78224a4fc000-78224a4fd000 ---p 00000000 00:00 0 
78224a4fd000-78224a5fd000 rw-p 00000000 00:00 0 
78224a5fd000-78224a5fe000 ---p 00000000 00:00 0 
78224a5fe000-78224a6fe000 rw-p 00000000 00:00 0 
78224a6fe000-78224a6ff000 ---p 00000000 00:00 0 
78224a6ff000-78224a7ff000 rw-p 00000000 00:00 0 
78224a7ff000-78224ae00000 rw-p 00000000 00:00 0 
78224ae00000-78224ae0c000 r--p 00000000 fc:00 13107796                   /mydata/gc-bpf-fault/shim/libgcbpf.so
78224ae0c000-78224ae6e000 r-xp 0000c000 fc:00 13107796                   /mydata/gc-bpf-fault/shim/libgcbpf.so
78224ae6e000-78224b0de000 r--p 0006e000 fc:00 13107796                   /mydata/gc-bpf-fault/shim/libgcbpf.so
78224b0de000-78224b0e0000 r--p 002de000 fc:00 13107796                   /mydata/gc-bpf-fault/shim/libgcbpf.so
78224b0e0000-78224b0e1000 rw-p 002e0000 fc:00 13107796                   /mydata/gc-bpf-fault/shim/libgcbpf.so
78224b0e1000-78224b0e2000 rw-p 00000000 00:00 0 
78224b174000-78224b178000 r--p 00000000 08:03 1410107                    /usr/lib/x86_64-linux-gnu/libzstd.so.1.5.5
78224b178000-78224b21f000 r-xp 00004000 08:03 1410107                    /usr/lib/x86_64-linux-gnu/libzstd.so.1.5.5
78224b21f000-78224b22c000 r--p 000ab000 08:03 1410107                    /usr/lib/x86_64-linux-gnu/libzstd.so.1.5.5
78224b22c000-78224b22d000 r--p 000b7000 08:03 1410107                    /usr/lib/x86_64-linux-gnu/libzstd.so.1.5.5
78224b22d000-78224b22e000 rw-p 000b8000 08:03 1410107                    /usr/lib/x86_64-linux-gnu/libzstd.so.1.5.5
78224b22e000-78224b233000 rw-p 00000000 00:00 0 
78224b233000-78224b317000 ---p 00000000 00:00 0 
78224b317000-78224b324000 rw-p 00000000 00:00 0 
78224b324000-78224b400000 ---p 00000000 00:00 0 
78224b400000-78224b548000 r--p 00000000 fc:00 49676374                   /mydata/openjdk-mmtk/build/b0test/images/jdk/lib/server/libmmtk_openjdk.so
78224b548000-78224b7c7000 r-xp 00147000 fc:00 49676374                   /mydata/openjdk-mmtk/build/b0test/images/jdk/lib/server/libmmtk_openjdk.so
78224b7c7000-78224b808000 r--p 003c5000 fc:00 49676374                   /mydata/openjdk-mmtk/build/b0test/images/jdk/lib/server/libmmtk_openjdk.so
78224b808000-78224b80a000 rw-p 00405000 fc:00 49676374                   /mydata/openjdk-mmtk/build/b0test/images/jdk/lib/server/libmmtk_openjdk.so
78224b80a000-78224b80d000 rw-p 00000000 00:00 0 
78224b885000-78224b88c000 r--s 00000000 08:03 1436340                    /usr/lib/x86_64-linux-gnu/gconv/gconv-modules.cache
78224b88c000-78224b890000 r--p 00000000 fc:00 49676364                   /mydata/openjdk-mmtk/build/b0test/images/jdk/lib/libverify.so
78224b890000-78224b897000 r-xp 00004000 fc:00 49676364                   /mydata/openjdk-mmtk/build/b0test/images/jdk/lib/libverify.so
78224b897000-78224b899000 r--p 0000b000 fc:00 49676364                   /mydata/openjdk-mmtk/build/b0test/images/jdk/lib/libverify.so
78224b899000-78224b89b000 r--p 0000c000 fc:00 49676364                   /mydata/openjdk-mmtk/build/b0test/images/jdk/lib/libverify.so
78224b89b000-78224b89c000 rw-p 0000e000 fc:00 49676364                   /mydata/openjdk-mmtk/build/b0test/images/jdk/lib/libverify.so
78224b89c000-78224b89e000 r--p 00000000 fc:00 49676365                   /mydata/openjdk-mmtk/build/b0test/images/jdk/lib/libzip.so
78224b89e000-78224b8a3000 r-xp 00002000 fc:00 49676365                   /mydata/openjdk-mmtk/build/b0test/images/jdk/lib/libzip.so
78224b8a3000-78224b8a5000 r--p 00007000 fc:00 49676365                   /mydata/openjdk-mmtk/build/b0test/images/jdk/lib/libzip.so
78224b8a5000-78224b8a6000 r--p 00008000 fc:00 49676365                   /mydata/openjdk-mmtk/build/b0test/images/jdk/lib/libzip.so
78224b8a6000-78224b8a7000 rw-p 00009000 fc:00 49676365                   /mydata/openjdk-mmtk/build/b0test/images/jdk/lib/libzip.so
78224b8a7000-78224b8ae000 r--p 00000000 fc:00 49676362                   /mydata/openjdk-mmtk/build/b0test/images/jdk/lib/libnio.so
78224b8ae000-78224b8b7000 r-xp 00007000 fc:00 49676362                   /mydata/openjdk-mmtk/build/b0test/images/jdk/lib/libnio.so
78224b8b7000-78224b8bb000 r--p 00010000 fc:00 49676362                   /mydata/openjdk-mmtk/build/b0test/images/jdk/lib/libnio.so
78224b8bb000-78224b8bc000 r--p 00014000 fc:00 49676362                   /mydata/openjdk-mmtk/build/b0test/images/jdk/lib/libnio.so
78224b8bc000-78224b8bd000 rw-p 00015000 fc:00 49676362                   /mydata/openjdk-mmtk/build/b0test/images/jdk/lib/libnio.so
78224b8bd000-78224b8c0000 r--p 00000000 08:03 1410420                    /usr/lib/x86_64-linux-gnu/libelf-0.190.so
78224b8c0000-78224b8d6000 r-xp 00003000 08:03 1410420                    /usr/lib/x86_64-linux-gnu/libelf-0.190.so
78224b8d6000-78224b8da000 r--p 00019000 08:03 1410420                    /usr/lib/x86_64-linux-gnu/libelf-0.190.so
78224b8da000-78224b8db000 r--p 0001c000 08:03 1410420                    /usr/lib/x86_64-linux-gnu/libelf-0.190.so
78224b8db000-78224b8dc000 rw-p 0001d000 08:03 1410420                    /usr/lib/x86_64-linux-gnu/libelf-0.190.so
78224b8dc000-78224b8e9000 r--p 00000000 fc:00 49676354                   /mydata/openjdk-mmtk/build/b0test/images/jdk/lib/libjava.so
78224b8e9000-78224b8f8000 r-xp 0000d000 fc:00 49676354                   /mydata/openjdk-mmtk/build/b0test/images/jdk/lib/libjava.so
78224b8f8000-78224b8fd000 r--p 0001c000 fc:00 49676354                   /mydata/openjdk-mmtk/build/b0test/images/jdk/lib/libjava.so
78224b8fd000-78224b8fe000 r--p 00021000 fc:00 49676354                   /mydata/openjdk-mmtk/build/b0test/images/jdk/lib/libjava.so
78224b8fe000-78224b8ff000 rw-p 00022000 fc:00 49676354                   /mydata/openjdk-mmtk/build/b0test/images/jdk/lib/libjava.so
78224b8ff000-78224b900000 rw-p 00000000 00:00 0 
78224b900000-78224b904000 ---p 00000000 00:00 0 
78224b904000-78224ba00000 rw-p 00000000 00:00 0 
78224ba00000-78224bca9000 r--p 00000000 fc:00 49676373                   /mydata/openjdk-mmtk/build/b0test/images/jdk/lib/server/libjvm.so
78224bca9000-78224cb3c000 r-xp 002a9000 fc:00 49676373                   /mydata/openjdk-mmtk/build/b0test/images/jdk/lib/server/libjvm.so
78224cb3c000-78224ce20000 r--p 0113c000 fc:00 49676373                   /mydata/openjdk-mmtk/build/b0test/images/jdk/lib/server/libjvm.so
78224ce20000-78224cef6000 r--p 0141f000 fc:00 49676373                   /mydata/openjdk-mmtk/build/b0test/images/jdk/lib/server/libjvm.so
78224cef6000-78224cf26000 rw-p 014f5000 fc:00 49676373                   /mydata/openjdk-mmtk/build/b0test/images/jdk/lib/server/libjvm.so
78224cf26000-78224cf8c000 rw-p 00000000 00:00 0 
78224cf90000-78224cf93000 r--p 00000000 fc:00 49676361                   /mydata/openjdk-mmtk/build/b0test/images/jdk/lib/libnet.so
78224cf93000-78224cf9b000 r-xp 00003000 fc:00 49676361                   /mydata/openjdk-mmtk/build/b0test/images/jdk/lib/libnet.so
78224cf9b000-78224cf9d000 r--p 0000b000 fc:00 49676361                   /mydata/openjdk-mmtk/build/b0test/images/jdk/lib/libnet.so
78224cf9d000-78224cf9e000 r--p 0000c000 fc:00 49676361                   /mydata/openjdk-mmtk/build/b0test/images/jdk/lib/libnet.so
78224cf9e000-78224cf9f000 rw-p 0000d000 fc:00 49676361                   /mydata/openjdk-mmtk/build/b0test/images/jdk/lib/libnet.so
78224cf9f000-78224cfa7000 rw-p 00000000 00:00 0 
78224cfa7000-78224cfaf000 ---p 00000000 00:00 0 
78224cfaf000-78224cfb3000 r--p 00000000 fc:00 49676355                   /mydata/openjdk-mmtk/build/b0test/images/jdk/lib/libjimage.so
78224cfb3000-78224cfca000 r-xp 00004000 fc:00 49676355                   /mydata/openjdk-mmtk/build/b0test/images/jdk/lib/libjimage.so
78224cfca000-78224cfcf000 r--p 0001b000 fc:00 49676355                   /mydata/openjdk-mmtk/build/b0test/images/jdk/lib/libjimage.so
78224cfcf000-78224cfd1000 r--p 00020000 fc:00 49676355                   /mydata/openjdk-mmtk/build/b0test/images/jdk/lib/libjimage.so
78224cfd1000-78224cfd2000 rw-p 00022000 fc:00 49676355                   /mydata/openjdk-mmtk/build/b0test/images/jdk/lib/libjimage.so
78224cfd2000-78224cfd6000 r--p 00000000 08:03 1410148                    /usr/lib/x86_64-linux-gnu/libgcc_s.so.1
78224cfd6000-78224cffa000 r-xp 00004000 08:03 1410148                    /usr/lib/x86_64-linux-gnu/libgcc_s.so.1
78224cffa000-78224cffe000 r--p 00028000 08:03 1410148                    /usr/lib/x86_64-linux-gnu/libgcc_s.so.1
78224cffe000-78224cfff000 r--p 0002b000 08:03 1410148                    /usr/lib/x86_64-linux-gnu/libgcc_s.so.1
78224cfff000-78224d000000 rw-p 0002c000 08:03 1410148                    /usr/lib/x86_64-linux-gnu/libgcc_s.so.1
78224d000000-78224d028000 r--p 00000000 08:03 1410238                    /usr/lib/x86_64-linux-gnu/libc.so.6
78224d028000-78224d1b0000 r-xp 00028000 08:03 1410238                    /usr/lib/x86_64-linux-gnu/libc.so.6
78224d1b0000-78224d1ff000 r--p 001b0000 08:03 1410238                    /usr/lib/x86_64-linux-gnu/libc.so.6
78224d1ff000-78224d203000 r--p 001fe000 08:03 1410238                    /usr/lib/x86_64-linux-gnu/libc.so.6
78224d203000-78224d205000 rw-p 00202000 08:03 1410238                    /usr/lib/x86_64-linux-gnu/libc.so.6
78224d205000-78224d212000 rw-p 00000000 00:00 0 
78224d213000-78224d21b000 rw-s 00000000 08:03 237599                     /tmp/hsperfdata_root/368793
78224d21b000-78224d22b000 r--p 00000000 08:03 1411099                    /usr/lib/x86_64-linux-gnu/libm.so.6
78224d22b000-78224d2aa000 r-xp 00010000 08:03 1411099                    /usr/lib/x86_64-linux-gnu/libm.so.6
78224d2aa000-78224d302000 r--p 0008f000 08:03 1411099                    /usr/lib/x86_64-linux-gnu/libm.so.6
78224d302000-78224d303000 r--p 000e7000 08:03 1411099                    /usr/lib/x86_64-linux-gnu/libm.so.6
78224d303000-78224d304000 rw-p 000e8000 08:03 1411099                    /usr/lib/x86_64-linux-gnu/libm.so.6
78224d304000-78224d306000 rw-p 00000000 00:00 0 
78224d306000-78224d308000 r--p 00000000 08:03 1409104                    /usr/lib/x86_64-linux-gnu/libz.so.1.3
78224d308000-78224d31a000 r-xp 00002000 08:03 1409104                    /usr/lib/x86_64-linux-gnu/libz.so.1.3
78224d31a000-78224d320000 r--p 00014000 08:03 1409104                    /usr/lib/x86_64-linux-gnu/libz.so.1.3
78224d320000-78224d321000 r--p 0001a000 08:03 1409104                    /usr/lib/x86_64-linux-gnu/libz.so.1.3
78224d321000-78224d322000 rw-p 0001b000 08:03 1409104                    /usr/lib/x86_64-linux-gnu/libz.so.1.3
78224d327000-78224d328000 rw-s 00000000 00:10 68                         anon_inode:bpf-map
78224d328000-78224d329000 r--s 00000000 00:10 68                         anon_inode:bpf-map
78224d329000-78224d32a000 ---p 00000000 00:00 0 
78224d32a000-78224d32b000 r--p 00000000 00:00 0 
78224d32b000-78224d32c000 ---p 00000000 00:00 0 
78224d32c000-78224d32e000 r--p 00000000 fc:00 49676357                   /mydata/openjdk-mmtk/build/b0test/images/jdk/lib/libjli.so
78224d32e000-78224d338000 r-xp 00002000 fc:00 49676357                   /mydata/openjdk-mmtk/build/b0test/images/jdk/lib/libjli.so
78224d338000-78224d33b000 r--p 0000c000 fc:00 49676357                   /mydata/openjdk-mmtk/build/b0test/images/jdk/lib/libjli.so
78224d33b000-78224d33c000 r--p 0000f000 fc:00 49676357                   /mydata/openjdk-mmtk/build/b0test/images/jdk/lib/libjli.so
78224d33c000-78224d33d000 rw-p 00010000 fc:00 49676357                   /mydata/openjdk-mmtk/build/b0test/images/jdk/lib/libjli.so
78224d33d000-78224d33f000 rw-p 00000000 00:00 0 
78224d33f000-78224d343000 r--p 00000000 00:00 0                          [vvar]
78224d343000-78224d345000 r--p 00000000 00:00 0                          [vvar_vclock]
78224d345000-78224d347000 r-xp 00000000 00:00 0                          [vdso]
78224d347000-78224d348000 r--p 00000000 08:03 1409763                    /usr/lib/x86_64-linux-gnu/ld-linux-x86-64.so.2
78224d348000-78224d373000 r-xp 00001000 08:03 1409763                    /usr/lib/x86_64-linux-gnu/ld-linux-x86-64.so.2
78224d373000-78224d37d000 r--p 0002c000 08:03 1409763                    /usr/lib/x86_64-linux-gnu/ld-linux-x86-64.so.2
78224d37d000-78224d37f000 r--p 00036000 08:03 1409763                    /usr/lib/x86_64-linux-gnu/ld-linux-x86-64.so.2
78224d37f000-78224d381000 rw-p 00038000 08:03 1409763                    /usr/lib/x86_64-linux-gnu/ld-linux-x86-64.so.2
7ffe926d4000-7ffe926f5000 rw-p 00000000 00:00 0                          [stack]
ffffffffff600000-ffffffffff601000 --xp 00000000 00:00 0                  [vsyscall]
Total number of mappings: 537

JVMTI agents: none


VM Arguments:
jvm_args: -XX:+UseThirdPartyHeap -Xms512m -Xmx512m 
java_command: /mydata/dacapo/dacapo-23.11/dacapo-23.11-MR2-chopin.jar xalan -n 3
java_class_path (initial): /mydata/dacapo/dacapo-23.11/dacapo-23.11-MR2-chopin.jar
Launcher Type: SUN_STANDARD

[Global flags]
     intx CICompilerCount                          = 15                                        {product} {ergonomic}
   size_t InitialHeapSize                          = 536870912                                 {product} {command line}
   size_t MaxHeapSize                              = 536870912                                 {product} {command line}
   size_t MinHeapDeltaBytes                        = 524288                                    {product} {ergonomic}
   size_t MinHeapSize                              = 536870912                                 {product} {command line}
    uintx NonNMethodCodeHeapSize                   = 8192380                                {pd product} {ergonomic}
    uintx NonProfiledCodeHeapSize                  = 121732930                              {pd product} {ergonomic}
    uintx ProfiledCodeHeapSize                     = 121732930                              {pd product} {ergonomic}
    uintx ReservedCodeCacheSize                    = 251658240                              {pd product} {ergonomic}
     bool SegmentedCodeCache                       = true                                      {product} {ergonomic}
   size_t SoftMaxHeapSize                          = 536870912                              {manageable} {ergonomic}
     bool UseCompressedOops                        = true                           {product lp64_product} {ergonomic}

Logging:
Log output configuration:
 #0: stdout all=warning uptime,level,tags foldmultilines=false
 #1: stderr all=off uptime,level,tags foldmultilines=false

Release file:
IMPLEMENTOR="N/A"
JAVA_RUNTIME_VERSION="21.0.9-internal-adhoc.talzuss.openjdk-mmtk"
JAVA_VERSION="21.0.9"
JAVA_VERSION_DATE="2025-10-21"
LIBC="gnu"
MODULES="java.base java.compiler java.datatransfer java.xml java.prefs java.desktop java.instrument java.logging java.management java.security.sasl java.naming java.rmi java.management.rmi java.net.http java.scripting java.security.jgss java.transaction.xa java.sql java.sql.rowset java.xml.crypto java.se java.smartcardio jdk.accessibility jdk.internal.jvmstat jdk.attach jdk.charsets jdk.internal.opt jdk.zipfs jdk.compiler jdk.crypto.ec jdk.crypto.cryptoki jdk.dynalink jdk.internal.ed jdk.editpad jdk.hotspot.agent jdk.httpserver jdk.incubator.vector jdk.internal.le jdk.internal.vm.ci jdk.internal.vm.compiler jdk.internal.vm.compiler.management jdk.jartool jdk.javadoc jdk.jcmd jdk.management jdk.management.agent jdk.jconsole jdk.jdeps jdk.jdwp.agent jdk.jdi jdk.jfr jdk.jlink jdk.jpackage jdk.jshell jdk.jsobject jdk.jstatd jdk.localedata jdk.management.jfr jdk.naming.dns jdk.naming.rmi jdk.net jdk.nio.mapmode jdk.random jdk.sctp jdk.security.auth jdk.security.jgss jdk.unsupported jdk.unsupported.desktop jdk.xml.dom"
OS_ARCH="x86_64"
OS_NAME="Linux"
SOURCE=".:git:b557520f04b3+"

Environment Variables:
PATH=/usr/local/sbin:/usr/local/bin:/usr/sbin:/usr/bin:/sbin:/bin:/snap/bin
SHELL=/bin/bash
LANG=en_US.UTF-8
TERM=tmux-256color

Active Locale:
LC_ALL=en_US.UTF-8
LC_COLLATE=en_US.UTF-8
LC_CTYPE=en_US.UTF-8
LC_MESSAGES=en_US.UTF-8
LC_MONETARY=en_US.UTF-8
LC_NUMERIC=en_US.UTF-8
LC_TIME=en_US.UTF-8

Signal Handlers:
   SIGSEGV: crash_handler in libjvm.so, mask=11100100010111111101111111111110, flags=SA_RESTART|SA_SIGINFO, unblocked
    SIGBUS: crash_handler in libjvm.so, mask=11100100010111111101111111111110, flags=SA_RESTART|SA_SIGINFO, unblocked
    SIGFPE: crash_handler in libjvm.so, mask=11100100010111111101111111111110, flags=SA_RESTART|SA_SIGINFO, unblocked
   SIGPIPE: javaSignalHandler in libjvm.so, mask=11100100010111111101111111111110, flags=SA_RESTART|SA_SIGINFO, blocked
   SIGXFSZ: javaSignalHandler in libjvm.so, mask=11100100010111111101111111111110, flags=SA_RESTART|SA_SIGINFO, blocked
    SIGILL: crash_handler in libjvm.so, mask=11100100010111111101111111111110, flags=SA_RESTART|SA_SIGINFO, unblocked
   SIGUSR2: SR_handler in libjvm.so, mask=00000000000000000000000000000000, flags=SA_RESTART|SA_SIGINFO, blocked
    SIGHUP: UserHandler in libjvm.so, mask=11100100010111111101111111111110, flags=SA_RESTART|SA_SIGINFO, blocked
    SIGINT: UserHandler in libjvm.so, mask=11100100010111111101111111111110, flags=SA_RESTART|SA_SIGINFO, blocked
   SIGTERM: UserHandler in libjvm.so, mask=11100100010111111101111111111110, flags=SA_RESTART|SA_SIGINFO, blocked
   SIGQUIT: UserHandler in libjvm.so, mask=11100100010111111101111111111110, flags=SA_RESTART|SA_SIGINFO, blocked
   SIGTRAP: crash_handler in libjvm.so, mask=11100100010111111101111111111110, flags=SA_RESTART|SA_SIGINFO, unblocked


Periodic native trim disabled

---------------  S Y S T E M  ---------------

OS:
DISTRIB_ID=Ubuntu
DISTRIB_RELEASE=24.04
DISTRIB_CODENAME=noble
DISTRIB_DESCRIPTION="Ubuntu 24.04.4 LTS"
uname: Linux 6.17.0-bpf-fault+ #1 SMP PREEMPT_DYNAMIC Mon Jul  6 16:43:12 MDT 2026 x86_64
OS uptime: 0 days 23:47 hours
libc: glibc 2.39 NPTL 2.39 
rlimit (soft/hard): STACK 8192k/infinity , CORE 0k/0k , NPROC 513205/513205 , NOFILE 1048576/1048576 , AS infinity/infinity , CPU infinity/infinity , DATA infinity/infinity , FSIZE infinity/infinity , MEMLOCK 16436528k/16436528k
load average: 0.47 1.14 1.34

/proc/meminfo:
MemTotal:       131492232 kB
MemFree:        73368196 kB
MemAvailable:   116028288 kB
Buffers:          534884 kB
Cached:         41508616 kB
SwapCached:            0 kB
Active:          3667500 kB
Inactive:       41222752 kB
Active(anon):    2863228 kB
Inactive(anon):        0 kB
Active(file):     804272 kB
Inactive(file): 41222752 kB
Unevictable:       41912 kB
Mlocked:           38840 kB
SwapTotal:       8388604 kB
SwapFree:        8388604 kB
Zswap:                 0 kB
Zswapped:              0 kB
Dirty:              5176 kB
Writeback:             0 kB
AnonPages:       2890992 kB
Mapped:          9733964 kB
Shmem:              5316 kB
KReclaimable:    1884752 kB
Slab:            2410944 kB
SReclaimable:    1884752 kB
SUnreclaim:       526192 kB
KernelStack:       12096 kB
PageTables:        57692 kB
SecPageTables:      8956 kB
NFS_Unstable:          0 kB
Bounce:                0 kB
WritebackTmp:          0 kB
CommitLimit:    74134720 kB
Committed_AS:   163381844 kB
VmallocTotal:   34359738367 kB
VmallocUsed:       38020 kB
VmallocChunk:          0 kB
Percpu:            51072 kB
HardwareCorrupted:     0 kB
AnonHugePages:         0 kB
ShmemHugePages:        0 kB
ShmemPmdMapped:        0 kB
FileHugePages:   2168832 kB
FilePmdMapped:         0 kB
Unaccepted:            0 kB
Balloon:               0 kB
HugePages_Total:       0
HugePages_Free:        0
HugePages_Rsvd:        0
HugePages_Surp:        0
Hugepagesize:       2048 kB
Hugetlb:               0 kB
DirectMap4k:      801600 kB
DirectMap2M:    24999936 kB
DirectMap1G:    108003328 kB

/sys/kernel/mm/transparent_hugepage/enabled: always [madvise] never
/sys/kernel/mm/transparent_hugepage/hpage_pmd_size: 2097152
/sys/kernel/mm/transparent_hugepage/defrag (defrag/compaction efforts parameter): always defer defer+madvise [madvise] never

Process Memory:
Virtual Size: 13620280348K (peak: 13620280576K)
Resident Set Size: 4175288K (peak: 4175288K) (anon: 1002240K, file: 3173048K, shmem: 0K)
Swapped out: 0K
C-Heap outstanding allocations: 1408212K, retained: 33783K
glibc malloc tunables: (default)

/proc/sys/kernel/threads-max (system-wide limit on the number of threads): 1026411
/proc/sys/vm/max_map_count (maximum number of memory map areas a process may have): 1048576
/proc/sys/vm/swappiness (control to define how aggressively the kernel swaps out anonymous memory): 60
/proc/sys/kernel/pid_max (system-wide limit on number of process identifiers): 4194304

container information not found.
Steal ticks since vm start: 0
Steal ticks percentage since vm start:  0.000

CPU: total 32 (initial active 32) (32 cores per cpu, 2 threads per core) family 23 model 49 stepping 0 microcode 0x830107c, cx8, cmov, fxsr, ht, mmx, 3dnowpref, sse, sse2, sse3, ssse3, sse4a, sse4.1, sse4.2, popcnt, lzcnt, tsc, tscinvbit, avx, avx2, aes, clmul, bmi1, bmi2, adx, sha, fma, vzeroupper, clflush, clflushopt, rdtscp, rdpid, f16c
CPU Model and flags from /proc/cpuinfo:
model name	: AMD EPYC 7302P 16-Core Processor
flags		: fpu vme de pse tsc msr pae mce cx8 apic sep mtrr pge mca cmov pat pse36 clflush mmx fxsr sse sse2 ht syscall nx mmxext fxsr_opt pdpe1gb rdtscp lm constant_tsc rep_good nopl xtopology nonstop_tsc cpuid extd_apicid aperfmperf rapl pni pclmulqdq monitor ssse3 fma cx16 sse4_1 sse4_2 movbe popcnt aes xsave avx f16c rdrand lahf_lm cmp_legacy svm extapic cr8_legacy abm sse4a misalignsse 3dnowprefetch osvw ibs skinit wdt tce topoext perfctr_core perfctr_nb bpext perfctr_llc mwaitx cpb cat_l3 cdp_l3 hw_pstate ssbd mba ibrs ibpb stibp vmmcall fsgsbase bmi1 avx2 smep bmi2 cqm rdt_a rdseed adx smap clflushopt clwb sha_ni xsaveopt xsavec xgetbv1 xsaves cqm_llc cqm_occup_llc cqm_mbm_total cqm_mbm_local clzero irperf xsaveerptr rdpru wbnoinvd amd_ppin arat npt lbrv svm_lock nrip_save tsc_scale vmcb_clean flushbyasid decodeassists pausefilter pfthreshold avic v_vmsave_vmload vgif v_spec_ctrl umip rdpid overflow_recov succor smca sev sev_es

Online cpus: 0-31
Offline cpus: 
BIOS frequency limitation: <Not Available>
Frequency switch latency (ns): <Not Available>
Available cpu frequencies: <Not Available>
Current governor: <Not Available>
Core performance/turbo boost: <Not Available>

Memory: 4k page, physical 131492232k(116028288k free), swap 8388604k(8388604k free)
Page Sizes: 4k

vm_info: OpenJDK 64-Bit Server VM (21.0.9-internal-adhoc.talzuss.openjdk-mmtk) for linux-amd64 JRE (21.0.9-internal-adhoc.talzuss.openjdk-mmtk), built on 2026-07-06T23:13:08Z by "talzuss" with gcc 13.3.0
heap_info: MMTk OpenJDK 0.32.0 (a3bb9ef-dirty), using MMTk 0.32.0 (ceb6a76-dirty, BUILTIN_ENV_LOGGER, DEFAULT, EAGER_SWEEPING, VO_BIT)n

END.
