#
# A fatal error has been detected by the Java Runtime Environment:
#
#  SIGSEGV (0xb) at pc=0x00007658ad588e70, pid=280061, tid=280076
#
# JRE version: OpenJDK Runtime Environment (21.0.9) (build 21.0.9-internal-adhoc.talzuss.openjdk-mmtk)
# Java VM: OpenJDK 64-Bit Server VM (21.0.9-internal-adhoc.talzuss.openjdk-mmtk, mixed mode, sharing, tiered, compressed oops, compressed class ptrs, third-party gc, linux-amd64)
# Problematic frame:
# C  [libc.so.6+0x188e70]
#
# Core dump will be written. Default location: Core dumps may be processed with "/usr/share/apport/apport -p%p -s%s -c%c -d%d -P%P -u%u -g%g -F%F -- %E" (or dumping to /mydata/mmtk-core/core.280061)
#
# If you would like to submit a bug report, please visit:
#   https://bugreport.java.com/bugreport/crash.jsp
#

---------------  S U M M A R Y ------------

Command Line: -XX:+UseThirdPartyHeap -Xms512m -Xmx512m /mydata/dacapo/dacapo-23.11/dacapo-23.11-MR2-chopin.jar xalan -n 3

Host: AMD EPYC 7302P 16-Core Processor, 32 cores, 125G, Ubuntu 24.04.4 LTS
Time: Tue Jul  7 12:06:44 2026 MDT elapsed time: 2.583507 seconds (0d 0h 0m 2s)

---------------  T H R E A D  ---------------

Current thread (0x00007658a4531240):  NamedThread "MMTk Collector Thread" [id=280076, stack(0x000069abb75fd000,0x000069abb76fd000) (1024K)]

Stack: [0x000069abb75fd000,0x000069abb76fd000],  sp=0x000069abb76fba48,  free space=1018k
Native frames: (J=compiled Java code, j=interpreted, Vv=VM code, C=native code)
C  [libc.so.6+0x188e70]

siginfo: si_signo: 11 (SIGSEGV), si_code: 2 (SEGV_ACCERR), si_addr: 0x000069abe9800000

Registers:
RAX=0x00007658a8200000, RBX=0x00007658a43df960, RCX=0x0000000000000001, RDX=0x0000000000001fc0
RSP=0x000069abb76fba48, RBP=0x0000000000000000, RSI=0x000069abe97fefc0, RDI=0x00007658a85fefc0
R8 =0xffffffffffffffc0, R9 =0x0000000000000001, R10=0x0000000000001600, R11=0x000000000c000000
R12=0x00007658a406ce80, R13=0x000069ab4c001dc0, R14=0x00007658a43dfbe0, R15=0x00007658a406ce80
RIP=0x00007658ad588e70, EFLAGS=0x0000000000010203, CSGSFS=0x002b000000000033, ERR=0x0000000000000004
  TRAPNO=0x000000000000000e

XMM[0]=0x0000000000000000 0x0000000000000000
XMM[1]=0x0000000000000000 0x0000000000000000
XMM[2]=0x0000000000000000 0x0000000000000000
XMM[3]=0x0000000000000000 0x0000000000000000
XMM[4]=0x0000000000000000 0x0000000000000000
XMM[5]=0x0000000000000000 0x0000000000000000
XMM[6]=0x0000000000000000 0x0000000000000000
XMM[7]=0x0000000000000000 0x0000000000000000
XMM[8]=0x0000000000000000 0x0000000000000000
XMM[9]=0x0000000000000000 0x0000000000000000
XMM[10]=0x3f3f3f3f3f3f3f3f 0x3f3f3f3f3f3f3f3f
XMM[11]=0x9999999999999999 0x9999999999999999
XMM[12]=0x2020202020202020 0x2020202020202020
XMM[13]=0x0000000000000000 0x0000000000000000
XMM[14]=0x0000000000000000 0x0000000000000000
XMM[15]=0x0000000000000000 0x0000000000000000
  MXCSR=0x00001fa2


Register to memory mapping:

RAX=
[error occurred during error reporting (printing register info), id 0xe0000000, Internal Error (/mydata/mmtk-openjdk/openjdk/share/mmtkHeap.cpp:444)]
RBX=
[error occurred during error reporting (printing register info, attempt 2), id 0xe0000000, Internal Error (/mydata/mmtk-openjdk/openjdk/share/mmtkHeap.cpp:444)]
RCX=
[error occurred during error reporting (printing register info, attempt 3), id 0xe0000000, Internal Error (/mydata/mmtk-openjdk/openjdk/share/mmtkHeap.cpp:444)]
Top of Stack: (sp=0x000069abb76fba48)
0x000069abb76fba48:   00007658aba8f8ef 0000000000000001
0x000069abb76fba58:   0000000000020000 000000000000115d
0x000069abb76fba68:   000000000000003f 00007658a4046210
0x000069abb76fba78:   00007658a406ce80 000069ab4c001dc0
0x000069abb76fba88:   00007658abc02880 000069ab48001250
0x000069abb76fba98:   00007658ab9d6a29 00007658a406e700
0x000069abb76fbaa8:   00007658a406e400 00007658a406e100
0x000069abb76fbab8:   00007658a406de00 00007658a406db00
0x000069abb76fbac8:   00007658a406d800 00007658a406d500
0x000069abb76fbad8:   00007658a4046210 00007658a406ce80
0x000069abb76fbae8:   000069ab4c001dc0 00007658abbc36d8
0x000069abb76fbaf8:   000069ab48001250 0000000000000000
0x000069abb76fbb08:   00007658abaa88dd 000069abffffffff
0x000069abb76fbb18:   000069abb76fbb60 00007658a452b950
0x000069abb76fbb28:   00007658a4046220 00007658a406d200
0x000069abb76fbb38:   00007658a452bab0 00007658a406cf00
0x000069abb76fbb48:   0000765800000000 000069abb76fbd60
0x000069abb76fbb58:   7a70d042a517e800 0000000000000000
0x000069abb76fbb68:   0000000000000000 0000000000000000
0x000069abb76fbb78:   00007658a43dfbe0 0000000000000001
0x000069abb76fbb88:   000069ab48001250 0000000000000001
0x000069abb76fbb98:   0003000300030001 00007658ab863f60
0x000069abb76fbba8:   0000000000000000 0000000000000000
0x000069abb76fbbb8:   000069ab48001190 0000000000000000
0x000069abb76fbbc8:   0000000000000000 0000000000000000
0x000069abb76fbbd8:   00007658a4044a90 00007658a4058320
0x000069abb76fbbe8:   0000000000000000 0000000000010100
0x000069abb76fbbf8:   000069abb76fbc00 000069abb76fbe00
0x000069abb76fbc08:   0000000000100000 0000000000000000
0x000069abb76fbc18:   00007658abd15530 000069abb76fbcf0
0x000069abb76fbc28:   00007658ad48fce1 000069abb76fbc58
0x000069abb76fbc38:   000069abb76fbc5d 000069abb76fbb80 

Instructions: (pc=0x00007658ad588e70)
0x00007658ad588d70:   4e 20 48 29 fe 48 83 c7 3f 49 8d 0c 10 48 83 e7
0x00007658ad588d80:   c0 48 01 fe 48 29 f9 f3 a4 c4 c1 7e 7f 00 c4 c1
0x00007658ad588d90:   7e 7f 48 20 c5 f8 77 c3 0f 1f 84 00 00 00 00 00
0x00007658ad588da0:   4c 8b 1d 89 14 08 00 4c 39 da 0f 82 21 fe ff ff
0x00007658ad588db0:   48 f7 d9 48 39 ca 0f 87 2f fe ff ff c5 fe 6f 4e
0x00007658ad588dc0:   20 c5 fe 7f 07 c5 fe 7f 4f 20 49 89 f8 49 83 e0
0x00007658ad588dd0:   3f 49 83 e8 40 4c 29 c6 4c 29 c7 4c 01 c2 f7 d1
0x00007658ad588de0:   49 89 d2 f7 c1 00 0f 00 00 0f 84 81 01 00 00 49
0x00007658ad588df0:   c1 e3 04 4c 39 da 0f 83 74 01 00 00 81 e2 ff 1f
0x00007658ad588e00:   00 00 49 c1 ea 0d 66 2e 0f 1f 84 00 00 00 00 00
0x00007658ad588e10:   b9 20 00 00 00 0f 18 8e 80 00 00 00 0f 18 8e c0
0x00007658ad588e20:   00 00 00 0f 18 8e 00 01 00 00 0f 18 8e 40 01 00
0x00007658ad588e30:   00 0f 18 8e 80 10 00 00 0f 18 8e c0 10 00 00 0f
0x00007658ad588e40:   18 8e 00 11 00 00 0f 18 8e 40 11 00 00 c5 fe 6f
0x00007658ad588e50:   06 c5 fe 6f 4e 20 c5 fe 6f 56 40 c5 fe 6f 5e 60
0x00007658ad588e60:   c5 fe 6f a6 00 10 00 00 c5 fe 6f ae 20 10 00 00
0x00007658ad588e70:   c5 fe 6f b6 40 10 00 00 c5 fe 6f be 60 10 00 00
0x00007658ad588e80:   48 83 ee 80 c5 fd e7 07 c5 fd e7 4f 20 c5 fd e7
0x00007658ad588e90:   57 40 c5 fd e7 5f 60 c5 fd e7 a7 00 10 00 00 c5
0x00007658ad588ea0:   fd e7 af 20 10 00 00 c5 fd e7 b7 40 10 00 00 c5
0x00007658ad588eb0:   fd e7 bf 60 10 00 00 48 83 ef 80 ff c9 0f 85 52
0x00007658ad588ec0:   ff ff ff 48 81 c7 00 10 00 00 48 81 c6 00 10 00
0x00007658ad588ed0:   00 49 ff ca 0f 85 36 ff ff ff 0f ae f8 81 fa 80
0x00007658ad588ee0:   00 00 00 76 55 0f 18 8e 80 00 00 00 0f 18 8e c0
0x00007658ad588ef0:   00 00 00 0f 18 8f 80 00 00 00 0f 18 8f c0 00 00
0x00007658ad588f00:   00 c5 fe 6f 06 c5 fe 6f 4e 20 c5 fe 6f 56 40 c5
0x00007658ad588f10:   fe 6f 5e 60 48 83 ee 80 83 c2 80 c5 fd 7f 07 c5
0x00007658ad588f20:   fd 7f 4f 20 c5 fd 7f 57 40 c5 fd 7f 5f 60 48 83
0x00007658ad588f30:   ef 80 81 fa 80 00 00 00 77 ab c5 fe 6f 44 16 80
0x00007658ad588f40:   c5 fe 6f 4c 16 a0 c5 fe 6f 54 16 c0 c5 fe 6f 5c
0x00007658ad588f50:   16 e0 c5 fe 7f 44 17 80 c5 fe 7f 4c 17 a0 c5 fe
0x00007658ad588f60:   7f 54 17 c0 c5 fe 7f 5c 17 e0 c5 f8 77 c3 66 90 


Stack slot to memory mapping:

stack at sp + 0 slots: 
[error occurred during error reporting (inspecting top of stack), id 0xe0000000, Internal Error (/mydata/mmtk-openjdk/openjdk/share/mmtkHeap.cpp:444)]
stack at sp + 1 slots: 
[error occurred during error reporting (inspecting top of stack, attempt 2), id 0xe0000000, Internal Error (/mydata/mmtk-openjdk/openjdk/share/mmtkHeap.cpp:444)]
stack at sp + 2 slots: 
[error occurred during error reporting (inspecting top of stack, attempt 3), id 0xe0000000, Internal Error (/mydata/mmtk-openjdk/openjdk/share/mmtkHeap.cpp:444)]

---------------  P R O C E S S  ---------------

Threads class SMR info:
_java_thread_list=0x000069aae40bc630, length=17, elements={
0x00007658a402b240, 0x00007658a4526750, 0x00007658a4527fe0, 0x00007658a4529ad0,
0x00007658a4548300, 0x00007658a4549c50, 0x00007658a454b510, 0x00007658a454d350,
0x00007658a4556d20, 0x000069aae8045870, 0x00007658a459dcd0, 0x00007658a45a0ce0,
0x000069aae806ce50, 0x000069aadc02e720, 0x000069aadc02ff30, 0x000069aae807f9f0,
0x000069aae40baf10
}

Java Threads: ( => current thread )
  0x00007658a402b240 JavaThread "main"                              [_thread_blocked, id=280064, stack(0x00007658abc17000,0x00007658abd17000) (1024K)]
  0x00007658a4526750 JavaThread "Reference Handler"          daemon [_thread_blocked, id=280070, stack(0x000076586c5fe000,0x000076586c6fe000) (1024K)]
  0x00007658a4527fe0 JavaThread "Finalizer"                  daemon [_thread_blocked, id=280071, stack(0x000076586c4fe000,0x000076586c5fe000) (1024K)]
  0x00007658a4529ad0 JavaThread "MMTk Finalizer Thread"      daemon [_thread_blocked, id=280072, stack(0x000069abb7cfb000,0x000069abb7dfb000) (1024K)]
  0x00007658a4548300 JavaThread "Signal Dispatcher"          daemon [_thread_blocked, id=280096, stack(0x000069abb61e9000,0x000069abb62e9000) (1024K)]
  0x00007658a4549c50 JavaThread "Service Thread"             daemon [_thread_blocked, id=280097, stack(0x000069abb60e9000,0x000069abb61e9000) (1024K)]
  0x00007658a454b510 JavaThread "Monitor Deflation Thread"   daemon [_thread_blocked, id=280098, stack(0x000069abb5fe9000,0x000069abb60e9000) (1024K)]
  0x00007658a454d350 JavaThread "C2 CompilerThread0"         daemon [_thread_blocked, id=280099, stack(0x000069abb5ee9000,0x000069abb5fe9000) (1024K)]
  0x00007658a4556d20 JavaThread "C1 CompilerThread0"         daemon [_thread_blocked, id=280100, stack(0x000069abb5de9000,0x000069abb5ee9000) (1024K)]
  0x000069aae8045870 JavaThread "C1 CompilerThread1"         daemon [_thread_blocked, id=280101, stack(0x000069abb5ce9000,0x000069abb5de9000) (1024K)]
  0x00007658a459dcd0 JavaThread "Notification Thread"        daemon [_thread_blocked, id=280102, stack(0x000069abb5be9000,0x000069abb5ce9000) (1024K)]
  0x00007658a45a0ce0 JavaThread "Common-Cleaner"             daemon [_thread_blocked, id=280103, stack(0x000069abb5ae9000,0x000069abb5be9000) (1024K)]
  0x000069aae806ce50 JavaThread "C2 CompilerThread1"         daemon [_thread_blocked, id=280104, stack(0x000069abb59e9000,0x000069abb5ae9000) (1024K)]
  0x000069aadc02e720 JavaThread "C1 CompilerThread2"         daemon [_thread_blocked, id=280105, stack(0x000069abb58e9000,0x000069abb59e9000) (1024K)]
  0x000069aadc02ff30 JavaThread "C1 CompilerThread3"         daemon [_thread_blocked, id=280106, stack(0x000069abb57e9000,0x000069abb58e9000) (1024K)]
  0x000069aae807f9f0 JavaThread "C1 CompilerThread4"         daemon [_thread_blocked, id=280107, stack(0x000069abb56e9000,0x000069abb57e9000) (1024K)]
  0x000069aae40baf10 JavaThread "C2 CompilerThread2"         daemon [_thread_blocked, id=280108, stack(0x000069abb55e9000,0x000069abb56e9000) (1024K)]
Total: 17

Other Threads:
  0x00007658a451b2a0 VMThread "VM Thread"                           [id=280069, stack(0x000076586c6ff000,0x000076586c7ff000) (1024K)]
  0x00007658a4508ef0 WatcherThread "VM Periodic Task Thread"        [id=280068, stack(0x00007658a8100000,0x00007658a8200000) (1024K)]

=>0x00007658a4531240 (exited) NamedThread "MMTk Collector Thread"   [id=280076, stack(0x000069abb75fd000,0x000069abb76fd000) (1024K)]
Total: 3

Threads with active compile tasks:
Total: 0

VM state: at safepoint (normal execution)

VM Mutex/Monitor currently owned by a thread:  ([mutex/lock_event])
[0x00007658ad3580d0] Threads_lock - owner thread: 0x00007658a451b2a0
[0x00007658ad357fd0] Heap_lock - owner thread: 0x00007658a43e48a0

Heap address: 0x0000000040000000, size: 3072 MB, Compressed Oops mode: 32-bit

CDS archive(s) mapped at: [0x000069ab6f000000-0x000069ab6fca3000-0x000069ab6fca3000), size 13250560, SharedBaseAddress: 0x000069ab6f000000, ArchiveRelocationMode: 1.
Compressed class space mapped at: 0x000069ab70000000-0x000069abb0000000, reserved size: 1073741824
Narrow klass base: 0x000069ab6f000000, Narrow klass shift: 0, Narrow klass range: 0x100000000

GC Precious Log:
<Empty>

Heap:

[error occurred during error reporting (printing heap information), id 0xe0000000, Internal Error (/mydata/mmtk-openjdk/openjdk/share/mmtkHeap.cpp:424)]
Metaspace:

Usage:
  Non-class:      5.28 MB used.
      Class:    825.99 KB used.
       Both:      6.08 MB used.

Virtual space:
  Non-class space:       64.00 MB reserved,       5.38 MB (  8%) committed,  1 nodes.
      Class space:        1.00 GB reserved,     960.00 KB ( <1%) committed,  1 nodes.
             Both:        1.06 GB reserved,       6.31 MB ( <1%) committed. 

Chunk freelists:
   Non-Class:  8.71 MB
       Class:  15.10 MB
        Both:  23.81 MB

MaxMetaspaceSize: unlimited
CompressedClassSpaceSize: 1.00 GB
Initial GC threshold: 21.00 MB
Current GC threshold: 21.00 MB
CDS: on
 - commit_granule_bytes: 65536.
 - commit_granule_words: 8192.
 - virtual_space_node_default_size: 8388608.
 - enlarge_chunks_in_place: 1.
 - use_allocation_guard: 0.


Internal statistics:

num_allocs_failed_limit: 0.
num_arena_births: 100.
num_arena_deaths: 0.
num_vsnodes_births: 2.
num_vsnodes_deaths: 0.
num_space_committed: 101.
num_space_uncommitted: 0.
num_chunks_returned_to_freelist: 0.
num_chunks_taken_from_freelist: 270.
num_chunk_merges: 0.
num_chunk_splits: 197.
num_chunks_enlarged: 157.
num_inconsistent_stats: 0.

CodeHeap 'non-profiled nmethods': size=118880Kb used=349Kb max_used=349Kb free=118530Kb
 bounds [0x00007658943e8000, 0x0000765894658000, 0x000076589b800000]
CodeHeap 'profiled nmethods': size=118876Kb used=2873Kb max_used=2873Kb free=116002Kb
 bounds [0x000076588c800000, 0x000076588cad0000, 0x0000765893c17000]
CodeHeap 'non-nmethods': size=8004Kb used=3447Kb max_used=3464Kb free=4557Kb
 bounds [0x0000765893c17000, 0x0000765893f87000, 0x00007658943e8000]
CodeCache: size=245760Kb, used=6669Kb, max_used=6686Kb, free=239089Kb
 total_blobs=1858, nmethods=1389, adapters=369, full_count=0
Compilation: enabled, stopped_count=0, restarted_count=0

Compilation events (20 events):
Event: 2.576 Thread 0x000069aadc02ff30 nmethod 1378 0x000076588cab2d10 code [0x000076588cab2ee0, 0x000076588cab34e0]
Event: 2.577 Thread 0x000069aae807f9f0 nmethod 1376 0x000076588cab3690 code [0x000076588cab38a0, 0x000076588cab4050]
Event: 2.577 Thread 0x00007658a4556d20 nmethod 1316 0x000076588cab4390 code [0x000076588cab5340, 0x000076588cac18d8]
Event: 2.577 Thread 0x000069aae8045870 1381       3       java.lang.invoke.MethodTypeForm::cachedLambdaForm (23 bytes)
Event: 2.577 Thread 0x000069aadc02e720 nmethod 1377 0x000076588cac7e90 code [0x000076588cac82e0, 0x000076588caca5c0]
Event: 2.578 Thread 0x000069aae8045870 nmethod 1381 0x000076588cacb110 code [0x000076588cacb2e0, 0x000076588cacb628]
Event: 2.578 Thread 0x000069aadc02ff30 1383       3       jdk.internal.org.objectweb.asm.ByteVector::put11 (52 bytes)
Event: 2.578 Thread 0x000069aadc02ff30 nmethod 1383 0x000076588cacb790 code [0x000076588cacb940, 0x000076588cacbb48]
Event: 2.578 Thread 0x000069aae8045870 1384       3       java.lang.invoke.InvokerBytecodeGenerator::getInternalName (103 bytes)
Event: 2.578 Thread 0x000069aae8045870 nmethod 1384 0x000076588cacbc90 code [0x000076588cacbea0, 0x000076588cacc308]
Event: 2.578 Thread 0x000069aadc02ff30 1385       3       java.lang.invoke.MethodType::toMethodDescriptorString (28 bytes)
Event: 2.578 Thread 0x000069aadc02ff30 nmethod 1385 0x000076588cacc490 code [0x000076588cacc640, 0x000076588cacc7c8]
Event: 2.578 Thread 0x000069aadc02e720 1386       3       jdk.internal.org.objectweb.asm.SymbolTable::addConstantNameAndType (137 bytes)
Event: 2.578 Thread 0x000069aae807f9f0 1387       3       jdk.internal.org.objectweb.asm.SymbolTable$Entry::<init> (20 bytes)
Event: 2.578 Thread 0x000069aae8045870 1388       3       jdk.internal.org.objectweb.asm.Label::<init> (5 bytes)
Event: 2.578 Thread 0x00007658a4556d20 1389       3       jdk.internal.org.objectweb.asm.Label::resolve (219 bytes)
Event: 2.578 Thread 0x000069aae807f9f0 nmethod 1387 0x000076588cacc890 code [0x000076588cacca40, 0x000076588caccb98]
Event: 2.578 Thread 0x000069aae8045870 nmethod 1388 0x000076588caccc90 code [0x000076588cacce20, 0x000076588caccf80]
Event: 2.579 Thread 0x000069aadc02e720 nmethod 1386 0x000076588cacd010 code [0x000076588cacd260, 0x000076588cacd9a8]
Event: 2.579 Thread 0x00007658a4556d20 nmethod 1389 0x000076588cacdd90 code [0x000076588cacdf60, 0x000076588cace450]

GC Heap History (0 events):
No events

Dll operation events (7 events):
Event: 0.001 Loaded shared library /mydata/openjdk-mmtk/build/b0test/images/jdk/lib/libjava.so
Event: 2.229 Loaded shared library /mydata/openjdk-mmtk/build/b0test/images/jdk/lib/libjsvml.so
Event: 2.242 Loaded shared library /mydata/openjdk-mmtk/build/b0test/images/jdk/lib/libnio.so
Event: 2.246 Loaded shared library /mydata/openjdk-mmtk/build/b0test/images/jdk/lib/libzip.so
Event: 2.259 Loaded shared library /mydata/openjdk-mmtk/build/b0test/images/jdk/lib/libjimage.so
Event: 2.286 Loaded shared library /mydata/openjdk-mmtk/build/b0test/images/jdk/lib/libnet.so
Event: 2.383 Loaded shared library /mydata/openjdk-mmtk/build/b0test/images/jdk/lib/libverify.so

Deoptimization events (20 events):
Event: 2.499 Thread 0x00007658a402b240 DEOPT PACKING pc=0x000076588c9741d0 sp=0x00007658abd13a90
Event: 2.499 Thread 0x00007658a402b240 DEOPT UNPACKING pc=0x0000765893c6ab2f sp=0x00007658abd12f60 mode 0
Event: 2.499 Thread 0x00007658a402b240 DEOPT PACKING pc=0x000076588c9741d0 sp=0x00007658abd13a90
Event: 2.499 Thread 0x00007658a402b240 DEOPT UNPACKING pc=0x0000765893c6ab2f sp=0x00007658abd12f60 mode 0
Event: 2.503 Thread 0x00007658a402b240 Uncommon trap: trap_request=0xffffffde fr.pc=0x00007658944060f8 relative=0x0000000000000ab8
Event: 2.503 Thread 0x00007658a402b240 Uncommon trap: reason=class_check action=maybe_recompile pc=0x00007658944060f8 method=java.io.BufferedInputStream.implRead([BII)I @ 100 c2
Event: 2.503 Thread 0x00007658a402b240 DEOPT PACKING pc=0x00007658944060f8 sp=0x00007658abd14120
Event: 2.503 Thread 0x00007658a402b240 DEOPT UNPACKING pc=0x0000765893c6a399 sp=0x00007658abd14078 mode 2
Event: 2.503 Thread 0x00007658a402b240 Uncommon trap: trap_request=0xffffff45 fr.pc=0x0000765894405f08 relative=0x00000000000008c8
Event: 2.503 Thread 0x00007658a402b240 Uncommon trap: reason=unstable_if action=reinterpret pc=0x0000765894405f08 method=java.io.BufferedInputStream.implRead([BII)I @ 55 c2
Event: 2.503 Thread 0x00007658a402b240 DEOPT PACKING pc=0x0000765894405f08 sp=0x00007658abd14120
Event: 2.503 Thread 0x00007658a402b240 DEOPT UNPACKING pc=0x0000765893c6a399 sp=0x00007658abd14078 mode 2
Event: 2.503 Thread 0x00007658a402b240 Uncommon trap: trap_request=0xffffffde fr.pc=0x0000765894403c7c relative=0x000000000000091c
Event: 2.503 Thread 0x00007658a402b240 Uncommon trap: reason=class_check action=maybe_recompile pc=0x0000765894403c7c method=java.io.BufferedInputStream.implRead([BII)I @ 100 c2
Event: 2.503 Thread 0x00007658a402b240 DEOPT PACKING pc=0x0000765894403c7c sp=0x00007658abd13ab0
Event: 2.503 Thread 0x00007658a402b240 DEOPT UNPACKING pc=0x0000765893c6a399 sp=0x00007658abd13a88 mode 2
Event: 2.503 Thread 0x00007658a402b240 Uncommon trap: trap_request=0xffffff45 fr.pc=0x0000765894403a80 relative=0x0000000000000720
Event: 2.503 Thread 0x00007658a402b240 Uncommon trap: reason=unstable_if action=reinterpret pc=0x0000765894403a80 method=java.io.BufferedInputStream.implRead([BII)I @ 55 c2
Event: 2.503 Thread 0x00007658a402b240 DEOPT PACKING pc=0x0000765894403a80 sp=0x00007658abd13ab0
Event: 2.503 Thread 0x00007658a402b240 DEOPT UNPACKING pc=0x0000765893c6a399 sp=0x00007658abd13a88 mode 2

Classes loaded (20 events):
Event: 2.439 Loading class java/net/URLClassLoader$2
Event: 2.439 Loading class java/net/URLClassLoader$2 done
Event: 2.456 Loading class java/net/HttpURLConnection
Event: 2.456 Loading class java/net/HttpURLConnection done
Event: 2.458 Loading class java/io/StringReader
Event: 2.458 Loading class java/io/StringReader done
Event: 2.461 Loading class java/io/EOFException
Event: 2.461 Loading class java/io/EOFException done
Event: 2.465 Loading class java/io/CharConversionException
Event: 2.465 Loading class java/io/CharConversionException done
Event: 2.475 Loading class java/util/MissingResourceException
Event: 2.475 Loading class java/util/MissingResourceException done
Event: 2.505 Loading class sun/invoke/util/ValueConversions$1
Event: 2.505 Loading class sun/invoke/util/ValueConversions$1 done
Event: 2.506 Loading class java/lang/invoke/BoundMethodHandle$Species_LI
Event: 2.506 Loading class java/lang/invoke/BoundMethodHandle$Species_LI done
Event: 2.548 Loading class java/lang/invoke/MethodHandle$1
Event: 2.548 Loading class java/lang/invoke/MethodHandle$1 done
Event: 2.579 Loading class java/lang/Thread$ThreadNumbering
Event: 2.579 Loading class java/lang/Thread$ThreadNumbering done

Classes unloaded (0 events):
No events

Classes redefined (0 events):
No events

Internal exceptions (12 events):
Event: 2.253 Thread 0x00007658a402b240 Exception <a 'java/lang/NoSuchMethodError'{0x0000000040334090}: 'java.lang.Object java.lang.invoke.DirectMethodHandle$Holder.newInvokeSpecial(java.lang.Object, int, java.lang.Object)'> (0x0000000040334090) 
thrown [src/hotspot/share/interpreter/linkResolver.cpp, line 772]
Event: 2.262 Thread 0x00007658a402b240 Exception <a 'java/lang/NoSuchMethodError'{0x0000000040301e28}: 'void java.lang.invoke.DirectMethodHandle$Holder.invokeStatic(java.lang.Object, java.lang.Object)'> (0x0000000040301e28) 
thrown [src/hotspot/share/interpreter/linkResolver.cpp, line 772]
Event: 2.262 Thread 0x00007658a402b240 Exception <a 'java/lang/NoSuchMethodError'{0x0000000040305820}: 'void java.lang.invoke.DirectMethodHandle$Holder.invokeSpecial(java.lang.Object, java.lang.Object, java.lang.Object)'> (0x0000000040305820) 
thrown [src/hotspot/share/interpreter/linkResolver.cpp, line 772]
Event: 2.305 Thread 0x00007658a402b240 Exception <a 'java/lang/NoSuchMethodError'{0x00000000401b5c58}: 'void java.lang.invoke.DirectMethodHandle$Holder.invokeVirtual(java.lang.Object, java.lang.Object)'> (0x00000000401b5c58) 
thrown [src/hotspot/share/interpreter/linkResolver.cpp, line 772]
Event: 2.310 Thread 0x00007658a402b240 Exception <a 'java/io/FileNotFoundException'{0x000000004018e808}> (0x000000004018e808) 
thrown [src/hotspot/share/prims/jni.cpp, line 520]
Event: 2.320 Thread 0x00007658a402b240 Exception <a 'java/lang/NoSuchMethodError'{0x00000000401218a0}: 'java.lang.Object java.lang.invoke.Invokers$Holder.invokeExact_MT(java.lang.Object, java.lang.Object, java.lang.Object, java.lang.Object, java.lang.Object)'> (0x00000000401218a0) 
thrown [src/hotspot/share/interpreter/linkResolver.cpp, line 772]
Event: 2.505 Thread 0x00007658a402b240 Exception <a 'java/lang/NoSuchMethodError'{0x0000000040ea0b08}: 'void java.lang.invoke.DirectMethodHandle$Holder.invokeVirtual(java.lang.Object, java.lang.Object, int)'> (0x0000000040ea0b08) 
thrown [src/hotspot/share/interpreter/linkResolver.cpp, line 772]
Event: 2.505 Thread 0x00007658a402b240 Exception <a 'java/lang/NoSuchMethodError'{0x0000000040ea5230}: 'int java.lang.invoke.DirectMethodHandle$Holder.invokeSpecial(java.lang.Object, java.lang.Object, java.lang.Object, int)'> (0x0000000040ea5230) 
thrown [src/hotspot/share/interpreter/linkResolver.cpp, line 772]
Event: 2.507 Thread 0x00007658a402b240 Exception <a 'java/lang/NoSuchMethodError'{0x0000000040e97fd8}: 'java.lang.Object java.lang.invoke.DirectMethodHandle$Holder.invokeStatic(java.lang.Object, java.lang.Object, java.lang.Object, java.lang.Object, int)'> (0x0000000040e97fd8) 
thrown [src/hotspot/share/interpreter/linkResolver.cpp, line 772]
Event: 2.508 Thread 0x00007658a402b240 Exception <a 'java/lang/NoSuchMethodError'{0x0000000040e831e8}: 'void java.lang.invoke.DelegatingMethodHandle$Holder.reinvoke_L(java.lang.Object, java.lang.Object, int)'> (0x0000000040e831e8) 
thrown [src/hotspot/share/interpreter/linkResolver.cpp, line 772]
Event: 2.508 Thread 0x00007658a402b240 Exception <a 'java/lang/NoSuchMethodError'{0x0000000040e79f38}: 'int java.lang.invoke.DirectMethodHandle$Holder.invokeSpecial(java.lang.Object, java.lang.Object, java.lang.Object)'> (0x0000000040e79f38) 
thrown [src/hotspot/share/interpreter/linkResolver.cpp, line 772]
Event: 2.578 Thread 0x00007658a402b240 Exception <a 'java/lang/NoSuchMethodError'{0x00000000413ae268}: 'void java.lang.invoke.DelegatingMethodHandle$Holder.reinvoke_L(java.lang.Object, java.lang.Object, int, int)'> (0x00000000413ae268) 
thrown [src/hotspot/share/interpreter/linkResolver.cpp, line 772]

ZGC Phase Switch (0 events):
No events

VM Operations (11 events):
Event: 2.246 Executing VM operation: HandshakeAllThreads (Deoptimize)
Event: 2.246 Executing VM operation: HandshakeAllThreads (Deoptimize) done
Event: 2.274 Executing VM operation: HandshakeAllThreads (Deoptimize)
Event: 2.274 Executing VM operation: HandshakeAllThreads (Deoptimize) done
Event: 2.384 Executing VM operation: HandshakeAllThreads (Deoptimize)
Event: 2.384 Executing VM operation: HandshakeAllThreads (Deoptimize) done
Event: 2.575 Executing VM operation: ICBufferFull
Event: 2.575 Executing VM operation: ICBufferFull done
Event: 2.579 Executing VM operation: HandshakeAllThreads (Deoptimize)
Event: 2.579 Executing VM operation: HandshakeAllThreads (Deoptimize) done
Event: 2.580 Executing VM operation: ThirdPartyHeapOperation

Memory protections (17 events):
Event: 0.001 Protecting memory [0x00007658abc17000,0x00007658abc1b000] with protection modes 0
Event: 2.225 Protecting memory [0x000076586c5fe000,0x000076586c602000] with protection modes 0
Event: 2.225 Protecting memory [0x000076586c4fe000,0x000076586c502000] with protection modes 0
Event: 2.226 Protecting memory [0x000069abb7cfb000,0x000069abb7cff000] with protection modes 0
Event: 2.228 Protecting memory [0x000069abb61e9000,0x000069abb61ed000] with protection modes 0
Event: 2.228 Protecting memory [0x000069abb60e9000,0x000069abb60ed000] with protection modes 0
Event: 2.229 Protecting memory [0x000069abb5fe9000,0x000069abb5fed000] with protection modes 0
Event: 2.229 Protecting memory [0x000069abb5ee9000,0x000069abb5eed000] with protection modes 0
Event: 2.229 Protecting memory [0x000069abb5de9000,0x000069abb5ded000] with protection modes 0
Event: 2.238 Protecting memory [0x000069abb5ce9000,0x000069abb5ced000] with protection modes 0
Event: 2.241 Protecting memory [0x000069abb5be9000,0x000069abb5bed000] with protection modes 0
Event: 2.241 Protecting memory [0x000069abb5ae9000,0x000069abb5aed000] with protection modes 0
Event: 2.291 Protecting memory [0x000069abb59e9000,0x000069abb59ed000] with protection modes 0
Event: 2.296 Protecting memory [0x000069abb58e9000,0x000069abb58ed000] with protection modes 0
Event: 2.297 Protecting memory [0x000069abb57e9000,0x000069abb57ed000] with protection modes 0
Event: 2.298 Protecting memory [0x000069abb56e9000,0x000069abb56ed000] with protection modes 0
Event: 2.302 Protecting memory [0x000069abb55e9000,0x000069abb55ed000] with protection modes 0

Nmethod flushes (0 events):
No events

Events (17 events):
Event: 2.219 Thread 0x00007658a402b240 Thread added: 0x00007658a402b240
Event: 2.225 Thread 0x00007658a402b240 Thread added: 0x00007658a4526750
Event: 2.225 Thread 0x00007658a402b240 Thread added: 0x00007658a4527fe0
Event: 2.226 Thread 0x00007658a402b240 Thread added: 0x00007658a4529ad0
Event: 2.228 Thread 0x00007658a402b240 Thread added: 0x00007658a4548300
Event: 2.228 Thread 0x00007658a402b240 Thread added: 0x00007658a4549c50
Event: 2.228 Thread 0x00007658a402b240 Thread added: 0x00007658a454b510
Event: 2.229 Thread 0x00007658a402b240 Thread added: 0x00007658a454d350
Event: 2.229 Thread 0x00007658a402b240 Thread added: 0x00007658a4556d20
Event: 2.238 Thread 0x00007658a4556d20 Thread added: 0x000069aae8045870
Event: 2.241 Thread 0x00007658a402b240 Thread added: 0x00007658a459dcd0
Event: 2.241 Thread 0x00007658a402b240 Thread added: 0x00007658a45a0ce0
Event: 2.291 Thread 0x00007658a4556d20 Thread added: 0x000069aae806ce50
Event: 2.296 Thread 0x000069aae8045870 Thread added: 0x000069aadc02e720
Event: 2.297 Thread 0x000069aae8045870 Thread added: 0x000069aadc02ff30
Event: 2.297 Thread 0x00007658a4556d20 Thread added: 0x000069aae807f9f0
Event: 2.302 Thread 0x00007658a454d350 Thread added: 0x000069aae40baf10


Dynamic libraries:
40000000-40400000 rw-p 00000000 00:00 0                                  [anon:mmtk:space:immix]
40400000-40800000 rw-p 00000000 00:00 0                                  [anon:mmtk:space:los]
40800000-41400000 rw-p 00000000 00:00 0                                  [anon:mmtk:space:immix]
200000000000-2000c00c0000 rw-s 00000000 00:10 68                         anon_inode:bpf-map
5d071d9c7000-5d071d9c8000 r--p 00000000 fc:00 49676320                   /mydata/openjdk-mmtk/build/b0test/images/jdk/bin/java
5d071d9c8000-5d071d9c9000 r-xp 00001000 fc:00 49676320                   /mydata/openjdk-mmtk/build/b0test/images/jdk/bin/java
5d071d9c9000-5d071d9ca000 r--p 00002000 fc:00 49676320                   /mydata/openjdk-mmtk/build/b0test/images/jdk/bin/java
5d071d9ca000-5d071d9cb000 r--p 00002000 fc:00 49676320                   /mydata/openjdk-mmtk/build/b0test/images/jdk/bin/java
5d071d9cb000-5d071d9cc000 rw-p 00003000 fc:00 49676320                   /mydata/openjdk-mmtk/build/b0test/images/jdk/bin/java
5d075a98a000-5d075a9d2000 rw-p 00000000 00:00 0                          [heap]
69aabc000000-69aabc021000 rw-p 00000000 00:00 0 
69aabc021000-69aac0000000 ---p 00000000 00:00 0 
69aac4000000-69aac4084000 rw-p 00000000 00:00 0 
69aac4084000-69aac8000000 ---p 00000000 00:00 0 
69aac8000000-69aac8175000 rw-p 00000000 00:00 0 
69aac8175000-69aacc000000 ---p 00000000 00:00 0 
69aacc000000-69aacc07a000 rw-p 00000000 00:00 0 
69aacc07a000-69aad0000000 ---p 00000000 00:00 0 
69aad0000000-69aad0073000 rw-p 00000000 00:00 0 
69aad0073000-69aad4000000 ---p 00000000 00:00 0 
69aad4000000-69aad4021000 rw-p 00000000 00:00 0 
69aad4021000-69aad8000000 ---p 00000000 00:00 0 
69aad8000000-69aad815d000 rw-p 00000000 00:00 0 
69aad815d000-69aadc000000 ---p 00000000 00:00 0 
69aadc000000-69aadc0ac000 rw-p 00000000 00:00 0 
69aadc0ac000-69aae0000000 ---p 00000000 00:00 0 
69aae0000000-69aae0021000 rw-p 00000000 00:00 0 
69aae0021000-69aae4000000 ---p 00000000 00:00 0 
69aae4000000-69aae4253000 rw-p 00000000 00:00 0 
69aae4253000-69aae8000000 ---p 00000000 00:00 0 
69aae8000000-69aae8100000 rw-p 00000000 00:00 0 
69aae8100000-69aaec000000 ---p 00000000 00:00 0 
69aaec000000-69aaec021000 rw-p 00000000 00:00 0 
69aaec021000-69aaf0000000 ---p 00000000 00:00 0 
69aaf0000000-69aaf0021000 rw-p 00000000 00:00 0 
69aaf0021000-69aaf4000000 ---p 00000000 00:00 0 
69aaf4000000-69aaf4021000 rw-p 00000000 00:00 0 
69aaf4021000-69aaf8000000 ---p 00000000 00:00 0 
69aaf8000000-69aaf8021000 rw-p 00000000 00:00 0 
69aaf8021000-69aafc000000 ---p 00000000 00:00 0 
69aafc000000-69aafc021000 rw-p 00000000 00:00 0 
69aafc021000-69ab00000000 ---p 00000000 00:00 0 
69ab00000000-69ab00021000 rw-p 00000000 00:00 0 
69ab00021000-69ab04000000 ---p 00000000 00:00 0 
69ab04000000-69ab04021000 rw-p 00000000 00:00 0 
69ab04021000-69ab08000000 ---p 00000000 00:00 0 
69ab08000000-69ab08021000 rw-p 00000000 00:00 0 
69ab08021000-69ab0c000000 ---p 00000000 00:00 0 
69ab0c000000-69ab0c021000 rw-p 00000000 00:00 0 
69ab0c021000-69ab10000000 ---p 00000000 00:00 0 
69ab10000000-69ab10021000 rw-p 00000000 00:00 0 
69ab10021000-69ab14000000 ---p 00000000 00:00 0 
69ab14000000-69ab14021000 rw-p 00000000 00:00 0 
69ab14021000-69ab18000000 ---p 00000000 00:00 0 
69ab18000000-69ab18021000 rw-p 00000000 00:00 0 
69ab18021000-69ab1c000000 ---p 00000000 00:00 0 
69ab1c000000-69ab1c021000 rw-p 00000000 00:00 0 
69ab1c021000-69ab20000000 ---p 00000000 00:00 0 
69ab20000000-69ab20021000 rw-p 00000000 00:00 0 
69ab20021000-69ab24000000 ---p 00000000 00:00 0 
69ab24000000-69ab24021000 rw-p 00000000 00:00 0 
69ab24021000-69ab28000000 ---p 00000000 00:00 0 
69ab28000000-69ab28021000 rw-p 00000000 00:00 0 
69ab28021000-69ab2c000000 ---p 00000000 00:00 0 
69ab2c000000-69ab2c021000 rw-p 00000000 00:00 0 
69ab2c021000-69ab30000000 ---p 00000000 00:00 0 
69ab30000000-69ab30021000 rw-p 00000000 00:00 0 
69ab30021000-69ab34000000 ---p 00000000 00:00 0 
69ab34000000-69ab34021000 rw-p 00000000 00:00 0 
69ab34021000-69ab38000000 ---p 00000000 00:00 0 
69ab38000000-69ab38023000 rw-p 00000000 00:00 0 
69ab38023000-69ab3c000000 ---p 00000000 00:00 0 
69ab3c000000-69ab3c021000 rw-p 00000000 00:00 0 
69ab3c021000-69ab40000000 ---p 00000000 00:00 0 
69ab40000000-69ab40021000 rw-p 00000000 00:00 0 
69ab40021000-69ab44000000 ---p 00000000 00:00 0 
69ab44000000-69ab44021000 rw-p 00000000 00:00 0 
69ab44021000-69ab48000000 ---p 00000000 00:00 0 
69ab48000000-69ab48021000 rw-p 00000000 00:00 0 
69ab48021000-69ab4c000000 ---p 00000000 00:00 0 
69ab4c000000-69ab4c021000 rw-p 00000000 00:00 0 
69ab4c021000-69ab50000000 ---p 00000000 00:00 0 
69ab50000000-69ab50021000 rw-p 00000000 00:00 0 
69ab50021000-69ab54000000 ---p 00000000 00:00 0 
69ab54000000-69ab54021000 rw-p 00000000 00:00 0 
69ab54021000-69ab58000000 ---p 00000000 00:00 0 
69ab58000000-69ab58021000 rw-p 00000000 00:00 0 
69ab58021000-69ab5c000000 ---p 00000000 00:00 0 
69ab5c000000-69ab5c021000 rw-p 00000000 00:00 0 
69ab5c021000-69ab60000000 ---p 00000000 00:00 0 
69ab60000000-69ab60021000 rw-p 00000000 00:00 0 
69ab60021000-69ab64000000 ---p 00000000 00:00 0 
69ab64000000-69ab64210000 rw-p 00000000 00:00 0 
69ab64210000-69ab64400000 ---p 00000000 00:00 0 
69ab64400000-69ab64750000 rw-p 00000000 00:00 0 
69ab64750000-69ab68000000 ---p 00000000 00:00 0 
69ab68000000-69ab68021000 rw-p 00000000 00:00 0 
69ab68021000-69ab6c000000 ---p 00000000 00:00 0 
69ab6f000000-69ab6fca3000 rw-p 00001000 fc:00 49677003                   /mydata/openjdk-mmtk/build/b0test/images/jdk/lib/server/classes.jsa
69ab6fca3000-69ab70000000 ---p 00000000 00:00 0 
69ab70000000-69ab70040000 rw-p 00000000 00:00 0 
69ab70040000-69ab700f0000 rw-p 00000000 00:00 0 
69ab700f0000-69abb0000000 ---p 00000000 00:00 0 
69abb0000000-69abb0021000 rw-p 00000000 00:00 0 
69abb0021000-69abb4000000 ---p 00000000 00:00 0 
69abb53e8000-69abb53e9000 ---p 00000000 00:00 0 
69abb53e9000-69abb55e9000 rw-p 00000000 00:00 0 
69abb55e9000-69abb55ed000 ---p 00000000 00:00 0 
69abb55ed000-69abb56e9000 rw-p 00000000 00:00 0 
69abb56e9000-69abb56ed000 ---p 00000000 00:00 0 
69abb56ed000-69abb57e9000 rw-p 00000000 00:00 0 
69abb57e9000-69abb57ed000 ---p 00000000 00:00 0 
69abb57ed000-69abb58e9000 rw-p 00000000 00:00 0 
69abb58e9000-69abb58ed000 ---p 00000000 00:00 0 
69abb58ed000-69abb59e9000 rw-p 00000000 00:00 0 
69abb59e9000-69abb59ed000 ---p 00000000 00:00 0 
69abb59ed000-69abb5ae9000 rw-p 00000000 00:00 0 
69abb5ae9000-69abb5aed000 ---p 00000000 00:00 0 
69abb5aed000-69abb5be9000 rw-p 00000000 00:00 0 
69abb5be9000-69abb5bed000 ---p 00000000 00:00 0 
69abb5bed000-69abb5ce9000 rw-p 00000000 00:00 0 
69abb5ce9000-69abb5ced000 ---p 00000000 00:00 0 
69abb5ced000-69abb5de9000 rw-p 00000000 00:00 0 
69abb5de9000-69abb5ded000 ---p 00000000 00:00 0 
69abb5ded000-69abb5ee9000 rw-p 00000000 00:00 0 
69abb5ee9000-69abb5eed000 ---p 00000000 00:00 0 
69abb5eed000-69abb5fe9000 rw-p 00000000 00:00 0 
69abb5fe9000-69abb5fed000 ---p 00000000 00:00 0 
69abb5fed000-69abb60e9000 rw-p 00000000 00:00 0 
69abb60e9000-69abb60ed000 ---p 00000000 00:00 0 
69abb60ed000-69abb61e9000 rw-p 00000000 00:00 0 
69abb61e9000-69abb61ed000 ---p 00000000 00:00 0 
69abb61ed000-69abb62e9000 rw-p 00000000 00:00 0 
69abb62e9000-69abb62ea000 ---p 00000000 00:00 0 
69abb62ea000-69abb63ea000 rw-p 00000000 00:00 0 
69abb63ea000-69abb63eb000 ---p 00000000 00:00 0 
69abb63eb000-69abb64eb000 rw-p 00000000 00:00 0 
69abb64eb000-69abb64ec000 ---p 00000000 00:00 0 
69abb64ec000-69abb65ec000 rw-p 00000000 00:00 0 
69abb65ec000-69abb65ed000 ---p 00000000 00:00 0 
69abb65ed000-69abb66ed000 rw-p 00000000 00:00 0 
69abb66ed000-69abb66ee000 ---p 00000000 00:00 0 
69abb66ee000-69abb67ee000 rw-p 00000000 00:00 0 
69abb67ee000-69abb67ef000 ---p 00000000 00:00 0 
69abb67ef000-69abb68ef000 rw-p 00000000 00:00 0 
69abb68ef000-69abb68f0000 ---p 00000000 00:00 0 
69abb68f0000-69abb69f0000 rw-p 00000000 00:00 0 
69abb69f0000-69abb69f1000 ---p 00000000 00:00 0 
69abb69f1000-69abb6af1000 rw-p 00000000 00:00 0 
69abb6af1000-69abb6af2000 ---p 00000000 00:00 0 
69abb6af2000-69abb6bf2000 rw-p 00000000 00:00 0 
69abb6bf2000-69abb6bf3000 ---p 00000000 00:00 0 
69abb6bf3000-69abb6cf3000 rw-p 00000000 00:00 0 
69abb6cf3000-69abb6cf4000 ---p 00000000 00:00 0 
69abb6cf4000-69abb6df4000 rw-p 00000000 00:00 0 
69abb6df4000-69abb6df5000 ---p 00000000 00:00 0 
69abb6df5000-69abb6ef5000 rw-p 00000000 00:00 0 
69abb6ef5000-69abb6ef6000 ---p 00000000 00:00 0 
69abb6ef6000-69abb6ff6000 rw-p 00000000 00:00 0 
69abb6ff6000-69abb6ff7000 ---p 00000000 00:00 0 
69abb6ff7000-69abb70f7000 rw-p 00000000 00:00 0 
69abb70f7000-69abb70f8000 ---p 00000000 00:00 0 
69abb70f8000-69abb71f8000 rw-p 00000000 00:00 0 
69abb71f8000-69abb71f9000 ---p 00000000 00:00 0 
69abb71f9000-69abb72f9000 rw-p 00000000 00:00 0 
69abb72f9000-69abb72fa000 ---p 00000000 00:00 0 
69abb72fa000-69abb73fa000 rw-p 00000000 00:00 0 
69abb73fa000-69abb73fb000 ---p 00000000 00:00 0 
69abb73fb000-69abb74fb000 rw-p 00000000 00:00 0 
69abb74fb000-69abb74fc000 ---p 00000000 00:00 0 
69abb74fc000-69abb75fc000 rw-p 00000000 00:00 0 
69abb75fc000-69abb75fd000 ---p 00000000 00:00 0 
69abb75fd000-69abb76fd000 rw-p 00000000 00:00 0 
69abb76fd000-69abb76fe000 ---p 00000000 00:00 0 
69abb76fe000-69abb77fe000 rw-p 00000000 00:00 0 
69abb77fe000-69abb77ff000 ---p 00000000 00:00 0 
69abb77ff000-69abb78ff000 rw-p 00000000 00:00 0 
69abb78ff000-69abb7900000 ---p 00000000 00:00 0 
69abb7900000-69abb7a00000 rw-p 00000000 00:00 0 
69abb7a00000-69abb7ceb000 r--p 00000000 08:03 1410552                    /usr/lib/locale/locale-archive
69abb7cfb000-69abb7cff000 ---p 00000000 00:00 0 
69abb7cff000-69abb7dfb000 rw-p 00000000 00:00 0 
69abb7dfb000-69abe8400000 rw-p 00000000 00:00 0 
69abe8400000-69abe9400000 ---p 00000000 00:00 0                          [anon:mmtk:sidemeta:all:all-quarantined]
69abe9400000-69abe9800000 rw-p 00000000 00:00 0                          [anon:mmtk:sidemeta:immix:VO_BIT]
69abe9800000-6babea400000 ---p 00000000 00:00 0                          [anon:mmtk:sidemeta:all:all-quarantined]
6babea400000-6babea800000 rw-p 00000000 00:00 0                          [anon:mmtk:sidemeta:immix:CHUNK_MARK]
6babea800000-6babed400000 ---p 00000000 00:00 0                          [anon:mmtk:sidemeta:all:all-quarantined]
6babed400000-6babed800000 rw-p 00000000 00:00 0                          [anon:mmtk:sidemeta:immix:VMGlobalLogBitSpec]
6babed800000-6db3ec800000 ---p 00000000 00:00 0                          [anon:mmtk:sidemeta:all:all-quarantined]
6db3ec800000-6db3ecc00000 rw-p 00000000 00:00 0                          [anon:mmtk:sidemeta:immix:IX_LINE_MARK]
6db3ecc00000-6e33ec400000 ---p 00000000 00:00 0                          [anon:mmtk:sidemeta:all:all-quarantined]
6e33ec400000-6e33ec800000 rw-p 00000000 00:00 0                          [anon:mmtk:sidemeta:immix:IX_BLOCK_DEFRAG]
6e33ec800000-6e34ec400000 ---p 00000000 00:00 0                          [anon:mmtk:sidemeta:all:all-quarantined]
6e34ec400000-6e34ec800000 rw-p 00000000 00:00 0                          [anon:mmtk:sidemeta:immix:IX_BLOCK_MARK]
6e34ec800000-74566c400000 ---p 00000000 00:00 0                          [anon:mmtk:sidemeta:all:all-quarantined]
74566c400000-74566c800000 rw-p 00000000 00:00 0                          [anon:mmtk:sidemeta:los:VMLocalLOSMarkNurserySpec]
74566c800000-74586d400000 ---p 00000000 00:00 0                          [anon:mmtk:sidemeta:all:all-quarantined]
74586d400000-74586d800000 rw-p 00000000 00:00 0                          [anon:mmtk:sidemeta:immix:VMLocalMarkBitSpec]
74586d800000-76586c400000 ---p 00000000 00:00 0                          [anon:mmtk:sidemeta:all:all-quarantined]
76586c4fe000-76586c502000 ---p 00000000 00:00 0 
76586c502000-76586c5fe000 rw-p 00000000 00:00 0 
76586c5fe000-76586c602000 ---p 00000000 00:00 0 
76586c602000-76586c6fe000 rw-p 00000000 00:00 0 
76586c6fe000-76586c6ff000 ---p 00000000 00:00 0 
76586c6ff000-76586c7ff000 rw-p 00000000 00:00 0 
76586c7ff000-76588c800000 rw-p 00000000 00:00 0 
76588c800000-76588cad0000 rwxp 00000000 00:00 0 
76588cad0000-765893c17000 ---p 00000000 00:00 0 
765893c17000-765893f87000 rwxp 00000000 00:00 0 
765893f87000-7658943e8000 ---p 00000000 00:00 0 
7658943e8000-765894658000 rwxp 00000000 00:00 0 
765894658000-76589b800000 ---p 00000000 00:00 0 
76589b800000-7658a3fa0000 r--s 00000000 fc:00 49676291                   /mydata/openjdk-mmtk/build/b0test/images/jdk/lib/modules
7658a4000000-7658a47e4000 rw-p 00000000 00:00 0 
7658a47e4000-7658a8000000 ---p 00000000 00:00 0 
7658a802e000-7658a8033000 r--p 00000000 fc:00 49676385                   /mydata/openjdk-mmtk/build/b0test/images/jdk/lib/libjsvml.so
7658a8033000-7658a8074000 r-xp 00005000 fc:00 49676385                   /mydata/openjdk-mmtk/build/b0test/images/jdk/lib/libjsvml.so
7658a8074000-7658a80fd000 r--p 00046000 fc:00 49676385                   /mydata/openjdk-mmtk/build/b0test/images/jdk/lib/libjsvml.so
7658a80fd000-7658a80fe000 r--p 000ce000 fc:00 49676385                   /mydata/openjdk-mmtk/build/b0test/images/jdk/lib/libjsvml.so
7658a80fe000-7658a80ff000 rw-p 000cf000 fc:00 49676385                   /mydata/openjdk-mmtk/build/b0test/images/jdk/lib/libjsvml.so
7658a80ff000-7658a8100000 ---p 00000000 00:00 0 
7658a8100000-7658a8200000 rw-p 00000000 00:00 0 
7658a8200000-7658ab200000 rw-p 00000000 00:00 0 
7658ab245000-7658ab246000 ---p 00000000 00:00 0 
7658ab246000-7658ab346000 rw-p 00000000 00:00 0 
7658ab346000-7658ab34a000 r--p 00000000 08:03 1410107                    /usr/lib/x86_64-linux-gnu/libzstd.so.1.5.5
7658ab34a000-7658ab3f1000 r-xp 00004000 08:03 1410107                    /usr/lib/x86_64-linux-gnu/libzstd.so.1.5.5
7658ab3f1000-7658ab3fe000 r--p 000ab000 08:03 1410107                    /usr/lib/x86_64-linux-gnu/libzstd.so.1.5.5
7658ab3fe000-7658ab3ff000 r--p 000b7000 08:03 1410107                    /usr/lib/x86_64-linux-gnu/libzstd.so.1.5.5
7658ab3ff000-7658ab400000 rw-p 000b8000 08:03 1410107                    /usr/lib/x86_64-linux-gnu/libzstd.so.1.5.5
7658ab400000-7658ab40c000 r--p 00000000 fc:00 13107225                   /mydata/gc-bpf-fault/shim/libgcbpf.so
7658ab40c000-7658ab46e000 r-xp 0000c000 fc:00 13107225                   /mydata/gc-bpf-fault/shim/libgcbpf.so
7658ab46e000-7658ab61b000 r--p 0006e000 fc:00 13107225                   /mydata/gc-bpf-fault/shim/libgcbpf.so
7658ab61b000-7658ab61d000 r--p 0021b000 fc:00 13107225                   /mydata/gc-bpf-fault/shim/libgcbpf.so
7658ab61d000-7658ab61e000 rw-p 0021d000 fc:00 13107225                   /mydata/gc-bpf-fault/shim/libgcbpf.so
7658ab61e000-7658ab61f000 rw-p 00000000 00:00 0 
7658ab62e000-7658ab633000 rw-p 00000000 00:00 0 
7658ab633000-7658ab717000 ---p 00000000 00:00 0 
7658ab717000-7658ab71d000 rw-p 00000000 00:00 0 
7658ab71d000-7658ab800000 ---p 00000000 00:00 0 
7658ab800000-7658ab948000 r--p 00000000 fc:00 49676344                   /mydata/openjdk-mmtk/build/b0test/images/jdk/lib/server/libmmtk_openjdk.so
7658ab948000-7658abbc1000 r-xp 00147000 fc:00 49676344                   /mydata/openjdk-mmtk/build/b0test/images/jdk/lib/server/libmmtk_openjdk.so
7658abbc1000-7658abc02000 r--p 003bf000 fc:00 49676344                   /mydata/openjdk-mmtk/build/b0test/images/jdk/lib/server/libmmtk_openjdk.so
7658abc02000-7658abc04000 rw-p 003ff000 fc:00 49676344                   /mydata/openjdk-mmtk/build/b0test/images/jdk/lib/server/libmmtk_openjdk.so
7658abc04000-7658abc07000 rw-p 00000000 00:00 0 
7658abc17000-7658abc1b000 ---p 00000000 00:00 0 
7658abc1b000-7658abd17000 rw-p 00000000 00:00 0 
7658abd17000-7658abd27000 r--p 00000000 08:03 1411099                    /usr/lib/x86_64-linux-gnu/libm.so.6
7658abd27000-7658abda6000 r-xp 00010000 08:03 1411099                    /usr/lib/x86_64-linux-gnu/libm.so.6
7658abda6000-7658abdfe000 r--p 0008f000 08:03 1411099                    /usr/lib/x86_64-linux-gnu/libm.so.6
7658abdfe000-7658abdff000 r--p 000e7000 08:03 1411099                    /usr/lib/x86_64-linux-gnu/libm.so.6
7658abdff000-7658abe00000 rw-p 000e8000 08:03 1411099                    /usr/lib/x86_64-linux-gnu/libm.so.6
7658abe00000-7658ac0a9000 r--p 00000000 fc:00 49676343                   /mydata/openjdk-mmtk/build/b0test/images/jdk/lib/server/libjvm.so
7658ac0a9000-7658acf3c000 r-xp 002a9000 fc:00 49676343                   /mydata/openjdk-mmtk/build/b0test/images/jdk/lib/server/libjvm.so
7658acf3c000-7658ad220000 r--p 0113c000 fc:00 49676343                   /mydata/openjdk-mmtk/build/b0test/images/jdk/lib/server/libjvm.so
7658ad220000-7658ad2f6000 r--p 0141f000 fc:00 49676343                   /mydata/openjdk-mmtk/build/b0test/images/jdk/lib/server/libjvm.so
7658ad2f6000-7658ad326000 rw-p 014f5000 fc:00 49676343                   /mydata/openjdk-mmtk/build/b0test/images/jdk/lib/server/libjvm.so
7658ad326000-7658ad38c000 rw-p 00000000 00:00 0 
7658ad397000-7658ad39b000 r--p 00000000 fc:00 49676334                   /mydata/openjdk-mmtk/build/b0test/images/jdk/lib/libverify.so
7658ad39b000-7658ad3a2000 r-xp 00004000 fc:00 49676334                   /mydata/openjdk-mmtk/build/b0test/images/jdk/lib/libverify.so
7658ad3a2000-7658ad3a4000 r--p 0000b000 fc:00 49676334                   /mydata/openjdk-mmtk/build/b0test/images/jdk/lib/libverify.so
7658ad3a4000-7658ad3a6000 r--p 0000c000 fc:00 49676334                   /mydata/openjdk-mmtk/build/b0test/images/jdk/lib/libverify.so
7658ad3a6000-7658ad3a7000 rw-p 0000e000 fc:00 49676334                   /mydata/openjdk-mmtk/build/b0test/images/jdk/lib/libverify.so
7658ad3a7000-7658ad3a9000 r--p 00000000 fc:00 49676335                   /mydata/openjdk-mmtk/build/b0test/images/jdk/lib/libzip.so
7658ad3a9000-7658ad3ae000 r-xp 00002000 fc:00 49676335                   /mydata/openjdk-mmtk/build/b0test/images/jdk/lib/libzip.so
7658ad3ae000-7658ad3b0000 r--p 00007000 fc:00 49676335                   /mydata/openjdk-mmtk/build/b0test/images/jdk/lib/libzip.so
7658ad3b0000-7658ad3b1000 r--p 00008000 fc:00 49676335                   /mydata/openjdk-mmtk/build/b0test/images/jdk/lib/libzip.so
7658ad3b1000-7658ad3b2000 rw-p 00009000 fc:00 49676335                   /mydata/openjdk-mmtk/build/b0test/images/jdk/lib/libzip.so
7658ad3b2000-7658ad3b5000 r--p 00000000 fc:00 49676331                   /mydata/openjdk-mmtk/build/b0test/images/jdk/lib/libnet.so
7658ad3b5000-7658ad3bd000 r-xp 00003000 fc:00 49676331                   /mydata/openjdk-mmtk/build/b0test/images/jdk/lib/libnet.so
7658ad3bd000-7658ad3bf000 r--p 0000b000 fc:00 49676331                   /mydata/openjdk-mmtk/build/b0test/images/jdk/lib/libnet.so
7658ad3bf000-7658ad3c0000 r--p 0000c000 fc:00 49676331                   /mydata/openjdk-mmtk/build/b0test/images/jdk/lib/libnet.so
7658ad3c0000-7658ad3c1000 rw-p 0000d000 fc:00 49676331                   /mydata/openjdk-mmtk/build/b0test/images/jdk/lib/libnet.so
7658ad3c1000-7658ad3c8000 r--p 00000000 fc:00 49676332                   /mydata/openjdk-mmtk/build/b0test/images/jdk/lib/libnio.so
7658ad3c8000-7658ad3d1000 r-xp 00007000 fc:00 49676332                   /mydata/openjdk-mmtk/build/b0test/images/jdk/lib/libnio.so
7658ad3d1000-7658ad3d5000 r--p 00010000 fc:00 49676332                   /mydata/openjdk-mmtk/build/b0test/images/jdk/lib/libnio.so
7658ad3d5000-7658ad3d6000 r--p 00014000 fc:00 49676332                   /mydata/openjdk-mmtk/build/b0test/images/jdk/lib/libnio.so
7658ad3d6000-7658ad3d7000 rw-p 00015000 fc:00 49676332                   /mydata/openjdk-mmtk/build/b0test/images/jdk/lib/libnio.so
7658ad3d7000-7658ad3da000 r--p 00000000 08:03 1410420                    /usr/lib/x86_64-linux-gnu/libelf-0.190.so
7658ad3da000-7658ad3f0000 r-xp 00003000 08:03 1410420                    /usr/lib/x86_64-linux-gnu/libelf-0.190.so
7658ad3f0000-7658ad3f4000 r--p 00019000 08:03 1410420                    /usr/lib/x86_64-linux-gnu/libelf-0.190.so
7658ad3f4000-7658ad3f5000 r--p 0001c000 08:03 1410420                    /usr/lib/x86_64-linux-gnu/libelf-0.190.so
7658ad3f5000-7658ad3f6000 rw-p 0001d000 08:03 1410420                    /usr/lib/x86_64-linux-gnu/libelf-0.190.so
7658ad3f9000-7658ad400000 r--s 00000000 08:03 1436340                    /usr/lib/x86_64-linux-gnu/gconv/gconv-modules.cache
7658ad400000-7658ad428000 r--p 00000000 08:03 1410238                    /usr/lib/x86_64-linux-gnu/libc.so.6
7658ad428000-7658ad5b0000 r-xp 00028000 08:03 1410238                    /usr/lib/x86_64-linux-gnu/libc.so.6
7658ad5b0000-7658ad5ff000 r--p 001b0000 08:03 1410238                    /usr/lib/x86_64-linux-gnu/libc.so.6
7658ad5ff000-7658ad603000 r--p 001fe000 08:03 1410238                    /usr/lib/x86_64-linux-gnu/libc.so.6
7658ad603000-7658ad605000 rw-p 00202000 08:03 1410238                    /usr/lib/x86_64-linux-gnu/libc.so.6
7658ad605000-7658ad619000 rw-p 00000000 00:00 0 
7658ad619000-7658ad622000 ---p 00000000 00:00 0 
7658ad622000-7658ad62f000 r--p 00000000 fc:00 49676327                   /mydata/openjdk-mmtk/build/b0test/images/jdk/lib/libjava.so
7658ad62f000-7658ad63e000 r-xp 0000d000 fc:00 49676327                   /mydata/openjdk-mmtk/build/b0test/images/jdk/lib/libjava.so
7658ad63e000-7658ad643000 r--p 0001c000 fc:00 49676327                   /mydata/openjdk-mmtk/build/b0test/images/jdk/lib/libjava.so
7658ad643000-7658ad644000 r--p 00021000 fc:00 49676327                   /mydata/openjdk-mmtk/build/b0test/images/jdk/lib/libjava.so
7658ad644000-7658ad645000 rw-p 00022000 fc:00 49676327                   /mydata/openjdk-mmtk/build/b0test/images/jdk/lib/libjava.so
7658ad645000-7658ad646000 rw-p 00000000 00:00 0 
7658ad646000-7658ad64e000 rw-s 00000000 08:03 237590                     /tmp/hsperfdata_root/280061
7658ad64e000-7658ad652000 r--p 00000000 fc:00 49676328                   /mydata/openjdk-mmtk/build/b0test/images/jdk/lib/libjimage.so
7658ad652000-7658ad669000 r-xp 00004000 fc:00 49676328                   /mydata/openjdk-mmtk/build/b0test/images/jdk/lib/libjimage.so
7658ad669000-7658ad66e000 r--p 0001b000 fc:00 49676328                   /mydata/openjdk-mmtk/build/b0test/images/jdk/lib/libjimage.so
7658ad66e000-7658ad670000 r--p 00020000 fc:00 49676328                   /mydata/openjdk-mmtk/build/b0test/images/jdk/lib/libjimage.so
7658ad670000-7658ad671000 rw-p 00022000 fc:00 49676328                   /mydata/openjdk-mmtk/build/b0test/images/jdk/lib/libjimage.so
7658ad671000-7658ad675000 r--p 00000000 08:03 1410148                    /usr/lib/x86_64-linux-gnu/libgcc_s.so.1
7658ad675000-7658ad699000 r-xp 00004000 08:03 1410148                    /usr/lib/x86_64-linux-gnu/libgcc_s.so.1
7658ad699000-7658ad69d000 r--p 00028000 08:03 1410148                    /usr/lib/x86_64-linux-gnu/libgcc_s.so.1
7658ad69d000-7658ad69e000 r--p 0002b000 08:03 1410148                    /usr/lib/x86_64-linux-gnu/libgcc_s.so.1
7658ad69e000-7658ad69f000 rw-p 0002c000 08:03 1410148                    /usr/lib/x86_64-linux-gnu/libgcc_s.so.1
7658ad69f000-7658ad6a1000 rw-p 00000000 00:00 0 
7658ad6a1000-7658ad6a3000 r--p 00000000 08:03 1409104                    /usr/lib/x86_64-linux-gnu/libz.so.1.3
7658ad6a3000-7658ad6b5000 r-xp 00002000 08:03 1409104                    /usr/lib/x86_64-linux-gnu/libz.so.1.3
7658ad6b5000-7658ad6bb000 r--p 00014000 08:03 1409104                    /usr/lib/x86_64-linux-gnu/libz.so.1.3
7658ad6bb000-7658ad6bc000 r--p 0001a000 08:03 1409104                    /usr/lib/x86_64-linux-gnu/libz.so.1.3
7658ad6bc000-7658ad6bd000 rw-p 0001b000 08:03 1409104                    /usr/lib/x86_64-linux-gnu/libz.so.1.3
7658ad6c2000-7658ad6c3000 rw-s 00000000 00:10 68                         anon_inode:bpf-map
7658ad6c3000-7658ad6c4000 r--s 00000000 00:10 68                         anon_inode:bpf-map
7658ad6c4000-7658ad6c5000 ---p 00000000 00:00 0 
7658ad6c5000-7658ad6c6000 r--p 00000000 00:00 0 
7658ad6c6000-7658ad6c7000 ---p 00000000 00:00 0 
7658ad6c7000-7658ad6c9000 r--p 00000000 fc:00 49676329                   /mydata/openjdk-mmtk/build/b0test/images/jdk/lib/libjli.so
7658ad6c9000-7658ad6d3000 r-xp 00002000 fc:00 49676329                   /mydata/openjdk-mmtk/build/b0test/images/jdk/lib/libjli.so
7658ad6d3000-7658ad6d6000 r--p 0000c000 fc:00 49676329                   /mydata/openjdk-mmtk/build/b0test/images/jdk/lib/libjli.so
7658ad6d6000-7658ad6d7000 r--p 0000f000 fc:00 49676329                   /mydata/openjdk-mmtk/build/b0test/images/jdk/lib/libjli.so
7658ad6d7000-7658ad6d8000 rw-p 00010000 fc:00 49676329                   /mydata/openjdk-mmtk/build/b0test/images/jdk/lib/libjli.so
7658ad6d8000-7658ad6da000 rw-p 00000000 00:00 0 
7658ad6da000-7658ad6de000 r--p 00000000 00:00 0                          [vvar]
7658ad6de000-7658ad6e0000 r--p 00000000 00:00 0                          [vvar_vclock]
7658ad6e0000-7658ad6e2000 r-xp 00000000 00:00 0                          [vdso]
7658ad6e2000-7658ad6e3000 r--p 00000000 08:03 1409763                    /usr/lib/x86_64-linux-gnu/ld-linux-x86-64.so.2
7658ad6e3000-7658ad70e000 r-xp 00001000 08:03 1409763                    /usr/lib/x86_64-linux-gnu/ld-linux-x86-64.so.2
7658ad70e000-7658ad718000 r--p 0002c000 08:03 1409763                    /usr/lib/x86_64-linux-gnu/ld-linux-x86-64.so.2
7658ad718000-7658ad71a000 r--p 00036000 08:03 1409763                    /usr/lib/x86_64-linux-gnu/ld-linux-x86-64.so.2
7658ad71a000-7658ad71c000 rw-p 00038000 08:03 1409763                    /usr/lib/x86_64-linux-gnu/ld-linux-x86-64.so.2
7ffecee5a000-7ffecee7b000 rw-p 00000000 00:00 0                          [stack]
ffffffffff600000-ffffffffff601000 --xp 00000000 00:00 0                  [vsyscall]
Total number of mappings: 336

JVMTI agents: none


VM Arguments:
jvm_args: -XX:+UseThirdPartyHeap -Xms512m -Xmx512m 
java_command: /mydata/dacapo/dacapo-23.11/dacapo-23.11-MR2-chopin.jar xalan -n 3
java_class_path (initial): /mydata/dacapo/dacapo-23.11/dacapo-23.11-MR2-chopin.jar
Launcher Type: SUN_STANDARD

[Global flags]
     intx CICompilerCount                          = 15                                        {product} {ergonomic}
   size_t InitialHeapSize                          = 536870912                                 {product} {command line}
   size_t MaxHeapSize                              = 536870912                                 {product} {command line}
   size_t MinHeapDeltaBytes                        = 524288                                    {product} {ergonomic}
   size_t MinHeapSize                              = 536870912                                 {product} {command line}
    uintx NonNMethodCodeHeapSize                   = 8192380                                {pd product} {ergonomic}
    uintx NonProfiledCodeHeapSize                  = 121732930                              {pd product} {ergonomic}
    uintx ProfiledCodeHeapSize                     = 121732930                              {pd product} {ergonomic}
    uintx ReservedCodeCacheSize                    = 251658240                              {pd product} {ergonomic}
     bool SegmentedCodeCache                       = true                                      {product} {ergonomic}
   size_t SoftMaxHeapSize                          = 536870912                              {manageable} {ergonomic}
     bool UseCompressedOops                        = true                           {product lp64_product} {ergonomic}

Logging:
Log output configuration:
 #0: stdout all=warning uptime,level,tags foldmultilines=false
 #1: stderr all=off uptime,level,tags foldmultilines=false

Release file:
IMPLEMENTOR="N/A"
JAVA_RUNTIME_VERSION="21.0.9-internal-adhoc.talzuss.openjdk-mmtk"
JAVA_VERSION="21.0.9"
JAVA_VERSION_DATE="2025-10-21"
LIBC="gnu"
MODULES="java.base java.compiler java.datatransfer java.xml java.prefs java.desktop java.instrument java.logging java.management java.security.sasl java.naming java.rmi java.management.rmi java.net.http java.scripting java.security.jgss java.transaction.xa java.sql java.sql.rowset java.xml.crypto java.se java.smartcardio jdk.accessibility jdk.internal.jvmstat jdk.attach jdk.charsets jdk.internal.opt jdk.zipfs jdk.compiler jdk.crypto.ec jdk.crypto.cryptoki jdk.dynalink jdk.internal.ed jdk.editpad jdk.hotspot.agent jdk.httpserver jdk.incubator.vector jdk.internal.le jdk.internal.vm.ci jdk.internal.vm.compiler jdk.internal.vm.compiler.management jdk.jartool jdk.javadoc jdk.jcmd jdk.management jdk.management.agent jdk.jconsole jdk.jdeps jdk.jdwp.agent jdk.jdi jdk.jfr jdk.jlink jdk.jpackage jdk.jshell jdk.jsobject jdk.jstatd jdk.localedata jdk.management.jfr jdk.naming.dns jdk.naming.rmi jdk.net jdk.nio.mapmode jdk.random jdk.sctp jdk.security.auth jdk.security.jgss jdk.unsupported jdk.unsupported.desktop jdk.xml.dom"
OS_ARCH="x86_64"
OS_NAME="Linux"
SOURCE=".:git:b557520f04b3+"

Environment Variables:
PATH=/usr/local/sbin:/usr/local/bin:/usr/sbin:/usr/bin:/sbin:/bin:/snap/bin
SHELL=/bin/bash
LANG=en_US.UTF-8
TERM=tmux-256color

Active Locale:
LC_ALL=en_US.UTF-8
LC_COLLATE=en_US.UTF-8
LC_CTYPE=en_US.UTF-8
LC_MESSAGES=en_US.UTF-8
LC_MONETARY=en_US.UTF-8
LC_NUMERIC=en_US.UTF-8
LC_TIME=en_US.UTF-8

Signal Handlers:
   SIGSEGV: crash_handler in libjvm.so, mask=11100100010111111101111111111110, flags=SA_RESTART|SA_SIGINFO, unblocked
    SIGBUS: crash_handler in libjvm.so, mask=11100100010111111101111111111110, flags=SA_RESTART|SA_SIGINFO, unblocked
    SIGFPE: crash_handler in libjvm.so, mask=11100100010111111101111111111110, flags=SA_RESTART|SA_SIGINFO, unblocked
   SIGPIPE: javaSignalHandler in libjvm.so, mask=11100100010111111101111111111110, flags=SA_RESTART|SA_SIGINFO, blocked
   SIGXFSZ: javaSignalHandler in libjvm.so, mask=11100100010111111101111111111110, flags=SA_RESTART|SA_SIGINFO, blocked
    SIGILL: crash_handler in libjvm.so, mask=11100100010111111101111111111110, flags=SA_RESTART|SA_SIGINFO, unblocked
   SIGUSR2: SR_handler in libjvm.so, mask=00000000000000000000000000000000, flags=SA_RESTART|SA_SIGINFO, blocked
    SIGHUP: UserHandler in libjvm.so, mask=11100100010111111101111111111110, flags=SA_RESTART|SA_SIGINFO, blocked
    SIGINT: UserHandler in libjvm.so, mask=11100100010111111101111111111110, flags=SA_RESTART|SA_SIGINFO, blocked
   SIGTERM: UserHandler in libjvm.so, mask=11100100010111111101111111111110, flags=SA_RESTART|SA_SIGINFO, blocked
   SIGQUIT: UserHandler in libjvm.so, mask=11100100010111111101111111111110, flags=SA_RESTART|SA_SIGINFO, blocked
   SIGTRAP: crash_handler in libjvm.so, mask=11100100010111111101111111111110, flags=SA_RESTART|SA_SIGINFO, unblocked


Periodic native trim disabled

---------------  S Y S T E M  ---------------

OS:
DISTRIB_ID=Ubuntu
DISTRIB_RELEASE=24.04
DISTRIB_CODENAME=noble
DISTRIB_DESCRIPTION="Ubuntu 24.04.4 LTS"
uname: Linux 6.17.0-bpf-fault+ #1 SMP PREEMPT_DYNAMIC Mon Jul  6 16:43:12 MDT 2026 x86_64
OS uptime: 0 days 19:09 hours
libc: glibc 2.39 NPTL 2.39 
rlimit (soft/hard): STACK 8192k/infinity , CORE 0k/0k , NPROC 513205/513205 , NOFILE 1048576/1048576 , AS infinity/infinity , CPU infinity/infinity , DATA infinity/infinity , FSIZE infinity/infinity , MEMLOCK 16436528k/16436528k
load average: 1.16 0.76 0.60

/proc/meminfo:
MemTotal:       131492232 kB
MemFree:        82420968 kB
MemAvailable:   124183136 kB
Buffers:          507452 kB
Cached:         40662152 kB
SwapCached:            0 kB
Active:          1930112 kB
Inactive:       40360184 kB
Active(anon):    1137140 kB
Inactive(anon):        0 kB
Active(file):     792972 kB
Inactive(file): 40360184 kB
Unevictable:       41912 kB
Mlocked:           38840 kB
SwapTotal:       8388604 kB
SwapFree:        8388604 kB
Zswap:                 0 kB
Zswapped:              0 kB
Dirty:           1178764 kB
Writeback:             0 kB
AnonPages:       1164028 kB
Mapped:          3390664 kB
Shmem:              5316 kB
KReclaimable:    1860248 kB
Slab:            2377860 kB
SReclaimable:    1860248 kB
SUnreclaim:       517612 kB
KernelStack:        9936 kB
PageTables:        27200 kB
SecPageTables:      8684 kB
NFS_Unstable:          0 kB
Bounce:                0 kB
WritebackTmp:          0 kB
CommitLimit:    74134720 kB
Committed_AS:   159616820 kB
VmallocTotal:   34359738367 kB
VmallocUsed:       35828 kB
VmallocChunk:          0 kB
Percpu:            48896 kB
HardwareCorrupted:     0 kB
AnonHugePages:         0 kB
ShmemHugePages:        0 kB
ShmemPmdMapped:        0 kB
FileHugePages:   2152448 kB
FilePmdMapped:         0 kB
Unaccepted:            0 kB
Balloon:               0 kB
HugePages_Total:       0
HugePages_Free:        0
HugePages_Rsvd:        0
HugePages_Surp:        0
Hugepagesize:       2048 kB
Hugetlb:               0 kB
DirectMap4k:      619328 kB
DirectMap2M:    18890752 kB
DirectMap1G:    114294784 kB

/sys/kernel/mm/transparent_hugepage/enabled: always [madvise] never
/sys/kernel/mm/transparent_hugepage/hpage_pmd_size: 2097152
/sys/kernel/mm/transparent_hugepage/defrag (defrag/compaction efforts parameter): always defer defer+madvise [madvise] never

Process Memory:
Virtual Size: 13617507092K (peak: 13617568032K)
Resident Set Size: 3767820K (peak: 3767820K) (anon: 594764K, file: 3173056K, shmem: 0K)
Swapped out: 0K
C-Heap outstanding allocations: 1336552K, retained: 6379K
glibc malloc tunables: (default)

/proc/sys/kernel/threads-max (system-wide limit on the number of threads): 1026411
/proc/sys/vm/max_map_count (maximum number of memory map areas a process may have): 1048576
/proc/sys/vm/swappiness (control to define how aggressively the kernel swaps out anonymous memory): 60
/proc/sys/kernel/pid_max (system-wide limit on number of process identifiers): 4194304

container information not found.
Steal ticks since vm start: 0
Steal ticks percentage since vm start:  0.000

CPU: total 32 (initial active 32) (32 cores per cpu, 2 threads per core) family 23 model 49 stepping 0 microcode 0x830107c, cx8, cmov, fxsr, ht, mmx, 3dnowpref, sse, sse2, sse3, ssse3, sse4a, sse4.1, sse4.2, popcnt, lzcnt, tsc, tscinvbit, avx, avx2, aes, clmul, bmi1, bmi2, adx, sha, fma, vzeroupper, clflush, clflushopt, rdtscp, rdpid, f16c
CPU Model and flags from /proc/cpuinfo:
model name	: AMD EPYC 7302P 16-Core Processor
flags		: fpu vme de pse tsc msr pae mce cx8 apic sep mtrr pge mca cmov pat pse36 clflush mmx fxsr sse sse2 ht syscall nx mmxext fxsr_opt pdpe1gb rdtscp lm constant_tsc rep_good nopl xtopology nonstop_tsc cpuid extd_apicid aperfmperf rapl pni pclmulqdq monitor ssse3 fma cx16 sse4_1 sse4_2 movbe popcnt aes xsave avx f16c rdrand lahf_lm cmp_legacy svm extapic cr8_legacy abm sse4a misalignsse 3dnowprefetch osvw ibs skinit wdt tce topoext perfctr_core perfctr_nb bpext perfctr_llc mwaitx cpb cat_l3 cdp_l3 hw_pstate ssbd mba ibrs ibpb stibp vmmcall fsgsbase bmi1 avx2 smep bmi2 cqm rdt_a rdseed adx smap clflushopt clwb sha_ni xsaveopt xsavec xgetbv1 xsaves cqm_llc cqm_occup_llc cqm_mbm_total cqm_mbm_local clzero irperf xsaveerptr rdpru wbnoinvd amd_ppin arat npt lbrv svm_lock nrip_save tsc_scale vmcb_clean flushbyasid decodeassists pausefilter pfthreshold avic v_vmsave_vmload vgif v_spec_ctrl umip rdpid overflow_recov succor smca sev sev_es

Online cpus: 0-31
Offline cpus: 
BIOS frequency limitation: <Not Available>
Frequency switch latency (ns): <Not Available>
Available cpu frequencies: <Not Available>
Current governor: <Not Available>
Core performance/turbo boost: <Not Available>

Memory: 4k page, physical 131492232k(124183136k free), swap 8388604k(8388604k free)
Page Sizes: 4k

vm_info: OpenJDK 64-Bit Server VM (21.0.9-internal-adhoc.talzuss.openjdk-mmtk) for linux-amd64 JRE (21.0.9-internal-adhoc.talzuss.openjdk-mmtk), built on 2026-07-06T23:13:08Z by "talzuss" with gcc 13.3.0
heap_info: MMTk OpenJDK 0.32.0 (15c0350-dirty), using MMTk 0.32.0 (06c0b68-dirty, BUILTIN_ENV_LOGGER, DEFAULT, EAGER_SWEEPING, VO_BIT)

END.
