#
# A fatal error has been detected by the Java Runtime Environment:
#
#  SIGSEGV (0xb) at pc=0x0000714a2b2c3820, pid=463580, tid=463604
#
# JRE version: OpenJDK Runtime Environment (21.0.9) (build 21.0.9-internal-adhoc.talzuss.openjdk-mmtk)
# Java VM: OpenJDK 64-Bit Server VM (21.0.9-internal-adhoc.talzuss.openjdk-mmtk, mixed mode, sharing, tiered, compressed oops, compressed class ptrs, third-party gc, linux-amd64)
# Problematic frame:
# V  [libjvm.so+0xcc3820]  mmtk_get_object_size(void*)+0x30
#
# No core dump will be written. Core dumps have been disabled. To enable core dumping, try "ulimit -c unlimited" before starting Java again
#
# If you would like to submit a bug report, please visit:
#   https://bugreport.java.com/bugreport/crash.jsp
#

---------------  S U M M A R Y ------------

Command Line: -XX:+UseThirdPartyHeap -Xms512m -Xmx512m /mydata/dacapo/dacapo-23.11/dacapo-23.11-MR2-chopin.jar xalan -n 3

Host: AMD EPYC 7302P 16-Core Processor, 32 cores, 125G, Ubuntu 24.04.4 LTS
Time: Tue Jul  7 20:20:44 2026 MDT elapsed time: 4.883441 seconds (0d 0h 0m 4s)

---------------  T H R E A D  ---------------

Current thread (0x0000714a2453f7c0):  NamedThread "MMTk Collector Thread" [id=463604, stack(0x0000649d34efe000,0x0000649d34ffe000) (1024K)]

Stack: [0x0000649d34efe000,0x0000649d34ffe000],  sp=0x0000649d34ffc8f8,  free space=1018k
Native frames: (J=compiled Java code, j=interpreted, Vv=VM code, C=native code)
V  [libjvm.so+0xcc3820]  mmtk_get_object_size(void*)+0x30  (mmtkUpcalls.cpp:217)

siginfo: si_signo: 11 (SIGSEGV), si_code: 1 (SEGV_MAPERR), si_addr: 0x0000000000000100

Registers:
RAX=0x0000000000000000, RBX=0x000000000000000f, RCX=0x0000000000000000, RDX=0x0000714a2a8eebe0
RSP=0x0000649d34ffc8f8, RBP=0x7fffffffffffffff, RSI=0x0000000057584ac0, RDI=0x0000649d46584a80
R8 =0x0000649c980008e0, R9 =0x0000000000000007, R10=0x0000649ca8019630, R11=0x72746195173b996e
R12=0x0000000000000000, R13=0x0000000000000008, R14=0x0000000057584ac0, R15=0x000000005cc98df8
RIP=0x0000714a2b2c3820, EFLAGS=0x0000000000010202, CSGSFS=0x002b000000000033, ERR=0x0000000000000004
  TRAPNO=0x000000000000000e

XMM[0]=0x0000649ca8000090 0x0000649ca8000090
XMM[1]=0x0000000000000000 0x0000649ca8000090
XMM[2]=0x000000005cc98e98 0x000000005cc98e78
XMM[3]=0x000000005cc98e18 0x000000005cc98f48
XMM[4]=0x0000000000000000 0x0000649ca8000090
XMM[5]=0x000000005cceb110 0x000000005cceb0f0
XMM[6]=0x000000005cceb030 0x000000005cceaff0
XMM[7]=0x000000005cceaf70 0x000000005cceaf30
XMM[8]=0x0000000040288600 0x00000000402885a0
XMM[9]=0x0000000000000000 0x0000000000000000
XMM[10]=0x3f3f3f3f3f3f3f3f 0x3f3f3f3f3f3f3f3f
XMM[11]=0x9999999999999999 0x9999999999999999
XMM[12]=0x2020202020202020 0x2020202020202020
XMM[13]=0x0000000000000000 0x0000000000000000
XMM[14]=0x0000000000000000 0x0000000000000000
XMM[15]=0x0000000000000000 0x0000000000000000
  MXCSR=0x00001fa2


Register to memory mapping:

RAX=0x0 is null
RBX=
[error occurred during error reporting (printing register info), id 0xe0000000, Internal Error (/mydata/mmtk-openjdk/openjdk/share/mmtkHeap.cpp:444)]
RCX=0x0 is null
RDX=
[error occurred during error reporting (printing register info, attempt 2), id 0xe0000000, Internal Error (/mydata/mmtk-openjdk/openjdk/share/mmtkHeap.cpp:444)]
RSP=
[error occurred during error reporting (printing register info, attempt 3), id 0xe0000000, Internal Error (/mydata/mmtk-openjdk/openjdk/share/mmtkHeap.cpp:444)]
Top of Stack: (sp=0x0000649d34ffc8f8)
0x0000649d34ffc8f8:   0000714a2a2d3eba 0000714a243e0530
0x0000649d34ffc908:   0000000057584ac0 000000005cc98df8
0x0000649d34ffc918:   0000714a2a2856ff 0000000057584ac0
0x0000649d34ffc928:   0000000000000000 0000000000000008
0x0000649d34ffc938:   0000000000000000 0000000000000000
0x0000649d34ffc948:   0000714a2a40b504 0000649ca8006900
0x0000649d34ffc958:   00000000000002c0 000000005cc98df8
0x0000649d34ffc968:   0000714a2a1a22b0 0000649d34ffca58
0x0000649d34ffc978:   0000714a2a1a22b0 0000000000000000
0x0000649d34ffc988:   0000000000000001 0000714a2a3e55a0
0x0000649d34ffc998:   0000649d34ffc960 0000649d34ffc948
0x0000649d34ffc9a8:   0000000000000002 0000000000000000
0x0000649d34ffc9b8:   0000714a2a1a22b0 0000649d34ffca10
0x0000649d34ffc9c8:   0000714a2a1a22b0 0000649d34ffcaa8
0x0000649d34ffc9d8:   0000714a2a1a22b0 0000649d34ffcab0
0x0000649d34ffc9e8:   0000714a2a1a22b0 0000000000000001
0x0000649d34ffc9f8:   8000000000000000 0000649cef1b6e58
0x0000649d34ffca08:   0000714a243e0530 0000000000000000
0x0000649d34ffca18:   0000000000008000 0000649ca8019dc0
0x0000649d34ffca28:   0000000000006925 0000649d34ffc960
0x0000649d34ffca38:   0000649d34ffc990 0000000000000800
0x0000649d34ffca48:   0000649ca80110b0 000000000000077a
0x0000649d34ffca58:   0000000000000000 0000000000080000
0x0000649d34ffca68:   0000649ca8019dc0 000000000005f4da
0x0000649d34ffca78:   0000000000040000 0000649ca8419dd0
0x0000649d34ffca88:   0000000000021301 00000000000212d1
0x0000649d34ffca98:   0000000000000000 0000000000000000
0x0000649d34ffcaa8:   0000000000000000 0000000000000030
0x0000649d34ffcab8:   0000649d34ffc948 0000649d34ffc948
0x0000649d34ffcac8:   0000649d34ffc928 00000000000002c0
0x0000649d34ffcad8:   0000714a24046210 0000714a2406d080
0x0000649d34ffcae8:   0000000000000001 0000714a2a3cd050 

Instructions: (pc=0x0000714a2b2c3820)
0x0000714a2b2c3720:   48 d3 e8 48 89 c1 89 0a 48 83 c4 08 5b 41 5c 41
0x0000714a2b2c3730:   5d 5d c3 0f 1f 44 00 00 4c 8d 25 9d af 87 00 4c
0x0000714a2b2c3740:   8d 14 f2 49 89 f8 eb 29 0f 1f 84 00 00 00 00 00
0x0000714a2b2c3750:   4c 8d 1d 59 77 83 00 89 ce 41 8b 4b 08 48 d3 e6
0x0000714a2b2c3760:   48 89 f1 49 03 0b 74 20 48 83 c0 08 49 39 c2 74
0x0000714a2b2c3770:   84 48 8b 10 4c 89 c3 4c 39 c2 74 ec 4d 63 0c 24
0x0000714a2b2c3780:   41 8b 0c 11 85 c9 75 c8 4d 01 c1 31 c9 48 85 d2
0x0000714a2b2c3790:   74 16 48 8d 0d 17 77 83 00 48 89 d6 48 2b 31 8b
0x0000714a2b2c37a0:   49 08 48 d3 ee 48 89 f1 41 89 09 48 89 d3 49 89
0x0000714a2b2c37b0:   d0 eb b5 0f 1f 44 00 00 c3 0f 1f 80 00 00 00 00
0x0000714a2b2c37c0:   48 89 02 48 83 c4 08 5b 41 5c 41 5d 5d c3 66 90
0x0000714a2b2c37d0:   4c 8d 2d de 8c 87 00 4c 8d 25 fe ae 87 00 48 89
0x0000714a2b2c37e0:   fb e9 0f ff ff ff 66 2e 0f 1f 84 00 00 00 00 00
0x0000714a2b2c37f0:   f3 0f 1e fa 48 8d 05 0d 8f 83 00 48 89 fe 80 38
0x0000714a2b2c3800:   00 74 3d 48 8d 05 96 76 83 00 8b 7f 08 8b 48 08
0x0000714a2b2c3810:   48 d3 e7 48 03 38 48 8b 07 48 8d 15 c0 b3 62 ff
0x0000714a2b2c3820:   48 8b 80 00 01 00 00 48 39 d0 75 24 8b 47 08 c1
0x0000714a2b2c3830:   f8 03 48 98 48 c1 e0 03 c3 0f 1f 80 00 00 00 00
0x0000714a2b2c3840:   48 8b 7f 08 eb d0 66 2e 0f 1f 84 00 00 00 00 00
0x0000714a2b2c3850:   55 48 89 e5 ff d0 5d 48 c1 e0 03 c3 0f 1f 40 00
0x0000714a2b2c3860:   f3 0f 1e fa 55 48 89 e5 53 48 83 ec 08 66 48 8d
0x0000714a2b2c3870:   3d f3 26 83 00 66 66 48 e8 f3 5d 5e ff 48 8b 18
0x0000714a2b2c3880:   48 8d 05 f1 89 87 00 80 38 00 c7 83 64 07 00 00
0x0000714a2b2c3890:   06 00 00 00 75 05 f0 83 04 24 00 48 8b 83 68 07
0x0000714a2b2c38a0:   00 00 a8 01 75 3a 8b 83 60 07 00 00 a8 0c 75 49
0x0000714a2b2c38b0:   c7 83 64 07 00 00 06 00 00 00 e8 61 5c 5e ff 48
0x0000714a2b2c38c0:   8d bb b8 06 00 00 e8 15 ff ae ff c7 83 64 07 00
0x0000714a2b2c38d0:   00 04 00 00 00 48 8b 5d f8 c9 c3 0f 1f 44 00 00
0x0000714a2b2c38e0:   31 d2 be 01 00 00 00 48 89 df e8 71 cf 11 00 8b
0x0000714a2b2c38f0:   83 60 07 00 00 a8 0c 74 b7 48 89 df e8 4f 06 c8
0x0000714a2b2c3900:   ff eb ad 66 66 2e 0f 1f 84 00 00 00 00 00 66 90
0x0000714a2b2c3910:   f3 0f 1e fa 55 48 89 f1 48 89 f8 31 d2 48 89 e5 


Stack slot to memory mapping:

stack at sp + 0 slots: 
[error occurred during error reporting (inspecting top of stack), id 0xe0000000, Internal Error (/mydata/mmtk-openjdk/openjdk/share/mmtkHeap.cpp:444)]
stack at sp + 1 slots: 
[error occurred during error reporting (inspecting top of stack, attempt 2), id 0xe0000000, Internal Error (/mydata/mmtk-openjdk/openjdk/share/mmtkHeap.cpp:444)]
stack at sp + 2 slots: 
[error occurred during error reporting (inspecting top of stack, attempt 3), id 0xe0000000, Internal Error (/mydata/mmtk-openjdk/openjdk/share/mmtkHeap.cpp:444)]

---------------  P R O C E S S  ---------------

Threads class SMR info:
_java_thread_list=0x0000649bb0259870, length=49, elements={
0x0000714a2402b240, 0x0000714a24526f70, 0x0000714a24528800, 0x0000714a2452a2f0,
0x0000714a24548b40, 0x0000714a2454a490, 0x0000714a2454bd50, 0x0000714a2454db90,
0x0000714a24557560, 0x0000714a245a65b0, 0x0000714a245a95b0, 0x0000649c5c015330,
0x0000649c640a86d0, 0x0000714a247b7000, 0x0000714a247b98d0, 0x0000714a247ba2f0,
0x0000714a247bb550, 0x0000714a247bc920, 0x0000714a247bdcf0, 0x0000714a247bf190,
0x0000714a247c0700, 0x0000714a247c1ad0, 0x0000714a247c2f80, 0x0000714a247c4510,
0x0000714a247c5aa0, 0x0000714a247c6f50, 0x0000714a247c8400, 0x0000714a247c97a0,
0x0000714a247cac50, 0x0000714a247cc490, 0x0000714a247cda50, 0x0000714a247d04c0,
0x0000714a247d1aa0, 0x0000714a247d3080, 0x0000714a243e1ab0, 0x0000714a243e2ea0,
0x0000714a245cf5c0, 0x0000714a245d04d0, 0x0000714a245d1d00, 0x0000714a245d31a0,
0x0000714a245d4640, 0x0000714a245d6050, 0x0000714a245d78e0, 0x0000714a245d9430,
0x0000649c44055110, 0x0000649c600b61c0, 0x0000649c680d01c0, 0x0000649c680d1910,
0x0000649c5c0ae320
}

Java Threads: ( => current thread )
  0x0000714a2402b240 JavaThread "main"                              [_thread_blocked, id=463581, stack(0x0000714a2a417000,0x0000714a2a517000) (1024K)]
  0x0000714a24526f70 JavaThread "Reference Handler"          daemon [_thread_blocked, id=463586, stack(0x0000714a28efc000,0x0000714a28ffc000) (1024K)]
  0x0000714a24528800 JavaThread "Finalizer"                  daemon [_thread_blocked, id=463587, stack(0x0000714a28b00000,0x0000714a28c00000) (1024K)]
  0x0000714a2452a2f0 JavaThread "MMTk Finalizer Thread"      daemon [_thread_blocked, id=463588, stack(0x0000714a28a00000,0x0000714a28b00000) (1024K)]
  0x0000714a24548b40 JavaThread "Signal Dispatcher"          daemon [_thread_blocked, id=463612, stack(0x0000649d346f6000,0x0000649d347f6000) (1024K)]
  0x0000714a2454a490 JavaThread "Service Thread"             daemon [_thread_blocked, id=463613, stack(0x0000649d345f6000,0x0000649d346f6000) (1024K)]
  0x0000714a2454bd50 JavaThread "Monitor Deflation Thread"   daemon [_thread_blocked, id=463614, stack(0x0000649d344f6000,0x0000649d345f6000) (1024K)]
  0x0000714a2454db90 JavaThread "C2 CompilerThread0"         daemon [_thread_blocked, id=463615, stack(0x0000649d343f6000,0x0000649d344f6000) (1024K)]
  0x0000714a24557560 JavaThread "C1 CompilerThread0"         daemon [_thread_blocked, id=463616, stack(0x0000649d342f6000,0x0000649d343f6000) (1024K)]
  0x0000714a245a65b0 JavaThread "Notification Thread"        daemon [_thread_blocked, id=463619, stack(0x0000649ceef00000,0x0000649cef000000) (1024K)]
  0x0000714a245a95b0 JavaThread "Common-Cleaner"             daemon [_thread_blocked, id=463620, stack(0x0000649ceee00000,0x0000649ceef00000) (1024K)]
  0x0000649c5c015330 JavaThread "C2 CompilerThread1"         daemon [_thread_blocked, id=463621, stack(0x0000649ceed00000,0x0000649ceee00000) (1024K)]
  0x0000649c640a86d0 JavaThread "C2 CompilerThread2"         daemon [_thread_blocked, id=463624, stack(0x0000649ceea00000,0x0000649ceeb00000) (1024K)]
  0x0000714a247b7000 JavaThread "Thread-0"                          [_thread_blocked, id=463625, stack(0x0000649cee900000,0x0000649ceea00000) (1024K)]
  0x0000714a247b98d0 JavaThread "Thread-1"                          [_thread_blocked, id=463626, stack(0x0000649cee800000,0x0000649cee900000) (1024K)]
  0x0000714a247ba2f0 JavaThread "Thread-2"                          [_thread_blocked, id=463627, stack(0x0000649cee700000,0x0000649cee800000) (1024K)]
  0x0000714a247bb550 JavaThread "Thread-3"                          [_thread_blocked, id=463628, stack(0x0000649cee600000,0x0000649cee700000) (1024K)]
  0x0000714a247bc920 JavaThread "Thread-4"                          [_thread_blocked, id=463629, stack(0x0000649cee500000,0x0000649cee600000) (1024K)]
  0x0000714a247bdcf0 JavaThread "Thread-5"                          [_thread_blocked, id=463630, stack(0x0000649cee400000,0x0000649cee500000) (1024K)]
  0x0000714a247bf190 JavaThread "Thread-6"                          [_thread_blocked, id=463631, stack(0x0000649cee300000,0x0000649cee400000) (1024K)]
  0x0000714a247c0700 JavaThread "Thread-7"                          [_thread_blocked, id=463632, stack(0x0000649cee200000,0x0000649cee300000) (1024K)]
  0x0000714a247c1ad0 JavaThread "Thread-8"                          [_thread_blocked, id=463633, stack(0x0000649cee100000,0x0000649cee200000) (1024K)]
  0x0000714a247c2f80 JavaThread "Thread-9"                          [_thread_blocked, id=463634, stack(0x0000649cee000000,0x0000649cee100000) (1024K)]
  0x0000714a247c4510 JavaThread "Thread-10"                         [_thread_blocked, id=463635, stack(0x0000649cedf00000,0x0000649cee000000) (1024K)]
  0x0000714a247c5aa0 JavaThread "Thread-11"                         [_thread_blocked, id=463636, stack(0x0000649cede00000,0x0000649cedf00000) (1024K)]
  0x0000714a247c6f50 JavaThread "Thread-12"                         [_thread_blocked, id=463637, stack(0x0000649cedd00000,0x0000649cede00000) (1024K)]
  0x0000714a247c8400 JavaThread "Thread-13"                         [_thread_blocked, id=463638, stack(0x0000649cedc00000,0x0000649cedd00000) (1024K)]
  0x0000714a247c97a0 JavaThread "Thread-14"                         [_thread_blocked, id=463639, stack(0x0000649cedb00000,0x0000649cedc00000) (1024K)]
  0x0000714a247cac50 JavaThread "Thread-15"                         [_thread_blocked, id=463640, stack(0x0000649ceda00000,0x0000649cedb00000) (1024K)]
  0x0000714a247cc490 JavaThread "Thread-16"                         [_thread_blocked, id=463641, stack(0x0000649ced900000,0x0000649ceda00000) (1024K)]
  0x0000714a247cda50 JavaThread "Thread-17"                         [_thread_blocked, id=463642, stack(0x0000649ced800000,0x0000649ced900000) (1024K)]
  0x0000714a247d04c0 JavaThread "Thread-19"                         [_thread_blocked, id=463644, stack(0x0000649ced600000,0x0000649ced700000) (1024K)]
  0x0000714a247d1aa0 JavaThread "Thread-20"                         [_thread_blocked, id=463645, stack(0x0000649ced500000,0x0000649ced600000) (1024K)]
  0x0000714a247d3080 JavaThread "Thread-21"                         [_thread_blocked, id=463646, stack(0x0000649ced400000,0x0000649ced500000) (1024K)]
  0x0000714a243e1ab0 JavaThread "Thread-22"                         [_thread_blocked, id=463647, stack(0x0000649ced300000,0x0000649ced400000) (1024K)]
  0x0000714a243e2ea0 JavaThread "Thread-23"                         [_thread_blocked, id=463648, stack(0x0000649ced200000,0x0000649ced300000) (1024K)]
  0x0000714a245cf5c0 JavaThread "Thread-24"                         [_thread_blocked, id=463649, stack(0x0000649ced100000,0x0000649ced200000) (1024K)]
  0x0000714a245d04d0 JavaThread "Thread-25"                         [_thread_blocked, id=463650, stack(0x0000649ced000000,0x0000649ced100000) (1024K)]
  0x0000714a245d1d00 JavaThread "Thread-26"                         [_thread_blocked, id=463651, stack(0x0000649cecf00000,0x0000649ced000000) (1024K)]
  0x0000714a245d31a0 JavaThread "Thread-27"                         [_thread_blocked, id=463652, stack(0x0000649cece00000,0x0000649cecf00000) (1024K)]
  0x0000714a245d4640 JavaThread "Thread-28"                         [_thread_blocked, id=463653, stack(0x0000649cecd00000,0x0000649cece00000) (1024K)]
  0x0000714a245d6050 JavaThread "Thread-29"                         [_thread_blocked, id=463654, stack(0x0000649cecc00000,0x0000649cecd00000) (1024K)]
  0x0000714a245d78e0 JavaThread "Thread-30"                         [_thread_blocked, id=463655, stack(0x0000649cecb00000,0x0000649cecc00000) (1024K)]
  0x0000714a245d9430 JavaThread "Thread-31"                         [_thread_blocked, id=463656, stack(0x0000649ceca00000,0x0000649cecb00000) (1024K)]
  0x0000649c44055110 JavaThread "C2 CompilerThread3"         daemon [_thread_blocked, id=463657, stack(0x0000649cec900000,0x0000649ceca00000) (1024K)]
  0x0000649c600b61c0 JavaThread "C2 CompilerThread4"         daemon [_thread_blocked, id=463658, stack(0x0000649cec800000,0x0000649cec900000) (1024K)]
  0x0000649c680d01c0 JavaThread "C2 CompilerThread5"         daemon [_thread_blocked, id=463659, stack(0x0000649cec700000,0x0000649cec800000) (1024K)]
  0x0000649c680d1910 JavaThread "C2 CompilerThread6"         daemon [_thread_blocked, id=463660, stack(0x0000649cec600000,0x0000649cec700000) (1024K)]
  0x0000649c5c0ae320 JavaThread "C2 CompilerThread7"         daemon [_thread_blocked, id=463661, stack(0x0000649cec500000,0x0000649cec600000) (1024K)]
Total: 49

Other Threads:
  0x0000714a2451bac0 VMThread "VM Thread"                           [id=463585, stack(0x0000714a28ffd000,0x0000714a290fd000) (1024K)]
  0x0000714a24509780 WatcherThread "VM Periodic Task Thread"        [id=463584, stack(0x0000714a290fe000,0x0000714a291fe000) (1024K)]

=>0x0000714a2453f7c0 (exited) NamedThread "MMTk Collector Thread"   [id=463604, stack(0x0000649d34efe000,0x0000649d34ffe000) (1024K)]
Total: 3

Threads with active compile tasks:
C2 CompilerThread1  6629 3568       4       org.apache.xml.dtm.ref.sax2dtm.SAX2DTM::<init> (363 bytes)
C2 CompilerThread3  6629 3561   !   4       org.apache.xml.serializer.SerializerFactory::getSerializer (242 bytes)
C2 CompilerThread5  6629 3583  s!   4       org.apache.xml.dtm.ref.DTMManagerDefault::getDTM (900 bytes)
Total: 3

VM state: at safepoint (normal execution)

VM Mutex/Monitor currently owned by a thread:  ([mutex/lock_event])
[0x0000714a2bb580d0] Threads_lock - owner thread: 0x0000714a2451bac0
[0x0000714a2bb57fd0] Heap_lock - owner thread: 0x0000714a243e5110

Heap address: 0x0000000040000000, size: 3072 MB, Compressed Oops mode: 32-bit

CDS archive(s) mapped at: [0x0000649cef000000-0x0000649cefca3000-0x0000649cefca3000), size 13250560, SharedBaseAddress: 0x0000649cef000000, ArchiveRelocationMode: 1.
Compressed class space mapped at: 0x0000649cf0000000-0x0000649d30000000, reserved size: 1073741824
Narrow klass base: 0x0000649cef000000, Narrow klass shift: 0, Narrow klass range: 0x100000000

GC Precious Log:
<Empty>

Heap:

[error occurred during error reporting (printing heap information), id 0xe0000000, Internal Error (/mydata/mmtk-openjdk/openjdk/share/mmtkHeap.cpp:424)]
Metaspace:

Usage:
  Non-class:      7.14 MB used.
      Class:    971.40 KB used.
       Both:      8.08 MB used.

Virtual space:
  Non-class space:       64.00 MB reserved,       7.25 MB ( 11%) committed,  1 nodes.
      Class space:        1.00 GB reserved,       1.06 MB ( <1%) committed,  1 nodes.
             Both:        1.06 GB reserved,       8.31 MB ( <1%) committed. 

Chunk freelists:
   Non-Class:  7.26 MB
       Class:  14.97 MB
        Both:  22.24 MB

MaxMetaspaceSize: unlimited
CompressedClassSpaceSize: 1.00 GB
Initial GC threshold: 21.00 MB
Current GC threshold: 21.00 MB
CDS: on
 - commit_granule_bytes: 65536.
 - commit_granule_words: 8192.
 - virtual_space_node_default_size: 8388608.
 - enlarge_chunks_in_place: 1.
 - use_allocation_guard: 0.


Internal statistics:

num_allocs_failed_limit: 0.
num_arena_births: 132.
num_arena_deaths: 0.
num_vsnodes_births: 2.
num_vsnodes_deaths: 0.
num_space_committed: 133.
num_space_uncommitted: 0.
num_chunks_returned_to_freelist: 0.
num_chunks_taken_from_freelist: 388.
num_chunk_merges: 0.
num_chunk_splits: 271.
num_chunks_enlarged: 204.
num_inconsistent_stats: 0.

CodeHeap 'non-profiled nmethods': size=118880Kb used=4695Kb max_used=4695Kb free=114184Kb
 bounds [0x0000714a143e8000, 0x0000714a14888000, 0x0000714a1b800000]
CodeHeap 'profiled nmethods': size=118876Kb used=7078Kb max_used=7078Kb free=111797Kb
 bounds [0x0000714a0c800000, 0x0000714a0cef0000, 0x0000714a13c17000]
CodeHeap 'non-nmethods': size=8004Kb used=1208Kb max_used=3602Kb free=6795Kb
 bounds [0x0000714a13c17000, 0x0000714a13fa7000, 0x0000714a143e8000]
CodeCache: size=245760Kb, used=12981Kb, max_used=15375Kb, free=232776Kb
 total_blobs=4060, nmethods=3583, adapters=380, full_count=0
Compilation: enabled, stopped_count=0, restarted_count=0

Compilation events (20 events):
Event: 4.818 Thread 0x0000649c5c0ae320 3587  s    4       org.apache.xml.dtm.ref.DTMManagerDefault::addDTM (117 bytes)
Event: 4.820 Thread 0x0000649c5c0ae320 nmethod 3587 0x0000714a1486a890 code [0x0000714a1486aa40, 0x0000714a1486aec8]
Event: 4.820 Thread 0x0000649c5c0ae320 3580       4       org.apache.xerces.parsers.XML11Configuration::configurePipeline (605 bytes)
Event: 4.829 Thread 0x0000649c680d01c0 nmethod 3582 0x0000714a1486b110 code [0x0000714a1486b440, 0x0000714a1486c548]
Event: 4.829 Thread 0x0000649c680d01c0 3581       4       org.apache.xerces.impl.XMLDTDScannerImpl::reset (10 bytes)
Event: 4.830 Thread 0x0000649c600b61c0 nmethod 3565 0x0000714a1486d190 code [0x0000714a1486d560, 0x0000714a1486f998]
Event: 4.830 Thread 0x0000649c600b61c0 3585   !   4       org.apache.xerces.impl.dtd.XMLDTDProcessor::reset (235 bytes)
Event: 4.831 Thread 0x0000649c680d01c0 nmethod 3581 0x0000714a14870f10 code [0x0000714a148710a0, 0x0000714a14871200]
Event: 4.831 Thread 0x0000649c680d01c0 3583  s!   4       org.apache.xml.dtm.ref.DTMManagerDefault::getDTM (900 bytes)
Event: 4.832 Thread 0x0000649c5c0ae320 nmethod 3580 0x0000714a14871390 code [0x0000714a14871620, 0x0000714a14871e90]
Event: 4.832 Thread 0x0000649c5c0ae320 3586       4       org.apache.xerces.impl.io.UTF8Reader::<init> (43 bytes)
Event: 4.833 Thread 0x0000649c5c0ae320 nmethod 3586 0x0000714a14872610 code [0x0000714a148727a0, 0x0000714a148729c0]
Event: 4.833 Thread 0x0000649c5c0ae320 3584  s    4       org.apache.xml.dtm.ref.DTMManagerDefault::getFirstFreeDTMID (33 bytes)
Event: 4.834 Thread 0x0000649c600b61c0 nmethod 3585 0x0000714a14872a90 code [0x0000714a14872c40, 0x0000714a14872fa0]
Event: 4.834 Thread 0x0000649c600b61c0 3575   !   4       org.apache.xalan.transformer.TransformerImpl::transform (47 bytes)
Event: 4.835 Thread 0x0000649c5c0ae320 nmethod 3584 0x0000714a14873190 code [0x0000714a14873320, 0x0000714a14873588]
Event: 4.856 Thread 0x0000649c600b61c0 nmethod 3575 0x0000714a14873710 code [0x0000714a148738c0, 0x0000714a14873ca8]
Event: 4.858 Thread 0x0000714a2454db90 nmethod 3573 0x0000714a14873f10 code [0x0000714a14874220, 0x0000714a148766f0]
Event: 4.858 Thread 0x0000649c680d1910 nmethod 3571 0x0000714a14877490 code [0x0000714a148777a0, 0x0000714a14879c68]
Event: 4.859 Thread 0x0000649c640a86d0 nmethod 3570 0x0000714a1487aa10 code [0x0000714a1487ad20, 0x0000714a1487d1e8]

GC Heap History (0 events):
No events

Dll operation events (7 events):
Event: 0.001 Loaded shared library /mydata/openjdk-mmtk/build/b0test/images/jdk/lib/libjava.so
Event: 2.205 Loaded shared library /mydata/openjdk-mmtk/build/b0test/images/jdk/lib/libjsvml.so
Event: 2.217 Loaded shared library /mydata/openjdk-mmtk/build/b0test/images/jdk/lib/libnio.so
Event: 2.221 Loaded shared library /mydata/openjdk-mmtk/build/b0test/images/jdk/lib/libzip.so
Event: 2.234 Loaded shared library /mydata/openjdk-mmtk/build/b0test/images/jdk/lib/libjimage.so
Event: 2.261 Loaded shared library /mydata/openjdk-mmtk/build/b0test/images/jdk/lib/libnet.so
Event: 2.357 Loaded shared library /mydata/openjdk-mmtk/build/b0test/images/jdk/lib/libverify.so

Deoptimization events (20 events):
Event: 4.585 Thread 0x0000714a247c1ad0 Uncommon trap: trap_request=0xffffff6e fr.pc=0x0000714a14835120 relative=0x00000000000002e0
Event: 4.585 Thread 0x0000714a247c1ad0 Uncommon trap: reason=loop_limit_check action=maybe_recompile pc=0x0000714a14835120 method=org.apache.xml.dtm.ref.DTMManagerDefault.release(Lorg/apache/xml/dtm/DTM;Z)Z @ 39 c2
Event: 4.585 Thread 0x0000714a247c1ad0 DEOPT PACKING pc=0x0000714a14835120 sp=0x0000649cee1fe700
Event: 4.585 Thread 0x0000714a247c1ad0 DEOPT UNPACKING pc=0x0000714a13c6a399 sp=0x0000649cee1fe6a8 mode 2
Event: 4.804 Thread 0x0000714a245d31a0 Uncommon trap: trap_request=0xffffffd6 fr.pc=0x0000714a14866d2c relative=0x000000000000026c
Event: 4.804 Thread 0x0000714a245d31a0 Uncommon trap: reason=array_check action=maybe_recompile pc=0x0000714a14866d2c method=org.apache.xml.dtm.ref.DTMManagerDefault.addDTM(Lorg/apache/xml/dtm/DTM;II)V @ 102 c2
Event: 4.804 Thread 0x0000714a245d31a0 DEOPT PACKING pc=0x0000714a14866d2c sp=0x0000649cecefe6b0
Event: 4.804 Thread 0x0000714a245d31a0 DEOPT UNPACKING pc=0x0000714a13c6a399 sp=0x0000649cecefe630 mode 2
Event: 4.804 Thread 0x0000714a247cac50 Uncommon trap: trap_request=0xffffffd6 fr.pc=0x0000714a14866d2c relative=0x000000000000026c
Event: 4.804 Thread 0x0000714a247cac50 Uncommon trap: reason=array_check action=maybe_recompile pc=0x0000714a14866d2c method=org.apache.xml.dtm.ref.DTMManagerDefault.addDTM(Lorg/apache/xml/dtm/DTM;II)V @ 102 c2
Event: 4.804 Thread 0x0000714a247cac50 DEOPT PACKING pc=0x0000714a14866d2c sp=0x0000649cedafe6b0
Event: 4.804 Thread 0x0000714a247cac50 DEOPT UNPACKING pc=0x0000714a13c6a399 sp=0x0000649cedafe630 mode 2
Event: 4.804 Thread 0x0000714a247cc490 Uncommon trap: trap_request=0xffffffd6 fr.pc=0x0000714a14866d2c relative=0x000000000000026c
Event: 4.804 Thread 0x0000714a247cc490 Uncommon trap: reason=array_check action=maybe_recompile pc=0x0000714a14866d2c method=org.apache.xml.dtm.ref.DTMManagerDefault.addDTM(Lorg/apache/xml/dtm/DTM;II)V @ 102 c2
Event: 4.804 Thread 0x0000714a247cc490 DEOPT PACKING pc=0x0000714a14866d2c sp=0x0000649ced9fe6b0
Event: 4.804 Thread 0x0000714a247cc490 DEOPT UNPACKING pc=0x0000714a13c6a399 sp=0x0000649ced9fe630 mode 2
Event: 4.804 Thread 0x0000714a245cf5c0 Uncommon trap: trap_request=0xffffffd6 fr.pc=0x0000714a14866d2c relative=0x000000000000026c
Event: 4.804 Thread 0x0000714a245cf5c0 Uncommon trap: reason=array_check action=maybe_recompile pc=0x0000714a14866d2c method=org.apache.xml.dtm.ref.DTMManagerDefault.addDTM(Lorg/apache/xml/dtm/DTM;II)V @ 102 c2
Event: 4.804 Thread 0x0000714a245cf5c0 DEOPT PACKING pc=0x0000714a14866d2c sp=0x0000649ced1fe6b0
Event: 4.804 Thread 0x0000714a245cf5c0 DEOPT UNPACKING pc=0x0000714a13c6a399 sp=0x0000649ced1fe630 mode 2

Classes loaded (20 events):
Event: 2.621 Loading class sun/util/PropertyResourceBundleCharset
Event: 2.621 Loading class sun/util/PropertyResourceBundleCharset done
Event: 2.621 Loading class sun/util/PropertyResourceBundleCharset$PropertiesFileDecoder
Event: 2.621 Loading class sun/util/PropertyResourceBundleCharset$PropertiesFileDecoder done
Event: 2.622 Loading class java/util/ResourceBundle$BundleReference
Event: 2.622 Loading class java/util/ResourceBundle$BundleReference done
Event: 2.622 Loading class sun/util/ResourceBundleEnumeration
Event: 2.623 Loading class sun/util/ResourceBundleEnumeration done
Event: 2.631 Loading class sun/nio/cs/ISO_8859_1$Encoder
Event: 2.631 Loading class sun/nio/cs/ISO_8859_1$Encoder done
Event: 2.659 Loading class java/util/ResourceBundle$Control$1
Event: 2.659 Loading class java/util/ResourceBundle$Control$1 done
Event: 2.682 Loading class java/lang/foreign/MemorySegment
Event: 2.682 Loading class java/lang/foreign/MemorySegment done
Event: 3.170 Loading class java/lang/Throwable$WrappedPrintStream
Event: 3.170 Loading class java/lang/Throwable$PrintStreamOrWriter
Event: 3.170 Loading class java/lang/Throwable$PrintStreamOrWriter done
Event: 3.170 Loading class java/lang/Throwable$WrappedPrintStream done
Event: 3.735 Loading class java/net/Proxy
Event: 3.736 Loading class java/net/Proxy done

Classes unloaded (0 events):
No events

Classes redefined (0 events):
No events

Internal exceptions (19 events):
Event: 2.228 Thread 0x0000714a2402b240 Exception <a 'java/lang/NoSuchMethodError'{0x000000004033c090}: 'java.lang.Object java.lang.invoke.DirectMethodHandle$Holder.newInvokeSpecial(java.lang.Object, int, java.lang.Object)'> (0x000000004033c090) 
thrown [src/hotspot/share/interpreter/linkResolver.cpp, line 772]
Event: 2.237 Thread 0x0000714a2402b240 Exception <a 'java/lang/NoSuchMethodError'{0x00000000402f9e28}: 'void java.lang.invoke.DirectMethodHandle$Holder.invokeStatic(java.lang.Object, java.lang.Object)'> (0x00000000402f9e28) 
thrown [src/hotspot/share/interpreter/linkResolver.cpp, line 772]
Event: 2.237 Thread 0x0000714a2402b240 Exception <a 'java/lang/NoSuchMethodError'{0x00000000402fd820}: 'void java.lang.invoke.DirectMethodHandle$Holder.invokeSpecial(java.lang.Object, java.lang.Object, java.lang.Object)'> (0x00000000402fd820) 
thrown [src/hotspot/share/interpreter/linkResolver.cpp, line 772]
Event: 2.279 Thread 0x0000714a2402b240 Exception <a 'java/lang/NoSuchMethodError'{0x00000000401b5c58}: 'void java.lang.invoke.DirectMethodHandle$Holder.invokeVirtual(java.lang.Object, java.lang.Object)'> (0x00000000401b5c58) 
thrown [src/hotspot/share/interpreter/linkResolver.cpp, line 772]
Event: 2.284 Thread 0x0000714a2402b240 Exception <a 'java/io/FileNotFoundException'{0x000000004018e5f0}> (0x000000004018e5f0) 
thrown [src/hotspot/share/prims/jni.cpp, line 520]
Event: 2.295 Thread 0x0000714a2402b240 Exception <a 'java/lang/NoSuchMethodError'{0x0000000040118278}: 'java.lang.Object java.lang.invoke.Invokers$Holder.invokeExact_MT(java.lang.Object, java.lang.Object, java.lang.Object, java.lang.Object, java.lang.Object)'> (0x0000000040118278) 
thrown [src/hotspot/share/interpreter/linkResolver.cpp, line 772]
Event: 2.477 Thread 0x0000714a2402b240 Exception <a 'java/lang/NoSuchMethodError'{0x0000000040eb34b8}: 'void java.lang.invoke.DirectMethodHandle$Holder.invokeVirtual(java.lang.Object, java.lang.Object, int)'> (0x0000000040eb34b8) 
thrown [src/hotspot/share/interpreter/linkResolver.cpp, line 772]
Event: 2.478 Thread 0x0000714a2402b240 Exception <a 'java/lang/NoSuchMethodError'{0x0000000040eb7be0}: 'int java.lang.invoke.DirectMethodHandle$Holder.invokeSpecial(java.lang.Object, java.lang.Object, java.lang.Object, int)'> (0x0000000040eb7be0) 
thrown [src/hotspot/share/interpreter/linkResolver.cpp, line 772]
Event: 2.479 Thread 0x0000714a2402b240 Exception <a 'java/lang/NoSuchMethodError'{0x0000000040e9a9a0}: 'java.lang.Object java.lang.invoke.DirectMethodHandle$Holder.invokeStatic(java.lang.Object, java.lang.Object, java.lang.Object, java.lang.Object, int)'> (0x0000000040e9a9a0) 
thrown [src/hotspot/share/interpreter/linkResolver.cpp, line 772]
Event: 2.480 Thread 0x0000714a2402b240 Exception <a 'java/lang/NoSuchMethodError'{0x0000000040e95bc8}: 'void java.lang.invoke.DelegatingMethodHandle$Holder.reinvoke_L(java.lang.Object, java.lang.Object, int)'> (0x0000000040e95bc8) 
thrown [src/hotspot/share/interpreter/linkResolver.cpp, line 772]
Event: 2.481 Thread 0x0000714a2402b240 Exception <a 'java/lang/NoSuchMethodError'{0x0000000040e8c500}: 'int java.lang.invoke.DirectMethodHandle$Holder.invokeSpecial(java.lang.Object, java.lang.Object, java.lang.Object)'> (0x0000000040e8c500) 
thrown [src/hotspot/share/interpreter/linkResolver.cpp, line 772]
Event: 2.549 Thread 0x0000714a2402b240 Exception <a 'java/lang/NoSuchMethodError'{0x00000000413b45d0}: 'void java.lang.invoke.DelegatingMethodHandle$Holder.reinvoke_L(java.lang.Object, java.lang.Object, int, int)'> (0x00000000413b45d0) 
thrown [src/hotspot/share/interpreter/linkResolver.cpp, line 772]
Event: 2.618 Thread 0x0000714a247c5aa0 Exception <a 'java/lang/NoSuchMethodError'{0x0000000040d970a8}: 'java.lang.Object java.lang.invoke.DirectMethodHandle$Holder.invokeInterface(java.lang.Object, java.lang.Object)'> (0x0000000040d970a8) 
thrown [src/hotspot/share/interpreter/linkResolver.cpp, line 772]
Event: 3.168 Thread 0x0000714a247ceef0 Implicit null exception at 0x0000714a1443c78c to 0x0000714a1443d1e4
Event: 3.577 Thread 0x0000714a247d3080 Implicit null exception at 0x0000714a1467fd8e to 0x0000714a146822a8
Event: 3.577 Thread 0x0000714a243e2ea0 Implicit null exception at 0x0000714a1467fd8e to 0x0000714a146822a8
Event: 3.578 Thread 0x0000714a247b98d0 Implicit null exception at 0x0000714a1467fd8e to 0x0000714a146822a8
Event: 3.578 Thread 0x0000714a247bb550 Implicit null exception at 0x0000714a1467fd8e to 0x0000714a146822a8
Event: 3.578 Thread 0x0000714a247d1aa0 Implicit null exception at 0x0000714a1467fd8e to 0x0000714a146822a8

ZGC Phase Switch (0 events):
No events

VM Operations (20 events):
Event: 4.106 Executing VM operation: ThirdPartyHeapOperation done
Event: 4.112 Executing VM operation: ThirdPartyHeapOperation
Event: 4.190 Executing VM operation: ThirdPartyHeapOperation done
Event: 4.259 Executing VM operation: ThirdPartyHeapOperation
Event: 4.284 Executing VM operation: ThirdPartyHeapOperation done
Event: 4.290 Executing VM operation: ThirdPartyHeapOperation
Event: 4.375 Executing VM operation: ThirdPartyHeapOperation done
Event: 4.444 Executing VM operation: ThirdPartyHeapOperation
Event: 4.468 Executing VM operation: ThirdPartyHeapOperation done
Event: 4.473 Executing VM operation: ThirdPartyHeapOperation
Event: 4.562 Executing VM operation: ThirdPartyHeapOperation done
Event: 4.632 Executing VM operation: ThirdPartyHeapOperation
Event: 4.640 Executing VM operation: ThirdPartyHeapOperation done
Event: 4.699 Executing VM operation: ThirdPartyHeapOperation
Event: 4.718 Executing VM operation: ThirdPartyHeapOperation done
Event: 4.723 Executing VM operation: ThirdPartyHeapOperation
Event: 4.777 Executing VM operation: ThirdPartyHeapOperation done
Event: 4.835 Executing VM operation: ThirdPartyHeapOperation
Event: 4.856 Executing VM operation: ThirdPartyHeapOperation done
Event: 4.862 Executing VM operation: ThirdPartyHeapOperation

Memory protections (20 events):
Event: 2.579 Protecting memory [0x0000649ced600000,0x0000649ced604000] with protection modes 0
Event: 2.579 Protecting memory [0x0000649ced500000,0x0000649ced504000] with protection modes 0
Event: 2.579 Protecting memory [0x0000649ced400000,0x0000649ced404000] with protection modes 0
Event: 2.584 Protecting memory [0x0000649ced300000,0x0000649ced304000] with protection modes 0
Event: 2.584 Protecting memory [0x0000649ced200000,0x0000649ced204000] with protection modes 0
Event: 2.584 Protecting memory [0x0000649ced100000,0x0000649ced104000] with protection modes 0
Event: 2.584 Protecting memory [0x0000649ced000000,0x0000649ced004000] with protection modes 0
Event: 2.584 Protecting memory [0x0000649cecf00000,0x0000649cecf04000] with protection modes 0
Event: 2.585 Protecting memory [0x0000649cece00000,0x0000649cece04000] with protection modes 0
Event: 2.585 Protecting memory [0x0000649cecd00000,0x0000649cecd04000] with protection modes 0
Event: 2.585 Protecting memory [0x0000649cecc00000,0x0000649cecc04000] with protection modes 0
Event: 2.585 Protecting memory [0x0000649cecb00000,0x0000649cecb04000] with protection modes 0
Event: 2.585 Protecting memory [0x0000649ceca00000,0x0000649ceca04000] with protection modes 0
Event: 2.659 Protecting memory [0x0000649cec900000,0x0000649cec904000] with protection modes 0
Event: 2.661 Protecting memory [0x0000649cec800000,0x0000649cec804000] with protection modes 0
Event: 2.662 Protecting memory [0x0000649cec700000,0x0000649cec704000] with protection modes 0
Event: 2.662 Protecting memory [0x0000649cec600000,0x0000649cec604000] with protection modes 0
Event: 2.680 Protecting memory [0x0000649cec500000,0x0000649cec504000] with protection modes 0
Event: 2.684 Protecting memory [0x0000649cec400000,0x0000649cec404000] with protection modes 0
Event: 2.684 Protecting memory [0x0000649cec300000,0x0000649cec304000] with protection modes 0

Nmethod flushes (0 events):
No events

Events (20 events):
Event: 2.584 Thread 0x0000714a2402b240 Thread added: 0x0000714a245d1d00
Event: 2.584 Thread 0x0000714a2402b240 Thread added: 0x0000714a245d31a0
Event: 2.585 Thread 0x0000714a2402b240 Thread added: 0x0000714a245d4640
Event: 2.585 Thread 0x0000714a2402b240 Thread added: 0x0000714a245d6050
Event: 2.585 Thread 0x0000714a2402b240 Thread added: 0x0000714a245d78e0
Event: 2.585 Thread 0x0000714a2402b240 Thread added: 0x0000714a245d9430
Event: 2.658 Thread 0x0000649c6004f590 Thread added: 0x0000649c44055110
Event: 2.661 Thread 0x0000649c5c001600 Thread added: 0x0000649c600b61c0
Event: 2.662 Thread 0x0000714a24557560 Thread added: 0x0000649c680d01c0
Event: 2.662 Thread 0x0000714a24557560 Thread added: 0x0000649c680d1910
Event: 2.679 Thread 0x0000649c68045c60 Thread added: 0x0000649c5c0ae320
Event: 2.684 Thread 0x0000649c6004f590 Thread added: 0x0000649c440c0f90
Event: 2.684 Thread 0x0000649c6004f590 Thread added: 0x0000649c440c2630
Event: 3.186 Thread 0x0000714a247ceef0 Thread exited: 0x0000714a247ceef0
Event: 4.205 Thread 0x0000649c6004f590 Thread exited: 0x0000649c6004f590
Event: 4.206 Thread 0x0000649c6004df20 Thread exited: 0x0000649c6004df20
Event: 4.206 Thread 0x0000649c68045c60 Thread exited: 0x0000649c68045c60
Event: 4.206 Thread 0x0000649c5c001600 Thread exited: 0x0000649c5c001600
Event: 4.572 Thread 0x0000649c440c2630 Thread exited: 0x0000649c440c2630
Event: 4.782 Thread 0x0000649c440c0f90 Thread exited: 0x0000649c440c0f90


Dynamic libraries:
40000000-40400000 rw-p 00000000 00:00 0                                  [anon:mmtk:space:immix]
40400000-40800000 rw-p 00000000 00:00 0                                  [anon:mmtk:space:los]
40800000-41400000 rw-p 00000000 00:00 0                                  [anon:mmtk:space:immix]
41400000-41800000 rw-p 00000000 00:00 0                                  [anon:mmtk:space:los]
41800000-41c00000 rw-p 00000000 00:00 0                                  [anon:mmtk:space:immix]
41c00000-42000000 rw-p 00000000 00:00 0                                  [anon:mmtk:space:los]
42000000-42400000 rw-p 00000000 00:00 0                                  [anon:mmtk:space:immix]
42400000-42800000 rw-p 00000000 00:00 0                                  [anon:mmtk:space:los]
42800000-43000000 rw-p 00000000 00:00 0                                  [anon:mmtk:space:immix]
43000000-43400000 rw-p 00000000 00:00 0                                  [anon:mmtk:space:los]
43400000-43800000 rw-p 00000000 00:00 0                                  [anon:mmtk:space:immix]
43800000-43c00000 rw-p 00000000 00:00 0                                  [anon:mmtk:space:los]
43c00000-44800000 rw-p 00000000 00:00 0                                  [anon:mmtk:space:immix]
44800000-44c00000 rw-p 00000000 00:00 0                                  [anon:mmtk:space:los]
44c00000-45000000 rw-p 00000000 00:00 0                                  [anon:mmtk:space:immix]
45000000-45400000 rw-p 00000000 00:00 0                                  [anon:mmtk:space:los]
45400000-45800000 rw-p 00000000 00:00 0                                  [anon:mmtk:space:immix]
45800000-45c00000 rw-p 00000000 00:00 0                                  [anon:mmtk:space:los]
45c00000-46400000 rw-p 00000000 00:00 0                                  [anon:mmtk:space:immix]
46400000-46800000 rw-p 00000000 00:00 0                                  [anon:mmtk:space:los]
46800000-46c00000 rw-p 00000000 00:00 0                                  [anon:mmtk:space:immix]
46c00000-47000000 rw-p 00000000 00:00 0                                  [anon:mmtk:space:los]
47000000-47800000 rw-p 00000000 00:00 0                                  [anon:mmtk:space:immix]
47800000-47c00000 rw-p 00000000 00:00 0                                  [anon:mmtk:space:los]
47c00000-48000000 rw-p 00000000 00:00 0                                  [anon:mmtk:space:immix]
48000000-48400000 rw-p 00000000 00:00 0                                  [anon:mmtk:space:los]
48400000-48c00000 rw-p 00000000 00:00 0                                  [anon:mmtk:space:immix]
48c00000-49000000 rw-p 00000000 00:00 0                                  [anon:mmtk:space:los]
49000000-49400000 rw-p 00000000 00:00 0                                  [anon:mmtk:space:immix]
49400000-49800000 rw-p 00000000 00:00 0                                  [anon:mmtk:space:los]
49800000-4a000000 rw-p 00000000 00:00 0                                  [anon:mmtk:space:immix]
4a000000-4a400000 rw-p 00000000 00:00 0                                  [anon:mmtk:space:los]
4a400000-4a800000 rw-p 00000000 00:00 0                                  [anon:mmtk:space:immix]
4a800000-4ac00000 rw-p 00000000 00:00 0                                  [anon:mmtk:space:los]
4ac00000-4b400000 rw-p 00000000 00:00 0                                  [anon:mmtk:space:immix]
4b400000-4b800000 rw-p 00000000 00:00 0                                  [anon:mmtk:space:los]
4b800000-4c000000 rw-p 00000000 00:00 0                                  [anon:mmtk:space:immix]
4c000000-4c400000 rw-p 00000000 00:00 0                                  [anon:mmtk:space:los]
4c400000-4cc00000 rw-p 00000000 00:00 0                                  [anon:mmtk:space:immix]
4cc00000-4d000000 rw-p 00000000 00:00 0                                  [anon:mmtk:space:los]
4d000000-4d800000 rw-p 00000000 00:00 0                                  [anon:mmtk:space:immix]
4d800000-4dc00000 rw-p 00000000 00:00 0                                  [anon:mmtk:space:los]
4dc00000-4e000000 rw-p 00000000 00:00 0                                  [anon:mmtk:space:immix]
4e000000-4e400000 rw-p 00000000 00:00 0                                  [anon:mmtk:space:los]
4e400000-4ec00000 rw-p 00000000 00:00 0                                  [anon:mmtk:space:immix]
4ec00000-4f000000 rw-p 00000000 00:00 0                                  [anon:mmtk:space:los]
4f000000-4f400000 rw-p 00000000 00:00 0                                  [anon:mmtk:space:immix]
4f400000-4f800000 rw-p 00000000 00:00 0                                  [anon:mmtk:space:los]
4f800000-4fc00000 rw-p 00000000 00:00 0                                  [anon:mmtk:space:immix]
4fc00000-50000000 rw-p 00000000 00:00 0                                  [anon:mmtk:space:los]
50000000-50400000 rw-p 00000000 00:00 0                                  [anon:mmtk:space:immix]
50400000-50800000 rw-p 00000000 00:00 0                                  [anon:mmtk:space:immix]
50800000-51400000 rw-p 00000000 00:00 0                                  [anon:mmtk:space:los]
51400000-51800000 rw-p 00000000 00:00 0                                  [anon:mmtk:space:immix]
51800000-51c00000 rw-p 00000000 00:00 0                                  [anon:mmtk:space:los]
51c00000-52400000 rw-p 00000000 00:00 0                                  [anon:mmtk:space:immix]
52400000-52800000 rw-p 00000000 00:00 0                                  [anon:mmtk:space:los]
52800000-53000000 rw-p 00000000 00:00 0                                  [anon:mmtk:space:immix]
53000000-53400000 rw-p 00000000 00:00 0                                  [anon:mmtk:space:los]
53400000-53800000 rw-p 00000000 00:00 0                                  [anon:mmtk:space:immix]
53800000-53c00000 rw-p 00000000 00:00 0                                  [anon:mmtk:space:los]
53c00000-54000000 rw-p 00000000 00:00 0                                  [anon:mmtk:space:immix]
54000000-54800000 rw-p 00000000 00:00 0                                  [anon:mmtk:space:los]
54800000-54c00000 rw-p 00000000 00:00 0                                  [anon:mmtk:space:immix]
54c00000-55400000 rw-p 00000000 00:00 0                                  [anon:mmtk:space:los]
55400000-55800000 rw-p 00000000 00:00 0                                  [anon:mmtk:space:immix]
55800000-55c00000 rw-p 00000000 00:00 0                                  [anon:mmtk:space:los]
55c00000-56000000 rw-p 00000000 00:00 0                                  [anon:mmtk:space:immix]
56000000-56400000 rw-p 00000000 00:00 0                                  [anon:mmtk:space:los]
56400000-56800000 rw-p 00000000 00:00 0                                  [anon:mmtk:space:immix]
56800000-56c00000 rw-p 00000000 00:00 0                                  [anon:mmtk:space:los]
56c00000-57000000 rw-p 00000000 00:00 0                                  [anon:mmtk:space:immix]
57000000-57400000 rw-p 00000000 00:00 0                                  [anon:mmtk:space:los]
57400000-57800000 rw-p 00000000 00:00 0                                  [anon:mmtk:space:immix]
57800000-58000000 rw-p 00000000 00:00 0                                  [anon:mmtk:space:los]
58000000-58400000 rw-p 00000000 00:00 0                                  [anon:mmtk:space:immix]
58400000-58800000 rw-p 00000000 00:00 0                                  [anon:mmtk:space:los]
58800000-58c00000 rw-p 00000000 00:00 0                                  [anon:mmtk:space:los]
58c00000-59000000 rw-p 00000000 00:00 0                                  [anon:mmtk:space:immix]
59000000-59400000 rw-p 00000000 00:00 0                                  [anon:mmtk:space:los]
59400000-59800000 rw-p 00000000 00:00 0                                  [anon:mmtk:space:immix]
59800000-5a400000 rw-p 00000000 00:00 0                                  [anon:mmtk:space:los]
5a400000-5a800000 rw-p 00000000 00:00 0                                  [anon:mmtk:space:immix]
5a800000-5ac00000 rw-p 00000000 00:00 0                                  [anon:mmtk:space:los]
5ac00000-5b000000 rw-p 00000000 00:00 0                                  [anon:mmtk:space:immix]
5b000000-5b400000 rw-p 00000000 00:00 0                                  [anon:mmtk:space:los]
5b400000-5b800000 rw-p 00000000 00:00 0                                  [anon:mmtk:space:immix]
5b800000-5bc00000 rw-p 00000000 00:00 0                                  [anon:mmtk:space:immix]
5bc00000-5c800000 rw-p 00000000 00:00 0                                  [anon:mmtk:space:los]
5c800000-5d000000 rw-p 00000000 00:00 0                                  [anon:mmtk:space:immix]
5d000000-5d400000 rw-p 00000000 00:00 0                                  [anon:mmtk:space:los]
5d400000-5d800000 rw-p 00000000 00:00 0                                  [anon:mmtk:space:immix]
5d800000-5e000000 rw-p 00000000 00:00 0                                  [anon:mmtk:space:los]
5e000000-5e400000 rw-p 00000000 00:00 0                                  [anon:mmtk:space:immix]
5e400000-5f000000 rw-p 00000000 00:00 0                                  [anon:mmtk:space:los]
5f000000-5f400000 rw-p 00000000 00:00 0                                  [anon:mmtk:space:immix]
200000000000-2000c00c0000 rw-s 00000000 00:10 68                         anon_inode:bpf-map
5c6bddd8a000-5c6bddd8b000 r--p 00000000 fc:00 49676352                   /mydata/openjdk-mmtk/build/b0test/images/jdk/bin/java
5c6bddd8b000-5c6bddd8c000 r-xp 00001000 fc:00 49676352                   /mydata/openjdk-mmtk/build/b0test/images/jdk/bin/java
5c6bddd8c000-5c6bddd8d000 r--p 00002000 fc:00 49676352                   /mydata/openjdk-mmtk/build/b0test/images/jdk/bin/java
5c6bddd8d000-5c6bddd8e000 r--p 00002000 fc:00 49676352                   /mydata/openjdk-mmtk/build/b0test/images/jdk/bin/java
5c6bddd8e000-5c6bddd8f000 rw-p 00003000 fc:00 49676352                   /mydata/openjdk-mmtk/build/b0test/images/jdk/bin/java
5c6be13c2000-5c6be140a000 rw-p 00000000 00:00 0                          [heap]
649ba4000000-649ba4b89000 rw-p 00000000 00:00 0 
649ba4b89000-649ba8000000 ---p 00000000 00:00 0 
649bac000000-649bacac5000 rw-p 00000000 00:00 0 
649bacac5000-649bb0000000 ---p 00000000 00:00 0 
649bb0000000-649bb0b90000 rw-p 00000000 00:00 0 
649bb0b90000-649bb4000000 ---p 00000000 00:00 0 
649bb4000000-649bb5540000 rw-p 00000000 00:00 0 
649bb5540000-649bb8000000 ---p 00000000 00:00 0 
649bb8000000-649bb8ca9000 rw-p 00000000 00:00 0 
649bb8ca9000-649bbc000000 ---p 00000000 00:00 0 
649bbc000000-649bbcdef000 rw-p 00000000 00:00 0 
649bbcdef000-649bc0000000 ---p 00000000 00:00 0 
649bc0000000-649bc0a32000 rw-p 00000000 00:00 0 
649bc0a32000-649bc4000000 ---p 00000000 00:00 0 
649bc4000000-649bc4021000 rw-p 00000000 00:00 0 
649bc4021000-649bc8000000 ---p 00000000 00:00 0 
649bc8000000-649bc8021000 rw-p 00000000 00:00 0 
649bc8021000-649bcc000000 ---p 00000000 00:00 0 
649bcc000000-649bcc05b000 rw-p 00000000 00:00 0 
649bcc05b000-649bd0000000 ---p 00000000 00:00 0 
649bd0000000-649bd0021000 rw-p 00000000 00:00 0 
649bd0021000-649bd4000000 ---p 00000000 00:00 0 
649bd4000000-649bd4030000 rw-p 00000000 00:00 0 
649bd4030000-649bd8000000 ---p 00000000 00:00 0 
649bd8000000-649bd8028000 rw-p 00000000 00:00 0 
649bd8028000-649bdc000000 ---p 00000000 00:00 0 
649bdc000000-649bdc021000 rw-p 00000000 00:00 0 
649bdc021000-649be0000000 ---p 00000000 00:00 0 
649be0000000-649be0021000 rw-p 00000000 00:00 0 
649be0021000-649be4000000 ---p 00000000 00:00 0 
649be4000000-649be403d000 rw-p 00000000 00:00 0 
649be403d000-649be8000000 ---p 00000000 00:00 0 
649be8000000-649be8021000 rw-p 00000000 00:00 0 
649be8021000-649bec000000 ---p 00000000 00:00 0 
649bec000000-649bec021000 rw-p 00000000 00:00 0 
649bec021000-649bf0000000 ---p 00000000 00:00 0 
649bf0000000-649bf0024000 rw-p 00000000 00:00 0 
649bf0024000-649bf4000000 ---p 00000000 00:00 0 
649bf4000000-649bf4021000 rw-p 00000000 00:00 0 
649bf4021000-649bf8000000 ---p 00000000 00:00 0 
649bf8000000-649bf8027000 rw-p 00000000 00:00 0 
649bf8027000-649bfc000000 ---p 00000000 00:00 0 
649bfc000000-649bfc021000 rw-p 00000000 00:00 0 
649bfc021000-649c00000000 ---p 00000000 00:00 0 
649c00000000-649c0005b000 rw-p 00000000 00:00 0 
649c0005b000-649c04000000 ---p 00000000 00:00 0 
649c04000000-649c04021000 rw-p 00000000 00:00 0 
649c04021000-649c08000000 ---p 00000000 00:00 0 
649c08000000-649c08021000 rw-p 00000000 00:00 0 
649c08021000-649c0c000000 ---p 00000000 00:00 0 
649c0c000000-649c0c021000 rw-p 00000000 00:00 0 
649c0c021000-649c10000000 ---p 00000000 00:00 0 
649c10000000-649c1002c000 rw-p 00000000 00:00 0 
649c1002c000-649c14000000 ---p 00000000 00:00 0 
649c14000000-649c14034000 rw-p 00000000 00:00 0 
649c14034000-649c18000000 ---p 00000000 00:00 0 
649c18000000-649c18021000 rw-p 00000000 00:00 0 
649c18021000-649c1c000000 ---p 00000000 00:00 0 
649c1c000000-649c1c021000 rw-p 00000000 00:00 0 
649c1c021000-649c20000000 ---p 00000000 00:00 0 
649c20000000-649c20021000 rw-p 00000000 00:00 0 
649c20021000-649c24000000 ---p 00000000 00:00 0 
649c24000000-649c24021000 rw-p 00000000 00:00 0 
649c24021000-649c28000000 ---p 00000000 00:00 0 
649c28000000-649c2804a000 rw-p 00000000 00:00 0 
649c2804a000-649c2c000000 ---p 00000000 00:00 0 
649c2c000000-649c2c02d000 rw-p 00000000 00:00 0 
649c2c02d000-649c30000000 ---p 00000000 00:00 0 
649c30000000-649c30029000 rw-p 00000000 00:00 0 
649c30029000-649c34000000 ---p 00000000 00:00 0 
649c34000000-649c34021000 rw-p 00000000 00:00 0 
649c34021000-649c38000000 ---p 00000000 00:00 0 
649c38000000-649c3802c000 rw-p 00000000 00:00 0 
649c3802c000-649c3c000000 ---p 00000000 00:00 0 
649c3c000000-649c3c054000 rw-p 00000000 00:00 0 
649c3c054000-649c40000000 ---p 00000000 00:00 0 
649c40000000-649c40021000 rw-p 00000000 00:00 0 
649c40021000-649c44000000 ---p 00000000 00:00 0 
649c44000000-649c442c2000 rw-p 00000000 00:00 0 
649c442c2000-649c48000000 ---p 00000000 00:00 0 
649c48000000-649c49179000 rw-p 00000000 00:00 0 
649c49179000-649c4c000000 ---p 00000000 00:00 0 
649c4c000000-649c4d364000 rw-p 00000000 00:00 0 
649c4d364000-649c50000000 ---p 00000000 00:00 0 
649c50000000-649c50332000 rw-p 00000000 00:00 0 
649c50332000-649c54000000 ---p 00000000 00:00 0 
649c54000000-649c54021000 rw-p 00000000 00:00 0 
649c54021000-649c58000000 ---p 00000000 00:00 0 
649c58000000-649c58021000 rw-p 00000000 00:00 0 
649c58021000-649c5c000000 ---p 00000000 00:00 0 
649c5c000000-649c5c2c8000 rw-p 00000000 00:00 0 
649c5c2c8000-649c60000000 ---p 00000000 00:00 0 
649c60000000-649c60226000 rw-p 00000000 00:00 0 
649c60226000-649c64000000 ---p 00000000 00:00 0 
649c64000000-649c64e7d000 rw-p 00000000 00:00 0 
649c64e7d000-649c68000000 ---p 00000000 00:00 0 
649c68000000-649c68227000 rw-p 00000000 00:00 0 
649c68227000-649c6c000000 ---p 00000000 00:00 0 
649c6c000000-649c6c021000 rw-p 00000000 00:00 0 
649c6c021000-649c70000000 ---p 00000000 00:00 0 
649c70000000-649c70021000 rw-p 00000000 00:00 0 
649c70021000-649c74000000 ---p 00000000 00:00 0 
649c74000000-649c74063000 rw-p 00000000 00:00 0 
649c74063000-649c78000000 ---p 00000000 00:00 0 
649c78000000-649c78021000 rw-p 00000000 00:00 0 
649c78021000-649c7c000000 ---p 00000000 00:00 0 
649c7c000000-649c7c055000 rw-p 00000000 00:00 0 
649c7c055000-649c80000000 ---p 00000000 00:00 0 
649c80000000-649c80075000 rw-p 00000000 00:00 0 
649c80075000-649c84000000 ---p 00000000 00:00 0 
649c84000000-649c84043000 rw-p 00000000 00:00 0 
649c84043000-649c88000000 ---p 00000000 00:00 0 
649c88000000-649c88056000 rw-p 00000000 00:00 0 
649c88056000-649c8c000000 ---p 00000000 00:00 0 
649c8c000000-649c8c064000 rw-p 00000000 00:00 0 
649c8c064000-649c90000000 ---p 00000000 00:00 0 
649c90000000-649c9061d000 rw-p 00000000 00:00 0 
649c9061d000-649c94000000 ---p 00000000 00:00 0 
649c94000000-649c94063000 rw-p 00000000 00:00 0 
649c94063000-649c98000000 ---p 00000000 00:00 0 
649c98000000-649c9890c000 rw-p 00000000 00:00 0 
649c9890c000-649c9c000000 ---p 00000000 00:00 0 
649c9c000000-649c9c064000 rw-p 00000000 00:00 0 
649c9c064000-649ca0000000 ---p 00000000 00:00 0 
649ca0000000-649ca00ca000 rw-p 00000000 00:00 0 
649ca00ca000-649ca4000000 ---p 00000000 00:00 0 
649ca4000000-649ca4062000 rw-p 00000000 00:00 0 
649ca4062000-649ca8000000 ---p 00000000 00:00 0 
649ca8000000-649ca861a000 rw-p 00000000 00:00 0 
649ca861a000-649cac000000 ---p 00000000 00:00 0 
649cac000000-649cac053000 rw-p 00000000 00:00 0 
649cac053000-649cb0000000 ---p 00000000 00:00 0 
649cb0000000-649cb008d000 rw-p 00000000 00:00 0 
649cb008d000-649cb4000000 ---p 00000000 00:00 0 
649cb4000000-649cb4755000 rw-p 00000000 00:00 0 
649cb4755000-649cb8000000 ---p 00000000 00:00 0 
649cb8000000-649cb8073000 rw-p 00000000 00:00 0 
649cb8073000-649cbc000000 ---p 00000000 00:00 0 
649cbc000000-649cbc05d000 rw-p 00000000 00:00 0 
649cbc05d000-649cc0000000 ---p 00000000 00:00 0 
649cc0000000-649cc0063000 rw-p 00000000 00:00 0 
649cc0063000-649cc4000000 ---p 00000000 00:00 0 
649cc4000000-649cc405b000 rw-p 00000000 00:00 0 
649cc405b000-649cc8000000 ---p 00000000 00:00 0 
649cc8000000-649cc8650000 rw-p 00000000 00:00 0 
649cc8650000-649ccc000000 ---p 00000000 00:00 0 
649ccc000000-649ccc62a000 rw-p 00000000 00:00 0 
649ccc62a000-649cd0000000 ---p 00000000 00:00 0 
649cd0000000-649cd004b000 rw-p 00000000 00:00 0 
649cd004b000-649cd4000000 ---p 00000000 00:00 0 
649cd4000000-649cd4021000 rw-p 00000000 00:00 0 
649cd4021000-649cd8000000 ---p 00000000 00:00 0 
649cd8000000-649cd8021000 rw-p 00000000 00:00 0 
649cd8021000-649cdc000000 ---p 00000000 00:00 0 
649cdc000000-649cdc021000 rw-p 00000000 00:00 0 
649cdc021000-649ce0000000 ---p 00000000 00:00 0 
649ce0000000-649ce0021000 rw-p 00000000 00:00 0 
649ce0021000-649ce4000000 ---p 00000000 00:00 0 
649ce4000000-649ce4280000 rw-p 00000000 00:00 0 
649ce4280000-649ce4400000 ---p 00000000 00:00 0 
649ce4400000-649ce48c0000 rw-p 00000000 00:00 0 
649ce48c0000-649ce8000000 ---p 00000000 00:00 0 
649ce8000000-649ce8021000 rw-p 00000000 00:00 0 
649ce8021000-649cec000000 ---p 00000000 00:00 0 
649cec300000-649cec304000 ---p 00000000 00:00 0 
649cec304000-649cec400000 rw-p 00000000 00:00 0 
649cec400000-649cec404000 ---p 00000000 00:00 0 
649cec404000-649cec500000 rw-p 00000000 00:00 0 
649cec500000-649cec504000 ---p 00000000 00:00 0 
649cec504000-649cec600000 rw-p 00000000 00:00 0 
649cec600000-649cec604000 ---p 00000000 00:00 0 
649cec604000-649cec700000 rw-p 00000000 00:00 0 
649cec700000-649cec704000 ---p 00000000 00:00 0 
649cec704000-649cec800000 rw-p 00000000 00:00 0 
649cec800000-649cec804000 ---p 00000000 00:00 0 
649cec804000-649cec900000 rw-p 00000000 00:00 0 
649cec900000-649cec904000 ---p 00000000 00:00 0 
649cec904000-649ceca00000 rw-p 00000000 00:00 0 
649ceca00000-649ceca04000 ---p 00000000 00:00 0 
649ceca04000-649cecb00000 rw-p 00000000 00:00 0 
649cecb00000-649cecb04000 ---p 00000000 00:00 0 
649cecb04000-649cecc00000 rw-p 00000000 00:00 0 
649cecc00000-649cecc04000 ---p 00000000 00:00 0 
649cecc04000-649cecd00000 rw-p 00000000 00:00 0 
649cecd00000-649cecd04000 ---p 00000000 00:00 0 
649cecd04000-649cece00000 rw-p 00000000 00:00 0 
649cece00000-649cece04000 ---p 00000000 00:00 0 
649cece04000-649cecf00000 rw-p 00000000 00:00 0 
649cecf00000-649cecf04000 ---p 00000000 00:00 0 
649cecf04000-649ced000000 rw-p 00000000 00:00 0 
649ced000000-649ced004000 ---p 00000000 00:00 0 
649ced004000-649ced100000 rw-p 00000000 00:00 0 
649ced100000-649ced104000 ---p 00000000 00:00 0 
649ced104000-649ced200000 rw-p 00000000 00:00 0 
649ced200000-649ced204000 ---p 00000000 00:00 0 
649ced204000-649ced300000 rw-p 00000000 00:00 0 
649ced300000-649ced304000 ---p 00000000 00:00 0 
649ced304000-649ced400000 rw-p 00000000 00:00 0 
649ced400000-649ced404000 ---p 00000000 00:00 0 
649ced404000-649ced500000 rw-p 00000000 00:00 0 
649ced500000-649ced504000 ---p 00000000 00:00 0 
649ced504000-649ced600000 rw-p 00000000 00:00 0 
649ced600000-649ced604000 ---p 00000000 00:00 0 
649ced604000-649ced700000 rw-p 00000000 00:00 0 
649ced700000-649ced704000 ---p 00000000 00:00 0 
649ced704000-649ced800000 rw-p 00000000 00:00 0 
649ced800000-649ced804000 ---p 00000000 00:00 0 
649ced804000-649ced900000 rw-p 00000000 00:00 0 
649ced900000-649ced904000 ---p 00000000 00:00 0 
649ced904000-649ceda00000 rw-p 00000000 00:00 0 
649ceda00000-649ceda04000 ---p 00000000 00:00 0 
649ceda04000-649cedb00000 rw-p 00000000 00:00 0 
649cedb00000-649cedb04000 ---p 00000000 00:00 0 
649cedb04000-649cedc00000 rw-p 00000000 00:00 0 
649cedc00000-649cedc04000 ---p 00000000 00:00 0 
649cedc04000-649cedd00000 rw-p 00000000 00:00 0 
649cedd00000-649cedd04000 ---p 00000000 00:00 0 
649cedd04000-649cede00000 rw-p 00000000 00:00 0 
649cede00000-649cede04000 ---p 00000000 00:00 0 
649cede04000-649cedf00000 rw-p 00000000 00:00 0 
649cedf00000-649cedf04000 ---p 00000000 00:00 0 
649cedf04000-649cee000000 rw-p 00000000 00:00 0 
649cee000000-649cee004000 ---p 00000000 00:00 0 
649cee004000-649cee100000 rw-p 00000000 00:00 0 
649cee100000-649cee104000 ---p 00000000 00:00 0 
649cee104000-649cee200000 rw-p 00000000 00:00 0 
649cee200000-649cee204000 ---p 00000000 00:00 0 
649cee204000-649cee300000 rw-p 00000000 00:00 0 
649cee300000-649cee304000 ---p 00000000 00:00 0 
649cee304000-649cee400000 rw-p 00000000 00:00 0 
649cee400000-649cee404000 ---p 00000000 00:00 0 
649cee404000-649cee500000 rw-p 00000000 00:00 0 
649cee500000-649cee504000 ---p 00000000 00:00 0 
649cee504000-649cee600000 rw-p 00000000 00:00 0 
649cee600000-649cee604000 ---p 00000000 00:00 0 
649cee604000-649cee700000 rw-p 00000000 00:00 0 
649cee700000-649cee704000 ---p 00000000 00:00 0 
649cee704000-649cee800000 rw-p 00000000 00:00 0 
649cee800000-649cee804000 ---p 00000000 00:00 0 
649cee804000-649cee900000 rw-p 00000000 00:00 0 
649cee900000-649cee904000 ---p 00000000 00:00 0 
649cee904000-649ceea00000 rw-p 00000000 00:00 0 
649ceea00000-649ceea04000 ---p 00000000 00:00 0 
649ceea04000-649ceeb00000 rw-p 00000000 00:00 0 
649ceeb00000-649ceeb04000 ---p 00000000 00:00 0 
649ceeb04000-649ceec00000 rw-p 00000000 00:00 0 
649ceec00000-649ceec04000 ---p 00000000 00:00 0 
649ceec04000-649ceed00000 rw-p 00000000 00:00 0 
649ceed00000-649ceed04000 ---p 00000000 00:00 0 
649ceed04000-649ceee00000 rw-p 00000000 00:00 0 
649ceee00000-649ceee04000 ---p 00000000 00:00 0 
649ceee04000-649ceef00000 rw-p 00000000 00:00 0 
649ceef00000-649ceef04000 ---p 00000000 00:00 0 
649ceef04000-649cef000000 rw-p 00000000 00:00 0 
649cef000000-649cefca3000 rw-p 00001000 fc:00 49677060                   /mydata/openjdk-mmtk/build/b0test/images/jdk/lib/server/classes.jsa
649cefca3000-649cf0000000 ---p 00000000 00:00 0 
649cf0000000-649cf0040000 rw-p 00000000 00:00 0 
649cf0040000-649cf0110000 rw-p 00000000 00:00 0 
649cf0110000-649d30000000 ---p 00000000 00:00 0 
649d30000000-649d30021000 rw-p 00000000 00:00 0 
649d30021000-649d34000000 ---p 00000000 00:00 0 
649d340f6000-649d340fa000 ---p 00000000 00:00 0 
649d340fa000-649d341f6000 rw-p 00000000 00:00 0 
649d341f6000-649d341fa000 ---p 00000000 00:00 0 
649d341fa000-649d342f6000 rw-p 00000000 00:00 0 
649d342f6000-649d342fa000 ---p 00000000 00:00 0 
649d342fa000-649d343f6000 rw-p 00000000 00:00 0 
649d343f6000-649d343fa000 ---p 00000000 00:00 0 
649d343fa000-649d344f6000 rw-p 00000000 00:00 0 
649d344f6000-649d344fa000 ---p 00000000 00:00 0 
649d344fa000-649d345f6000 rw-p 00000000 00:00 0 
649d345f6000-649d345fa000 ---p 00000000 00:00 0 
649d345fa000-649d346f6000 rw-p 00000000 00:00 0 
649d346f6000-649d346fa000 ---p 00000000 00:00 0 
649d346fa000-649d347f6000 rw-p 00000000 00:00 0 
649d347f6000-649d347f7000 ---p 00000000 00:00 0 
649d347f7000-649d348f7000 rw-p 00000000 00:00 0 
649d348f7000-649d348f8000 ---p 00000000 00:00 0 
649d348f8000-649d349f8000 rw-p 00000000 00:00 0 
649d349f8000-649d349f9000 ---p 00000000 00:00 0 
649d349f9000-649d34af9000 rw-p 00000000 00:00 0 
649d34af9000-649d34afa000 ---p 00000000 00:00 0 
649d34afa000-649d34bfa000 rw-p 00000000 00:00 0 
649d34bfa000-649d34bfb000 ---p 00000000 00:00 0 
649d34bfb000-649d34cfb000 rw-p 00000000 00:00 0 
649d34cfb000-649d34cfc000 ---p 00000000 00:00 0 
649d34cfc000-649d34dfc000 rw-p 00000000 00:00 0 
649d34dfc000-649d34dfd000 ---p 00000000 00:00 0 
649d34dfd000-649d34efd000 rw-p 00000000 00:00 0 
649d34efd000-649d34efe000 ---p 00000000 00:00 0 
649d34efe000-649d34ffe000 rw-p 00000000 00:00 0 
649d34ffe000-649d34fff000 ---p 00000000 00:00 0 
649d34fff000-649d350ff000 rw-p 00000000 00:00 0 
649d350ff000-649d35100000 ---p 00000000 00:00 0 
649d35100000-649d35200000 rw-p 00000000 00:00 0 
649d35200000-649d38200000 rw-p 00000000 00:00 0 
649d382fb000-649d382fc000 ---p 00000000 00:00 0 
649d382fc000-649d383fc000 rw-p 00000000 00:00 0 
649d383fc000-649d68400000 rw-p 00000000 00:00 0 
649d68400000-649d69400000 ---p 00000000 00:00 0                          [anon:mmtk:sidemeta:all:all-quarantined]
649d69400000-649d69c00000 rw-p 00000000 00:00 0                          [anon:mmtk:sidemeta:immix:VO_BIT]
649d69c00000-669d6a400000 ---p 00000000 00:00 0                          [anon:mmtk:sidemeta:all:all-quarantined]
669d6a400000-669d6a800000 rw-p 00000000 00:00 0                          [anon:mmtk:sidemeta:immix:CHUNK_MARK]
669d6a800000-669d6d400000 ---p 00000000 00:00 0                          [anon:mmtk:sidemeta:all:all-quarantined]
669d6d400000-669d6dc00000 rw-p 00000000 00:00 0                          [anon:mmtk:sidemeta:immix:VMGlobalLogBitSpec]
669d6dc00000-68a56c800000 ---p 00000000 00:00 0                          [anon:mmtk:sidemeta:all:all-quarantined]
68a56c800000-68a56cc00000 rw-p 00000000 00:00 0                          [anon:mmtk:sidemeta:immix:IX_LINE_MARK]
68a56cc00000-69256c400000 ---p 00000000 00:00 0                          [anon:mmtk:sidemeta:all:all-quarantined]
69256c400000-69256c800000 rw-p 00000000 00:00 0                          [anon:mmtk:sidemeta:immix:IX_BLOCK_DEFRAG]
69256c800000-69266c400000 ---p 00000000 00:00 0                          [anon:mmtk:sidemeta:all:all-quarantined]
69266c400000-69266c800000 rw-p 00000000 00:00 0                          [anon:mmtk:sidemeta:immix:IX_BLOCK_MARK]
69266c800000-6f47ec400000 ---p 00000000 00:00 0                          [anon:mmtk:sidemeta:all:all-quarantined]
6f47ec400000-6f47ec800000 rw-p 00000000 00:00 0                          [anon:mmtk:sidemeta:los:VMLocalLOSMarkNurserySpec]
6f47ec800000-6f49ed400000 ---p 00000000 00:00 0                          [anon:mmtk:sidemeta:all:all-quarantined]
6f49ed400000-6f49edc00000 rw-p 00000000 00:00 0                          [anon:mmtk:sidemeta:immix:VMLocalMarkBitSpec]
6f49edc00000-7149ec400000 ---p 00000000 00:00 0                          [anon:mmtk:sidemeta:all:all-quarantined]
7149ec4fc000-7149ec4fd000 ---p 00000000 00:00 0 
7149ec4fd000-7149ec5fd000 rw-p 00000000 00:00 0 
7149ec5fd000-7149ec5fe000 ---p 00000000 00:00 0 
7149ec5fe000-7149ec6fe000 rw-p 00000000 00:00 0 
7149ec6fe000-7149ec6ff000 ---p 00000000 00:00 0 
7149ec6ff000-7149ec7ff000 rw-p 00000000 00:00 0 
7149ec7ff000-714a0c800000 rw-p 00000000 00:00 0 
714a0c800000-714a0cef0000 rwxp 00000000 00:00 0 
714a0cef0000-714a13c17000 ---p 00000000 00:00 0 
714a13c17000-714a13fa7000 rwxp 00000000 00:00 0 
714a13fa7000-714a143e8000 ---p 00000000 00:00 0 
714a143e8000-714a14888000 rwxp 00000000 00:00 0 
714a14888000-714a1b800000 ---p 00000000 00:00 0 
714a1b800000-714a23fa0000 r--s 00000000 fc:00 49676300                   /mydata/openjdk-mmtk/build/b0test/images/jdk/lib/modules
714a24000000-714a247dc000 rw-p 00000000 00:00 0 
714a247dc000-714a28000000 ---p 00000000 00:00 0 
714a28026000-714a2802b000 r--p 00000000 fc:00 49676433                   /mydata/openjdk-mmtk/build/b0test/images/jdk/lib/libjsvml.so
714a2802b000-714a2806c000 r-xp 00005000 fc:00 49676433                   /mydata/openjdk-mmtk/build/b0test/images/jdk/lib/libjsvml.so
714a2806c000-714a280f5000 r--p 00046000 fc:00 49676433                   /mydata/openjdk-mmtk/build/b0test/images/jdk/lib/libjsvml.so
714a280f5000-714a280f6000 r--p 000ce000 fc:00 49676433                   /mydata/openjdk-mmtk/build/b0test/images/jdk/lib/libjsvml.so
714a280f6000-714a280f7000 rw-p 000cf000 fc:00 49676433                   /mydata/openjdk-mmtk/build/b0test/images/jdk/lib/libjsvml.so
714a280f7000-714a280f8000 ---p 00000000 00:00 0 
714a280f8000-714a281f8000 rw-p 00000000 00:00 0 
714a281f8000-714a281f9000 ---p 00000000 00:00 0 
714a281f9000-714a282f9000 rw-p 00000000 00:00 0 
714a282f9000-714a282fa000 ---p 00000000 00:00 0 
714a282fa000-714a283fa000 rw-p 00000000 00:00 0 
714a283fa000-714a283fb000 ---p 00000000 00:00 0 
714a283fb000-714a284fb000 rw-p 00000000 00:00 0 
714a284fb000-714a284fc000 ---p 00000000 00:00 0 
714a284fc000-714a285fc000 rw-p 00000000 00:00 0 
714a285fc000-714a285fd000 ---p 00000000 00:00 0 
714a285fd000-714a286fd000 rw-p 00000000 00:00 0 
714a286fd000-714a286fe000 ---p 00000000 00:00 0 
714a286fe000-714a287fe000 rw-p 00000000 00:00 0 
714a287fe000-714a287ff000 ---p 00000000 00:00 0 
714a287ff000-714a288ff000 rw-p 00000000 00:00 0 
714a288ff000-714a28900000 ---p 00000000 00:00 0 
714a28900000-714a28a00000 rw-p 00000000 00:00 0 
714a28a00000-714a28a04000 ---p 00000000 00:00 0 
714a28a04000-714a28b00000 rw-p 00000000 00:00 0 
714a28b00000-714a28b04000 ---p 00000000 00:00 0 
714a28b04000-714a28c00000 rw-p 00000000 00:00 0 
714a28c00000-714a28eeb000 r--p 00000000 08:03 1410552                    /usr/lib/locale/locale-archive
714a28efc000-714a28f00000 ---p 00000000 00:00 0 
714a28f00000-714a28ffc000 rw-p 00000000 00:00 0 
714a28ffc000-714a28ffd000 ---p 00000000 00:00 0 
714a28ffd000-714a290fd000 rw-p 00000000 00:00 0 
714a290fd000-714a290fe000 ---p 00000000 00:00 0 
714a290fe000-714a291fe000 rw-p 00000000 00:00 0 
714a291fe000-714a297ff000 rw-p 00000000 00:00 0 
714a297ff000-714a29800000 ---p 00000000 00:00 0 
714a29800000-714a29a00000 rw-p 00000000 00:00 0 
714a29a00000-714a29a0c000 r--p 00000000 fc:00 13107820                   /mydata/gc-bpf-fault/shim/libgcbpf.so
714a29a0c000-714a29a6e000 r-xp 0000c000 fc:00 13107820                   /mydata/gc-bpf-fault/shim/libgcbpf.so
714a29a6e000-714a29cde000 r--p 0006e000 fc:00 13107820                   /mydata/gc-bpf-fault/shim/libgcbpf.so
714a29cde000-714a29ce0000 r--p 002de000 fc:00 13107820                   /mydata/gc-bpf-fault/shim/libgcbpf.so
714a29ce0000-714a29ce1000 rw-p 002e0000 fc:00 13107820                   /mydata/gc-bpf-fault/shim/libgcbpf.so
714a29ce1000-714a29ce2000 rw-p 00000000 00:00 0 
714a29d64000-714a29d68000 r--p 00000000 fc:00 49676379                   /mydata/openjdk-mmtk/build/b0test/images/jdk/lib/libverify.so
714a29d68000-714a29d6f000 r-xp 00004000 fc:00 49676379                   /mydata/openjdk-mmtk/build/b0test/images/jdk/lib/libverify.so
714a29d6f000-714a29d71000 r--p 0000b000 fc:00 49676379                   /mydata/openjdk-mmtk/build/b0test/images/jdk/lib/libverify.so
714a29d71000-714a29d73000 r--p 0000c000 fc:00 49676379                   /mydata/openjdk-mmtk/build/b0test/images/jdk/lib/libverify.so
714a29d73000-714a29d74000 rw-p 0000e000 fc:00 49676379                   /mydata/openjdk-mmtk/build/b0test/images/jdk/lib/libverify.so
714a29d74000-714a29d78000 r--p 00000000 08:03 1410107                    /usr/lib/x86_64-linux-gnu/libzstd.so.1.5.5
714a29d78000-714a29e1f000 r-xp 00004000 08:03 1410107                    /usr/lib/x86_64-linux-gnu/libzstd.so.1.5.5
714a29e1f000-714a29e2c000 r--p 000ab000 08:03 1410107                    /usr/lib/x86_64-linux-gnu/libzstd.so.1.5.5
714a29e2c000-714a29e2d000 r--p 000b7000 08:03 1410107                    /usr/lib/x86_64-linux-gnu/libzstd.so.1.5.5
714a29e2d000-714a29e2e000 rw-p 000b8000 08:03 1410107                    /usr/lib/x86_64-linux-gnu/libzstd.so.1.5.5
714a29e2e000-714a29e38000 rw-p 00000000 00:00 0 
714a29e38000-714a29f17000 ---p 00000000 00:00 0 
714a29f17000-714a29f25000 rw-p 00000000 00:00 0 
714a29f25000-714a2a000000 ---p 00000000 00:00 0 
714a2a000000-714a2a148000 r--p 00000000 fc:00 49676390                   /mydata/openjdk-mmtk/build/b0test/images/jdk/lib/server/libmmtk_openjdk.so
714a2a148000-714a2a3c9000 r-xp 00147000 fc:00 49676390                   /mydata/openjdk-mmtk/build/b0test/images/jdk/lib/server/libmmtk_openjdk.so
714a2a3c9000-714a2a40a000 r--p 003c7000 fc:00 49676390                   /mydata/openjdk-mmtk/build/b0test/images/jdk/lib/server/libmmtk_openjdk.so
714a2a40a000-714a2a40d000 rw-p 00407000 fc:00 49676390                   /mydata/openjdk-mmtk/build/b0test/images/jdk/lib/server/libmmtk_openjdk.so
714a2a40d000-714a2a40f000 rw-p 00000000 00:00 0 
714a2a417000-714a2a41b000 ---p 00000000 00:00 0 
714a2a41b000-714a2a517000 rw-p 00000000 00:00 0 
714a2a517000-714a2a527000 r--p 00000000 08:03 1411099                    /usr/lib/x86_64-linux-gnu/libm.so.6
714a2a527000-714a2a5a6000 r-xp 00010000 08:03 1411099                    /usr/lib/x86_64-linux-gnu/libm.so.6
714a2a5a6000-714a2a5fe000 r--p 0008f000 08:03 1411099                    /usr/lib/x86_64-linux-gnu/libm.so.6
714a2a5fe000-714a2a5ff000 r--p 000e7000 08:03 1411099                    /usr/lib/x86_64-linux-gnu/libm.so.6
714a2a5ff000-714a2a600000 rw-p 000e8000 08:03 1411099                    /usr/lib/x86_64-linux-gnu/libm.so.6
714a2a600000-714a2a8a9000 r--p 00000000 fc:00 49676389                   /mydata/openjdk-mmtk/build/b0test/images/jdk/lib/server/libjvm.so
714a2a8a9000-714a2b73c000 r-xp 002a9000 fc:00 49676389                   /mydata/openjdk-mmtk/build/b0test/images/jdk/lib/server/libjvm.so
714a2b73c000-714a2ba20000 r--p 0113c000 fc:00 49676389                   /mydata/openjdk-mmtk/build/b0test/images/jdk/lib/server/libjvm.so
714a2ba20000-714a2baf6000 r--p 0141f000 fc:00 49676389                   /mydata/openjdk-mmtk/build/b0test/images/jdk/lib/server/libjvm.so
714a2baf6000-714a2bb26000 rw-p 014f5000 fc:00 49676389                   /mydata/openjdk-mmtk/build/b0test/images/jdk/lib/server/libjvm.so
714a2bb26000-714a2bb8c000 rw-p 00000000 00:00 0 
714a2bb97000-714a2bb99000 r--p 00000000 fc:00 49676380                   /mydata/openjdk-mmtk/build/b0test/images/jdk/lib/libzip.so
714a2bb99000-714a2bb9e000 r-xp 00002000 fc:00 49676380                   /mydata/openjdk-mmtk/build/b0test/images/jdk/lib/libzip.so
714a2bb9e000-714a2bba0000 r--p 00007000 fc:00 49676380                   /mydata/openjdk-mmtk/build/b0test/images/jdk/lib/libzip.so
714a2bba0000-714a2bba1000 r--p 00008000 fc:00 49676380                   /mydata/openjdk-mmtk/build/b0test/images/jdk/lib/libzip.so
714a2bba1000-714a2bba2000 rw-p 00009000 fc:00 49676380                   /mydata/openjdk-mmtk/build/b0test/images/jdk/lib/libzip.so
714a2bba2000-714a2bba5000 r--p 00000000 fc:00 49676376                   /mydata/openjdk-mmtk/build/b0test/images/jdk/lib/libnet.so
714a2bba5000-714a2bbad000 r-xp 00003000 fc:00 49676376                   /mydata/openjdk-mmtk/build/b0test/images/jdk/lib/libnet.so
714a2bbad000-714a2bbaf000 r--p 0000b000 fc:00 49676376                   /mydata/openjdk-mmtk/build/b0test/images/jdk/lib/libnet.so
714a2bbaf000-714a2bbb0000 r--p 0000c000 fc:00 49676376                   /mydata/openjdk-mmtk/build/b0test/images/jdk/lib/libnet.so
714a2bbb0000-714a2bbb1000 rw-p 0000d000 fc:00 49676376                   /mydata/openjdk-mmtk/build/b0test/images/jdk/lib/libnet.so
714a2bbb1000-714a2bbb8000 r--p 00000000 fc:00 49676377                   /mydata/openjdk-mmtk/build/b0test/images/jdk/lib/libnio.so
714a2bbb8000-714a2bbc1000 r-xp 00007000 fc:00 49676377                   /mydata/openjdk-mmtk/build/b0test/images/jdk/lib/libnio.so
714a2bbc1000-714a2bbc5000 r--p 00010000 fc:00 49676377                   /mydata/openjdk-mmtk/build/b0test/images/jdk/lib/libnio.so
714a2bbc5000-714a2bbc6000 r--p 00014000 fc:00 49676377                   /mydata/openjdk-mmtk/build/b0test/images/jdk/lib/libnio.so
714a2bbc6000-714a2bbc7000 rw-p 00015000 fc:00 49676377                   /mydata/openjdk-mmtk/build/b0test/images/jdk/lib/libnio.so
714a2bbc7000-714a2bbca000 r--p 00000000 08:03 1410420                    /usr/lib/x86_64-linux-gnu/libelf-0.190.so
714a2bbca000-714a2bbe0000 r-xp 00003000 08:03 1410420                    /usr/lib/x86_64-linux-gnu/libelf-0.190.so
714a2bbe0000-714a2bbe4000 r--p 00019000 08:03 1410420                    /usr/lib/x86_64-linux-gnu/libelf-0.190.so
714a2bbe4000-714a2bbe5000 r--p 0001c000 08:03 1410420                    /usr/lib/x86_64-linux-gnu/libelf-0.190.so
714a2bbe5000-714a2bbe6000 rw-p 0001d000 08:03 1410420                    /usr/lib/x86_64-linux-gnu/libelf-0.190.so
714a2bbe9000-714a2bbf0000 r--s 00000000 08:03 1436340                    /usr/lib/x86_64-linux-gnu/gconv/gconv-modules.cache
714a2bbf0000-714a2bbf8000 rw-p 00000000 00:00 0 
714a2bbf8000-714a2bc00000 ---p 00000000 00:00 0 
714a2bc00000-714a2bc28000 r--p 00000000 08:03 1410238                    /usr/lib/x86_64-linux-gnu/libc.so.6
714a2bc28000-714a2bdb0000 r-xp 00028000 08:03 1410238                    /usr/lib/x86_64-linux-gnu/libc.so.6
714a2bdb0000-714a2bdff000 r--p 001b0000 08:03 1410238                    /usr/lib/x86_64-linux-gnu/libc.so.6
714a2bdff000-714a2be03000 r--p 001fe000 08:03 1410238                    /usr/lib/x86_64-linux-gnu/libc.so.6
714a2be03000-714a2be05000 rw-p 00202000 08:03 1410238                    /usr/lib/x86_64-linux-gnu/libc.so.6
714a2be05000-714a2be12000 rw-p 00000000 00:00 0 
714a2be15000-714a2be22000 r--p 00000000 fc:00 49676369                   /mydata/openjdk-mmtk/build/b0test/images/jdk/lib/libjava.so
714a2be22000-714a2be31000 r-xp 0000d000 fc:00 49676369                   /mydata/openjdk-mmtk/build/b0test/images/jdk/lib/libjava.so
714a2be31000-714a2be36000 r--p 0001c000 fc:00 49676369                   /mydata/openjdk-mmtk/build/b0test/images/jdk/lib/libjava.so
714a2be36000-714a2be37000 r--p 00021000 fc:00 49676369                   /mydata/openjdk-mmtk/build/b0test/images/jdk/lib/libjava.so
714a2be37000-714a2be38000 rw-p 00022000 fc:00 49676369                   /mydata/openjdk-mmtk/build/b0test/images/jdk/lib/libjava.so
714a2be38000-714a2be39000 rw-p 00000000 00:00 0 
714a2be39000-714a2be41000 rw-s 00000000 08:03 237600                     /tmp/hsperfdata_root/463580
714a2be41000-714a2be45000 r--p 00000000 fc:00 49676370                   /mydata/openjdk-mmtk/build/b0test/images/jdk/lib/libjimage.so
714a2be45000-714a2be5c000 r-xp 00004000 fc:00 49676370                   /mydata/openjdk-mmtk/build/b0test/images/jdk/lib/libjimage.so
714a2be5c000-714a2be61000 r--p 0001b000 fc:00 49676370                   /mydata/openjdk-mmtk/build/b0test/images/jdk/lib/libjimage.so
714a2be61000-714a2be63000 r--p 00020000 fc:00 49676370                   /mydata/openjdk-mmtk/build/b0test/images/jdk/lib/libjimage.so
714a2be63000-714a2be64000 rw-p 00022000 fc:00 49676370                   /mydata/openjdk-mmtk/build/b0test/images/jdk/lib/libjimage.so
714a2be64000-714a2be68000 r--p 00000000 08:03 1410148                    /usr/lib/x86_64-linux-gnu/libgcc_s.so.1
714a2be68000-714a2be8c000 r-xp 00004000 08:03 1410148                    /usr/lib/x86_64-linux-gnu/libgcc_s.so.1
714a2be8c000-714a2be90000 r--p 00028000 08:03 1410148                    /usr/lib/x86_64-linux-gnu/libgcc_s.so.1
714a2be90000-714a2be91000 r--p 0002b000 08:03 1410148                    /usr/lib/x86_64-linux-gnu/libgcc_s.so.1
714a2be91000-714a2be92000 rw-p 0002c000 08:03 1410148                    /usr/lib/x86_64-linux-gnu/libgcc_s.so.1
714a2be92000-714a2be94000 rw-p 00000000 00:00 0 
714a2be94000-714a2be96000 r--p 00000000 08:03 1409104                    /usr/lib/x86_64-linux-gnu/libz.so.1.3
714a2be96000-714a2bea8000 r-xp 00002000 08:03 1409104                    /usr/lib/x86_64-linux-gnu/libz.so.1.3
714a2bea8000-714a2beae000 r--p 00014000 08:03 1409104                    /usr/lib/x86_64-linux-gnu/libz.so.1.3
714a2beae000-714a2beaf000 r--p 0001a000 08:03 1409104                    /usr/lib/x86_64-linux-gnu/libz.so.1.3
714a2beaf000-714a2beb0000 rw-p 0001b000 08:03 1409104                    /usr/lib/x86_64-linux-gnu/libz.so.1.3
714a2beb5000-714a2beb6000 rw-s 00000000 00:10 68                         anon_inode:bpf-map
714a2beb6000-714a2beb7000 r--s 00000000 00:10 68                         anon_inode:bpf-map
714a2beb7000-714a2beb8000 ---p 00000000 00:00 0 
714a2beb8000-714a2beb9000 r--p 00000000 00:00 0 
714a2beb9000-714a2beba000 ---p 00000000 00:00 0 
714a2beba000-714a2bebc000 r--p 00000000 fc:00 49676372                   /mydata/openjdk-mmtk/build/b0test/images/jdk/lib/libjli.so
714a2bebc000-714a2bec6000 r-xp 00002000 fc:00 49676372                   /mydata/openjdk-mmtk/build/b0test/images/jdk/lib/libjli.so
714a2bec6000-714a2bec9000 r--p 0000c000 fc:00 49676372                   /mydata/openjdk-mmtk/build/b0test/images/jdk/lib/libjli.so
714a2bec9000-714a2beca000 r--p 0000f000 fc:00 49676372                   /mydata/openjdk-mmtk/build/b0test/images/jdk/lib/libjli.so
714a2beca000-714a2becb000 rw-p 00010000 fc:00 49676372                   /mydata/openjdk-mmtk/build/b0test/images/jdk/lib/libjli.so
714a2becb000-714a2becd000 rw-p 00000000 00:00 0 
714a2becd000-714a2bed1000 r--p 00000000 00:00 0                          [vvar]
714a2bed1000-714a2bed3000 r--p 00000000 00:00 0                          [vvar_vclock]
714a2bed3000-714a2bed5000 r-xp 00000000 00:00 0                          [vdso]
714a2bed5000-714a2bed6000 r--p 00000000 08:03 1409763                    /usr/lib/x86_64-linux-gnu/ld-linux-x86-64.so.2
714a2bed6000-714a2bf01000 r-xp 00001000 08:03 1409763                    /usr/lib/x86_64-linux-gnu/ld-linux-x86-64.so.2
714a2bf01000-714a2bf0b000 r--p 0002c000 08:03 1409763                    /usr/lib/x86_64-linux-gnu/ld-linux-x86-64.so.2
714a2bf0b000-714a2bf0d000 r--p 00036000 08:03 1409763                    /usr/lib/x86_64-linux-gnu/ld-linux-x86-64.so.2
714a2bf0d000-714a2bf0f000 rw-p 00038000 08:03 1409763                    /usr/lib/x86_64-linux-gnu/ld-linux-x86-64.so.2
7ffff591e000-7ffff593f000 rw-p 00000000 00:00 0                          [stack]
ffffffffff600000-ffffffffff601000 --xp 00000000 00:00 0                  [vsyscall]
Total number of mappings: 583

JVMTI agents: none


VM Arguments:
jvm_args: -XX:+UseThirdPartyHeap -Xms512m -Xmx512m 
java_command: /mydata/dacapo/dacapo-23.11/dacapo-23.11-MR2-chopin.jar xalan -n 3
java_class_path (initial): /mydata/dacapo/dacapo-23.11/dacapo-23.11-MR2-chopin.jar
Launcher Type: SUN_STANDARD

[Global flags]
     intx CICompilerCount                          = 15                                        {product} {ergonomic}
   size_t InitialHeapSize                          = 536870912                                 {product} {command line}
   size_t MaxHeapSize                              = 536870912                                 {product} {command line}
   size_t MinHeapDeltaBytes                        = 524288                                    {product} {ergonomic}
   size_t MinHeapSize                              = 536870912                                 {product} {command line}
    uintx NonNMethodCodeHeapSize                   = 8192380                                {pd product} {ergonomic}
    uintx NonProfiledCodeHeapSize                  = 121732930                              {pd product} {ergonomic}
    uintx ProfiledCodeHeapSize                     = 121732930                              {pd product} {ergonomic}
    uintx ReservedCodeCacheSize                    = 251658240                              {pd product} {ergonomic}
     bool SegmentedCodeCache                       = true                                      {product} {ergonomic}
   size_t SoftMaxHeapSize                          = 536870912                              {manageable} {ergonomic}
     bool UseCompressedOops                        = true                           {product lp64_product} {ergonomic}

Logging:
Log output configuration:
 #0: stdout all=warning uptime,level,tags foldmultilines=false
 #1: stderr all=off uptime,level,tags foldmultilines=false

Release file:
IMPLEMENTOR="N/A"
JAVA_RUNTIME_VERSION="21.0.9-internal-adhoc.talzuss.openjdk-mmtk"
JAVA_VERSION="21.0.9"
JAVA_VERSION_DATE="2025-10-21"
LIBC="gnu"
MODULES="java.base java.compiler java.datatransfer java.xml java.prefs java.desktop java.instrument java.logging java.management java.security.sasl java.naming java.rmi java.management.rmi java.net.http java.scripting java.security.jgss java.transaction.xa java.sql java.sql.rowset java.xml.crypto java.se java.smartcardio jdk.accessibility jdk.internal.jvmstat jdk.attach jdk.charsets jdk.internal.opt jdk.zipfs jdk.compiler jdk.crypto.ec jdk.crypto.cryptoki jdk.dynalink jdk.internal.ed jdk.editpad jdk.hotspot.agent jdk.httpserver jdk.incubator.vector jdk.internal.le jdk.internal.vm.ci jdk.internal.vm.compiler jdk.internal.vm.compiler.management jdk.jartool jdk.javadoc jdk.jcmd jdk.management jdk.management.agent jdk.jconsole jdk.jdeps jdk.jdwp.agent jdk.jdi jdk.jfr jdk.jlink jdk.jpackage jdk.jshell jdk.jsobject jdk.jstatd jdk.localedata jdk.management.jfr jdk.naming.dns jdk.naming.rmi jdk.net jdk.nio.mapmode jdk.random jdk.sctp jdk.security.auth jdk.security.jgss jdk.unsupported jdk.unsupported.desktop jdk.xml.dom"
OS_ARCH="x86_64"
OS_NAME="Linux"
SOURCE=".:git:b557520f04b3+"

Environment Variables:
PATH=/usr/local/sbin:/usr/local/bin:/usr/sbin:/usr/bin:/sbin:/bin:/snap/bin
SHELL=/bin/bash
LANG=en_US.UTF-8
TERM=tmux-256color

Active Locale:
LC_ALL=en_US.UTF-8
LC_COLLATE=en_US.UTF-8
LC_CTYPE=en_US.UTF-8
LC_MESSAGES=en_US.UTF-8
LC_MONETARY=en_US.UTF-8
LC_NUMERIC=en_US.UTF-8
LC_TIME=en_US.UTF-8

Signal Handlers:
   SIGSEGV: crash_handler in libjvm.so, mask=11100100010111111101111111111110, flags=SA_RESTART|SA_SIGINFO, unblocked
    SIGBUS: crash_handler in libjvm.so, mask=11100100010111111101111111111110, flags=SA_RESTART|SA_SIGINFO, unblocked
    SIGFPE: crash_handler in libjvm.so, mask=11100100010111111101111111111110, flags=SA_RESTART|SA_SIGINFO, unblocked
   SIGPIPE: javaSignalHandler in libjvm.so, mask=11100100010111111101111111111110, flags=SA_RESTART|SA_SIGINFO, blocked
   SIGXFSZ: javaSignalHandler in libjvm.so, mask=11100100010111111101111111111110, flags=SA_RESTART|SA_SIGINFO, blocked
    SIGILL: crash_handler in libjvm.so, mask=11100100010111111101111111111110, flags=SA_RESTART|SA_SIGINFO, unblocked
   SIGUSR2: SR_handler in libjvm.so, mask=00000000000000000000000000000000, flags=SA_RESTART|SA_SIGINFO, blocked
    SIGHUP: UserHandler in libjvm.so, mask=11100100010111111101111111111110, flags=SA_RESTART|SA_SIGINFO, blocked
    SIGINT: UserHandler in libjvm.so, mask=11100100010111111101111111111110, flags=SA_RESTART|SA_SIGINFO, blocked
   SIGTERM: UserHandler in libjvm.so, mask=11100100010111111101111111111110, flags=SA_RESTART|SA_SIGINFO, blocked
   SIGQUIT: UserHandler in libjvm.so, mask=11100100010111111101111111111110, flags=SA_RESTART|SA_SIGINFO, blocked
   SIGTRAP: crash_handler in libjvm.so, mask=11100100010111111101111111111110, flags=SA_RESTART|SA_SIGINFO, unblocked


Periodic native trim disabled

---------------  S Y S T E M  ---------------

OS:
DISTRIB_ID=Ubuntu
DISTRIB_RELEASE=24.04
DISTRIB_CODENAME=noble
DISTRIB_DESCRIPTION="Ubuntu 24.04.4 LTS"
uname: Linux 6.17.0-bpf-fault+ #1 SMP PREEMPT_DYNAMIC Mon Jul  6 16:43:12 MDT 2026 x86_64
OS uptime: 1 days 3:23 hours
libc: glibc 2.39 NPTL 2.39 
rlimit (soft/hard): STACK 8192k/infinity , CORE 0k/0k , NPROC 513205/513205 , NOFILE 1048576/1048576 , AS infinity/infinity , CPU infinity/infinity , DATA infinity/infinity , FSIZE infinity/infinity , MEMLOCK 16436528k/16436528k
load average: 1.39 1.88 1.62

/proc/meminfo:
MemTotal:       131492232 kB
MemFree:        64525088 kB
MemAvailable:   111891792 kB
Buffers:          571280 kB
Cached:         46052032 kB
SwapCached:            0 kB
Active:          4745400 kB
Inactive:       45798920 kB
Active(anon):    3938924 kB
Inactive(anon):        0 kB
Active(file):     806476 kB
Inactive(file): 45798920 kB
Unevictable:       41912 kB
Mlocked:           38840 kB
SwapTotal:       8388604 kB
SwapFree:        8388604 kB
Zswap:                 0 kB
Zswapped:              0 kB
Dirty:           1268136 kB
Writeback:             0 kB
AnonPages:       3964656 kB
Mapped:         12905452 kB
Shmem:              5316 kB
KReclaimable:    2012992 kB
Slab:            2555376 kB
SReclaimable:    2012992 kB
SUnreclaim:       542384 kB
KernelStack:       12752 kB
PageTables:        73112 kB
SecPageTables:      9516 kB
NFS_Unstable:          0 kB
Bounce:                0 kB
WritebackTmp:          0 kB
CommitLimit:    74134720 kB
Committed_AS:   165237400 kB
VmallocTotal:   34359738367 kB
VmallocUsed:       38812 kB
VmallocChunk:          0 kB
Percpu:            51072 kB
HardwareCorrupted:     0 kB
AnonHugePages:         0 kB
ShmemHugePages:        0 kB
ShmemPmdMapped:        0 kB
FileHugePages:   2177024 kB
FilePmdMapped:         0 kB
Unaccepted:            0 kB
Balloon:               0 kB
HugePages_Total:       0
HugePages_Free:        0
HugePages_Rsvd:        0
HugePages_Surp:        0
Hugepagesize:       2048 kB
Hugetlb:               0 kB
DirectMap4k:     1174336 kB
DirectMap2M:    30918656 kB
DirectMap1G:    101711872 kB

/sys/kernel/mm/transparent_hugepage/enabled: always [madvise] never
/sys/kernel/mm/transparent_hugepage/hpage_pmd_size: 2097152
/sys/kernel/mm/transparent_hugepage/defrag (defrag/compaction efforts parameter): always defer defer+madvise [madvise] never

Process Memory:
Virtual Size: 13620524132K (peak: 13620532300K)
Resident Set Size: 4521460K (peak: 4521460K) (anon: 1347964K, file: 3173496K, shmem: 0K)
Swapped out: 0K
C-Heap outstanding allocations: 1421718K, retained: 112189K
glibc malloc tunables: (default)

/proc/sys/kernel/threads-max (system-wide limit on the number of threads): 1026411
/proc/sys/vm/max_map_count (maximum number of memory map areas a process may have): 1048576
/proc/sys/vm/swappiness (control to define how aggressively the kernel swaps out anonymous memory): 60
/proc/sys/kernel/pid_max (system-wide limit on number of process identifiers): 4194304

container information not found.
Steal ticks since vm start: 0
Steal ticks percentage since vm start:  0.000

CPU: total 32 (initial active 32) (32 cores per cpu, 2 threads per core) family 23 model 49 stepping 0 microcode 0x830107c, cx8, cmov, fxsr, ht, mmx, 3dnowpref, sse, sse2, sse3, ssse3, sse4a, sse4.1, sse4.2, popcnt, lzcnt, tsc, tscinvbit, avx, avx2, aes, clmul, bmi1, bmi2, adx, sha, fma, vzeroupper, clflush, clflushopt, rdtscp, rdpid, f16c
CPU Model and flags from /proc/cpuinfo:
model name	: AMD EPYC 7302P 16-Core Processor
flags		: fpu vme de pse tsc msr pae mce cx8 apic sep mtrr pge mca cmov pat pse36 clflush mmx fxsr sse sse2 ht syscall nx mmxext fxsr_opt pdpe1gb rdtscp lm constant_tsc rep_good nopl xtopology nonstop_tsc cpuid extd_apicid aperfmperf rapl pni pclmulqdq monitor ssse3 fma cx16 sse4_1 sse4_2 movbe popcnt aes xsave avx f16c rdrand lahf_lm cmp_legacy svm extapic cr8_legacy abm sse4a misalignsse 3dnowprefetch osvw ibs skinit wdt tce topoext perfctr_core perfctr_nb bpext perfctr_llc mwaitx cpb cat_l3 cdp_l3 hw_pstate ssbd mba ibrs ibpb stibp vmmcall fsgsbase bmi1 avx2 smep bmi2 cqm rdt_a rdseed adx smap clflushopt clwb sha_ni xsaveopt xsavec xgetbv1 xsaves cqm_llc cqm_occup_llc cqm_mbm_total cqm_mbm_local clzero irperf xsaveerptr rdpru wbnoinvd amd_ppin arat npt lbrv svm_lock nrip_save tsc_scale vmcb_clean flushbyasid decodeassists pausefilter pfthreshold avic v_vmsave_vmload vgif v_spec_ctrl umip rdpid overflow_recov succor smca sev sev_es

Online cpus: 0-31
Offline cpus: 
BIOS frequency limitation: <Not Available>
Frequency switch latency (ns): <Not Available>
Available cpu frequencies: <Not Available>
Current governor: <Not Available>
Core performance/turbo boost: <Not Available>

Memory: 4k page, physical 131492232k(111891792k free), swap 8388604k(8388604k free)
Page Sizes: 4k

vm_info: OpenJDK 64-Bit Server VM (21.0.9-internal-adhoc.talzuss.openjdk-mmtk) for linux-amd64 JRE (21.0.9-internal-adhoc.talzuss.openjdk-mmtk), built on 2026-07-06T23:13:08Z by "talzuss" with gcc 13.3.0
heap_info: MMTk OpenJDK 0.32.0 (f59b93a-dirty), using MMTk 0.32.0 (3ecdf08-dirty, BUILTIN_ENV_LOGGER, DEFAULT, EAGER_SWEEPING, VO_BIT)\

END.
