#
# A fatal error has been detected by the Java Runtime Environment:
#
#  SIGSEGV (0xb) at pc=0x0000721bd649a817, pid=377867, tid=377885
#
# JRE version: OpenJDK Runtime Environment (21.0.9) (build 21.0.9-internal-adhoc.talzuss.openjdk-mmtk)
# Java VM: OpenJDK 64-Bit Server VM (21.0.9-internal-adhoc.talzuss.openjdk-mmtk, mixed mode, sharing, tiered, compressed oops, compressed class ptrs, third-party gc, linux-amd64)
# Problematic frame:
# C  [libmmtk_openjdk.so+0x29a817]  _$LT$mmtk..plan..concurrent..immix..gc_work..SatbFinalDrain$LT$VM$GT$$u20$as$u20$mmtk..scheduler..work..GCWork$LT$VM$GT$$GT$::do_work::h99199484dacfec84+0x477
#
# Core dump will be written. Default location: Core dumps may be processed with "/usr/share/apport/apport -p%p -s%s -c%c -d%d -P%P -u%u -g%g -F%F -- %E" (or dumping to /mydata/mmtk-core/core.377867)
#
# If you would like to submit a bug report, please visit:
#   https://bugreport.java.com/bugreport/crash.jsp
#

---------------  S U M M A R Y ------------

Command Line: -XX:+UseThirdPartyHeap -Xms512m -Xmx512m /mydata/dacapo/dacapo-23.11/dacapo-23.11-MR2-chopin.jar xalan -n 3

Host: AMD EPYC 7302P 16-Core Processor, 32 cores, 125G, Ubuntu 24.04.4 LTS
Time: Tue Jul  7 16:51:13 2026 MDT elapsed time: 3.030575 seconds (0d 0h 0m 3s)

---------------  T H R E A D  ---------------

Current thread (0x0000721bd0537630):  NamedThread "MMTk Collector Thread" [id=377885, stack(0x0000721bd43f8000,0x0000721bd44f8000) (1024K)]

Stack: [0x0000721bd43f8000,0x0000721bd44f8000],  sp=0x0000721bd44f68f0,  free space=1018k
Native frames: (J=compiled Java code, j=interpreted, Vv=VM code, C=native code)
C  [libmmtk_openjdk.so+0x29a817]  _$LT$mmtk..plan..concurrent..immix..gc_work..SatbFinalDrain$LT$VM$GT$$u20$as$u20$mmtk..scheduler..work..GCWork$LT$VM$GT$$GT$::do_work::h99199484dacfec84+0x477

siginfo: si_signo: 11 (SIGSEGV), si_code: 1 (SEGV_MAPERR), si_addr: 0x0000721d3627b208

Registers:
RAX=0x0000000058000000, RBX=0x000000000000003d, RCX=0x0000721bd627b208, RDX=0x0000656e9b000000
RSP=0x0000721bd44f68f0, RBP=0x0000000041397ff8, RSI=0x0000000041397ff8, RDI=0x0000656e9b000001
R8 =0x0000656e580008e0, R9 =0x0000000000000100, R10=0x0000656e74000030, R11=0xb1667ffcd8f94b32
R12=0x0000000000273200, R13=0x0000721bd6608648, R14=0x0000000041398bb8, R15=0x0000000000273200
RIP=0x0000721bd649a817, EFLAGS=0x0000000000010202, CSGSFS=0x002b000000000033, ERR=0x0000000000000004
  TRAPNO=0x000000000000000e

XMM[0]=0x0000000000000000 0x0000000000000000
XMM[1]=0x0000000000000000 0x0000656e74000090
XMM[2]=0x1a1d0f4f0e61624f 0x0046ffff4f09ff68
XMM[3]=0x0000000000000000 0x00000000000000ff
XMM[4]=0x0000000000000000 0x0000656e74000090
XMM[5]=0x0000000040060700 0x00000000403691e0
XMM[6]=0x0000000040368fc8 0x00000000400608f0
XMM[7]=0x00000000400608a0 0x000000004008cea0
XMM[8]=0x0000000040060a30 0x0000000040369a50
XMM[9]=0x0000000000000000 0x0000000000000000
XMM[10]=0x3f3f3f3f3f3f3f3f 0x3f3f3f3f3f3f3f3f
XMM[11]=0x9999999999999999 0x9999999999999999
XMM[12]=0x2020202020202020 0x2020202020202020
XMM[13]=0x0000000000000000 0x0000000000000000
XMM[14]=0x0000000000000000 0x0000000000000000
XMM[15]=0x0000000000000000 0x0000000000000000
  MXCSR=0x00001fa2


Register to memory mapping:

RAX=
[error occurred during error reporting (printing register info), id 0xe0000000, Internal Error (/mydata/mmtk-openjdk/openjdk/share/mmtkHeap.cpp:444)]
RBX=
[error occurred during error reporting (printing register info, attempt 2), id 0xe0000000, Internal Error (/mydata/mmtk-openjdk/openjdk/share/mmtkHeap.cpp:444)]
RCX=
[error occurred during error reporting (printing register info, attempt 3), id 0xe0000000, Internal Error (/mydata/mmtk-openjdk/openjdk/share/mmtkHeap.cpp:444)]
Top of Stack: (sp=0x0000721bd44f68f0)
0x0000721bd44f68f0:   0000721bd03e0320 0000656e9b2540c8
0x0000721bd44f6900:   0000200001398000 0000000000000040
0x0000721bd44f6910:   0000656e740081f0 000000000000003d
0x0000721bd44f6920:   0000000041335e28 0000000000010000
0x0000721bd44f6930:   0000656e74012060 000000000000a194
0x0000721bd44f6940:   0000656e9b21a318 0000721bd6608a00
0x0000721bd44f6950:   00000000402a7f48 0000721bd65e16e8
0x0000721bd44f6960:   0000656e44002520 0000656e2c02e2b8
0x0000721bd44f6970:   0000721bd052cae0 000000000000003f
0x0000721bd44f6980:   0000721bd6608648 0000721bd44f6a40
0x0000721bd44f6990:   0000721bd44f6900 0000721bd44f6a38
0x0000721bd44f69a0:   0000721bd44f6a30 0000721bd44f6a0f
0x0000721bd44f69b0:   0000721bd44f6a18 0000721bd44f6928
0x0000721bd44f69c0:   0000000000000000 0000656e740081f0
0x0000721bd44f69d0:   0000721bd052cae0 0000000000000000
0x0000721bd44f69e0:   0000721bd006d400 0000721bd052c980
0x0000721bd44f69f0:   0000721bd44f6a00 0000721bd64b5503
0x0000721bd44f6a00:   0000656e740083d8 0000000000000001
0x0000721bd44f6a10:   0000656e740081f0 0000000000000400
0x0000721bd44f6a20:   0000656e74004880 00000000000002a8
0x0000721bd44f6a30:   0000000040000000 0000000041398000
0x0000721bd44f6a40:   0000000000001398 0000656e9b253e40
0x0000721bd44f6a50:   0000721bd44f6960 0000721bd6608648
0x0000721bd44f6a60:   0000721bd6608a00 0000000000000040
0x0000721bd44f6a70:   0000721bd006fb00 0000721bd44f69d0
0x0000721bd44f6a80:   0000656e74005dc0 0000656e740052e8
0x0000721bd44f6a90:   0000721bd006ef00 0000721bd006ec00
0x0000721bd44f6aa0:   0000721bd006e900 0000721bd006e600
0x0000721bd44f6ab0:   0000721bd006e300 0000721bd006e000
0x0000721bd44f6ac0:   0000721bd006dd00 0000721bd006da00
0x0000721bd44f6ad0:   0000721bd006d700 0000721bd0046210
0x0000721bd44f6ae0:   0000721bd006d080 0000000000000001 

Instructions: (pc=0x0000721bd649a817)
0x0000721bd649a717:   44 24 18 48 89 84 24 78 01 00 00 48 85 db 0f 84
0x0000721bd649a727:   f5 0a 00 00 48 8b 84 24 d8 00 00 00 48 8d 0c d8
0x0000721bd649a737:   48 89 8c 24 10 01 00 00 eb 36 66 66 66 66 66 66
0x0000721bd649a747:   2e 0f 1f 84 00 00 00 00 00 48 8d 94 24 90 00 00
0x0000721bd649a757:   00 e8 f3 a1 fd ff 48 8b 84 24 20 01 00 00 48 83
0x0000721bd649a767:   c0 08 48 3b 84 24 10 01 00 00 0f 84 a9 0a 00 00
0x0000721bd649a777:   48 89 84 24 20 01 00 00 48 8b 30 4c 89 ac 24 90
0x0000721bd649a787:   00 00 00 48 8d 84 24 50 01 00 00 48 89 84 24 98
0x0000721bd649a797:   00 00 00 48 8d 44 24 10 48 89 84 24 a0 00 00 00
0x0000721bd649a7a7:   48 8d 84 24 48 01 00 00 48 89 84 24 a8 00 00 00
0x0000721bd649a7b7:   48 8d 84 24 40 01 00 00 48 89 84 24 b0 00 00 00
0x0000721bd649a7c7:   48 8d 84 24 1f 01 00 00 48 89 84 24 b8 00 00 00
0x0000721bd649a7d7:   48 8d 84 24 28 01 00 00 48 89 84 24 c0 00 00 00
0x0000721bd649a7e7:   48 8d 44 24 38 48 89 84 24 c8 00 00 00 8b 46 08
0x0000721bd649a7f7:   48 8b 15 2a f3 16 00 48 8b 0d 2b f3 16 00 48 d3
0x0000721bd649a807:   e0 48 8d 3c 10 8b 44 10 0c 48 8d 0d f1 09 de ff
0x0000721bd649a817:   48 63 04 81 48 01 c8 ff e0 48 89 74 24 30 48 89
0x0000721bd649a827:   bc 24 58 01 00 00 48 63 87 28 01 00 00 48 85 c0
0x0000721bd649a837:   0f 84 5e 07 00 00 48 8b 94 24 58 01 00 00 48 63
0x0000721bd649a847:   8a ac 00 00 00 48 8d 0c ca 48 63 92 2c 01 00 00
0x0000721bd649a857:   48 8d 34 d1 48 8d 1c d1 48 81 c3 d8 01 00 00 48
0x0000721bd649a867:   8d 04 c6 48 05 d8 01 00 00 48 89 44 24 08 eb 18
0x0000721bd649a877:   66 0f 1f 84 00 00 00 00 00 48 83 c3 08 48 3b 5c
0x0000721bd649a887:   24 08 0f 84 0c 07 00 00 44 8b 63 04 4d 85 e4 74
0x0000721bd649a897:   e8 4c 63 2b 4c 03 6c 24 30 45 31 ff eb 24 66 66
0x0000721bd649a8a7:   2e 0f 1f 84 00 00 00 00 00 48 8b 44 24 40 4a 89
0x0000721bd649a8b7:   2c f0 49 ff c6 4c 89 74 24 48 49 ff c7 4d 39 e7
0x0000721bd649a8c7:   74 b7 4a 8d 34 bd 00 00 00 00 4c 01 ee 48 89 f0
0x0000721bd649a8d7:   48 b9 ff ff ff ff ff ff ff 7f 48 21 c8 48 89 c1
0x0000721bd649a8e7:   48 2b 0d b2 dd 16 00 48 89 cf 48 c1 ef 0c 48 3b
0x0000721bd649a8f7:   bc 24 50 01 00 00 75 31 48 8b 4c 24 10 48 8b 94
0x0000721bd649a907:   24 48 01 00 00 48 29 d0 8b 2c 01 48 85 ed 74 aa 


Stack slot to memory mapping:

stack at sp + 0 slots: 
[error occurred during error reporting (inspecting top of stack), id 0xe0000000, Internal Error (/mydata/mmtk-openjdk/openjdk/share/mmtkHeap.cpp:444)]
stack at sp + 1 slots: 
[error occurred during error reporting (inspecting top of stack, attempt 2), id 0xe0000000, Internal Error (/mydata/mmtk-openjdk/openjdk/share/mmtkHeap.cpp:444)]
stack at sp + 2 slots: 
[error occurred during error reporting (inspecting top of stack, attempt 3), id 0xe0000000, Internal Error (/mydata/mmtk-openjdk/openjdk/share/mmtkHeap.cpp:444)]

---------------  P R O C E S S  ---------------

Threads class SMR info:
_java_thread_list=0x0000656df407a1f0, length=56, elements={
0x0000721bd002b240, 0x0000721bd0526f10, 0x0000721bd05287a0, 0x0000721bd052a290,
0x0000721bd0548ac0, 0x0000721bd054a410, 0x0000721bd054bcd0, 0x0000721bd054db10,
0x0000721bd05574e0, 0x0000656e1404d4d0, 0x0000656e08001610, 0x0000721bd05a63c0,
0x0000721bd05a93c0, 0x0000656e0c0246f0, 0x0000656e0803ffc0, 0x0000656e080415f0,
0x0000656df803c760, 0x0000721bd07c5e50, 0x0000721bd07c6aa0, 0x0000721bd07d08b0,
0x0000721bd07d1d00, 0x0000721bd07d30a0, 0x0000721bd07d4440, 0x0000721bd07d58b0,
0x0000721bd07d6e20, 0x0000721bd07d81f0, 0x0000721bd07d96a0, 0x0000721bd07dac30,
0x0000721bd07dc1c0, 0x0000721bd07dd670, 0x0000721bd07deb20, 0x0000721bd03e1c00,
0x0000721bd03e2c20, 0x0000721bd03e4460, 0x0000721bd07c8d30, 0x0000721bd07ca150,
0x0000721bd07cb6a0, 0x0000721bd07ccb40, 0x0000721bd07ce120, 0x0000721bd07cf9b0,
0x0000721bd05c24a0, 0x0000721bd05c3d30, 0x0000721bd05c55c0, 0x0000721bd05c6e50,
0x0000721bd05c86e0, 0x0000721bd05e1b40, 0x0000721bd05e3510, 0x0000721bd05e4d60,
0x0000721bd05e65f0, 0x0000656e080a5b00, 0x0000656dfc046e50, 0x0000656e080e1fb0,
0x0000656dfc049dd0, 0x0000656e080fc3d0, 0x0000656df4077d50, 0x0000656df4078f50
}

Java Threads: ( => current thread )
  0x0000721bd002b240 JavaThread "main"                              [_thread_blocked, id=377868, stack(0x0000721bd6700000,0x0000721bd6800000) (1024K)]
  0x0000721bd0526f10 JavaThread "Reference Handler"          daemon [_thread_blocked, id=377874, stack(0x0000721bd4f00000,0x0000721bd5000000) (1024K)]
  0x0000721bd05287a0 JavaThread "Finalizer"                  daemon [_thread_blocked, id=377875, stack(0x0000721bd4e00000,0x0000721bd4f00000) (1024K)]
  0x0000721bd052a290 JavaThread "MMTk Finalizer Thread"      daemon [_thread_blocked, id=377876, stack(0x0000721bd4d00000,0x0000721bd4e00000) (1024K)]
  0x0000721bd0548ac0 JavaThread "Signal Dispatcher"          daemon [_thread_blocked, id=377900, stack(0x0000656ee09f9000,0x0000656ee0af9000) (1024K)]
  0x0000721bd054a410 JavaThread "Service Thread"             daemon [_thread_blocked, id=377901, stack(0x0000656ee08f9000,0x0000656ee09f9000) (1024K)]
  0x0000721bd054bcd0 JavaThread "Monitor Deflation Thread"   daemon [_thread_blocked, id=377902, stack(0x0000656ee07f9000,0x0000656ee08f9000) (1024K)]
  0x0000721bd054db10 JavaThread "C2 CompilerThread0"         daemon [_thread_blocked, id=377903, stack(0x0000656ee06f9000,0x0000656ee07f9000) (1024K)]
  0x0000721bd05574e0 JavaThread "C1 CompilerThread0"         daemon [_thread_blocked, id=377904, stack(0x0000656ee05f9000,0x0000656ee06f9000) (1024K)]
  0x0000656e1404d4d0 JavaThread "C1 CompilerThread1"         daemon [_thread_blocked, id=377905, stack(0x0000656ee04f9000,0x0000656ee05f9000) (1024K)]
  0x0000656e08001610 JavaThread "C1 CompilerThread2"         daemon [_thread_blocked, id=377906, stack(0x0000656ee03f9000,0x0000656ee04f9000) (1024K)]
  0x0000721bd05a63c0 JavaThread "Notification Thread"        daemon [_thread_blocked, id=377907, stack(0x0000656ee02f9000,0x0000656ee03f9000) (1024K)]
  0x0000721bd05a93c0 JavaThread "Common-Cleaner"             daemon [_thread_blocked, id=377908, stack(0x0000656ee01f9000,0x0000656ee02f9000) (1024K)]
  0x0000656e0c0246f0 JavaThread "C2 CompilerThread1"         daemon [_thread_blocked, id=377909, stack(0x0000656ee00f9000,0x0000656ee01f9000) (1024K)]
  0x0000656e0803ffc0 JavaThread "C1 CompilerThread3"         daemon [_thread_blocked, id=377910, stack(0x0000656e9af00000,0x0000656e9b000000) (1024K)]
  0x0000656e080415f0 JavaThread "C1 CompilerThread4"         daemon [_thread_blocked, id=377911, stack(0x0000656e9ae00000,0x0000656e9af00000) (1024K)]
  0x0000656df803c760 JavaThread "C2 CompilerThread2"         daemon [_thread_blocked, id=377912, stack(0x0000656e9ad00000,0x0000656e9ae00000) (1024K)]
  0x0000721bd07c5e50 JavaThread "Thread-0"                          [_thread_blocked, id=377913, stack(0x0000656e9ac00000,0x0000656e9ad00000) (1024K)]
  0x0000721bd07c6aa0 JavaThread "Thread-1"                          [_thread_blocked, id=377914, stack(0x0000656e9ab00000,0x0000656e9ac00000) (1024K)]
  0x0000721bd07d08b0 JavaThread "Thread-2"                          [_thread_blocked, id=377915, stack(0x0000656e9aa00000,0x0000656e9ab00000) (1024K)]
  0x0000721bd07d1d00 JavaThread "Thread-3"                          [_thread_blocked, id=377916, stack(0x0000656e9a900000,0x0000656e9aa00000) (1024K)]
  0x0000721bd07d30a0 JavaThread "Thread-4"                          [_thread_blocked, id=377917, stack(0x0000656e9a800000,0x0000656e9a900000) (1024K)]
  0x0000721bd07d4440 JavaThread "Thread-5"                          [_thread_blocked, id=377918, stack(0x0000656e9a700000,0x0000656e9a800000) (1024K)]
  0x0000721bd07d58b0 JavaThread "Thread-6"                          [_thread_blocked, id=377919, stack(0x0000656e9a600000,0x0000656e9a700000) (1024K)]
  0x0000721bd07d6e20 JavaThread "Thread-7"                          [_thread_blocked, id=377920, stack(0x0000656e9a500000,0x0000656e9a600000) (1024K)]
  0x0000721bd07d81f0 JavaThread "Thread-8"                          [_thread_blocked, id=377921, stack(0x0000656e9a400000,0x0000656e9a500000) (1024K)]
  0x0000721bd07d96a0 JavaThread "Thread-9"                          [_thread_blocked, id=377922, stack(0x0000656e9a300000,0x0000656e9a400000) (1024K)]
  0x0000721bd07dac30 JavaThread "Thread-10"                         [_thread_blocked, id=377923, stack(0x0000656e9a200000,0x0000656e9a300000) (1024K)]
  0x0000721bd07dc1c0 JavaThread "Thread-11"                         [_thread_blocked, id=377924, stack(0x0000656e9a100000,0x0000656e9a200000) (1024K)]
  0x0000721bd07dd670 JavaThread "Thread-12"                         [_thread_blocked, id=377925, stack(0x0000656e9a000000,0x0000656e9a100000) (1024K)]
  0x0000721bd07deb20 JavaThread "Thread-13"                         [_thread_blocked, id=377926, stack(0x0000656e99f00000,0x0000656e9a000000) (1024K)]
  0x0000721bd03e1c00 JavaThread "Thread-14"                         [_thread_blocked, id=377927, stack(0x0000656e99e00000,0x0000656e99f00000) (1024K)]
  0x0000721bd03e2c20 JavaThread "Thread-15"                         [_thread_blocked, id=377928, stack(0x0000656e99d00000,0x0000656e99e00000) (1024K)]
  0x0000721bd03e4460 JavaThread "Thread-16"                         [_thread_blocked, id=377929, stack(0x0000656e99c00000,0x0000656e99d00000) (1024K)]
  0x0000721bd07c8d30 JavaThread "Thread-17"                         [_thread_blocked, id=377930, stack(0x0000656e99b00000,0x0000656e99c00000) (1024K)]
  0x0000721bd07ca150 JavaThread "Thread-18"                         [_thread_blocked, id=377931, stack(0x0000656e99a00000,0x0000656e99b00000) (1024K)]
  0x0000721bd07cb6a0 JavaThread "Thread-19"                         [_thread_blocked, id=377932, stack(0x0000656e99900000,0x0000656e99a00000) (1024K)]
  0x0000721bd07ccb40 JavaThread "Thread-20"                         [_thread_blocked, id=377933, stack(0x0000656e99800000,0x0000656e99900000) (1024K)]
  0x0000721bd07ce120 JavaThread "Thread-21"                         [_thread_blocked, id=377934, stack(0x0000656e99700000,0x0000656e99800000) (1024K)]
  0x0000721bd07cf9b0 JavaThread "Thread-22"                         [_thread_blocked, id=377935, stack(0x0000656e99600000,0x0000656e99700000) (1024K)]
  0x0000721bd05c24a0 JavaThread "Thread-23"                         [_thread_blocked, id=377936, stack(0x0000656e99500000,0x0000656e99600000) (1024K)]
  0x0000721bd05c3d30 JavaThread "Thread-24"                         [_thread_blocked, id=377937, stack(0x0000656e99400000,0x0000656e99500000) (1024K)]
  0x0000721bd05c55c0 JavaThread "Thread-25"                         [_thread_blocked, id=377938, stack(0x0000656e99300000,0x0000656e99400000) (1024K)]
  0x0000721bd05c6e50 JavaThread "Thread-26"                         [_thread_blocked, id=377939, stack(0x0000656e99200000,0x0000656e99300000) (1024K)]
  0x0000721bd05c86e0 JavaThread "Thread-27"                         [_thread_blocked, id=377940, stack(0x0000656e99100000,0x0000656e99200000) (1024K)]
  0x0000721bd05e1b40 JavaThread "Thread-28"                         [_thread_blocked, id=377941, stack(0x0000656e99000000,0x0000656e99100000) (1024K)]
  0x0000721bd05e3510 JavaThread "Thread-29"                         [_thread_blocked, id=377942, stack(0x0000656e98f00000,0x0000656e99000000) (1024K)]
  0x0000721bd05e4d60 JavaThread "Thread-30"                         [_thread_blocked, id=377943, stack(0x0000656e98e00000,0x0000656e98f00000) (1024K)]
  0x0000721bd05e65f0 JavaThread "Thread-31"                         [_thread_blocked, id=377944, stack(0x0000656e98d00000,0x0000656e98e00000) (1024K)]
  0x0000656e080a5b00 JavaThread "C2 CompilerThread3"         daemon [_thread_blocked, id=377945, stack(0x0000656e98c00000,0x0000656e98d00000) (1024K)]
  0x0000656dfc046e50 JavaThread "C2 CompilerThread4"         daemon [_thread_in_native, id=377946, stack(0x0000656e98b00000,0x0000656e98c00000) (1024K)]
  0x0000656e080e1fb0 JavaThread "C2 CompilerThread5"         daemon [_thread_blocked, id=377947, stack(0x0000656e98a00000,0x0000656e98b00000) (1024K)]
  0x0000656dfc049dd0 JavaThread "C2 CompilerThread6"         daemon [_thread_blocked, id=377948, stack(0x0000656e98900000,0x0000656e98a00000) (1024K)]
  0x0000656e080fc3d0 JavaThread "C2 CompilerThread7"         daemon [_thread_blocked, id=377949, stack(0x0000656e98800000,0x0000656e98900000) (1024K)]
  0x0000656df4077d50 JavaThread "C2 CompilerThread8"         daemon [_thread_blocked, id=377950, stack(0x0000656e98700000,0x0000656e98800000) (1024K)]
  0x0000656df4078f50 JavaThread "C2 CompilerThread9"         daemon [_thread_blocked, id=377951, stack(0x0000656e98600000,0x0000656e98700000) (1024K)]
Total: 56

Other Threads:
  0x0000721bd051bc50 VMThread "VM Thread"                           [id=377873, stack(0x0000721bd5343000,0x0000721bd5443000) (1024K)]
  0x0000721bd0509840 WatcherThread "VM Periodic Task Thread"        [id=377872, stack(0x0000721bd5444000,0x0000721bd5544000) (1024K)]

=>0x0000721bd0537630 (exited) NamedThread "MMTk Collector Thread"   [id=377885, stack(0x0000721bd43f8000,0x0000721bd44f8000) (1024K)]
Total: 3

Threads with active compile tasks:
C2 CompilerThread0  3033 2861       4       org.apache.xerces.impl.XMLNSDocumentScannerImpl::scanStartElement (866 bytes)
C2 CompilerThread1  3033 2977       4       org.apache.xalan.templates.ElemNumber$NumberFormatStringTokenizer::nextToken (113 bytes)
C2 CompilerThread2  3033 2974 %     4       java.util.HashMap::putMapEntries @ 110 (170 bytes)
C2 CompilerThread3  3033 2805 % !   4       org.apache.xerces.impl.XMLDocumentFragmentScannerImpl$FragmentContentDispatcher::dispatch @ 0 (1118 bytes)
C2 CompilerThread4  3033 2275   !   4       org.apache.xalan.templates.ElemApplyTemplates::transformSelectedNodes (979 bytes)
C2 CompilerThread5  3033 2457       4       org.apache.xpath.axes.LocPathIterator::asIterator (26 bytes)
C2 CompilerThread6  3033 2419       4       org.apache.xml.serializer.ToStream::startPrefixMapping (128 bytes)
C2 CompilerThread7  3033 2418       4       org.apache.xml.serializer.ToStream::startPrefixMapping (9 bytes)
C2 CompilerThread8  3033 2515       4       java.lang.CharacterDataLatin1::getType (11 bytes)
C2 CompilerThread9  3033 2392   !   4       org.apache.xalan.templates.ElemLiteralResult::execute (312 bytes)
Total: 10

VM state: at safepoint (normal execution)

VM Mutex/Monitor currently owned by a thread:  ([mutex/lock_event])
[0x0000721bd7d580d0] Threads_lock - owner thread: 0x0000721bd051bc50
[0x0000721bd7d57fd0] Heap_lock - owner thread: 0x0000721bd03e5260

Heap address: 0x0000000040000000, size: 3072 MB, Compressed Oops mode: 32-bit

CDS archive(s) mapped at: [0x0000656e9b000000-0x0000656e9bca3000-0x0000656e9bca3000), size 13250560, SharedBaseAddress: 0x0000656e9b000000, ArchiveRelocationMode: 1.
Compressed class space mapped at: 0x0000656e9c000000-0x0000656edc000000, reserved size: 1073741824
Narrow klass base: 0x0000656e9b000000, Narrow klass shift: 0, Narrow klass range: 0x100000000

GC Precious Log:
<Empty>

Heap:

[error occurred during error reporting (printing heap information), id 0xe0000000, Internal Error (/mydata/mmtk-openjdk/openjdk/share/mmtkHeap.cpp:424)]
Metaspace:

Usage:
  Non-class:      7.01 MB used.
      Class:    964.45 KB used.
       Both:      7.95 MB used.

Virtual space:
  Non-class space:       64.00 MB reserved,       7.12 MB ( 11%) committed,  1 nodes.
      Class space:        1.00 GB reserved,       1.06 MB ( <1%) committed,  1 nodes.
             Both:        1.06 GB reserved,       8.19 MB ( <1%) committed. 

Chunk freelists:
   Non-Class:  7.34 MB
       Class:  14.99 MB
        Both:  22.34 MB

MaxMetaspaceSize: unlimited
CompressedClassSpaceSize: 1.00 GB
Initial GC threshold: 21.00 MB
Current GC threshold: 21.00 MB
CDS: on
 - commit_granule_bytes: 65536.
 - commit_granule_words: 8192.
 - virtual_space_node_default_size: 8388608.
 - enlarge_chunks_in_place: 1.
 - use_allocation_guard: 0.


Internal statistics:

num_allocs_failed_limit: 0.
num_arena_births: 120.
num_arena_deaths: 0.
num_vsnodes_births: 2.
num_vsnodes_deaths: 0.
num_space_committed: 131.
num_space_uncommitted: 0.
num_chunks_returned_to_freelist: 0.
num_chunks_taken_from_freelist: 370.
num_chunk_merges: 0.
num_chunk_splits: 259.
num_chunks_enlarged: 203.
num_inconsistent_stats: 0.

CodeHeap 'non-profiled nmethods': size=118880Kb used=1325Kb max_used=1325Kb free=117554Kb
 bounds [0x0000721bc03e8000, 0x0000721bc0658000, 0x0000721bc7800000]
CodeHeap 'profiled nmethods': size=118876Kb used=6330Kb max_used=6330Kb free=112545Kb
 bounds [0x0000721bb8800000, 0x0000721bb8e30000, 0x0000721bbfc17000]
CodeHeap 'non-nmethods': size=8004Kb used=3616Kb max_used=3667Kb free=4388Kb
 bounds [0x0000721bbfc17000, 0x0000721bbffb7000, 0x0000721bc03e8000]
CodeCache: size=245760Kb, used=11271Kb, max_used=11322Kb, free=234487Kb
 total_blobs=3384, nmethods=2897, adapters=379, full_count=0
Compilation: enabled, stopped_count=0, restarted_count=0

Compilation events (20 events):
Event: 3.003 Thread 0x0000721bd05574e0 2957       2       org.apache.xml.dtm.ref.DTMDefaultBase::documentRegistration (1 bytes)
Event: 3.003 Thread 0x0000721bd05574e0 nmethod 2957 0x0000721bb8e2c290 code [0x0000721bb8e2c420, 0x0000721bb8e2c520]
Event: 3.003 Thread 0x0000721bd05574e0 2973       2       java.util.Hashtable$Enumerator::<init> (51 bytes)
Event: 3.003 Thread 0x0000721bd05574e0 nmethod 2973 0x0000721bb8e2c590 code [0x0000721bb8e2c720, 0x0000721bb8e2c8f8]
Event: 3.003 Thread 0x0000656e08001610 nmethod 2948 0x0000721bb8e2ca10 code [0x0000721bb8e2cc20, 0x0000721bb8e2d370]
Event: 3.004 Thread 0x0000656e080e1fb0 nmethod 2514 0x0000721bc0528290 code [0x0000721bc0528500, 0x0000721bc0529488]
Event: 3.004 Thread 0x0000656e080e1fb0 2970       4       java.util.HashMap::clear (50 bytes)
Event: 3.004 Thread 0x0000656e080e1fb0 nmethod 2970 0x0000721bc0529f10 code [0x0000721bc052a080, 0x0000721bc052a130]
Event: 3.004 Thread 0x0000656e080e1fb0 2457       4       org.apache.xpath.axes.LocPathIterator::asIterator (26 bytes)
Event: 3.004 Thread 0x0000656e1404d4d0 nmethod 2971 0x0000721bb8e2d690 code [0x0000721bb8e2d8c0, 0x0000721bb8e2de90]
Event: 3.004 Thread 0x0000656e08001610 2975       1       org.apache.xml.serializer.SerializerBase::getTransformer (5 bytes)
Event: 3.005 Thread 0x0000656e08001610 nmethod 2975 0x0000721bc052a210 code [0x0000721bc052a3a0, 0x0000721bc052a460]
Event: 3.005 Thread 0x0000656e080415f0 2978       2       org.apache.xpath.VariableStack::getGlobalVariable (48 bytes)
Event: 3.005 Thread 0x0000656e080415f0 nmethod 2978 0x0000721bb8e2e190 code [0x0000721bb8e2e360, 0x0000721bb8e2e690]
Event: 3.026 Thread 0x0000656df803c760 nmethod 2527 0x0000721bc052a510 code [0x0000721bc052a740, 0x0000721bc052b040]
Event: 3.026 Thread 0x0000656e0c0246f0 nmethod 2916 0x0000721bc052b610 code [0x0000721bc052b9e0, 0x0000721bc052d8b8]
Event: 3.026 Thread 0x0000656df803c760 2974 %     4       java.util.HashMap::putMapEntries @ 110 (170 bytes)
Event: 3.026 Thread 0x0000656e0c0246f0 2977       4       org.apache.xalan.templates.ElemNumber$NumberFormatStringTokenizer::nextToken (113 bytes)
Event: 3.027 Thread 0x0000656df4077d50 nmethod 2256 0x0000721bc052ed90 code [0x0000721bc052f2c0, 0x0000721bc05319a8]
Event: 3.027 Thread 0x0000656df4077d50 2515       4       java.lang.CharacterDataLatin1::getType (11 bytes)

GC Heap History (0 events):
No events

Dll operation events (7 events):
Event: 0.001 Loaded shared library /mydata/openjdk-mmtk/build/b0test/images/jdk/lib/libjava.so
Event: 2.218 Loaded shared library /mydata/openjdk-mmtk/build/b0test/images/jdk/lib/libjsvml.so
Event: 2.231 Loaded shared library /mydata/openjdk-mmtk/build/b0test/images/jdk/lib/libnio.so
Event: 2.235 Loaded shared library /mydata/openjdk-mmtk/build/b0test/images/jdk/lib/libzip.so
Event: 2.248 Loaded shared library /mydata/openjdk-mmtk/build/b0test/images/jdk/lib/libjimage.so
Event: 2.276 Loaded shared library /mydata/openjdk-mmtk/build/b0test/images/jdk/lib/libnet.so
Event: 2.376 Loaded shared library /mydata/openjdk-mmtk/build/b0test/images/jdk/lib/libverify.so

Deoptimization events (20 events):
Event: 2.882 Thread 0x0000721bd07d58b0 DEOPT PACKING pc=0x0000721bc04ea4f0 sp=0x0000656e9a6fe300
Event: 2.882 Thread 0x0000721bd07d58b0 DEOPT UNPACKING pc=0x0000721bbfc6a899 sp=0x0000656e9a6fe248 mode 2
Event: 2.945 Thread 0x0000721bd05c55c0 DEOPT PACKING pc=0x0000721bb8d2cf80 sp=0x0000656e993fe500
Event: 2.945 Thread 0x0000721bd05c55c0 DEOPT UNPACKING pc=0x0000721bbfc6b02f sp=0x0000656e993fdaf0 mode 0
Event: 2.961 Thread 0x0000721bd07dc1c0 DEOPT PACKING pc=0x0000721bb8d29ae6 sp=0x0000656e9a1fe480
Event: 2.961 Thread 0x0000721bd07dc1c0 DEOPT UNPACKING pc=0x0000721bbfc6b02f sp=0x0000656e9a1fd960 mode 0
Event: 2.972 Thread 0x0000721bd07ccb40 DEOPT PACKING pc=0x0000721bb8d636be sp=0x0000656e998fe600
Event: 2.972 Thread 0x0000721bd07ccb40 DEOPT UNPACKING pc=0x0000721bbfc6b02f sp=0x0000656e998fdbf8 mode 0
Event: 3.002 Thread 0x0000721bd07c5e50 Uncommon trap: trap_request=0xffffffde fr.pc=0x0000721bc04870cc relative=0x000000000000030c
Event: 3.002 Thread 0x0000721bd07c5e50 Uncommon trap: reason=class_check action=maybe_recompile pc=0x0000721bc04870cc method=java.io.Writer.write(Ljava/lang/String;)V @ 7 c2
Event: 3.002 Thread 0x0000721bd07c5e50 DEOPT PACKING pc=0x0000721bc04870cc sp=0x0000656e9acfe810
Event: 3.002 Thread 0x0000721bd07c5e50 DEOPT UNPACKING pc=0x0000721bbfc6a899 sp=0x0000656e9acfe7c8 mode 2
Event: 3.002 Thread 0x0000721bd07c5e50 Uncommon trap: trap_request=0xffffffde fr.pc=0x0000721bc047b19c relative=0x000000000000089c
Event: 3.002 Thread 0x0000721bd07c5e50 Uncommon trap: reason=class_check action=maybe_recompile pc=0x0000721bc047b19c method=java.nio.charset.CharsetEncoder.encode(Ljava/nio/CharBuffer;Ljava/nio/ByteBuffer;Z)Ljava/nio/charset/CoderResult; @ 57 c2
Event: 3.002 Thread 0x0000721bd07c5e50 DEOPT PACKING pc=0x0000721bc047b19c sp=0x0000656e9acfe6b0
Event: 3.002 Thread 0x0000721bd07c5e50 DEOPT UNPACKING pc=0x0000721bbfc6a899 sp=0x0000656e9acfe468 mode 2
Event: 3.002 Thread 0x0000721bd07c5e50 Uncommon trap: trap_request=0xffffffde fr.pc=0x0000721bc04ef6b8 relative=0x00000000000001b8
Event: 3.002 Thread 0x0000721bd07c5e50 Uncommon trap: reason=class_check action=maybe_recompile pc=0x0000721bc04ef6b8 method=sun.nio.cs.StreamEncoder.writeBytes()V @ 127 c2
Event: 3.002 Thread 0x0000721bd07c5e50 DEOPT PACKING pc=0x0000721bc04ef6b8 sp=0x0000656e9acfe6a0
Event: 3.002 Thread 0x0000721bd07c5e50 DEOPT UNPACKING pc=0x0000721bbfc6a899 sp=0x0000656e9acfe630 mode 2

Classes loaded (20 events):
Event: 2.640 Loading class java/util/ResourceBundle$KeyElementReference
Event: 2.640 Loading class java/util/ResourceBundle$CacheKeyReference
Event: 2.640 Loading class java/util/ResourceBundle$CacheKeyReference done
Event: 2.640 Loading class java/util/ResourceBundle$KeyElementReference done
Event: 2.641 Loading class java/util/ResourceBundle$Control$2
Event: 2.641 Loading class java/util/ResourceBundle$Control$2 done
Event: 2.642 Loading class sun/util/PropertyResourceBundleCharset
Event: 2.642 Loading class sun/util/PropertyResourceBundleCharset done
Event: 2.642 Loading class sun/util/PropertyResourceBundleCharset$PropertiesFileDecoder
Event: 2.642 Loading class sun/util/PropertyResourceBundleCharset$PropertiesFileDecoder done
Event: 2.643 Loading class java/util/ResourceBundle$BundleReference
Event: 2.643 Loading class java/util/ResourceBundle$BundleReference done
Event: 2.643 Loading class sun/util/ResourceBundleEnumeration
Event: 2.643 Loading class sun/util/ResourceBundleEnumeration done
Event: 2.648 Loading class sun/nio/cs/ISO_8859_1$Encoder
Event: 2.649 Loading class sun/nio/cs/ISO_8859_1$Encoder done
Event: 2.669 Loading class java/util/ResourceBundle$Control$1
Event: 2.669 Loading class java/util/ResourceBundle$Control$1 done
Event: 2.706 Loading class java/lang/foreign/MemorySegment
Event: 2.706 Loading class java/lang/foreign/MemorySegment done

Classes unloaded (0 events):
No events

Classes redefined (0 events):
No events

Internal exceptions (13 events):
Event: 2.242 Thread 0x0000721bd002b240 Exception <a 'java/lang/NoSuchMethodError'{0x0000000040334090}: 'java.lang.Object java.lang.invoke.DirectMethodHandle$Holder.newInvokeSpecial(java.lang.Object, int, java.lang.Object)'> (0x0000000040334090) 
thrown [src/hotspot/share/interpreter/linkResolver.cpp, line 772]
Event: 2.251 Thread 0x0000721bd002b240 Exception <a 'java/lang/NoSuchMethodError'{0x00000000402f9e28}: 'void java.lang.invoke.DirectMethodHandle$Holder.invokeStatic(java.lang.Object, java.lang.Object)'> (0x00000000402f9e28) 
thrown [src/hotspot/share/interpreter/linkResolver.cpp, line 772]
Event: 2.251 Thread 0x0000721bd002b240 Exception <a 'java/lang/NoSuchMethodError'{0x00000000402fd820}: 'void java.lang.invoke.DirectMethodHandle$Holder.invokeSpecial(java.lang.Object, java.lang.Object, java.lang.Object)'> (0x00000000402fd820) 
thrown [src/hotspot/share/interpreter/linkResolver.cpp, line 772]
Event: 2.295 Thread 0x0000721bd002b240 Exception <a 'java/lang/NoSuchMethodError'{0x00000000401b5ca8}: 'void java.lang.invoke.DirectMethodHandle$Holder.invokeVirtual(java.lang.Object, java.lang.Object)'> (0x00000000401b5ca8) 
thrown [src/hotspot/share/interpreter/linkResolver.cpp, line 772]
Event: 2.302 Thread 0x0000721bd002b240 Exception <a 'java/io/FileNotFoundException'{0x0000000040188bc0}> (0x0000000040188bc0) 
thrown [src/hotspot/share/prims/jni.cpp, line 520]
Event: 2.312 Thread 0x0000721bd002b240 Exception <a 'java/lang/NoSuchMethodError'{0x00000000401218c8}: 'java.lang.Object java.lang.invoke.Invokers$Holder.invokeExact_MT(java.lang.Object, java.lang.Object, java.lang.Object, java.lang.Object, java.lang.Object)'> (0x00000000401218c8) 
thrown [src/hotspot/share/interpreter/linkResolver.cpp, line 772]
Event: 2.498 Thread 0x0000721bd002b240 Exception <a 'java/lang/NoSuchMethodError'{0x0000000040eb3668}: 'void java.lang.invoke.DirectMethodHandle$Holder.invokeVirtual(java.lang.Object, java.lang.Object, int)'> (0x0000000040eb3668) 
thrown [src/hotspot/share/interpreter/linkResolver.cpp, line 772]
Event: 2.498 Thread 0x0000721bd002b240 Exception <a 'java/lang/NoSuchMethodError'{0x0000000040eb7d90}: 'int java.lang.invoke.DirectMethodHandle$Holder.invokeSpecial(java.lang.Object, java.lang.Object, java.lang.Object, int)'> (0x0000000040eb7d90) 
thrown [src/hotspot/share/interpreter/linkResolver.cpp, line 772]
Event: 2.500 Thread 0x0000721bd002b240 Exception <a 'java/lang/NoSuchMethodError'{0x0000000040e9aa40}: 'java.lang.Object java.lang.invoke.DirectMethodHandle$Holder.invokeStatic(java.lang.Object, java.lang.Object, java.lang.Object, java.lang.Object, int)'> (0x0000000040e9aa40) 
thrown [src/hotspot/share/interpreter/linkResolver.cpp, line 772]
Event: 2.500 Thread 0x0000721bd002b240 Exception <a 'java/lang/NoSuchMethodError'{0x0000000040e95c48}: 'void java.lang.invoke.DelegatingMethodHandle$Holder.reinvoke_L(java.lang.Object, java.lang.Object, int)'> (0x0000000040e95c48) 
thrown [src/hotspot/share/interpreter/linkResolver.cpp, line 772]
Event: 2.501 Thread 0x0000721bd002b240 Exception <a 'java/lang/NoSuchMethodError'{0x0000000040e8c5a8}: 'int java.lang.invoke.DirectMethodHandle$Holder.invokeSpecial(java.lang.Object, java.lang.Object, java.lang.Object)'> (0x0000000040e8c5a8) 
thrown [src/hotspot/share/interpreter/linkResolver.cpp, line 772]
Event: 2.570 Thread 0x0000721bd002b240 Exception <a 'java/lang/NoSuchMethodError'{0x00000000413b4670}: 'void java.lang.invoke.DelegatingMethodHandle$Holder.reinvoke_L(java.lang.Object, java.lang.Object, int, int)'> (0x00000000413b4670) 
thrown [src/hotspot/share/interpreter/linkResolver.cpp, line 772]
Event: 2.639 Thread 0x0000721bd07ca150 Exception <a 'java/lang/NoSuchMethodError'{0x0000000040b79480}: 'java.lang.Object java.lang.invoke.DirectMethodHandle$Holder.invokeInterface(java.lang.Object, java.lang.Object)'> (0x0000000040b79480) 
thrown [src/hotspot/share/interpreter/linkResolver.cpp, line 772]

ZGC Phase Switch (0 events):
No events

VM Operations (20 events):
Event: 2.881 Executing VM operation: ICBufferFull done
Event: 2.883 Executing VM operation: ICBufferFull
Event: 2.883 Executing VM operation: ICBufferFull done
Event: 2.886 Executing VM operation: ICBufferFull
Event: 2.887 Executing VM operation: ICBufferFull done
Event: 2.887 Executing VM operation: ICBufferFull
Event: 2.887 Executing VM operation: ICBufferFull done
Event: 2.887 Executing VM operation: ICBufferFull
Event: 2.887 Executing VM operation: ICBufferFull done
Event: 2.887 Executing VM operation: ICBufferFull
Event: 2.887 Executing VM operation: ICBufferFull done
Event: 2.887 Executing VM operation: ICBufferFull
Event: 2.887 Executing VM operation: ICBufferFull done
Event: 2.888 Executing VM operation: ICBufferFull
Event: 2.888 Executing VM operation: ICBufferFull done
Event: 2.892 Executing VM operation: ICBufferFull
Event: 2.898 Executing VM operation: ICBufferFull done
Event: 3.006 Executing VM operation: ThirdPartyHeapOperation
Event: 3.024 Executing VM operation: ThirdPartyHeapOperation done
Event: 3.027 Executing VM operation: ThirdPartyHeapOperation

Memory protections (20 events):
Event: 2.606 Protecting memory [0x0000656e99900000,0x0000656e99904000] with protection modes 0
Event: 2.606 Protecting memory [0x0000656e99800000,0x0000656e99804000] with protection modes 0
Event: 2.606 Protecting memory [0x0000656e99700000,0x0000656e99704000] with protection modes 0
Event: 2.606 Protecting memory [0x0000656e99600000,0x0000656e99604000] with protection modes 0
Event: 2.606 Protecting memory [0x0000656e99500000,0x0000656e99504000] with protection modes 0
Event: 2.606 Protecting memory [0x0000656e99400000,0x0000656e99404000] with protection modes 0
Event: 2.606 Protecting memory [0x0000656e99300000,0x0000656e99304000] with protection modes 0
Event: 2.607 Protecting memory [0x0000656e99200000,0x0000656e99204000] with protection modes 0
Event: 2.607 Protecting memory [0x0000656e99100000,0x0000656e99104000] with protection modes 0
Event: 2.607 Protecting memory [0x0000656e99000000,0x0000656e99004000] with protection modes 0
Event: 2.607 Protecting memory [0x0000656e98f00000,0x0000656e98f04000] with protection modes 0
Event: 2.607 Protecting memory [0x0000656e98e00000,0x0000656e98e04000] with protection modes 0
Event: 2.607 Protecting memory [0x0000656e98d00000,0x0000656e98d04000] with protection modes 0
Event: 2.658 Protecting memory [0x0000656e98c00000,0x0000656e98c04000] with protection modes 0
Event: 2.666 Protecting memory [0x0000656e98b00000,0x0000656e98b04000] with protection modes 0
Event: 2.685 Protecting memory [0x0000656e98a00000,0x0000656e98a04000] with protection modes 0
Event: 2.685 Protecting memory [0x0000656e98900000,0x0000656e98904000] with protection modes 0
Event: 2.695 Protecting memory [0x0000656e98800000,0x0000656e98804000] with protection modes 0
Event: 2.706 Protecting memory [0x0000656e98700000,0x0000656e98704000] with protection modes 0
Event: 2.711 Protecting memory [0x0000656e98600000,0x0000656e98604000] with protection modes 0

Nmethod flushes (0 events):
No events

Events (20 events):
Event: 2.606 Thread 0x0000721bd002b240 Thread added: 0x0000721bd07cb6a0
Event: 2.606 Thread 0x0000721bd002b240 Thread added: 0x0000721bd07ccb40
Event: 2.606 Thread 0x0000721bd002b240 Thread added: 0x0000721bd07ce120
Event: 2.606 Thread 0x0000721bd002b240 Thread added: 0x0000721bd07cf9b0
Event: 2.606 Thread 0x0000721bd002b240 Thread added: 0x0000721bd05c24a0
Event: 2.606 Thread 0x0000721bd002b240 Thread added: 0x0000721bd05c3d30
Event: 2.606 Thread 0x0000721bd002b240 Thread added: 0x0000721bd05c55c0
Event: 2.607 Thread 0x0000721bd002b240 Thread added: 0x0000721bd05c6e50
Event: 2.607 Thread 0x0000721bd002b240 Thread added: 0x0000721bd05c86e0
Event: 2.607 Thread 0x0000721bd002b240 Thread added: 0x0000721bd05e1b40
Event: 2.607 Thread 0x0000721bd002b240 Thread added: 0x0000721bd05e3510
Event: 2.607 Thread 0x0000721bd002b240 Thread added: 0x0000721bd05e4d60
Event: 2.607 Thread 0x0000721bd002b240 Thread added: 0x0000721bd05e65f0
Event: 2.658 Thread 0x0000656e1404d4d0 Thread added: 0x0000656e080a5b00
Event: 2.666 Thread 0x0000656e0803ffc0 Thread added: 0x0000656dfc046e50
Event: 2.685 Thread 0x0000656e1404d4d0 Thread added: 0x0000656e080e1fb0
Event: 2.685 Thread 0x0000656e0803ffc0 Thread added: 0x0000656dfc049dd0
Event: 2.695 Thread 0x0000656e1404d4d0 Thread added: 0x0000656e080fc3d0
Event: 2.706 Thread 0x0000656df803c760 Thread added: 0x0000656df4077d50
Event: 2.710 Thread 0x0000656df803c760 Thread added: 0x0000656df4078f50


Dynamic libraries:
40000000-40400000 rw-p 00000000 00:00 0                                  [anon:mmtk:space:immix]
40400000-40800000 rw-p 00000000 00:00 0                                  [anon:mmtk:space:los]
40800000-41400000 rw-p 00000000 00:00 0                                  [anon:mmtk:space:immix]
41400000-41800000 rw-p 00000000 00:00 0                                  [anon:mmtk:space:los]
41800000-41c00000 rw-p 00000000 00:00 0                                  [anon:mmtk:space:immix]
41c00000-42000000 rw-p 00000000 00:00 0                                  [anon:mmtk:space:los]
42000000-42400000 rw-p 00000000 00:00 0                                  [anon:mmtk:space:immix]
42400000-42800000 rw-p 00000000 00:00 0                                  [anon:mmtk:space:los]
42800000-43000000 rw-p 00000000 00:00 0                                  [anon:mmtk:space:immix]
43000000-43400000 rw-p 00000000 00:00 0                                  [anon:mmtk:space:los]
43400000-43800000 rw-p 00000000 00:00 0                                  [anon:mmtk:space:immix]
43800000-43c00000 rw-p 00000000 00:00 0                                  [anon:mmtk:space:los]
43c00000-44400000 rw-p 00000000 00:00 0                                  [anon:mmtk:space:immix]
44400000-44800000 rw-p 00000000 00:00 0                                  [anon:mmtk:space:los]
44800000-45000000 rw-p 00000000 00:00 0                                  [anon:mmtk:space:immix]
45000000-45400000 rw-p 00000000 00:00 0                                  [anon:mmtk:space:los]
45400000-45800000 rw-p 00000000 00:00 0                                  [anon:mmtk:space:immix]
45800000-45c00000 rw-p 00000000 00:00 0                                  [anon:mmtk:space:los]
45c00000-46400000 rw-p 00000000 00:00 0                                  [anon:mmtk:space:immix]
46400000-46800000 rw-p 00000000 00:00 0                                  [anon:mmtk:space:los]
46800000-47000000 rw-p 00000000 00:00 0                                  [anon:mmtk:space:immix]
47000000-47400000 rw-p 00000000 00:00 0                                  [anon:mmtk:space:los]
47400000-47800000 rw-p 00000000 00:00 0                                  [anon:mmtk:space:immix]
47800000-47c00000 rw-p 00000000 00:00 0                                  [anon:mmtk:space:los]
47c00000-48000000 rw-p 00000000 00:00 0                                  [anon:mmtk:space:immix]
48000000-48400000 rw-p 00000000 00:00 0                                  [anon:mmtk:space:los]
48400000-48c00000 rw-p 00000000 00:00 0                                  [anon:mmtk:space:immix]
48c00000-49000000 rw-p 00000000 00:00 0                                  [anon:mmtk:space:los]
49000000-49800000 rw-p 00000000 00:00 0                                  [anon:mmtk:space:immix]
49800000-49c00000 rw-p 00000000 00:00 0                                  [anon:mmtk:space:los]
49c00000-4a400000 rw-p 00000000 00:00 0                                  [anon:mmtk:space:immix]
4a400000-4a800000 rw-p 00000000 00:00 0                                  [anon:mmtk:space:los]
4a800000-4ac00000 rw-p 00000000 00:00 0                                  [anon:mmtk:space:immix]
4ac00000-4b000000 rw-p 00000000 00:00 0                                  [anon:mmtk:space:los]
4b000000-4b400000 rw-p 00000000 00:00 0                                  [anon:mmtk:space:immix]
4b400000-4b800000 rw-p 00000000 00:00 0                                  [anon:mmtk:space:los]
4b800000-4c000000 rw-p 00000000 00:00 0                                  [anon:mmtk:space:immix]
4c000000-4c400000 rw-p 00000000 00:00 0                                  [anon:mmtk:space:los]
4c400000-4cc00000 rw-p 00000000 00:00 0                                  [anon:mmtk:space:immix]
4cc00000-4d000000 rw-p 00000000 00:00 0                                  [anon:mmtk:space:los]
4d000000-4d400000 rw-p 00000000 00:00 0                                  [anon:mmtk:space:immix]
4d400000-4d800000 rw-p 00000000 00:00 0                                  [anon:mmtk:space:los]
4d800000-4e000000 rw-p 00000000 00:00 0                                  [anon:mmtk:space:immix]
4e000000-4e400000 rw-p 00000000 00:00 0                                  [anon:mmtk:space:los]
4e400000-4e800000 rw-p 00000000 00:00 0                                  [anon:mmtk:space:immix]
4e800000-4ec00000 rw-p 00000000 00:00 0                                  [anon:mmtk:space:los]
4ec00000-4f400000 rw-p 00000000 00:00 0                                  [anon:mmtk:space:immix]
4f400000-4f800000 rw-p 00000000 00:00 0                                  [anon:mmtk:space:los]
4f800000-4fc00000 rw-p 00000000 00:00 0                                  [anon:mmtk:space:immix]
4fc00000-50000000 rw-p 00000000 00:00 0                                  [anon:mmtk:space:los]
50000000-50400000 rw-p 00000000 00:00 0                                  [anon:mmtk:space:immix]
200000000000-2000c00c0000 rw-s 00000000 00:10 68                         anon_inode:bpf-map
55b2e4a73000-55b2e4a74000 r--p 00000000 fc:00 49676337                   /mydata/openjdk-mmtk/build/b0test/images/jdk/bin/java
55b2e4a74000-55b2e4a75000 r-xp 00001000 fc:00 49676337                   /mydata/openjdk-mmtk/build/b0test/images/jdk/bin/java
55b2e4a75000-55b2e4a76000 r--p 00002000 fc:00 49676337                   /mydata/openjdk-mmtk/build/b0test/images/jdk/bin/java
55b2e4a76000-55b2e4a77000 r--p 00002000 fc:00 49676337                   /mydata/openjdk-mmtk/build/b0test/images/jdk/bin/java
55b2e4a77000-55b2e4a78000 rw-p 00003000 fc:00 49676337                   /mydata/openjdk-mmtk/build/b0test/images/jdk/bin/java
55b2f5cdc000-55b2f5d24000 rw-p 00000000 00:00 0                          [heap]
656d50000000-656d50845000 rw-p 00000000 00:00 0 
656d50845000-656d54000000 ---p 00000000 00:00 0 
656d58000000-656d5868c000 rw-p 00000000 00:00 0 
656d5868c000-656d5c000000 ---p 00000000 00:00 0 
656d5c000000-656d5c64b000 rw-p 00000000 00:00 0 
656d5c64b000-656d60000000 ---p 00000000 00:00 0 
656d60000000-656d6087b000 rw-p 00000000 00:00 0 
656d6087b000-656d64000000 ---p 00000000 00:00 0 
656d64000000-656d647ab000 rw-p 00000000 00:00 0 
656d647ab000-656d68000000 ---p 00000000 00:00 0 
656d68000000-656d68779000 rw-p 00000000 00:00 0 
656d68779000-656d6c000000 ---p 00000000 00:00 0 
656d6c000000-656d6cd71000 rw-p 00000000 00:00 0 
656d6cd71000-656d70000000 ---p 00000000 00:00 0 
656d70000000-656d70022000 rw-p 00000000 00:00 0 
656d70022000-656d74000000 ---p 00000000 00:00 0 
656d74000000-656d7405e000 rw-p 00000000 00:00 0 
656d7405e000-656d78000000 ---p 00000000 00:00 0 
656d78000000-656d78021000 rw-p 00000000 00:00 0 
656d78021000-656d7c000000 ---p 00000000 00:00 0 
656d7c000000-656d7c021000 rw-p 00000000 00:00 0 
656d7c021000-656d80000000 ---p 00000000 00:00 0 
656d80000000-656d80021000 rw-p 00000000 00:00 0 
656d80021000-656d84000000 ---p 00000000 00:00 0 
656d84000000-656d84022000 rw-p 00000000 00:00 0 
656d84022000-656d88000000 ---p 00000000 00:00 0 
656d88000000-656d8805a000 rw-p 00000000 00:00 0 
656d8805a000-656d8c000000 ---p 00000000 00:00 0 
656d8c000000-656d8c023000 rw-p 00000000 00:00 0 
656d8c023000-656d90000000 ---p 00000000 00:00 0 
656d90000000-656d90021000 rw-p 00000000 00:00 0 
656d90021000-656d94000000 ---p 00000000 00:00 0 
656d94000000-656d94027000 rw-p 00000000 00:00 0 
656d94027000-656d98000000 ---p 00000000 00:00 0 
656d98000000-656d98023000 rw-p 00000000 00:00 0 
656d98023000-656d9c000000 ---p 00000000 00:00 0 
656d9c000000-656d9c021000 rw-p 00000000 00:00 0 
656d9c021000-656da0000000 ---p 00000000 00:00 0 
656da0000000-656da0021000 rw-p 00000000 00:00 0 
656da0021000-656da4000000 ---p 00000000 00:00 0 
656da4000000-656da403a000 rw-p 00000000 00:00 0 
656da403a000-656da8000000 ---p 00000000 00:00 0 
656da8000000-656da8042000 rw-p 00000000 00:00 0 
656da8042000-656dac000000 ---p 00000000 00:00 0 
656dac000000-656dac021000 rw-p 00000000 00:00 0 
656dac021000-656db0000000 ---p 00000000 00:00 0 
656db0000000-656db0030000 rw-p 00000000 00:00 0 
656db0030000-656db4000000 ---p 00000000 00:00 0 
656db4000000-656db4021000 rw-p 00000000 00:00 0 
656db4021000-656db8000000 ---p 00000000 00:00 0 
656db8000000-656db8021000 rw-p 00000000 00:00 0 
656db8021000-656dbc000000 ---p 00000000 00:00 0 
656dbc000000-656dbc02b000 rw-p 00000000 00:00 0 
656dbc02b000-656dc0000000 ---p 00000000 00:00 0 
656dc0000000-656dc0021000 rw-p 00000000 00:00 0 
656dc0021000-656dc4000000 ---p 00000000 00:00 0 
656dc4000000-656dc4048000 rw-p 00000000 00:00 0 
656dc4048000-656dc8000000 ---p 00000000 00:00 0 
656dc8000000-656dc8021000 rw-p 00000000 00:00 0 
656dc8021000-656dcc000000 ---p 00000000 00:00 0 
656dcc000000-656dcc02c000 rw-p 00000000 00:00 0 
656dcc02c000-656dd0000000 ---p 00000000 00:00 0 
656dd0000000-656dd0021000 rw-p 00000000 00:00 0 
656dd0021000-656dd4000000 ---p 00000000 00:00 0 
656dd4000000-656dd4021000 rw-p 00000000 00:00 0 
656dd4021000-656dd8000000 ---p 00000000 00:00 0 
656dd8000000-656dd8021000 rw-p 00000000 00:00 0 
656dd8021000-656ddc000000 ---p 00000000 00:00 0 
656ddc000000-656ddc02c000 rw-p 00000000 00:00 0 
656ddc02c000-656de0000000 ---p 00000000 00:00 0 
656de0000000-656de002f000 rw-p 00000000 00:00 0 
656de002f000-656de4000000 ---p 00000000 00:00 0 
656de4000000-656de404a000 rw-p 00000000 00:00 0 
656de404a000-656de8000000 ---p 00000000 00:00 0 
656de8000000-656de8021000 rw-p 00000000 00:00 0 
656de8021000-656dec000000 ---p 00000000 00:00 0 
656dec000000-656dec021000 rw-p 00000000 00:00 0 
656dec021000-656df0000000 ---p 00000000 00:00 0 
656df0000000-656df02cb000 rw-p 00000000 00:00 0 
656df02cb000-656df4000000 ---p 00000000 00:00 0 
656df4000000-656df48cd000 rw-p 00000000 00:00 0 
656df48cd000-656df8000000 ---p 00000000 00:00 0 
656df8000000-656df8806000 rw-p 00000000 00:00 0 
656df8806000-656dfc000000 ---p 00000000 00:00 0 
656dfc000000-656dfc228000 rw-p 00000000 00:00 0 
656dfc228000-656e00000000 ---p 00000000 00:00 0 
656e00000000-656e00021000 rw-p 00000000 00:00 0 
656e00021000-656e04000000 ---p 00000000 00:00 0 
656e04000000-656e04021000 rw-p 00000000 00:00 0 
656e04021000-656e08000000 ---p 00000000 00:00 0 
656e08000000-656e08284000 rw-p 00000000 00:00 0 
656e08284000-656e0c000000 ---p 00000000 00:00 0 
656e0c000000-656e0c383000 rw-p 00000000 00:00 0 
656e0c383000-656e10000000 ---p 00000000 00:00 0 
656e10000000-656e10a6b000 rw-p 00000000 00:00 0 
656e10a6b000-656e14000000 ---p 00000000 00:00 0 
656e14000000-656e1437b000 rw-p 00000000 00:00 0 
656e1437b000-656e18000000 ---p 00000000 00:00 0 
656e18000000-656e18021000 rw-p 00000000 00:00 0 
656e18021000-656e1c000000 ---p 00000000 00:00 0 
656e1c000000-656e1c021000 rw-p 00000000 00:00 0 
656e1c021000-656e20000000 ---p 00000000 00:00 0 
656e20000000-656e20021000 rw-p 00000000 00:00 0 
656e20021000-656e24000000 ---p 00000000 00:00 0 
656e24000000-656e24021000 rw-p 00000000 00:00 0 
656e24021000-656e28000000 ---p 00000000 00:00 0 
656e28000000-656e2802b000 rw-p 00000000 00:00 0 
656e2802b000-656e2c000000 ---p 00000000 00:00 0 
656e2c000000-656e2c03f000 rw-p 00000000 00:00 0 
656e2c03f000-656e30000000 ---p 00000000 00:00 0 
656e30000000-656e3004e000 rw-p 00000000 00:00 0 
656e3004e000-656e34000000 ---p 00000000 00:00 0 
656e34000000-656e3402a000 rw-p 00000000 00:00 0 
656e3402a000-656e38000000 ---p 00000000 00:00 0 
656e38000000-656e38021000 rw-p 00000000 00:00 0 
656e38021000-656e3c000000 ---p 00000000 00:00 0 
656e3c000000-656e3c032000 rw-p 00000000 00:00 0 
656e3c032000-656e40000000 ---p 00000000 00:00 0 
656e40000000-656e40021000 rw-p 00000000 00:00 0 
656e40021000-656e44000000 ---p 00000000 00:00 0 
656e44000000-656e44032000 rw-p 00000000 00:00 0 
656e44032000-656e48000000 ---p 00000000 00:00 0 
656e48000000-656e4804a000 rw-p 00000000 00:00 0 
656e4804a000-656e4c000000 ---p 00000000 00:00 0 
656e4c000000-656e4c022000 rw-p 00000000 00:00 0 
656e4c022000-656e50000000 ---p 00000000 00:00 0 
656e50000000-656e50042000 rw-p 00000000 00:00 0 
656e50042000-656e54000000 ---p 00000000 00:00 0 
656e54000000-656e54021000 rw-p 00000000 00:00 0 
656e54021000-656e58000000 ---p 00000000 00:00 0 
656e58000000-656e58120000 rw-p 00000000 00:00 0 
656e58120000-656e5c000000 ---p 00000000 00:00 0 
656e5c000000-656e5c02a000 rw-p 00000000 00:00 0 
656e5c02a000-656e60000000 ---p 00000000 00:00 0 
656e60000000-656e60022000 rw-p 00000000 00:00 0 
656e60022000-656e64000000 ---p 00000000 00:00 0 
656e64000000-656e6402b000 rw-p 00000000 00:00 0 
656e6402b000-656e68000000 ---p 00000000 00:00 0 
656e68000000-656e68021000 rw-p 00000000 00:00 0 
656e68021000-656e6c000000 ---p 00000000 00:00 0 
656e6c000000-656e6c02b000 rw-p 00000000 00:00 0 
656e6c02b000-656e70000000 ---p 00000000 00:00 0 
656e70000000-656e70021000 rw-p 00000000 00:00 0 
656e70021000-656e74000000 ---p 00000000 00:00 0 
656e74000000-656e740d3000 rw-p 00000000 00:00 0 
656e740d3000-656e78000000 ---p 00000000 00:00 0 
656e78000000-656e78021000 rw-p 00000000 00:00 0 
656e78021000-656e7c000000 ---p 00000000 00:00 0 
656e7c000000-656e7c021000 rw-p 00000000 00:00 0 
656e7c021000-656e80000000 ---p 00000000 00:00 0 
656e80000000-656e80021000 rw-p 00000000 00:00 0 
656e80021000-656e84000000 ---p 00000000 00:00 0 
656e84000000-656e84021000 rw-p 00000000 00:00 0 
656e84021000-656e88000000 ---p 00000000 00:00 0 
656e88000000-656e88021000 rw-p 00000000 00:00 0 
656e88021000-656e8c000000 ---p 00000000 00:00 0 
656e8c000000-656e8c021000 rw-p 00000000 00:00 0 
656e8c021000-656e90000000 ---p 00000000 00:00 0 
656e90000000-656e90270000 rw-p 00000000 00:00 0 
656e90270000-656e90400000 ---p 00000000 00:00 0 
656e90400000-656e908b0000 rw-p 00000000 00:00 0 
656e908b0000-656e94000000 ---p 00000000 00:00 0 
656e94000000-656e94021000 rw-p 00000000 00:00 0 
656e94021000-656e98000000 ---p 00000000 00:00 0 
656e98454000-656e98600000 rw-p 00000000 00:00 0 
656e98600000-656e98604000 ---p 00000000 00:00 0 
656e98604000-656e98700000 rw-p 00000000 00:00 0 
656e98700000-656e98704000 ---p 00000000 00:00 0 
656e98704000-656e98800000 rw-p 00000000 00:00 0 
656e98800000-656e98804000 ---p 00000000 00:00 0 
656e98804000-656e98900000 rw-p 00000000 00:00 0 
656e98900000-656e98904000 ---p 00000000 00:00 0 
656e98904000-656e98a00000 rw-p 00000000 00:00 0 
656e98a00000-656e98a04000 ---p 00000000 00:00 0 
656e98a04000-656e98b00000 rw-p 00000000 00:00 0 
656e98b00000-656e98b04000 ---p 00000000 00:00 0 
656e98b04000-656e98c00000 rw-p 00000000 00:00 0 
656e98c00000-656e98c04000 ---p 00000000 00:00 0 
656e98c04000-656e98d00000 rw-p 00000000 00:00 0 
656e98d00000-656e98d04000 ---p 00000000 00:00 0 
656e98d04000-656e98e00000 rw-p 00000000 00:00 0 
656e98e00000-656e98e04000 ---p 00000000 00:00 0 
656e98e04000-656e98f00000 rw-p 00000000 00:00 0 
656e98f00000-656e98f04000 ---p 00000000 00:00 0 
656e98f04000-656e99000000 rw-p 00000000 00:00 0 
656e99000000-656e99004000 ---p 00000000 00:00 0 
656e99004000-656e99100000 rw-p 00000000 00:00 0 
656e99100000-656e99104000 ---p 00000000 00:00 0 
656e99104000-656e99200000 rw-p 00000000 00:00 0 
656e99200000-656e99204000 ---p 00000000 00:00 0 
656e99204000-656e99300000 rw-p 00000000 00:00 0 
656e99300000-656e99304000 ---p 00000000 00:00 0 
656e99304000-656e99400000 rw-p 00000000 00:00 0 
656e99400000-656e99404000 ---p 00000000 00:00 0 
656e99404000-656e99500000 rw-p 00000000 00:00 0 
656e99500000-656e99504000 ---p 00000000 00:00 0 
656e99504000-656e99600000 rw-p 00000000 00:00 0 
656e99600000-656e99604000 ---p 00000000 00:00 0 
656e99604000-656e99700000 rw-p 00000000 00:00 0 
656e99700000-656e99704000 ---p 00000000 00:00 0 
656e99704000-656e99800000 rw-p 00000000 00:00 0 
656e99800000-656e99804000 ---p 00000000 00:00 0 
656e99804000-656e99900000 rw-p 00000000 00:00 0 
656e99900000-656e99904000 ---p 00000000 00:00 0 
656e99904000-656e99a00000 rw-p 00000000 00:00 0 
656e99a00000-656e99a04000 ---p 00000000 00:00 0 
656e99a04000-656e99b00000 rw-p 00000000 00:00 0 
656e99b00000-656e99b04000 ---p 00000000 00:00 0 
656e99b04000-656e99c00000 rw-p 00000000 00:00 0 
656e99c00000-656e99c04000 ---p 00000000 00:00 0 
656e99c04000-656e99d00000 rw-p 00000000 00:00 0 
656e99d00000-656e99d04000 ---p 00000000 00:00 0 
656e99d04000-656e99e00000 rw-p 00000000 00:00 0 
656e99e00000-656e99e04000 ---p 00000000 00:00 0 
656e99e04000-656e99f00000 rw-p 00000000 00:00 0 
656e99f00000-656e99f04000 ---p 00000000 00:00 0 
656e99f04000-656e9a000000 rw-p 00000000 00:00 0 
656e9a000000-656e9a004000 ---p 00000000 00:00 0 
656e9a004000-656e9a100000 rw-p 00000000 00:00 0 
656e9a100000-656e9a104000 ---p 00000000 00:00 0 
656e9a104000-656e9a200000 rw-p 00000000 00:00 0 
656e9a200000-656e9a204000 ---p 00000000 00:00 0 
656e9a204000-656e9a300000 rw-p 00000000 00:00 0 
656e9a300000-656e9a304000 ---p 00000000 00:00 0 
656e9a304000-656e9a400000 rw-p 00000000 00:00 0 
656e9a400000-656e9a404000 ---p 00000000 00:00 0 
656e9a404000-656e9a500000 rw-p 00000000 00:00 0 
656e9a500000-656e9a504000 ---p 00000000 00:00 0 
656e9a504000-656e9a600000 rw-p 00000000 00:00 0 
656e9a600000-656e9a604000 ---p 00000000 00:00 0 
656e9a604000-656e9a700000 rw-p 00000000 00:00 0 
656e9a700000-656e9a704000 ---p 00000000 00:00 0 
656e9a704000-656e9a800000 rw-p 00000000 00:00 0 
656e9a800000-656e9a804000 ---p 00000000 00:00 0 
656e9a804000-656e9a900000 rw-p 00000000 00:00 0 
656e9a900000-656e9a904000 ---p 00000000 00:00 0 
656e9a904000-656e9aa00000 rw-p 00000000 00:00 0 
656e9aa00000-656e9aa04000 ---p 00000000 00:00 0 
656e9aa04000-656e9ab00000 rw-p 00000000 00:00 0 
656e9ab00000-656e9ab04000 ---p 00000000 00:00 0 
656e9ab04000-656e9ac00000 rw-p 00000000 00:00 0 
656e9ac00000-656e9ac04000 ---p 00000000 00:00 0 
656e9ac04000-656e9ad00000 rw-p 00000000 00:00 0 
656e9ad00000-656e9ad04000 ---p 00000000 00:00 0 
656e9ad04000-656e9ae00000 rw-p 00000000 00:00 0 
656e9ae00000-656e9ae04000 ---p 00000000 00:00 0 
656e9ae04000-656e9af00000 rw-p 00000000 00:00 0 
656e9af00000-656e9af04000 ---p 00000000 00:00 0 
656e9af04000-656e9b000000 rw-p 00000000 00:00 0 
656e9b000000-656e9bca3000 rw-p 00001000 fc:00 49677042                   /mydata/openjdk-mmtk/build/b0test/images/jdk/lib/server/classes.jsa
656e9bca3000-656e9c000000 ---p 00000000 00:00 0 
656e9c000000-656e9c040000 rw-p 00000000 00:00 0 
656e9c040000-656e9c110000 rw-p 00000000 00:00 0 
656e9c110000-656edc000000 ---p 00000000 00:00 0 
656edc000000-656edc021000 rw-p 00000000 00:00 0 
656edc021000-656ee0000000 ---p 00000000 00:00 0 
656ee00f9000-656ee00fd000 ---p 00000000 00:00 0 
656ee00fd000-656ee01f9000 rw-p 00000000 00:00 0 
656ee01f9000-656ee01fd000 ---p 00000000 00:00 0 
656ee01fd000-656ee02f9000 rw-p 00000000 00:00 0 
656ee02f9000-656ee02fd000 ---p 00000000 00:00 0 
656ee02fd000-656ee03f9000 rw-p 00000000 00:00 0 
656ee03f9000-656ee03fd000 ---p 00000000 00:00 0 
656ee03fd000-656ee04f9000 rw-p 00000000 00:00 0 
656ee04f9000-656ee04fd000 ---p 00000000 00:00 0 
656ee04fd000-656ee05f9000 rw-p 00000000 00:00 0 
656ee05f9000-656ee05fd000 ---p 00000000 00:00 0 
656ee05fd000-656ee06f9000 rw-p 00000000 00:00 0 
656ee06f9000-656ee06fd000 ---p 00000000 00:00 0 
656ee06fd000-656ee07f9000 rw-p 00000000 00:00 0 
656ee07f9000-656ee07fd000 ---p 00000000 00:00 0 
656ee07fd000-656ee08f9000 rw-p 00000000 00:00 0 
656ee08f9000-656ee08fd000 ---p 00000000 00:00 0 
656ee08fd000-656ee09f9000 rw-p 00000000 00:00 0 
656ee09f9000-656ee09fd000 ---p 00000000 00:00 0 
656ee09fd000-656ee0af9000 rw-p 00000000 00:00 0 
656ee0af9000-656ee0afa000 ---p 00000000 00:00 0 
656ee0afa000-656ee0bfa000 rw-p 00000000 00:00 0 
656ee0bfa000-656ee0bfb000 ---p 00000000 00:00 0 
656ee0bfb000-656ee0cfb000 rw-p 00000000 00:00 0 
656ee0cfb000-656ee0cfc000 ---p 00000000 00:00 0 
656ee0cfc000-656ee0dfc000 rw-p 00000000 00:00 0 
656ee0dfc000-656ee0dfd000 ---p 00000000 00:00 0 
656ee0dfd000-656ee0efd000 rw-p 00000000 00:00 0 
656ee0efd000-656ee0efe000 ---p 00000000 00:00 0 
656ee0efe000-656ee0ffe000 rw-p 00000000 00:00 0 
656ee0ffe000-656ee0fff000 ---p 00000000 00:00 0 
656ee0fff000-656ee10ff000 rw-p 00000000 00:00 0 
656ee10ff000-656ee1100000 ---p 00000000 00:00 0 
656ee1100000-656ee1200000 rw-p 00000000 00:00 0 
656ee1200000-656ee4200000 rw-p 00000000 00:00 0 
656ee42fb000-656ee42fc000 ---p 00000000 00:00 0 
656ee42fc000-656ee43fc000 rw-p 00000000 00:00 0 
656ee43fc000-656f14400000 rw-p 00000000 00:00 0 
656f14400000-656f15400000 ---p 00000000 00:00 0                          [anon:mmtk:sidemeta:all:all-quarantined]
656f15400000-656f15c00000 rw-p 00000000 00:00 0                          [anon:mmtk:sidemeta:immix:VO_BIT]
656f15c00000-676f16400000 ---p 00000000 00:00 0                          [anon:mmtk:sidemeta:all:all-quarantined]
676f16400000-676f16800000 rw-p 00000000 00:00 0                          [anon:mmtk:sidemeta:immix:CHUNK_MARK]
676f16800000-676f19400000 ---p 00000000 00:00 0                          [anon:mmtk:sidemeta:all:all-quarantined]
676f19400000-676f19c00000 rw-p 00000000 00:00 0                          [anon:mmtk:sidemeta:immix:VMGlobalLogBitSpec]
676f19c00000-697718800000 ---p 00000000 00:00 0                          [anon:mmtk:sidemeta:all:all-quarantined]
697718800000-697718c00000 rw-p 00000000 00:00 0                          [anon:mmtk:sidemeta:immix:IX_LINE_MARK]
697718c00000-69f718400000 ---p 00000000 00:00 0                          [anon:mmtk:sidemeta:all:all-quarantined]
69f718400000-69f718800000 rw-p 00000000 00:00 0                          [anon:mmtk:sidemeta:immix:IX_BLOCK_DEFRAG]
69f718800000-69f818400000 ---p 00000000 00:00 0                          [anon:mmtk:sidemeta:all:all-quarantined]
69f818400000-69f818800000 rw-p 00000000 00:00 0                          [anon:mmtk:sidemeta:immix:IX_BLOCK_MARK]
69f818800000-701998400000 ---p 00000000 00:00 0                          [anon:mmtk:sidemeta:all:all-quarantined]
701998400000-701998800000 rw-p 00000000 00:00 0                          [anon:mmtk:sidemeta:los:VMLocalLOSMarkNurserySpec]
701998800000-701b99400000 ---p 00000000 00:00 0                          [anon:mmtk:sidemeta:all:all-quarantined]
701b99400000-701b99c00000 rw-p 00000000 00:00 0                          [anon:mmtk:sidemeta:immix:VMLocalMarkBitSpec]
701b99c00000-721b98400000 ---p 00000000 00:00 0                          [anon:mmtk:sidemeta:all:all-quarantined]
721b984fc000-721b984fd000 ---p 00000000 00:00 0 
721b984fd000-721b985fd000 rw-p 00000000 00:00 0 
721b985fd000-721b985fe000 ---p 00000000 00:00 0 
721b985fe000-721b986fe000 rw-p 00000000 00:00 0 
721b986fe000-721b986ff000 ---p 00000000 00:00 0 
721b986ff000-721b987ff000 rw-p 00000000 00:00 0 
721b987ff000-721bb8800000 rw-p 00000000 00:00 0 
721bb8800000-721bb8e30000 rwxp 00000000 00:00 0 
721bb8e30000-721bbfc17000 ---p 00000000 00:00 0 
721bbfc17000-721bbffb7000 rwxp 00000000 00:00 0 
721bbffb7000-721bc03e8000 ---p 00000000 00:00 0 
721bc03e8000-721bc0658000 rwxp 00000000 00:00 0 
721bc0658000-721bc7800000 ---p 00000000 00:00 0 
721bc7800000-721bcffa0000 r--s 00000000 fc:00 49676297                   /mydata/openjdk-mmtk/build/b0test/images/jdk/lib/modules
721bd0000000-721bd07f9000 rw-p 00000000 00:00 0 
721bd07f9000-721bd4000000 ---p 00000000 00:00 0 
721bd4023000-721bd4028000 r--p 00000000 fc:00 49676417                   /mydata/openjdk-mmtk/build/b0test/images/jdk/lib/libjsvml.so
721bd4028000-721bd4069000 r-xp 00005000 fc:00 49676417                   /mydata/openjdk-mmtk/build/b0test/images/jdk/lib/libjsvml.so
721bd4069000-721bd40f2000 r--p 00046000 fc:00 49676417                   /mydata/openjdk-mmtk/build/b0test/images/jdk/lib/libjsvml.so
721bd40f2000-721bd40f3000 r--p 000ce000 fc:00 49676417                   /mydata/openjdk-mmtk/build/b0test/images/jdk/lib/libjsvml.so
721bd40f3000-721bd40f4000 rw-p 000cf000 fc:00 49676417                   /mydata/openjdk-mmtk/build/b0test/images/jdk/lib/libjsvml.so
721bd40f4000-721bd40f5000 ---p 00000000 00:00 0 
721bd40f5000-721bd41f5000 rw-p 00000000 00:00 0 
721bd41f5000-721bd41f6000 ---p 00000000 00:00 0 
721bd41f6000-721bd42f6000 rw-p 00000000 00:00 0 
721bd42f6000-721bd42f7000 ---p 00000000 00:00 0 
721bd42f7000-721bd43f7000 rw-p 00000000 00:00 0 
721bd43f7000-721bd43f8000 ---p 00000000 00:00 0 
721bd43f8000-721bd44f8000 rw-p 00000000 00:00 0 
721bd44f8000-721bd44f9000 ---p 00000000 00:00 0 
721bd44f9000-721bd45f9000 rw-p 00000000 00:00 0 
721bd45f9000-721bd45fa000 ---p 00000000 00:00 0 
721bd45fa000-721bd46fa000 rw-p 00000000 00:00 0 
721bd46fa000-721bd46fb000 ---p 00000000 00:00 0 
721bd46fb000-721bd47fb000 rw-p 00000000 00:00 0 
721bd47fb000-721bd47fc000 ---p 00000000 00:00 0 
721bd47fc000-721bd48fc000 rw-p 00000000 00:00 0 
721bd48fc000-721bd48fd000 ---p 00000000 00:00 0 
721bd48fd000-721bd49fd000 rw-p 00000000 00:00 0 
721bd49fd000-721bd49fe000 ---p 00000000 00:00 0 
721bd49fe000-721bd4afe000 rw-p 00000000 00:00 0 
721bd4afe000-721bd4aff000 ---p 00000000 00:00 0 
721bd4aff000-721bd4bff000 rw-p 00000000 00:00 0 
721bd4bff000-721bd4c00000 ---p 00000000 00:00 0 
721bd4c00000-721bd4d00000 rw-p 00000000 00:00 0 
721bd4d00000-721bd4d04000 ---p 00000000 00:00 0 
721bd4d04000-721bd4e00000 rw-p 00000000 00:00 0 
721bd4e00000-721bd4e04000 ---p 00000000 00:00 0 
721bd4e04000-721bd4f00000 rw-p 00000000 00:00 0 
721bd4f00000-721bd4f04000 ---p 00000000 00:00 0 
721bd4f04000-721bd5000000 rw-p 00000000 00:00 0 
721bd5000000-721bd52eb000 r--p 00000000 08:03 1410552                    /usr/lib/locale/locale-archive
721bd5342000-721bd5343000 ---p 00000000 00:00 0 
721bd5343000-721bd5443000 rw-p 00000000 00:00 0 
721bd5443000-721bd5444000 ---p 00000000 00:00 0 
721bd5444000-721bd5544000 rw-p 00000000 00:00 0 
721bd5544000-721bd5b45000 rw-p 00000000 00:00 0 
721bd5b45000-721bd5b46000 ---p 00000000 00:00 0 
721bd5b46000-721bd5d46000 rw-p 00000000 00:00 0 
721bd5d46000-721bd5d4a000 r--p 00000000 08:03 1410107                    /usr/lib/x86_64-linux-gnu/libzstd.so.1.5.5
721bd5d4a000-721bd5df1000 r-xp 00004000 08:03 1410107                    /usr/lib/x86_64-linux-gnu/libzstd.so.1.5.5
721bd5df1000-721bd5dfe000 r--p 000ab000 08:03 1410107                    /usr/lib/x86_64-linux-gnu/libzstd.so.1.5.5
721bd5dfe000-721bd5dff000 r--p 000b7000 08:03 1410107                    /usr/lib/x86_64-linux-gnu/libzstd.so.1.5.5
721bd5dff000-721bd5e00000 rw-p 000b8000 08:03 1410107                    /usr/lib/x86_64-linux-gnu/libzstd.so.1.5.5
721bd5e00000-721bd5e0c000 r--p 00000000 fc:00 13107796                   /mydata/gc-bpf-fault/shim/libgcbpf.so
721bd5e0c000-721bd5e6e000 r-xp 0000c000 fc:00 13107796                   /mydata/gc-bpf-fault/shim/libgcbpf.so
721bd5e6e000-721bd60de000 r--p 0006e000 fc:00 13107796                   /mydata/gc-bpf-fault/shim/libgcbpf.so
721bd60de000-721bd60e0000 r--p 002de000 fc:00 13107796                   /mydata/gc-bpf-fault/shim/libgcbpf.so
721bd60e0000-721bd60e1000 rw-p 002e0000 fc:00 13107796                   /mydata/gc-bpf-fault/shim/libgcbpf.so
721bd60e1000-721bd60e2000 rw-p 00000000 00:00 0 
721bd60f8000-721bd60fc000 r--p 00000000 fc:00 49676364                   /mydata/openjdk-mmtk/build/b0test/images/jdk/lib/libverify.so
721bd60fc000-721bd6103000 r-xp 00004000 fc:00 49676364                   /mydata/openjdk-mmtk/build/b0test/images/jdk/lib/libverify.so
721bd6103000-721bd6105000 r--p 0000b000 fc:00 49676364                   /mydata/openjdk-mmtk/build/b0test/images/jdk/lib/libverify.so
721bd6105000-721bd6107000 r--p 0000c000 fc:00 49676364                   /mydata/openjdk-mmtk/build/b0test/images/jdk/lib/libverify.so
721bd6107000-721bd6108000 rw-p 0000e000 fc:00 49676364                   /mydata/openjdk-mmtk/build/b0test/images/jdk/lib/libverify.so
721bd6108000-721bd610b000 r--p 00000000 fc:00 49676361                   /mydata/openjdk-mmtk/build/b0test/images/jdk/lib/libnet.so
721bd610b000-721bd6113000 r-xp 00003000 fc:00 49676361                   /mydata/openjdk-mmtk/build/b0test/images/jdk/lib/libnet.so
721bd6113000-721bd6115000 r--p 0000b000 fc:00 49676361                   /mydata/openjdk-mmtk/build/b0test/images/jdk/lib/libnet.so
721bd6115000-721bd6116000 r--p 0000c000 fc:00 49676361                   /mydata/openjdk-mmtk/build/b0test/images/jdk/lib/libnet.so
721bd6116000-721bd6117000 rw-p 0000d000 fc:00 49676361                   /mydata/openjdk-mmtk/build/b0test/images/jdk/lib/libnet.so
721bd6117000-721bd611c000 rw-p 00000000 00:00 0 
721bd611c000-721bd6200000 ---p 00000000 00:00 0 
721bd6200000-721bd6347000 r--p 00000000 fc:00 49676374                   /mydata/openjdk-mmtk/build/b0test/images/jdk/lib/server/libmmtk_openjdk.so
721bd6347000-721bd65c7000 r-xp 00146000 fc:00 49676374                   /mydata/openjdk-mmtk/build/b0test/images/jdk/lib/server/libmmtk_openjdk.so
721bd65c7000-721bd6608000 r--p 003c5000 fc:00 49676374                   /mydata/openjdk-mmtk/build/b0test/images/jdk/lib/server/libmmtk_openjdk.so
721bd6608000-721bd660a000 rw-p 00405000 fc:00 49676374                   /mydata/openjdk-mmtk/build/b0test/images/jdk/lib/server/libmmtk_openjdk.so
721bd660a000-721bd660c000 rw-p 00000000 00:00 0 
721bd660c000-721bd660e000 r--p 00000000 fc:00 49676365                   /mydata/openjdk-mmtk/build/b0test/images/jdk/lib/libzip.so
721bd660e000-721bd6613000 r-xp 00002000 fc:00 49676365                   /mydata/openjdk-mmtk/build/b0test/images/jdk/lib/libzip.so
721bd6613000-721bd6615000 r--p 00007000 fc:00 49676365                   /mydata/openjdk-mmtk/build/b0test/images/jdk/lib/libzip.so
721bd6615000-721bd6616000 r--p 00008000 fc:00 49676365                   /mydata/openjdk-mmtk/build/b0test/images/jdk/lib/libzip.so
721bd6616000-721bd6617000 rw-p 00009000 fc:00 49676365                   /mydata/openjdk-mmtk/build/b0test/images/jdk/lib/libzip.so
721bd6617000-721bd6624000 rw-p 00000000 00:00 0 
721bd6624000-721bd6700000 ---p 00000000 00:00 0 
721bd6700000-721bd6704000 ---p 00000000 00:00 0 
721bd6704000-721bd6800000 rw-p 00000000 00:00 0 
721bd6800000-721bd6aa9000 r--p 00000000 fc:00 49676373                   /mydata/openjdk-mmtk/build/b0test/images/jdk/lib/server/libjvm.so
721bd6aa9000-721bd793c000 r-xp 002a9000 fc:00 49676373                   /mydata/openjdk-mmtk/build/b0test/images/jdk/lib/server/libjvm.so
721bd793c000-721bd7c20000 r--p 0113c000 fc:00 49676373                   /mydata/openjdk-mmtk/build/b0test/images/jdk/lib/server/libjvm.so
721bd7c20000-721bd7cf6000 r--p 0141f000 fc:00 49676373                   /mydata/openjdk-mmtk/build/b0test/images/jdk/lib/server/libjvm.so
721bd7cf6000-721bd7d26000 rw-p 014f5000 fc:00 49676373                   /mydata/openjdk-mmtk/build/b0test/images/jdk/lib/server/libjvm.so
721bd7d26000-721bd7d8c000 rw-p 00000000 00:00 0 
721bd7d8d000-721bd7d94000 r--p 00000000 fc:00 49676362                   /mydata/openjdk-mmtk/build/b0test/images/jdk/lib/libnio.so
721bd7d94000-721bd7d9d000 r-xp 00007000 fc:00 49676362                   /mydata/openjdk-mmtk/build/b0test/images/jdk/lib/libnio.so
721bd7d9d000-721bd7da1000 r--p 00010000 fc:00 49676362                   /mydata/openjdk-mmtk/build/b0test/images/jdk/lib/libnio.so
721bd7da1000-721bd7da2000 r--p 00014000 fc:00 49676362                   /mydata/openjdk-mmtk/build/b0test/images/jdk/lib/libnio.so
721bd7da2000-721bd7da3000 rw-p 00015000 fc:00 49676362                   /mydata/openjdk-mmtk/build/b0test/images/jdk/lib/libnio.so
721bd7da3000-721bd7da6000 r--p 00000000 08:03 1410420                    /usr/lib/x86_64-linux-gnu/libelf-0.190.so
721bd7da6000-721bd7dbc000 r-xp 00003000 08:03 1410420                    /usr/lib/x86_64-linux-gnu/libelf-0.190.so
721bd7dbc000-721bd7dc0000 r--p 00019000 08:03 1410420                    /usr/lib/x86_64-linux-gnu/libelf-0.190.so
721bd7dc0000-721bd7dc1000 r--p 0001c000 08:03 1410420                    /usr/lib/x86_64-linux-gnu/libelf-0.190.so
721bd7dc1000-721bd7dc2000 rw-p 0001d000 08:03 1410420                    /usr/lib/x86_64-linux-gnu/libelf-0.190.so
721bd7dc5000-721bd7dcc000 r--s 00000000 08:03 1436340                    /usr/lib/x86_64-linux-gnu/gconv/gconv-modules.cache
721bd7dcc000-721bd7dd4000 rw-p 00000000 00:00 0 
721bd7dd4000-721bd7ddc000 ---p 00000000 00:00 0 
721bd7ddc000-721bd7de9000 r--p 00000000 fc:00 49676354                   /mydata/openjdk-mmtk/build/b0test/images/jdk/lib/libjava.so
721bd7de9000-721bd7df8000 r-xp 0000d000 fc:00 49676354                   /mydata/openjdk-mmtk/build/b0test/images/jdk/lib/libjava.so
721bd7df8000-721bd7dfd000 r--p 0001c000 fc:00 49676354                   /mydata/openjdk-mmtk/build/b0test/images/jdk/lib/libjava.so
721bd7dfd000-721bd7dfe000 r--p 00021000 fc:00 49676354                   /mydata/openjdk-mmtk/build/b0test/images/jdk/lib/libjava.so
721bd7dfe000-721bd7dff000 rw-p 00022000 fc:00 49676354                   /mydata/openjdk-mmtk/build/b0test/images/jdk/lib/libjava.so
721bd7dff000-721bd7e00000 rw-p 00000000 00:00 0 
721bd7e00000-721bd7e28000 r--p 00000000 08:03 1410238                    /usr/lib/x86_64-linux-gnu/libc.so.6
721bd7e28000-721bd7fb0000 r-xp 00028000 08:03 1410238                    /usr/lib/x86_64-linux-gnu/libc.so.6
721bd7fb0000-721bd7fff000 r--p 001b0000 08:03 1410238                    /usr/lib/x86_64-linux-gnu/libc.so.6
721bd7fff000-721bd8003000 r--p 001fe000 08:03 1410238                    /usr/lib/x86_64-linux-gnu/libc.so.6
721bd8003000-721bd8005000 rw-p 00202000 08:03 1410238                    /usr/lib/x86_64-linux-gnu/libc.so.6
721bd8005000-721bd8012000 rw-p 00000000 00:00 0 
721bd8016000-721bd801e000 rw-s 00000000 08:03 237599                     /tmp/hsperfdata_root/377867
721bd801e000-721bd8022000 r--p 00000000 fc:00 49676355                   /mydata/openjdk-mmtk/build/b0test/images/jdk/lib/libjimage.so
721bd8022000-721bd8039000 r-xp 00004000 fc:00 49676355                   /mydata/openjdk-mmtk/build/b0test/images/jdk/lib/libjimage.so
721bd8039000-721bd803e000 r--p 0001b000 fc:00 49676355                   /mydata/openjdk-mmtk/build/b0test/images/jdk/lib/libjimage.so
721bd803e000-721bd8040000 r--p 00020000 fc:00 49676355                   /mydata/openjdk-mmtk/build/b0test/images/jdk/lib/libjimage.so
721bd8040000-721bd8041000 rw-p 00022000 fc:00 49676355                   /mydata/openjdk-mmtk/build/b0test/images/jdk/lib/libjimage.so
721bd8041000-721bd8045000 r--p 00000000 08:03 1410148                    /usr/lib/x86_64-linux-gnu/libgcc_s.so.1
721bd8045000-721bd8069000 r-xp 00004000 08:03 1410148                    /usr/lib/x86_64-linux-gnu/libgcc_s.so.1
721bd8069000-721bd806d000 r--p 00028000 08:03 1410148                    /usr/lib/x86_64-linux-gnu/libgcc_s.so.1
721bd806d000-721bd806e000 r--p 0002b000 08:03 1410148                    /usr/lib/x86_64-linux-gnu/libgcc_s.so.1
721bd806e000-721bd806f000 rw-p 0002c000 08:03 1410148                    /usr/lib/x86_64-linux-gnu/libgcc_s.so.1
721bd806f000-721bd807f000 r--p 00000000 08:03 1411099                    /usr/lib/x86_64-linux-gnu/libm.so.6
721bd807f000-721bd80fe000 r-xp 00010000 08:03 1411099                    /usr/lib/x86_64-linux-gnu/libm.so.6
721bd80fe000-721bd8156000 r--p 0008f000 08:03 1411099                    /usr/lib/x86_64-linux-gnu/libm.so.6
721bd8156000-721bd8157000 r--p 000e7000 08:03 1411099                    /usr/lib/x86_64-linux-gnu/libm.so.6
721bd8157000-721bd8158000 rw-p 000e8000 08:03 1411099                    /usr/lib/x86_64-linux-gnu/libm.so.6
721bd8158000-721bd815a000 rw-p 00000000 00:00 0 
721bd815a000-721bd815c000 r--p 00000000 08:03 1409104                    /usr/lib/x86_64-linux-gnu/libz.so.1.3
721bd815c000-721bd816e000 r-xp 00002000 08:03 1409104                    /usr/lib/x86_64-linux-gnu/libz.so.1.3
721bd816e000-721bd8174000 r--p 00014000 08:03 1409104                    /usr/lib/x86_64-linux-gnu/libz.so.1.3
721bd8174000-721bd8175000 r--p 0001a000 08:03 1409104                    /usr/lib/x86_64-linux-gnu/libz.so.1.3
721bd8175000-721bd8176000 rw-p 0001b000 08:03 1409104                    /usr/lib/x86_64-linux-gnu/libz.so.1.3
721bd817b000-721bd817c000 rw-s 00000000 00:10 68                         anon_inode:bpf-map
721bd817c000-721bd817d000 r--s 00000000 00:10 68                         anon_inode:bpf-map
721bd817d000-721bd817e000 ---p 00000000 00:00 0 
721bd817e000-721bd817f000 r--p 00000000 00:00 0 
721bd817f000-721bd8180000 ---p 00000000 00:00 0 
721bd8180000-721bd8182000 r--p 00000000 fc:00 49676357                   /mydata/openjdk-mmtk/build/b0test/images/jdk/lib/libjli.so
721bd8182000-721bd818c000 r-xp 00002000 fc:00 49676357                   /mydata/openjdk-mmtk/build/b0test/images/jdk/lib/libjli.so
721bd818c000-721bd818f000 r--p 0000c000 fc:00 49676357                   /mydata/openjdk-mmtk/build/b0test/images/jdk/lib/libjli.so
721bd818f000-721bd8190000 r--p 0000f000 fc:00 49676357                   /mydata/openjdk-mmtk/build/b0test/images/jdk/lib/libjli.so
721bd8190000-721bd8191000 rw-p 00010000 fc:00 49676357                   /mydata/openjdk-mmtk/build/b0test/images/jdk/lib/libjli.so
721bd8191000-721bd8193000 rw-p 00000000 00:00 0 
721bd8193000-721bd8197000 r--p 00000000 00:00 0                          [vvar]
721bd8197000-721bd8199000 r--p 00000000 00:00 0                          [vvar_vclock]
721bd8199000-721bd819b000 r-xp 00000000 00:00 0                          [vdso]
721bd819b000-721bd819c000 r--p 00000000 08:03 1409763                    /usr/lib/x86_64-linux-gnu/ld-linux-x86-64.so.2
721bd819c000-721bd81c7000 r-xp 00001000 08:03 1409763                    /usr/lib/x86_64-linux-gnu/ld-linux-x86-64.so.2
721bd81c7000-721bd81d1000 r--p 0002c000 08:03 1409763                    /usr/lib/x86_64-linux-gnu/ld-linux-x86-64.so.2
721bd81d1000-721bd81d3000 r--p 00036000 08:03 1409763                    /usr/lib/x86_64-linux-gnu/ld-linux-x86-64.so.2
721bd81d3000-721bd81d5000 rw-p 00038000 08:03 1409763                    /usr/lib/x86_64-linux-gnu/ld-linux-x86-64.so.2
7ffec75c6000-7ffec75e7000 rw-p 00000000 00:00 0                          [stack]
ffffffffff600000-ffffffffff601000 --xp 00000000 00:00 0                  [vsyscall]
Total number of mappings: 539

JVMTI agents: none


VM Arguments:
jvm_args: -XX:+UseThirdPartyHeap -Xms512m -Xmx512m 
java_command: /mydata/dacapo/dacapo-23.11/dacapo-23.11-MR2-chopin.jar xalan -n 3
java_class_path (initial): /mydata/dacapo/dacapo-23.11/dacapo-23.11-MR2-chopin.jar
Launcher Type: SUN_STANDARD

[Global flags]
     intx CICompilerCount                          = 15                                        {product} {ergonomic}
   size_t InitialHeapSize                          = 536870912                                 {product} {command line}
   size_t MaxHeapSize                              = 536870912                                 {product} {command line}
   size_t MinHeapDeltaBytes                        = 524288                                    {product} {ergonomic}
   size_t MinHeapSize                              = 536870912                                 {product} {command line}
    uintx NonNMethodCodeHeapSize                   = 8192380                                {pd product} {ergonomic}
    uintx NonProfiledCodeHeapSize                  = 121732930                              {pd product} {ergonomic}
    uintx ProfiledCodeHeapSize                     = 121732930                              {pd product} {ergonomic}
    uintx ReservedCodeCacheSize                    = 251658240                              {pd product} {ergonomic}
     bool SegmentedCodeCache                       = true                                      {product} {ergonomic}
   size_t SoftMaxHeapSize                          = 536870912                              {manageable} {ergonomic}
     bool UseCompressedOops                        = true                           {product lp64_product} {ergonomic}

Logging:
Log output configuration:
 #0: stdout all=warning uptime,level,tags foldmultilines=false
 #1: stderr all=off uptime,level,tags foldmultilines=false

Release file:
IMPLEMENTOR="N/A"
JAVA_RUNTIME_VERSION="21.0.9-internal-adhoc.talzuss.openjdk-mmtk"
JAVA_VERSION="21.0.9"
JAVA_VERSION_DATE="2025-10-21"
LIBC="gnu"
MODULES="java.base java.compiler java.datatransfer java.xml java.prefs java.desktop java.instrument java.logging java.management java.security.sasl java.naming java.rmi java.management.rmi java.net.http java.scripting java.security.jgss java.transaction.xa java.sql java.sql.rowset java.xml.crypto java.se java.smartcardio jdk.accessibility jdk.internal.jvmstat jdk.attach jdk.charsets jdk.internal.opt jdk.zipfs jdk.compiler jdk.crypto.ec jdk.crypto.cryptoki jdk.dynalink jdk.internal.ed jdk.editpad jdk.hotspot.agent jdk.httpserver jdk.incubator.vector jdk.internal.le jdk.internal.vm.ci jdk.internal.vm.compiler jdk.internal.vm.compiler.management jdk.jartool jdk.javadoc jdk.jcmd jdk.management jdk.management.agent jdk.jconsole jdk.jdeps jdk.jdwp.agent jdk.jdi jdk.jfr jdk.jlink jdk.jpackage jdk.jshell jdk.jsobject jdk.jstatd jdk.localedata jdk.management.jfr jdk.naming.dns jdk.naming.rmi jdk.net jdk.nio.mapmode jdk.random jdk.sctp jdk.security.auth jdk.security.jgss jdk.unsupported jdk.unsupported.desktop jdk.xml.dom"
OS_ARCH="x86_64"
OS_NAME="Linux"
SOURCE=".:git:b557520f04b3+"

Environment Variables:
PATH=/usr/local/sbin:/usr/local/bin:/usr/sbin:/usr/bin:/sbin:/bin:/snap/bin
SHELL=/bin/bash
LANG=en_US.UTF-8
TERM=tmux-256color

Active Locale:
LC_ALL=en_US.UTF-8
LC_COLLATE=en_US.UTF-8
LC_CTYPE=en_US.UTF-8
LC_MESSAGES=en_US.UTF-8
LC_MONETARY=en_US.UTF-8
LC_NUMERIC=en_US.UTF-8
LC_TIME=en_US.UTF-8

Signal Handlers:
   SIGSEGV: crash_handler in libjvm.so, mask=11100100010111111101111111111110, flags=SA_RESTART|SA_SIGINFO, unblocked
    SIGBUS: crash_handler in libjvm.so, mask=11100100010111111101111111111110, flags=SA_RESTART|SA_SIGINFO, unblocked
    SIGFPE: crash_handler in libjvm.so, mask=11100100010111111101111111111110, flags=SA_RESTART|SA_SIGINFO, unblocked
   SIGPIPE: javaSignalHandler in libjvm.so, mask=11100100010111111101111111111110, flags=SA_RESTART|SA_SIGINFO, blocked
   SIGXFSZ: javaSignalHandler in libjvm.so, mask=11100100010111111101111111111110, flags=SA_RESTART|SA_SIGINFO, blocked
    SIGILL: crash_handler in libjvm.so, mask=11100100010111111101111111111110, flags=SA_RESTART|SA_SIGINFO, unblocked
   SIGUSR2: SR_handler in libjvm.so, mask=00000000000000000000000000000000, flags=SA_RESTART|SA_SIGINFO, blocked
    SIGHUP: UserHandler in libjvm.so, mask=11100100010111111101111111111110, flags=SA_RESTART|SA_SIGINFO, blocked
    SIGINT: UserHandler in libjvm.so, mask=11100100010111111101111111111110, flags=SA_RESTART|SA_SIGINFO, blocked
   SIGTERM: UserHandler in libjvm.so, mask=11100100010111111101111111111110, flags=SA_RESTART|SA_SIGINFO, blocked
   SIGQUIT: UserHandler in libjvm.so, mask=11100100010111111101111111111110, flags=SA_RESTART|SA_SIGINFO, blocked
   SIGTRAP: crash_handler in libjvm.so, mask=11100100010111111101111111111110, flags=SA_RESTART|SA_SIGINFO, unblocked


Periodic native trim disabled

---------------  S Y S T E M  ---------------

OS:
DISTRIB_ID=Ubuntu
DISTRIB_RELEASE=24.04
DISTRIB_CODENAME=noble
DISTRIB_DESCRIPTION="Ubuntu 24.04.4 LTS"
uname: Linux 6.17.0-bpf-fault+ #1 SMP PREEMPT_DYNAMIC Mon Jul  6 16:43:12 MDT 2026 x86_64
OS uptime: 0 days 23:54 hours
libc: glibc 2.39 NPTL 2.39 
rlimit (soft/hard): STACK 8192k/infinity , CORE 0k/0k , NPROC 513205/513205 , NOFILE 1048576/1048576 , AS infinity/infinity , CPU infinity/infinity , DATA infinity/infinity , FSIZE infinity/infinity , MEMLOCK 16436528k/16436528k
load average: 1.17 1.13 1.27

/proc/meminfo:
MemTotal:       131492232 kB
MemFree:        73437324 kB
MemAvailable:   116108960 kB
Buffers:          535904 kB
Cached:         41518908 kB
SwapCached:            0 kB
Active:          3672676 kB
Inactive:       41234088 kB
Active(anon):    2868404 kB
Inactive(anon):        0 kB
Active(file):     804272 kB
Inactive(file): 41234088 kB
Unevictable:       41912 kB
Mlocked:           38840 kB
SwapTotal:       8388604 kB
SwapFree:        8388604 kB
Zswap:                 0 kB
Zswapped:              0 kB
Dirty:           1253500 kB
Writeback:             0 kB
AnonPages:       2895680 kB
Mapped:          9734148 kB
Shmem:              5316 kB
KReclaimable:    1884960 kB
Slab:            2411152 kB
SReclaimable:    1884960 kB
SUnreclaim:       526192 kB
KernelStack:       12080 kB
PageTables:        57524 kB
SecPageTables:      8956 kB
NFS_Unstable:          0 kB
Bounce:                0 kB
WritebackTmp:          0 kB
CommitLimit:    74134720 kB
Committed_AS:   163215104 kB
VmallocTotal:   34359738367 kB
VmallocUsed:       38100 kB
VmallocChunk:          0 kB
Percpu:            51072 kB
HardwareCorrupted:     0 kB
AnonHugePages:         0 kB
ShmemHugePages:        0 kB
ShmemPmdMapped:        0 kB
FileHugePages:   2168832 kB
FilePmdMapped:         0 kB
Unaccepted:            0 kB
Balloon:               0 kB
HugePages_Total:       0
HugePages_Free:        0
HugePages_Rsvd:        0
HugePages_Surp:        0
Hugepagesize:       2048 kB
Hugetlb:               0 kB
DirectMap4k:      826176 kB
DirectMap2M:    24975360 kB
DirectMap1G:    108003328 kB

/sys/kernel/mm/transparent_hugepage/enabled: always [madvise] never
/sys/kernel/mm/transparent_hugepage/hpage_pmd_size: 2097152
/sys/kernel/mm/transparent_hugepage/defrag (defrag/compaction efforts parameter): always defer defer+madvise [madvise] never

Process Memory:
Virtual Size: 13620285940K (peak: 13620285940K)
Resident Set Size: 4179864K (peak: 4179864K) (anon: 1006620K, file: 3173244K, shmem: 0K)
Swapped out: 0K
C-Heap outstanding allocations: 1411738K, retained: 37701K
glibc malloc tunables: (default)

/proc/sys/kernel/threads-max (system-wide limit on the number of threads): 1026411
/proc/sys/vm/max_map_count (maximum number of memory map areas a process may have): 1048576
/proc/sys/vm/swappiness (control to define how aggressively the kernel swaps out anonymous memory): 60
/proc/sys/kernel/pid_max (system-wide limit on number of process identifiers): 4194304

container information not found.
Steal ticks since vm start: 0
Steal ticks percentage since vm start:  0.000

CPU: total 32 (initial active 32) (32 cores per cpu, 2 threads per core) family 23 model 49 stepping 0 microcode 0x830107c, cx8, cmov, fxsr, ht, mmx, 3dnowpref, sse, sse2, sse3, ssse3, sse4a, sse4.1, sse4.2, popcnt, lzcnt, tsc, tscinvbit, avx, avx2, aes, clmul, bmi1, bmi2, adx, sha, fma, vzeroupper, clflush, clflushopt, rdtscp, rdpid, f16c
CPU Model and flags from /proc/cpuinfo:
model name	: AMD EPYC 7302P 16-Core Processor
flags		: fpu vme de pse tsc msr pae mce cx8 apic sep mtrr pge mca cmov pat pse36 clflush mmx fxsr sse sse2 ht syscall nx mmxext fxsr_opt pdpe1gb rdtscp lm constant_tsc rep_good nopl xtopology nonstop_tsc cpuid extd_apicid aperfmperf rapl pni pclmulqdq monitor ssse3 fma cx16 sse4_1 sse4_2 movbe popcnt aes xsave avx f16c rdrand lahf_lm cmp_legacy svm extapic cr8_legacy abm sse4a misalignsse 3dnowprefetch osvw ibs skinit wdt tce topoext perfctr_core perfctr_nb bpext perfctr_llc mwaitx cpb cat_l3 cdp_l3 hw_pstate ssbd mba ibrs ibpb stibp vmmcall fsgsbase bmi1 avx2 smep bmi2 cqm rdt_a rdseed adx smap clflushopt clwb sha_ni xsaveopt xsavec xgetbv1 xsaves cqm_llc cqm_occup_llc cqm_mbm_total cqm_mbm_local clzero irperf xsaveerptr rdpru wbnoinvd amd_ppin arat npt lbrv svm_lock nrip_save tsc_scale vmcb_clean flushbyasid decodeassists pausefilter pfthreshold avic v_vmsave_vmload vgif v_spec_ctrl umip rdpid overflow_recov succor smca sev sev_es

Online cpus: 0-31
Offline cpus: 
BIOS frequency limitation: <Not Available>
Frequency switch latency (ns): <Not Available>
Available cpu frequencies: <Not Available>
Current governor: <Not Available>
Core performance/turbo boost: <Not Available>

Memory: 4k page, physical 131492232k(116108960k free), swap 8388604k(8388604k free)
Page Sizes: 4k

vm_info: OpenJDK 64-Bit Server VM (21.0.9-internal-adhoc.talzuss.openjdk-mmtk) for linux-amd64 JRE (21.0.9-internal-adhoc.talzuss.openjdk-mmtk), built on 2026-07-06T23:13:08Z by "talzuss" with gcc 13.3.0
heap_info: MMTk OpenJDK 0.32.0 (a3bb9ef-dirty), using MMTk 0.32.0 (ceb6a76-dirty, BUILTIN_ENV_LOGGER, DEFAULT, EAGER_SWEEPING, VO_BIT)@

END.
