#
# A fatal error has been detected by the Java Runtime Environment:
#
#  SIGSEGV (0xb) at pc=0x00007b53eee76118, pid=493127, tid=493149
#
# JRE version: OpenJDK Runtime Environment (21.0.9) (build 21.0.9-internal-adhoc.talzuss.openjdk-mmtk)
# Java VM: OpenJDK 64-Bit Server VM (21.0.9-internal-adhoc.talzuss.openjdk-mmtk, mixed mode, sharing, tiered, compressed oops, compressed class ptrs, third-party gc, linux-amd64)
# Problematic frame:
# C  [libmmtk_openjdk.so+0x76118]
#
# No core dump will be written. Core dumps have been disabled. To enable core dumping, try "ulimit -c unlimited" before starting Java again
#
# If you would like to submit a bug report, please visit:
#   https://bugreport.java.com/bugreport/crash.jsp
#

---------------  S U M M A R Y ------------

Command Line: -XX:+UseThirdPartyHeap -Xms512m -Xmx512m /mydata/dacapo/dacapo-23.11/dacapo-23.11-MR2-chopin.jar lusearch -n 3

Host: AMD EPYC 7302P 16-Core Processor, 32 cores, 125G, Ubuntu 24.04.4 LTS
Time: Tue Jul  7 21:54:16 2026 MDT elapsed time: 4.964613 seconds (0d 0h 0m 4s)

---------------  T H R E A D  ---------------

Current thread (0x00007b53e853e900):  NamedThread "MMTk Collector Thread" [id=493149, stack(0x00007b53ec9f2000,0x00007b53ecaf2000) (1024K)]

Stack: [0x00007b53ec9f2000,0x00007b53ecaf2000],  sp=0x00007b53ecaf0830,  free space=1018k
Native frames: (J=compiled Java code, j=interpreted, Vv=VM code, C=native code)
C  [libmmtk_openjdk.so+0x76118]

siginfo: si_signo: 11 (SIGSEGV), si_code: 2 (SEGV_ACCERR), si_addr: 0x00007b53eee76118

Registers:
RAX=0x00007b53eee76118, RBX=0x00007b53ecaf0960, RCX=0x00007b53eee76118, RDX=0x00006ea6b3000000
RSP=0x00007b53ecaf0830, RBP=0x0000000000000170, RSI=0x00006ea6b3002000, RDI=0x0000000052bccb40
R8 =0x00007b53ef20fed8, R9 =0x00000000c0000000, R10=0x0000000100000000, R11=0x0000000040000000
R12=0x00006ea67c0053e0, R13=0x00007b53ecaf0960, R14=0x0000000052bccb40, R15=0x00007b53ef20fed8
RIP=0x00007b53eee76118, EFLAGS=0x0000000000010206, CSGSFS=0x002b000000000033, ERR=0x0000000000000015
  TRAPNO=0x000000000000000e

XMM[0]=0x0000000000000000 0x0000000000000000
XMM[1]=0x0000000000000000 0x00006ea658000090
XMM[2]=0x2020202020203020 0x30303a3030203030
XMM[3]=0x733a6b746d6d3a6e 0x6f6e615b20202020
XMM[4]=0x0000000000000000 0x00006ea658000090
XMM[5]=0x666132370a5d6465 0x6e69746e61726175
XMM[6]=0x69733a6b746d6d3a 0x6e6f6e615b202020
XMM[7]=0x2020202020202030 0x2030303a30302030
XMM[8]=0x3030383033666132 0x372d303030303063
XMM[9]=0x0000000000000000 0x0000000000000000
XMM[10]=0x3f3f3f3f3f3f3f3f 0x3f3f3f3f3f3f3f3f
XMM[11]=0x9999999999999999 0x9999999999999999
XMM[12]=0x2020202020202020 0x2020202020202020
XMM[13]=0x0000000000000000 0x0000000000000000
XMM[14]=0x0000000000000000 0x0000000000000000
XMM[15]=0x0000000000000000 0x0000000000000000
  MXCSR=0x00001fa2


Register to memory mapping:

RAX=
[error occurred during error reporting (printing register info), id 0xe0000000, Internal Error (/mydata/mmtk-openjdk/openjdk/share/mmtkHeap.cpp:444)]
RBX=
[error occurred during error reporting (printing register info, attempt 2), id 0xe0000000, Internal Error (/mydata/mmtk-openjdk/openjdk/share/mmtkHeap.cpp:444)]
RCX=
[error occurred during error reporting (printing register info, attempt 3), id 0xe0000000, Internal Error (/mydata/mmtk-openjdk/openjdk/share/mmtkHeap.cpp:444)]
Top of Stack: (sp=0x00007b53ecaf0830)
0x00007b53ecaf0830:   0000000012bccff8 0000000052bccff8
0x00007b53ecaf0840:   0000000002579a00 00007b53ef20fed8
0x00007b53ecaf0850:   00000000025799ff 00007b53ef082d85
0x00007b53ecaf0860:   00007b53ecaf08a0 04ffffffffffff88
0x00007b53ecaf0870:   00007b53ecaf0910 0000000052bccff8
0x00007b53ecaf0880:   00007b53ef1eaf68 00007b53ecaf0878
0x00007b53ecaf0890:   00007b53ecaf086f 00000000000000b0
0x00007b53ecaf08a0:   00006ea67c0053e0 00007b53ecaf0960
0x00007b53ecaf08b0:   7fffffffffffffff 00007b53ef20fed8
0x00007b53ecaf08c0:   0000000000000170 00007b53ef09b1a6
0x00007b53ecaf08d0:   0000000042299bc0 0000000000000040
0x00007b53ecaf08e0:   0000000051fd7fd0 00006ea6b31abc30
0x00007b53ecaf08f0:   0000000000000005 00006ea67c0181b0
0x00007b53ecaf0900:   0000000000000000 00007b53e83e0610
0x00007b53ecaf0910:   0000000000000040 00006ea67c0053e0
0x00007b53ecaf0920:   000000000000002e 00007b53ef0794dc
0x00007b53ecaf0930:   0000000043810698 00000000438101a0
0x00007b53ecaf0940:   8000000000000000 0000200012bcc000
0x00007b53ecaf0950:   00000000438101a0 00007b53ef1ebd28
0x00007b53ecaf0960:   00007b53ecaf0a28 00007b53ef20fed8
0x00007b53ecaf0970:   00007b53ecaf0a80 00007b53ecaf0948
0x00007b53ecaf0980:   00007b53ecaf0a30 00007b53ecaf0907
0x00007b53ecaf0990:   00007b53ecaf09d8 00007b53ecaf0a50
0x00007b53ecaf09a0:   00007b53e805a310 0000000000000007
0x00007b53ecaf09b0:   0000000000000001 00007b53ef1d1f00
0x00007b53ecaf09c0:   00006ea67c0181c8 8000000000000000
0x00007b53ecaf09d0:   8000000000000000 0000000000000800
0x00007b53ecaf09e0:   00006ea67c016150 000000000000040f
0x00007b53ecaf09f0:   00007b53ecaf0a04 00007b53ef0b1b83
0x00007b53ecaf0a00:   0000000000000001 0000000000000001
0x00007b53ecaf0a10:   00007b53ef1d1f00 00007b53e8046048
0x00007b53ecaf0a20:   00007b53ef210468 0000000040000000 

Instructions: (pc=0x00007b53eee76118)
0x00007b53eee76018:   d2 76 0d 00 c5 79 0d 00 13 7a 0d 00 a3 77 0d 00
0x00007b53eee76028:   f8 7a 0d 00 f1 77 0d 00 46 7b 0d 00 9e b1 0d 00
0x00007b53eee76038:   9e b1 0d 00 9e b1 0d 00 2e b2 0d 00 c0 b1 0d 00
0x00007b53eee76048:   c7 b1 0d 00 14 b2 0d 00 06 b2 0d 00 dc b1 0d 00
0x00007b53eee76058:   ce b1 0d 00 0d b2 0d 00 e3 b1 0d 00 1b b2 0d 00
0x00007b53eee76068:   ff b1 0d 00 d5 b1 0d 00 f1 b1 0d 00 ea b1 0d 00
0x00007b53eee76078:   f8 b1 0d 00 22 b2 0d 00 29 b2 0d 00 4e b9 0d 00
0x00007b53eee76088:   9c b9 0d 00 ea b9 0d 00 38 ba 0d 00 86 ba 0d 00
0x00007b53eee76098:   79 bd 0d 00 c7 bd 0d 00 57 bb 0d 00 ac be 0d 00
0x00007b53eee760a8:   a5 bb 0d 00 fa be 0d 00 5e 08 0e 00 0f 0b 0e 00
0x00007b53eee760b8:   aa 08 0e 00 5e 08 0e 00 54 0f 0e 00 8a 0e 0e 00
0x00007b53eee760c8:   7a 08 0e 00 d3 0e 0e 00 db 10 0e 00 79 10 0e 00
0x00007b53eee760d8:   87 10 0e 00 3c 0e 0e 00 95 10 0e 00 37 11 0e 00
0x00007b53eee760e8:   cf 13 0e 00 f1 11 0e 00 37 11 0e 00 4c 16 0e 00
0x00007b53eee760f8:   33 18 0e 00 50 11 0e 00 d4 15 0e 00 d9 18 0e 00
0x00007b53eee76108:   82 17 0e 00 90 17 0e 00 9b 17 0e 00 0a 18 0e 00
0x00007b53eee76118:   88 19 0e 00 ae 1a 0e 00 b9 1b 0e 00 32 1a 0e 00
0x00007b53eee76128:   24 1d 0e 00 9d 1c 0e 00 fe 19 0e 00 ac 1c 0e 00
0x00007b53eee76138:   bc 1e 0e 00 d6 1d 0e 00 e4 1d 0e 00 66 1b 0e 00
0x00007b53eee76148:   f2 1d 0e 00 24 1f 0e 00 2e 21 0e 00 6e 1f 0e 00
0x00007b53eee76158:   24 1f 0e 00 7e 23 0e 00 f7 22 0e 00 3d 1f 0e 00
0x00007b53eee76168:   06 23 0e 00 16 25 0e 00 b4 24 0e 00 c2 24 0e 00
0x00007b53eee76178:   a9 22 0e 00 d0 24 0e 00 e1 35 22 1a 7d 0f 0c 72
0x00007b53eee76188:   59 5b d6 54 a1 07 ee e2 58 35 6a 6f 90 3c 0e 17
0x00007b53eee76198:   7b 2d 83 08 0b 83 02 de 20 21 22 23 24 25 26 27
0x00007b53eee761a8:   28 29 2a 2b 2c 2d 2e 2f 6c 5f 68 65 61 70 5f 73
0x00007b53eee761b8:   79 73 74 65 6d 5f 67 63 66 5f 65 78 63 6c 75 64
0x00007b53eee761c8:   65 5f 6b 65 72 6e 65 6c 00 00 00 00 00 00 30 43
0x00007b53eee761d8:   00 00 00 00 00 00 30 45 4c 62 3b e5 1b 8b 0e 20
0x00007b53eee761e8:   37 42 48 d2 ed bc 34 89 55 46 46 44 49 4f 5f 5a
0x00007b53eee761f8:   45 52 4f 50 41 47 45 28 ff ff ff ff ff ff ff ff
0x00007b53eee76208:   ff ff ff ff ff ff ff ff 8f 20 43 d4 00 50 15 39 


Stack slot to memory mapping:

stack at sp + 0 slots: 
[error occurred during error reporting (inspecting top of stack), id 0xe0000000, Internal Error (/mydata/mmtk-openjdk/openjdk/share/mmtkHeap.cpp:444)]
stack at sp + 1 slots: 
[error occurred during error reporting (inspecting top of stack, attempt 2), id 0xe0000000, Internal Error (/mydata/mmtk-openjdk/openjdk/share/mmtkHeap.cpp:444)]
stack at sp + 2 slots: 
[error occurred during error reporting (inspecting top of stack, attempt 3), id 0xe0000000, Internal Error (/mydata/mmtk-openjdk/openjdk/share/mmtkHeap.cpp:444)]

---------------  P R O C E S S  ---------------

Threads class SMR info:
_java_thread_list=0x00006ea62c296e70, length=56, elements={
0x00007b53e802b240, 0x00007b53e8527340, 0x00007b53e8528bd0, 0x00007b53e852a6c0,
0x00007b53e8548ef0, 0x00007b53e854a840, 0x00007b53e854c100, 0x00007b53e854df40,
0x00007b53e8557910, 0x00007b53e85a6a40, 0x00007b53e85a9a40, 0x00006ea62c0a48d0,
0x00006ea610097550, 0x00006ea610098500, 0x00006ea610099430, 0x00006ea62814d4a0,
0x00007b53e87cb470, 0x00007b53e87ccac0, 0x00007b53e87ce000, 0x00007b53e87cf550,
0x00007b53e87d0aa0, 0x00007b53e87d2000, 0x00007b53e87d3560, 0x00007b53e87d4ad0,
0x00007b53e87d6040, 0x00007b53e87d74f0, 0x00007b53e87d89a0, 0x00007b53e87d9f30,
0x00007b53e87db4c0, 0x00007b53e87dc970, 0x00007b53e87dde20, 0x00007b53e87df2d0,
0x00007b53e87e0b70, 0x00007b53e87e27a0, 0x00007b53e87e4150, 0x00007b53e87e5720,
0x00007b53e87e70e0, 0x00007b53e87e8970, 0x00007b53e87ea340, 0x00007b53e87ebd20,
0x00007b53e87ed310, 0x00007b53e87ee910, 0x00007b53e87eff10, 0x00007b53e87f1910,
0x00007b53e87f3310, 0x00007b53e87f4930, 0x00007b53e87f5f50, 0x00007b53e87f77a0,
0x00006ea610071fc0, 0x00006ea62c1067a0, 0x00006ea6100ce5e0, 0x00006ea6200b40e0,
0x00006ea6140abc20, 0x00006ea5840026f0, 0x00006ea6240fa1d0, 0x00006ea62c295ac0
}

Java Threads: ( => current thread )
  0x00007b53e802b240 JavaThread "main"                              [_thread_blocked, id=493128, stack(0x00007b53ef217000,0x00007b53ef317000) (1024K)]
  0x00007b53e8527340 JavaThread "Reference Handler"          daemon [_thread_blocked, id=493132, stack(0x00007b53edb00000,0x00007b53edc00000) (1024K)]
  0x00007b53e8528bd0 JavaThread "Finalizer"                  daemon [_thread_blocked, id=493133, stack(0x00007b53eda00000,0x00007b53edb00000) (1024K)]
  0x00007b53e852a6c0 JavaThread "MMTk Finalizer Thread"      daemon [_thread_blocked, id=493134, stack(0x00007b53ed900000,0x00007b53eda00000) (1024K)]
  0x00007b53e8548ef0 JavaThread "Signal Dispatcher"          daemon [_thread_blocked, id=493158, stack(0x00007b53ec0e9000,0x00007b53ec1e9000) (1024K)]
  0x00007b53e854a840 JavaThread "Service Thread"             daemon [_thread_blocked, id=493159, stack(0x00007b53b06ff000,0x00007b53b07ff000) (1024K)]
  0x00007b53e854c100 JavaThread "Monitor Deflation Thread"   daemon [_thread_blocked, id=493160, stack(0x00007b53b05ff000,0x00007b53b06ff000) (1024K)]
  0x00007b53e854df40 JavaThread "C2 CompilerThread0"         daemon [_thread_blocked, id=493161, stack(0x00007b53b04ff000,0x00007b53b05ff000) (1024K)]
  0x00007b53e8557910 JavaThread "C1 CompilerThread0"         daemon [_thread_blocked, id=493162, stack(0x00006ea6fc2fc000,0x00006ea6fc3fc000) (1024K)]
  0x00007b53e85a6a40 JavaThread "Notification Thread"        daemon [_thread_blocked, id=493165, stack(0x00006ea6f8f00000,0x00006ea6f9000000) (1024K)]
  0x00007b53e85a9a40 JavaThread "Common-Cleaner"             daemon [_thread_blocked, id=493166, stack(0x00006ea6f8e00000,0x00006ea6f8f00000) (1024K)]
  0x00006ea62c0a48d0 JavaThread "C1 CompilerThread1"         daemon [_thread_blocked, id=493169, stack(0x00006ea6f8d00000,0x00006ea6f8e00000) (1024K)]
  0x00006ea610097550 JavaThread "C1 CompilerThread2"         daemon [_thread_blocked, id=493170, stack(0x00006ea6f9100000,0x00006ea6f9200000) (1024K)]
  0x00006ea610098500 JavaThread "C1 CompilerThread3"         daemon [_thread_blocked, id=493171, stack(0x00006ea6f9000000,0x00006ea6f9100000) (1024K)]
  0x00006ea610099430 JavaThread "C1 CompilerThread4"         daemon [_thread_blocked, id=493172, stack(0x00006ea6f8c00000,0x00006ea6f8d00000) (1024K)]
  0x00006ea62814d4a0 JavaThread "C2 CompilerThread1"         daemon [_thread_blocked, id=493173, stack(0x00006ea6f8b00000,0x00006ea6f8c00000) (1024K)]
  0x00007b53e87cb470 JavaThread "Query0"                            [_thread_blocked, id=493174, stack(0x00006ea6f8500000,0x00006ea6f8600000) (1024K)]
  0x00007b53e87ccac0 JavaThread "Query1"                            [_thread_blocked, id=493175, stack(0x00006ea6f8400000,0x00006ea6f8500000) (1024K)]
  0x00007b53e87ce000 JavaThread "Query2"                            [_thread_blocked, id=493176, stack(0x00006ea6f8300000,0x00006ea6f8400000) (1024K)]
  0x00007b53e87cf550 JavaThread "Query3"                            [_thread_blocked, id=493177, stack(0x00006ea6f8200000,0x00006ea6f8300000) (1024K)]
  0x00007b53e87d0aa0 JavaThread "Query4"                            [_thread_blocked, id=493178, stack(0x00006ea6f8100000,0x00006ea6f8200000) (1024K)]
  0x00007b53e87d2000 JavaThread "Query5"                            [_thread_blocked, id=493179, stack(0x00006ea6f8000000,0x00006ea6f8100000) (1024K)]
  0x00007b53e87d3560 JavaThread "Query6"                            [_thread_blocked, id=493180, stack(0x00006ea6b2f00000,0x00006ea6b3000000) (1024K)]
  0x00007b53e87d4ad0 JavaThread "Query7"                            [_thread_blocked, id=493181, stack(0x00006ea6b2900000,0x00006ea6b2a00000) (1024K)]
  0x00007b53e87d6040 JavaThread "Query8"                            [_thread_blocked, id=493182, stack(0x00006ea6b2800000,0x00006ea6b2900000) (1024K)]
  0x00007b53e87d74f0 JavaThread "Query9"                            [_thread_blocked, id=493183, stack(0x00006ea6b2700000,0x00006ea6b2800000) (1024K)]
  0x00007b53e87d89a0 JavaThread "Query10"                           [_thread_blocked, id=493184, stack(0x00006ea6b2600000,0x00006ea6b2700000) (1024K)]
  0x00007b53e87d9f30 JavaThread "Query11"                           [_thread_blocked, id=493185, stack(0x00006ea6b2500000,0x00006ea6b2600000) (1024K)]
  0x00007b53e87db4c0 JavaThread "Query12"                           [_thread_blocked, id=493186, stack(0x00006ea6b2400000,0x00006ea6b2500000) (1024K)]
  0x00007b53e87dc970 JavaThread "Query13"                           [_thread_blocked, id=493187, stack(0x00006ea6b2300000,0x00006ea6b2400000) (1024K)]
  0x00007b53e87dde20 JavaThread "Query14"                           [_thread_blocked, id=493188, stack(0x00006ea6b2200000,0x00006ea6b2300000) (1024K)]
  0x00007b53e87df2d0 JavaThread "Query15"                           [_thread_blocked, id=493189, stack(0x00006ea6b2100000,0x00006ea6b2200000) (1024K)]
  0x00007b53e87e0b70 JavaThread "Query16"                           [_thread_blocked, id=493190, stack(0x00006ea6b2000000,0x00006ea6b2100000) (1024K)]
  0x00007b53e87e27a0 JavaThread "Query17"                           [_thread_blocked, id=493191, stack(0x00006ea6b1f00000,0x00006ea6b2000000) (1024K)]
  0x00007b53e87e4150 JavaThread "Query18"                           [_thread_blocked, id=493192, stack(0x00006ea6b1e00000,0x00006ea6b1f00000) (1024K)]
  0x00007b53e87e5720 JavaThread "Query19"                           [_thread_blocked, id=493193, stack(0x00006ea6b1d00000,0x00006ea6b1e00000) (1024K)]
  0x00007b53e87e70e0 JavaThread "Query20"                           [_thread_blocked, id=493194, stack(0x00006ea6b1c00000,0x00006ea6b1d00000) (1024K)]
  0x00007b53e87e8970 JavaThread "Query21"                           [_thread_blocked, id=493195, stack(0x00006ea6b1b00000,0x00006ea6b1c00000) (1024K)]
  0x00007b53e87ea340 JavaThread "Query22"                           [_thread_blocked, id=493196, stack(0x00006ea6b1a00000,0x00006ea6b1b00000) (1024K)]
  0x00007b53e87ebd20 JavaThread "Query23"                           [_thread_blocked, id=493197, stack(0x00006ea6b1900000,0x00006ea6b1a00000) (1024K)]
  0x00007b53e87ed310 JavaThread "Query24"                           [_thread_blocked, id=493198, stack(0x00006ea6b1800000,0x00006ea6b1900000) (1024K)]
  0x00007b53e87ee910 JavaThread "Query25"                           [_thread_blocked, id=493199, stack(0x00006ea6b1700000,0x00006ea6b1800000) (1024K)]
  0x00007b53e87eff10 JavaThread "Query26"                           [_thread_blocked, id=493200, stack(0x00006ea6b1600000,0x00006ea6b1700000) (1024K)]
  0x00007b53e87f1910 JavaThread "Query27"                           [_thread_blocked, id=493201, stack(0x00006ea6b1500000,0x00006ea6b1600000) (1024K)]
  0x00007b53e87f3310 JavaThread "Query28"                           [_thread_blocked, id=493202, stack(0x00006ea6b1400000,0x00006ea6b1500000) (1024K)]
  0x00007b53e87f4930 JavaThread "Query29"                           [_thread_blocked, id=493203, stack(0x00006ea6b1300000,0x00006ea6b1400000) (1024K)]
  0x00007b53e87f5f50 JavaThread "Query30"                           [_thread_blocked, id=493204, stack(0x00006ea6b1200000,0x00006ea6b1300000) (1024K)]
  0x00007b53e87f77a0 JavaThread "Query31"                           [_thread_blocked, id=493205, stack(0x00006ea6b1100000,0x00006ea6b1200000) (1024K)]
  0x00006ea610071fc0 JavaThread "C2 CompilerThread2"         daemon [_thread_in_native, id=493206, stack(0x00006ea6b1000000,0x00006ea6b1100000) (1024K)]
  0x00006ea62c1067a0 JavaThread "C2 CompilerThread3"         daemon [_thread_blocked, id=493207, stack(0x00006ea6b0f00000,0x00006ea6b1000000) (1024K)]
  0x00006ea6100ce5e0 JavaThread "C2 CompilerThread4"         daemon [_thread_blocked, id=493208, stack(0x00006ea6b0e00000,0x00006ea6b0f00000) (1024K)]
  0x00006ea6200b40e0 JavaThread "C2 CompilerThread5"         daemon [_thread_blocked, id=493209, stack(0x00006ea6b0d00000,0x00006ea6b0e00000) (1024K)]
  0x00006ea6140abc20 JavaThread "C2 CompilerThread6"         daemon [_thread_blocked, id=493210, stack(0x00006ea6b0c00000,0x00006ea6b0d00000) (1024K)]
  0x00006ea5840026f0 JavaThread "C2 CompilerThread7"         daemon [_thread_blocked, id=493211, stack(0x00006ea6b0b00000,0x00006ea6b0c00000) (1024K)]
  0x00006ea6240fa1d0 JavaThread "C2 CompilerThread8"         daemon [_thread_blocked, id=493212, stack(0x00006ea6b0a00000,0x00006ea6b0b00000) (1024K)]
  0x00006ea62c295ac0 JavaThread "C2 CompilerThread9"         daemon [_thread_blocked, id=493213, stack(0x00006ea6b0900000,0x00006ea6b0a00000) (1024K)]
Total: 56

Other Threads:
  0x00007b53e851be90 VMThread "VM Thread"                           [id=493131, stack(0x00007b53edefd000,0x00007b53edffd000) (1024K)]
  0x00007b53e8509ac0 WatcherThread "VM Periodic Task Thread"        [id=493130, stack(0x00007b53edffe000,0x00007b53ee0fe000) (1024K)]

=>0x00007b53e853e900 (exited) NamedThread "MMTk Collector Thread"   [id=493149, stack(0x00007b53ec9f2000,0x00007b53ecaf2000) (1024K)]
Total: 3

Threads with active compile tasks:
C2 CompilerThread0  4967 2861       4       org.apache.lucene.search.IndexSearcher::createWeight (45 bytes)
C2 CompilerThread1  4967 2914       4       org.apache.lucene.codecs.lucene90.blocktree.SegmentTermsEnum::docFreq (39 bytes)
C2 CompilerThread2  4967 2858   !   4       org.apache.lucene.search.IndexSearcher::search (124 bytes)
C2 CompilerThread3  4967 2829       4       org.dacapo.lusearch.Search$QueryProcessor::doPagingSearch (259 bytes)
C2 CompilerThread4  4967 2888       4       org.apache.lucene.search.TermQuery$TermWeight::scorer (146 bytes)
C2 CompilerThread5  4967 2912       4       org.apache.lucene.codecs.lucene90.blocktree.SegmentTermsEnum::totalTermFreq (39 bytes)
C2 CompilerThread6  4967 2903       4       org.apache.lucene.codecs.lucene90.blocktree.SegmentTermsEnum::termState (41 bytes)
C2 CompilerThread7  4967 2970   !   4       java.io.BufferedReader::readLine (72 bytes)
C2 CompilerThread8  4967 2968       4       java.io.BufferedReader::readLine (7 bytes)
C2 CompilerThread9  4967 3027   !   4       org.apache.lucene.util.QueryBuilder::createFieldQuery (390 bytes)
Total: 10

VM state: at safepoint (normal execution)

VM Mutex/Monitor currently owned by a thread:  ([mutex/lock_event])
[0x00007b53f09580d0] Threads_lock - owner thread: 0x00007b53e851be90
[0x00007b53f0957fd0] Heap_lock - owner thread: 0x00007b53e83e53b0

Heap address: 0x0000000040000000, size: 3072 MB, Compressed Oops mode: 32-bit

CDS archive(s) mapped at: [0x00006ea6b3000000-0x00006ea6b3ca3000-0x00006ea6b3ca3000), size 13250560, SharedBaseAddress: 0x00006ea6b3000000, ArchiveRelocationMode: 1.
Compressed class space mapped at: 0x00006ea6b4000000-0x00006ea6f4000000, reserved size: 1073741824
Narrow klass base: 0x00006ea6b3000000, Narrow klass shift: 0, Narrow klass range: 0x100000000

GC Precious Log:
<Empty>

Heap:

[error occurred during error reporting (printing heap information), id 0xe0000000, Internal Error (/mydata/mmtk-openjdk/openjdk/share/mmtkHeap.cpp:424)]
Metaspace:

Usage:
  Non-class:      8.60 MB used.
      Class:      1.24 MB used.
       Both:      9.84 MB used.

Virtual space:
  Non-class space:       64.00 MB reserved,       9.19 MB ( 14%) committed,  1 nodes.
      Class space:        1.00 GB reserved,       1.69 MB ( <1%) committed,  1 nodes.
             Both:        1.06 GB reserved,      10.88 MB ( <1%) committed. 

Chunk freelists:
   Non-Class:  6.33 MB
       Class:  14.19 MB
        Both:  20.52 MB

MaxMetaspaceSize: unlimited
CompressedClassSpaceSize: 1.00 GB
Initial GC threshold: 21.00 MB
Current GC threshold: 21.00 MB
CDS: on
 - commit_granule_bytes: 65536.
 - commit_granule_words: 8192.
 - virtual_space_node_default_size: 8388608.
 - enlarge_chunks_in_place: 1.
 - use_allocation_guard: 0.


Internal statistics:

num_allocs_failed_limit: 0.
num_arena_births: 1598.
num_arena_deaths: 0.
num_vsnodes_births: 2.
num_vsnodes_deaths: 0.
num_space_committed: 174.
num_space_uncommitted: 0.
num_chunks_returned_to_freelist: 0.
num_chunks_taken_from_freelist: 2458.
num_chunk_merges: 0.
num_chunk_splits: 1334.
num_chunks_enlarged: 267.
num_inconsistent_stats: 0.

CodeHeap 'non-profiled nmethods': size=118880Kb used=1702Kb max_used=1702Kb free=117178Kb
 bounds [0x00007b53d83e8000, 0x00007b53d8658000, 0x00007b53df800000]
CodeHeap 'profiled nmethods': size=118876Kb used=5386Kb max_used=5386Kb free=113489Kb
 bounds [0x00007b53d0800000, 0x00007b53d0d50000, 0x00007b53d7c17000]
CodeHeap 'non-nmethods': size=8004Kb used=3483Kb max_used=3573Kb free=4520Kb
 bounds [0x00007b53d7c17000, 0x00007b53d7f97000, 0x00007b53d83e8000]
CodeCache: size=245760Kb, used=10571Kb, max_used=10661Kb, free=235187Kb
 total_blobs=3476, nmethods=2961, adapters=415, full_count=0
Compilation: enabled, stopped_count=0, restarted_count=0

Compilation events (20 events):
Event: 4.891 Thread 0x00006ea6200b40e0 2877       4       org.apache.lucene.index.TermStates::<init> (69 bytes)
Event: 4.892 Thread 0x00006ea5840026f0 nmethod 2934 0x00007b53d858df90 code [0x00007b53d858e160, 0x00007b53d858e4b0]
Event: 4.892 Thread 0x00006ea5840026f0 2970   !   4       java.io.BufferedReader::readLine (72 bytes)
Event: 4.893 Thread 0x00006ea6240fa1d0 2968       4       java.io.BufferedReader::readLine (7 bytes)
Event: 4.894 Thread 0x00006ea6200b40e0 nmethod 2877 0x00007b53d858e710 code [0x00007b53d858e8c0, 0x00007b53d858ebb8]
Event: 4.894 Thread 0x00006ea6200b40e0 2609       4       java.nio.Buffer::flip (20 bytes)
Event: 4.894 Thread 0x00006ea6200b40e0 nmethod 2609 0x00007b53d858ed90 code [0x00007b53d858ef00, 0x00007b53d858efa0]
Event: 4.894 Thread 0x00006ea6200b40e0 2935       4       java.lang.String::decode2 (12 bytes)
Event: 4.894 Thread 0x00006ea6200b40e0 nmethod 2935 0x00007b53d858f090 code [0x00007b53d858f200, 0x00007b53d858f278]
Event: 4.894 Thread 0x00006ea6200b40e0 2900       4       org.apache.lucene.codecs.lucene90.Lucene90PostingsFormat$IntBlockTermState::clone (5 bytes)
Event: 4.894 Thread 0x00006ea62814d4a0 nmethod 2933 0x00007b53d858f390 code [0x00007b53d858f520, 0x00007b53d858f750]
Event: 4.894 Thread 0x00006ea62814d4a0 2902       4       org.apache.lucene.index.TermStates::register (84 bytes)
Event: 4.896 Thread 0x00006ea6140abc20 nmethod 2924 0x00007b53d858f910 code [0x00007b53d858fb40, 0x00007b53d8590310]
Event: 4.896 Thread 0x00006ea6140abc20 2903       4       org.apache.lucene.codecs.lucene90.blocktree.SegmentTermsEnum::termState (41 bytes)
Event: 4.896 Thread 0x00006ea6200b40e0 nmethod 2900 0x00007b53d8590a10 code [0x00007b53d8590ba0, 0x00007b53d8590d50]
Event: 4.896 Thread 0x00006ea6200b40e0 2912       4       org.apache.lucene.codecs.lucene90.blocktree.SegmentTermsEnum::totalTermFreq (39 bytes)
Event: 4.896 Thread 0x00006ea62814d4a0 nmethod 2902 0x00007b53d8590e10 code [0x00007b53d8590fa0, 0x00007b53d85910a0]
Event: 4.896 Thread 0x00006ea62814d4a0 2913       4       org.apache.lucene.index.TermStates::accumulateStatistics (80 bytes)
Event: 4.896 Thread 0x00006ea62814d4a0 nmethod 2913 0x00007b53d8591510 code [0x00007b53d8591680, 0x00007b53d8591710]
Event: 4.897 Thread 0x00006ea62814d4a0 2914       4       org.apache.lucene.codecs.lucene90.blocktree.SegmentTermsEnum::docFreq (39 bytes)

GC Heap History (0 events):
No events

Dll operation events (8 events):
Event: 0.001 Loaded shared library /mydata/openjdk-mmtk/build/b0test/images/jdk/lib/libjava.so
Event: 2.214 Loaded shared library /mydata/openjdk-mmtk/build/b0test/images/jdk/lib/libjsvml.so
Event: 2.227 Loaded shared library /mydata/openjdk-mmtk/build/b0test/images/jdk/lib/libnio.so
Event: 2.231 Loaded shared library /mydata/openjdk-mmtk/build/b0test/images/jdk/lib/libzip.so
Event: 2.244 Loaded shared library /mydata/openjdk-mmtk/build/b0test/images/jdk/lib/libjimage.so
Event: 2.270 Loaded shared library /mydata/openjdk-mmtk/build/b0test/images/jdk/lib/libnet.so
Event: 4.211 Loaded shared library /mydata/openjdk-mmtk/build/b0test/images/jdk/lib/libmanagement.so
Event: 4.213 Loaded shared library /mydata/openjdk-mmtk/build/b0test/images/jdk/lib/libmanagement_ext.so

Deoptimization events (20 events):
Event: 4.746 Thread 0x00007b53e87d3560 DEOPT PACKING pc=0x00007b53d0d28d4d sp=0x00006ea6b2ffe360
Event: 4.746 Thread 0x00007b53e87d3560 DEOPT UNPACKING pc=0x00007b53d7c6ab2f sp=0x00006ea6b2ffd970 mode 0
Event: 4.749 Thread 0x00007b53e87d0aa0 DEOPT PACKING pc=0x00007b53d0d28d4d sp=0x00006ea6f81fe360
Event: 4.749 Thread 0x00007b53e87d0aa0 DEOPT UNPACKING pc=0x00007b53d7c6ab2f sp=0x00006ea6f81fd970 mode 0
Event: 4.749 Thread 0x00007b53e87ee910 DEOPT PACKING pc=0x00007b53d0d28ad4 sp=0x00006ea6b17fe360
Event: 4.749 Thread 0x00007b53e87ee910 DEOPT UNPACKING pc=0x00007b53d7c6ab2f sp=0x00006ea6b17fd900 mode 0
Event: 4.753 Thread 0x00007b53e87e0b70 DEOPT PACKING pc=0x00007b53d0d28d4d sp=0x00006ea6b20fe360
Event: 4.753 Thread 0x00007b53e87e0b70 DEOPT UNPACKING pc=0x00007b53d7c6ab2f sp=0x00006ea6b20fd970 mode 0
Event: 4.757 Thread 0x00007b53e87d2000 DEOPT PACKING pc=0x00007b53d0d28d4d sp=0x00006ea6f80fe360
Event: 4.757 Thread 0x00007b53e87d2000 DEOPT UNPACKING pc=0x00007b53d7c6ab2f sp=0x00006ea6f80fd970 mode 0
Event: 4.759 Thread 0x00007b53e87f77a0 DEOPT PACKING pc=0x00007b53d0d28ad4 sp=0x00006ea6b11fe360
Event: 4.759 Thread 0x00007b53e87f77a0 DEOPT UNPACKING pc=0x00007b53d7c6ab2f sp=0x00006ea6b11fd900 mode 0
Event: 4.760 Thread 0x00007b53e87f5f50 DEOPT PACKING pc=0x00007b53d0d28d4d sp=0x00006ea6b12fe360
Event: 4.760 Thread 0x00007b53e87f5f50 DEOPT UNPACKING pc=0x00007b53d7c6ab2f sp=0x00006ea6b12fd970 mode 0
Event: 4.767 Thread 0x00007b53e87ee910 DEOPT PACKING pc=0x00007b53d0d28ad4 sp=0x00006ea6b17fe360
Event: 4.767 Thread 0x00007b53e87ee910 DEOPT UNPACKING pc=0x00007b53d7c6ab2f sp=0x00006ea6b17fd900 mode 0
Event: 4.769 Thread 0x00007b53e87ea340 DEOPT PACKING pc=0x00007b53d0d28d4d sp=0x00006ea6b1afe360
Event: 4.769 Thread 0x00007b53e87ea340 DEOPT UNPACKING pc=0x00007b53d7c6ab2f sp=0x00006ea6b1afd970 mode 0
Event: 4.772 Thread 0x00007b53e87d89a0 DEOPT PACKING pc=0x00007b53d0d28d4d sp=0x00006ea6b26fe360
Event: 4.772 Thread 0x00007b53e87d89a0 DEOPT UNPACKING pc=0x00007b53d7c6ab2f sp=0x00006ea6b26fd970 mode 0

Classes loaded (20 events):
Event: 4.306 Loading class java/util/stream/SpinedBuffer$OfPrimitive
Event: 4.306 Loading class java/util/stream/AbstractSpinedBuffer
Event: 4.306 Loading class java/util/stream/AbstractSpinedBuffer done
Event: 4.306 Loading class java/util/stream/SpinedBuffer$OfPrimitive done
Event: 4.306 Loading class java/util/stream/SpinedBuffer$OfInt done
Event: 4.306 Loading class java/util/stream/Nodes$IntSpinedNodeBuilder done
Event: 4.306 Loading class java/util/stream/ReferencePipeline$8$1
Event: 4.306 Loading class java/util/stream/ReferencePipeline$8$1 done
Event: 4.307 Loading class java/util/Spliterators$IntArraySpliterator
Event: 4.307 Loading class java/util/Spliterators$IntArraySpliterator done
Event: 4.307 Loading class java/util/stream/IntPipeline$Head
Event: 4.307 Loading class java/util/stream/IntPipeline$Head done
Event: 4.324 Loading class java/lang/invoke/VarHandleSegmentAsShorts
Event: 4.324 Loading class java/lang/invoke/VarHandleSegmentAsShorts done
Event: 4.338 Loading class java/util/WeakHashMap$KeyIterator
Event: 4.338 Loading class java/util/WeakHashMap$HashIterator
Event: 4.338 Loading class java/util/WeakHashMap$HashIterator done
Event: 4.338 Loading class java/util/WeakHashMap$KeyIterator done
Event: 4.634 Loading class java/io/FileOutputStream$1
Event: 4.634 Loading class java/io/FileOutputStream$1 done

Classes unloaded (0 events):
No events

Classes redefined (0 events):
No events

Internal exceptions (20 events):
Event: 4.278 Thread 0x00007b53e87ce000 Exception <a 'java/lang/NoSuchMethodError'{0x0000000041e76fb8}: 'java.lang.Object java.lang.invoke.Invokers$Holder.linkToTargetMethod(java.lang.Object, java.lang.Object, java.lang.Object, int, java.lang.Object)'> (0x0000000041e76fb8) 
thrown [src/hotspot/share/interpreter/linkResolver.cpp, line 772]
Event: 4.278 Thread 0x00007b53e87d4ad0 Exception <a 'java/lang/NoSuchMethodError'{0x0000000041dc0fc0}: 'java.lang.Object java.lang.invoke.Invokers$Holder.linkToTargetMethod(java.lang.Object, java.lang.Object, java.lang.Object, int, java.lang.Object)'> (0x0000000041dc0fc0) 
thrown [src/hotspot/share/interpreter/linkResolver.cpp, line 772]
Event: 4.278 Thread 0x00007b53e87f4930 Exception <a 'java/lang/NoSuchMethodError'{0x0000000041ea5ca8}: 'java.lang.Object java.lang.invoke.Invokers$Holder.linkToTargetMethod(java.lang.Object, java.lang.Object, java.lang.Object, int, java.lang.Object)'> (0x0000000041ea5ca8) 
thrown [src/hotspot/share/interpreter/linkResolver.cpp, line 772]
Event: 4.278 Thread 0x00007b53e87f77a0 Exception <a 'java/lang/NoSuchMethodError'{0x0000000041e24080}: 'java.lang.Object java.lang.invoke.Invokers$Holder.linkToTargetMethod(java.lang.Object, java.lang.Object, java.lang.Object, int, java.lang.Object)'> (0x0000000041e24080) 
thrown [src/hotspot/share/interpreter/linkResolver.cpp, line 772]
Event: 4.278 Thread 0x00007b53e87d2000 Exception <a 'java/lang/NoSuchMethodError'{0x0000000041e354f8}: 'java.lang.Object java.lang.invoke.Invokers$Holder.linkToTargetMethod(java.lang.Object, java.lang.Object, java.lang.Object, int, java.lang.Object)'> (0x0000000041e354f8) 
thrown [src/hotspot/share/interpreter/linkResolver.cpp, line 772]
Event: 4.278 Thread 0x00007b53e87db4c0 Exception <a 'java/lang/NoSuchMethodError'{0x0000000041e6f300}: 'java.lang.Object java.lang.invoke.Invokers$Holder.linkToTargetMethod(java.lang.Object, java.lang.Object, java.lang.Object, int, java.lang.Object)'> (0x0000000041e6f300) 
thrown [src/hotspot/share/interpreter/linkResolver.cpp, line 772]
Event: 4.278 Thread 0x00007b53e87e0b70 Exception <a 'java/lang/NoSuchMethodError'{0x0000000041e03950}: 'java.lang.Object java.lang.invoke.Invokers$Holder.linkToTargetMethod(java.lang.Object, java.lang.Object, java.lang.Object, int, java.lang.Object)'> (0x0000000041e03950) 
thrown [src/hotspot/share/interpreter/linkResolver.cpp, line 772]
Event: 4.278 Thread 0x00007b53e87dc970 Exception <a 'java/lang/NoSuchMethodError'{0x0000000041df1f00}: 'java.lang.Object java.lang.invoke.Invokers$Holder.linkToTargetMethod(java.lang.Object, java.lang.Object, java.lang.Object, int, java.lang.Object)'> (0x0000000041df1f00) 
thrown [src/hotspot/share/interpreter/linkResolver.cpp, line 772]
Event: 4.278 Thread 0x00007b53e87f5f50 Exception <a 'java/lang/NoSuchMethodError'{0x0000000041e67bb8}: 'java.lang.Object java.lang.invoke.Invokers$Holder.linkToTargetMethod(java.lang.Object, java.lang.Object, java.lang.Object, int, java.lang.Object)'> (0x0000000041e67bb8) 
thrown [src/hotspot/share/interpreter/linkResolver.cpp, line 772]
Event: 4.279 Thread 0x00007b53e87cf550 Exception <a 'java/lang/NoSuchMethodError'{0x0000000041e2c078}: 'java.lang.Object java.lang.invoke.Invokers$Holder.linkToTargetMethod(java.lang.Object, java.lang.Object, java.lang.Object, int, java.lang.Object)'> (0x0000000041e2c078) 
thrown [src/hotspot/share/interpreter/linkResolver.cpp, line 772]
Event: 4.297 Thread 0x00007b53e87ee910 Implicit null exception at 0x00007b53d8414f5e to 0x00007b53d8415018
Event: 4.297 Thread 0x00007b53e87d6040 Implicit null exception at 0x00007b53d8414f5e to 0x00007b53d8415018
Event: 4.297 Thread 0x00007b53e87e27a0 Implicit null exception at 0x00007b53d8414f5e to 0x00007b53d8415018
Event: 4.297 Thread 0x00007b53e87e4150 Implicit null exception at 0x00007b53d8414f5e to 0x00007b53d8415018
Event: 4.297 Thread 0x00007b53e87f77a0 Implicit null exception at 0x00007b53d8414f5e to 0x00007b53d8415018
Event: 4.306 Thread 0x00007b53e87f77a0 Exception <a 'java/lang/NoSuchMethodError'{0x00000000422152e0}: 'void java.lang.invoke.DirectMethodHandle$Holder.invokeInterface(java.lang.Object, java.lang.Object, int)'> (0x00000000422152e0) 
thrown [src/hotspot/share/interpreter/linkResolver.cpp, line 772]
Event: 4.306 Thread 0x00007b53e87f77a0 Exception <a 'java/lang/IncompatibleClassChangeError'{0x0000000042208920}: Found class java.lang.Object, but interface was expected> (0x0000000042208920) 
thrown [src/hotspot/share/interpreter/linkResolver.cpp, line 840]
Event: 4.312 Thread 0x00007b53e87ee910 Exception <a 'java/lang/NoSuchMethodError'{0x0000000042156c88}: 'int java.lang.invoke.DirectMethodHandle$Holder.invokeStaticInit(java.lang.Object, java.lang.Object)'> (0x0000000042156c88) 
thrown [src/hotspot/share/interpreter/linkResolver.cpp, line 772]
Event: 4.312 Thread 0x00007b53e87ee910 Exception <a 'java/lang/NoSuchMethodError'{0x00000000421404a8}: 'java.lang.Object java.lang.invoke.Invokers$Holder.invokeExact_MT(java.lang.Object, java.lang.Object, java.lang.Object, java.lang.Object, java.lang.Object, java.lang.Object)'> (0x00000000421404a8) 
thrown [src/hotspot/share/interpreter/linkResolver.cpp, line 772]
Event: 4.635 Thread 0x00007b53e87d3560 Implicit null exception at 0x00007b53d8508f90 to 0x00007b53d85090e0

ZGC Phase Switch (0 events):
No events

VM Operations (20 events):
Event: 4.577 Executing VM operation: ICBufferFull done
Event: 4.578 Executing VM operation: ICBufferFull
Event: 4.579 Executing VM operation: ICBufferFull done
Event: 4.582 Executing VM operation: ICBufferFull
Event: 4.583 Executing VM operation: ICBufferFull done
Event: 4.583 Executing VM operation: ThirdPartyHeapOperation
Event: 4.598 Executing VM operation: ThirdPartyHeapOperation done
Event: 4.601 Executing VM operation: ThirdPartyHeapOperation
Event: 4.623 Executing VM operation: ThirdPartyHeapOperation done
Event: 4.695 Executing VM operation: ThirdPartyHeapOperation
Event: 4.710 Executing VM operation: ThirdPartyHeapOperation done
Event: 4.712 Executing VM operation: ThirdPartyHeapOperation
Event: 4.743 Executing VM operation: ThirdPartyHeapOperation done
Event: 4.797 Executing VM operation: ThirdPartyHeapOperation
Event: 4.812 Executing VM operation: ThirdPartyHeapOperation done
Event: 4.816 Executing VM operation: ThirdPartyHeapOperation
Event: 4.852 Executing VM operation: ThirdPartyHeapOperation done
Event: 4.898 Executing VM operation: ThirdPartyHeapOperation
Event: 4.913 Executing VM operation: ThirdPartyHeapOperation done
Event: 4.916 Executing VM operation: ThirdPartyHeapOperation

Memory protections (20 events):
Event: 4.260 Protecting memory [0x00006ea6b2200000,0x00006ea6b2204000] with protection modes 0
Event: 4.261 Protecting memory [0x00006ea6b1b00000,0x00006ea6b1b04000] with protection modes 0
Event: 4.261 Protecting memory [0x00006ea6b1a00000,0x00006ea6b1a04000] with protection modes 0
Event: 4.261 Protecting memory [0x00006ea6b1900000,0x00006ea6b1904000] with protection modes 0
Event: 4.261 Protecting memory [0x00006ea6b1800000,0x00006ea6b1804000] with protection modes 0
Event: 4.261 Protecting memory [0x00006ea6b1700000,0x00006ea6b1704000] with protection modes 0
Event: 4.261 Protecting memory [0x00006ea6b1600000,0x00006ea6b1604000] with protection modes 0
Event: 4.262 Protecting memory [0x00006ea6b1500000,0x00006ea6b1504000] with protection modes 0
Event: 4.262 Protecting memory [0x00006ea6b1400000,0x00006ea6b1404000] with protection modes 0
Event: 4.262 Protecting memory [0x00006ea6b1300000,0x00006ea6b1304000] with protection modes 0
Event: 4.262 Protecting memory [0x00006ea6b1200000,0x00006ea6b1204000] with protection modes 0
Event: 4.263 Protecting memory [0x00006ea6b1100000,0x00006ea6b1104000] with protection modes 0
Event: 4.274 Protecting memory [0x00006ea6b1000000,0x00006ea6b1004000] with protection modes 0
Event: 4.278 Protecting memory [0x00006ea6b0f00000,0x00006ea6b0f04000] with protection modes 0
Event: 4.460 Protecting memory [0x00006ea6b0e00000,0x00006ea6b0e04000] with protection modes 0
Event: 4.461 Protecting memory [0x00006ea6b0d00000,0x00006ea6b0d04000] with protection modes 0
Event: 4.465 Protecting memory [0x00006ea6b0c00000,0x00006ea6b0c04000] with protection modes 0
Event: 4.467 Protecting memory [0x00006ea6b0b00000,0x00006ea6b0b04000] with protection modes 0
Event: 4.468 Protecting memory [0x00006ea6b0a00000,0x00006ea6b0a04000] with protection modes 0
Event: 4.468 Protecting memory [0x00006ea6b0900000,0x00006ea6b0904000] with protection modes 0

Nmethod flushes (0 events):
No events

Events (20 events):
Event: 4.260 Thread 0x00007b53e802b240 Thread added: 0x00007b53e87e70e0
Event: 4.261 Thread 0x00007b53e802b240 Thread added: 0x00007b53e87e8970
Event: 4.261 Thread 0x00007b53e802b240 Thread added: 0x00007b53e87ea340
Event: 4.261 Thread 0x00007b53e802b240 Thread added: 0x00007b53e87ebd20
Event: 4.261 Thread 0x00007b53e802b240 Thread added: 0x00007b53e87ed310
Event: 4.261 Thread 0x00007b53e802b240 Thread added: 0x00007b53e87ee910
Event: 4.261 Thread 0x00007b53e802b240 Thread added: 0x00007b53e87eff10
Event: 4.262 Thread 0x00007b53e802b240 Thread added: 0x00007b53e87f1910
Event: 4.262 Thread 0x00007b53e802b240 Thread added: 0x00007b53e87f3310
Event: 4.262 Thread 0x00007b53e802b240 Thread added: 0x00007b53e87f4930
Event: 4.262 Thread 0x00007b53e802b240 Thread added: 0x00007b53e87f5f50
Event: 4.263 Thread 0x00007b53e802b240 Thread added: 0x00007b53e87f77a0
Event: 4.273 Thread 0x00006ea62c0a48d0 Thread added: 0x00006ea610071fc0
Event: 4.275 Thread 0x00007b53e8557910 Thread added: 0x00006ea62c1067a0
Event: 4.460 Thread 0x00006ea62c0a48d0 Thread added: 0x00006ea6100ce5e0
Event: 4.461 Thread 0x00006ea610097550 Thread added: 0x00006ea6200b40e0
Event: 4.465 Thread 0x00006ea610099430 Thread added: 0x00006ea6140abc20
Event: 4.467 Thread 0x00006ea6100ce5e0 Thread added: 0x00006ea5840026f0
Event: 4.468 Thread 0x00006ea610098500 Thread added: 0x00006ea6240fa1d0
Event: 4.468 Thread 0x00007b53e8557910 Thread added: 0x00006ea62c295ac0


Dynamic libraries:
40000000-40400000 rw-p 00000000 00:00 0                                  [anon:mmtk:space:immix]
40400000-41400000 rw-p 00000000 00:00 0                                  [anon:mmtk:space:los]
41400000-41800000 rw-p 00000000 00:00 0                                  [anon:mmtk:space:immix]
41800000-48000000 rw-p 00000000 00:00 0                                  [anon:mmtk:space:los]
48000000-48400000 rw-p 00000000 00:00 0                                  [anon:mmtk:space:immix]
48400000-49800000 rw-p 00000000 00:00 0                                  [anon:mmtk:space:los]
49800000-50000000 rw-p 00000000 00:00 0                                  [anon:mmtk:space:immix]
50000000-52000000 rw-p 00000000 00:00 0                                  [anon:mmtk:space:immix]
52000000-52800000 rw-p 00000000 00:00 0                                  [anon:mmtk:space:immix]
52800000-52c00000 rw-p 00000000 00:00 0                                  [anon:mmtk:space:immix]
52c00000-53000000 rw-p 00000000 00:00 0                                  [anon:mmtk:space:immix]
200000000000-2000c00c0000 rw-s 00000000 00:10 68                         anon_inode:bpf-map
5c0736f40000-5c0736f41000 r--p 00000000 fc:00 49676352                   /mydata/openjdk-mmtk/build/b0test/images/jdk/bin/java
5c0736f41000-5c0736f42000 r-xp 00001000 fc:00 49676352                   /mydata/openjdk-mmtk/build/b0test/images/jdk/bin/java
5c0736f42000-5c0736f43000 r--p 00002000 fc:00 49676352                   /mydata/openjdk-mmtk/build/b0test/images/jdk/bin/java
5c0736f43000-5c0736f44000 r--p 00002000 fc:00 49676352                   /mydata/openjdk-mmtk/build/b0test/images/jdk/bin/java
5c0736f44000-5c0736f45000 rw-p 00003000 fc:00 49676352                   /mydata/openjdk-mmtk/build/b0test/images/jdk/bin/java
5c0756cd2000-5c0756d1a000 rw-p 00000000 00:00 0                          [heap]
6ea568000000-6ea568535000 rw-p 00000000 00:00 0 
6ea568535000-6ea56c000000 ---p 00000000 00:00 0 
6ea570000000-6ea57050b000 rw-p 00000000 00:00 0 
6ea57050b000-6ea574000000 ---p 00000000 00:00 0 
6ea574000000-6ea57459d000 rw-p 00000000 00:00 0 
6ea57459d000-6ea578000000 ---p 00000000 00:00 0 
6ea578000000-6ea578987000 rw-p 00000000 00:00 0 
6ea578987000-6ea57c000000 ---p 00000000 00:00 0 
6ea57c000000-6ea57c5b1000 rw-p 00000000 00:00 0 
6ea57c5b1000-6ea580000000 ---p 00000000 00:00 0 
6ea580000000-6ea580818000 rw-p 00000000 00:00 0 
6ea580818000-6ea584000000 ---p 00000000 00:00 0 
6ea584000000-6ea58479d000 rw-p 00000000 00:00 0 
6ea58479d000-6ea588000000 ---p 00000000 00:00 0 
6ea588000000-6ea588021000 rw-p 00000000 00:00 0 
6ea588021000-6ea58c000000 ---p 00000000 00:00 0 
6ea58c000000-6ea58cf95000 rw-p 00000000 00:00 0 
6ea58cf95000-6ea590000000 ---p 00000000 00:00 0 
6ea590000000-6ea590021000 rw-p 00000000 00:00 0 
6ea590021000-6ea594000000 ---p 00000000 00:00 0 
6ea594000000-6ea594021000 rw-p 00000000 00:00 0 
6ea594021000-6ea598000000 ---p 00000000 00:00 0 
6ea598000000-6ea598021000 rw-p 00000000 00:00 0 
6ea598021000-6ea59c000000 ---p 00000000 00:00 0 
6ea59c000000-6ea59c021000 rw-p 00000000 00:00 0 
6ea59c021000-6ea5a0000000 ---p 00000000 00:00 0 
6ea5a0000000-6ea5a0055000 rw-p 00000000 00:00 0 
6ea5a0055000-6ea5a4000000 ---p 00000000 00:00 0 
6ea5a4000000-6ea5a4021000 rw-p 00000000 00:00 0 
6ea5a4021000-6ea5a8000000 ---p 00000000 00:00 0 
6ea5a8000000-6ea5a8021000 rw-p 00000000 00:00 0 
6ea5a8021000-6ea5ac000000 ---p 00000000 00:00 0 
6ea5ac000000-6ea5ac021000 rw-p 00000000 00:00 0 
6ea5ac021000-6ea5b0000000 ---p 00000000 00:00 0 
6ea5b0000000-6ea5b0021000 rw-p 00000000 00:00 0 
6ea5b0021000-6ea5b4000000 ---p 00000000 00:00 0 
6ea5b4000000-6ea5b402b000 rw-p 00000000 00:00 0 
6ea5b402b000-6ea5b8000000 ---p 00000000 00:00 0 
6ea5b8000000-6ea5b8021000 rw-p 00000000 00:00 0 
6ea5b8021000-6ea5bc000000 ---p 00000000 00:00 0 
6ea5bc000000-6ea5bc021000 rw-p 00000000 00:00 0 
6ea5bc021000-6ea5c0000000 ---p 00000000 00:00 0 
6ea5c0000000-6ea5c0021000 rw-p 00000000 00:00 0 
6ea5c0021000-6ea5c4000000 ---p 00000000 00:00 0 
6ea5c4000000-6ea5c4021000 rw-p 00000000 00:00 0 
6ea5c4021000-6ea5c8000000 ---p 00000000 00:00 0 
6ea5c8000000-6ea5c8021000 rw-p 00000000 00:00 0 
6ea5c8021000-6ea5cc000000 ---p 00000000 00:00 0 
6ea5cc000000-6ea5cc02c000 rw-p 00000000 00:00 0 
6ea5cc02c000-6ea5d0000000 ---p 00000000 00:00 0 
6ea5d0000000-6ea5d0021000 rw-p 00000000 00:00 0 
6ea5d0021000-6ea5d4000000 ---p 00000000 00:00 0 
6ea5d4000000-6ea5d4021000 rw-p 00000000 00:00 0 
6ea5d4021000-6ea5d8000000 ---p 00000000 00:00 0 
6ea5d8000000-6ea5d8021000 rw-p 00000000 00:00 0 
6ea5d8021000-6ea5dc000000 ---p 00000000 00:00 0 
6ea5dc000000-6ea5dc021000 rw-p 00000000 00:00 0 
6ea5dc021000-6ea5e0000000 ---p 00000000 00:00 0 
6ea5e0000000-6ea5e0021000 rw-p 00000000 00:00 0 
6ea5e0021000-6ea5e4000000 ---p 00000000 00:00 0 
6ea5e4000000-6ea5e4021000 rw-p 00000000 00:00 0 
6ea5e4021000-6ea5e8000000 ---p 00000000 00:00 0 
6ea5e8000000-6ea5e8022000 rw-p 00000000 00:00 0 
6ea5e8022000-6ea5ec000000 ---p 00000000 00:00 0 
6ea5ec000000-6ea5ec021000 rw-p 00000000 00:00 0 
6ea5ec021000-6ea5f0000000 ---p 00000000 00:00 0 
6ea5f0000000-6ea5f0021000 rw-p 00000000 00:00 0 
6ea5f0021000-6ea5f4000000 ---p 00000000 00:00 0 
6ea5f4000000-6ea5f4021000 rw-p 00000000 00:00 0 
6ea5f4021000-6ea5f8000000 ---p 00000000 00:00 0 
6ea5f8000000-6ea5f8021000 rw-p 00000000 00:00 0 
6ea5f8021000-6ea5fc000000 ---p 00000000 00:00 0 
6ea5fc000000-6ea5fc021000 rw-p 00000000 00:00 0 
6ea5fc021000-6ea600000000 ---p 00000000 00:00 0 
6ea600000000-6ea600021000 rw-p 00000000 00:00 0 
6ea600021000-6ea604000000 ---p 00000000 00:00 0 
6ea604000000-6ea604021000 rw-p 00000000 00:00 0 
6ea604021000-6ea608000000 ---p 00000000 00:00 0 
6ea608000000-6ea6086f8000 rw-p 00000000 00:00 0 
6ea6086f8000-6ea60c000000 ---p 00000000 00:00 0 
6ea60c000000-6ea60c021000 rw-p 00000000 00:00 0 
6ea60c021000-6ea610000000 ---p 00000000 00:00 0 
6ea610000000-6ea610287000 rw-p 00000000 00:00 0 
6ea610287000-6ea614000000 ---p 00000000 00:00 0 
6ea614000000-6ea61413b000 rw-p 00000000 00:00 0 
6ea61413b000-6ea618000000 ---p 00000000 00:00 0 
6ea618000000-6ea618021000 rw-p 00000000 00:00 0 
6ea618021000-6ea61c000000 ---p 00000000 00:00 0 
6ea61c000000-6ea61c021000 rw-p 00000000 00:00 0 
6ea61c021000-6ea620000000 ---p 00000000 00:00 0 
6ea620000000-6ea620158000 rw-p 00000000 00:00 0 
6ea620158000-6ea624000000 ---p 00000000 00:00 0 
6ea624000000-6ea6241a5000 rw-p 00000000 00:00 0 
6ea6241a5000-6ea628000000 ---p 00000000 00:00 0 
6ea628000000-6ea628b2b000 rw-p 00000000 00:00 0 
6ea628b2b000-6ea62c000000 ---p 00000000 00:00 0 
6ea62c000000-6ea62c2e4000 rw-p 00000000 00:00 0 
6ea62c2e4000-6ea630000000 ---p 00000000 00:00 0 
6ea630000000-6ea630021000 rw-p 00000000 00:00 0 
6ea630021000-6ea634000000 ---p 00000000 00:00 0 
6ea634000000-6ea634021000 rw-p 00000000 00:00 0 
6ea634021000-6ea638000000 ---p 00000000 00:00 0 
6ea638000000-6ea638032000 rw-p 00000000 00:00 0 
6ea638032000-6ea63c000000 ---p 00000000 00:00 0 
6ea63c000000-6ea63c021000 rw-p 00000000 00:00 0 
6ea63c021000-6ea640000000 ---p 00000000 00:00 0 
6ea640000000-6ea64002a000 rw-p 00000000 00:00 0 
6ea64002a000-6ea644000000 ---p 00000000 00:00 0 
6ea644000000-6ea644032000 rw-p 00000000 00:00 0 
6ea644032000-6ea648000000 ---p 00000000 00:00 0 
6ea648000000-6ea64802a000 rw-p 00000000 00:00 0 
6ea64802a000-6ea64c000000 ---p 00000000 00:00 0 
6ea64c000000-6ea64c032000 rw-p 00000000 00:00 0 
6ea64c032000-6ea650000000 ---p 00000000 00:00 0 
6ea650000000-6ea6501b3000 rw-p 00000000 00:00 0 
6ea6501b3000-6ea654000000 ---p 00000000 00:00 0 
6ea654000000-6ea65402a000 rw-p 00000000 00:00 0 
6ea65402a000-6ea658000000 ---p 00000000 00:00 0 
6ea658000000-6ea6580f6000 rw-p 00000000 00:00 0 
6ea6580f6000-6ea65c000000 ---p 00000000 00:00 0 
6ea65c000000-6ea65c04a000 rw-p 00000000 00:00 0 
6ea65c04a000-6ea660000000 ---p 00000000 00:00 0 
6ea660000000-6ea66003a000 rw-p 00000000 00:00 0 
6ea66003a000-6ea664000000 ---p 00000000 00:00 0 
6ea664000000-6ea66402b000 rw-p 00000000 00:00 0 
6ea66402b000-6ea668000000 ---p 00000000 00:00 0 
6ea668000000-6ea66803a000 rw-p 00000000 00:00 0 
6ea66803a000-6ea66c000000 ---p 00000000 00:00 0 
6ea66c000000-6ea66c03b000 rw-p 00000000 00:00 0 
6ea66c03b000-6ea670000000 ---p 00000000 00:00 0 
6ea670000000-6ea6700b4000 rw-p 00000000 00:00 0 
6ea6700b4000-6ea674000000 ---p 00000000 00:00 0 
6ea674000000-6ea67404b000 rw-p 00000000 00:00 0 
6ea67404b000-6ea678000000 ---p 00000000 00:00 0 
6ea678000000-6ea67803a000 rw-p 00000000 00:00 0 
6ea67803a000-6ea67c000000 ---p 00000000 00:00 0 
6ea67c000000-6ea67c0dc000 rw-p 00000000 00:00 0 
6ea67c0dc000-6ea680000000 ---p 00000000 00:00 0 
6ea680000000-6ea68002b000 rw-p 00000000 00:00 0 
6ea68002b000-6ea684000000 ---p 00000000 00:00 0 
6ea684000000-6ea684043000 rw-p 00000000 00:00 0 
6ea684043000-6ea688000000 ---p 00000000 00:00 0 
6ea688000000-6ea68803b000 rw-p 00000000 00:00 0 
6ea68803b000-6ea68c000000 ---p 00000000 00:00 0 
6ea68c000000-6ea68c03b000 rw-p 00000000 00:00 0 
6ea68c03b000-6ea690000000 ---p 00000000 00:00 0 
6ea690000000-6ea69003e000 rw-p 00000000 00:00 0 
6ea69003e000-6ea694000000 ---p 00000000 00:00 0 
6ea694000000-6ea694032000 rw-p 00000000 00:00 0 
6ea694032000-6ea698000000 ---p 00000000 00:00 0 
6ea698000000-6ea698021000 rw-p 00000000 00:00 0 
6ea698021000-6ea69c000000 ---p 00000000 00:00 0 
6ea69c000000-6ea69c021000 rw-p 00000000 00:00 0 
6ea69c021000-6ea6a0000000 ---p 00000000 00:00 0 
6ea6a0000000-6ea6a0021000 rw-p 00000000 00:00 0 
6ea6a0021000-6ea6a4000000 ---p 00000000 00:00 0 
6ea6a4000000-6ea6a4021000 rw-p 00000000 00:00 0 
6ea6a4021000-6ea6a8000000 ---p 00000000 00:00 0 
6ea6a8000000-6ea6a8380000 rw-p 00000000 00:00 0 
6ea6a8380000-6ea6a8400000 ---p 00000000 00:00 0 
6ea6a8400000-6ea6a89b0000 rw-p 00000000 00:00 0 
6ea6a89b0000-6ea6ac000000 ---p 00000000 00:00 0 
6ea6ac000000-6ea6ac021000 rw-p 00000000 00:00 0 
6ea6ac021000-6ea6b0000000 ---p 00000000 00:00 0 
6ea6b0900000-6ea6b0904000 ---p 00000000 00:00 0 
6ea6b0904000-6ea6b0a00000 rw-p 00000000 00:00 0 
6ea6b0a00000-6ea6b0a04000 ---p 00000000 00:00 0 
6ea6b0a04000-6ea6b0b00000 rw-p 00000000 00:00 0 
6ea6b0b00000-6ea6b0b04000 ---p 00000000 00:00 0 
6ea6b0b04000-6ea6b0c00000 rw-p 00000000 00:00 0 
6ea6b0c00000-6ea6b0c04000 ---p 00000000 00:00 0 
6ea6b0c04000-6ea6b0d00000 rw-p 00000000 00:00 0 
6ea6b0d00000-6ea6b0d04000 ---p 00000000 00:00 0 
6ea6b0d04000-6ea6b0e00000 rw-p 00000000 00:00 0 
6ea6b0e00000-6ea6b0e04000 ---p 00000000 00:00 0 
6ea6b0e04000-6ea6b0f00000 rw-p 00000000 00:00 0 
6ea6b0f00000-6ea6b0f04000 ---p 00000000 00:00 0 
6ea6b0f04000-6ea6b1000000 rw-p 00000000 00:00 0 
6ea6b1000000-6ea6b1004000 ---p 00000000 00:00 0 
6ea6b1004000-6ea6b1100000 rw-p 00000000 00:00 0 
6ea6b1100000-6ea6b1104000 ---p 00000000 00:00 0 
6ea6b1104000-6ea6b1200000 rw-p 00000000 00:00 0 
6ea6b1200000-6ea6b1204000 ---p 00000000 00:00 0 
6ea6b1204000-6ea6b1300000 rw-p 00000000 00:00 0 
6ea6b1300000-6ea6b1304000 ---p 00000000 00:00 0 
6ea6b1304000-6ea6b1400000 rw-p 00000000 00:00 0 
6ea6b1400000-6ea6b1404000 ---p 00000000 00:00 0 
6ea6b1404000-6ea6b1500000 rw-p 00000000 00:00 0 
6ea6b1500000-6ea6b1504000 ---p 00000000 00:00 0 
6ea6b1504000-6ea6b1600000 rw-p 00000000 00:00 0 
6ea6b1600000-6ea6b1604000 ---p 00000000 00:00 0 
6ea6b1604000-6ea6b1700000 rw-p 00000000 00:00 0 
6ea6b1700000-6ea6b1704000 ---p 00000000 00:00 0 
6ea6b1704000-6ea6b1800000 rw-p 00000000 00:00 0 
6ea6b1800000-6ea6b1804000 ---p 00000000 00:00 0 
6ea6b1804000-6ea6b1900000 rw-p 00000000 00:00 0 
6ea6b1900000-6ea6b1904000 ---p 00000000 00:00 0 
6ea6b1904000-6ea6b1a00000 rw-p 00000000 00:00 0 
6ea6b1a00000-6ea6b1a04000 ---p 00000000 00:00 0 
6ea6b1a04000-6ea6b1b00000 rw-p 00000000 00:00 0 
6ea6b1b00000-6ea6b1b04000 ---p 00000000 00:00 0 
6ea6b1b04000-6ea6b1c00000 rw-p 00000000 00:00 0 
6ea6b1c00000-6ea6b1c04000 ---p 00000000 00:00 0 
6ea6b1c04000-6ea6b1d00000 rw-p 00000000 00:00 0 
6ea6b1d00000-6ea6b1d04000 ---p 00000000 00:00 0 
6ea6b1d04000-6ea6b1e00000 rw-p 00000000 00:00 0 
6ea6b1e00000-6ea6b1e04000 ---p 00000000 00:00 0 
6ea6b1e04000-6ea6b1f00000 rw-p 00000000 00:00 0 
6ea6b1f00000-6ea6b1f04000 ---p 00000000 00:00 0 
6ea6b1f04000-6ea6b2000000 rw-p 00000000 00:00 0 
6ea6b2000000-6ea6b2004000 ---p 00000000 00:00 0 
6ea6b2004000-6ea6b2100000 rw-p 00000000 00:00 0 
6ea6b2100000-6ea6b2104000 ---p 00000000 00:00 0 
6ea6b2104000-6ea6b2200000 rw-p 00000000 00:00 0 
6ea6b2200000-6ea6b2204000 ---p 00000000 00:00 0 
6ea6b2204000-6ea6b2300000 rw-p 00000000 00:00 0 
6ea6b2300000-6ea6b2304000 ---p 00000000 00:00 0 
6ea6b2304000-6ea6b2400000 rw-p 00000000 00:00 0 
6ea6b2400000-6ea6b2404000 ---p 00000000 00:00 0 
6ea6b2404000-6ea6b2500000 rw-p 00000000 00:00 0 
6ea6b2500000-6ea6b2504000 ---p 00000000 00:00 0 
6ea6b2504000-6ea6b2600000 rw-p 00000000 00:00 0 
6ea6b2600000-6ea6b2604000 ---p 00000000 00:00 0 
6ea6b2604000-6ea6b2700000 rw-p 00000000 00:00 0 
6ea6b2700000-6ea6b2704000 ---p 00000000 00:00 0 
6ea6b2704000-6ea6b2800000 rw-p 00000000 00:00 0 
6ea6b2800000-6ea6b2804000 ---p 00000000 00:00 0 
6ea6b2804000-6ea6b2900000 rw-p 00000000 00:00 0 
6ea6b2900000-6ea6b2904000 ---p 00000000 00:00 0 
6ea6b2904000-6ea6b2a00000 rw-p 00000000 00:00 0 
6ea6b2a00000-6ea6b2e65000 r--s 00000000 fc:00 7871857                    /mydata/dacapo/dacapo-23.11/dacapo-23.11-MR2-chopin/dat/lusearch/index-default/_3_Lucene90_0.tim
6ea6b2f00000-6ea6b2f04000 ---p 00000000 00:00 0 
6ea6b2f04000-6ea6b3000000 rw-p 00000000 00:00 0 
6ea6b3000000-6ea6b3ca3000 rw-p 00001000 fc:00 49677060                   /mydata/openjdk-mmtk/build/b0test/images/jdk/lib/server/classes.jsa
6ea6b3ca3000-6ea6b4000000 ---p 00000000 00:00 0 
6ea6b4000000-6ea6b4040000 rw-p 00000000 00:00 0 
6ea6b4040000-6ea6b40c0000 rw-p 00000000 00:00 0 
6ea6b40c0000-6ea6b40e0000 rw-p 00000000 00:00 0 
6ea6b40e0000-6ea6b4100000 ---p 00000000 00:00 0 
6ea6b4100000-6ea6b41d0000 rw-p 00000000 00:00 0 
6ea6b41d0000-6ea6f4000000 ---p 00000000 00:00 0 
6ea6f4000000-6ea6f4021000 rw-p 00000000 00:00 0 
6ea6f4021000-6ea6f8004000 ---p 00000000 00:00 0 
6ea6f8004000-6ea6f8100000 rw-p 00000000 00:00 0 
6ea6f8100000-6ea6f8104000 ---p 00000000 00:00 0 
6ea6f8104000-6ea6f8200000 rw-p 00000000 00:00 0 
6ea6f8200000-6ea6f8204000 ---p 00000000 00:00 0 
6ea6f8204000-6ea6f8300000 rw-p 00000000 00:00 0 
6ea6f8300000-6ea6f8304000 ---p 00000000 00:00 0 
6ea6f8304000-6ea6f8400000 rw-p 00000000 00:00 0 
6ea6f8400000-6ea6f8404000 ---p 00000000 00:00 0 
6ea6f8404000-6ea6f8500000 rw-p 00000000 00:00 0 
6ea6f8500000-6ea6f8504000 ---p 00000000 00:00 0 
6ea6f8504000-6ea6f8600000 rw-p 00000000 00:00 0 
6ea6f8600000-6ea6f8a01000 r--s 00000000 fc:00 7871856                    /mydata/dacapo/dacapo-23.11/dacapo-23.11-MR2-chopin/dat/lusearch/index-default/_3_Lucene90_0.doc
6ea6f8b00000-6ea6f8b04000 ---p 00000000 00:00 0 
6ea6f8b04000-6ea6f8c00000 rw-p 00000000 00:00 0 
6ea6f8c00000-6ea6f8c04000 ---p 00000000 00:00 0 
6ea6f8c04000-6ea6f8d00000 rw-p 00000000 00:00 0 
6ea6f8d00000-6ea6f8d04000 ---p 00000000 00:00 0 
6ea6f8d04000-6ea6f8e00000 rw-p 00000000 00:00 0 
6ea6f8e00000-6ea6f8e04000 ---p 00000000 00:00 0 
6ea6f8e04000-6ea6f8f00000 rw-p 00000000 00:00 0 
6ea6f8f00000-6ea6f8f04000 ---p 00000000 00:00 0 
6ea6f8f04000-6ea6f9000000 rw-p 00000000 00:00 0 
6ea6f9000000-6ea6f9004000 ---p 00000000 00:00 0 
6ea6f9004000-6ea6f9100000 rw-p 00000000 00:00 0 
6ea6f9100000-6ea6f9104000 ---p 00000000 00:00 0 
6ea6f9104000-6ea6f9200000 rw-p 00000000 00:00 0 
6ea6f9200000-6ea6fc200000 rw-p 00000000 00:00 0 
6ea6fc2fc000-6ea6fc300000 ---p 00000000 00:00 0 
6ea6fc300000-6ea6fc3fc000 rw-p 00000000 00:00 0 
6ea6fc3fc000-6ea72c400000 rw-p 00000000 00:00 0 
6ea72c400000-6ea72d400000 ---p 00000000 00:00 0                          [anon:mmtk:sidemeta:all:all-quarantined]
6ea72d400000-6ea72dc00000 rw-p 00000000 00:00 0                          [anon:mmtk:sidemeta:immix:VO_BIT]
6ea72dc00000-70a72e400000 ---p 00000000 00:00 0                          [anon:mmtk:sidemeta:all:all-quarantined]
70a72e400000-70a72e800000 rw-p 00000000 00:00 0                          [anon:mmtk:sidemeta:immix:CHUNK_MARK]
70a72e800000-70a731400000 ---p 00000000 00:00 0                          [anon:mmtk:sidemeta:all:all-quarantined]
70a731400000-70a731c00000 rw-p 00000000 00:00 0                          [anon:mmtk:sidemeta:immix:VMGlobalLogBitSpec]
70a731c00000-72af30800000 ---p 00000000 00:00 0                          [anon:mmtk:sidemeta:all:all-quarantined]
72af30800000-72af30c00000 rw-p 00000000 00:00 0                          [anon:mmtk:sidemeta:immix:IX_LINE_MARK]
72af30c00000-732f30400000 ---p 00000000 00:00 0                          [anon:mmtk:sidemeta:all:all-quarantined]
732f30400000-732f30800000 rw-p 00000000 00:00 0                          [anon:mmtk:sidemeta:immix:IX_BLOCK_DEFRAG]
732f30800000-733030400000 ---p 00000000 00:00 0                          [anon:mmtk:sidemeta:all:all-quarantined]
733030400000-733030800000 rw-p 00000000 00:00 0                          [anon:mmtk:sidemeta:immix:IX_BLOCK_MARK]
733030800000-7951b0400000 ---p 00000000 00:00 0                          [anon:mmtk:sidemeta:all:all-quarantined]
7951b0400000-7951b0800000 rw-p 00000000 00:00 0                          [anon:mmtk:sidemeta:los:VMLocalLOSMarkNurserySpec]
7951b0800000-7953b1400000 ---p 00000000 00:00 0                          [anon:mmtk:sidemeta:all:all-quarantined]
7953b1400000-7953b1c00000 rw-p 00000000 00:00 0                          [anon:mmtk:sidemeta:immix:VMLocalMarkBitSpec]
7953b1c00000-7b53b0400000 ---p 00000000 00:00 0                          [anon:mmtk:sidemeta:all:all-quarantined]
7b53b04ff000-7b53b0503000 ---p 00000000 00:00 0 
7b53b0503000-7b53b05ff000 rw-p 00000000 00:00 0 
7b53b05ff000-7b53b0603000 ---p 00000000 00:00 0 
7b53b0603000-7b53b06ff000 rw-p 00000000 00:00 0 
7b53b06ff000-7b53b0703000 ---p 00000000 00:00 0 
7b53b0703000-7b53b07ff000 rw-p 00000000 00:00 0 
7b53b07ff000-7b53d0800000 rw-p 00000000 00:00 0 
7b53d0800000-7b53d0d50000 rwxp 00000000 00:00 0 
7b53d0d50000-7b53d7c17000 ---p 00000000 00:00 0 
7b53d7c17000-7b53d7f97000 rwxp 00000000 00:00 0 
7b53d7f97000-7b53d83e8000 ---p 00000000 00:00 0 
7b53d83e8000-7b53d8658000 rwxp 00000000 00:00 0 
7b53d8658000-7b53df800000 ---p 00000000 00:00 0 
7b53df800000-7b53e7fa0000 r--s 00000000 fc:00 49676300                   /mydata/openjdk-mmtk/build/b0test/images/jdk/lib/modules
7b53e7fb6000-7b53e7fdd000 r--s 00000000 fc:00 7871850                    /mydata/dacapo/dacapo-23.11/dacapo-23.11-MR2-chopin/dat/lusearch/index-default/_3.fdt
7b53e7fdd000-7b53e8000000 r--s 00000000 fc:00 7871858                    /mydata/dacapo/dacapo-23.11/dacapo-23.11-MR2-chopin/dat/lusearch/index-default/_3_Lucene90_0.tip
7b53e8000000-7b53e87fb000 rw-p 00000000 00:00 0 
7b53e87fb000-7b53ec000000 ---p 00000000 00:00 0 
7b53ec018000-7b53ec01d000 r--p 00000000 fc:00 49676433                   /mydata/openjdk-mmtk/build/b0test/images/jdk/lib/libjsvml.so
7b53ec01d000-7b53ec05e000 r-xp 00005000 fc:00 49676433                   /mydata/openjdk-mmtk/build/b0test/images/jdk/lib/libjsvml.so
7b53ec05e000-7b53ec0e7000 r--p 00046000 fc:00 49676433                   /mydata/openjdk-mmtk/build/b0test/images/jdk/lib/libjsvml.so
7b53ec0e7000-7b53ec0e8000 r--p 000ce000 fc:00 49676433                   /mydata/openjdk-mmtk/build/b0test/images/jdk/lib/libjsvml.so
7b53ec0e8000-7b53ec0e9000 rw-p 000cf000 fc:00 49676433                   /mydata/openjdk-mmtk/build/b0test/images/jdk/lib/libjsvml.so
7b53ec0e9000-7b53ec0ed000 ---p 00000000 00:00 0 
7b53ec0ed000-7b53ec1e9000 rw-p 00000000 00:00 0 
7b53ec1e9000-7b53ec1ea000 ---p 00000000 00:00 0 
7b53ec1ea000-7b53ec2ea000 rw-p 00000000 00:00 0 
7b53ec2ea000-7b53ec2eb000 ---p 00000000 00:00 0 
7b53ec2eb000-7b53ec3eb000 rw-p 00000000 00:00 0 
7b53ec3eb000-7b53ec3ec000 ---p 00000000 00:00 0 
7b53ec3ec000-7b53ec4ec000 rw-p 00000000 00:00 0 
7b53ec4ec000-7b53ec4ed000 ---p 00000000 00:00 0 
7b53ec4ed000-7b53ec5ed000 rw-p 00000000 00:00 0 
7b53ec5ed000-7b53ec5ee000 ---p 00000000 00:00 0 
7b53ec5ee000-7b53ec6ee000 rw-p 00000000 00:00 0 
7b53ec6ee000-7b53ec6ef000 ---p 00000000 00:00 0 
7b53ec6ef000-7b53ec7ef000 rw-p 00000000 00:00 0 
7b53ec7ef000-7b53ec7f0000 ---p 00000000 00:00 0 
7b53ec7f0000-7b53ec8f0000 rw-p 00000000 00:00 0 
7b53ec8f0000-7b53ec8f1000 ---p 00000000 00:00 0 
7b53ec8f1000-7b53ec9f1000 rw-p 00000000 00:00 0 
7b53ec9f1000-7b53ec9f2000 ---p 00000000 00:00 0 
7b53ec9f2000-7b53ecaf2000 rw-p 00000000 00:00 0 
7b53ecaf2000-7b53ecaf3000 ---p 00000000 00:00 0 
7b53ecaf3000-7b53ecbf3000 rw-p 00000000 00:00 0 
7b53ecbf3000-7b53ecbf4000 ---p 00000000 00:00 0 
7b53ecbf4000-7b53eccf4000 rw-p 00000000 00:00 0 
7b53eccf4000-7b53eccf5000 ---p 00000000 00:00 0 
7b53eccf5000-7b53ecdf5000 rw-p 00000000 00:00 0 
7b53ecdf5000-7b53ecdf6000 ---p 00000000 00:00 0 
7b53ecdf6000-7b53ecef6000 rw-p 00000000 00:00 0 
7b53ecef6000-7b53ecef7000 ---p 00000000 00:00 0 
7b53ecef7000-7b53ecff7000 rw-p 00000000 00:00 0 
7b53ecff7000-7b53ecff8000 ---p 00000000 00:00 0 
7b53ecff8000-7b53ed0f8000 rw-p 00000000 00:00 0 
7b53ed0f8000-7b53ed0f9000 ---p 00000000 00:00 0 
7b53ed0f9000-7b53ed1f9000 rw-p 00000000 00:00 0 
7b53ed1f9000-7b53ed1fa000 ---p 00000000 00:00 0 
7b53ed1fa000-7b53ed2fa000 rw-p 00000000 00:00 0 
7b53ed2fa000-7b53ed2fb000 ---p 00000000 00:00 0 
7b53ed2fb000-7b53ed3fb000 rw-p 00000000 00:00 0 
7b53ed3fb000-7b53ed3fc000 ---p 00000000 00:00 0 
7b53ed3fc000-7b53ed4fc000 rw-p 00000000 00:00 0 
7b53ed4fc000-7b53ed4fd000 ---p 00000000 00:00 0 
7b53ed4fd000-7b53ed5fd000 rw-p 00000000 00:00 0 
7b53ed5fd000-7b53ed5fe000 ---p 00000000 00:00 0 
7b53ed5fe000-7b53ed6fe000 rw-p 00000000 00:00 0 
7b53ed6fe000-7b53ed6ff000 ---p 00000000 00:00 0 
7b53ed6ff000-7b53ed7ff000 rw-p 00000000 00:00 0 
7b53ed7ff000-7b53ed800000 ---p 00000000 00:00 0 
7b53ed800000-7b53ed900000 rw-p 00000000 00:00 0 
7b53ed900000-7b53ed904000 ---p 00000000 00:00 0 
7b53ed904000-7b53eda00000 rw-p 00000000 00:00 0 
7b53eda00000-7b53eda04000 ---p 00000000 00:00 0 
7b53eda04000-7b53edb00000 rw-p 00000000 00:00 0 
7b53edb00000-7b53edb04000 ---p 00000000 00:00 0 
7b53edb04000-7b53edc00000 rw-p 00000000 00:00 0 
7b53edc00000-7b53edeeb000 r--p 00000000 08:03 1410552                    /usr/lib/locale/locale-archive
7b53edefc000-7b53edefd000 ---p 00000000 00:00 0 
7b53edefd000-7b53edffd000 rw-p 00000000 00:00 0 
7b53edffd000-7b53edffe000 ---p 00000000 00:00 0 
7b53edffe000-7b53ee0fe000 rw-p 00000000 00:00 0 
7b53ee0fe000-7b53ee0ff000 ---p 00000000 00:00 0 
7b53ee0ff000-7b53ee1ff000 rw-p 00000000 00:00 0 
7b53ee1ff000-7b53ee800000 rw-p 00000000 00:00 0 
7b53ee800000-7b53ee80c000 r--p 00000000 fc:00 13107820                   /mydata/gc-bpf-fault/shim/libgcbpf.so
7b53ee80c000-7b53ee86e000 r-xp 0000c000 fc:00 13107820                   /mydata/gc-bpf-fault/shim/libgcbpf.so
7b53ee86e000-7b53eeade000 r--p 0006e000 fc:00 13107820                   /mydata/gc-bpf-fault/shim/libgcbpf.so
7b53eeade000-7b53eeae0000 r--p 002de000 fc:00 13107820                   /mydata/gc-bpf-fault/shim/libgcbpf.so
7b53eeae0000-7b53eeae1000 rw-p 002e0000 fc:00 13107820                   /mydata/gc-bpf-fault/shim/libgcbpf.so
7b53eeae1000-7b53eeae2000 rw-p 00000000 00:00 0 
7b53eeaf0000-7b53eeaf7000 r--s 00000000 08:03 1436340                    /usr/lib/x86_64-linux-gnu/gconv/gconv-modules.cache
7b53eeaf7000-7b53eeaf9000 r--p 00000000 fc:00 49676380                   /mydata/openjdk-mmtk/build/b0test/images/jdk/lib/libzip.so
7b53eeaf9000-7b53eeafe000 r-xp 00002000 fc:00 49676380                   /mydata/openjdk-mmtk/build/b0test/images/jdk/lib/libzip.so
7b53eeafe000-7b53eeb00000 r--p 00007000 fc:00 49676380                   /mydata/openjdk-mmtk/build/b0test/images/jdk/lib/libzip.so
7b53eeb00000-7b53eeb01000 r--p 00008000 fc:00 49676380                   /mydata/openjdk-mmtk/build/b0test/images/jdk/lib/libzip.so
7b53eeb01000-7b53eeb02000 rw-p 00009000 fc:00 49676380                   /mydata/openjdk-mmtk/build/b0test/images/jdk/lib/libzip.so
7b53eeb02000-7b53eeb05000 r--p 00000000 fc:00 49676376                   /mydata/openjdk-mmtk/build/b0test/images/jdk/lib/libnet.so
7b53eeb05000-7b53eeb0d000 r-xp 00003000 fc:00 49676376                   /mydata/openjdk-mmtk/build/b0test/images/jdk/lib/libnet.so
7b53eeb0d000-7b53eeb0f000 r--p 0000b000 fc:00 49676376                   /mydata/openjdk-mmtk/build/b0test/images/jdk/lib/libnet.so
7b53eeb0f000-7b53eeb10000 r--p 0000c000 fc:00 49676376                   /mydata/openjdk-mmtk/build/b0test/images/jdk/lib/libnet.so
7b53eeb10000-7b53eeb11000 rw-p 0000d000 fc:00 49676376                   /mydata/openjdk-mmtk/build/b0test/images/jdk/lib/libnet.so
7b53eeb11000-7b53eeb18000 r--p 00000000 fc:00 49676377                   /mydata/openjdk-mmtk/build/b0test/images/jdk/lib/libnio.so
7b53eeb18000-7b53eeb21000 r-xp 00007000 fc:00 49676377                   /mydata/openjdk-mmtk/build/b0test/images/jdk/lib/libnio.so
7b53eeb21000-7b53eeb25000 r--p 00010000 fc:00 49676377                   /mydata/openjdk-mmtk/build/b0test/images/jdk/lib/libnio.so
7b53eeb25000-7b53eeb26000 r--p 00014000 fc:00 49676377                   /mydata/openjdk-mmtk/build/b0test/images/jdk/lib/libnio.so
7b53eeb26000-7b53eeb27000 rw-p 00015000 fc:00 49676377                   /mydata/openjdk-mmtk/build/b0test/images/jdk/lib/libnio.so
7b53eeb27000-7b53eeb2b000 r--p 00000000 08:03 1410107                    /usr/lib/x86_64-linux-gnu/libzstd.so.1.5.5
7b53eeb2b000-7b53eebd2000 r-xp 00004000 08:03 1410107                    /usr/lib/x86_64-linux-gnu/libzstd.so.1.5.5
7b53eebd2000-7b53eebdf000 r--p 000ab000 08:03 1410107                    /usr/lib/x86_64-linux-gnu/libzstd.so.1.5.5
7b53eebdf000-7b53eebe0000 r--p 000b7000 08:03 1410107                    /usr/lib/x86_64-linux-gnu/libzstd.so.1.5.5
7b53eebe0000-7b53eebe1000 rw-p 000b8000 08:03 1410107                    /usr/lib/x86_64-linux-gnu/libzstd.so.1.5.5
7b53eebe1000-7b53eebe4000 r--p 00000000 08:03 1410420                    /usr/lib/x86_64-linux-gnu/libelf-0.190.so
7b53eebe4000-7b53eebfa000 r-xp 00003000 08:03 1410420                    /usr/lib/x86_64-linux-gnu/libelf-0.190.so
7b53eebfa000-7b53eebfe000 r--p 00019000 08:03 1410420                    /usr/lib/x86_64-linux-gnu/libelf-0.190.so
7b53eebfe000-7b53eebff000 r--p 0001c000 08:03 1410420                    /usr/lib/x86_64-linux-gnu/libelf-0.190.so
7b53eebff000-7b53eec00000 rw-p 0001d000 08:03 1410420                    /usr/lib/x86_64-linux-gnu/libelf-0.190.so
7b53eec02000-7b53eec04000 r--p 00000000 fc:00 49676482                   /mydata/openjdk-mmtk/build/b0test/images/jdk/lib/libmanagement_ext.so
7b53eec04000-7b53eec07000 r-xp 00002000 fc:00 49676482                   /mydata/openjdk-mmtk/build/b0test/images/jdk/lib/libmanagement_ext.so
7b53eec07000-7b53eec08000 r--p 00005000 fc:00 49676482                   /mydata/openjdk-mmtk/build/b0test/images/jdk/lib/libmanagement_ext.so
7b53eec08000-7b53eec09000 r--p 00006000 fc:00 49676482                   /mydata/openjdk-mmtk/build/b0test/images/jdk/lib/libmanagement_ext.so
7b53eec09000-7b53eec0a000 rw-p 00007000 fc:00 49676482                   /mydata/openjdk-mmtk/build/b0test/images/jdk/lib/libmanagement_ext.so
7b53eec0a000-7b53eec0f000 rw-p 00000000 00:00 0 
7b53eec0f000-7b53eecf3000 ---p 00000000 00:00 0 
7b53eecf3000-7b53eecfe000 rw-p 00000000 00:00 0 
7b53eecfe000-7b53eeddc000 ---p 00000000 00:00 0 
7b53eeddc000-7b53eede9000 r--p 00000000 fc:00 49676369                   /mydata/openjdk-mmtk/build/b0test/images/jdk/lib/libjava.so
7b53eede9000-7b53eedf8000 r-xp 0000d000 fc:00 49676369                   /mydata/openjdk-mmtk/build/b0test/images/jdk/lib/libjava.so
7b53eedf8000-7b53eedfd000 r--p 0001c000 fc:00 49676369                   /mydata/openjdk-mmtk/build/b0test/images/jdk/lib/libjava.so
7b53eedfd000-7b53eedfe000 r--p 00021000 fc:00 49676369                   /mydata/openjdk-mmtk/build/b0test/images/jdk/lib/libjava.so
7b53eedfe000-7b53eedff000 rw-p 00022000 fc:00 49676369                   /mydata/openjdk-mmtk/build/b0test/images/jdk/lib/libjava.so
7b53eedff000-7b53eee00000 rw-p 00000000 00:00 0 
7b53eee00000-7b53eef49000 r--p 00000000 fc:00 49676390                   /mydata/openjdk-mmtk/build/b0test/images/jdk/lib/server/libmmtk_openjdk.so
7b53eef49000-7b53ef1ce000 r-xp 00148000 fc:00 49676390                   /mydata/openjdk-mmtk/build/b0test/images/jdk/lib/server/libmmtk_openjdk.so
7b53ef1ce000-7b53ef20f000 r--p 003cc000 fc:00 49676390                   /mydata/openjdk-mmtk/build/b0test/images/jdk/lib/server/libmmtk_openjdk.so
7b53ef20f000-7b53ef212000 rw-p 0040c000 fc:00 49676390                   /mydata/openjdk-mmtk/build/b0test/images/jdk/lib/server/libmmtk_openjdk.so
7b53ef212000-7b53ef214000 rw-p 00000000 00:00 0 
7b53ef217000-7b53ef21b000 ---p 00000000 00:00 0 
7b53ef21b000-7b53ef317000 rw-p 00000000 00:00 0 
7b53ef317000-7b53ef327000 r--p 00000000 08:03 1411099                    /usr/lib/x86_64-linux-gnu/libm.so.6
7b53ef327000-7b53ef3a6000 r-xp 00010000 08:03 1411099                    /usr/lib/x86_64-linux-gnu/libm.so.6
7b53ef3a6000-7b53ef3fe000 r--p 0008f000 08:03 1411099                    /usr/lib/x86_64-linux-gnu/libm.so.6
7b53ef3fe000-7b53ef3ff000 r--p 000e7000 08:03 1411099                    /usr/lib/x86_64-linux-gnu/libm.so.6
7b53ef3ff000-7b53ef400000 rw-p 000e8000 08:03 1411099                    /usr/lib/x86_64-linux-gnu/libm.so.6
7b53ef400000-7b53ef6a9000 r--p 00000000 fc:00 49676389                   /mydata/openjdk-mmtk/build/b0test/images/jdk/lib/server/libjvm.so
7b53ef6a9000-7b53f053c000 r-xp 002a9000 fc:00 49676389                   /mydata/openjdk-mmtk/build/b0test/images/jdk/lib/server/libjvm.so
7b53f053c000-7b53f0820000 r--p 0113c000 fc:00 49676389                   /mydata/openjdk-mmtk/build/b0test/images/jdk/lib/server/libjvm.so
7b53f0820000-7b53f08f6000 r--p 0141f000 fc:00 49676389                   /mydata/openjdk-mmtk/build/b0test/images/jdk/lib/server/libjvm.so
7b53f08f6000-7b53f0926000 rw-p 014f5000 fc:00 49676389                   /mydata/openjdk-mmtk/build/b0test/images/jdk/lib/server/libjvm.so
7b53f0926000-7b53f098c000 rw-p 00000000 00:00 0 
7b53f098d000-7b53f098f000 r--p 00000000 fc:00 49676410                   /mydata/openjdk-mmtk/build/b0test/images/jdk/lib/libmanagement.so
7b53f098f000-7b53f0990000 r-xp 00002000 fc:00 49676410                   /mydata/openjdk-mmtk/build/b0test/images/jdk/lib/libmanagement.so
7b53f0990000-7b53f0991000 r--p 00003000 fc:00 49676410                   /mydata/openjdk-mmtk/build/b0test/images/jdk/lib/libmanagement.so
7b53f0991000-7b53f0992000 r--p 00003000 fc:00 49676410                   /mydata/openjdk-mmtk/build/b0test/images/jdk/lib/libmanagement.so
7b53f0992000-7b53f0993000 rw-p 00004000 fc:00 49676410                   /mydata/openjdk-mmtk/build/b0test/images/jdk/lib/libmanagement.so
7b53f0993000-7b53f0997000 r--p 00000000 fc:00 49676370                   /mydata/openjdk-mmtk/build/b0test/images/jdk/lib/libjimage.so
7b53f0997000-7b53f09ae000 r-xp 00004000 fc:00 49676370                   /mydata/openjdk-mmtk/build/b0test/images/jdk/lib/libjimage.so
7b53f09ae000-7b53f09b3000 r--p 0001b000 fc:00 49676370                   /mydata/openjdk-mmtk/build/b0test/images/jdk/lib/libjimage.so
7b53f09b3000-7b53f09b5000 r--p 00020000 fc:00 49676370                   /mydata/openjdk-mmtk/build/b0test/images/jdk/lib/libjimage.so
7b53f09b5000-7b53f09b6000 rw-p 00022000 fc:00 49676370                   /mydata/openjdk-mmtk/build/b0test/images/jdk/lib/libjimage.so
7b53f09b6000-7b53f09ba000 r--p 00000000 08:03 1410148                    /usr/lib/x86_64-linux-gnu/libgcc_s.so.1
7b53f09ba000-7b53f09de000 r-xp 00004000 08:03 1410148                    /usr/lib/x86_64-linux-gnu/libgcc_s.so.1
7b53f09de000-7b53f09e2000 r--p 00028000 08:03 1410148                    /usr/lib/x86_64-linux-gnu/libgcc_s.so.1
7b53f09e2000-7b53f09e3000 r--p 0002b000 08:03 1410148                    /usr/lib/x86_64-linux-gnu/libgcc_s.so.1
7b53f09e3000-7b53f09e4000 rw-p 0002c000 08:03 1410148                    /usr/lib/x86_64-linux-gnu/libgcc_s.so.1
7b53f09e4000-7b53f09e6000 r--p 00000000 08:03 1409104                    /usr/lib/x86_64-linux-gnu/libz.so.1.3
7b53f09e6000-7b53f09f8000 r-xp 00002000 08:03 1409104                    /usr/lib/x86_64-linux-gnu/libz.so.1.3
7b53f09f8000-7b53f09fe000 r--p 00014000 08:03 1409104                    /usr/lib/x86_64-linux-gnu/libz.so.1.3
7b53f09fe000-7b53f09ff000 r--p 0001a000 08:03 1409104                    /usr/lib/x86_64-linux-gnu/libz.so.1.3
7b53f09ff000-7b53f0a00000 rw-p 0001b000 08:03 1409104                    /usr/lib/x86_64-linux-gnu/libz.so.1.3
7b53f0a00000-7b53f0a28000 r--p 00000000 08:03 1410238                    /usr/lib/x86_64-linux-gnu/libc.so.6
7b53f0a28000-7b53f0bb0000 r-xp 00028000 08:03 1410238                    /usr/lib/x86_64-linux-gnu/libc.so.6
7b53f0bb0000-7b53f0bff000 r--p 001b0000 08:03 1410238                    /usr/lib/x86_64-linux-gnu/libc.so.6
7b53f0bff000-7b53f0c03000 r--p 001fe000 08:03 1410238                    /usr/lib/x86_64-linux-gnu/libc.so.6
7b53f0c03000-7b53f0c05000 rw-p 00202000 08:03 1410238                    /usr/lib/x86_64-linux-gnu/libc.so.6
7b53f0c05000-7b53f0c19000 rw-p 00000000 00:00 0 
7b53f0c19000-7b53f0c22000 ---p 00000000 00:00 0 
7b53f0c22000-7b53f0c2a000 rw-s 00000000 08:03 237600                     /tmp/hsperfdata_root/493127
7b53f0c2a000-7b53f0c2c000 rw-p 00000000 00:00 0 
7b53f0c2d000-7b53f0c2e000 r--s 00000000 fc:00 7871851                    /mydata/dacapo/dacapo-23.11/dacapo-23.11-MR2-chopin/dat/lusearch/index-default/_3.fdx
7b53f0c2f000-7b53f0c31000 r--s 00000000 fc:00 7871853                    /mydata/dacapo/dacapo-23.11/dacapo-23.11-MR2-chopin/dat/lusearch/index-default/_3.nvd
7b53f0c31000-7b53f0c32000 rw-s 00000000 00:10 68                         anon_inode:bpf-map
7b53f0c32000-7b53f0c33000 r--s 00000000 00:10 68                         anon_inode:bpf-map
7b53f0c33000-7b53f0c34000 ---p 00000000 00:00 0 
7b53f0c34000-7b53f0c35000 r--p 00000000 00:00 0 
7b53f0c35000-7b53f0c36000 ---p 00000000 00:00 0 
7b53f0c36000-7b53f0c38000 r--p 00000000 fc:00 49676372                   /mydata/openjdk-mmtk/build/b0test/images/jdk/lib/libjli.so
7b53f0c38000-7b53f0c42000 r-xp 00002000 fc:00 49676372                   /mydata/openjdk-mmtk/build/b0test/images/jdk/lib/libjli.so
7b53f0c42000-7b53f0c45000 r--p 0000c000 fc:00 49676372                   /mydata/openjdk-mmtk/build/b0test/images/jdk/lib/libjli.so
7b53f0c45000-7b53f0c46000 r--p 0000f000 fc:00 49676372                   /mydata/openjdk-mmtk/build/b0test/images/jdk/lib/libjli.so
7b53f0c46000-7b53f0c47000 rw-p 00010000 fc:00 49676372                   /mydata/openjdk-mmtk/build/b0test/images/jdk/lib/libjli.so
7b53f0c47000-7b53f0c49000 rw-p 00000000 00:00 0 
7b53f0c49000-7b53f0c4d000 r--p 00000000 00:00 0                          [vvar]
7b53f0c4d000-7b53f0c4f000 r--p 00000000 00:00 0                          [vvar_vclock]
7b53f0c4f000-7b53f0c51000 r-xp 00000000 00:00 0                          [vdso]
7b53f0c51000-7b53f0c52000 r--p 00000000 08:03 1409763                    /usr/lib/x86_64-linux-gnu/ld-linux-x86-64.so.2
7b53f0c52000-7b53f0c7d000 r-xp 00001000 08:03 1409763                    /usr/lib/x86_64-linux-gnu/ld-linux-x86-64.so.2
7b53f0c7d000-7b53f0c87000 r--p 0002c000 08:03 1409763                    /usr/lib/x86_64-linux-gnu/ld-linux-x86-64.so.2
7b53f0c87000-7b53f0c89000 r--p 00036000 08:03 1409763                    /usr/lib/x86_64-linux-gnu/ld-linux-x86-64.so.2
7b53f0c89000-7b53f0c8b000 rw-p 00038000 08:03 1409763                    /usr/lib/x86_64-linux-gnu/ld-linux-x86-64.so.2
7ffd40370000-7ffd40391000 rw-p 00000000 00:00 0                          [stack]
ffffffffff600000-ffffffffff601000 --xp 00000000 00:00 0                  [vsyscall]
Total number of mappings: 510

JVMTI agents: none


VM Arguments:
jvm_args: -XX:+UseThirdPartyHeap -Xms512m -Xmx512m 
java_command: /mydata/dacapo/dacapo-23.11/dacapo-23.11-MR2-chopin.jar lusearch -n 3
java_class_path (initial): /mydata/dacapo/dacapo-23.11/dacapo-23.11-MR2-chopin.jar
Launcher Type: SUN_STANDARD

[Global flags]
     intx CICompilerCount                          = 15                                        {product} {ergonomic}
   size_t InitialHeapSize                          = 536870912                                 {product} {command line}
   size_t MaxHeapSize                              = 536870912                                 {product} {command line}
   size_t MinHeapDeltaBytes                        = 524288                                    {product} {ergonomic}
   size_t MinHeapSize                              = 536870912                                 {product} {command line}
    uintx NonNMethodCodeHeapSize                   = 8192380                                {pd product} {ergonomic}
    uintx NonProfiledCodeHeapSize                  = 121732930                              {pd product} {ergonomic}
    uintx ProfiledCodeHeapSize                     = 121732930                              {pd product} {ergonomic}
    uintx ReservedCodeCacheSize                    = 251658240                              {pd product} {ergonomic}
     bool SegmentedCodeCache                       = true                                      {product} {ergonomic}
   size_t SoftMaxHeapSize                          = 536870912                              {manageable} {ergonomic}
     bool UseCompressedOops                        = true                           {product lp64_product} {ergonomic}

Logging:
Log output configuration:
 #0: stdout all=warning uptime,level,tags foldmultilines=false
 #1: stderr all=off uptime,level,tags foldmultilines=false

Release file:
IMPLEMENTOR="N/A"
JAVA_RUNTIME_VERSION="21.0.9-internal-adhoc.talzuss.openjdk-mmtk"
JAVA_VERSION="21.0.9"
JAVA_VERSION_DATE="2025-10-21"
LIBC="gnu"
MODULES="java.base java.compiler java.datatransfer java.xml java.prefs java.desktop java.instrument java.logging java.management java.security.sasl java.naming java.rmi java.management.rmi java.net.http java.scripting java.security.jgss java.transaction.xa java.sql java.sql.rowset java.xml.crypto java.se java.smartcardio jdk.accessibility jdk.internal.jvmstat jdk.attach jdk.charsets jdk.internal.opt jdk.zipfs jdk.compiler jdk.crypto.ec jdk.crypto.cryptoki jdk.dynalink jdk.internal.ed jdk.editpad jdk.hotspot.agent jdk.httpserver jdk.incubator.vector jdk.internal.le jdk.internal.vm.ci jdk.internal.vm.compiler jdk.internal.vm.compiler.management jdk.jartool jdk.javadoc jdk.jcmd jdk.management jdk.management.agent jdk.jconsole jdk.jdeps jdk.jdwp.agent jdk.jdi jdk.jfr jdk.jlink jdk.jpackage jdk.jshell jdk.jsobject jdk.jstatd jdk.localedata jdk.management.jfr jdk.naming.dns jdk.naming.rmi jdk.net jdk.nio.mapmode jdk.random jdk.sctp jdk.security.auth jdk.security.jgss jdk.unsupported jdk.unsupported.desktop jdk.xml.dom"
OS_ARCH="x86_64"
OS_NAME="Linux"
SOURCE=".:git:b557520f04b3+"

Environment Variables:
PATH=/usr/local/sbin:/usr/local/bin:/usr/sbin:/usr/bin:/sbin:/bin:/snap/bin
SHELL=/bin/bash
LANG=en_US.UTF-8
TERM=tmux-256color

Active Locale:
LC_ALL=en_US.UTF-8
LC_COLLATE=en_US.UTF-8
LC_CTYPE=en_US.UTF-8
LC_MESSAGES=en_US.UTF-8
LC_MONETARY=en_US.UTF-8
LC_NUMERIC=en_US.UTF-8
LC_TIME=en_US.UTF-8

Signal Handlers:
   SIGSEGV: crash_handler in libjvm.so, mask=11100100010111111101111111111110, flags=SA_RESTART|SA_SIGINFO, unblocked
    SIGBUS: crash_handler in libjvm.so, mask=11100100010111111101111111111110, flags=SA_RESTART|SA_SIGINFO, unblocked
    SIGFPE: crash_handler in libjvm.so, mask=11100100010111111101111111111110, flags=SA_RESTART|SA_SIGINFO, unblocked
   SIGPIPE: javaSignalHandler in libjvm.so, mask=11100100010111111101111111111110, flags=SA_RESTART|SA_SIGINFO, blocked
   SIGXFSZ: javaSignalHandler in libjvm.so, mask=11100100010111111101111111111110, flags=SA_RESTART|SA_SIGINFO, blocked
    SIGILL: crash_handler in libjvm.so, mask=11100100010111111101111111111110, flags=SA_RESTART|SA_SIGINFO, unblocked
   SIGUSR2: SR_handler in libjvm.so, mask=00000000000000000000000000000000, flags=SA_RESTART|SA_SIGINFO, blocked
    SIGHUP: UserHandler in libjvm.so, mask=11100100010111111101111111111110, flags=SA_RESTART|SA_SIGINFO, blocked
    SIGINT: UserHandler in libjvm.so, mask=11100100010111111101111111111110, flags=SA_RESTART|SA_SIGINFO, blocked
   SIGTERM: UserHandler in libjvm.so, mask=11100100010111111101111111111110, flags=SA_RESTART|SA_SIGINFO, blocked
   SIGQUIT: UserHandler in libjvm.so, mask=11100100010111111101111111111110, flags=SA_RESTART|SA_SIGINFO, blocked
   SIGTRAP: crash_handler in libjvm.so, mask=11100100010111111101111111111110, flags=SA_RESTART|SA_SIGINFO, unblocked


Periodic native trim disabled

---------------  S Y S T E M  ---------------

OS:
DISTRIB_ID=Ubuntu
DISTRIB_RELEASE=24.04
DISTRIB_CODENAME=noble
DISTRIB_DESCRIPTION="Ubuntu 24.04.4 LTS"
uname: Linux 6.17.0-bpf-fault+ #1 SMP PREEMPT_DYNAMIC Mon Jul  6 16:43:12 MDT 2026 x86_64
OS uptime: 1 days 4:57 hours
libc: glibc 2.39 NPTL 2.39 
rlimit (soft/hard): STACK 8192k/infinity , CORE 0k/0k , NPROC 513205/513205 , NOFILE 1048576/1048576 , AS infinity/infinity , CPU infinity/infinity , DATA infinity/infinity , FSIZE infinity/infinity , MEMLOCK 16436528k/16436528k
load average: 7.93 3.38 1.76

/proc/meminfo:
MemTotal:       131492232 kB
MemFree:        63773332 kB
MemAvailable:   112149704 kB
Buffers:          587908 kB
Cached:         47013008 kB
SwapCached:            0 kB
Active:          4438552 kB
Inactive:       46777964 kB
Active(anon):    3632052 kB
Inactive(anon):        0 kB
Active(file):     806500 kB
Inactive(file): 46777964 kB
Unevictable:       41912 kB
Mlocked:           38840 kB
SwapTotal:       8388604 kB
SwapFree:        8388604 kB
Zswap:                 0 kB
Zswapped:              0 kB
Dirty:              4124 kB
Writeback:             0 kB
AnonPages:       3658644 kB
Mapped:         12913736 kB
Shmem:              5316 kB
KReclaimable:    2043592 kB
Slab:            2589968 kB
SReclaimable:    2043592 kB
SUnreclaim:       546376 kB
KernelStack:       12912 kB
PageTables:        72852 kB
SecPageTables:      9836 kB
NFS_Unstable:          0 kB
Bounce:                0 kB
WritebackTmp:          0 kB
CommitLimit:    74134720 kB
Committed_AS:   165105084 kB
VmallocTotal:   34359738367 kB
VmallocUsed:       38860 kB
VmallocChunk:          0 kB
Percpu:            51456 kB
HardwareCorrupted:     0 kB
AnonHugePages:         0 kB
ShmemHugePages:        0 kB
ShmemPmdMapped:        0 kB
FileHugePages:   2177024 kB
FilePmdMapped:         0 kB
Unaccepted:            0 kB
Balloon:               0 kB
HugePages_Total:       0
HugePages_Free:        0
HugePages_Rsvd:        0
HugePages_Surp:        0
Hugepagesize:       2048 kB
Hugetlb:               0 kB
DirectMap4k:     1301312 kB
DirectMap2M:    30791680 kB
DirectMap1G:    101711872 kB

/sys/kernel/mm/transparent_hugepage/enabled: always [madvise] never
/sys/kernel/mm/transparent_hugepage/hpage_pmd_size: 2097152
/sys/kernel/mm/transparent_hugepage/defrag (defrag/compaction efforts parameter): always defer defer+madvise [madvise] never

Process Memory:
Virtual Size: 13620334332K (peak: 13620334632K)
Resident Set Size: 4229952K (peak: 4229952K) (anon: 1048376K, file: 3181576K, shmem: 0K)
Swapped out: 0K
C-Heap outstanding allocations: 1409674K, retained: 27009K
glibc malloc tunables: (default)

/proc/sys/kernel/threads-max (system-wide limit on the number of threads): 1026411
/proc/sys/vm/max_map_count (maximum number of memory map areas a process may have): 1048576
/proc/sys/vm/swappiness (control to define how aggressively the kernel swaps out anonymous memory): 60
/proc/sys/kernel/pid_max (system-wide limit on number of process identifiers): 4194304

container information not found.
Steal ticks since vm start: 0
Steal ticks percentage since vm start:  0.000

CPU: total 32 (initial active 32) (32 cores per cpu, 2 threads per core) family 23 model 49 stepping 0 microcode 0x830107c, cx8, cmov, fxsr, ht, mmx, 3dnowpref, sse, sse2, sse3, ssse3, sse4a, sse4.1, sse4.2, popcnt, lzcnt, tsc, tscinvbit, avx, avx2, aes, clmul, bmi1, bmi2, adx, sha, fma, vzeroupper, clflush, clflushopt, rdtscp, rdpid, f16c
CPU Model and flags from /proc/cpuinfo:
model name	: AMD EPYC 7302P 16-Core Processor
flags		: fpu vme de pse tsc msr pae mce cx8 apic sep mtrr pge mca cmov pat pse36 clflush mmx fxsr sse sse2 ht syscall nx mmxext fxsr_opt pdpe1gb rdtscp lm constant_tsc rep_good nopl xtopology nonstop_tsc cpuid extd_apicid aperfmperf rapl pni pclmulqdq monitor ssse3 fma cx16 sse4_1 sse4_2 movbe popcnt aes xsave avx f16c rdrand lahf_lm cmp_legacy svm extapic cr8_legacy abm sse4a misalignsse 3dnowprefetch osvw ibs skinit wdt tce topoext perfctr_core perfctr_nb bpext perfctr_llc mwaitx cpb cat_l3 cdp_l3 hw_pstate ssbd mba ibrs ibpb stibp vmmcall fsgsbase bmi1 avx2 smep bmi2 cqm rdt_a rdseed adx smap clflushopt clwb sha_ni xsaveopt xsavec xgetbv1 xsaves cqm_llc cqm_occup_llc cqm_mbm_total cqm_mbm_local clzero irperf xsaveerptr rdpru wbnoinvd amd_ppin arat npt lbrv svm_lock nrip_save tsc_scale vmcb_clean flushbyasid decodeassists pausefilter pfthreshold avic v_vmsave_vmload vgif v_spec_ctrl umip rdpid overflow_recov succor smca sev sev_es

Online cpus: 0-31
Offline cpus: 
BIOS frequency limitation: <Not Available>
Frequency switch latency (ns): <Not Available>
Available cpu frequencies: <Not Available>
Current governor: <Not Available>
Core performance/turbo boost: <Not Available>

Memory: 4k page, physical 131492232k(112149704k free), swap 8388604k(8388604k free)
Page Sizes: 4k

vm_info: OpenJDK 64-Bit Server VM (21.0.9-internal-adhoc.talzuss.openjdk-mmtk) for linux-amd64 JRE (21.0.9-internal-adhoc.talzuss.openjdk-mmtk), built on 2026-07-06T23:13:08Z by "talzuss" with gcc 13.3.0
heap_info: MMTk OpenJDK 0.32.0 (dd145e6), using MMTk 0.32.0 (3ecdf08-dirty, BUILTIN_ENV_LOGGER, DEFAULT, EAGER_SWEEPING, VO_BIT)

END.
