#
# A fatal error has been detected by the Java Runtime Environment:
#
#  SIGSEGV (0xb) at pc=0x0000711e76e9b077, pid=371883, tid=371907
#
# JRE version: OpenJDK Runtime Environment (21.0.9) (build 21.0.9-internal-adhoc.talzuss.openjdk-mmtk)
# Java VM: OpenJDK 64-Bit Server VM (21.0.9-internal-adhoc.talzuss.openjdk-mmtk, mixed mode, sharing, tiered, compressed oops, compressed class ptrs, third-party gc, linux-amd64)
# Problematic frame:
# C  [libmmtk_openjdk.so+0x29b077]  _$LT$mmtk..plan..concurrent..immix..gc_work..SatbFinalDrain$LT$VM$GT$$u20$as$u20$mmtk..scheduler..work..GCWork$LT$VM$GT$$GT$::do_work::h99199484dacfec84+0x477
#
# Core dump will be written. Default location: Core dumps may be processed with "/usr/share/apport/apport -p%p -s%s -c%c -d%d -P%P -u%u -g%g -F%F -- %E" (or dumping to /mydata/mmtk-core/core.371883)
#
# If you would like to submit a bug report, please visit:
#   https://bugreport.java.com/bugreport/crash.jsp
#

---------------  S U M M A R Y ------------

Command Line: -XX:+UseThirdPartyHeap -Xms512m -Xmx512m /mydata/dacapo/dacapo-23.11/dacapo-23.11-MR2-chopin.jar xalan -n 3

Host: AMD EPYC 7302P 16-Core Processor, 32 cores, 125G, Ubuntu 24.04.4 LTS
Time: Tue Jul  7 16:45:50 2026 MDT elapsed time: 3.054177 seconds (0d 0h 0m 3s)

---------------  T H R E A D  ---------------

Current thread (0x0000711e7053c6f0):  NamedThread "MMTk Collector Thread" [id=371907, stack(0x0000711e747f2000,0x0000711e748f2000) (1024K)]

Stack: [0x0000711e747f2000,0x0000711e748f2000],  sp=0x0000711e748f08f0,  free space=1018k
Native frames: (J=compiled Java code, j=interpreted, Vv=VM code, C=native code)
C  [libmmtk_openjdk.so+0x29b077]  _$LT$mmtk..plan..concurrent..immix..gc_work..SatbFinalDrain$LT$VM$GT$$u20$as$u20$mmtk..scheduler..work..GCWork$LT$VM$GT$$GT$::do_work::h99199484dacfec84+0x477

siginfo: si_signo: 11 (SIGSEGV), si_code: 1 (SEGV_MAPERR), si_addr: 0x0000711fd6c7ae64

Registers:
RAX=0x0000000058000000, RBX=0x0000000000000053, RCX=0x0000711e76c7ae64, RDX=0x000064713b000000
RSP=0x0000711e748f08f0, RBP=0x000000004139fff8, RSI=0x000000004139fff8, RDI=0x000064713b000001
R8 =0x00006470e00008e0, R9 =0x0000000000000200, R10=0x0000647108000030, R11=0xe665657c766e5dfe
R12=0x0000000000274200, R13=0x0000711e770074c8, R14=0x00000000413a0fc8, R15=0x0000000000274200
RIP=0x0000711e76e9b077, EFLAGS=0x0000000000010206, CSGSFS=0x002b000000000033, ERR=0x0000000000000004
  TRAPNO=0x000000000000000e

XMM[0]=0x0000000000000000 0x0000000000000000
XMM[1]=0x0000000000000000 0x0000647108000090
XMM[2]=0x58ff191b307c111f 0xff74ffffff40654e
XMM[3]=0x0000000000000000 0x00000000000000ff
XMM[4]=0x0000000000000000 0x0000647108000090
XMM[5]=0x0000000040f1f808 0x0000000040010300
XMM[6]=0x000000004030f358 0x00000000400703a8
XMM[7]=0x0000000040d330b8 0x000000004099aa08
XMM[8]=0x00000000400004c0 0x0000000040000610
XMM[9]=0x0000000000000000 0x0000000000000000
XMM[10]=0x3f3f3f3f3f3f3f3f 0x3f3f3f3f3f3f3f3f
XMM[11]=0x9999999999999999 0x9999999999999999
XMM[12]=0x2020202020202020 0x2020202020202020
XMM[13]=0x0000000000000000 0x0000000000000000
XMM[14]=0x0000000000000000 0x0000000000000000
XMM[15]=0x0000000000000000 0x0000000000000000
  MXCSR=0x00001fa2


Register to memory mapping:

RAX=
[error occurred during error reporting (printing register info), id 0xe0000000, Internal Error (/mydata/mmtk-openjdk/openjdk/share/mmtkHeap.cpp:444)]
RBX=
[error occurred during error reporting (printing register info, attempt 2), id 0xe0000000, Internal Error (/mydata/mmtk-openjdk/openjdk/share/mmtkHeap.cpp:444)]
RCX=
[error occurred during error reporting (printing register info, attempt 3), id 0xe0000000, Internal Error (/mydata/mmtk-openjdk/openjdk/share/mmtkHeap.cpp:444)]
Top of Stack: (sp=0x0000711e748f08f0)
0x0000711e748f08f0:   0000711e703de200 000064713b2540c8
0x0000711e748f0900:   00002000013a0000 0000000000000080
0x0000711e748f0910:   0000647108005040 0000000000000053
0x0000711e748f0920:   0000000041372d08 0000000000010000
0x0000711e748f0930:   0000647108011d90 000000000000c1cf
0x0000711e748f0940:   0000000000008000 0000711e77007880
0x0000711e748f0950:   0000000040d69908 0000711e76ebae3b
0x0000711e748f0960:   0000000000000004 00006470f8019920
0x0000711e748f0970:   0000000040d5d97c 0000711e76eb79f3
0x0000711e748f0980:   0000711e770074c8 0000711e748f0a40
0x0000711e748f0990:   0000711e748f0900 0000711e748f0a38
0x0000711e748f09a0:   0000711e748f0a30 0000711e748f0a0f
0x0000711e748f09b0:   0000711e748f0a18 0000711e748f0928
0x0000711e748f09c0:   0000711e7005a510 0000647108005040
0x0000711e748f09d0:   0000000000000001 0000711e76fc9b08
0x0000711e748f09e0:   00006470e0001380 0000711e7052b5c0
0x0000711e748f09f0:   0000000000000000 0000000000000000
0x0000711e748f0a00:   00006471080052d8 0000711e7052b720
0x0000711e748f0a10:   0000647108005040 0000000000000400
0x0000711e748f0a20:   00006470e0003d10 000000000000031c
0x0000711e748f0a30:   0000000040000000 00000000413a0000
0x0000711e748f0a40:   00000000000013a0 000064713b253e40
0x0000711e748f0a50:   0000711e748f0960 0000711e770074c8
0x0000711e748f0a60:   0000711e77007880 0000000000000080
0x0000711e748f0a70:   0000711e7006f800 0000711e748f09d0
0x0000711e748f0a80:   00006470e00055f0 00006470e0004918
0x0000711e748f0a90:   0000711e7006ec00 0000711e7006e900
0x0000711e748f0aa0:   0000711e7006e600 0000711e7006e300
0x0000711e748f0ab0:   0000711e7006e000 0000711e7006dd00
0x0000711e748f0ac0:   0000711e7006da00 0000711e7006d700
0x0000711e748f0ad0:   0000711e7006d400 0000711e70046210
0x0000711e748f0ae0:   0000711e7006d080 0000000000000001 

Instructions: (pc=0x0000711e76e9b077)
0x0000711e76e9af77:   44 24 18 48 89 84 24 78 01 00 00 48 85 db 0f 84
0x0000711e76e9af87:   f5 0a 00 00 48 8b 84 24 d8 00 00 00 48 8d 0c d8
0x0000711e76e9af97:   48 89 8c 24 10 01 00 00 eb 36 66 66 66 66 66 66
0x0000711e76e9afa7:   2e 0f 1f 84 00 00 00 00 00 48 8d 94 24 90 00 00
0x0000711e76e9afb7:   00 e8 f3 9d fd ff 48 8b 84 24 20 01 00 00 48 83
0x0000711e76e9afc7:   c0 08 48 3b 84 24 10 01 00 00 0f 84 a9 0a 00 00
0x0000711e76e9afd7:   48 89 84 24 20 01 00 00 48 8b 30 4c 89 ac 24 90
0x0000711e76e9afe7:   00 00 00 48 8d 84 24 50 01 00 00 48 89 84 24 98
0x0000711e76e9aff7:   00 00 00 48 8d 44 24 10 48 89 84 24 a0 00 00 00
0x0000711e76e9b007:   48 8d 84 24 48 01 00 00 48 89 84 24 a8 00 00 00
0x0000711e76e9b017:   48 8d 84 24 40 01 00 00 48 89 84 24 b0 00 00 00
0x0000711e76e9b027:   48 8d 84 24 1f 01 00 00 48 89 84 24 b8 00 00 00
0x0000711e76e9b037:   48 8d 84 24 28 01 00 00 48 89 84 24 c0 00 00 00
0x0000711e76e9b047:   48 8d 44 24 38 48 89 84 24 c8 00 00 00 8b 46 08
0x0000711e76e9b057:   48 8b 15 4a d9 16 00 48 8b 0d 4b d9 16 00 48 d3
0x0000711e76e9b067:   e0 48 8d 3c 10 8b 44 10 0c 48 8d 0d ed fd dd ff
0x0000711e76e9b077:   48 63 04 81 48 01 c8 ff e0 48 89 74 24 30 48 89
0x0000711e76e9b087:   bc 24 58 01 00 00 48 63 87 28 01 00 00 48 85 c0
0x0000711e76e9b097:   0f 84 5e 07 00 00 48 8b 94 24 58 01 00 00 48 63
0x0000711e76e9b0a7:   8a ac 00 00 00 48 8d 0c ca 48 63 92 2c 01 00 00
0x0000711e76e9b0b7:   48 8d 34 d1 48 8d 1c d1 48 81 c3 d8 01 00 00 48
0x0000711e76e9b0c7:   8d 04 c6 48 05 d8 01 00 00 48 89 44 24 08 eb 18
0x0000711e76e9b0d7:   66 0f 1f 84 00 00 00 00 00 48 83 c3 08 48 3b 5c
0x0000711e76e9b0e7:   24 08 0f 84 0c 07 00 00 44 8b 63 04 4d 85 e4 74
0x0000711e76e9b0f7:   e8 4c 63 2b 4c 03 6c 24 30 45 31 ff eb 24 66 66
0x0000711e76e9b107:   2e 0f 1f 84 00 00 00 00 00 48 8b 44 24 40 4a 89
0x0000711e76e9b117:   2c f0 49 ff c6 4c 89 74 24 48 49 ff c7 4d 39 e7
0x0000711e76e9b127:   74 b7 4a 8d 34 bd 00 00 00 00 4c 01 ee 48 89 f0
0x0000711e76e9b137:   48 b9 ff ff ff ff ff ff ff 7f 48 21 c8 48 89 c1
0x0000711e76e9b147:   48 2b 0d d2 c3 16 00 48 89 cf 48 c1 ef 0c 48 3b
0x0000711e76e9b157:   bc 24 50 01 00 00 75 31 48 8b 4c 24 10 48 8b 94
0x0000711e76e9b167:   24 48 01 00 00 48 29 d0 8b 2c 01 48 85 ed 74 aa 


Stack slot to memory mapping:

stack at sp + 0 slots: 
[error occurred during error reporting (inspecting top of stack), id 0xe0000000, Internal Error (/mydata/mmtk-openjdk/openjdk/share/mmtkHeap.cpp:444)]
stack at sp + 1 slots: 
[error occurred during error reporting (inspecting top of stack, attempt 2), id 0xe0000000, Internal Error (/mydata/mmtk-openjdk/openjdk/share/mmtkHeap.cpp:444)]
stack at sp + 2 slots: 
[error occurred during error reporting (inspecting top of stack, attempt 3), id 0xe0000000, Internal Error (/mydata/mmtk-openjdk/openjdk/share/mmtkHeap.cpp:444)]

---------------  P R O C E S S  ---------------

Threads class SMR info:
_java_thread_list=0x0000647008089c10, length=56, elements={
0x0000711e7002b240, 0x0000711e70525110, 0x0000711e705269a0, 0x0000711e705284b0,
0x0000711e70546ce0, 0x0000711e70548630, 0x0000711e70549ef0, 0x0000711e7054bd30,
0x0000711e70555700, 0x00006470b404da00, 0x00006470b404f040, 0x0000711e7059c940,
0x0000711e7059f940, 0x00006470a8014bc0, 0x00006470a802f440, 0x0000647098021fa0,
0x0000711e707af1c0, 0x0000711e707ab340, 0x0000711e707ac320, 0x0000711e707b8b20,
0x0000711e707b9f00, 0x0000711e707bb210, 0x0000711e707bc5e0, 0x0000711e707bdb50,
0x0000711e707bf0c0, 0x0000711e707c04d0, 0x0000711e707c1980, 0x0000711e707c2f10,
0x0000711e707c44a0, 0x0000711e707c5950, 0x0000711e703dfae0, 0x0000711e703e09f0,
0x0000711e703e1ea0, 0x0000711e707b0c40, 0x0000711e707b21a0, 0x0000711e707b3640,
0x0000711e707b4c10, 0x0000711e707b61f0, 0x0000711e707b77d0, 0x0000711e705b8430,
0x0000711e705b9720, 0x0000711e705babc0, 0x0000711e705bc450, 0x0000711e705bdce0,
0x0000711e705cd940, 0x0000711e705ceb30, 0x0000711e705d04e0, 0x0000711e705d1d70,
0x00006470b4157c60, 0x00006470a80727d0, 0x000064709c0b5520, 0x000064709c0b6c70,
0x00006470ac0d6760, 0x00006470b415b850, 0x0000647000002fa0, 0x0000647008088730
}

Java Threads: ( => current thread )
  0x0000711e7002b240 JavaThread "main"                              [_thread_blocked, id=371884, stack(0x0000711e77017000,0x0000711e77117000) (1024K)]
  0x0000711e70525110 JavaThread "Reference Handler"          daemon [_thread_blocked, id=371890, stack(0x0000711e75900000,0x0000711e75a00000) (1024K)]
  0x0000711e705269a0 JavaThread "Finalizer"                  daemon [_thread_blocked, id=371891, stack(0x0000711e75800000,0x0000711e75900000) (1024K)]
  0x0000711e705284b0 JavaThread "MMTk Finalizer Thread"      daemon [_thread_blocked, id=371892, stack(0x0000711e75700000,0x0000711e75800000) (1024K)]
  0x0000711e70546ce0 JavaThread "Signal Dispatcher"          daemon [_thread_blocked, id=371916, stack(0x0000711e385fe000,0x0000711e386fe000) (1024K)]
  0x0000711e70548630 JavaThread "Service Thread"             daemon [_thread_blocked, id=371917, stack(0x0000711e384fe000,0x0000711e385fe000) (1024K)]
  0x0000711e70549ef0 JavaThread "Monitor Deflation Thread"   daemon [_thread_blocked, id=371918, stack(0x00006471842fc000,0x00006471843fc000) (1024K)]
  0x0000711e7054bd30 JavaThread "C2 CompilerThread0"         daemon [_thread_blocked, id=371919, stack(0x0000647181100000,0x0000647181200000) (1024K)]
  0x0000711e70555700 JavaThread "C1 CompilerThread0"         daemon [_thread_blocked, id=371920, stack(0x0000647181000000,0x0000647181100000) (1024K)]
  0x00006470b404da00 JavaThread "C1 CompilerThread1"         daemon [_thread_blocked, id=371921, stack(0x0000647180f00000,0x0000647181000000) (1024K)]
  0x00006470b404f040 JavaThread "C1 CompilerThread2"         daemon [_thread_blocked, id=371922, stack(0x0000647180e00000,0x0000647180f00000) (1024K)]
  0x0000711e7059c940 JavaThread "Notification Thread"        daemon [_thread_blocked, id=371923, stack(0x0000647180d00000,0x0000647180e00000) (1024K)]
  0x0000711e7059f940 JavaThread "Common-Cleaner"             daemon [_thread_blocked, id=371924, stack(0x0000647180c00000,0x0000647180d00000) (1024K)]
  0x00006470a8014bc0 JavaThread "C2 CompilerThread1"         daemon [_thread_blocked, id=371925, stack(0x0000647180b00000,0x0000647180c00000) (1024K)]
  0x00006470a802f440 JavaThread "C1 CompilerThread3"         daemon [_thread_blocked, id=371926, stack(0x0000647180a00000,0x0000647180b00000) (1024K)]
  0x0000647098021fa0 JavaThread "C2 CompilerThread2"         daemon [_thread_in_native, id=371927, stack(0x0000647180900000,0x0000647180a00000) (1024K)]
  0x0000711e707af1c0 JavaThread "Thread-0"                          [_thread_blocked, id=371928, stack(0x0000647180800000,0x0000647180900000) (1024K)]
  0x0000711e707ab340 JavaThread "Thread-1"                          [_thread_blocked, id=371929, stack(0x0000647180700000,0x0000647180800000) (1024K)]
  0x0000711e707ac320 JavaThread "Thread-2"                          [_thread_blocked, id=371930, stack(0x0000647180600000,0x0000647180700000) (1024K)]
  0x0000711e707b8b20 JavaThread "Thread-3"                          [_thread_blocked, id=371931, stack(0x0000647180500000,0x0000647180600000) (1024K)]
  0x0000711e707b9f00 JavaThread "Thread-4"                          [_thread_blocked, id=371932, stack(0x0000647180400000,0x0000647180500000) (1024K)]
  0x0000711e707bb210 JavaThread "Thread-5"                          [_thread_blocked, id=371933, stack(0x0000647180300000,0x0000647180400000) (1024K)]
  0x0000711e707bc5e0 JavaThread "Thread-6"                          [_thread_blocked, id=371934, stack(0x0000647180200000,0x0000647180300000) (1024K)]
  0x0000711e707bdb50 JavaThread "Thread-7"                          [_thread_blocked, id=371935, stack(0x0000647180100000,0x0000647180200000) (1024K)]
  0x0000711e707bf0c0 JavaThread "Thread-8"                          [_thread_blocked, id=371936, stack(0x0000647180000000,0x0000647180100000) (1024K)]
  0x0000711e707c04d0 JavaThread "Thread-9"                          [_thread_blocked, id=371937, stack(0x000064713af00000,0x000064713b000000) (1024K)]
  0x0000711e707c1980 JavaThread "Thread-10"                         [_thread_blocked, id=371938, stack(0x000064713ae00000,0x000064713af00000) (1024K)]
  0x0000711e707c2f10 JavaThread "Thread-11"                         [_thread_blocked, id=371939, stack(0x000064713ad00000,0x000064713ae00000) (1024K)]
  0x0000711e707c44a0 JavaThread "Thread-12"                         [_thread_blocked, id=371940, stack(0x000064713ac00000,0x000064713ad00000) (1024K)]
  0x0000711e707c5950 JavaThread "Thread-13"                         [_thread_blocked, id=371941, stack(0x000064713ab00000,0x000064713ac00000) (1024K)]
  0x0000711e703dfae0 JavaThread "Thread-14"                         [_thread_blocked, id=371942, stack(0x000064713aa00000,0x000064713ab00000) (1024K)]
  0x0000711e703e09f0 JavaThread "Thread-15"                         [_thread_blocked, id=371943, stack(0x000064713a900000,0x000064713aa00000) (1024K)]
  0x0000711e703e1ea0 JavaThread "Thread-16"                         [_thread_blocked, id=371944, stack(0x000064713a800000,0x000064713a900000) (1024K)]
  0x0000711e707b0c40 JavaThread "Thread-17"                         [_thread_blocked, id=371945, stack(0x000064713a700000,0x000064713a800000) (1024K)]
  0x0000711e707b21a0 JavaThread "Thread-18"                         [_thread_blocked, id=371946, stack(0x000064713a600000,0x000064713a700000) (1024K)]
  0x0000711e707b3640 JavaThread "Thread-19"                         [_thread_blocked, id=371947, stack(0x000064713a500000,0x000064713a600000) (1024K)]
  0x0000711e707b4c10 JavaThread "Thread-20"                         [_thread_blocked, id=371948, stack(0x000064713a400000,0x000064713a500000) (1024K)]
  0x0000711e707b61f0 JavaThread "Thread-21"                         [_thread_blocked, id=371949, stack(0x000064713a300000,0x000064713a400000) (1024K)]
  0x0000711e707b77d0 JavaThread "Thread-22"                         [_thread_blocked, id=371950, stack(0x000064713a200000,0x000064713a300000) (1024K)]
  0x0000711e705b8430 JavaThread "Thread-23"                         [_thread_blocked, id=371951, stack(0x000064713a100000,0x000064713a200000) (1024K)]
  0x0000711e705b9720 JavaThread "Thread-24"                         [_thread_blocked, id=371952, stack(0x000064713a000000,0x000064713a100000) (1024K)]
  0x0000711e705babc0 JavaThread "Thread-25"                         [_thread_blocked, id=371953, stack(0x0000647139f00000,0x000064713a000000) (1024K)]
  0x0000711e705bc450 JavaThread "Thread-26"                         [_thread_blocked, id=371954, stack(0x0000647139e00000,0x0000647139f00000) (1024K)]
  0x0000711e705bdce0 JavaThread "Thread-27"                         [_thread_blocked, id=371955, stack(0x0000647139d00000,0x0000647139e00000) (1024K)]
  0x0000711e705cd940 JavaThread "Thread-28"                         [_thread_blocked, id=371956, stack(0x0000647139c00000,0x0000647139d00000) (1024K)]
  0x0000711e705ceb30 JavaThread "Thread-29"                         [_thread_blocked, id=371957, stack(0x0000647139b00000,0x0000647139c00000) (1024K)]
  0x0000711e705d04e0 JavaThread "Thread-30"                         [_thread_blocked, id=371958, stack(0x0000647139a00000,0x0000647139b00000) (1024K)]
  0x0000711e705d1d70 JavaThread "Thread-31"                         [_thread_blocked, id=371959, stack(0x0000647139900000,0x0000647139a00000) (1024K)]
  0x00006470b4157c60 JavaThread "C2 CompilerThread3"         daemon [_thread_blocked, id=371960, stack(0x0000647139800000,0x0000647139900000) (1024K)]
  0x00006470a80727d0 JavaThread "C2 CompilerThread4"         daemon [_thread_blocked, id=371961, stack(0x0000647139700000,0x0000647139800000) (1024K)]
  0x000064709c0b5520 JavaThread "C2 CompilerThread5"         daemon [_thread_blocked, id=371962, stack(0x0000647139600000,0x0000647139700000) (1024K)]
  0x000064709c0b6c70 JavaThread "C1 CompilerThread4"         daemon [_thread_blocked, id=371963, stack(0x0000647139500000,0x0000647139600000) (1024K)]
  0x00006470ac0d6760 JavaThread "C2 CompilerThread6"         daemon [_thread_blocked, id=371964, stack(0x0000647139400000,0x0000647139500000) (1024K)]
  0x00006470b415b850 JavaThread "C2 CompilerThread7"         daemon [_thread_blocked, id=371965, stack(0x0000647139300000,0x0000647139400000) (1024K)]
  0x0000647000002fa0 JavaThread "C2 CompilerThread8"         daemon [_thread_blocked, id=371966, stack(0x0000647139200000,0x0000647139300000) (1024K)]
  0x0000647008088730 JavaThread "C2 CompilerThread9"         daemon [_thread_blocked, id=371967, stack(0x0000647139100000,0x0000647139200000) (1024K)]
Total: 56

Other Threads:
  0x0000711e70519c80 VMThread "VM Thread"                           [id=371889, stack(0x0000711e75cfd000,0x0000711e75dfd000) (1024K)]
  0x0000711e70507850 WatcherThread "VM Periodic Task Thread"        [id=371888, stack(0x0000711e75dfe000,0x0000711e75efe000) (1024K)]

=>0x0000711e7053c6f0 (exited) NamedThread "MMTk Collector Thread"   [id=371907, stack(0x0000711e747f2000,0x0000711e748f2000) (1024K)]
Total: 3

Threads with active compile tasks:
C2 CompilerThread0  3057 2895       4       org.apache.xerces.impl.XMLNSDocumentScannerImpl::scanAttribute (595 bytes)
C2 CompilerThread1  3057 2965       4       org.apache.xalan.transformer.CountersTable::countNode (300 bytes)
C2 CompilerThread2  3057 2309   !   4       org.apache.xalan.templates.ElemApplyTemplates::transformSelectedNodes (979 bytes)
C2 CompilerThread3  3057 2868       4       org.apache.xerces.xni.XMLString::toString (32 bytes)
C2 CompilerThread4  3057 2893       4       org.apache.xpath.axes.WalkingIterator::nextNode (69 bytes)
C2 CompilerThread5  3057 2917   !   4       org.apache.xerces.impl.XMLDocumentFragmentScannerImpl$FragmentContentDispatcher::dispatch (1118 bytes)
C2 CompilerThread6  3057 2843       4       org.apache.xalan.templates.ElemNumber::getCountMatchPattern (318 bytes)
C2 CompilerThread7  3057 2913       4       org.apache.xml.dtm.ref.DTMDefaultBase::_prevsib (56 bytes)
C2 CompilerThread8  3057 2510       4       org.apache.xml.dtm.ref.DTMDefaultBaseTraversers$ParentTraverser::first (9 bytes)
C2 CompilerThread9  3057 2909       4       org.apache.xpath.axes.WalkingIterator::setRoot (31 bytes)
Total: 10

VM state: at safepoint (normal execution)

VM Mutex/Monitor currently owned by a thread:  ([mutex/lock_event])
[0x0000711e787580d0] Threads_lock - owner thread: 0x0000711e70519c80
[0x0000711e78757fd0] Heap_lock - owner thread: 0x0000711e703e3140

Heap address: 0x0000000040000000, size: 3072 MB, Compressed Oops mode: 32-bit

CDS archive(s) mapped at: [0x000064713b000000-0x000064713bca3000-0x000064713bca3000), size 13250560, SharedBaseAddress: 0x000064713b000000, ArchiveRelocationMode: 1.
Compressed class space mapped at: 0x000064713c000000-0x000064717c000000, reserved size: 1073741824
Narrow klass base: 0x000064713b000000, Narrow klass shift: 0, Narrow klass range: 0x100000000

GC Precious Log:
<Empty>

Heap:

[error occurred during error reporting (printing heap information), id 0xe0000000, Internal Error (/mydata/mmtk-openjdk/openjdk/share/mmtkHeap.cpp:424)]
Metaspace:

Usage:
  Non-class:      6.99 MB used.
      Class:    966.03 KB used.
       Both:      7.94 MB used.

Virtual space:
  Non-class space:       64.00 MB reserved,       7.06 MB ( 11%) committed,  1 nodes.
      Class space:        1.00 GB reserved,       1.06 MB ( <1%) committed,  1 nodes.
             Both:        1.06 GB reserved,       8.12 MB ( <1%) committed. 

Chunk freelists:
   Non-Class:  7.38 MB
       Class:  14.99 MB
        Both:  22.37 MB

MaxMetaspaceSize: unlimited
CompressedClassSpaceSize: 1.00 GB
Initial GC threshold: 21.00 MB
Current GC threshold: 21.00 MB
CDS: on
 - commit_granule_bytes: 65536.
 - commit_granule_words: 8192.
 - virtual_space_node_default_size: 8388608.
 - enlarge_chunks_in_place: 1.
 - use_allocation_guard: 0.


Internal statistics:

num_allocs_failed_limit: 0.
num_arena_births: 124.
num_arena_deaths: 0.
num_vsnodes_births: 2.
num_vsnodes_deaths: 0.
num_space_committed: 130.
num_space_uncommitted: 0.
num_chunks_returned_to_freelist: 0.
num_chunks_taken_from_freelist: 376.
num_chunk_merges: 0.
num_chunk_splits: 261.
num_chunks_enlarged: 201.
num_inconsistent_stats: 0.

CodeHeap 'non-profiled nmethods': size=118880Kb used=1685Kb max_used=1685Kb free=117194Kb
 bounds [0x0000711e603e8000, 0x0000711e60658000, 0x0000711e67800000]
CodeHeap 'profiled nmethods': size=118876Kb used=6577Kb max_used=6577Kb free=112298Kb
 bounds [0x0000711e58800000, 0x0000711e58e70000, 0x0000711e5fc17000]
CodeHeap 'non-nmethods': size=8004Kb used=3537Kb max_used=3601Kb free=4467Kb
 bounds [0x0000711e5fc17000, 0x0000711e5ffa7000, 0x0000711e603e8000]
CodeCache: size=245760Kb, used=11799Kb, max_used=11863Kb, free=233959Kb
 total_blobs=3425, nmethods=2942, adapters=381, full_count=0
Compilation: enabled, stopped_count=0, restarted_count=0

Compilation events (20 events):
Event: 3.028 Thread 0x00006470b4157c60 nmethod 2878 0x0000711e6057ef10 code [0x0000711e6057f0a0, 0x0000711e6057f298]
Event: 3.028 Thread 0x00006470b4157c60 2881       4       org.apache.xalan.transformer.Counter::getPreviouslyCounted (91 bytes)
Event: 3.028 Thread 0x00006470a802f440 2972       3       java.util.Hashtable$Enumerator::<init> (51 bytes)
Event: 3.028 Thread 0x00006470a802f440 nmethod 2972 0x0000711e58e6c190 code [0x0000711e58e6c340, 0x0000711e58e6c578]
Event: 3.047 Thread 0x0000647000002fa0 nmethod 2894 0x0000711e6057f410 code [0x0000711e6057f5c0, 0x0000711e6057f880]
Event: 3.047 Thread 0x0000711e7054bd30 nmethod 2967 0x0000711e6057fb10 code [0x0000711e6057fd00, 0x0000711e605800b0]
Event: 3.047 Thread 0x0000711e7054bd30 2903       4       org.apache.xpath.axes.NodeSequence::setObject (102 bytes)
Event: 3.048 Thread 0x00006470b4157c60 nmethod 2881 0x0000711e60580510 code [0x0000711e60580700, 0x0000711e60580ec0]
Event: 3.048 Thread 0x00006470b4157c60 2868       4       org.apache.xerces.xni.XMLString::toString (32 bytes)
Event: 3.048 Thread 0x0000647000002fa0 2510       4       org.apache.xml.dtm.ref.DTMDefaultBaseTraversers$ParentTraverser::first (9 bytes)
Event: 3.048 Thread 0x0000647008088730 nmethod 2810 0x0000711e60581590 code [0x0000711e60581880, 0x0000711e60583360]
Event: 3.048 Thread 0x0000647008088730 2909       4       org.apache.xpath.axes.WalkingIterator::setRoot (31 bytes)
Event: 3.049 Thread 0x00006470a80727d0 nmethod 2777 0x0000711e60584390 code [0x0000711e605846c0, 0x0000711e60586a38]
Event: 3.049 Thread 0x00006470a80727d0 2893       4       org.apache.xpath.axes.WalkingIterator::nextNode (69 bytes)
Event: 3.049 Thread 0x0000711e7054bd30 nmethod 2903 0x0000711e60587d10 code [0x0000711e60587ea0, 0x0000711e605881c0]
Event: 3.049 Thread 0x0000711e7054bd30 2895       4       org.apache.xerces.impl.XMLNSDocumentScannerImpl::scanAttribute (595 bytes)
Event: 3.050 Thread 0x00006470b415b850 nmethod 2898 0x0000711e60588310 code [0x0000711e60588880, 0x0000711e6058b7a8]
Event: 3.050 Thread 0x00006470b415b850 2757       4       org.apache.xml.dtm.ref.ExpandedNameTable::getExpandedTypeID (2 bytes)
Event: 3.050 Thread 0x00006470b415b850 nmethod 2757 0x0000711e6058d310 code [0x0000711e6058d480, 0x0000711e6058d508]
Event: 3.050 Thread 0x00006470b415b850 2913       4       org.apache.xml.dtm.ref.DTMDefaultBase::_prevsib (56 bytes)

GC Heap History (0 events):
No events

Dll operation events (7 events):
Event: 0.001 Loaded shared library /mydata/openjdk-mmtk/build/b0test/images/jdk/lib/libjava.so
Event: 2.216 Loaded shared library /mydata/openjdk-mmtk/build/b0test/images/jdk/lib/libjsvml.so
Event: 2.230 Loaded shared library /mydata/openjdk-mmtk/build/b0test/images/jdk/lib/libnio.so
Event: 2.233 Loaded shared library /mydata/openjdk-mmtk/build/b0test/images/jdk/lib/libzip.so
Event: 2.247 Loaded shared library /mydata/openjdk-mmtk/build/b0test/images/jdk/lib/libjimage.so
Event: 2.274 Loaded shared library /mydata/openjdk-mmtk/build/b0test/images/jdk/lib/libnet.so
Event: 2.375 Loaded shared library /mydata/openjdk-mmtk/build/b0test/images/jdk/lib/libverify.so

Deoptimization events (20 events):
Event: 2.987 Thread 0x0000711e707bf0c0 DEOPT PACKING pc=0x0000711e60552d48 sp=0x00006471800fdea0
Event: 2.987 Thread 0x0000711e707bf0c0 DEOPT UNPACKING pc=0x0000711e5fc6a899 sp=0x00006471800fde90 mode 2
Event: 2.991 Thread 0x0000711e703dfae0 DEOPT PACKING pc=0x0000711e58cbdfbd sp=0x000064713aafdfd0
Event: 2.991 Thread 0x0000711e703dfae0 DEOPT UNPACKING pc=0x0000711e5fc6b02f sp=0x000064713aafd4c8 mode 0
Event: 2.999 Thread 0x0000711e707bb210 DEOPT PACKING pc=0x0000711e58cbdfbd sp=0x00006471803fdfd0
Event: 2.999 Thread 0x0000711e707bb210 DEOPT UNPACKING pc=0x0000711e5fc6b02f sp=0x00006471803fd4c8 mode 0
Event: 3.001 Thread 0x0000711e707b77d0 DEOPT PACKING pc=0x0000711e58d3a2ac sp=0x000064713a2fe380
Event: 3.001 Thread 0x0000711e707b77d0 DEOPT UNPACKING pc=0x0000711e5fc6b02f sp=0x000064713a2fd8d8 mode 0
Event: 3.007 Thread 0x0000711e707ab340 DEOPT PACKING pc=0x0000711e58cbdfbd sp=0x00006471807fdfd0
Event: 3.007 Thread 0x0000711e707ab340 DEOPT UNPACKING pc=0x0000711e5fc6b02f sp=0x00006471807fd4c8 mode 0
Event: 3.008 Thread 0x0000711e705d1d70 DEOPT PACKING pc=0x0000711e58d3a2ac sp=0x00006471399fe380
Event: 3.008 Thread 0x0000711e705d1d70 DEOPT UNPACKING pc=0x0000711e5fc6b02f sp=0x00006471399fd8d8 mode 0
Event: 3.012 Thread 0x0000711e707b0c40 DEOPT PACKING pc=0x0000711e58d3a2ac sp=0x000064713a7fe3a0
Event: 3.012 Thread 0x0000711e707b0c40 DEOPT UNPACKING pc=0x0000711e5fc6b02f sp=0x000064713a7fd8f8 mode 0
Event: 3.015 Thread 0x0000711e705ceb30 DEOPT PACKING pc=0x0000711e58d3a2ac sp=0x0000647139bfe3a0
Event: 3.015 Thread 0x0000711e705ceb30 DEOPT UNPACKING pc=0x0000711e5fc6b02f sp=0x0000647139bfd8f8 mode 0
Event: 3.019 Thread 0x0000711e707b4c10 DEOPT PACKING pc=0x0000711e58d3a2ac sp=0x000064713a4fe3a0
Event: 3.019 Thread 0x0000711e707b4c10 DEOPT UNPACKING pc=0x0000711e5fc6b02f sp=0x000064713a4fd8f8 mode 0
Event: 3.025 Thread 0x0000711e705bc450 DEOPT PACKING pc=0x0000711e58d3a2ac sp=0x0000647139efe3a0
Event: 3.025 Thread 0x0000711e705bc450 DEOPT UNPACKING pc=0x0000711e5fc6b02f sp=0x0000647139efd8f8 mode 0

Classes loaded (20 events):
Event: 2.645 Loading class java/util/ResourceBundle$KeyElementReference
Event: 2.645 Loading class java/util/ResourceBundle$CacheKeyReference
Event: 2.645 Loading class java/util/ResourceBundle$CacheKeyReference done
Event: 2.645 Loading class java/util/ResourceBundle$KeyElementReference done
Event: 2.646 Loading class java/util/ResourceBundle$Control$2
Event: 2.646 Loading class java/util/ResourceBundle$Control$2 done
Event: 2.647 Loading class sun/util/PropertyResourceBundleCharset
Event: 2.647 Loading class sun/util/PropertyResourceBundleCharset done
Event: 2.647 Loading class sun/util/PropertyResourceBundleCharset$PropertiesFileDecoder
Event: 2.647 Loading class sun/util/PropertyResourceBundleCharset$PropertiesFileDecoder done
Event: 2.648 Loading class java/util/ResourceBundle$BundleReference
Event: 2.648 Loading class java/util/ResourceBundle$BundleReference done
Event: 2.648 Loading class sun/util/ResourceBundleEnumeration
Event: 2.648 Loading class sun/util/ResourceBundleEnumeration done
Event: 2.656 Loading class sun/nio/cs/ISO_8859_1$Encoder
Event: 2.657 Loading class sun/nio/cs/ISO_8859_1$Encoder done
Event: 2.684 Loading class java/util/ResourceBundle$Control$1
Event: 2.684 Loading class java/util/ResourceBundle$Control$1 done
Event: 2.711 Loading class java/lang/foreign/MemorySegment
Event: 2.711 Loading class java/lang/foreign/MemorySegment done

Classes unloaded (0 events):
No events

Classes redefined (0 events):
No events

Internal exceptions (13 events):
Event: 2.240 Thread 0x0000711e7002b240 Exception <a 'java/lang/NoSuchMethodError'{0x0000000040334090}: 'java.lang.Object java.lang.invoke.DirectMethodHandle$Holder.newInvokeSpecial(java.lang.Object, int, java.lang.Object)'> (0x0000000040334090) 
thrown [src/hotspot/share/interpreter/linkResolver.cpp, line 772]
Event: 2.250 Thread 0x0000711e7002b240 Exception <a 'java/lang/NoSuchMethodError'{0x00000000402f9e28}: 'void java.lang.invoke.DirectMethodHandle$Holder.invokeStatic(java.lang.Object, java.lang.Object)'> (0x00000000402f9e28) 
thrown [src/hotspot/share/interpreter/linkResolver.cpp, line 772]
Event: 2.250 Thread 0x0000711e7002b240 Exception <a 'java/lang/NoSuchMethodError'{0x00000000402fd820}: 'void java.lang.invoke.DirectMethodHandle$Holder.invokeSpecial(java.lang.Object, java.lang.Object, java.lang.Object)'> (0x00000000402fd820) 
thrown [src/hotspot/share/interpreter/linkResolver.cpp, line 772]
Event: 2.293 Thread 0x0000711e7002b240 Exception <a 'java/lang/NoSuchMethodError'{0x00000000401b5ca8}: 'void java.lang.invoke.DirectMethodHandle$Holder.invokeVirtual(java.lang.Object, java.lang.Object)'> (0x00000000401b5ca8) 
thrown [src/hotspot/share/interpreter/linkResolver.cpp, line 772]
Event: 2.301 Thread 0x0000711e7002b240 Exception <a 'java/io/FileNotFoundException'{0x0000000040188bc0}> (0x0000000040188bc0) 
thrown [src/hotspot/share/prims/jni.cpp, line 520]
Event: 2.311 Thread 0x0000711e7002b240 Exception <a 'java/lang/NoSuchMethodError'{0x00000000401298c8}: 'java.lang.Object java.lang.invoke.Invokers$Holder.invokeExact_MT(java.lang.Object, java.lang.Object, java.lang.Object, java.lang.Object, java.lang.Object)'> (0x00000000401298c8) 
thrown [src/hotspot/share/interpreter/linkResolver.cpp, line 772]
Event: 2.500 Thread 0x0000711e7002b240 Exception <a 'java/lang/NoSuchMethodError'{0x0000000040ebaeb0}: 'void java.lang.invoke.DirectMethodHandle$Holder.invokeVirtual(java.lang.Object, java.lang.Object, int)'> (0x0000000040ebaeb0) 
thrown [src/hotspot/share/interpreter/linkResolver.cpp, line 772]
Event: 2.500 Thread 0x0000711e7002b240 Exception <a 'java/lang/NoSuchMethodError'{0x0000000040ebf5d8}: 'int java.lang.invoke.DirectMethodHandle$Holder.invokeSpecial(java.lang.Object, java.lang.Object, java.lang.Object, int)'> (0x0000000040ebf5d8) 
thrown [src/hotspot/share/interpreter/linkResolver.cpp, line 772]
Event: 2.502 Thread 0x0000711e7002b240 Exception <a 'java/lang/NoSuchMethodError'{0x0000000040e98930}: 'java.lang.Object java.lang.invoke.DirectMethodHandle$Holder.invokeStatic(java.lang.Object, java.lang.Object, java.lang.Object, java.lang.Object, int)'> (0x0000000040e98930) 
thrown [src/hotspot/share/interpreter/linkResolver.cpp, line 772]
Event: 2.503 Thread 0x0000711e7002b240 Exception <a 'java/lang/NoSuchMethodError'{0x0000000040e93b30}: 'void java.lang.invoke.DelegatingMethodHandle$Holder.reinvoke_L(java.lang.Object, java.lang.Object, int)'> (0x0000000040e93b30) 
thrown [src/hotspot/share/interpreter/linkResolver.cpp, line 772]
Event: 2.504 Thread 0x0000711e7002b240 Exception <a 'java/lang/NoSuchMethodError'{0x0000000040e8a8a0}: 'int java.lang.invoke.DirectMethodHandle$Holder.invokeSpecial(java.lang.Object, java.lang.Object, java.lang.Object)'> (0x0000000040e8a8a0) 
thrown [src/hotspot/share/interpreter/linkResolver.cpp, line 772]
Event: 2.575 Thread 0x0000711e7002b240 Exception <a 'java/lang/NoSuchMethodError'{0x00000000413be268}: 'void java.lang.invoke.DelegatingMethodHandle$Holder.reinvoke_L(java.lang.Object, java.lang.Object, int, int)'> (0x00000000413be268) 
thrown [src/hotspot/share/interpreter/linkResolver.cpp, line 772]
Event: 2.643 Thread 0x0000711e705b8430 Exception <a 'java/lang/NoSuchMethodError'{0x0000000040dd69a0}: 'java.lang.Object java.lang.invoke.DirectMethodHandle$Holder.invokeInterface(java.lang.Object, java.lang.Object)'> (0x0000000040dd69a0) 
thrown [src/hotspot/share/interpreter/linkResolver.cpp, line 772]

ZGC Phase Switch (0 events):
No events

VM Operations (20 events):
Event: 2.767 Executing VM operation: ICBufferFull done
Event: 2.772 Executing VM operation: ICBufferFull
Event: 2.773 Executing VM operation: ICBufferFull done
Event: 2.777 Executing VM operation: ICBufferFull
Event: 2.777 Executing VM operation: ICBufferFull done
Event: 2.781 Executing VM operation: ICBufferFull
Event: 2.785 Executing VM operation: ICBufferFull done
Event: 2.785 Executing VM operation: ICBufferFull
Event: 2.785 Executing VM operation: ICBufferFull done
Event: 2.785 Executing VM operation: ICBufferFull
Event: 2.785 Executing VM operation: ICBufferFull done
Event: 2.785 Executing VM operation: ICBufferFull
Event: 2.786 Executing VM operation: ICBufferFull done
Event: 2.789 Executing VM operation: ICBufferFull
Event: 2.793 Executing VM operation: ICBufferFull done
Event: 2.981 Executing VM operation: ICBufferFull
Event: 2.981 Executing VM operation: ICBufferFull done
Event: 3.030 Executing VM operation: ThirdPartyHeapOperation
Event: 3.047 Executing VM operation: ThirdPartyHeapOperation done
Event: 3.050 Executing VM operation: ThirdPartyHeapOperation

Memory protections (20 events):
Event: 2.610 Protecting memory [0x000064713a400000,0x000064713a404000] with protection modes 0
Event: 2.610 Protecting memory [0x000064713a300000,0x000064713a304000] with protection modes 0
Event: 2.611 Protecting memory [0x000064713a200000,0x000064713a204000] with protection modes 0
Event: 2.611 Protecting memory [0x000064713a100000,0x000064713a104000] with protection modes 0
Event: 2.611 Protecting memory [0x000064713a000000,0x000064713a004000] with protection modes 0
Event: 2.611 Protecting memory [0x0000647139f00000,0x0000647139f04000] with protection modes 0
Event: 2.611 Protecting memory [0x0000647139e00000,0x0000647139e04000] with protection modes 0
Event: 2.611 Protecting memory [0x0000647139d00000,0x0000647139d04000] with protection modes 0
Event: 2.611 Protecting memory [0x0000647139c00000,0x0000647139c04000] with protection modes 0
Event: 2.611 Protecting memory [0x0000647139b00000,0x0000647139b04000] with protection modes 0
Event: 2.611 Protecting memory [0x0000647139a00000,0x0000647139a04000] with protection modes 0
Event: 2.611 Protecting memory [0x0000647139900000,0x0000647139904000] with protection modes 0
Event: 2.673 Protecting memory [0x0000647139800000,0x0000647139804000] with protection modes 0
Event: 2.683 Protecting memory [0x0000647139700000,0x0000647139704000] with protection modes 0
Event: 2.690 Protecting memory [0x0000647139600000,0x0000647139604000] with protection modes 0
Event: 2.690 Protecting memory [0x0000647139500000,0x0000647139504000] with protection modes 0
Event: 2.691 Protecting memory [0x0000647139400000,0x0000647139404000] with protection modes 0
Event: 2.691 Protecting memory [0x0000647139300000,0x0000647139304000] with protection modes 0
Event: 2.701 Protecting memory [0x0000647139200000,0x0000647139204000] with protection modes 0
Event: 2.712 Protecting memory [0x0000647139100000,0x0000647139104000] with protection modes 0

Nmethod flushes (0 events):
No events

Events (20 events):
Event: 2.610 Thread 0x0000711e7002b240 Thread added: 0x0000711e707b4c10
Event: 2.610 Thread 0x0000711e7002b240 Thread added: 0x0000711e707b61f0
Event: 2.611 Thread 0x0000711e7002b240 Thread added: 0x0000711e707b77d0
Event: 2.611 Thread 0x0000711e7002b240 Thread added: 0x0000711e705b8430
Event: 2.611 Thread 0x0000711e7002b240 Thread added: 0x0000711e705b9720
Event: 2.611 Thread 0x0000711e7002b240 Thread added: 0x0000711e705babc0
Event: 2.611 Thread 0x0000711e7002b240 Thread added: 0x0000711e705bc450
Event: 2.611 Thread 0x0000711e7002b240 Thread added: 0x0000711e705bdce0
Event: 2.611 Thread 0x0000711e7002b240 Thread added: 0x0000711e705cd940
Event: 2.611 Thread 0x0000711e7002b240 Thread added: 0x0000711e705ceb30
Event: 2.611 Thread 0x0000711e7002b240 Thread added: 0x0000711e705d04e0
Event: 2.611 Thread 0x0000711e7002b240 Thread added: 0x0000711e705d1d70
Event: 2.673 Thread 0x0000711e70555700 Thread added: 0x00006470b4157c60
Event: 2.682 Thread 0x00006470b404da00 Thread added: 0x00006470a80727d0
Event: 2.690 Thread 0x00006470a802f440 Thread added: 0x000064709c0b5520
Event: 2.690 Thread 0x00006470a802f440 Thread added: 0x000064709c0b6c70
Event: 2.691 Thread 0x00006470b404f040 Thread added: 0x00006470ac0d6760
Event: 2.691 Thread 0x0000711e70555700 Thread added: 0x00006470b415b850
Event: 2.701 Thread 0x000064709c0b6c70 Thread added: 0x0000647000002fa0
Event: 2.712 Thread 0x00006470a80727d0 Thread added: 0x0000647008088730


Dynamic libraries:
40000000-40400000 rw-p 00000000 00:00 0                                  [anon:mmtk:space:immix]
40400000-40800000 rw-p 00000000 00:00 0                                  [anon:mmtk:space:los]
40800000-41400000 rw-p 00000000 00:00 0                                  [anon:mmtk:space:immix]
41400000-41800000 rw-p 00000000 00:00 0                                  [anon:mmtk:space:los]
41800000-41c00000 rw-p 00000000 00:00 0                                  [anon:mmtk:space:immix]
41c00000-42000000 rw-p 00000000 00:00 0                                  [anon:mmtk:space:los]
42000000-42400000 rw-p 00000000 00:00 0                                  [anon:mmtk:space:immix]
42400000-42800000 rw-p 00000000 00:00 0                                  [anon:mmtk:space:los]
42800000-43000000 rw-p 00000000 00:00 0                                  [anon:mmtk:space:immix]
43000000-43400000 rw-p 00000000 00:00 0                                  [anon:mmtk:space:los]
43400000-43c00000 rw-p 00000000 00:00 0                                  [anon:mmtk:space:immix]
43c00000-44000000 rw-p 00000000 00:00 0                                  [anon:mmtk:space:los]
44000000-44400000 rw-p 00000000 00:00 0                                  [anon:mmtk:space:immix]
44400000-44800000 rw-p 00000000 00:00 0                                  [anon:mmtk:space:los]
44800000-45000000 rw-p 00000000 00:00 0                                  [anon:mmtk:space:immix]
45000000-45400000 rw-p 00000000 00:00 0                                  [anon:mmtk:space:los]
45400000-45c00000 rw-p 00000000 00:00 0                                  [anon:mmtk:space:immix]
45c00000-46000000 rw-p 00000000 00:00 0                                  [anon:mmtk:space:los]
46000000-46400000 rw-p 00000000 00:00 0                                  [anon:mmtk:space:immix]
46400000-46800000 rw-p 00000000 00:00 0                                  [anon:mmtk:space:los]
46800000-46c00000 rw-p 00000000 00:00 0                                  [anon:mmtk:space:immix]
46c00000-47000000 rw-p 00000000 00:00 0                                  [anon:mmtk:space:los]
47000000-47800000 rw-p 00000000 00:00 0                                  [anon:mmtk:space:immix]
47800000-47c00000 rw-p 00000000 00:00 0                                  [anon:mmtk:space:los]
47c00000-48000000 rw-p 00000000 00:00 0                                  [anon:mmtk:space:immix]
48000000-48400000 rw-p 00000000 00:00 0                                  [anon:mmtk:space:los]
48400000-48c00000 rw-p 00000000 00:00 0                                  [anon:mmtk:space:immix]
48c00000-49000000 rw-p 00000000 00:00 0                                  [anon:mmtk:space:los]
49000000-49400000 rw-p 00000000 00:00 0                                  [anon:mmtk:space:immix]
49400000-49800000 rw-p 00000000 00:00 0                                  [anon:mmtk:space:los]
49800000-4a000000 rw-p 00000000 00:00 0                                  [anon:mmtk:space:immix]
4a000000-4a400000 rw-p 00000000 00:00 0                                  [anon:mmtk:space:los]
4a400000-4ac00000 rw-p 00000000 00:00 0                                  [anon:mmtk:space:immix]
4ac00000-4b000000 rw-p 00000000 00:00 0                                  [anon:mmtk:space:los]
4b000000-4b400000 rw-p 00000000 00:00 0                                  [anon:mmtk:space:immix]
4b400000-4b800000 rw-p 00000000 00:00 0                                  [anon:mmtk:space:los]
4b800000-4c000000 rw-p 00000000 00:00 0                                  [anon:mmtk:space:immix]
4c000000-4c400000 rw-p 00000000 00:00 0                                  [anon:mmtk:space:los]
4c400000-4cc00000 rw-p 00000000 00:00 0                                  [anon:mmtk:space:immix]
4cc00000-4d000000 rw-p 00000000 00:00 0                                  [anon:mmtk:space:los]
4d000000-4d400000 rw-p 00000000 00:00 0                                  [anon:mmtk:space:immix]
4d400000-4d800000 rw-p 00000000 00:00 0                                  [anon:mmtk:space:los]
4d800000-4e000000 rw-p 00000000 00:00 0                                  [anon:mmtk:space:immix]
4e000000-4e400000 rw-p 00000000 00:00 0                                  [anon:mmtk:space:los]
4e400000-4e800000 rw-p 00000000 00:00 0                                  [anon:mmtk:space:immix]
4e800000-4ec00000 rw-p 00000000 00:00 0                                  [anon:mmtk:space:los]
4ec00000-4f400000 rw-p 00000000 00:00 0                                  [anon:mmtk:space:immix]
4f400000-4f800000 rw-p 00000000 00:00 0                                  [anon:mmtk:space:los]
4f800000-50000000 rw-p 00000000 00:00 0                                  [anon:mmtk:space:immix]
50000000-50400000 rw-p 00000000 00:00 0                                  [anon:mmtk:space:los]
200000000000-2000c00c0000 rw-s 00000000 00:10 68                         anon_inode:bpf-map
5f4c37a54000-5f4c37a55000 r--p 00000000 fc:00 49676337                   /mydata/openjdk-mmtk/build/b0test/images/jdk/bin/java
5f4c37a55000-5f4c37a56000 r-xp 00001000 fc:00 49676337                   /mydata/openjdk-mmtk/build/b0test/images/jdk/bin/java
5f4c37a56000-5f4c37a57000 r--p 00002000 fc:00 49676337                   /mydata/openjdk-mmtk/build/b0test/images/jdk/bin/java
5f4c37a57000-5f4c37a58000 r--p 00002000 fc:00 49676337                   /mydata/openjdk-mmtk/build/b0test/images/jdk/bin/java
5f4c37a58000-5f4c37a59000 rw-p 00003000 fc:00 49676337                   /mydata/openjdk-mmtk/build/b0test/images/jdk/bin/java
5f4c6461c000-5f4c64664000 rw-p 00000000 00:00 0                          [heap]
646ff0000000-646ff06f9000 rw-p 00000000 00:00 0 
646ff06f9000-646ff4000000 ---p 00000000 00:00 0 
646ff8000000-646ff86e1000 rw-p 00000000 00:00 0 
646ff86e1000-646ffc000000 ---p 00000000 00:00 0 
646ffc000000-646ffc5d4000 rw-p 00000000 00:00 0 
646ffc5d4000-647000000000 ---p 00000000 00:00 0 
647000000000-6470001c6000 rw-p 00000000 00:00 0 
6470001c6000-647004000000 ---p 00000000 00:00 0 
647004000000-6470043bf000 rw-p 00000000 00:00 0 
6470043bf000-647008000000 ---p 00000000 00:00 0 
647008000000-647008813000 rw-p 00000000 00:00 0 
647008813000-64700c000000 ---p 00000000 00:00 0 
64700c000000-64700c440000 rw-p 00000000 00:00 0 
64700c440000-647010000000 ---p 00000000 00:00 0 
647010000000-647010021000 rw-p 00000000 00:00 0 
647010021000-647014000000 ---p 00000000 00:00 0 
647014000000-6470145aa000 rw-p 00000000 00:00 0 
6470145aa000-647018000000 ---p 00000000 00:00 0 
647018000000-647018029000 rw-p 00000000 00:00 0 
647018029000-64701c000000 ---p 00000000 00:00 0 
64701c000000-64701c021000 rw-p 00000000 00:00 0 
64701c021000-647020000000 ---p 00000000 00:00 0 
647020000000-647020021000 rw-p 00000000 00:00 0 
647020021000-647024000000 ---p 00000000 00:00 0 
647024000000-647024024000 rw-p 00000000 00:00 0 
647024024000-647028000000 ---p 00000000 00:00 0 
647028000000-647028021000 rw-p 00000000 00:00 0 
647028021000-64702c000000 ---p 00000000 00:00 0 
64702c000000-64702c021000 rw-p 00000000 00:00 0 
64702c021000-647030000000 ---p 00000000 00:00 0 
647030000000-64703006b000 rw-p 00000000 00:00 0 
64703006b000-647034000000 ---p 00000000 00:00 0 
647034000000-647034021000 rw-p 00000000 00:00 0 
647034021000-647038000000 ---p 00000000 00:00 0 
647038000000-647038024000 rw-p 00000000 00:00 0 
647038024000-64703c000000 ---p 00000000 00:00 0 
64703c000000-64703c021000 rw-p 00000000 00:00 0 
64703c021000-647040000000 ---p 00000000 00:00 0 
647040000000-647040028000 rw-p 00000000 00:00 0 
647040028000-647044000000 ---p 00000000 00:00 0 
647044000000-647044034000 rw-p 00000000 00:00 0 
647044034000-647048000000 ---p 00000000 00:00 0 
647048000000-647048025000 rw-p 00000000 00:00 0 
647048025000-64704c000000 ---p 00000000 00:00 0 
64704c000000-64704c026000 rw-p 00000000 00:00 0 
64704c026000-647050000000 ---p 00000000 00:00 0 
647050000000-647050021000 rw-p 00000000 00:00 0 
647050021000-647054000000 ---p 00000000 00:00 0 
647054000000-647054021000 rw-p 00000000 00:00 0 
647054021000-647058000000 ---p 00000000 00:00 0 
647058000000-647058021000 rw-p 00000000 00:00 0 
647058021000-64705c000000 ---p 00000000 00:00 0 
64705c000000-64705c023000 rw-p 00000000 00:00 0 
64705c023000-647060000000 ---p 00000000 00:00 0 
647060000000-647060054000 rw-p 00000000 00:00 0 
647060054000-647064000000 ---p 00000000 00:00 0 
647064000000-647064021000 rw-p 00000000 00:00 0 
647064021000-647068000000 ---p 00000000 00:00 0 
647068000000-64706805d000 rw-p 00000000 00:00 0 
64706805d000-64706c000000 ---p 00000000 00:00 0 
64706c000000-64706c038000 rw-p 00000000 00:00 0 
64706c038000-647070000000 ---p 00000000 00:00 0 
647070000000-647070021000 rw-p 00000000 00:00 0 
647070021000-647074000000 ---p 00000000 00:00 0 
647074000000-647074024000 rw-p 00000000 00:00 0 
647074024000-647078000000 ---p 00000000 00:00 0 
647078000000-647078021000 rw-p 00000000 00:00 0 
647078021000-64707c000000 ---p 00000000 00:00 0 
64707c000000-64707c021000 rw-p 00000000 00:00 0 
64707c021000-647080000000 ---p 00000000 00:00 0 
647080000000-647080021000 rw-p 00000000 00:00 0 
647080021000-647084000000 ---p 00000000 00:00 0 
647084000000-647084021000 rw-p 00000000 00:00 0 
647084021000-647088000000 ---p 00000000 00:00 0 
647088000000-647088021000 rw-p 00000000 00:00 0 
647088021000-64708c000000 ---p 00000000 00:00 0 
64708c000000-64708c03d000 rw-p 00000000 00:00 0 
64708c03d000-647090000000 ---p 00000000 00:00 0 
647090000000-647090970000 rw-p 00000000 00:00 0 
647090970000-647094000000 ---p 00000000 00:00 0 
647094000000-647094021000 rw-p 00000000 00:00 0 
647094021000-647098000000 ---p 00000000 00:00 0 
647098000000-64709895a000 rw-p 00000000 00:00 0 
64709895a000-64709c000000 ---p 00000000 00:00 0 
64709c000000-64709c29e000 rw-p 00000000 00:00 0 
64709c29e000-6470a0000000 ---p 00000000 00:00 0 
6470a0000000-6470a0021000 rw-p 00000000 00:00 0 
6470a0021000-6470a4000000 ---p 00000000 00:00 0 
6470a4000000-6470a4021000 rw-p 00000000 00:00 0 
6470a4021000-6470a8000000 ---p 00000000 00:00 0 
6470a8000000-6470a828b000 rw-p 00000000 00:00 0 
6470a828b000-6470ac000000 ---p 00000000 00:00 0 
6470ac000000-6470ac228000 rw-p 00000000 00:00 0 
6470ac228000-6470b0000000 ---p 00000000 00:00 0 
6470b0000000-6470b06d3000 rw-p 00000000 00:00 0 
6470b06d3000-6470b4000000 ---p 00000000 00:00 0 
6470b4000000-6470b424b000 rw-p 00000000 00:00 0 
6470b424b000-6470b8000000 ---p 00000000 00:00 0 
6470b8000000-6470b8021000 rw-p 00000000 00:00 0 
6470b8021000-6470bc000000 ---p 00000000 00:00 0 
6470bc000000-6470bc021000 rw-p 00000000 00:00 0 
6470bc021000-6470c0000000 ---p 00000000 00:00 0 
6470c0000000-6470c002b000 rw-p 00000000 00:00 0 
6470c002b000-6470c4000000 ---p 00000000 00:00 0 
6470c4000000-6470c4021000 rw-p 00000000 00:00 0 
6470c4021000-6470c8000000 ---p 00000000 00:00 0 
6470c8000000-6470c8021000 rw-p 00000000 00:00 0 
6470c8021000-6470cc000000 ---p 00000000 00:00 0 
6470cc000000-6470cc021000 rw-p 00000000 00:00 0 
6470cc021000-6470d0000000 ---p 00000000 00:00 0 
6470d0000000-6470d0054000 rw-p 00000000 00:00 0 
6470d0054000-6470d4000000 ---p 00000000 00:00 0 
6470d4000000-6470d4021000 rw-p 00000000 00:00 0 
6470d4021000-6470d8000000 ---p 00000000 00:00 0 
6470d8000000-6470d8033000 rw-p 00000000 00:00 0 
6470d8033000-6470dc000000 ---p 00000000 00:00 0 
6470dc000000-6470dc023000 rw-p 00000000 00:00 0 
6470dc023000-6470e0000000 ---p 00000000 00:00 0 
6470e0000000-6470e00ec000 rw-p 00000000 00:00 0 
6470e00ec000-6470e4000000 ---p 00000000 00:00 0 
6470e4000000-6470e4028000 rw-p 00000000 00:00 0 
6470e4028000-6470e8000000 ---p 00000000 00:00 0 
6470e8000000-6470e8022000 rw-p 00000000 00:00 0 
6470e8022000-6470ec000000 ---p 00000000 00:00 0 
6470ec000000-6470ec021000 rw-p 00000000 00:00 0 
6470ec021000-6470f0000000 ---p 00000000 00:00 0 
6470f0000000-6470f002b000 rw-p 00000000 00:00 0 
6470f002b000-6470f4000000 ---p 00000000 00:00 0 
6470f4000000-6470f4021000 rw-p 00000000 00:00 0 
6470f4021000-6470f8000000 ---p 00000000 00:00 0 
6470f8000000-6470f8042000 rw-p 00000000 00:00 0 
6470f8042000-6470fc000000 ---p 00000000 00:00 0 
6470fc000000-6470fc036000 rw-p 00000000 00:00 0 
6470fc036000-647100000000 ---p 00000000 00:00 0 
647100000000-647100022000 rw-p 00000000 00:00 0 
647100022000-647104000000 ---p 00000000 00:00 0 
647104000000-647104033000 rw-p 00000000 00:00 0 
647104033000-647108000000 ---p 00000000 00:00 0 
647108000000-6471080d2000 rw-p 00000000 00:00 0 
6471080d2000-64710c000000 ---p 00000000 00:00 0 
64710c000000-64710c021000 rw-p 00000000 00:00 0 
64710c021000-647110000000 ---p 00000000 00:00 0 
647110000000-647110043000 rw-p 00000000 00:00 0 
647110043000-647114000000 ---p 00000000 00:00 0 
647114000000-64711402c000 rw-p 00000000 00:00 0 
64711402c000-647118000000 ---p 00000000 00:00 0 
647118000000-64711802b000 rw-p 00000000 00:00 0 
64711802b000-64711c000000 ---p 00000000 00:00 0 
64711c000000-64711c052000 rw-p 00000000 00:00 0 
64711c052000-647120000000 ---p 00000000 00:00 0 
647120000000-647120021000 rw-p 00000000 00:00 0 
647120021000-647124000000 ---p 00000000 00:00 0 
647124000000-647124021000 rw-p 00000000 00:00 0 
647124021000-647128000000 ---p 00000000 00:00 0 
647128000000-647128021000 rw-p 00000000 00:00 0 
647128021000-64712c000000 ---p 00000000 00:00 0 
64712c000000-64712c021000 rw-p 00000000 00:00 0 
64712c021000-647130000000 ---p 00000000 00:00 0 
647130000000-647130270000 rw-p 00000000 00:00 0 
647130270000-647130400000 ---p 00000000 00:00 0 
647130400000-6471308a0000 rw-p 00000000 00:00 0 
6471308a0000-647134000000 ---p 00000000 00:00 0 
647134000000-647134021000 rw-p 00000000 00:00 0 
647134021000-647138000000 ---p 00000000 00:00 0 
647139100000-647139104000 ---p 00000000 00:00 0 
647139104000-647139200000 rw-p 00000000 00:00 0 
647139200000-647139204000 ---p 00000000 00:00 0 
647139204000-647139300000 rw-p 00000000 00:00 0 
647139300000-647139304000 ---p 00000000 00:00 0 
647139304000-647139400000 rw-p 00000000 00:00 0 
647139400000-647139404000 ---p 00000000 00:00 0 
647139404000-647139500000 rw-p 00000000 00:00 0 
647139500000-647139504000 ---p 00000000 00:00 0 
647139504000-647139600000 rw-p 00000000 00:00 0 
647139600000-647139604000 ---p 00000000 00:00 0 
647139604000-647139700000 rw-p 00000000 00:00 0 
647139700000-647139704000 ---p 00000000 00:00 0 
647139704000-647139800000 rw-p 00000000 00:00 0 
647139800000-647139804000 ---p 00000000 00:00 0 
647139804000-647139900000 rw-p 00000000 00:00 0 
647139900000-647139904000 ---p 00000000 00:00 0 
647139904000-647139a00000 rw-p 00000000 00:00 0 
647139a00000-647139a04000 ---p 00000000 00:00 0 
647139a04000-647139b00000 rw-p 00000000 00:00 0 
647139b00000-647139b04000 ---p 00000000 00:00 0 
647139b04000-647139c00000 rw-p 00000000 00:00 0 
647139c00000-647139c04000 ---p 00000000 00:00 0 
647139c04000-647139d00000 rw-p 00000000 00:00 0 
647139d00000-647139d04000 ---p 00000000 00:00 0 
647139d04000-647139e00000 rw-p 00000000 00:00 0 
647139e00000-647139e04000 ---p 00000000 00:00 0 
647139e04000-647139f00000 rw-p 00000000 00:00 0 
647139f00000-647139f04000 ---p 00000000 00:00 0 
647139f04000-64713a000000 rw-p 00000000 00:00 0 
64713a000000-64713a004000 ---p 00000000 00:00 0 
64713a004000-64713a100000 rw-p 00000000 00:00 0 
64713a100000-64713a104000 ---p 00000000 00:00 0 
64713a104000-64713a200000 rw-p 00000000 00:00 0 
64713a200000-64713a204000 ---p 00000000 00:00 0 
64713a204000-64713a300000 rw-p 00000000 00:00 0 
64713a300000-64713a304000 ---p 00000000 00:00 0 
64713a304000-64713a400000 rw-p 00000000 00:00 0 
64713a400000-64713a404000 ---p 00000000 00:00 0 
64713a404000-64713a500000 rw-p 00000000 00:00 0 
64713a500000-64713a504000 ---p 00000000 00:00 0 
64713a504000-64713a600000 rw-p 00000000 00:00 0 
64713a600000-64713a604000 ---p 00000000 00:00 0 
64713a604000-64713a700000 rw-p 00000000 00:00 0 
64713a700000-64713a704000 ---p 00000000 00:00 0 
64713a704000-64713a800000 rw-p 00000000 00:00 0 
64713a800000-64713a804000 ---p 00000000 00:00 0 
64713a804000-64713a900000 rw-p 00000000 00:00 0 
64713a900000-64713a904000 ---p 00000000 00:00 0 
64713a904000-64713aa00000 rw-p 00000000 00:00 0 
64713aa00000-64713aa04000 ---p 00000000 00:00 0 
64713aa04000-64713ab00000 rw-p 00000000 00:00 0 
64713ab00000-64713ab04000 ---p 00000000 00:00 0 
64713ab04000-64713ac00000 rw-p 00000000 00:00 0 
64713ac00000-64713ac04000 ---p 00000000 00:00 0 
64713ac04000-64713ad00000 rw-p 00000000 00:00 0 
64713ad00000-64713ad04000 ---p 00000000 00:00 0 
64713ad04000-64713ae00000 rw-p 00000000 00:00 0 
64713ae00000-64713ae04000 ---p 00000000 00:00 0 
64713ae04000-64713af00000 rw-p 00000000 00:00 0 
64713af00000-64713af04000 ---p 00000000 00:00 0 
64713af04000-64713b000000 rw-p 00000000 00:00 0 
64713b000000-64713bca3000 rw-p 00001000 fc:00 49677042                   /mydata/openjdk-mmtk/build/b0test/images/jdk/lib/server/classes.jsa
64713bca3000-64713c000000 ---p 00000000 00:00 0 
64713c000000-64713c040000 rw-p 00000000 00:00 0 
64713c040000-64713c110000 rw-p 00000000 00:00 0 
64713c110000-64717c000000 ---p 00000000 00:00 0 
64717c000000-64717c021000 rw-p 00000000 00:00 0 
64717c021000-647180004000 ---p 00000000 00:00 0 
647180004000-647180100000 rw-p 00000000 00:00 0 
647180100000-647180104000 ---p 00000000 00:00 0 
647180104000-647180200000 rw-p 00000000 00:00 0 
647180200000-647180204000 ---p 00000000 00:00 0 
647180204000-647180300000 rw-p 00000000 00:00 0 
647180300000-647180304000 ---p 00000000 00:00 0 
647180304000-647180400000 rw-p 00000000 00:00 0 
647180400000-647180404000 ---p 00000000 00:00 0 
647180404000-647180500000 rw-p 00000000 00:00 0 
647180500000-647180504000 ---p 00000000 00:00 0 
647180504000-647180600000 rw-p 00000000 00:00 0 
647180600000-647180604000 ---p 00000000 00:00 0 
647180604000-647180700000 rw-p 00000000 00:00 0 
647180700000-647180704000 ---p 00000000 00:00 0 
647180704000-647180800000 rw-p 00000000 00:00 0 
647180800000-647180804000 ---p 00000000 00:00 0 
647180804000-647180900000 rw-p 00000000 00:00 0 
647180900000-647180904000 ---p 00000000 00:00 0 
647180904000-647180a00000 rw-p 00000000 00:00 0 
647180a00000-647180a04000 ---p 00000000 00:00 0 
647180a04000-647180b00000 rw-p 00000000 00:00 0 
647180b00000-647180b04000 ---p 00000000 00:00 0 
647180b04000-647180c00000 rw-p 00000000 00:00 0 
647180c00000-647180c04000 ---p 00000000 00:00 0 
647180c04000-647180d00000 rw-p 00000000 00:00 0 
647180d00000-647180d04000 ---p 00000000 00:00 0 
647180d04000-647180e00000 rw-p 00000000 00:00 0 
647180e00000-647180e04000 ---p 00000000 00:00 0 
647180e04000-647180f00000 rw-p 00000000 00:00 0 
647180f00000-647180f04000 ---p 00000000 00:00 0 
647180f04000-647181000000 rw-p 00000000 00:00 0 
647181000000-647181004000 ---p 00000000 00:00 0 
647181004000-647181100000 rw-p 00000000 00:00 0 
647181100000-647181104000 ---p 00000000 00:00 0 
647181104000-647181200000 rw-p 00000000 00:00 0 
647181200000-647184200000 rw-p 00000000 00:00 0 
6471842fc000-647184300000 ---p 00000000 00:00 0 
647184300000-6471843fc000 rw-p 00000000 00:00 0 
6471843fc000-6471b4400000 rw-p 00000000 00:00 0 
6471b4400000-6471b5400000 ---p 00000000 00:00 0                          [anon:mmtk:sidemeta:all:all-quarantined]
6471b5400000-6471b5800000 rw-p 00000000 00:00 0                          [anon:mmtk:sidemeta:immix:VO_BIT]
6471b5800000-6471b5c00000 rw-p 00000000 00:00 0                          [anon:mmtk:sidemeta:los:VO_BIT]
6471b5c00000-6671b6400000 ---p 00000000 00:00 0                          [anon:mmtk:sidemeta:all:all-quarantined]
6671b6400000-6671b6800000 rw-p 00000000 00:00 0                          [anon:mmtk:sidemeta:immix:CHUNK_MARK]
6671b6800000-6671b9400000 ---p 00000000 00:00 0                          [anon:mmtk:sidemeta:all:all-quarantined]
6671b9400000-6671b9800000 rw-p 00000000 00:00 0                          [anon:mmtk:sidemeta:immix:VMGlobalLogBitSpec]
6671b9800000-6671b9c00000 rw-p 00000000 00:00 0                          [anon:mmtk:sidemeta:los:VMGlobalLogBitSpec]
6671b9c00000-6879b8800000 ---p 00000000 00:00 0                          [anon:mmtk:sidemeta:all:all-quarantined]
6879b8800000-6879b8c00000 rw-p 00000000 00:00 0                          [anon:mmtk:sidemeta:immix:IX_LINE_MARK]
6879b8c00000-68f9b8400000 ---p 00000000 00:00 0                          [anon:mmtk:sidemeta:all:all-quarantined]
68f9b8400000-68f9b8800000 rw-p 00000000 00:00 0                          [anon:mmtk:sidemeta:immix:IX_BLOCK_DEFRAG]
68f9b8800000-68fab8400000 ---p 00000000 00:00 0                          [anon:mmtk:sidemeta:all:all-quarantined]
68fab8400000-68fab8800000 rw-p 00000000 00:00 0                          [anon:mmtk:sidemeta:immix:IX_BLOCK_MARK]
68fab8800000-6f1c38400000 ---p 00000000 00:00 0                          [anon:mmtk:sidemeta:all:all-quarantined]
6f1c38400000-6f1c38800000 rw-p 00000000 00:00 0                          [anon:mmtk:sidemeta:los:VMLocalLOSMarkNurserySpec]
6f1c38800000-6f1e39400000 ---p 00000000 00:00 0                          [anon:mmtk:sidemeta:all:all-quarantined]
6f1e39400000-6f1e39800000 rw-p 00000000 00:00 0                          [anon:mmtk:sidemeta:immix:VMLocalMarkBitSpec]
6f1e39800000-711e38400000 ---p 00000000 00:00 0                          [anon:mmtk:sidemeta:all:all-quarantined]
711e384fe000-711e38502000 ---p 00000000 00:00 0 
711e38502000-711e385fe000 rw-p 00000000 00:00 0 
711e385fe000-711e38602000 ---p 00000000 00:00 0 
711e38602000-711e386fe000 rw-p 00000000 00:00 0 
711e386fe000-711e386ff000 ---p 00000000 00:00 0 
711e386ff000-711e387ff000 rw-p 00000000 00:00 0 
711e387ff000-711e58800000 rw-p 00000000 00:00 0 
711e58800000-711e58e70000 rwxp 00000000 00:00 0 
711e58e70000-711e5fc17000 ---p 00000000 00:00 0 
711e5fc17000-711e5ffa7000 rwxp 00000000 00:00 0 
711e5ffa7000-711e603e8000 ---p 00000000 00:00 0 
711e603e8000-711e60658000 rwxp 00000000 00:00 0 
711e60658000-711e67800000 ---p 00000000 00:00 0 
711e67800000-711e6ffa0000 r--s 00000000 fc:00 49676297                   /mydata/openjdk-mmtk/build/b0test/images/jdk/lib/modules
711e70000000-711e707e0000 rw-p 00000000 00:00 0 
711e707e0000-711e74000000 ---p 00000000 00:00 0 
711e74019000-711e7401e000 r--p 00000000 fc:00 49676417                   /mydata/openjdk-mmtk/build/b0test/images/jdk/lib/libjsvml.so
711e7401e000-711e7405f000 r-xp 00005000 fc:00 49676417                   /mydata/openjdk-mmtk/build/b0test/images/jdk/lib/libjsvml.so
711e7405f000-711e740e8000 r--p 00046000 fc:00 49676417                   /mydata/openjdk-mmtk/build/b0test/images/jdk/lib/libjsvml.so
711e740e8000-711e740e9000 r--p 000ce000 fc:00 49676417                   /mydata/openjdk-mmtk/build/b0test/images/jdk/lib/libjsvml.so
711e740e9000-711e740ea000 rw-p 000cf000 fc:00 49676417                   /mydata/openjdk-mmtk/build/b0test/images/jdk/lib/libjsvml.so
711e740ea000-711e740eb000 ---p 00000000 00:00 0 
711e740eb000-711e741eb000 rw-p 00000000 00:00 0 
711e741eb000-711e741ec000 ---p 00000000 00:00 0 
711e741ec000-711e742ec000 rw-p 00000000 00:00 0 
711e742ec000-711e742ed000 ---p 00000000 00:00 0 
711e742ed000-711e743ed000 rw-p 00000000 00:00 0 
711e743ed000-711e743ee000 ---p 00000000 00:00 0 
711e743ee000-711e744ee000 rw-p 00000000 00:00 0 
711e744ee000-711e744ef000 ---p 00000000 00:00 0 
711e744ef000-711e745ef000 rw-p 00000000 00:00 0 
711e745ef000-711e745f0000 ---p 00000000 00:00 0 
711e745f0000-711e746f0000 rw-p 00000000 00:00 0 
711e746f0000-711e746f1000 ---p 00000000 00:00 0 
711e746f1000-711e747f1000 rw-p 00000000 00:00 0 
711e747f1000-711e747f2000 ---p 00000000 00:00 0 
711e747f2000-711e748f2000 rw-p 00000000 00:00 0 
711e748f2000-711e748f3000 ---p 00000000 00:00 0 
711e748f3000-711e749f3000 rw-p 00000000 00:00 0 
711e749f3000-711e749f4000 ---p 00000000 00:00 0 
711e749f4000-711e74af4000 rw-p 00000000 00:00 0 
711e74af4000-711e74af5000 ---p 00000000 00:00 0 
711e74af5000-711e74bf5000 rw-p 00000000 00:00 0 
711e74bf5000-711e74bf6000 ---p 00000000 00:00 0 
711e74bf6000-711e74cf6000 rw-p 00000000 00:00 0 
711e74cf6000-711e74cf7000 ---p 00000000 00:00 0 
711e74cf7000-711e74df7000 rw-p 00000000 00:00 0 
711e74df7000-711e74df8000 ---p 00000000 00:00 0 
711e74df8000-711e74ef8000 rw-p 00000000 00:00 0 
711e74ef8000-711e74ef9000 ---p 00000000 00:00 0 
711e74ef9000-711e74ff9000 rw-p 00000000 00:00 0 
711e74ff9000-711e74ffa000 ---p 00000000 00:00 0 
711e74ffa000-711e750fa000 rw-p 00000000 00:00 0 
711e750fa000-711e750fb000 ---p 00000000 00:00 0 
711e750fb000-711e751fb000 rw-p 00000000 00:00 0 
711e751fb000-711e751fc000 ---p 00000000 00:00 0 
711e751fc000-711e752fc000 rw-p 00000000 00:00 0 
711e752fc000-711e752fd000 ---p 00000000 00:00 0 
711e752fd000-711e753fd000 rw-p 00000000 00:00 0 
711e753fd000-711e753fe000 ---p 00000000 00:00 0 
711e753fe000-711e754fe000 rw-p 00000000 00:00 0 
711e754fe000-711e754ff000 ---p 00000000 00:00 0 
711e754ff000-711e755ff000 rw-p 00000000 00:00 0 
711e755ff000-711e75600000 ---p 00000000 00:00 0 
711e75600000-711e75700000 rw-p 00000000 00:00 0 
711e75700000-711e75704000 ---p 00000000 00:00 0 
711e75704000-711e75800000 rw-p 00000000 00:00 0 
711e75800000-711e75804000 ---p 00000000 00:00 0 
711e75804000-711e75900000 rw-p 00000000 00:00 0 
711e75900000-711e75904000 ---p 00000000 00:00 0 
711e75904000-711e75a00000 rw-p 00000000 00:00 0 
711e75a00000-711e75ceb000 r--p 00000000 08:03 1410552                    /usr/lib/locale/locale-archive
711e75cfc000-711e75cfd000 ---p 00000000 00:00 0 
711e75cfd000-711e75dfd000 rw-p 00000000 00:00 0 
711e75dfd000-711e75dfe000 ---p 00000000 00:00 0 
711e75dfe000-711e75efe000 rw-p 00000000 00:00 0 
711e75efe000-711e75eff000 ---p 00000000 00:00 0 
711e75eff000-711e75fff000 rw-p 00000000 00:00 0 
711e75fff000-711e76600000 rw-p 00000000 00:00 0 
711e76600000-711e7660c000 r--p 00000000 fc:00 13107796                   /mydata/gc-bpf-fault/shim/libgcbpf.so
711e7660c000-711e7666e000 r-xp 0000c000 fc:00 13107796                   /mydata/gc-bpf-fault/shim/libgcbpf.so
711e7666e000-711e768de000 r--p 0006e000 fc:00 13107796                   /mydata/gc-bpf-fault/shim/libgcbpf.so
711e768de000-711e768e0000 r--p 002de000 fc:00 13107796                   /mydata/gc-bpf-fault/shim/libgcbpf.so
711e768e0000-711e768e1000 rw-p 002e0000 fc:00 13107796                   /mydata/gc-bpf-fault/shim/libgcbpf.so
711e768e1000-711e768e2000 rw-p 00000000 00:00 0 
711e76974000-711e76978000 r--p 00000000 08:03 1410107                    /usr/lib/x86_64-linux-gnu/libzstd.so.1.5.5
711e76978000-711e76a1f000 r-xp 00004000 08:03 1410107                    /usr/lib/x86_64-linux-gnu/libzstd.so.1.5.5
711e76a1f000-711e76a2c000 r--p 000ab000 08:03 1410107                    /usr/lib/x86_64-linux-gnu/libzstd.so.1.5.5
711e76a2c000-711e76a2d000 r--p 000b7000 08:03 1410107                    /usr/lib/x86_64-linux-gnu/libzstd.so.1.5.5
711e76a2d000-711e76a2e000 rw-p 000b8000 08:03 1410107                    /usr/lib/x86_64-linux-gnu/libzstd.so.1.5.5
711e76a2e000-711e76a33000 rw-p 00000000 00:00 0 
711e76a33000-711e76b17000 ---p 00000000 00:00 0 
711e76b17000-711e76b24000 rw-p 00000000 00:00 0 
711e76b24000-711e76c00000 ---p 00000000 00:00 0 
711e76c00000-711e76d46000 r--p 00000000 fc:00 49676374                   /mydata/openjdk-mmtk/build/b0test/images/jdk/lib/server/libmmtk_openjdk.so
711e76d46000-711e76fc6000 r-xp 00145000 fc:00 49676374                   /mydata/openjdk-mmtk/build/b0test/images/jdk/lib/server/libmmtk_openjdk.so
711e76fc6000-711e77006000 r--p 003c4000 fc:00 49676374                   /mydata/openjdk-mmtk/build/b0test/images/jdk/lib/server/libmmtk_openjdk.so
711e77006000-711e77009000 rw-p 00403000 fc:00 49676374                   /mydata/openjdk-mmtk/build/b0test/images/jdk/lib/server/libmmtk_openjdk.so
711e77009000-711e7700b000 rw-p 00000000 00:00 0 
711e77017000-711e7701b000 ---p 00000000 00:00 0 
711e7701b000-711e77117000 rw-p 00000000 00:00 0 
711e77117000-711e77127000 r--p 00000000 08:03 1411099                    /usr/lib/x86_64-linux-gnu/libm.so.6
711e77127000-711e771a6000 r-xp 00010000 08:03 1411099                    /usr/lib/x86_64-linux-gnu/libm.so.6
711e771a6000-711e771fe000 r--p 0008f000 08:03 1411099                    /usr/lib/x86_64-linux-gnu/libm.so.6
711e771fe000-711e771ff000 r--p 000e7000 08:03 1411099                    /usr/lib/x86_64-linux-gnu/libm.so.6
711e771ff000-711e77200000 rw-p 000e8000 08:03 1411099                    /usr/lib/x86_64-linux-gnu/libm.so.6
711e77200000-711e774a9000 r--p 00000000 fc:00 49676373                   /mydata/openjdk-mmtk/build/b0test/images/jdk/lib/server/libjvm.so
711e774a9000-711e7833c000 r-xp 002a9000 fc:00 49676373                   /mydata/openjdk-mmtk/build/b0test/images/jdk/lib/server/libjvm.so
711e7833c000-711e78620000 r--p 0113c000 fc:00 49676373                   /mydata/openjdk-mmtk/build/b0test/images/jdk/lib/server/libjvm.so
711e78620000-711e786f6000 r--p 0141f000 fc:00 49676373                   /mydata/openjdk-mmtk/build/b0test/images/jdk/lib/server/libjvm.so
711e786f6000-711e78726000 rw-p 014f5000 fc:00 49676373                   /mydata/openjdk-mmtk/build/b0test/images/jdk/lib/server/libjvm.so
711e78726000-711e7878c000 rw-p 00000000 00:00 0 
711e787a5000-711e787ac000 r--s 00000000 08:03 1436340                    /usr/lib/x86_64-linux-gnu/gconv/gconv-modules.cache
711e787ac000-711e787b0000 r--p 00000000 fc:00 49676364                   /mydata/openjdk-mmtk/build/b0test/images/jdk/lib/libverify.so
711e787b0000-711e787b7000 r-xp 00004000 fc:00 49676364                   /mydata/openjdk-mmtk/build/b0test/images/jdk/lib/libverify.so
711e787b7000-711e787b9000 r--p 0000b000 fc:00 49676364                   /mydata/openjdk-mmtk/build/b0test/images/jdk/lib/libverify.so
711e787b9000-711e787bb000 r--p 0000c000 fc:00 49676364                   /mydata/openjdk-mmtk/build/b0test/images/jdk/lib/libverify.so
711e787bb000-711e787bc000 rw-p 0000e000 fc:00 49676364                   /mydata/openjdk-mmtk/build/b0test/images/jdk/lib/libverify.so
711e787bc000-711e787bf000 r--p 00000000 fc:00 49676361                   /mydata/openjdk-mmtk/build/b0test/images/jdk/lib/libnet.so
711e787bf000-711e787c7000 r-xp 00003000 fc:00 49676361                   /mydata/openjdk-mmtk/build/b0test/images/jdk/lib/libnet.so
711e787c7000-711e787c9000 r--p 0000b000 fc:00 49676361                   /mydata/openjdk-mmtk/build/b0test/images/jdk/lib/libnet.so
711e787c9000-711e787ca000 r--p 0000c000 fc:00 49676361                   /mydata/openjdk-mmtk/build/b0test/images/jdk/lib/libnet.so
711e787ca000-711e787cb000 rw-p 0000d000 fc:00 49676361                   /mydata/openjdk-mmtk/build/b0test/images/jdk/lib/libnet.so
711e787cb000-711e787d2000 r--p 00000000 fc:00 49676362                   /mydata/openjdk-mmtk/build/b0test/images/jdk/lib/libnio.so
711e787d2000-711e787db000 r-xp 00007000 fc:00 49676362                   /mydata/openjdk-mmtk/build/b0test/images/jdk/lib/libnio.so
711e787db000-711e787df000 r--p 00010000 fc:00 49676362                   /mydata/openjdk-mmtk/build/b0test/images/jdk/lib/libnio.so
711e787df000-711e787e0000 r--p 00014000 fc:00 49676362                   /mydata/openjdk-mmtk/build/b0test/images/jdk/lib/libnio.so
711e787e0000-711e787e1000 rw-p 00015000 fc:00 49676362                   /mydata/openjdk-mmtk/build/b0test/images/jdk/lib/libnio.so
711e787e1000-711e787e4000 r--p 00000000 08:03 1410420                    /usr/lib/x86_64-linux-gnu/libelf-0.190.so
711e787e4000-711e787fa000 r-xp 00003000 08:03 1410420                    /usr/lib/x86_64-linux-gnu/libelf-0.190.so
711e787fa000-711e787fe000 r--p 00019000 08:03 1410420                    /usr/lib/x86_64-linux-gnu/libelf-0.190.so
711e787fe000-711e787ff000 r--p 0001c000 08:03 1410420                    /usr/lib/x86_64-linux-gnu/libelf-0.190.so
711e787ff000-711e78800000 rw-p 0001d000 08:03 1410420                    /usr/lib/x86_64-linux-gnu/libelf-0.190.so
711e78800000-711e78828000 r--p 00000000 08:03 1410238                    /usr/lib/x86_64-linux-gnu/libc.so.6
711e78828000-711e789b0000 r-xp 00028000 08:03 1410238                    /usr/lib/x86_64-linux-gnu/libc.so.6
711e789b0000-711e789ff000 r--p 001b0000 08:03 1410238                    /usr/lib/x86_64-linux-gnu/libc.so.6
711e789ff000-711e78a03000 r--p 001fe000 08:03 1410238                    /usr/lib/x86_64-linux-gnu/libc.so.6
711e78a03000-711e78a05000 rw-p 00202000 08:03 1410238                    /usr/lib/x86_64-linux-gnu/libc.so.6
711e78a05000-711e78a12000 rw-p 00000000 00:00 0 
711e78a15000-711e78a17000 r--p 00000000 fc:00 49676365                   /mydata/openjdk-mmtk/build/b0test/images/jdk/lib/libzip.so
711e78a17000-711e78a1c000 r-xp 00002000 fc:00 49676365                   /mydata/openjdk-mmtk/build/b0test/images/jdk/lib/libzip.so
711e78a1c000-711e78a1e000 r--p 00007000 fc:00 49676365                   /mydata/openjdk-mmtk/build/b0test/images/jdk/lib/libzip.so
711e78a1e000-711e78a1f000 r--p 00008000 fc:00 49676365                   /mydata/openjdk-mmtk/build/b0test/images/jdk/lib/libzip.so
711e78a1f000-711e78a20000 rw-p 00009000 fc:00 49676365                   /mydata/openjdk-mmtk/build/b0test/images/jdk/lib/libzip.so
711e78a20000-711e78a28000 rw-p 00000000 00:00 0 
711e78a28000-711e78a30000 ---p 00000000 00:00 0 
711e78a30000-711e78a3d000 r--p 00000000 fc:00 49676354                   /mydata/openjdk-mmtk/build/b0test/images/jdk/lib/libjava.so
711e78a3d000-711e78a4c000 r-xp 0000d000 fc:00 49676354                   /mydata/openjdk-mmtk/build/b0test/images/jdk/lib/libjava.so
711e78a4c000-711e78a51000 r--p 0001c000 fc:00 49676354                   /mydata/openjdk-mmtk/build/b0test/images/jdk/lib/libjava.so
711e78a51000-711e78a52000 r--p 00021000 fc:00 49676354                   /mydata/openjdk-mmtk/build/b0test/images/jdk/lib/libjava.so
711e78a52000-711e78a53000 rw-p 00022000 fc:00 49676354                   /mydata/openjdk-mmtk/build/b0test/images/jdk/lib/libjava.so
711e78a53000-711e78a54000 rw-p 00000000 00:00 0 
711e78a54000-711e78a5c000 rw-s 00000000 08:03 237599                     /tmp/hsperfdata_root/371883
711e78a5c000-711e78a60000 r--p 00000000 fc:00 49676355                   /mydata/openjdk-mmtk/build/b0test/images/jdk/lib/libjimage.so
711e78a60000-711e78a77000 r-xp 00004000 fc:00 49676355                   /mydata/openjdk-mmtk/build/b0test/images/jdk/lib/libjimage.so
711e78a77000-711e78a7c000 r--p 0001b000 fc:00 49676355                   /mydata/openjdk-mmtk/build/b0test/images/jdk/lib/libjimage.so
711e78a7c000-711e78a7e000 r--p 00020000 fc:00 49676355                   /mydata/openjdk-mmtk/build/b0test/images/jdk/lib/libjimage.so
711e78a7e000-711e78a7f000 rw-p 00022000 fc:00 49676355                   /mydata/openjdk-mmtk/build/b0test/images/jdk/lib/libjimage.so
711e78a7f000-711e78a83000 r--p 00000000 08:03 1410148                    /usr/lib/x86_64-linux-gnu/libgcc_s.so.1
711e78a83000-711e78aa7000 r-xp 00004000 08:03 1410148                    /usr/lib/x86_64-linux-gnu/libgcc_s.so.1
711e78aa7000-711e78aab000 r--p 00028000 08:03 1410148                    /usr/lib/x86_64-linux-gnu/libgcc_s.so.1
711e78aab000-711e78aac000 r--p 0002b000 08:03 1410148                    /usr/lib/x86_64-linux-gnu/libgcc_s.so.1
711e78aac000-711e78aad000 rw-p 0002c000 08:03 1410148                    /usr/lib/x86_64-linux-gnu/libgcc_s.so.1
711e78aad000-711e78aaf000 rw-p 00000000 00:00 0 
711e78aaf000-711e78ab1000 r--p 00000000 08:03 1409104                    /usr/lib/x86_64-linux-gnu/libz.so.1.3
711e78ab1000-711e78ac3000 r-xp 00002000 08:03 1409104                    /usr/lib/x86_64-linux-gnu/libz.so.1.3
711e78ac3000-711e78ac9000 r--p 00014000 08:03 1409104                    /usr/lib/x86_64-linux-gnu/libz.so.1.3
711e78ac9000-711e78aca000 r--p 0001a000 08:03 1409104                    /usr/lib/x86_64-linux-gnu/libz.so.1.3
711e78aca000-711e78acb000 rw-p 0001b000 08:03 1409104                    /usr/lib/x86_64-linux-gnu/libz.so.1.3
711e78ad0000-711e78ad1000 rw-s 00000000 00:10 68                         anon_inode:bpf-map
711e78ad1000-711e78ad2000 r--s 00000000 00:10 68                         anon_inode:bpf-map
711e78ad2000-711e78ad3000 ---p 00000000 00:00 0 
711e78ad3000-711e78ad4000 r--p 00000000 00:00 0 
711e78ad4000-711e78ad5000 ---p 00000000 00:00 0 
711e78ad5000-711e78ad7000 r--p 00000000 fc:00 49676357                   /mydata/openjdk-mmtk/build/b0test/images/jdk/lib/libjli.so
711e78ad7000-711e78ae1000 r-xp 00002000 fc:00 49676357                   /mydata/openjdk-mmtk/build/b0test/images/jdk/lib/libjli.so
711e78ae1000-711e78ae4000 r--p 0000c000 fc:00 49676357                   /mydata/openjdk-mmtk/build/b0test/images/jdk/lib/libjli.so
711e78ae4000-711e78ae5000 r--p 0000f000 fc:00 49676357                   /mydata/openjdk-mmtk/build/b0test/images/jdk/lib/libjli.so
711e78ae5000-711e78ae6000 rw-p 00010000 fc:00 49676357                   /mydata/openjdk-mmtk/build/b0test/images/jdk/lib/libjli.so
711e78ae6000-711e78ae8000 rw-p 00000000 00:00 0 
711e78ae8000-711e78aec000 r--p 00000000 00:00 0                          [vvar]
711e78aec000-711e78aee000 r--p 00000000 00:00 0                          [vvar_vclock]
711e78aee000-711e78af0000 r-xp 00000000 00:00 0                          [vdso]
711e78af0000-711e78af1000 r--p 00000000 08:03 1409763                    /usr/lib/x86_64-linux-gnu/ld-linux-x86-64.so.2
711e78af1000-711e78b1c000 r-xp 00001000 08:03 1409763                    /usr/lib/x86_64-linux-gnu/ld-linux-x86-64.so.2
711e78b1c000-711e78b26000 r--p 0002c000 08:03 1409763                    /usr/lib/x86_64-linux-gnu/ld-linux-x86-64.so.2
711e78b26000-711e78b28000 r--p 00036000 08:03 1409763                    /usr/lib/x86_64-linux-gnu/ld-linux-x86-64.so.2
711e78b28000-711e78b2a000 rw-p 00038000 08:03 1409763                    /usr/lib/x86_64-linux-gnu/ld-linux-x86-64.so.2
7ffd3fe0a000-7ffd3fe2b000 rw-p 00000000 00:00 0                          [stack]
ffffffffff600000-ffffffffff601000 --xp 00000000 00:00 0                  [vsyscall]
Total number of mappings: 538

JVMTI agents: none


VM Arguments:
jvm_args: -XX:+UseThirdPartyHeap -Xms512m -Xmx512m 
java_command: /mydata/dacapo/dacapo-23.11/dacapo-23.11-MR2-chopin.jar xalan -n 3
java_class_path (initial): /mydata/dacapo/dacapo-23.11/dacapo-23.11-MR2-chopin.jar
Launcher Type: SUN_STANDARD

[Global flags]
     intx CICompilerCount                          = 15                                        {product} {ergonomic}
   size_t InitialHeapSize                          = 536870912                                 {product} {command line}
   size_t MaxHeapSize                              = 536870912                                 {product} {command line}
   size_t MinHeapDeltaBytes                        = 524288                                    {product} {ergonomic}
   size_t MinHeapSize                              = 536870912                                 {product} {command line}
    uintx NonNMethodCodeHeapSize                   = 8192380                                {pd product} {ergonomic}
    uintx NonProfiledCodeHeapSize                  = 121732930                              {pd product} {ergonomic}
    uintx ProfiledCodeHeapSize                     = 121732930                              {pd product} {ergonomic}
    uintx ReservedCodeCacheSize                    = 251658240                              {pd product} {ergonomic}
     bool SegmentedCodeCache                       = true                                      {product} {ergonomic}
   size_t SoftMaxHeapSize                          = 536870912                              {manageable} {ergonomic}
     bool UseCompressedOops                        = true                           {product lp64_product} {ergonomic}

Logging:
Log output configuration:
 #0: stdout all=warning uptime,level,tags foldmultilines=false
 #1: stderr all=off uptime,level,tags foldmultilines=false

Release file:
IMPLEMENTOR="N/A"
JAVA_RUNTIME_VERSION="21.0.9-internal-adhoc.talzuss.openjdk-mmtk"
JAVA_VERSION="21.0.9"
JAVA_VERSION_DATE="2025-10-21"
LIBC="gnu"
MODULES="java.base java.compiler java.datatransfer java.xml java.prefs java.desktop java.instrument java.logging java.management java.security.sasl java.naming java.rmi java.management.rmi java.net.http java.scripting java.security.jgss java.transaction.xa java.sql java.sql.rowset java.xml.crypto java.se java.smartcardio jdk.accessibility jdk.internal.jvmstat jdk.attach jdk.charsets jdk.internal.opt jdk.zipfs jdk.compiler jdk.crypto.ec jdk.crypto.cryptoki jdk.dynalink jdk.internal.ed jdk.editpad jdk.hotspot.agent jdk.httpserver jdk.incubator.vector jdk.internal.le jdk.internal.vm.ci jdk.internal.vm.compiler jdk.internal.vm.compiler.management jdk.jartool jdk.javadoc jdk.jcmd jdk.management jdk.management.agent jdk.jconsole jdk.jdeps jdk.jdwp.agent jdk.jdi jdk.jfr jdk.jlink jdk.jpackage jdk.jshell jdk.jsobject jdk.jstatd jdk.localedata jdk.management.jfr jdk.naming.dns jdk.naming.rmi jdk.net jdk.nio.mapmode jdk.random jdk.sctp jdk.security.auth jdk.security.jgss jdk.unsupported jdk.unsupported.desktop jdk.xml.dom"
OS_ARCH="x86_64"
OS_NAME="Linux"
SOURCE=".:git:b557520f04b3+"

Environment Variables:
PATH=/usr/local/sbin:/usr/local/bin:/usr/sbin:/usr/bin:/sbin:/bin:/snap/bin
SHELL=/bin/bash
LANG=en_US.UTF-8
TERM=tmux-256color

Active Locale:
LC_ALL=en_US.UTF-8
LC_COLLATE=en_US.UTF-8
LC_CTYPE=en_US.UTF-8
LC_MESSAGES=en_US.UTF-8
LC_MONETARY=en_US.UTF-8
LC_NUMERIC=en_US.UTF-8
LC_TIME=en_US.UTF-8

Signal Handlers:
   SIGSEGV: crash_handler in libjvm.so, mask=11100100010111111101111111111110, flags=SA_RESTART|SA_SIGINFO, unblocked
    SIGBUS: crash_handler in libjvm.so, mask=11100100010111111101111111111110, flags=SA_RESTART|SA_SIGINFO, unblocked
    SIGFPE: crash_handler in libjvm.so, mask=11100100010111111101111111111110, flags=SA_RESTART|SA_SIGINFO, unblocked
   SIGPIPE: javaSignalHandler in libjvm.so, mask=11100100010111111101111111111110, flags=SA_RESTART|SA_SIGINFO, blocked
   SIGXFSZ: javaSignalHandler in libjvm.so, mask=11100100010111111101111111111110, flags=SA_RESTART|SA_SIGINFO, blocked
    SIGILL: crash_handler in libjvm.so, mask=11100100010111111101111111111110, flags=SA_RESTART|SA_SIGINFO, unblocked
   SIGUSR2: SR_handler in libjvm.so, mask=00000000000000000000000000000000, flags=SA_RESTART|SA_SIGINFO, blocked
    SIGHUP: UserHandler in libjvm.so, mask=11100100010111111101111111111110, flags=SA_RESTART|SA_SIGINFO, blocked
    SIGINT: UserHandler in libjvm.so, mask=11100100010111111101111111111110, flags=SA_RESTART|SA_SIGINFO, blocked
   SIGTERM: UserHandler in libjvm.so, mask=11100100010111111101111111111110, flags=SA_RESTART|SA_SIGINFO, blocked
   SIGQUIT: UserHandler in libjvm.so, mask=11100100010111111101111111111110, flags=SA_RESTART|SA_SIGINFO, blocked
   SIGTRAP: crash_handler in libjvm.so, mask=11100100010111111101111111111110, flags=SA_RESTART|SA_SIGINFO, unblocked


Periodic native trim disabled

---------------  S Y S T E M  ---------------

OS:
DISTRIB_ID=Ubuntu
DISTRIB_RELEASE=24.04
DISTRIB_CODENAME=noble
DISTRIB_DESCRIPTION="Ubuntu 24.04.4 LTS"
uname: Linux 6.17.0-bpf-fault+ #1 SMP PREEMPT_DYNAMIC Mon Jul  6 16:43:12 MDT 2026 x86_64
OS uptime: 0 days 23:48 hours
libc: glibc 2.39 NPTL 2.39 
rlimit (soft/hard): STACK 8192k/infinity , CORE 0k/0k , NPROC 513205/513205 , NOFILE 1048576/1048576 , AS infinity/infinity , CPU infinity/infinity , DATA infinity/infinity , FSIZE infinity/infinity , MEMLOCK 16436528k/16436528k
load average: 1.67 1.37 1.40

/proc/meminfo:
MemTotal:       131492232 kB
MemFree:        72657892 kB
MemAvailable:   115328128 kB
Buffers:          535136 kB
Cached:         41518340 kB
SwapCached:            0 kB
Active:          3639556 kB
Inactive:       41232744 kB
Active(anon):    2835292 kB
Inactive(anon):        0 kB
Active(file):     804264 kB
Inactive(file): 41232744 kB
Unevictable:       41912 kB
Mlocked:           38840 kB
SwapTotal:       8388604 kB
SwapFree:        8388604 kB
Zswap:                 0 kB
Zswapped:              0 kB
Dirty:           1254648 kB
Writeback:             0 kB
AnonPages:       2862624 kB
Mapped:          9734184 kB
Shmem:              5316 kB
KReclaimable:    1884912 kB
Slab:            2411072 kB
SReclaimable:    1884912 kB
SUnreclaim:       526160 kB
KernelStack:       12112 kB
PageTables:        57772 kB
SecPageTables:      8956 kB
NFS_Unstable:          0 kB
Bounce:                0 kB
WritebackTmp:          0 kB
CommitLimit:    74134720 kB
Committed_AS:   163360260 kB
VmallocTotal:   34359738367 kB
VmallocUsed:       38100 kB
VmallocChunk:          0 kB
Percpu:            51072 kB
HardwareCorrupted:     0 kB
AnonHugePages:         0 kB
ShmemHugePages:        0 kB
ShmemPmdMapped:        0 kB
FileHugePages:   2168832 kB
FilePmdMapped:         0 kB
Unaccepted:            0 kB
Balloon:               0 kB
HugePages_Total:       0
HugePages_Free:        0
HugePages_Rsvd:        0
HugePages_Surp:        0
Hugepagesize:       2048 kB
Hugetlb:               0 kB
DirectMap4k:      813888 kB
DirectMap2M:    24987648 kB
DirectMap1G:    108003328 kB

/sys/kernel/mm/transparent_hugepage/enabled: always [madvise] never
/sys/kernel/mm/transparent_hugepage/hpage_pmd_size: 2097152
/sys/kernel/mm/transparent_hugepage/defrag (defrag/compaction efforts parameter): always defer defer+madvise [madvise] never

Process Memory:
Virtual Size: 13620280340K (peak: 13620281152K)
Resident Set Size: 4152620K (peak: 4152620K) (anon: 979340K, file: 3173280K, shmem: 0K)
Swapped out: 0K
C-Heap outstanding allocations: 1382393K, retained: 34794K
glibc malloc tunables: (default)

/proc/sys/kernel/threads-max (system-wide limit on the number of threads): 1026411
/proc/sys/vm/max_map_count (maximum number of memory map areas a process may have): 1048576
/proc/sys/vm/swappiness (control to define how aggressively the kernel swaps out anonymous memory): 60
/proc/sys/kernel/pid_max (system-wide limit on number of process identifiers): 4194304

container information not found.
Steal ticks since vm start: 0
Steal ticks percentage since vm start:  0.000

CPU: total 32 (initial active 32) (32 cores per cpu, 2 threads per core) family 23 model 49 stepping 0 microcode 0x830107c, cx8, cmov, fxsr, ht, mmx, 3dnowpref, sse, sse2, sse3, ssse3, sse4a, sse4.1, sse4.2, popcnt, lzcnt, tsc, tscinvbit, avx, avx2, aes, clmul, bmi1, bmi2, adx, sha, fma, vzeroupper, clflush, clflushopt, rdtscp, rdpid, f16c
CPU Model and flags from /proc/cpuinfo:
model name	: AMD EPYC 7302P 16-Core Processor
flags		: fpu vme de pse tsc msr pae mce cx8 apic sep mtrr pge mca cmov pat pse36 clflush mmx fxsr sse sse2 ht syscall nx mmxext fxsr_opt pdpe1gb rdtscp lm constant_tsc rep_good nopl xtopology nonstop_tsc cpuid extd_apicid aperfmperf rapl pni pclmulqdq monitor ssse3 fma cx16 sse4_1 sse4_2 movbe popcnt aes xsave avx f16c rdrand lahf_lm cmp_legacy svm extapic cr8_legacy abm sse4a misalignsse 3dnowprefetch osvw ibs skinit wdt tce topoext perfctr_core perfctr_nb bpext perfctr_llc mwaitx cpb cat_l3 cdp_l3 hw_pstate ssbd mba ibrs ibpb stibp vmmcall fsgsbase bmi1 avx2 smep bmi2 cqm rdt_a rdseed adx smap clflushopt clwb sha_ni xsaveopt xsavec xgetbv1 xsaves cqm_llc cqm_occup_llc cqm_mbm_total cqm_mbm_local clzero irperf xsaveerptr rdpru wbnoinvd amd_ppin arat npt lbrv svm_lock nrip_save tsc_scale vmcb_clean flushbyasid decodeassists pausefilter pfthreshold avic v_vmsave_vmload vgif v_spec_ctrl umip rdpid overflow_recov succor smca sev sev_es

Online cpus: 0-31
Offline cpus: 
BIOS frequency limitation: <Not Available>
Frequency switch latency (ns): <Not Available>
Available cpu frequencies: <Not Available>
Current governor: <Not Available>
Core performance/turbo boost: <Not Available>

Memory: 4k page, physical 131492232k(115328128k free), swap 8388604k(8388604k free)
Page Sizes: 4k

vm_info: OpenJDK 64-Bit Server VM (21.0.9-internal-adhoc.talzuss.openjdk-mmtk) for linux-amd64 JRE (21.0.9-internal-adhoc.talzuss.openjdk-mmtk), built on 2026-07-06T23:13:08Z by "talzuss" with gcc 13.3.0
heap_info: MMTk OpenJDK 0.32.0 (a3bb9ef-dirty), using MMTk 0.32.0 (ceb6a76-dirty, BUILTIN_ENV_LOGGER, DEFAULT, EAGER_SWEEPING, VO_BIT)

END.
