#
# A fatal error has been detected by the Java Runtime Environment:
#
#  SIGSEGV (0xb) at pc=0x00007de0f71c9ee1, pid=312435, tid=312445
#
# JRE version: OpenJDK Runtime Environment (21.0.9) (build 21.0.9-internal-adhoc.talzuss.openjdk-mmtk)
# Java VM: OpenJDK 64-Bit Server VM (21.0.9-internal-adhoc.talzuss.openjdk-mmtk, mixed mode, sharing, tiered, compressed oops, compressed class ptrs, third-party gc, linux-amd64)
# Problematic frame:
# C  [libmmtk_openjdk.so+0x1c9ee1]  mmtk::util::metadata::side_metadata::global::SideMetadataSpec::side_metadata_access::h2ebe702d7e44aa43+0xa1
#
# Core dump will be written. Default location: Core dumps may be processed with "/usr/share/apport/apport -p%p -s%s -c%c -d%d -P%P -u%u -g%g -F%F -- %E" (or dumping to /mydata/mmtk-core/core.312435)
#
# If you would like to submit a bug report, please visit:
#   https://bugreport.java.com/bugreport/crash.jsp
#

---------------  S U M M A R Y ------------

Command Line: -XX:+UseThirdPartyHeap -Xms512m -Xmx512m /mydata/dacapo/dacapo-23.11/dacapo-23.11-MR2-chopin.jar xalan -n 3

Host: AMD EPYC 7302P 16-Core Processor, 32 cores, 125G, Ubuntu 24.04.4 LTS
Time: Tue Jul  7 13:56:40 2026 MDT elapsed time: 3.057867 seconds (0d 0h 0m 3s)

---------------  T H R E A D  ---------------

Current thread (0x00007de0f052ee00):  NamedThread "MMTk Collector Thread" [id=312445, stack(0x00007de0f59ff000,0x00007de0f5aff000) (1024K)]

Stack: [0x00007de0f59ff000,0x00007de0f5aff000],  sp=0x00007de0f5afd8d0,  free space=1018k
Native frames: (J=compiled Java code, j=interpreted, Vv=VM code, C=native code)
C  [libmmtk_openjdk.so+0x1c9ee1]  mmtk::util::metadata::side_metadata::global::SideMetadataSpec::side_metadata_access::h2ebe702d7e44aa43+0xa1

siginfo: si_signo: 11 (SIGSEGV), si_code: 2 (SEGV_ACCERR), si_addr: 0x00007be0b8400000

Registers:
RAX=0x00007de0f71c9ee1, RBX=0x00000000000c3990, RCX=0x00007de0f70784e0, RDX=0x0000000000000001
RSP=0x00007de0f5afd8d0, RBP=0x0000000000000000, RSI=0x0000000000000001, RDI=0x00007de0f5afd9a0
R8 =0x00007be0b8400000, R9 =0xffffffffffffff02, R10=0x0000000000000007, R11=0x59a1aae5678a2c0a
R12=0x0000713354022300, R13=0x0000000000000001, R14=0x0000000000000008, R15=0x00007de0f5afd9a0
RIP=0x00007de0f71c9ee1, EFLAGS=0x0000000000010206, CSGSFS=0x002b000000000033, ERR=0x0000000000000004
  TRAPNO=0x000000000000000e

XMM[0]=0x0000000000000000 0x0000000000000000
XMM[1]=0x0000000000000000 0x0000713354000090
XMM[2]=0x0000000000ffffff 0x000000ffffffff00
XMM[3]=0x0000000000000000 0x0000000000000000
XMM[4]=0x0000000000000000 0x0000713354000090
XMM[5]=0x0000000001040000 0x000000000000b101
XMM[6]=0x0000000000007261 0x0000000065637265
XMM[7]=0x00000000403a3b00 0x0000000040011460
XMM[8]=0x00000000401b8e08 0x00000000401bab50
XMM[9]=0x0000000000000000 0x0000000000000000
XMM[10]=0x3f3f3f3f3f3f3f3f 0x3f3f3f3f3f3f3f3f
XMM[11]=0x9999999999999999 0x9999999999999999
XMM[12]=0x2020202020202020 0x2020202020202020
XMM[13]=0x0000000000000000 0x0000000000000000
XMM[14]=0x0000000000000000 0x0000000000000000
XMM[15]=0x0000000000000000 0x0000000000000000
  MXCSR=0x00001fa2


Register to memory mapping:

RAX=
[error occurred during error reporting (printing register info), id 0xe0000000, Internal Error (/mydata/mmtk-openjdk/openjdk/share/mmtkHeap.cpp:444)]
RBX=
[error occurred during error reporting (printing register info, attempt 2), id 0xe0000000, Internal Error (/mydata/mmtk-openjdk/openjdk/share/mmtkHeap.cpp:444)]
RCX=
[error occurred during error reporting (printing register info, attempt 3), id 0xe0000000, Internal Error (/mydata/mmtk-openjdk/openjdk/share/mmtkHeap.cpp:444)]
Top of Stack: (sp=0x00007de0f5afd8d0)
0x00007de0f5afd8d0:   0000000000000001 000000004fffdbd8
0x00007de0f5afd8e0:   000000004fffdbd4 000000004fffdbd8
0x00007de0f5afd8f0:   000000004fffdbd4 00007de0f74017d8
0x00007de0f5afd900:   000000004fffcfe0 00007de0f72afbf1
0x00007de0f5afd910:   00007de0f03dfa20 00007133bb1b70e0
0x00007de0f5afd920:   000000004ff7d7f0 0000000000020000
0x00007de0f5afd930:   0000713354022300 0000000000018732
0x00007de0f5afd940:   0000000000000000 0000000000000008
0x00007de0f5afd950:   0000000000000000 00007de0f7400f04
0x00007de0f5afd960:   0000000000000000 000071339c0227b0
0x00007de0f5afd970:   0000000000000000 0000713354022300
0x00007de0f5afd980:   00007de0f5afd9d0 000071339c0222e8
0x00007de0f5afd990:   00007de0f052b7f0 0000000000000000
0x00007de0f5afd9a0:   00007de0f73db918 00007de0f5afd9f0
0x00007de0f5afd9b0:   00007de0f5afd958 00007de0f5afda58
0x00007de0f5afd9c0:   00007de0f5afda50 00007de0f5afda2f
0x00007de0f5afd9d0:   00007de0f5afda38 00007de0f5afd928
0x00007de0f5afd9e0:   0000000000000000 0000713354020910
0x00007de0f5afd9f0:   000000000000000c 00007de0f006d080
0x00007de0f5afda00:   00007de0f006d400 00007de0f052b690
0x00007de0f5afda10:   00007de0f5afda20 00007de0f72ab1e3
0x00007de0f5afda20:   0000713354020c00 0000000000000001
0x00007de0f5afda30:   0000713354020c08 0000000000000800
0x00007de0f5afda40:   00007133540051a0 0000000000000420
0x00007de0f5afda50:   0000000040000000 000000004fffd000
0x00007de0f5afda60:   000000000000fffd 00007de0f5afd978
0x00007de0f5afda70:   00007de0f74017d8 00007de0f7400ff0
0x00007de0f5afda80:   0000000000000080 00007133bb1b6e58
0x00007de0f5afda90:   0000000000000000 00007de0f5afd9f0
0x00007de0f5afdaa0:   00007133540072a0 00007133540072a0
0x00007de0f5afdab0:   00007de0f006ef00 00007de0f006ec00
0x00007de0f5afdac0:   00007de0f006e900 00007de0f006e600 

Instructions: (pc=0x00007de0f71c9ee1)
0x00007de0f71c9de1:   00 48 85 c0 74 41 48 8b 18 66 c7 44 24 0c 00 00
0x00007de0f71c9df1:   c7 44 24 08 01 02 00 01 48 8d 7c 24 08 e8 ed 8f
0x00007de0f71c9e01:   00 00 66 c7 43 04 01 00 c7 43 06 00 00 01 01 c6
0x00007de0f71c9e11:   43 0a 06 c6 43 0c 06 c6 43 0e 06 66 c7 43 10 03
0x00007de0f71c9e21:   00 48 83 c4 10 5b c3 48 8d 3d 89 35 21 00 e8 9c
0x00007de0f71c9e31:   d8 fc ff cc cc cc cc cc cc cc cc cc cc cc cc 48
0x00007de0f71c9e41:   83 ec 38 48 8b 37 4c 8b 4f 08 4d 8b 01 48 8b 46
0x00007de0f71c9e51:   18 48 8b 4e 20 ba 03 00 00 00 29 c2 0f 88 8e 00
0x00007de0f71c9e61:   00 00 48 8b 46 10 44 8b 15 ca 77 23 00 48 03 05
0x00007de0f71c9e71:   bb 77 23 00 49 d3 e8 89 d1 49 d3 e8 49 01 c0 48
0x00007de0f71c9e81:   8b 46 18 48 83 f8 03 0f 83 90 00 00 00 41 ba 07
0x00007de0f71c9e91:   00 00 00 89 c1 49 d3 ea 49 8b 11 0f b6 4e 20 48
0x00007de0f71c9ea1:   d3 ea 44 21 d2 89 c1 48 d3 e2 be 01 00 00 00 48
0x00007de0f71c9eb1:   d3 e6 49 c7 c1 ff ff ff ff 89 f1 49 d3 e1 41 f6
0x00007de0f71c9ec1:   d1 80 e2 07 89 d1 41 d2 e1 48 8b 47 10 0f b6 00
0x00007de0f71c9ed1:   48 8d 0d 08 e6 ea ff 48 63 04 81 48 01 c8 ff e0
0x00007de0f71c9ee1:   41 0f b6 00 44 20 c8 89 d1 d2 e8 48 83 c4 38 c3
0x00007de0f71c9ef1:   48 8b 56 10 44 8b 15 3c 77 23 00 49 d3 e8 48 03
0x00007de0f71c9f01:   15 2a 77 23 00 04 3d 89 c1 49 d3 e0 49 01 d0 48
0x00007de0f71c9f11:   8b 46 18 48 83 f8 03 0f 82 70 ff ff ff 48 8b 47
0x00007de0f71c9f21:   10 0f b6 00 48 8d 0d a0 e5 ea ff 48 63 04 81 48
0x00007de0f71c9f31:   01 c8 ff e0 41 0f b6 00 48 83 c4 38 c3 48 8d 05
0x00007de0f71c9f41:   c3 ea 20 00 48 89 44 24 08 48 c7 44 24 10 01 00
0x00007de0f71c9f51:   00 00 48 c7 44 24 18 08 00 00 00 0f 57 c0 0f 11
0x00007de0f71c9f61:   44 24 20 48 8d 35 ad ea 20 00 48 8d 7c 24 08 e8
0x00007de0f71c9f71:   0b d9 fc ff 48 8d 05 b4 ea 20 00 48 89 44 24 08
0x00007de0f71c9f81:   48 c7 44 24 10 01 00 00 00 48 c7 44 24 18 08 00
0x00007de0f71c9f91:   00 00 0f 57 c0 0f 11 44 24 20 48 8d 35 9e ea 20
0x00007de0f71c9fa1:   00 48 8d 7c 24 08 e8 d4 d8 fc ff cc cc cc cc 48
0x00007de0f71c9fb1:   81 ec 88 00 00 00 48 8b 07 48 8d 48 28 48 8d 50
0x00007de0f71c9fc1:   10 48 8d 78 18 48 89 44 24 08 48 83 c0 20 4c 8d
0x00007de0f71c9fd1:   05 9a a6 fd ff 4c 89 44 24 10 48 89 4c 24 18 48 


Stack slot to memory mapping:

stack at sp + 0 slots: 
[error occurred during error reporting (inspecting top of stack), id 0xe0000000, Internal Error (/mydata/mmtk-openjdk/openjdk/share/mmtkHeap.cpp:444)]
stack at sp + 1 slots: 
[error occurred during error reporting (inspecting top of stack, attempt 2), id 0xe0000000, Internal Error (/mydata/mmtk-openjdk/openjdk/share/mmtkHeap.cpp:444)]
stack at sp + 2 slots: 
[error occurred during error reporting (inspecting top of stack, attempt 3), id 0xe0000000, Internal Error (/mydata/mmtk-openjdk/openjdk/share/mmtkHeap.cpp:444)]

---------------  P R O C E S S  ---------------

Threads class SMR info:
_java_thread_list=0x000071332818ced0, length=56, elements={
0x00007de0f002b240, 0x00007de0f05267d0, 0x00007de0f0528060, 0x00007de0f0529b70,
0x00007de0f05483a0, 0x00007de0f0549cf0, 0x00007de0f054b5b0, 0x00007de0f054d3f0,
0x00007de0f0556dc0, 0x000071333405ddf0, 0x000071333405f3f0, 0x00007de0f059e2b0,
0x00007de0f05a12b0, 0x000071332801d770, 0x0000713328050180, 0x00007133280517f0,
0x0000713330078bb0, 0x00007de0f079b4d0, 0x00007de0f079bf80, 0x00007de0f03e1200,
0x00007de0f03e1c20, 0x00007de0f03e2fe0, 0x00007de0f05cf300, 0x00007de0f05d0310,
0x00007de0f05d1840, 0x00007de0f05d2c10, 0x00007de0f05d40c0, 0x00007de0f05d5650,
0x00007de0f05d6be0, 0x00007de0f05d8090, 0x00007de0f05d9860, 0x00007de0f05dab40,
0x00007de0f05dbff0, 0x00007de0f05dd830, 0x00007de0f05dedf0, 0x00007de0f05e0290,
0x00007de0f05e1860, 0x00007de0f079edf0, 0x00007de0f07a0330, 0x00007de0f07a17d0,
0x00007de0f07a2c70, 0x00007de0f07a4110, 0x00007de0f07a55b0, 0x00007de0f07a6a50,
0x00007de0f07a7ef0, 0x00007de0f03d4420, 0x00007de0f03d5a40, 0x00007de0f03d6ee0,
0x00007de0f03d8770, 0x000071332c0ae300, 0x000071332c0c96d0, 0x00007133341290e0,
0x000071333412a830, 0x000071332c0db560, 0x000071328c0a35b0, 0x000071332818ba30
}

Java Threads: ( => current thread )
  0x00007de0f002b240 JavaThread "main"                              [_thread_blocked, id=312436, stack(0x00007de0f7417000,0x00007de0f7517000) (1024K)]
  0x00007de0f05267d0 JavaThread "Reference Handler"          daemon [_thread_blocked, id=312441, stack(0x00007de0f60fd000,0x00007de0f61fd000) (1024K)]
  0x00007de0f0528060 JavaThread "Finalizer"                  daemon [_thread_blocked, id=312442, stack(0x00007de0f5d00000,0x00007de0f5e00000) (1024K)]
  0x00007de0f0529b70 JavaThread "MMTk Finalizer Thread"      daemon [_thread_blocked, id=312443, stack(0x00007de0f5c00000,0x00007de0f5d00000) (1024K)]
  0x00007de0f05483a0 JavaThread "Signal Dispatcher"          daemon [_thread_blocked, id=312467, stack(0x00007de0f43e9000,0x00007de0f44e9000) (1024K)]
  0x00007de0f0549cf0 JavaThread "Service Thread"             daemon [_thread_blocked, id=312468, stack(0x00007de0f42e9000,0x00007de0f43e9000) (1024K)]
  0x00007de0f054b5b0 JavaThread "Monitor Deflation Thread"   daemon [_thread_blocked, id=312469, stack(0x00007de0f41e9000,0x00007de0f42e9000) (1024K)]
  0x00007de0f054d3f0 JavaThread "C2 CompilerThread0"         daemon [_thread_blocked, id=312470, stack(0x00007de0f40e9000,0x00007de0f41e9000) (1024K)]
  0x00007de0f0556dc0 JavaThread "C1 CompilerThread0"         daemon [_thread_blocked, id=312471, stack(0x00007de0b86ff000,0x00007de0b87ff000) (1024K)]
  0x000071333405ddf0 JavaThread "C1 CompilerThread1"         daemon [_thread_blocked, id=312472, stack(0x00007de0b85ff000,0x00007de0b86ff000) (1024K)]
  0x000071333405f3f0 JavaThread "C1 CompilerThread2"         daemon [_thread_blocked, id=312473, stack(0x00007de0b84ff000,0x00007de0b85ff000) (1024K)]
  0x00007de0f059e2b0 JavaThread "Notification Thread"        daemon [_thread_blocked, id=312474, stack(0x00007134042fc000,0x00007134043fc000) (1024K)]
  0x00007de0f05a12b0 JavaThread "Common-Cleaner"             daemon [_thread_blocked, id=312475, stack(0x0000713401100000,0x0000713401200000) (1024K)]
  0x000071332801d770 JavaThread "C2 CompilerThread1"         daemon [_thread_blocked, id=312476, stack(0x0000713401000000,0x0000713401100000) (1024K)]
  0x0000713328050180 JavaThread "C1 CompilerThread3"         daemon [_thread_blocked, id=312477, stack(0x0000713400f00000,0x0000713401000000) (1024K)]
  0x00007133280517f0 JavaThread "C1 CompilerThread4"         daemon [_thread_blocked, id=312478, stack(0x0000713400e00000,0x0000713400f00000) (1024K)]
  0x0000713330078bb0 JavaThread "C2 CompilerThread2"         daemon [_thread_blocked, id=312479, stack(0x0000713400d00000,0x0000713400e00000) (1024K)]
  0x00007de0f079b4d0 JavaThread "Thread-0"                          [_thread_blocked, id=312481, stack(0x0000713400c00000,0x0000713400d00000) (1024K)]
  0x00007de0f079bf80 JavaThread "Thread-1"                          [_thread_blocked, id=312482, stack(0x0000713400b00000,0x0000713400c00000) (1024K)]
  0x00007de0f03e1200 JavaThread "Thread-2"                          [_thread_blocked, id=312483, stack(0x0000713400a00000,0x0000713400b00000) (1024K)]
  0x00007de0f03e1c20 JavaThread "Thread-3"                          [_thread_blocked, id=312484, stack(0x0000713400900000,0x0000713400a00000) (1024K)]
  0x00007de0f03e2fe0 JavaThread "Thread-4"                          [_thread_blocked, id=312485, stack(0x0000713400800000,0x0000713400900000) (1024K)]
  0x00007de0f05cf300 JavaThread "Thread-5"                          [_thread_blocked, id=312486, stack(0x0000713400700000,0x0000713400800000) (1024K)]
  0x00007de0f05d0310 JavaThread "Thread-6"                          [_thread_blocked, id=312487, stack(0x0000713400600000,0x0000713400700000) (1024K)]
  0x00007de0f05d1840 JavaThread "Thread-7"                          [_thread_blocked, id=312488, stack(0x0000713400500000,0x0000713400600000) (1024K)]
  0x00007de0f05d2c10 JavaThread "Thread-8"                          [_thread_blocked, id=312489, stack(0x0000713400400000,0x0000713400500000) (1024K)]
  0x00007de0f05d40c0 JavaThread "Thread-9"                          [_thread_blocked, id=312490, stack(0x0000713400300000,0x0000713400400000) (1024K)]
  0x00007de0f05d5650 JavaThread "Thread-10"                         [_thread_blocked, id=312491, stack(0x0000713400200000,0x0000713400300000) (1024K)]
  0x00007de0f05d6be0 JavaThread "Thread-11"                         [_thread_blocked, id=312492, stack(0x0000713400100000,0x0000713400200000) (1024K)]
  0x00007de0f05d8090 JavaThread "Thread-12"                         [_thread_blocked, id=312493, stack(0x0000713400000000,0x0000713400100000) (1024K)]
  0x00007de0f05d9860 JavaThread "Thread-13"                         [_thread_blocked, id=312494, stack(0x00007133baf00000,0x00007133bb000000) (1024K)]
  0x00007de0f05dab40 JavaThread "Thread-14"                         [_thread_blocked, id=312495, stack(0x00007133bae00000,0x00007133baf00000) (1024K)]
  0x00007de0f05dbff0 JavaThread "Thread-15"                         [_thread_blocked, id=312496, stack(0x00007133bad00000,0x00007133bae00000) (1024K)]
  0x00007de0f05dd830 JavaThread "Thread-16"                         [_thread_blocked, id=312497, stack(0x00007133bac00000,0x00007133bad00000) (1024K)]
  0x00007de0f05dedf0 JavaThread "Thread-17"                         [_thread_blocked, id=312498, stack(0x00007133bab00000,0x00007133bac00000) (1024K)]
  0x00007de0f05e0290 JavaThread "Thread-18"                         [_thread_blocked, id=312499, stack(0x00007133baa00000,0x00007133bab00000) (1024K)]
  0x00007de0f05e1860 JavaThread "Thread-19"                         [_thread_blocked, id=312500, stack(0x00007133ba900000,0x00007133baa00000) (1024K)]
  0x00007de0f079edf0 JavaThread "Thread-20"                         [_thread_blocked, id=312501, stack(0x00007133ba800000,0x00007133ba900000) (1024K)]
  0x00007de0f07a0330 JavaThread "Thread-21"                         [_thread_blocked, id=312502, stack(0x00007133ba700000,0x00007133ba800000) (1024K)]
  0x00007de0f07a17d0 JavaThread "Thread-22"                         [_thread_blocked, id=312503, stack(0x00007133ba600000,0x00007133ba700000) (1024K)]
  0x00007de0f07a2c70 JavaThread "Thread-23"                         [_thread_blocked, id=312504, stack(0x00007133ba500000,0x00007133ba600000) (1024K)]
  0x00007de0f07a4110 JavaThread "Thread-24"                         [_thread_blocked, id=312505, stack(0x00007133ba400000,0x00007133ba500000) (1024K)]
  0x00007de0f07a55b0 JavaThread "Thread-25"                         [_thread_blocked, id=312506, stack(0x00007133ba300000,0x00007133ba400000) (1024K)]
  0x00007de0f07a6a50 JavaThread "Thread-26"                         [_thread_blocked, id=312507, stack(0x00007133ba200000,0x00007133ba300000) (1024K)]
  0x00007de0f07a7ef0 JavaThread "Thread-27"                         [_thread_blocked, id=312508, stack(0x00007133ba100000,0x00007133ba200000) (1024K)]
  0x00007de0f03d4420 JavaThread "Thread-28"                         [_thread_blocked, id=312509, stack(0x00007133ba000000,0x00007133ba100000) (1024K)]
  0x00007de0f03d5a40 JavaThread "Thread-29"                         [_thread_blocked, id=312510, stack(0x00007133b9f00000,0x00007133ba000000) (1024K)]
  0x00007de0f03d6ee0 JavaThread "Thread-30"                         [_thread_blocked, id=312511, stack(0x00007133b9e00000,0x00007133b9f00000) (1024K)]
  0x00007de0f03d8770 JavaThread "Thread-31"                         [_thread_blocked, id=312512, stack(0x00007133b9d00000,0x00007133b9e00000) (1024K)]
  0x000071332c0ae300 JavaThread "C2 CompilerThread3"         daemon [_thread_blocked, id=312513, stack(0x00007133b9c00000,0x00007133b9d00000) (1024K)]
  0x000071332c0c96d0 JavaThread "C2 CompilerThread4"         daemon [_thread_in_native, id=312514, stack(0x00007133b9b00000,0x00007133b9c00000) (1024K)]
  0x00007133341290e0 JavaThread "C2 CompilerThread5"         daemon [_thread_blocked, id=312515, stack(0x00007133b9a00000,0x00007133b9b00000) (1024K)]
  0x000071333412a830 JavaThread "C2 CompilerThread6"         daemon [_thread_blocked, id=312516, stack(0x00007133b9900000,0x00007133b9a00000) (1024K)]
  0x000071332c0db560 JavaThread "C2 CompilerThread7"         daemon [_thread_in_native, id=312517, stack(0x00007133b9800000,0x00007133b9900000) (1024K)]
  0x000071328c0a35b0 JavaThread "C2 CompilerThread8"         daemon [_thread_blocked, id=312518, stack(0x00007133b9700000,0x00007133b9800000) (1024K)]
  0x000071332818ba30 JavaThread "C2 CompilerThread9"         daemon [_thread_blocked, id=312519, stack(0x00007133b9600000,0x00007133b9700000) (1024K)]
Total: 56

Other Threads:
  0x00007de0f051b320 VMThread "VM Thread"                           [id=312440, stack(0x00007de0f61fe000,0x00007de0f62fe000) (1024K)]
  0x00007de0f0508f50 WatcherThread "VM Periodic Task Thread"        [id=312439, stack(0x00007de0f62ff000,0x00007de0f63ff000) (1024K)]

=>0x00007de0f052ee00 (exited) NamedThread "MMTk Collector Thread"   [id=312445, stack(0x00007de0f59ff000,0x00007de0f5aff000) (1024K)]
Total: 3

Threads with active compile tasks:
C2 CompilerThread0  3060 2484       4       org.apache.xpath.axes.LocPathIterator::asIterator (26 bytes)
C2 CompilerThread1  3060 2961       4       org.apache.xalan.templates.ElemNumber$NumberFormatStringTokenizer::nextToken (113 bytes)
C2 CompilerThread2  3060 2959       4       java.util.HashMap::putMapEntries (170 bytes)
C2 CompilerThread3  3060 2403   !   4       org.apache.xml.serializer.ToStream::flushPending (73 bytes)
C2 CompilerThread4  3060 2349   !   4       org.apache.xalan.templates.ElemApplyTemplates::transformSelectedNodes (979 bytes)
C2 CompilerThread5  3060 2416       4       org.apache.xml.serializer.ToStream::startPrefixMapping (9 bytes)
C2 CompilerThread6  3060 2962   !   4       org.apache.xalan.templates.ElemLiteralResult::execute (312 bytes)
C2 CompilerThread7  3060 2404       4       org.apache.xml.serializer.ToStream::startPrefixMapping (128 bytes)
C2 CompilerThread8  3060 2963       4       org.apache.xalan.templates.ElemUse::execute (22 bytes)
C2 CompilerThread9  3060 2475       4       org.apache.xpath.axes.AttributeIterator::getNextNode (46 bytes)
Total: 10

VM state: at safepoint (normal execution)

VM Mutex/Monitor currently owned by a thread:  ([mutex/lock_event])
[0x00007de0f8b580d0] Threads_lock - owner thread: 0x00007de0f051b320
[0x00007de0f8b57fd0] Heap_lock - owner thread: 0x00007de0f03e4860

Heap address: 0x0000000040000000, size: 3072 MB, Compressed Oops mode: 32-bit

CDS archive(s) mapped at: [0x00007133bb000000-0x00007133bbca3000-0x00007133bbca3000), size 13250560, SharedBaseAddress: 0x00007133bb000000, ArchiveRelocationMode: 1.
Compressed class space mapped at: 0x00007133bc000000-0x00007133fc000000, reserved size: 1073741824
Narrow klass base: 0x00007133bb000000, Narrow klass shift: 0, Narrow klass range: 0x100000000

GC Precious Log:
<Empty>

Heap:

[error occurred during error reporting (printing heap information), id 0xe0000000, Internal Error (/mydata/mmtk-openjdk/openjdk/share/mmtkHeap.cpp:424)]
Metaspace:

Usage:
  Non-class:      7.03 MB used.
      Class:    971.34 KB used.
       Both:      7.98 MB used.

Virtual space:
  Non-class space:       64.00 MB reserved,       7.12 MB ( 11%) committed,  1 nodes.
      Class space:        1.00 GB reserved,       1.06 MB ( <1%) committed,  1 nodes.
             Both:        1.06 GB reserved,       8.19 MB ( <1%) committed. 

Chunk freelists:
   Non-Class:  7.34 MB
       Class:  14.99 MB
        Both:  22.33 MB

MaxMetaspaceSize: unlimited
CompressedClassSpaceSize: 1.00 GB
Initial GC threshold: 21.00 MB
Current GC threshold: 21.00 MB
CDS: on
 - commit_granule_bytes: 65536.
 - commit_granule_words: 8192.
 - virtual_space_node_default_size: 8388608.
 - enlarge_chunks_in_place: 1.
 - use_allocation_guard: 0.


Internal statistics:

num_allocs_failed_limit: 0.
num_arena_births: 134.
num_arena_deaths: 0.
num_vsnodes_births: 2.
num_vsnodes_deaths: 0.
num_space_committed: 131.
num_space_uncommitted: 0.
num_chunks_returned_to_freelist: 0.
num_chunks_taken_from_freelist: 390.
num_chunk_merges: 0.
num_chunk_splits: 269.
num_chunks_enlarged: 202.
num_inconsistent_stats: 0.

CodeHeap 'non-profiled nmethods': size=118880Kb used=1459Kb max_used=1459Kb free=117420Kb
 bounds [0x00007de0e03e8000, 0x00007de0e0658000, 0x00007de0e7800000]
CodeHeap 'profiled nmethods': size=118876Kb used=6399Kb max_used=6399Kb free=112476Kb
 bounds [0x00007de0d8800000, 0x00007de0d8e40000, 0x00007de0dfc17000]
CodeHeap 'non-nmethods': size=8004Kb used=3533Kb max_used=3634Kb free=4470Kb
 bounds [0x00007de0dfc17000, 0x00007de0dffb7000, 0x00007de0e03e8000]
CodeCache: size=245760Kb, used=11391Kb, max_used=11492Kb, free=234366Kb
 total_blobs=3365, nmethods=2884, adapters=379, full_count=0
Compilation: enabled, stopped_count=0, restarted_count=0

Compilation events (20 events):
Event: 3.013 Thread 0x0000713330078bb0 2959       4       java.util.HashMap::putMapEntries (170 bytes)
Event: 3.016 Thread 0x000071332801d770 nmethod 2410 0x00007de0e0538c10 code [0x00007de0e05392e0, 0x00007de0e053ec28]
Event: 3.039 Thread 0x000071332801d770 2961       4       org.apache.xalan.templates.ElemNumber$NumberFormatStringTokenizer::nextToken (113 bytes)
Event: 3.041 Thread 0x000071328c0a35b0 nmethod 2459 0x00007de0e0542410 code [0x00007de0e0542680, 0x00007de0e0543608]
Event: 3.041 Thread 0x00007de0f054d3f0 nmethod 2483 0x00007de0e0544090 code [0x00007de0e05442c0, 0x00007de0e0544bb0]
Event: 3.041 Thread 0x000071328c0a35b0 2458       4       org.apache.xpath.axes.NodeSequence::detach (22 bytes)
Event: 3.041 Thread 0x00007de0f054d3f0 2484       4       org.apache.xpath.axes.LocPathIterator::asIterator (26 bytes)
Event: 3.041 Thread 0x000071332818ba30 nmethod 2895 0x00007de0e0545190 code [0x00007de0e0545560, 0x00007de0e05474f0]
Event: 3.041 Thread 0x000071332818ba30 2475       4       org.apache.xpath.axes.AttributeIterator::getNextNode (46 bytes)
Event: 3.041 Thread 0x000071328c0a35b0 nmethod 2458 0x00007de0e0548990 code [0x00007de0e0548b20, 0x00007de0e0548c20]
Event: 3.041 Thread 0x000071328c0a35b0 2467       4       java.lang.CharacterDataLatin1::getType (11 bytes)
Event: 3.042 Thread 0x000071333412a830 nmethod 2814% 0x00007de0e0548d10 code [0x00007de0e05493e0, 0x00007de0e054c900]
Event: 3.042 Thread 0x000071333412a830 2962   !   4       org.apache.xalan.templates.ElemLiteralResult::execute (312 bytes)
Event: 3.042 Thread 0x000071328c0a35b0 nmethod 2467 0x00007de0e054eb90 code [0x00007de0e054ed00, 0x00007de0e054edc0]
Event: 3.042 Thread 0x000071328c0a35b0 1710       4       org.apache.xalan.templates.ElemTemplateElement::runtimeInit (1 bytes)
Event: 3.042 Thread 0x000071328c0a35b0 nmethod 1710 0x00007de0e054ee90 code [0x00007de0e054f000, 0x00007de0e054f088]
Event: 3.042 Thread 0x000071328c0a35b0 2370       4       org.apache.xerces.impl.XMLScanner::isInvalidLiteral (5 bytes)
Event: 3.043 Thread 0x000071328c0a35b0 nmethod 2370 0x00007de0e054f190 code [0x00007de0e054f320, 0x00007de0e054f418]
Event: 3.043 Thread 0x000071328c0a35b0 2963       4       org.apache.xalan.templates.ElemUse::execute (22 bytes)
Event: 3.043 Thread 0x000071332c0ae300 nmethod 2403 0x00007de0e054f510 code [0x00007de0e054fa80, 0x00007de0e0552d18]

GC Heap History (0 events):
No events

Dll operation events (7 events):
Event: 0.001 Loaded shared library /mydata/openjdk-mmtk/build/b0test/images/jdk/lib/libjava.so
Event: 2.211 Loaded shared library /mydata/openjdk-mmtk/build/b0test/images/jdk/lib/libjsvml.so
Event: 2.225 Loaded shared library /mydata/openjdk-mmtk/build/b0test/images/jdk/lib/libnio.so
Event: 2.228 Loaded shared library /mydata/openjdk-mmtk/build/b0test/images/jdk/lib/libzip.so
Event: 2.242 Loaded shared library /mydata/openjdk-mmtk/build/b0test/images/jdk/lib/libjimage.so
Event: 2.269 Loaded shared library /mydata/openjdk-mmtk/build/b0test/images/jdk/lib/libnet.so
Event: 2.371 Loaded shared library /mydata/openjdk-mmtk/build/b0test/images/jdk/lib/libverify.so

Deoptimization events (20 events):
Event: 2.871 Thread 0x00007de0f05dab40 Uncommon trap: reason=loop_limit_check action=maybe_recompile pc=0x00007de0e04e8c78 method=org.apache.xml.dtm.ref.DTMDefaultBase.getFirstAttributeIdentity(I)I @ 19 c2
Event: 2.871 Thread 0x00007de0f05d0310 Uncommon trap: trap_request=0xffffff6e fr.pc=0x00007de0e04e8c78 relative=0x0000000000000378
Event: 2.871 Thread 0x00007de0f05dab40 DEOPT PACKING pc=0x00007de0e04e8c78 sp=0x00007133baefc680
Event: 2.871 Thread 0x00007de0f05d0310 Uncommon trap: reason=loop_limit_check action=maybe_recompile pc=0x00007de0e04e8c78 method=org.apache.xml.dtm.ref.DTMDefaultBase.getFirstAttributeIdentity(I)I @ 19 c2
Event: 2.871 Thread 0x00007de0f05d5650 DEOPT UNPACKING pc=0x00007de0dfc6a899 sp=0x00007134002fc180 mode 2
Event: 2.871 Thread 0x00007de0f05d0310 DEOPT PACKING pc=0x00007de0e04e8c78 sp=0x00007134006fc070
Event: 2.871 Thread 0x00007de0f05dab40 DEOPT UNPACKING pc=0x00007de0dfc6a899 sp=0x00007133baefc640 mode 2
Event: 2.871 Thread 0x00007de0f05d0310 DEOPT UNPACKING pc=0x00007de0dfc6a899 sp=0x00007134006fc030 mode 2
Event: 3.009 Thread 0x00007de0f05dbff0 DEOPT PACKING pc=0x00007de0d8c7963d sp=0x00007133badfe060
Event: 3.009 Thread 0x00007de0f05dbff0 DEOPT UNPACKING pc=0x00007de0dfc6b02f sp=0x00007133badfd558 mode 0
Event: 3.041 Thread 0x00007de0f05d0310 Uncommon trap: trap_request=0xffffff6e fr.pc=0x00007de0e053a278 relative=0x0000000000000f98
Event: 3.041 Thread 0x00007de0f05d0310 Uncommon trap: reason=loop_limit_check action=maybe_recompile pc=0x00007de0e053a278 method=org.apache.xalan.templates.ElemLiteralResult.execute(Lorg/apache/xalan/transformer/TransformerImpl;)V @ 110 c2
Event: 3.041 Thread 0x00007de0f05d0310 DEOPT PACKING pc=0x00007de0e053a278 sp=0x00007134006fd090
Event: 3.041 Thread 0x00007de0f05d0310 DEOPT UNPACKING pc=0x00007de0dfc6a899 sp=0x00007134006fd0a0 mode 2
Event: 3.041 Thread 0x00007de0f03d6ee0 Uncommon trap: trap_request=0xffffff6e fr.pc=0x00007de0e053a278 relative=0x0000000000000f98
Event: 3.041 Thread 0x00007de0f03d6ee0 Uncommon trap: reason=loop_limit_check action=maybe_recompile pc=0x00007de0e053a278 method=org.apache.xalan.templates.ElemLiteralResult.execute(Lorg/apache/xalan/transformer/TransformerImpl;)V @ 110 c2
Event: 3.041 Thread 0x00007de0f03d6ee0 DEOPT PACKING pc=0x00007de0e053a278 sp=0x00007133b9efc370
Event: 3.042 Thread 0x00007de0f03d6ee0 DEOPT UNPACKING pc=0x00007de0dfc6a899 sp=0x00007133b9efc380 mode 2
Event: 3.042 Thread 0x00007de0f07a6a50 DEOPT PACKING pc=0x00007de0d8d3d92c sp=0x00007133ba2fe2e0
Event: 3.042 Thread 0x00007de0f07a6a50 DEOPT UNPACKING pc=0x00007de0dfc6b02f sp=0x00007133ba2fd838 mode 0

Classes loaded (20 events):
Event: 2.639 Loading class java/util/ResourceBundle$KeyElementReference
Event: 2.639 Loading class java/util/ResourceBundle$CacheKeyReference
Event: 2.639 Loading class java/util/ResourceBundle$CacheKeyReference done
Event: 2.639 Loading class java/util/ResourceBundle$KeyElementReference done
Event: 2.640 Loading class java/util/ResourceBundle$Control$2
Event: 2.640 Loading class java/util/ResourceBundle$Control$2 done
Event: 2.641 Loading class sun/util/PropertyResourceBundleCharset
Event: 2.641 Loading class sun/util/PropertyResourceBundleCharset done
Event: 2.641 Loading class sun/util/PropertyResourceBundleCharset$PropertiesFileDecoder
Event: 2.642 Loading class sun/util/PropertyResourceBundleCharset$PropertiesFileDecoder done
Event: 2.649 Loading class java/util/ResourceBundle$BundleReference
Event: 2.649 Loading class java/util/ResourceBundle$BundleReference done
Event: 2.656 Loading class sun/util/ResourceBundleEnumeration
Event: 2.656 Loading class sun/util/ResourceBundleEnumeration done
Event: 2.673 Loading class sun/nio/cs/ISO_8859_1$Encoder
Event: 2.673 Loading class sun/nio/cs/ISO_8859_1$Encoder done
Event: 2.713 Loading class java/util/ResourceBundle$Control$1
Event: 2.713 Loading class java/util/ResourceBundle$Control$1 done
Event: 2.729 Loading class java/lang/foreign/MemorySegment
Event: 2.730 Loading class java/lang/foreign/MemorySegment done

Classes unloaded (0 events):
No events

Classes redefined (0 events):
No events

Internal exceptions (13 events):
Event: 2.235 Thread 0x00007de0f002b240 Exception <a 'java/lang/NoSuchMethodError'{0x000000004033c090}: 'java.lang.Object java.lang.invoke.DirectMethodHandle$Holder.newInvokeSpecial(java.lang.Object, int, java.lang.Object)'> (0x000000004033c090) 
thrown [src/hotspot/share/interpreter/linkResolver.cpp, line 772]
Event: 2.245 Thread 0x00007de0f002b240 Exception <a 'java/lang/NoSuchMethodError'{0x00000000402f9e28}: 'void java.lang.invoke.DirectMethodHandle$Holder.invokeStatic(java.lang.Object, java.lang.Object)'> (0x00000000402f9e28) 
thrown [src/hotspot/share/interpreter/linkResolver.cpp, line 772]
Event: 2.245 Thread 0x00007de0f002b240 Exception <a 'java/lang/NoSuchMethodError'{0x00000000402fd820}: 'void java.lang.invoke.DirectMethodHandle$Holder.invokeSpecial(java.lang.Object, java.lang.Object, java.lang.Object)'> (0x00000000402fd820) 
thrown [src/hotspot/share/interpreter/linkResolver.cpp, line 772]
Event: 2.288 Thread 0x00007de0f002b240 Exception <a 'java/lang/NoSuchMethodError'{0x00000000401be078}: 'void java.lang.invoke.DirectMethodHandle$Holder.invokeVirtual(java.lang.Object, java.lang.Object)'> (0x00000000401be078) 
thrown [src/hotspot/share/interpreter/linkResolver.cpp, line 772]
Event: 2.296 Thread 0x00007de0f002b240 Exception <a 'java/io/FileNotFoundException'{0x0000000040197c58}> (0x0000000040197c58) 
thrown [src/hotspot/share/prims/jni.cpp, line 520]
Event: 2.307 Thread 0x00007de0f002b240 Exception <a 'java/lang/NoSuchMethodError'{0x000000004012fc08}: 'java.lang.Object java.lang.invoke.Invokers$Holder.invokeExact_MT(java.lang.Object, java.lang.Object, java.lang.Object, java.lang.Object, java.lang.Object)'> (0x000000004012fc08) 
thrown [src/hotspot/share/interpreter/linkResolver.cpp, line 772]
Event: 2.496 Thread 0x00007de0f002b240 Exception <a 'java/lang/NoSuchMethodError'{0x0000000040eba4f8}: 'void java.lang.invoke.DirectMethodHandle$Holder.invokeVirtual(java.lang.Object, java.lang.Object, int)'> (0x0000000040eba4f8) 
thrown [src/hotspot/share/interpreter/linkResolver.cpp, line 772]
Event: 2.496 Thread 0x00007de0f002b240 Exception <a 'java/lang/NoSuchMethodError'{0x0000000040ebec88}: 'int java.lang.invoke.DirectMethodHandle$Holder.invokeSpecial(java.lang.Object, java.lang.Object, java.lang.Object, int)'> (0x0000000040ebec88) 
thrown [src/hotspot/share/interpreter/linkResolver.cpp, line 772]
Event: 2.498 Thread 0x00007de0f002b240 Exception <a 'java/lang/NoSuchMethodError'{0x0000000040e980a8}: 'java.lang.Object java.lang.invoke.DirectMethodHandle$Holder.invokeStatic(java.lang.Object, java.lang.Object, java.lang.Object, java.lang.Object, int)'> (0x0000000040e980a8) 
thrown [src/hotspot/share/interpreter/linkResolver.cpp, line 772]
Event: 2.499 Thread 0x00007de0f002b240 Exception <a 'java/lang/NoSuchMethodError'{0x0000000040e932d0}: 'void java.lang.invoke.DelegatingMethodHandle$Holder.reinvoke_L(java.lang.Object, java.lang.Object, int)'> (0x0000000040e932d0) 
thrown [src/hotspot/share/interpreter/linkResolver.cpp, line 772]
Event: 2.500 Thread 0x00007de0f002b240 Exception <a 'java/lang/NoSuchMethodError'{0x0000000040e8a048}: 'int java.lang.invoke.DirectMethodHandle$Holder.invokeSpecial(java.lang.Object, java.lang.Object, java.lang.Object)'> (0x0000000040e8a048) 
thrown [src/hotspot/share/interpreter/linkResolver.cpp, line 772]
Event: 2.571 Thread 0x00007de0f002b240 Exception <a 'java/lang/NoSuchMethodError'{0x00000000413bc670}: 'void java.lang.invoke.DelegatingMethodHandle$Holder.reinvoke_L(java.lang.Object, java.lang.Object, int, int)'> (0x00000000413bc670) 
thrown [src/hotspot/share/interpreter/linkResolver.cpp, line 772]
Event: 2.638 Thread 0x00007de0f03d5a40 Exception <a 'java/lang/NoSuchMethodError'{0x0000000040d37140}: 'java.lang.Object java.lang.invoke.DirectMethodHandle$Holder.invokeInterface(java.lang.Object, java.lang.Object)'> (0x0000000040d37140) 
thrown [src/hotspot/share/interpreter/linkResolver.cpp, line 772]

ZGC Phase Switch (0 events):
No events

VM Operations (20 events):
Event: 2.770 Executing VM operation: ICBufferFull done
Event: 2.770 Executing VM operation: ICBufferFull
Event: 2.771 Executing VM operation: ICBufferFull done
Event: 2.771 Executing VM operation: ICBufferFull
Event: 2.773 Executing VM operation: ICBufferFull done
Event: 2.775 Executing VM operation: ICBufferFull
Event: 2.780 Executing VM operation: ICBufferFull done
Event: 2.781 Executing VM operation: ICBufferFull
Event: 2.782 Executing VM operation: ICBufferFull done
Event: 2.785 Executing VM operation: ICBufferFull
Event: 2.786 Executing VM operation: ICBufferFull done
Event: 2.792 Executing VM operation: ICBufferFull
Event: 2.795 Executing VM operation: ICBufferFull done
Event: 2.976 Executing VM operation: ICBufferFull
Event: 2.977 Executing VM operation: ICBufferFull done
Event: 2.977 Executing VM operation: ICBufferFull
Event: 2.977 Executing VM operation: ICBufferFull done
Event: 3.016 Executing VM operation: ThirdPartyHeapOperation
Event: 3.039 Executing VM operation: ThirdPartyHeapOperation done
Event: 3.043 Executing VM operation: ThirdPartyHeapOperation

Memory protections (20 events):
Event: 2.608 Protecting memory [0x00007133ba900000,0x00007133ba904000] with protection modes 0
Event: 2.608 Protecting memory [0x00007133ba800000,0x00007133ba804000] with protection modes 0
Event: 2.608 Protecting memory [0x00007133ba700000,0x00007133ba704000] with protection modes 0
Event: 2.608 Protecting memory [0x00007133ba600000,0x00007133ba604000] with protection modes 0
Event: 2.608 Protecting memory [0x00007133ba500000,0x00007133ba504000] with protection modes 0
Event: 2.608 Protecting memory [0x00007133ba400000,0x00007133ba404000] with protection modes 0
Event: 2.608 Protecting memory [0x00007133ba300000,0x00007133ba304000] with protection modes 0
Event: 2.609 Protecting memory [0x00007133ba200000,0x00007133ba204000] with protection modes 0
Event: 2.609 Protecting memory [0x00007133ba100000,0x00007133ba104000] with protection modes 0
Event: 2.609 Protecting memory [0x00007133ba000000,0x00007133ba004000] with protection modes 0
Event: 2.609 Protecting memory [0x00007133b9f00000,0x00007133b9f04000] with protection modes 0
Event: 2.609 Protecting memory [0x00007133b9e00000,0x00007133b9e04000] with protection modes 0
Event: 2.609 Protecting memory [0x00007133b9d00000,0x00007133b9d04000] with protection modes 0
Event: 2.659 Protecting memory [0x00007133b9c00000,0x00007133b9c04000] with protection modes 0
Event: 2.660 Protecting memory [0x00007133b9b00000,0x00007133b9b04000] with protection modes 0
Event: 2.666 Protecting memory [0x00007133b9a00000,0x00007133b9a04000] with protection modes 0
Event: 2.666 Protecting memory [0x00007133b9900000,0x00007133b9904000] with protection modes 0
Event: 2.669 Protecting memory [0x00007133b9800000,0x00007133b9804000] with protection modes 0
Event: 2.739 Protecting memory [0x00007133b9700000,0x00007133b9704000] with protection modes 0
Event: 2.741 Protecting memory [0x00007133b9600000,0x00007133b9604000] with protection modes 0

Nmethod flushes (0 events):
No events

Events (20 events):
Event: 2.608 Thread 0x00007de0f002b240 Thread added: 0x00007de0f05e1860
Event: 2.608 Thread 0x00007de0f002b240 Thread added: 0x00007de0f079edf0
Event: 2.608 Thread 0x00007de0f002b240 Thread added: 0x00007de0f07a0330
Event: 2.608 Thread 0x00007de0f002b240 Thread added: 0x00007de0f07a17d0
Event: 2.608 Thread 0x00007de0f002b240 Thread added: 0x00007de0f07a2c70
Event: 2.608 Thread 0x00007de0f002b240 Thread added: 0x00007de0f07a4110
Event: 2.608 Thread 0x00007de0f002b240 Thread added: 0x00007de0f07a55b0
Event: 2.608 Thread 0x00007de0f002b240 Thread added: 0x00007de0f07a6a50
Event: 2.609 Thread 0x00007de0f002b240 Thread added: 0x00007de0f07a7ef0
Event: 2.609 Thread 0x00007de0f002b240 Thread added: 0x00007de0f03d4420
Event: 2.609 Thread 0x00007de0f002b240 Thread added: 0x00007de0f03d5a40
Event: 2.609 Thread 0x00007de0f002b240 Thread added: 0x00007de0f03d6ee0
Event: 2.609 Thread 0x00007de0f002b240 Thread added: 0x00007de0f03d8770
Event: 2.659 Thread 0x000071333405f3f0 Thread added: 0x000071332c0ae300
Event: 2.660 Thread 0x000071333405f3f0 Thread added: 0x000071332c0c96d0
Event: 2.666 Thread 0x00007de0f0556dc0 Thread added: 0x00007133341290e0
Event: 2.666 Thread 0x00007de0f0556dc0 Thread added: 0x000071333412a830
Event: 2.669 Thread 0x000071333405f3f0 Thread added: 0x000071332c0db560
Event: 2.739 Thread 0x000071332c0c96d0 Thread added: 0x000071328c0a35b0
Event: 2.741 Thread 0x000071333405ddf0 Thread added: 0x000071332818ba30


Dynamic libraries:
40000000-40400000 rw-p 00000000 00:00 0                                  [anon:mmtk:space:immix]
40400000-40800000 rw-p 00000000 00:00 0                                  [anon:mmtk:space:los]
40800000-41400000 rw-p 00000000 00:00 0                                  [anon:mmtk:space:immix]
41400000-41800000 rw-p 00000000 00:00 0                                  [anon:mmtk:space:los]
41800000-41c00000 rw-p 00000000 00:00 0                                  [anon:mmtk:space:immix]
41c00000-42000000 rw-p 00000000 00:00 0                                  [anon:mmtk:space:los]
42000000-42800000 rw-p 00000000 00:00 0                                  [anon:mmtk:space:immix]
42800000-42c00000 rw-p 00000000 00:00 0                                  [anon:mmtk:space:los]
42c00000-43000000 rw-p 00000000 00:00 0                                  [anon:mmtk:space:immix]
43000000-43400000 rw-p 00000000 00:00 0                                  [anon:mmtk:space:los]
43400000-43c00000 rw-p 00000000 00:00 0                                  [anon:mmtk:space:immix]
43c00000-44000000 rw-p 00000000 00:00 0                                  [anon:mmtk:space:los]
44000000-44400000 rw-p 00000000 00:00 0                                  [anon:mmtk:space:immix]
44400000-44800000 rw-p 00000000 00:00 0                                  [anon:mmtk:space:los]
44800000-45400000 rw-p 00000000 00:00 0                                  [anon:mmtk:space:immix]
45400000-45800000 rw-p 00000000 00:00 0                                  [anon:mmtk:space:los]
45800000-45c00000 rw-p 00000000 00:00 0                                  [anon:mmtk:space:immix]
45c00000-46000000 rw-p 00000000 00:00 0                                  [anon:mmtk:space:los]
46000000-46400000 rw-p 00000000 00:00 0                                  [anon:mmtk:space:immix]
46400000-46800000 rw-p 00000000 00:00 0                                  [anon:mmtk:space:los]
46800000-47000000 rw-p 00000000 00:00 0                                  [anon:mmtk:space:immix]
47000000-47400000 rw-p 00000000 00:00 0                                  [anon:mmtk:space:los]
47400000-47800000 rw-p 00000000 00:00 0                                  [anon:mmtk:space:immix]
47800000-47c00000 rw-p 00000000 00:00 0                                  [anon:mmtk:space:los]
47c00000-48000000 rw-p 00000000 00:00 0                                  [anon:mmtk:space:immix]
48000000-48400000 rw-p 00000000 00:00 0                                  [anon:mmtk:space:los]
48400000-48c00000 rw-p 00000000 00:00 0                                  [anon:mmtk:space:immix]
48c00000-49000000 rw-p 00000000 00:00 0                                  [anon:mmtk:space:los]
49000000-49800000 rw-p 00000000 00:00 0                                  [anon:mmtk:space:immix]
49800000-49c00000 rw-p 00000000 00:00 0                                  [anon:mmtk:space:los]
49c00000-4a400000 rw-p 00000000 00:00 0                                  [anon:mmtk:space:immix]
4a400000-4a800000 rw-p 00000000 00:00 0                                  [anon:mmtk:space:los]
4a800000-4ac00000 rw-p 00000000 00:00 0                                  [anon:mmtk:space:immix]
4ac00000-4b000000 rw-p 00000000 00:00 0                                  [anon:mmtk:space:los]
4b000000-4b800000 rw-p 00000000 00:00 0                                  [anon:mmtk:space:immix]
4b800000-4bc00000 rw-p 00000000 00:00 0                                  [anon:mmtk:space:los]
4bc00000-4c000000 rw-p 00000000 00:00 0                                  [anon:mmtk:space:immix]
4c000000-4c400000 rw-p 00000000 00:00 0                                  [anon:mmtk:space:los]
4c400000-4cc00000 rw-p 00000000 00:00 0                                  [anon:mmtk:space:immix]
4cc00000-4d000000 rw-p 00000000 00:00 0                                  [anon:mmtk:space:los]
4d000000-4d800000 rw-p 00000000 00:00 0                                  [anon:mmtk:space:immix]
4d800000-4dc00000 rw-p 00000000 00:00 0                                  [anon:mmtk:space:los]
4dc00000-4e000000 rw-p 00000000 00:00 0                                  [anon:mmtk:space:immix]
4e000000-4e400000 rw-p 00000000 00:00 0                                  [anon:mmtk:space:los]
4e400000-4ec00000 rw-p 00000000 00:00 0                                  [anon:mmtk:space:immix]
4ec00000-4f000000 rw-p 00000000 00:00 0                                  [anon:mmtk:space:los]
4f000000-4f800000 rw-p 00000000 00:00 0                                  [anon:mmtk:space:immix]
4f800000-4fc00000 rw-p 00000000 00:00 0                                  [anon:mmtk:space:los]
4fc00000-50000000 rw-p 00000000 00:00 0                                  [anon:mmtk:space:immix]
50000000-50400000 rw-p 00000000 00:00 0                                  [anon:mmtk:space:los]
50400000-50800000 rw-p 00000000 00:00 0                                  [anon:mmtk:space:immix]
200000000000-2000c00c0000 rw-s 00000000 00:10 68                         anon_inode:bpf-map
597a8e1ae000-597a8e1af000 r--p 00000000 fc:00 49676337                   /mydata/openjdk-mmtk/build/b0test/images/jdk/bin/java
597a8e1af000-597a8e1b0000 r-xp 00001000 fc:00 49676337                   /mydata/openjdk-mmtk/build/b0test/images/jdk/bin/java
597a8e1b0000-597a8e1b1000 r--p 00002000 fc:00 49676337                   /mydata/openjdk-mmtk/build/b0test/images/jdk/bin/java
597a8e1b1000-597a8e1b2000 r--p 00002000 fc:00 49676337                   /mydata/openjdk-mmtk/build/b0test/images/jdk/bin/java
597a8e1b2000-597a8e1b3000 rw-p 00003000 fc:00 49676337                   /mydata/openjdk-mmtk/build/b0test/images/jdk/bin/java
597a92320000-597a92368000 rw-p 00000000 00:00 0                          [heap]
713270000000-7132705e5000 rw-p 00000000 00:00 0 
7132705e5000-713274000000 ---p 00000000 00:00 0 
713278000000-71327884f000 rw-p 00000000 00:00 0 
71327884f000-71327c000000 ---p 00000000 00:00 0 
71327c000000-71327c87a000 rw-p 00000000 00:00 0 
71327c87a000-713280000000 ---p 00000000 00:00 0 
713280000000-7132807d8000 rw-p 00000000 00:00 0 
7132807d8000-713284000000 ---p 00000000 00:00 0 
713284000000-71328483c000 rw-p 00000000 00:00 0 
71328483c000-713288000000 ---p 00000000 00:00 0 
713288000000-7132885da000 rw-p 00000000 00:00 0 
7132885da000-71328c000000 ---p 00000000 00:00 0 
71328c000000-71328cb2b000 rw-p 00000000 00:00 0 
71328cb2b000-713290000000 ---p 00000000 00:00 0 
713290000000-713290036000 rw-p 00000000 00:00 0 
713290036000-713294000000 ---p 00000000 00:00 0 
713294000000-713294021000 rw-p 00000000 00:00 0 
713294021000-713298000000 ---p 00000000 00:00 0 
713298000000-713298023000 rw-p 00000000 00:00 0 
713298023000-71329c000000 ---p 00000000 00:00 0 
71329c000000-71329c021000 rw-p 00000000 00:00 0 
71329c021000-7132a0000000 ---p 00000000 00:00 0 
7132a0000000-7132a0030000 rw-p 00000000 00:00 0 
7132a0030000-7132a4000000 ---p 00000000 00:00 0 
7132a4000000-7132a402c000 rw-p 00000000 00:00 0 
7132a402c000-7132a8000000 ---p 00000000 00:00 0 
7132a8000000-7132a8052000 rw-p 00000000 00:00 0 
7132a8052000-7132ac000000 ---p 00000000 00:00 0 
7132ac000000-7132ac024000 rw-p 00000000 00:00 0 
7132ac024000-7132b0000000 ---p 00000000 00:00 0 
7132b0000000-7132b003a000 rw-p 00000000 00:00 0 
7132b003a000-7132b4000000 ---p 00000000 00:00 0 
7132b4000000-7132b4051000 rw-p 00000000 00:00 0 
7132b4051000-7132b8000000 ---p 00000000 00:00 0 
7132b8000000-7132b8023000 rw-p 00000000 00:00 0 
7132b8023000-7132bc000000 ---p 00000000 00:00 0 
7132bc000000-7132bc021000 rw-p 00000000 00:00 0 
7132bc021000-7132c0000000 ---p 00000000 00:00 0 
7132c0000000-7132c002c000 rw-p 00000000 00:00 0 
7132c002c000-7132c4000000 ---p 00000000 00:00 0 
7132c4000000-7132c4024000 rw-p 00000000 00:00 0 
7132c4024000-7132c8000000 ---p 00000000 00:00 0 
7132c8000000-7132c8021000 rw-p 00000000 00:00 0 
7132c8021000-7132cc000000 ---p 00000000 00:00 0 
7132cc000000-7132cc021000 rw-p 00000000 00:00 0 
7132cc021000-7132d0000000 ---p 00000000 00:00 0 
7132d0000000-7132d0022000 rw-p 00000000 00:00 0 
7132d0022000-7132d4000000 ---p 00000000 00:00 0 
7132d4000000-7132d4063000 rw-p 00000000 00:00 0 
7132d4063000-7132d8000000 ---p 00000000 00:00 0 
7132d8000000-7132d8021000 rw-p 00000000 00:00 0 
7132d8021000-7132dc000000 ---p 00000000 00:00 0 
7132dc000000-7132dc027000 rw-p 00000000 00:00 0 
7132dc027000-7132e0000000 ---p 00000000 00:00 0 
7132e0000000-7132e0021000 rw-p 00000000 00:00 0 
7132e0021000-7132e4000000 ---p 00000000 00:00 0 
7132e4000000-7132e406e000 rw-p 00000000 00:00 0 
7132e406e000-7132e8000000 ---p 00000000 00:00 0 
7132e8000000-7132e8021000 rw-p 00000000 00:00 0 
7132e8021000-7132ec000000 ---p 00000000 00:00 0 
7132ec000000-7132ec022000 rw-p 00000000 00:00 0 
7132ec022000-7132f0000000 ---p 00000000 00:00 0 
7132f0000000-7132f0021000 rw-p 00000000 00:00 0 
7132f0021000-7132f4000000 ---p 00000000 00:00 0 
7132f4000000-7132f4021000 rw-p 00000000 00:00 0 
7132f4021000-7132f8000000 ---p 00000000 00:00 0 
7132f8000000-7132f8025000 rw-p 00000000 00:00 0 
7132f8025000-7132fc000000 ---p 00000000 00:00 0 
7132fc000000-7132fc021000 rw-p 00000000 00:00 0 
7132fc021000-713300000000 ---p 00000000 00:00 0 
713300000000-71330004a000 rw-p 00000000 00:00 0 
71330004a000-713304000000 ---p 00000000 00:00 0 
713304000000-713304021000 rw-p 00000000 00:00 0 
713304021000-713308000000 ---p 00000000 00:00 0 
713308000000-71330808d000 rw-p 00000000 00:00 0 
71330808d000-71330c000000 ---p 00000000 00:00 0 
71330c000000-71330c028000 rw-p 00000000 00:00 0 
71330c028000-713310000000 ---p 00000000 00:00 0 
713310000000-7133101dc000 rw-p 00000000 00:00 0 
7133101dc000-713314000000 ---p 00000000 00:00 0 
713314000000-7133147dc000 rw-p 00000000 00:00 0 
7133147dc000-713318000000 ---p 00000000 00:00 0 
713318000000-713318c7d000 rw-p 00000000 00:00 0 
713318c7d000-71331c000000 ---p 00000000 00:00 0 
71331c000000-71331c24a000 rw-p 00000000 00:00 0 
71331c24a000-713320000000 ---p 00000000 00:00 0 
713320000000-713320021000 rw-p 00000000 00:00 0 
713320021000-713324000000 ---p 00000000 00:00 0 
713324000000-713324021000 rw-p 00000000 00:00 0 
713324021000-713328000000 ---p 00000000 00:00 0 
713328000000-713328280000 rw-p 00000000 00:00 0 
713328280000-71332c000000 ---p 00000000 00:00 0 
71332c000000-71332c363000 rw-p 00000000 00:00 0 
71332c363000-713330000000 ---p 00000000 00:00 0 
713330000000-713330a4d000 rw-p 00000000 00:00 0 
713330a4d000-713334000000 ---p 00000000 00:00 0 
713334000000-71333428c000 rw-p 00000000 00:00 0 
71333428c000-713338000000 ---p 00000000 00:00 0 
713338000000-713338021000 rw-p 00000000 00:00 0 
713338021000-71333c000000 ---p 00000000 00:00 0 
71333c000000-71333c021000 rw-p 00000000 00:00 0 
71333c021000-713340000000 ---p 00000000 00:00 0 
713340000000-713340021000 rw-p 00000000 00:00 0 
713340021000-713344000000 ---p 00000000 00:00 0 
713344000000-713344021000 rw-p 00000000 00:00 0 
713344021000-713348000000 ---p 00000000 00:00 0 
713348000000-713348021000 rw-p 00000000 00:00 0 
713348021000-71334c000000 ---p 00000000 00:00 0 
71334c000000-71334c02f000 rw-p 00000000 00:00 0 
71334c02f000-713350000000 ---p 00000000 00:00 0 
713350000000-71335002a000 rw-p 00000000 00:00 0 
71335002a000-713354000000 ---p 00000000 00:00 0 
713354000000-7133541a3000 rw-p 00000000 00:00 0 
7133541a3000-713358000000 ---p 00000000 00:00 0 
713358000000-713358033000 rw-p 00000000 00:00 0 
713358033000-71335c000000 ---p 00000000 00:00 0 
71335c000000-71335c02b000 rw-p 00000000 00:00 0 
71335c02b000-713360000000 ---p 00000000 00:00 0 
713360000000-713360021000 rw-p 00000000 00:00 0 
713360021000-713364000000 ---p 00000000 00:00 0 
713364000000-713364043000 rw-p 00000000 00:00 0 
713364043000-713368000000 ---p 00000000 00:00 0 
713368000000-71336802d000 rw-p 00000000 00:00 0 
71336802d000-71336c000000 ---p 00000000 00:00 0 
71336c000000-71336c024000 rw-p 00000000 00:00 0 
71336c024000-713370000000 ---p 00000000 00:00 0 
713370000000-713370021000 rw-p 00000000 00:00 0 
713370021000-713374000000 ---p 00000000 00:00 0 
713374000000-71337402b000 rw-p 00000000 00:00 0 
71337402b000-713378000000 ---p 00000000 00:00 0 
713378000000-71337804b000 rw-p 00000000 00:00 0 
71337804b000-71337c000000 ---p 00000000 00:00 0 
71337c000000-71337c02b000 rw-p 00000000 00:00 0 
71337c02b000-713380000000 ---p 00000000 00:00 0 
713380000000-713380022000 rw-p 00000000 00:00 0 
713380022000-713384000000 ---p 00000000 00:00 0 
713384000000-713384022000 rw-p 00000000 00:00 0 
713384022000-713388000000 ---p 00000000 00:00 0 
713388000000-71338802a000 rw-p 00000000 00:00 0 
71338802a000-71338c000000 ---p 00000000 00:00 0 
71338c000000-71338c03b000 rw-p 00000000 00:00 0 
71338c03b000-713390000000 ---p 00000000 00:00 0 
713390000000-71339003a000 rw-p 00000000 00:00 0 
71339003a000-713394000000 ---p 00000000 00:00 0 
713394000000-713394033000 rw-p 00000000 00:00 0 
713394033000-713398000000 ---p 00000000 00:00 0 
713398000000-713398033000 rw-p 00000000 00:00 0 
713398033000-71339c000000 ---p 00000000 00:00 0 
71339c000000-71339c10c000 rw-p 00000000 00:00 0 
71339c10c000-7133a0000000 ---p 00000000 00:00 0 
7133a0000000-7133a0021000 rw-p 00000000 00:00 0 
7133a0021000-7133a4000000 ---p 00000000 00:00 0 
7133a4000000-7133a4021000 rw-p 00000000 00:00 0 
7133a4021000-7133a8000000 ---p 00000000 00:00 0 
7133a8000000-7133a8021000 rw-p 00000000 00:00 0 
7133a8021000-7133ac000000 ---p 00000000 00:00 0 
7133ac000000-7133ac021000 rw-p 00000000 00:00 0 
7133ac021000-7133b0000000 ---p 00000000 00:00 0 
7133b0000000-7133b0270000 rw-p 00000000 00:00 0 
7133b0270000-7133b0400000 ---p 00000000 00:00 0 
7133b0400000-7133b08b0000 rw-p 00000000 00:00 0 
7133b08b0000-7133b4000000 ---p 00000000 00:00 0 
7133b4000000-7133b4021000 rw-p 00000000 00:00 0 
7133b4021000-7133b8000000 ---p 00000000 00:00 0 
7133b923f000-7133b9600000 rw-p 00000000 00:00 0 
7133b9600000-7133b9604000 ---p 00000000 00:00 0 
7133b9604000-7133b9700000 rw-p 00000000 00:00 0 
7133b9700000-7133b9704000 ---p 00000000 00:00 0 
7133b9704000-7133b9800000 rw-p 00000000 00:00 0 
7133b9800000-7133b9804000 ---p 00000000 00:00 0 
7133b9804000-7133b9900000 rw-p 00000000 00:00 0 
7133b9900000-7133b9904000 ---p 00000000 00:00 0 
7133b9904000-7133b9a00000 rw-p 00000000 00:00 0 
7133b9a00000-7133b9a04000 ---p 00000000 00:00 0 
7133b9a04000-7133b9b00000 rw-p 00000000 00:00 0 
7133b9b00000-7133b9b04000 ---p 00000000 00:00 0 
7133b9b04000-7133b9c00000 rw-p 00000000 00:00 0 
7133b9c00000-7133b9c04000 ---p 00000000 00:00 0 
7133b9c04000-7133b9d00000 rw-p 00000000 00:00 0 
7133b9d00000-7133b9d04000 ---p 00000000 00:00 0 
7133b9d04000-7133b9e00000 rw-p 00000000 00:00 0 
7133b9e00000-7133b9e04000 ---p 00000000 00:00 0 
7133b9e04000-7133b9f00000 rw-p 00000000 00:00 0 
7133b9f00000-7133b9f04000 ---p 00000000 00:00 0 
7133b9f04000-7133ba000000 rw-p 00000000 00:00 0 
7133ba000000-7133ba004000 ---p 00000000 00:00 0 
7133ba004000-7133ba100000 rw-p 00000000 00:00 0 
7133ba100000-7133ba104000 ---p 00000000 00:00 0 
7133ba104000-7133ba200000 rw-p 00000000 00:00 0 
7133ba200000-7133ba204000 ---p 00000000 00:00 0 
7133ba204000-7133ba300000 rw-p 00000000 00:00 0 
7133ba300000-7133ba304000 ---p 00000000 00:00 0 
7133ba304000-7133ba400000 rw-p 00000000 00:00 0 
7133ba400000-7133ba404000 ---p 00000000 00:00 0 
7133ba404000-7133ba500000 rw-p 00000000 00:00 0 
7133ba500000-7133ba504000 ---p 00000000 00:00 0 
7133ba504000-7133ba600000 rw-p 00000000 00:00 0 
7133ba600000-7133ba604000 ---p 00000000 00:00 0 
7133ba604000-7133ba700000 rw-p 00000000 00:00 0 
7133ba700000-7133ba704000 ---p 00000000 00:00 0 
7133ba704000-7133ba800000 rw-p 00000000 00:00 0 
7133ba800000-7133ba804000 ---p 00000000 00:00 0 
7133ba804000-7133ba900000 rw-p 00000000 00:00 0 
7133ba900000-7133ba904000 ---p 00000000 00:00 0 
7133ba904000-7133baa00000 rw-p 00000000 00:00 0 
7133baa00000-7133baa04000 ---p 00000000 00:00 0 
7133baa04000-7133bab00000 rw-p 00000000 00:00 0 
7133bab00000-7133bab04000 ---p 00000000 00:00 0 
7133bab04000-7133bac00000 rw-p 00000000 00:00 0 
7133bac00000-7133bac04000 ---p 00000000 00:00 0 
7133bac04000-7133bad00000 rw-p 00000000 00:00 0 
7133bad00000-7133bad04000 ---p 00000000 00:00 0 
7133bad04000-7133bae00000 rw-p 00000000 00:00 0 
7133bae00000-7133bae04000 ---p 00000000 00:00 0 
7133bae04000-7133baf00000 rw-p 00000000 00:00 0 
7133baf00000-7133baf04000 ---p 00000000 00:00 0 
7133baf04000-7133bb000000 rw-p 00000000 00:00 0 
7133bb000000-7133bbca3000 rw-p 00001000 fc:00 49677042                   /mydata/openjdk-mmtk/build/b0test/images/jdk/lib/server/classes.jsa
7133bbca3000-7133bc000000 ---p 00000000 00:00 0 
7133bc000000-7133bc040000 rw-p 00000000 00:00 0 
7133bc040000-7133bc110000 rw-p 00000000 00:00 0 
7133bc110000-7133fc000000 ---p 00000000 00:00 0 
7133fc000000-7133fc021000 rw-p 00000000 00:00 0 
7133fc021000-713400004000 ---p 00000000 00:00 0 
713400004000-713400100000 rw-p 00000000 00:00 0 
713400100000-713400104000 ---p 00000000 00:00 0 
713400104000-713400200000 rw-p 00000000 00:00 0 
713400200000-713400204000 ---p 00000000 00:00 0 
713400204000-713400300000 rw-p 00000000 00:00 0 
713400300000-713400304000 ---p 00000000 00:00 0 
713400304000-713400400000 rw-p 00000000 00:00 0 
713400400000-713400404000 ---p 00000000 00:00 0 
713400404000-713400500000 rw-p 00000000 00:00 0 
713400500000-713400504000 ---p 00000000 00:00 0 
713400504000-713400600000 rw-p 00000000 00:00 0 
713400600000-713400604000 ---p 00000000 00:00 0 
713400604000-713400700000 rw-p 00000000 00:00 0 
713400700000-713400704000 ---p 00000000 00:00 0 
713400704000-713400800000 rw-p 00000000 00:00 0 
713400800000-713400804000 ---p 00000000 00:00 0 
713400804000-713400900000 rw-p 00000000 00:00 0 
713400900000-713400904000 ---p 00000000 00:00 0 
713400904000-713400a00000 rw-p 00000000 00:00 0 
713400a00000-713400a04000 ---p 00000000 00:00 0 
713400a04000-713400b00000 rw-p 00000000 00:00 0 
713400b00000-713400b04000 ---p 00000000 00:00 0 
713400b04000-713400c00000 rw-p 00000000 00:00 0 
713400c00000-713400c04000 ---p 00000000 00:00 0 
713400c04000-713400d00000 rw-p 00000000 00:00 0 
713400d00000-713400d04000 ---p 00000000 00:00 0 
713400d04000-713400e00000 rw-p 00000000 00:00 0 
713400e00000-713400e04000 ---p 00000000 00:00 0 
713400e04000-713400f00000 rw-p 00000000 00:00 0 
713400f00000-713400f04000 ---p 00000000 00:00 0 
713400f04000-713401000000 rw-p 00000000 00:00 0 
713401000000-713401004000 ---p 00000000 00:00 0 
713401004000-713401100000 rw-p 00000000 00:00 0 
713401100000-713401104000 ---p 00000000 00:00 0 
713401104000-713401200000 rw-p 00000000 00:00 0 
713401200000-713404200000 rw-p 00000000 00:00 0 
7134042fc000-713404300000 ---p 00000000 00:00 0 
713404300000-7134043fc000 rw-p 00000000 00:00 0 
7134043fc000-713434400000 rw-p 00000000 00:00 0 
713434400000-713435400000 ---p 00000000 00:00 0                          [anon:mmtk:sidemeta:all:all-quarantined]
713435400000-713435800000 rw-p 00000000 00:00 0                          [anon:mmtk:sidemeta:immix:VO_BIT]
713435800000-713435c00000 rw-p 00000000 00:00 0                          [anon:mmtk:sidemeta:los:VO_BIT]
713435c00000-733436400000 ---p 00000000 00:00 0                          [anon:mmtk:sidemeta:all:all-quarantined]
733436400000-733436800000 rw-p 00000000 00:00 0                          [anon:mmtk:sidemeta:immix:CHUNK_MARK]
733436800000-733439400000 ---p 00000000 00:00 0                          [anon:mmtk:sidemeta:all:all-quarantined]
733439400000-733439800000 rw-p 00000000 00:00 0                          [anon:mmtk:sidemeta:immix:VMGlobalLogBitSpec]
733439800000-733439c00000 rw-p 00000000 00:00 0                          [anon:mmtk:sidemeta:los:VMGlobalLogBitSpec]
733439c00000-753c38800000 ---p 00000000 00:00 0                          [anon:mmtk:sidemeta:all:all-quarantined]
753c38800000-753c38c00000 rw-p 00000000 00:00 0                          [anon:mmtk:sidemeta:immix:IX_LINE_MARK]
753c38c00000-75bc38400000 ---p 00000000 00:00 0                          [anon:mmtk:sidemeta:all:all-quarantined]
75bc38400000-75bc38800000 rw-p 00000000 00:00 0                          [anon:mmtk:sidemeta:immix:IX_BLOCK_DEFRAG]
75bc38800000-75bd38400000 ---p 00000000 00:00 0                          [anon:mmtk:sidemeta:all:all-quarantined]
75bd38400000-75bd38800000 rw-p 00000000 00:00 0                          [anon:mmtk:sidemeta:immix:IX_BLOCK_MARK]
75bd38800000-7bdeb8400000 ---p 00000000 00:00 0                          [anon:mmtk:sidemeta:all:all-quarantined]
7bdeb8400000-7bdeb8800000 rw-p 00000000 00:00 0                          [anon:mmtk:sidemeta:los:VMLocalLOSMarkNurserySpec]
7bdeb8800000-7be0b9400000 ---p 00000000 00:00 0                          [anon:mmtk:sidemeta:all:all-quarantined]
7be0b9400000-7be0b9c00000 rw-p 00000000 00:00 0                          [anon:mmtk:sidemeta:immix:VMLocalMarkBitSpec]
7be0b9c00000-7de0b8400000 ---p 00000000 00:00 0                          [anon:mmtk:sidemeta:all:all-quarantined]
7de0b84ff000-7de0b8503000 ---p 00000000 00:00 0 
7de0b8503000-7de0b85ff000 rw-p 00000000 00:00 0 
7de0b85ff000-7de0b8603000 ---p 00000000 00:00 0 
7de0b8603000-7de0b86ff000 rw-p 00000000 00:00 0 
7de0b86ff000-7de0b8703000 ---p 00000000 00:00 0 
7de0b8703000-7de0b87ff000 rw-p 00000000 00:00 0 
7de0b87ff000-7de0d8800000 rw-p 00000000 00:00 0 
7de0d8800000-7de0d8e40000 rwxp 00000000 00:00 0 
7de0d8e40000-7de0dfc17000 ---p 00000000 00:00 0 
7de0dfc17000-7de0dffb7000 rwxp 00000000 00:00 0 
7de0dffb7000-7de0e03e8000 ---p 00000000 00:00 0 
7de0e03e8000-7de0e0658000 rwxp 00000000 00:00 0 
7de0e0658000-7de0e7800000 ---p 00000000 00:00 0 
7de0e7800000-7de0effa0000 r--s 00000000 fc:00 49676297                   /mydata/openjdk-mmtk/build/b0test/images/jdk/lib/modules
7de0effe5000-7de0effe9000 r--p 00000000 fc:00 49676364                   /mydata/openjdk-mmtk/build/b0test/images/jdk/lib/libverify.so
7de0effe9000-7de0efff0000 r-xp 00004000 fc:00 49676364                   /mydata/openjdk-mmtk/build/b0test/images/jdk/lib/libverify.so
7de0efff0000-7de0efff2000 r--p 0000b000 fc:00 49676364                   /mydata/openjdk-mmtk/build/b0test/images/jdk/lib/libverify.so
7de0efff2000-7de0efff4000 r--p 0000c000 fc:00 49676364                   /mydata/openjdk-mmtk/build/b0test/images/jdk/lib/libverify.so
7de0efff4000-7de0efff5000 rw-p 0000e000 fc:00 49676364                   /mydata/openjdk-mmtk/build/b0test/images/jdk/lib/libverify.so
7de0efff5000-7de0efff7000 r--p 00000000 fc:00 49676365                   /mydata/openjdk-mmtk/build/b0test/images/jdk/lib/libzip.so
7de0efff7000-7de0efffc000 r-xp 00002000 fc:00 49676365                   /mydata/openjdk-mmtk/build/b0test/images/jdk/lib/libzip.so
7de0efffc000-7de0efffe000 r--p 00007000 fc:00 49676365                   /mydata/openjdk-mmtk/build/b0test/images/jdk/lib/libzip.so
7de0efffe000-7de0effff000 r--p 00008000 fc:00 49676365                   /mydata/openjdk-mmtk/build/b0test/images/jdk/lib/libzip.so
7de0effff000-7de0f0000000 rw-p 00009000 fc:00 49676365                   /mydata/openjdk-mmtk/build/b0test/images/jdk/lib/libzip.so
7de0f0000000-7de0f07ce000 rw-p 00000000 00:00 0 
7de0f07ce000-7de0f4000000 ---p 00000000 00:00 0 
7de0f4002000-7de0f4009000 r--p 00000000 fc:00 49676362                   /mydata/openjdk-mmtk/build/b0test/images/jdk/lib/libnio.so
7de0f4009000-7de0f4012000 r-xp 00007000 fc:00 49676362                   /mydata/openjdk-mmtk/build/b0test/images/jdk/lib/libnio.so
7de0f4012000-7de0f4016000 r--p 00010000 fc:00 49676362                   /mydata/openjdk-mmtk/build/b0test/images/jdk/lib/libnio.so
7de0f4016000-7de0f4017000 r--p 00014000 fc:00 49676362                   /mydata/openjdk-mmtk/build/b0test/images/jdk/lib/libnio.so
7de0f4017000-7de0f4018000 rw-p 00015000 fc:00 49676362                   /mydata/openjdk-mmtk/build/b0test/images/jdk/lib/libnio.so
7de0f4018000-7de0f401d000 r--p 00000000 fc:00 49676417                   /mydata/openjdk-mmtk/build/b0test/images/jdk/lib/libjsvml.so
7de0f401d000-7de0f405e000 r-xp 00005000 fc:00 49676417                   /mydata/openjdk-mmtk/build/b0test/images/jdk/lib/libjsvml.so
7de0f405e000-7de0f40e7000 r--p 00046000 fc:00 49676417                   /mydata/openjdk-mmtk/build/b0test/images/jdk/lib/libjsvml.so
7de0f40e7000-7de0f40e8000 r--p 000ce000 fc:00 49676417                   /mydata/openjdk-mmtk/build/b0test/images/jdk/lib/libjsvml.so
7de0f40e8000-7de0f40e9000 rw-p 000cf000 fc:00 49676417                   /mydata/openjdk-mmtk/build/b0test/images/jdk/lib/libjsvml.so
7de0f40e9000-7de0f40ed000 ---p 00000000 00:00 0 
7de0f40ed000-7de0f41e9000 rw-p 00000000 00:00 0 
7de0f41e9000-7de0f41ed000 ---p 00000000 00:00 0 
7de0f41ed000-7de0f42e9000 rw-p 00000000 00:00 0 
7de0f42e9000-7de0f42ed000 ---p 00000000 00:00 0 
7de0f42ed000-7de0f43e9000 rw-p 00000000 00:00 0 
7de0f43e9000-7de0f43ed000 ---p 00000000 00:00 0 
7de0f43ed000-7de0f44e9000 rw-p 00000000 00:00 0 
7de0f44e9000-7de0f44ea000 ---p 00000000 00:00 0 
7de0f44ea000-7de0f45ea000 rw-p 00000000 00:00 0 
7de0f45ea000-7de0f45eb000 ---p 00000000 00:00 0 
7de0f45eb000-7de0f46eb000 rw-p 00000000 00:00 0 
7de0f46eb000-7de0f46ec000 ---p 00000000 00:00 0 
7de0f46ec000-7de0f47ec000 rw-p 00000000 00:00 0 
7de0f47ec000-7de0f47ed000 ---p 00000000 00:00 0 
7de0f47ed000-7de0f48ed000 rw-p 00000000 00:00 0 
7de0f48ed000-7de0f48ee000 ---p 00000000 00:00 0 
7de0f48ee000-7de0f49ee000 rw-p 00000000 00:00 0 
7de0f49ee000-7de0f49ef000 ---p 00000000 00:00 0 
7de0f49ef000-7de0f4aef000 rw-p 00000000 00:00 0 
7de0f4aef000-7de0f4af0000 ---p 00000000 00:00 0 
7de0f4af0000-7de0f4bf0000 rw-p 00000000 00:00 0 
7de0f4bf0000-7de0f4bf1000 ---p 00000000 00:00 0 
7de0f4bf1000-7de0f4cf1000 rw-p 00000000 00:00 0 
7de0f4cf1000-7de0f4cf2000 ---p 00000000 00:00 0 
7de0f4cf2000-7de0f4df2000 rw-p 00000000 00:00 0 
7de0f4df2000-7de0f4df3000 ---p 00000000 00:00 0 
7de0f4df3000-7de0f4ef3000 rw-p 00000000 00:00 0 
7de0f4ef3000-7de0f4ef4000 ---p 00000000 00:00 0 
7de0f4ef4000-7de0f4ff4000 rw-p 00000000 00:00 0 
7de0f4ff4000-7de0f4ff5000 ---p 00000000 00:00 0 
7de0f4ff5000-7de0f50f5000 rw-p 00000000 00:00 0 
7de0f50f5000-7de0f50f6000 ---p 00000000 00:00 0 
7de0f50f6000-7de0f51f6000 rw-p 00000000 00:00 0 
7de0f51f6000-7de0f51f7000 ---p 00000000 00:00 0 
7de0f51f7000-7de0f52f7000 rw-p 00000000 00:00 0 
7de0f52f7000-7de0f52f8000 ---p 00000000 00:00 0 
7de0f52f8000-7de0f53f8000 rw-p 00000000 00:00 0 
7de0f53f8000-7de0f53f9000 ---p 00000000 00:00 0 
7de0f53f9000-7de0f54f9000 rw-p 00000000 00:00 0 
7de0f54f9000-7de0f54fa000 ---p 00000000 00:00 0 
7de0f54fa000-7de0f55fa000 rw-p 00000000 00:00 0 
7de0f55fa000-7de0f55fb000 ---p 00000000 00:00 0 
7de0f55fb000-7de0f56fb000 rw-p 00000000 00:00 0 
7de0f56fb000-7de0f56fc000 ---p 00000000 00:00 0 
7de0f56fc000-7de0f57fc000 rw-p 00000000 00:00 0 
7de0f57fc000-7de0f57fd000 ---p 00000000 00:00 0 
7de0f57fd000-7de0f58fd000 rw-p 00000000 00:00 0 
7de0f58fd000-7de0f58fe000 ---p 00000000 00:00 0 
7de0f58fe000-7de0f59fe000 rw-p 00000000 00:00 0 
7de0f59fe000-7de0f59ff000 ---p 00000000 00:00 0 
7de0f59ff000-7de0f5aff000 rw-p 00000000 00:00 0 
7de0f5aff000-7de0f5b00000 ---p 00000000 00:00 0 
7de0f5b00000-7de0f5c00000 rw-p 00000000 00:00 0 
7de0f5c00000-7de0f5c04000 ---p 00000000 00:00 0 
7de0f5c04000-7de0f5d00000 rw-p 00000000 00:00 0 
7de0f5d00000-7de0f5d04000 ---p 00000000 00:00 0 
7de0f5d04000-7de0f5e00000 rw-p 00000000 00:00 0 
7de0f5e00000-7de0f60eb000 r--p 00000000 08:03 1410552                    /usr/lib/locale/locale-archive
7de0f60ee000-7de0f60f1000 r--p 00000000 fc:00 49676361                   /mydata/openjdk-mmtk/build/b0test/images/jdk/lib/libnet.so
7de0f60f1000-7de0f60f9000 r-xp 00003000 fc:00 49676361                   /mydata/openjdk-mmtk/build/b0test/images/jdk/lib/libnet.so
7de0f60f9000-7de0f60fb000 r--p 0000b000 fc:00 49676361                   /mydata/openjdk-mmtk/build/b0test/images/jdk/lib/libnet.so
7de0f60fb000-7de0f60fc000 r--p 0000c000 fc:00 49676361                   /mydata/openjdk-mmtk/build/b0test/images/jdk/lib/libnet.so
7de0f60fc000-7de0f60fd000 rw-p 0000d000 fc:00 49676361                   /mydata/openjdk-mmtk/build/b0test/images/jdk/lib/libnet.so
7de0f60fd000-7de0f6101000 ---p 00000000 00:00 0 
7de0f6101000-7de0f61fd000 rw-p 00000000 00:00 0 
7de0f61fd000-7de0f61fe000 ---p 00000000 00:00 0 
7de0f61fe000-7de0f62fe000 rw-p 00000000 00:00 0 
7de0f62fe000-7de0f62ff000 ---p 00000000 00:00 0 
7de0f62ff000-7de0f63ff000 rw-p 00000000 00:00 0 
7de0f63ff000-7de0f6a00000 rw-p 00000000 00:00 0 
7de0f6a00000-7de0f6a0c000 r--p 00000000 fc:00 13107225                   /mydata/gc-bpf-fault/shim/libgcbpf.so
7de0f6a0c000-7de0f6a6e000 r-xp 0000c000 fc:00 13107225                   /mydata/gc-bpf-fault/shim/libgcbpf.so
7de0f6a6e000-7de0f6c1b000 r--p 0006e000 fc:00 13107225                   /mydata/gc-bpf-fault/shim/libgcbpf.so
7de0f6c1b000-7de0f6c1d000 r--p 0021b000 fc:00 13107225                   /mydata/gc-bpf-fault/shim/libgcbpf.so
7de0f6c1d000-7de0f6c1e000 rw-p 0021d000 fc:00 13107225                   /mydata/gc-bpf-fault/shim/libgcbpf.so
7de0f6c1e000-7de0f6c1f000 rw-p 00000000 00:00 0 
7de0f6c26000-7de0f6c27000 ---p 00000000 00:00 0 
7de0f6c27000-7de0f6d27000 rw-p 00000000 00:00 0 
7de0f6d27000-7de0f6d2b000 r--p 00000000 08:03 1410107                    /usr/lib/x86_64-linux-gnu/libzstd.so.1.5.5
7de0f6d2b000-7de0f6dd2000 r-xp 00004000 08:03 1410107                    /usr/lib/x86_64-linux-gnu/libzstd.so.1.5.5
7de0f6dd2000-7de0f6ddf000 r--p 000ab000 08:03 1410107                    /usr/lib/x86_64-linux-gnu/libzstd.so.1.5.5
7de0f6ddf000-7de0f6de0000 r--p 000b7000 08:03 1410107                    /usr/lib/x86_64-linux-gnu/libzstd.so.1.5.5
7de0f6de0000-7de0f6de1000 rw-p 000b8000 08:03 1410107                    /usr/lib/x86_64-linux-gnu/libzstd.so.1.5.5
7de0f6de1000-7de0f6de4000 r--p 00000000 08:03 1410420                    /usr/lib/x86_64-linux-gnu/libelf-0.190.so
7de0f6de4000-7de0f6dfa000 r-xp 00003000 08:03 1410420                    /usr/lib/x86_64-linux-gnu/libelf-0.190.so
7de0f6dfa000-7de0f6dfe000 r--p 00019000 08:03 1410420                    /usr/lib/x86_64-linux-gnu/libelf-0.190.so
7de0f6dfe000-7de0f6dff000 r--p 0001c000 08:03 1410420                    /usr/lib/x86_64-linux-gnu/libelf-0.190.so
7de0f6dff000-7de0f6e00000 rw-p 0001d000 08:03 1410420                    /usr/lib/x86_64-linux-gnu/libelf-0.190.so
7de0f6e0a000-7de0f6e0f000 rw-p 00000000 00:00 0 
7de0f6e0f000-7de0f6ef3000 ---p 00000000 00:00 0 
7de0f6ef3000-7de0f6f00000 rw-p 00000000 00:00 0 
7de0f6f00000-7de0f6fdc000 ---p 00000000 00:00 0 
7de0f6fdc000-7de0f6fe9000 r--p 00000000 fc:00 49676354                   /mydata/openjdk-mmtk/build/b0test/images/jdk/lib/libjava.so
7de0f6fe9000-7de0f6ff8000 r-xp 0000d000 fc:00 49676354                   /mydata/openjdk-mmtk/build/b0test/images/jdk/lib/libjava.so
7de0f6ff8000-7de0f6ffd000 r--p 0001c000 fc:00 49676354                   /mydata/openjdk-mmtk/build/b0test/images/jdk/lib/libjava.so
7de0f6ffd000-7de0f6ffe000 r--p 00021000 fc:00 49676354                   /mydata/openjdk-mmtk/build/b0test/images/jdk/lib/libjava.so
7de0f6ffe000-7de0f6fff000 rw-p 00022000 fc:00 49676354                   /mydata/openjdk-mmtk/build/b0test/images/jdk/lib/libjava.so
7de0f6fff000-7de0f7000000 rw-p 00000000 00:00 0 
7de0f7000000-7de0f7147000 r--p 00000000 fc:00 49676374                   /mydata/openjdk-mmtk/build/b0test/images/jdk/lib/server/libmmtk_openjdk.so
7de0f7147000-7de0f73c0000 r-xp 00146000 fc:00 49676374                   /mydata/openjdk-mmtk/build/b0test/images/jdk/lib/server/libmmtk_openjdk.so
7de0f73c0000-7de0f7400000 r--p 003be000 fc:00 49676374                   /mydata/openjdk-mmtk/build/b0test/images/jdk/lib/server/libmmtk_openjdk.so
7de0f7400000-7de0f7403000 rw-p 003fd000 fc:00 49676374                   /mydata/openjdk-mmtk/build/b0test/images/jdk/lib/server/libmmtk_openjdk.so
7de0f7403000-7de0f7405000 rw-p 00000000 00:00 0 
7de0f7407000-7de0f740f000 rw-p 00000000 00:00 0 
7de0f740f000-7de0f7417000 ---p 00000000 00:00 0 
7de0f7417000-7de0f741b000 ---p 00000000 00:00 0 
7de0f741b000-7de0f7517000 rw-p 00000000 00:00 0 
7de0f7517000-7de0f7527000 r--p 00000000 08:03 1411099                    /usr/lib/x86_64-linux-gnu/libm.so.6
7de0f7527000-7de0f75a6000 r-xp 00010000 08:03 1411099                    /usr/lib/x86_64-linux-gnu/libm.so.6
7de0f75a6000-7de0f75fe000 r--p 0008f000 08:03 1411099                    /usr/lib/x86_64-linux-gnu/libm.so.6
7de0f75fe000-7de0f75ff000 r--p 000e7000 08:03 1411099                    /usr/lib/x86_64-linux-gnu/libm.so.6
7de0f75ff000-7de0f7600000 rw-p 000e8000 08:03 1411099                    /usr/lib/x86_64-linux-gnu/libm.so.6
7de0f7600000-7de0f78a9000 r--p 00000000 fc:00 49676373                   /mydata/openjdk-mmtk/build/b0test/images/jdk/lib/server/libjvm.so
7de0f78a9000-7de0f873c000 r-xp 002a9000 fc:00 49676373                   /mydata/openjdk-mmtk/build/b0test/images/jdk/lib/server/libjvm.so
7de0f873c000-7de0f8a20000 r--p 0113c000 fc:00 49676373                   /mydata/openjdk-mmtk/build/b0test/images/jdk/lib/server/libjvm.so
7de0f8a20000-7de0f8af6000 r--p 0141f000 fc:00 49676373                   /mydata/openjdk-mmtk/build/b0test/images/jdk/lib/server/libjvm.so
7de0f8af6000-7de0f8b26000 rw-p 014f5000 fc:00 49676373                   /mydata/openjdk-mmtk/build/b0test/images/jdk/lib/server/libjvm.so
7de0f8b26000-7de0f8b8c000 rw-p 00000000 00:00 0 
7de0f8b8c000-7de0f8b93000 r--s 00000000 08:03 1436340                    /usr/lib/x86_64-linux-gnu/gconv/gconv-modules.cache
7de0f8b93000-7de0f8b97000 r--p 00000000 fc:00 49676355                   /mydata/openjdk-mmtk/build/b0test/images/jdk/lib/libjimage.so
7de0f8b97000-7de0f8bae000 r-xp 00004000 fc:00 49676355                   /mydata/openjdk-mmtk/build/b0test/images/jdk/lib/libjimage.so
7de0f8bae000-7de0f8bb3000 r--p 0001b000 fc:00 49676355                   /mydata/openjdk-mmtk/build/b0test/images/jdk/lib/libjimage.so
7de0f8bb3000-7de0f8bb5000 r--p 00020000 fc:00 49676355                   /mydata/openjdk-mmtk/build/b0test/images/jdk/lib/libjimage.so
7de0f8bb5000-7de0f8bb6000 rw-p 00022000 fc:00 49676355                   /mydata/openjdk-mmtk/build/b0test/images/jdk/lib/libjimage.so
7de0f8bb6000-7de0f8bba000 r--p 00000000 08:03 1410148                    /usr/lib/x86_64-linux-gnu/libgcc_s.so.1
7de0f8bba000-7de0f8bde000 r-xp 00004000 08:03 1410148                    /usr/lib/x86_64-linux-gnu/libgcc_s.so.1
7de0f8bde000-7de0f8be2000 r--p 00028000 08:03 1410148                    /usr/lib/x86_64-linux-gnu/libgcc_s.so.1
7de0f8be2000-7de0f8be3000 r--p 0002b000 08:03 1410148                    /usr/lib/x86_64-linux-gnu/libgcc_s.so.1
7de0f8be3000-7de0f8be4000 rw-p 0002c000 08:03 1410148                    /usr/lib/x86_64-linux-gnu/libgcc_s.so.1
7de0f8be4000-7de0f8be6000 r--p 00000000 08:03 1409104                    /usr/lib/x86_64-linux-gnu/libz.so.1.3
7de0f8be6000-7de0f8bf8000 r-xp 00002000 08:03 1409104                    /usr/lib/x86_64-linux-gnu/libz.so.1.3
7de0f8bf8000-7de0f8bfe000 r--p 00014000 08:03 1409104                    /usr/lib/x86_64-linux-gnu/libz.so.1.3
7de0f8bfe000-7de0f8bff000 r--p 0001a000 08:03 1409104                    /usr/lib/x86_64-linux-gnu/libz.so.1.3
7de0f8bff000-7de0f8c00000 rw-p 0001b000 08:03 1409104                    /usr/lib/x86_64-linux-gnu/libz.so.1.3
7de0f8c00000-7de0f8c28000 r--p 00000000 08:03 1410238                    /usr/lib/x86_64-linux-gnu/libc.so.6
7de0f8c28000-7de0f8db0000 r-xp 00028000 08:03 1410238                    /usr/lib/x86_64-linux-gnu/libc.so.6
7de0f8db0000-7de0f8dff000 r--p 001b0000 08:03 1410238                    /usr/lib/x86_64-linux-gnu/libc.so.6
7de0f8dff000-7de0f8e03000 r--p 001fe000 08:03 1410238                    /usr/lib/x86_64-linux-gnu/libc.so.6
7de0f8e03000-7de0f8e05000 rw-p 00202000 08:03 1410238                    /usr/lib/x86_64-linux-gnu/libc.so.6
7de0f8e05000-7de0f8e12000 rw-p 00000000 00:00 0 
7de0f8e18000-7de0f8e20000 rw-s 00000000 08:03 237599                     /tmp/hsperfdata_root/312435
7de0f8e20000-7de0f8e22000 rw-p 00000000 00:00 0 
7de0f8e27000-7de0f8e28000 rw-s 00000000 00:10 68                         anon_inode:bpf-map
7de0f8e28000-7de0f8e29000 r--s 00000000 00:10 68                         anon_inode:bpf-map
7de0f8e29000-7de0f8e2a000 ---p 00000000 00:00 0 
7de0f8e2a000-7de0f8e2b000 r--p 00000000 00:00 0 
7de0f8e2b000-7de0f8e2c000 ---p 00000000 00:00 0 
7de0f8e2c000-7de0f8e2e000 r--p 00000000 fc:00 49676357                   /mydata/openjdk-mmtk/build/b0test/images/jdk/lib/libjli.so
7de0f8e2e000-7de0f8e38000 r-xp 00002000 fc:00 49676357                   /mydata/openjdk-mmtk/build/b0test/images/jdk/lib/libjli.so
7de0f8e38000-7de0f8e3b000 r--p 0000c000 fc:00 49676357                   /mydata/openjdk-mmtk/build/b0test/images/jdk/lib/libjli.so
7de0f8e3b000-7de0f8e3c000 r--p 0000f000 fc:00 49676357                   /mydata/openjdk-mmtk/build/b0test/images/jdk/lib/libjli.so
7de0f8e3c000-7de0f8e3d000 rw-p 00010000 fc:00 49676357                   /mydata/openjdk-mmtk/build/b0test/images/jdk/lib/libjli.so
7de0f8e3d000-7de0f8e3f000 rw-p 00000000 00:00 0 
7de0f8e3f000-7de0f8e43000 r--p 00000000 00:00 0                          [vvar]
7de0f8e43000-7de0f8e45000 r--p 00000000 00:00 0                          [vvar_vclock]
7de0f8e45000-7de0f8e47000 r-xp 00000000 00:00 0                          [vdso]
7de0f8e47000-7de0f8e48000 r--p 00000000 08:03 1409763                    /usr/lib/x86_64-linux-gnu/ld-linux-x86-64.so.2
7de0f8e48000-7de0f8e73000 r-xp 00001000 08:03 1409763                    /usr/lib/x86_64-linux-gnu/ld-linux-x86-64.so.2
7de0f8e73000-7de0f8e7d000 r--p 0002c000 08:03 1409763                    /usr/lib/x86_64-linux-gnu/ld-linux-x86-64.so.2
7de0f8e7d000-7de0f8e7f000 r--p 00036000 08:03 1409763                    /usr/lib/x86_64-linux-gnu/ld-linux-x86-64.so.2
7de0f8e7f000-7de0f8e81000 rw-p 00038000 08:03 1409763                    /usr/lib/x86_64-linux-gnu/ld-linux-x86-64.so.2
7ffcbcab3000-7ffcbcad4000 rw-p 00000000 00:00 0                          [stack]
ffffffffff600000-ffffffffff601000 --xp 00000000 00:00 0                  [vsyscall]
Total number of mappings: 540

JVMTI agents: none


VM Arguments:
jvm_args: -XX:+UseThirdPartyHeap -Xms512m -Xmx512m 
java_command: /mydata/dacapo/dacapo-23.11/dacapo-23.11-MR2-chopin.jar xalan -n 3
java_class_path (initial): /mydata/dacapo/dacapo-23.11/dacapo-23.11-MR2-chopin.jar
Launcher Type: SUN_STANDARD

[Global flags]
     intx CICompilerCount                          = 15                                        {product} {ergonomic}
   size_t InitialHeapSize                          = 536870912                                 {product} {command line}
   size_t MaxHeapSize                              = 536870912                                 {product} {command line}
   size_t MinHeapDeltaBytes                        = 524288                                    {product} {ergonomic}
   size_t MinHeapSize                              = 536870912                                 {product} {command line}
    uintx NonNMethodCodeHeapSize                   = 8192380                                {pd product} {ergonomic}
    uintx NonProfiledCodeHeapSize                  = 121732930                              {pd product} {ergonomic}
    uintx ProfiledCodeHeapSize                     = 121732930                              {pd product} {ergonomic}
    uintx ReservedCodeCacheSize                    = 251658240                              {pd product} {ergonomic}
     bool SegmentedCodeCache                       = true                                      {product} {ergonomic}
   size_t SoftMaxHeapSize                          = 536870912                              {manageable} {ergonomic}
     bool UseCompressedOops                        = true                           {product lp64_product} {ergonomic}

Logging:
Log output configuration:
 #0: stdout all=warning uptime,level,tags foldmultilines=false
 #1: stderr all=off uptime,level,tags foldmultilines=false

Release file:
IMPLEMENTOR="N/A"
JAVA_RUNTIME_VERSION="21.0.9-internal-adhoc.talzuss.openjdk-mmtk"
JAVA_VERSION="21.0.9"
JAVA_VERSION_DATE="2025-10-21"
LIBC="gnu"
MODULES="java.base java.compiler java.datatransfer java.xml java.prefs java.desktop java.instrument java.logging java.management java.security.sasl java.naming java.rmi java.management.rmi java.net.http java.scripting java.security.jgss java.transaction.xa java.sql java.sql.rowset java.xml.crypto java.se java.smartcardio jdk.accessibility jdk.internal.jvmstat jdk.attach jdk.charsets jdk.internal.opt jdk.zipfs jdk.compiler jdk.crypto.ec jdk.crypto.cryptoki jdk.dynalink jdk.internal.ed jdk.editpad jdk.hotspot.agent jdk.httpserver jdk.incubator.vector jdk.internal.le jdk.internal.vm.ci jdk.internal.vm.compiler jdk.internal.vm.compiler.management jdk.jartool jdk.javadoc jdk.jcmd jdk.management jdk.management.agent jdk.jconsole jdk.jdeps jdk.jdwp.agent jdk.jdi jdk.jfr jdk.jlink jdk.jpackage jdk.jshell jdk.jsobject jdk.jstatd jdk.localedata jdk.management.jfr jdk.naming.dns jdk.naming.rmi jdk.net jdk.nio.mapmode jdk.random jdk.sctp jdk.security.auth jdk.security.jgss jdk.unsupported jdk.unsupported.desktop jdk.xml.dom"
OS_ARCH="x86_64"
OS_NAME="Linux"
SOURCE=".:git:b557520f04b3+"

Environment Variables:
PATH=/usr/local/sbin:/usr/local/bin:/usr/sbin:/usr/bin:/sbin:/bin:/snap/bin
SHELL=/bin/bash
LANG=en_US.UTF-8
TERM=tmux-256color

Active Locale:
LC_ALL=en_US.UTF-8
LC_COLLATE=en_US.UTF-8
LC_CTYPE=en_US.UTF-8
LC_MESSAGES=en_US.UTF-8
LC_MONETARY=en_US.UTF-8
LC_NUMERIC=en_US.UTF-8
LC_TIME=en_US.UTF-8

Signal Handlers:
   SIGSEGV: crash_handler in libjvm.so, mask=11100100010111111101111111111110, flags=SA_RESTART|SA_SIGINFO, unblocked
    SIGBUS: crash_handler in libjvm.so, mask=11100100010111111101111111111110, flags=SA_RESTART|SA_SIGINFO, unblocked
    SIGFPE: crash_handler in libjvm.so, mask=11100100010111111101111111111110, flags=SA_RESTART|SA_SIGINFO, unblocked
   SIGPIPE: javaSignalHandler in libjvm.so, mask=11100100010111111101111111111110, flags=SA_RESTART|SA_SIGINFO, blocked
   SIGXFSZ: javaSignalHandler in libjvm.so, mask=11100100010111111101111111111110, flags=SA_RESTART|SA_SIGINFO, blocked
    SIGILL: crash_handler in libjvm.so, mask=11100100010111111101111111111110, flags=SA_RESTART|SA_SIGINFO, unblocked
   SIGUSR2: SR_handler in libjvm.so, mask=00000000000000000000000000000000, flags=SA_RESTART|SA_SIGINFO, blocked
    SIGHUP: UserHandler in libjvm.so, mask=11100100010111111101111111111110, flags=SA_RESTART|SA_SIGINFO, blocked
    SIGINT: UserHandler in libjvm.so, mask=11100100010111111101111111111110, flags=SA_RESTART|SA_SIGINFO, blocked
   SIGTERM: UserHandler in libjvm.so, mask=11100100010111111101111111111110, flags=SA_RESTART|SA_SIGINFO, blocked
   SIGQUIT: UserHandler in libjvm.so, mask=11100100010111111101111111111110, flags=SA_RESTART|SA_SIGINFO, blocked
   SIGTRAP: crash_handler in libjvm.so, mask=11100100010111111101111111111110, flags=SA_RESTART|SA_SIGINFO, unblocked


Periodic native trim disabled

---------------  S Y S T E M  ---------------

OS:
DISTRIB_ID=Ubuntu
DISTRIB_RELEASE=24.04
DISTRIB_CODENAME=noble
DISTRIB_DESCRIPTION="Ubuntu 24.04.4 LTS"
uname: Linux 6.17.0-bpf-fault+ #1 SMP PREEMPT_DYNAMIC Mon Jul  6 16:43:12 MDT 2026 x86_64
OS uptime: 0 days 20:59 hours
libc: glibc 2.39 NPTL 2.39 
rlimit (soft/hard): STACK 8192k/infinity , CORE 0k/0k , NPROC 513205/513205 , NOFILE 1048576/1048576 , AS infinity/infinity , CPU infinity/infinity , DATA infinity/infinity , FSIZE infinity/infinity , MEMLOCK 16436528k/16436528k
load average: 4.09 2.08 0.96

/proc/meminfo:
MemTotal:       131492232 kB
MemFree:        73617256 kB
MemAvailable:   115808760 kB
Buffers:          516548 kB
Cached:         41070788 kB
SwapCached:            0 kB
Active:          3655440 kB
Inactive:       40777896 kB
Active(anon):    2862476 kB
Inactive(anon):        0 kB
Active(file):     792964 kB
Inactive(file): 40777896 kB
Unevictable:       41912 kB
Mlocked:           38840 kB
SwapTotal:       8388604 kB
SwapFree:        8388604 kB
Zswap:                 0 kB
Zswapped:              0 kB
Dirty:            784104 kB
Writeback:             0 kB
AnonPages:       2889832 kB
Mapped:          9729344 kB
Shmem:              5316 kB
KReclaimable:    1871880 kB
Slab:            2393520 kB
SReclaimable:    1871880 kB
SUnreclaim:       521640 kB
KernelStack:       12112 kB
PageTables:        57384 kB
SecPageTables:      8776 kB
NFS_Unstable:          0 kB
Bounce:                0 kB
WritebackTmp:          0 kB
CommitLimit:    74134720 kB
Committed_AS:   163390324 kB
VmallocTotal:   34359738367 kB
VmallocUsed:       38052 kB
VmallocChunk:          0 kB
Percpu:            48896 kB
HardwareCorrupted:     0 kB
AnonHugePages:         0 kB
ShmemHugePages:        0 kB
ShmemPmdMapped:        0 kB
FileHugePages:   2168832 kB
FilePmdMapped:         0 kB
Unaccepted:            0 kB
Balloon:               0 kB
HugePages_Total:       0
HugePages_Free:        0
HugePages_Rsvd:        0
HugePages_Surp:        0
Hugepagesize:       2048 kB
Hugetlb:               0 kB
DirectMap4k:      697152 kB
DirectMap2M:    24055808 kB
DirectMap1G:    109051904 kB

/sys/kernel/mm/transparent_hugepage/enabled: always [madvise] never
/sys/kernel/mm/transparent_hugepage/hpage_pmd_size: 2097152
/sys/kernel/mm/transparent_hugepage/defrag (defrag/compaction efforts parameter): always defer defer+madvise [madvise] never

Process Memory:
Virtual Size: 13620289036K (peak: 13620289036K)
Resident Set Size: 4182868K (peak: 4182868K) (anon: 1009488K, file: 3173380K, shmem: 0K)
Swapped out: 0K
C-Heap outstanding allocations: 1407936K, retained: 41267K
glibc malloc tunables: (default)

/proc/sys/kernel/threads-max (system-wide limit on the number of threads): 1026411
/proc/sys/vm/max_map_count (maximum number of memory map areas a process may have): 1048576
/proc/sys/vm/swappiness (control to define how aggressively the kernel swaps out anonymous memory): 60
/proc/sys/kernel/pid_max (system-wide limit on number of process identifiers): 4194304

container information not found.
Steal ticks since vm start: 0
Steal ticks percentage since vm start:  0.000

CPU: total 32 (initial active 32) (32 cores per cpu, 2 threads per core) family 23 model 49 stepping 0 microcode 0x830107c, cx8, cmov, fxsr, ht, mmx, 3dnowpref, sse, sse2, sse3, ssse3, sse4a, sse4.1, sse4.2, popcnt, lzcnt, tsc, tscinvbit, avx, avx2, aes, clmul, bmi1, bmi2, adx, sha, fma, vzeroupper, clflush, clflushopt, rdtscp, rdpid, f16c
CPU Model and flags from /proc/cpuinfo:
model name	: AMD EPYC 7302P 16-Core Processor
flags		: fpu vme de pse tsc msr pae mce cx8 apic sep mtrr pge mca cmov pat pse36 clflush mmx fxsr sse sse2 ht syscall nx mmxext fxsr_opt pdpe1gb rdtscp lm constant_tsc rep_good nopl xtopology nonstop_tsc cpuid extd_apicid aperfmperf rapl pni pclmulqdq monitor ssse3 fma cx16 sse4_1 sse4_2 movbe popcnt aes xsave avx f16c rdrand lahf_lm cmp_legacy svm extapic cr8_legacy abm sse4a misalignsse 3dnowprefetch osvw ibs skinit wdt tce topoext perfctr_core perfctr_nb bpext perfctr_llc mwaitx cpb cat_l3 cdp_l3 hw_pstate ssbd mba ibrs ibpb stibp vmmcall fsgsbase bmi1 avx2 smep bmi2 cqm rdt_a rdseed adx smap clflushopt clwb sha_ni xsaveopt xsavec xgetbv1 xsaves cqm_llc cqm_occup_llc cqm_mbm_total cqm_mbm_local clzero irperf xsaveerptr rdpru wbnoinvd amd_ppin arat npt lbrv svm_lock nrip_save tsc_scale vmcb_clean flushbyasid decodeassists pausefilter pfthreshold avic v_vmsave_vmload vgif v_spec_ctrl umip rdpid overflow_recov succor smca sev sev_es

Online cpus: 0-31
Offline cpus: 
BIOS frequency limitation: <Not Available>
Frequency switch latency (ns): <Not Available>
Available cpu frequencies: <Not Available>
Current governor: <Not Available>
Core performance/turbo boost: <Not Available>

Memory: 4k page, physical 131492232k(115808868k free), swap 8388604k(8388604k free)
Page Sizes: 4k

vm_info: OpenJDK 64-Bit Server VM (21.0.9-internal-adhoc.talzuss.openjdk-mmtk) for linux-amd64 JRE (21.0.9-internal-adhoc.talzuss.openjdk-mmtk), built on 2026-07-06T23:13:08Z by "talzuss" with gcc 13.3.0
heap_info: MMTk OpenJDK 0.32.0 (a3bb9ef-dirty), using MMTk 0.32.0 (6afa497-dirty, BUILTIN_ENV_LOGGER, DEFAULT, EAGER_SWEEPING, VO_BIT)O

END.
