#
# A fatal error has been detected by the Java Runtime Environment:
#
#  SIGSEGV (0xb) at pc=0x000072edf61d1851, pid=371792, tid=371812
#
# JRE version: OpenJDK Runtime Environment (21.0.9) (build 21.0.9-internal-adhoc.talzuss.openjdk-mmtk)
# Java VM: OpenJDK 64-Bit Server VM (21.0.9-internal-adhoc.talzuss.openjdk-mmtk, mixed mode, sharing, tiered, compressed oops, compressed class ptrs, third-party gc, linux-amd64)
# Problematic frame:
# C  [libmmtk_openjdk.so+0x1d1851]  mmtk::util::metadata::side_metadata::global::SideMetadataSpec::side_metadata_access::h2ebe702d7e44aa43+0xa1
#
# Core dump will be written. Default location: Core dumps may be processed with "/usr/share/apport/apport -p%p -s%s -c%c -d%d -P%P -u%u -g%g -F%F -- %E" (or dumping to /mydata/mmtk-core/core.371792)
#
# If you would like to submit a bug report, please visit:
#   https://bugreport.java.com/bugreport/crash.jsp
#

---------------  S U M M A R Y ------------

Command Line: -XX:+UseThirdPartyHeap -Xms512m -Xmx512m /mydata/dacapo/dacapo-23.11/dacapo-23.11-MR2-chopin.jar xalan -n 3

Host: AMD EPYC 7302P 16-Core Processor, 32 cores, 125G, Ubuntu 24.04.4 LTS
Time: Tue Jul  7 16:45:46 2026 MDT elapsed time: 3.064270 seconds (0d 0h 0m 3s)

---------------  T H R E A D  ---------------

Current thread (0x000072edf053a210):  NamedThread "MMTk Collector Thread" [id=371812, stack(0x000072edb84fd000,0x000072edb85fd000) (1024K)]

Stack: [0x000072edb84fd000,0x000072edb85fd000],  sp=0x000072edb85fb8b0,  free space=1018k
Native frames: (J=compiled Java code, j=interpreted, Vv=VM code, C=native code)
C  [libmmtk_openjdk.so+0x1d1851]  mmtk::util::metadata::side_metadata::global::SideMetadataSpec::side_metadata_access::h2ebe702d7e44aa43+0xa1

siginfo: si_signo: 11 (SIGSEGV), si_code: 2 (SEGV_ACCERR), si_addr: 0x000070edb844005c

Registers:
RAX=0x000072edf61d1851, RBX=0x0000000000084a28, RCX=0x000072edf6077b74, RDX=0x0000000000000000
RSP=0x000072edb85fb8b0, RBP=0x0000000000000000, RSI=0x0000000000000001, RDI=0x000072edb85fb980
R8 =0x000070edb844005c, R9 =0xffffffffffffff01, R10=0x0000000000000007, R11=0x103d2c849638c5a7
R12=0x000066409800d2f0, R13=0x0000000000000001, R14=0x0000000000000008, R15=0x000072edb85fb980
RIP=0x000072edf61d1851, EFLAGS=0x0000000000010212, CSGSFS=0x002b000000000033, ERR=0x0000000000000004
  TRAPNO=0x000000000000000e

XMM[0]=0x0000000000000000 0x0000000000000000
XMM[1]=0x0000000000000000 0x0000664098000090
XMM[2]=0xffffffffffff7dff 0x66ff2d631fff1d0b
XMM[3]=0x0000000000000000 0x00000000000000ff
XMM[4]=0x0000000000000000 0x0000664098000090
XMM[5]=0x0000000000110dec 0x0000000040369470
XMM[6]=0x0000000040369258 0x00000000400794c0
XMM[7]=0x0000000040079470 0x000000004009c510
XMM[8]=0x0000000040079600 0x0000000040369ce0
XMM[9]=0x0000000000000000 0x0000000000000000
XMM[10]=0x3f3f3f3f3f3f3f3f 0x3f3f3f3f3f3f3f3f
XMM[11]=0x9999999999999999 0x9999999999999999
XMM[12]=0x2020202020202020 0x2020202020202020
XMM[13]=0x0000000000000000 0x0000000000000000
XMM[14]=0x0000000000000000 0x0000000000000000
XMM[15]=0x0000000000000000 0x0000000000000000
  MXCSR=0x00001fa2


Register to memory mapping:

RAX=
[error occurred during error reporting (printing register info), id 0xe0000000, Internal Error (/mydata/mmtk-openjdk/openjdk/share/mmtkHeap.cpp:444)]
RBX=
[error occurred during error reporting (printing register info, attempt 2), id 0xe0000000, Internal Error (/mydata/mmtk-openjdk/openjdk/share/mmtkHeap.cpp:444)]
RCX=
[error occurred during error reporting (printing register info, attempt 3), id 0xe0000000, Internal Error (/mydata/mmtk-openjdk/openjdk/share/mmtkHeap.cpp:444)]
Top of Stack: (sp=0x000072edb85fb8b0)
0x000072edb85fb8b0:   0000000000000002 00000000503f2598
0x000072edb85fb8c0:   00000000503f2594 00000000503f2e48
0x000072edb85fb8d0:   00000000503f2e44 000072edf64074c8
0x000072edb85fb8e0:   00000000503f1ae0 000072edf629bc81
0x000072edb85fb8f0:   000072edf03de200 00006640bb03f700
0x000072edb85fb900:   0000000000000000 0000000000000000
0x000072edb85fb910:   0000000000000008 0000000000000000
0x000072edb85fb920:   000000005039c6b0 0000000000020000
0x000072edb85fb930:   000066409800d2f0 0000000000010945
0x000072edb85fb940:   0000000000000000 000072edf6407804
0x000072edb85fb950:   000000004f8616c0 000072edf63e34e8
0x000072edb85fb960:   000066409800d2f0 000072edb85fba40
0x000072edb85fb970:   0000000000000001 686a13cec0fa3000
0x000072edb85fb980:   000072edf63e34e8 000072edb85fb9d0
0x000072edb85fb990:   000072edb85fb948 000072edb85fba38
0x000072edb85fb9a0:   000072edb85fba30 000072edb85fba0f
0x000072edb85fb9b0:   000072edb85fba18 000072edb85fb928
0x000072edb85fb9c0:   000072edf0059910 0000664098008d20
0x000072edb85fb9d0:   0000000001001700 000072edf63c9b08
0x000072edb85fb9e0:   0000664068001380 000072edf052b260
0x000072edb85fb9f0:   0000000000000000 0000000000000000
0x000072edb85fba00:   0000664098008d78 000072edf052b3c0
0x000072edb85fba10:   0000664098008d70 0000000000000400
0x000072edb85fba20:   0000664098004b30 000000000000022e
0x000072edb85fba30:   0000000040000000 00000000503f2000
0x000072edb85fba40:   00000000000103f2 00006640bb03f4b0
0x000072edb85fba50:   000072edb85fb960 000072edf64074c8
0x000072edb85fba60:   000072edf6407880 0000000000000010
0x000072edb85fba70:   0000000000000000 000072edb85fb9d0
0x000072edb85fba80:   0000664098005ca0 0000664098005ca0
0x000072edb85fba90:   000072edf006ec00 000072edf006e900
0x000072edb85fbaa0:   000072edf006e600 000072edf006e300 

Instructions: (pc=0x000072edf61d1851)
0x000072edf61d1751:   0f 57 c0 0f 11 44 24 20 48 8d 35 b0 17 20 00 48
0x000072edf61d1761:   8d 7c 24 08 e8 76 2a fc ff 48 8d 05 37 17 20 00
0x000072edf61d1771:   48 89 44 24 08 48 c7 44 24 10 01 00 00 00 48 c7
0x000072edf61d1781:   44 24 18 08 00 00 00 0f 57 c0 0f 11 44 24 20 48
0x000072edf61d1791:   8d 35 61 17 20 00 48 8d 7c 24 08 e8 3f 2a fc ff
0x000072edf61d17a1:   cc cc cc cc cc cc cc cc cc cc cc cc cc cc cc 48
0x000072edf61d17b1:   83 ec 38 48 8b 37 4c 8b 4f 08 4d 8b 01 48 8b 46
0x000072edf61d17c1:   18 48 8b 4e 20 ba 03 00 00 00 29 c2 0f 88 8e 00
0x000072edf61d17d1:   00 00 48 8b 46 10 44 8b 15 0a 5e 23 00 48 03 05
0x000072edf61d17e1:   fb 5d 23 00 49 d3 e8 89 d1 49 d3 e8 49 01 c0 48
0x000072edf61d17f1:   8b 46 18 48 83 f8 03 0f 83 90 00 00 00 41 ba 07
0x000072edf61d1801:   00 00 00 89 c1 49 d3 ea 49 8b 11 0f b6 4e 20 48
0x000072edf61d1811:   d3 ea 44 21 d2 89 c1 48 d3 e2 be 01 00 00 00 48
0x000072edf61d1821:   d3 e6 49 c7 c1 ff ff ff ff 89 f1 49 d3 e1 41 f6
0x000072edf61d1831:   d1 80 e2 07 89 d1 41 d2 e1 48 8b 47 10 0f b6 00
0x000072edf61d1841:   48 8d 0d 2c 63 ea ff 48 63 04 81 48 01 c8 ff e0
0x000072edf61d1851:   41 0f b6 00 44 20 c8 89 d1 d2 e8 48 83 c4 38 c3
0x000072edf61d1861:   48 8b 56 10 44 8b 15 7c 5d 23 00 49 d3 e8 48 03
0x000072edf61d1871:   15 6a 5d 23 00 04 3d 89 c1 49 d3 e0 49 01 d0 48
0x000072edf61d1881:   8b 46 18 48 83 f8 03 0f 82 70 ff ff ff 48 8b 47
0x000072edf61d1891:   10 0f b6 00 48 8d 0d c4 62 ea ff 48 63 04 81 48
0x000072edf61d18a1:   01 c8 ff e0 41 0f b6 00 48 83 c4 38 c3 48 8d 05
0x000072edf61d18b1:   a3 15 20 00 48 89 44 24 08 48 c7 44 24 10 01 00
0x000072edf61d18c1:   00 00 48 c7 44 24 18 08 00 00 00 0f 57 c0 0f 11
0x000072edf61d18d1:   44 24 20 48 8d 35 8d 15 20 00 48 8d 7c 24 08 e8
0x000072edf61d18e1:   fb 28 fc ff 48 8d 05 94 15 20 00 48 89 44 24 08
0x000072edf61d18f1:   48 c7 44 24 10 01 00 00 00 48 c7 44 24 18 08 00
0x000072edf61d1901:   00 00 0f 57 c0 0f 11 44 24 20 48 8d 35 7e 15 20
0x000072edf61d1911:   00 48 8d 7c 24 08 e8 c4 28 fc ff cc cc cc cc 48
0x000072edf61d1921:   8b 37 4c 8b 4f 08 4d 8b 01 48 8b 46 18 48 8b 4e
0x000072edf61d1931:   20 ba 03 00 00 00 29 c2 78 1f 48 8b 46 10 44 8b
0x000072edf61d1941:   15 a2 5c 23 00 48 03 05 93 5c 23 00 49 d3 e8 89 


Stack slot to memory mapping:

stack at sp + 0 slots: 
[error occurred during error reporting (inspecting top of stack), id 0xe0000000, Internal Error (/mydata/mmtk-openjdk/openjdk/share/mmtkHeap.cpp:444)]
stack at sp + 1 slots: 
[error occurred during error reporting (inspecting top of stack, attempt 2), id 0xe0000000, Internal Error (/mydata/mmtk-openjdk/openjdk/share/mmtkHeap.cpp:444)]
stack at sp + 2 slots: 
[error occurred during error reporting (inspecting top of stack, attempt 3), id 0xe0000000, Internal Error (/mydata/mmtk-openjdk/openjdk/share/mmtkHeap.cpp:444)]

---------------  P R O C E S S  ---------------

Threads class SMR info:
_java_thread_list=0x00006640100e4e00, length=56, elements={
0x000072edf002b240, 0x000072edf0525110, 0x000072edf05269a0, 0x000072edf05284b0,
0x000072edf0546ce0, 0x000072edf0548630, 0x000072edf0549ef0, 0x000072edf054bd30,
0x000072edf0555700, 0x00006640340558b0, 0x0000664028001610, 0x000072edf05a44d0,
0x000072edf05a74d0, 0x0000664028026890, 0x000066402c04d8e0, 0x000066402c04ef10,
0x0000664030093320, 0x000066402c050720, 0x000072edf0780410, 0x000072edf07bdf60,
0x000072edf07bf0a0, 0x000072edf07c0340, 0x000072edf07c1710, 0x000072edf07c2ae0,
0x000072edf07c4050, 0x000072edf07c5420, 0x000072edf07c68d0, 0x000072edf07c7e60,
0x000072edf07c93f0, 0x000072edf03dfae0, 0x000072edf03e0af0, 0x000072edf03e1ec0,
0x000072edf07b6110, 0x000072edf07b7820, 0x000072edf07b8dd0, 0x000072edf07ba270,
0x000072edf07bb840, 0x000072edf07bce20, 0x000072edf05bfe20, 0x000072edf05c12c0,
0x000072edf05c2760, 0x000072edf05c3c00, 0x000072edf05c50a0, 0x000072edf05c6540,
0x000072edf05df530, 0x000072edf05e09d0, 0x000072edf05e1ff0, 0x000072edf05e3880,
0x000072edf05e5110, 0x000072edf05e6c20, 0x000066402c0c7940, 0x000066401c045360,
0x0000663f8005ca20, 0x00006640281191e0, 0x00006640100e2520, 0x00006640100e3c00
}

Java Threads: ( => current thread )
  0x000072edf002b240 JavaThread "main"                              [_thread_blocked, id=371793, stack(0x000072edf6417000,0x000072edf6517000) (1024K)]
  0x000072edf0525110 JavaThread "Reference Handler"          daemon [_thread_blocked, id=371797, stack(0x000072edf4d00000,0x000072edf4e00000) (1024K)]
  0x000072edf05269a0 JavaThread "Finalizer"                  daemon [_thread_blocked, id=371798, stack(0x000072edf4c00000,0x000072edf4d00000) (1024K)]
  0x000072edf05284b0 JavaThread "MMTk Finalizer Thread"      daemon [_thread_blocked, id=371799, stack(0x000072edf4b00000,0x000072edf4c00000) (1024K)]
  0x000072edf0546ce0 JavaThread "Signal Dispatcher"          daemon [_thread_blocked, id=371823, stack(0x00006641007f7000,0x00006641008f7000) (1024K)]
  0x000072edf0548630 JavaThread "Service Thread"             daemon [_thread_blocked, id=371824, stack(0x00006641006f7000,0x00006641007f7000) (1024K)]
  0x000072edf0549ef0 JavaThread "Monitor Deflation Thread"   daemon [_thread_blocked, id=371825, stack(0x00006641005f7000,0x00006641006f7000) (1024K)]
  0x000072edf054bd30 JavaThread "C2 CompilerThread0"         daemon [_thread_blocked, id=371826, stack(0x00006641004f7000,0x00006641005f7000) (1024K)]
  0x000072edf0555700 JavaThread "C1 CompilerThread0"         daemon [_thread_blocked, id=371827, stack(0x00006641003f7000,0x00006641004f7000) (1024K)]
  0x00006640340558b0 JavaThread "C1 CompilerThread1"         daemon [_thread_blocked, id=371828, stack(0x00006641002f7000,0x00006641003f7000) (1024K)]
  0x0000664028001610 JavaThread "C1 CompilerThread2"         daemon [_thread_blocked, id=371829, stack(0x00006641001f7000,0x00006641002f7000) (1024K)]
  0x000072edf05a44d0 JavaThread "Notification Thread"        daemon [_thread_blocked, id=371830, stack(0x00006641000f7000,0x00006641001f7000) (1024K)]
  0x000072edf05a74d0 JavaThread "Common-Cleaner"             daemon [_thread_blocked, id=371831, stack(0x00006640baf00000,0x00006640bb000000) (1024K)]
  0x0000664028026890 JavaThread "C2 CompilerThread1"         daemon [_thread_blocked, id=371832, stack(0x00006640bae00000,0x00006640baf00000) (1024K)]
  0x000066402c04d8e0 JavaThread "C1 CompilerThread3"         daemon [_thread_blocked, id=371833, stack(0x00006640bad00000,0x00006640bae00000) (1024K)]
  0x000066402c04ef10 JavaThread "C1 CompilerThread4"         daemon [_thread_blocked, id=371834, stack(0x00006640bac00000,0x00006640bad00000) (1024K)]
  0x0000664030093320 JavaThread "C2 CompilerThread2"         daemon [_thread_blocked, id=371835, stack(0x00006640bab00000,0x00006640bac00000) (1024K)]
  0x000066402c050720 JavaThread "C2 CompilerThread3"         daemon [_thread_blocked, id=371836, stack(0x00006640baa00000,0x00006640bab00000) (1024K)]
  0x000072edf0780410 JavaThread "Thread-0"                          [_thread_blocked, id=371837, stack(0x00006640ba900000,0x00006640baa00000) (1024K)]
  0x000072edf07bdf60 JavaThread "Thread-1"                          [_thread_blocked, id=371838, stack(0x00006640ba800000,0x00006640ba900000) (1024K)]
  0x000072edf07bf0a0 JavaThread "Thread-2"                          [_thread_blocked, id=371839, stack(0x00006640ba700000,0x00006640ba800000) (1024K)]
  0x000072edf07c0340 JavaThread "Thread-3"                          [_thread_blocked, id=371840, stack(0x00006640ba600000,0x00006640ba700000) (1024K)]
  0x000072edf07c1710 JavaThread "Thread-4"                          [_thread_blocked, id=371841, stack(0x00006640ba500000,0x00006640ba600000) (1024K)]
  0x000072edf07c2ae0 JavaThread "Thread-5"                          [_thread_blocked, id=371842, stack(0x00006640ba400000,0x00006640ba500000) (1024K)]
  0x000072edf07c4050 JavaThread "Thread-6"                          [_thread_blocked, id=371843, stack(0x00006640ba300000,0x00006640ba400000) (1024K)]
  0x000072edf07c5420 JavaThread "Thread-7"                          [_thread_blocked, id=371844, stack(0x00006640ba200000,0x00006640ba300000) (1024K)]
  0x000072edf07c68d0 JavaThread "Thread-8"                          [_thread_blocked, id=371845, stack(0x00006640ba100000,0x00006640ba200000) (1024K)]
  0x000072edf07c7e60 JavaThread "Thread-9"                          [_thread_blocked, id=371846, stack(0x00006640ba000000,0x00006640ba100000) (1024K)]
  0x000072edf07c93f0 JavaThread "Thread-10"                         [_thread_blocked, id=371847, stack(0x00006640b9f00000,0x00006640ba000000) (1024K)]
  0x000072edf03dfae0 JavaThread "Thread-11"                         [_thread_blocked, id=371848, stack(0x00006640b9e00000,0x00006640b9f00000) (1024K)]
  0x000072edf03e0af0 JavaThread "Thread-12"                         [_thread_blocked, id=371849, stack(0x00006640b9d00000,0x00006640b9e00000) (1024K)]
  0x000072edf03e1ec0 JavaThread "Thread-13"                         [_thread_blocked, id=371850, stack(0x00006640b9c00000,0x00006640b9d00000) (1024K)]
  0x000072edf07b6110 JavaThread "Thread-14"                         [_thread_blocked, id=371851, stack(0x00006640b9b00000,0x00006640b9c00000) (1024K)]
  0x000072edf07b7820 JavaThread "Thread-15"                         [_thread_blocked, id=371852, stack(0x00006640b9a00000,0x00006640b9b00000) (1024K)]
  0x000072edf07b8dd0 JavaThread "Thread-16"                         [_thread_blocked, id=371853, stack(0x00006640b9900000,0x00006640b9a00000) (1024K)]
  0x000072edf07ba270 JavaThread "Thread-17"                         [_thread_blocked, id=371854, stack(0x00006640b9800000,0x00006640b9900000) (1024K)]
  0x000072edf07bb840 JavaThread "Thread-18"                         [_thread_blocked, id=371855, stack(0x00006640b9700000,0x00006640b9800000) (1024K)]
  0x000072edf07bce20 JavaThread "Thread-19"                         [_thread_blocked, id=371856, stack(0x00006640b9600000,0x00006640b9700000) (1024K)]
  0x000072edf05bfe20 JavaThread "Thread-20"                         [_thread_blocked, id=371857, stack(0x00006640b9500000,0x00006640b9600000) (1024K)]
  0x000072edf05c12c0 JavaThread "Thread-21"                         [_thread_blocked, id=371858, stack(0x00006640b9400000,0x00006640b9500000) (1024K)]
  0x000072edf05c2760 JavaThread "Thread-22"                         [_thread_blocked, id=371859, stack(0x00006640b9300000,0x00006640b9400000) (1024K)]
  0x000072edf05c3c00 JavaThread "Thread-23"                         [_thread_blocked, id=371860, stack(0x00006640b9200000,0x00006640b9300000) (1024K)]
  0x000072edf05c50a0 JavaThread "Thread-24"                         [_thread_blocked, id=371861, stack(0x00006640b9100000,0x00006640b9200000) (1024K)]
  0x000072edf05c6540 JavaThread "Thread-25"                         [_thread_blocked, id=371862, stack(0x00006640b9000000,0x00006640b9100000) (1024K)]
  0x000072edf05df530 JavaThread "Thread-26"                         [_thread_blocked, id=371863, stack(0x00006640b8f00000,0x00006640b9000000) (1024K)]
  0x000072edf05e09d0 JavaThread "Thread-27"                         [_thread_blocked, id=371864, stack(0x00006640b8e00000,0x00006640b8f00000) (1024K)]
  0x000072edf05e1ff0 JavaThread "Thread-28"                         [_thread_blocked, id=371865, stack(0x00006640b8d00000,0x00006640b8e00000) (1024K)]
  0x000072edf05e3880 JavaThread "Thread-29"                         [_thread_blocked, id=371866, stack(0x00006640b8c00000,0x00006640b8d00000) (1024K)]
  0x000072edf05e5110 JavaThread "Thread-30"                         [_thread_blocked, id=371867, stack(0x00006640b8b00000,0x00006640b8c00000) (1024K)]
  0x000072edf05e6c20 JavaThread "Thread-31"                         [_thread_blocked, id=371868, stack(0x00006640b8a00000,0x00006640b8b00000) (1024K)]
  0x000066402c0c7940 JavaThread "C2 CompilerThread4"         daemon [_thread_in_native, id=371869, stack(0x00006640b8900000,0x00006640b8a00000) (1024K)]
  0x000066401c045360 JavaThread "C2 CompilerThread5"         daemon [_thread_in_native, id=371870, stack(0x00006640b8800000,0x00006640b8900000) (1024K)]
  0x0000663f8005ca20 JavaThread "C2 CompilerThread6"         daemon [_thread_blocked, id=371871, stack(0x00006640b8700000,0x00006640b8800000) (1024K)]
  0x00006640281191e0 JavaThread "C2 CompilerThread7"         daemon [_thread_blocked, id=371872, stack(0x00006640b8600000,0x00006640b8700000) (1024K)]
  0x00006640100e2520 JavaThread "C2 CompilerThread8"         daemon [_thread_blocked, id=371873, stack(0x00006640b8500000,0x00006640b8600000) (1024K)]
  0x00006640100e3c00 JavaThread "C2 CompilerThread9"         daemon [_thread_blocked, id=371874, stack(0x00006640b8400000,0x00006640b8500000) (1024K)]
Total: 56

Other Threads:
  0x000072edf0519c80 VMThread "VM Thread"                           [id=371796, stack(0x000072edf50fd000,0x000072edf51fd000) (1024K)]
  0x000072edf0507850 WatcherThread "VM Periodic Task Thread"        [id=371795, stack(0x000072edf51fe000,0x000072edf52fe000) (1024K)]

=>0x000072edf053a210 (exited) NamedThread "MMTk Collector Thread"   [id=371812, stack(0x000072edb84fd000,0x000072edb85fd000) (1024K)]
Total: 3

Threads with active compile tasks:
C2 CompilerThread0  3067 2861       4       org.apache.xerces.impl.XMLNSDocumentScannerImpl::scanStartElement (866 bytes)
C1 CompilerThread2  3067 2972       2       org.apache.xpath.XPathContext::reset (194 bytes)
C2 CompilerThread1  3067 2640   !   4       org.apache.xalan.templates.AVT::evaluate (112 bytes)
C1 CompilerThread3  3067 2967   !   2       org.apache.xml.serializer.Encodings::getMimeEncoding (99 bytes)
C1 CompilerThread4  3067 2956       2       org.apache.xml.dtm.ref.DTMDefaultBase::declareNamespaceInContext (274 bytes)
C2 CompilerThread2  3067 2985       4       org.apache.xalan.templates.ElemNumber$NumberFormatStringTokenizer::nextToken (113 bytes)
C2 CompilerThread3  3067 2402   !   4       org.apache.xalan.templates.ElemLiteralResult::execute (312 bytes)
C2 CompilerThread4  3067 2375       4       org.apache.xml.serializer.ToStream::startPrefixMapping (128 bytes)
C2 CompilerThread5  3067 2278   !   4       org.apache.xalan.templates.ElemApplyTemplates::transformSelectedNodes (979 bytes)
C2 CompilerThread6  3067 2430   !   4       org.apache.xalan.templates.ElemApplyTemplates::execute (141 bytes)
C2 CompilerThread7  3067 2954       4       org.apache.xml.serializer.ToHTMLStream::processAttributes (42 bytes)
C2 CompilerThread8  3067 2175       4       org.apache.xerces.impl.XMLNSDocumentScannerImpl::scanEndElement (188 bytes)
C2 CompilerThread9  3067 2859 % !   4       org.apache.xerces.impl.XMLDocumentFragmentScannerImpl$FragmentContentDispatcher::dispatch @ 0 (1118 bytes)
Total: 13

VM state: at safepoint (normal execution)

VM Mutex/Monitor currently owned by a thread:  ([mutex/lock_event])
[0x000072edf7b580d0] Threads_lock - owner thread: 0x000072edf0519c80
[0x000072edf7b57fd0] Heap_lock - owner thread: 0x000072edf03e3140

Heap address: 0x0000000040000000, size: 3072 MB, Compressed Oops mode: 32-bit

CDS archive(s) mapped at: [0x00006640bb000000-0x00006640bbca3000-0x00006640bbca3000), size 13250560, SharedBaseAddress: 0x00006640bb000000, ArchiveRelocationMode: 1.
Compressed class space mapped at: 0x00006640bc000000-0x00006640fc000000, reserved size: 1073741824
Narrow klass base: 0x00006640bb000000, Narrow klass shift: 0, Narrow klass range: 0x100000000

GC Precious Log:
<Empty>

Heap:

[error occurred during error reporting (printing heap information), id 0xe0000000, Internal Error (/mydata/mmtk-openjdk/openjdk/share/mmtkHeap.cpp:424)]
Metaspace:

Usage:
  Non-class:      7.00 MB used.
      Class:    968.20 KB used.
       Both:      7.95 MB used.

Virtual space:
  Non-class space:       64.00 MB reserved,       7.12 MB ( 11%) committed,  1 nodes.
      Class space:        1.00 GB reserved,       1.06 MB ( <1%) committed,  1 nodes.
             Both:        1.06 GB reserved,       8.19 MB ( <1%) committed. 

Chunk freelists:
   Non-Class:  7.38 MB
       Class:  14.99 MB
        Both:  22.37 MB

MaxMetaspaceSize: unlimited
CompressedClassSpaceSize: 1.00 GB
Initial GC threshold: 21.00 MB
Current GC threshold: 21.00 MB
CDS: on
 - commit_granule_bytes: 65536.
 - commit_granule_words: 8192.
 - virtual_space_node_default_size: 8388608.
 - enlarge_chunks_in_place: 1.
 - use_allocation_guard: 0.


Internal statistics:

num_allocs_failed_limit: 0.
num_arena_births: 122.
num_arena_deaths: 0.
num_vsnodes_births: 2.
num_vsnodes_deaths: 0.
num_space_committed: 131.
num_space_uncommitted: 0.
num_chunks_returned_to_freelist: 0.
num_chunks_taken_from_freelist: 376.
num_chunk_merges: 0.
num_chunk_splits: 261.
num_chunks_enlarged: 201.
num_inconsistent_stats: 0.

CodeHeap 'non-profiled nmethods': size=118880Kb used=1317Kb max_used=1317Kb free=117562Kb
 bounds [0x000072ede03e8000, 0x000072ede0658000, 0x000072ede7800000]
CodeHeap 'profiled nmethods': size=118876Kb used=6322Kb max_used=6322Kb free=112553Kb
 bounds [0x000072edd8800000, 0x000072edd8e30000, 0x000072eddfc17000]
CodeHeap 'non-nmethods': size=8004Kb used=3597Kb max_used=3622Kb free=4406Kb
 bounds [0x000072eddfc17000, 0x000072eddffa7000, 0x000072ede03e8000]
CodeCache: size=245760Kb, used=11236Kb, max_used=11261Kb, free=234521Kb
 total_blobs=3384, nmethods=2898, adapters=381, full_count=0
Compilation: enabled, stopped_count=0, restarted_count=0

Compilation events (20 events):
Event: 3.059 Thread 0x00006640340558b0 2975       2       org.apache.xml.dtm.ref.DTMDefaultBaseTraversers$AttributeTraverser::<init> (6 bytes)
Event: 3.059 Thread 0x000072edf0555700 nmethod 2963 0x000072edd8e27d90 code [0x000072edd8e27f20, 0x000072edd8e28060]
Event: 3.059 Thread 0x000072edf0555700 2976       2       org.apache.xml.dtm.ref.DTMDefaultBaseTraversers$AttributeTraverser::<init> (10 bytes)
Event: 3.059 Thread 0x0000663f8005ca20 nmethod 2982 0x000072ede0531410 code [0x000072ede0531580, 0x000072ede0531630]
Event: 3.059 Thread 0x0000664028001610 nmethod 2974 0x000072edd8e28110 code [0x000072edd8e282a0, 0x000072edd8e283f0]
Event: 3.059 Thread 0x00006640340558b0 nmethod 2975 0x000072edd8e28490 code [0x000072edd8e28620, 0x000072edd8e28770]
Event: 3.059 Thread 0x00006640340558b0 2977       2       org.apache.xml.dtm.ref.DTMDefaultBaseTraversers$ChildTraverser::<init> (6 bytes)
Event: 3.059 Thread 0x0000663f8005ca20 2430   !   4       org.apache.xalan.templates.ElemApplyTemplates::execute (141 bytes)
Event: 3.059 Thread 0x0000664028001610 2973       2       org.apache.xml.dtm.ref.DTMDefaultBaseTraversers$ParentTraverser::<init> (6 bytes)
Event: 3.059 Thread 0x000072edf0555700 nmethod 2976 0x000072edd8e28810 code [0x000072edd8e289a0, 0x000072edd8e28af0]
Event: 3.059 Thread 0x00006640340558b0 nmethod 2977 0x000072edd8e28b90 code [0x000072edd8e28d20, 0x000072edd8e28e70]
Event: 3.059 Thread 0x00006640340558b0 2969   !   2       org.apache.xerces.impl.XMLEntityManager::endEntity (110 bytes)
Event: 3.059 Thread 0x000072edf0555700 2970       2       java.io.EOFException::<init> (5 bytes)
Event: 3.059 Thread 0x0000664028001610 nmethod 2973 0x000072edd8e28f10 code [0x000072edd8e290a0, 0x000072edd8e291f0]
Event: 3.059 Thread 0x0000664028001610 2972       2       org.apache.xpath.XPathContext::reset (194 bytes)
Event: 3.059 Thread 0x000072edf0555700 nmethod 2970 0x000072edd8e29290 code [0x000072edd8e29420, 0x000072edd8e29540]
Event: 3.059 Thread 0x000072edf0555700 2923       2       org.apache.xpath.SourceTreeManager::<init> (16 bytes)
Event: 3.059 Thread 0x000072edf0555700 nmethod 2923 0x000072edd8e29610 code [0x000072edd8e297c0, 0x000072edd8e29a18]
Event: 3.059 Thread 0x00006640340558b0 nmethod 2969 0x000072edd8e29b10 code [0x000072edd8e29d20, 0x000072edd8e2a290]
Event: 3.060 Thread 0x000066402c04ef10 nmethod 2956 0x000072edd8e2a590 code [0x000072edd8e2a8e0, 0x000072edd8e2bbc8]

GC Heap History (0 events):
No events

Dll operation events (7 events):
Event: 0.001 Loaded shared library /mydata/openjdk-mmtk/build/b0test/images/jdk/lib/libjava.so
Event: 2.225 Loaded shared library /mydata/openjdk-mmtk/build/b0test/images/jdk/lib/libjsvml.so
Event: 2.238 Loaded shared library /mydata/openjdk-mmtk/build/b0test/images/jdk/lib/libnio.so
Event: 2.242 Loaded shared library /mydata/openjdk-mmtk/build/b0test/images/jdk/lib/libzip.so
Event: 2.256 Loaded shared library /mydata/openjdk-mmtk/build/b0test/images/jdk/lib/libjimage.so
Event: 2.283 Loaded shared library /mydata/openjdk-mmtk/build/b0test/images/jdk/lib/libnet.so
Event: 2.386 Loaded shared library /mydata/openjdk-mmtk/build/b0test/images/jdk/lib/libverify.so

Deoptimization events (20 events):
Event: 2.898 Thread 0x000072edf07c0340 DEOPT UNPACKING pc=0x000072eddfc6a899 sp=0x00006640ba6fcd20 mode 2
Event: 2.898 Thread 0x000072edf07bb840 DEOPT UNPACKING pc=0x000072eddfc6a899 sp=0x00006640b97fb7e0 mode 2
Event: 2.898 Thread 0x000072edf07c68d0 DEOPT UNPACKING pc=0x000072eddfc6a899 sp=0x00006640ba1fbac0 mode 2
Event: 2.898 Thread 0x000072edf07b6110 DEOPT UNPACKING pc=0x000072eddfc6a899 sp=0x00006640b9bfc150 mode 2
Event: 2.898 Thread 0x000072edf03e1ec0 DEOPT UNPACKING pc=0x000072eddfc6a899 sp=0x00006640b9cfc7e0 mode 2
Event: 2.898 Thread 0x000072edf07c7e60 DEOPT UNPACKING pc=0x000072eddfc6a899 sp=0x00006640ba0fce70 mode 2
Event: 2.898 Thread 0x000072edf07c93f0 DEOPT UNPACKING pc=0x000072eddfc6a899 sp=0x00006640b9ffce70 mode 2
Event: 2.898 Thread 0x000072edf07bf0a0 DEOPT UNPACKING pc=0x000072eddfc6a899 sp=0x00006640ba7fc070 mode 2
Event: 2.898 Thread 0x000072edf05c12c0 DEOPT PACKING pc=0x000072ede04ea9f8 sp=0x00006640b94fb470
Event: 2.899 Thread 0x000072edf05c12c0 DEOPT UNPACKING pc=0x000072eddfc6a899 sp=0x00006640b94fb430 mode 2
Event: 2.937 Thread 0x000072edf07bce20 Uncommon trap: trap_request=0xffffff6e fr.pc=0x000072ede04fbdf4 relative=0x0000000000002f74
Event: 2.937 Thread 0x000072edf07bce20 Uncommon trap: reason=loop_limit_check action=maybe_recompile pc=0x000072ede04fbdf4 method=org.apache.xerces.parsers.AbstractSAXParser.startElement(Lorg/apache/xerces/xni/QName;Lorg/apache/xerces/xni/XMLAttributes;Lorg/apache/xerces/xni/Augmentations;)V @
Event: 2.937 Thread 0x000072edf07bce20 DEOPT PACKING pc=0x000072ede04fbdf4 sp=0x00006640b96fe300
Event: 2.937 Thread 0x000072edf07bce20 DEOPT UNPACKING pc=0x000072eddfc6a899 sp=0x00006640b96fe248 mode 2
Event: 3.012 Thread 0x000072edf05e5110 DEOPT PACKING pc=0x000072edd8d7eb3e sp=0x00006640b8bfe5c0
Event: 3.012 Thread 0x000072edf05e5110 DEOPT UNPACKING pc=0x000072eddfc6b02f sp=0x00006640b8bfdbb8 mode 0
Event: 3.036 Thread 0x000072edf07bdf60 DEOPT PACKING pc=0x000072edd8d5a000 sp=0x00006640ba8fe520
Event: 3.036 Thread 0x000072edf05e5110 DEOPT PACKING pc=0x000072edd8d5a000 sp=0x00006640b8bfe520
Event: 3.036 Thread 0x000072edf07bdf60 DEOPT UNPACKING pc=0x000072eddfc6b02f sp=0x00006640ba8fdb10 mode 0
Event: 3.036 Thread 0x000072edf05e5110 DEOPT UNPACKING pc=0x000072eddfc6b02f sp=0x00006640b8bfdb10 mode 0

Classes loaded (20 events):
Event: 2.657 Loading class java/util/ResourceBundle$KeyElementReference
Event: 2.657 Loading class java/util/ResourceBundle$CacheKeyReference
Event: 2.657 Loading class java/util/ResourceBundle$CacheKeyReference done
Event: 2.657 Loading class java/util/ResourceBundle$KeyElementReference done
Event: 2.658 Loading class java/util/ResourceBundle$Control$2
Event: 2.658 Loading class java/util/ResourceBundle$Control$2 done
Event: 2.659 Loading class sun/util/PropertyResourceBundleCharset
Event: 2.659 Loading class sun/util/PropertyResourceBundleCharset done
Event: 2.659 Loading class sun/util/PropertyResourceBundleCharset$PropertiesFileDecoder
Event: 2.659 Loading class sun/util/PropertyResourceBundleCharset$PropertiesFileDecoder done
Event: 2.667 Loading class java/util/ResourceBundle$BundleReference
Event: 2.667 Loading class java/util/ResourceBundle$BundleReference done
Event: 2.668 Loading class sun/util/ResourceBundleEnumeration
Event: 2.668 Loading class sun/util/ResourceBundleEnumeration done
Event: 2.691 Loading class sun/nio/cs/ISO_8859_1$Encoder
Event: 2.691 Loading class sun/nio/cs/ISO_8859_1$Encoder done
Event: 2.725 Loading class java/util/ResourceBundle$Control$1
Event: 2.725 Loading class java/util/ResourceBundle$Control$1 done
Event: 2.749 Loading class java/lang/foreign/MemorySegment
Event: 2.750 Loading class java/lang/foreign/MemorySegment done

Classes unloaded (0 events):
No events

Classes redefined (0 events):
No events

Internal exceptions (13 events):
Event: 2.249 Thread 0x000072edf002b240 Exception <a 'java/lang/NoSuchMethodError'{0x000000004033c090}: 'java.lang.Object java.lang.invoke.DirectMethodHandle$Holder.newInvokeSpecial(java.lang.Object, int, java.lang.Object)'> (0x000000004033c090) 
thrown [src/hotspot/share/interpreter/linkResolver.cpp, line 772]
Event: 2.259 Thread 0x000072edf002b240 Exception <a 'java/lang/NoSuchMethodError'{0x00000000402f9e28}: 'void java.lang.invoke.DirectMethodHandle$Holder.invokeStatic(java.lang.Object, java.lang.Object)'> (0x00000000402f9e28) 
thrown [src/hotspot/share/interpreter/linkResolver.cpp, line 772]
Event: 2.259 Thread 0x000072edf002b240 Exception <a 'java/lang/NoSuchMethodError'{0x00000000402fd820}: 'void java.lang.invoke.DirectMethodHandle$Holder.invokeSpecial(java.lang.Object, java.lang.Object, java.lang.Object)'> (0x00000000402fd820) 
thrown [src/hotspot/share/interpreter/linkResolver.cpp, line 772]
Event: 2.303 Thread 0x000072edf002b240 Exception <a 'java/lang/NoSuchMethodError'{0x00000000401b5ca8}: 'void java.lang.invoke.DirectMethodHandle$Holder.invokeVirtual(java.lang.Object, java.lang.Object)'> (0x00000000401b5ca8) 
thrown [src/hotspot/share/interpreter/linkResolver.cpp, line 772]
Event: 2.311 Thread 0x000072edf002b240 Exception <a 'java/io/FileNotFoundException'{0x0000000040188ca8}> (0x0000000040188ca8) 
thrown [src/hotspot/share/prims/jni.cpp, line 520]
Event: 2.321 Thread 0x000072edf002b240 Exception <a 'java/lang/NoSuchMethodError'{0x0000000040137c70}: 'java.lang.Object java.lang.invoke.Invokers$Holder.invokeExact_MT(java.lang.Object, java.lang.Object, java.lang.Object, java.lang.Object, java.lang.Object)'> (0x0000000040137c70) 
thrown [src/hotspot/share/interpreter/linkResolver.cpp, line 772]
Event: 2.512 Thread 0x000072edf002b240 Exception <a 'java/lang/NoSuchMethodError'{0x0000000040ec3668}: 'void java.lang.invoke.DirectMethodHandle$Holder.invokeVirtual(java.lang.Object, java.lang.Object, int)'> (0x0000000040ec3668) 
thrown [src/hotspot/share/interpreter/linkResolver.cpp, line 772]
Event: 2.513 Thread 0x000072edf002b240 Exception <a 'java/lang/NoSuchMethodError'{0x0000000040ec7d90}: 'int java.lang.invoke.DirectMethodHandle$Holder.invokeSpecial(java.lang.Object, java.lang.Object, java.lang.Object, int)'> (0x0000000040ec7d90) 
thrown [src/hotspot/share/interpreter/linkResolver.cpp, line 772]
Event: 2.514 Thread 0x000072edf002b240 Exception <a 'java/lang/NoSuchMethodError'{0x0000000040eaaa40}: 'java.lang.Object java.lang.invoke.DirectMethodHandle$Holder.invokeStatic(java.lang.Object, java.lang.Object, java.lang.Object, java.lang.Object, int)'> (0x0000000040eaaa40) 
thrown [src/hotspot/share/interpreter/linkResolver.cpp, line 772]
Event: 2.515 Thread 0x000072edf002b240 Exception <a 'java/lang/NoSuchMethodError'{0x0000000040ea5c48}: 'void java.lang.invoke.DelegatingMethodHandle$Holder.reinvoke_L(java.lang.Object, java.lang.Object, int)'> (0x0000000040ea5c48) 
thrown [src/hotspot/share/interpreter/linkResolver.cpp, line 772]
Event: 2.516 Thread 0x000072edf002b240 Exception <a 'java/lang/NoSuchMethodError'{0x0000000040e9c5a8}: 'int java.lang.invoke.DirectMethodHandle$Holder.invokeSpecial(java.lang.Object, java.lang.Object, java.lang.Object)'> (0x0000000040e9c5a8) 
thrown [src/hotspot/share/interpreter/linkResolver.cpp, line 772]
Event: 2.588 Thread 0x000072edf002b240 Exception <a 'java/lang/NoSuchMethodError'{0x00000000413c19f0}: 'void java.lang.invoke.DelegatingMethodHandle$Holder.reinvoke_L(java.lang.Object, java.lang.Object, int, int)'> (0x00000000413c19f0) 
thrown [src/hotspot/share/interpreter/linkResolver.cpp, line 772]
Event: 2.656 Thread 0x000072edf05c6540 Exception <a 'java/lang/NoSuchMethodError'{0x0000000040bc43c0}: 'java.lang.Object java.lang.invoke.DirectMethodHandle$Holder.invokeInterface(java.lang.Object, java.lang.Object)'> (0x0000000040bc43c0) 
thrown [src/hotspot/share/interpreter/linkResolver.cpp, line 772]

ZGC Phase Switch (0 events):
No events

VM Operations (20 events):
Event: 2.585 Executing VM operation: ICBufferFull done
Event: 2.589 Executing VM operation: HandshakeAllThreads (Deoptimize)
Event: 2.589 Executing VM operation: HandshakeAllThreads (Deoptimize) done
Event: 2.590 Executing VM operation: ThirdPartyHeapOperation
Event: 2.617 Executing VM operation: ThirdPartyHeapOperation done
Event: 2.619 Executing VM operation: ThirdPartyHeapOperation
Event: 2.622 Executing VM operation: ThirdPartyHeapOperation done
Event: 2.634 Executing VM operation: HandshakeAllThreads (Deoptimize)
Event: 2.634 Executing VM operation: HandshakeAllThreads (Deoptimize) done
Event: 2.653 Executing VM operation: HandshakeAllThreads (Deoptimize)
Event: 2.653 Executing VM operation: HandshakeAllThreads (Deoptimize) done
Event: 2.730 Executing VM operation: HandshakeAllThreads (Deoptimize)
Event: 2.731 Executing VM operation: HandshakeAllThreads (Deoptimize) done
Event: 2.752 Executing VM operation: ICBufferFull
Event: 2.752 Executing VM operation: ICBufferFull done
Event: 2.862 Executing VM operation: ICBufferFull
Event: 2.862 Executing VM operation: ICBufferFull done
Event: 3.039 Executing VM operation: ThirdPartyHeapOperation
Event: 3.056 Executing VM operation: ThirdPartyHeapOperation done
Event: 3.060 Executing VM operation: ThirdPartyHeapOperation

Memory protections (20 events):
Event: 2.623 Protecting memory [0x00006640b9700000,0x00006640b9704000] with protection modes 0
Event: 2.623 Protecting memory [0x00006640b9600000,0x00006640b9604000] with protection modes 0
Event: 2.623 Protecting memory [0x00006640b9500000,0x00006640b9504000] with protection modes 0
Event: 2.623 Protecting memory [0x00006640b9400000,0x00006640b9404000] with protection modes 0
Event: 2.624 Protecting memory [0x00006640b9300000,0x00006640b9304000] with protection modes 0
Event: 2.624 Protecting memory [0x00006640b9200000,0x00006640b9204000] with protection modes 0
Event: 2.624 Protecting memory [0x00006640b9100000,0x00006640b9104000] with protection modes 0
Event: 2.624 Protecting memory [0x00006640b9000000,0x00006640b9004000] with protection modes 0
Event: 2.624 Protecting memory [0x00006640b8f00000,0x00006640b8f04000] with protection modes 0
Event: 2.624 Protecting memory [0x00006640b8e00000,0x00006640b8e04000] with protection modes 0
Event: 2.624 Protecting memory [0x00006640b8d00000,0x00006640b8d04000] with protection modes 0
Event: 2.624 Protecting memory [0x00006640b8c00000,0x00006640b8c04000] with protection modes 0
Event: 2.624 Protecting memory [0x00006640b8b00000,0x00006640b8b04000] with protection modes 0
Event: 2.624 Protecting memory [0x00006640b8a00000,0x00006640b8a04000] with protection modes 0
Event: 2.679 Protecting memory [0x00006640b8900000,0x00006640b8904000] with protection modes 0
Event: 2.681 Protecting memory [0x00006640b8800000,0x00006640b8804000] with protection modes 0
Event: 2.684 Protecting memory [0x00006640b8700000,0x00006640b8704000] with protection modes 0
Event: 2.740 Protecting memory [0x00006640b8600000,0x00006640b8604000] with protection modes 0
Event: 2.753 Protecting memory [0x00006640b8500000,0x00006640b8504000] with protection modes 0
Event: 2.754 Protecting memory [0x00006640b8400000,0x00006640b8404000] with protection modes 0

Nmethod flushes (0 events):
No events

Events (20 events):
Event: 2.623 Thread 0x000072edf002b240 Thread added: 0x000072edf07bb840
Event: 2.623 Thread 0x000072edf002b240 Thread added: 0x000072edf07bce20
Event: 2.623 Thread 0x000072edf002b240 Thread added: 0x000072edf05bfe20
Event: 2.623 Thread 0x000072edf002b240 Thread added: 0x000072edf05c12c0
Event: 2.623 Thread 0x000072edf002b240 Thread added: 0x000072edf05c2760
Event: 2.624 Thread 0x000072edf002b240 Thread added: 0x000072edf05c3c00
Event: 2.624 Thread 0x000072edf002b240 Thread added: 0x000072edf05c50a0
Event: 2.624 Thread 0x000072edf002b240 Thread added: 0x000072edf05c6540
Event: 2.624 Thread 0x000072edf002b240 Thread added: 0x000072edf05df530
Event: 2.624 Thread 0x000072edf002b240 Thread added: 0x000072edf05e09d0
Event: 2.624 Thread 0x000072edf002b240 Thread added: 0x000072edf05e1ff0
Event: 2.624 Thread 0x000072edf002b240 Thread added: 0x000072edf05e3880
Event: 2.624 Thread 0x000072edf002b240 Thread added: 0x000072edf05e5110
Event: 2.624 Thread 0x000072edf002b240 Thread added: 0x000072edf05e6c20
Event: 2.679 Thread 0x0000664028001610 Thread added: 0x000066402c0c7940
Event: 2.681 Thread 0x000066402c04d8e0 Thread added: 0x000066401c045360
Event: 2.684 Thread 0x000066401c045360 Thread added: 0x0000663f8005ca20
Event: 2.740 Thread 0x00006640340558b0 Thread added: 0x00006640281191e0
Event: 2.753 Thread 0x000066402c04ef10 Thread added: 0x00006640100e2520
Event: 2.753 Thread 0x000066402c04ef10 Thread added: 0x00006640100e3c00


Dynamic libraries:
40000000-40400000 rw-p 00000000 00:00 0                                  [anon:mmtk:space:immix]
40400000-40800000 rw-p 00000000 00:00 0                                  [anon:mmtk:space:los]
40800000-41400000 rw-p 00000000 00:00 0                                  [anon:mmtk:space:immix]
41400000-41800000 rw-p 00000000 00:00 0                                  [anon:mmtk:space:los]
41800000-41c00000 rw-p 00000000 00:00 0                                  [anon:mmtk:space:immix]
41c00000-42000000 rw-p 00000000 00:00 0                                  [anon:mmtk:space:los]
42000000-42800000 rw-p 00000000 00:00 0                                  [anon:mmtk:space:immix]
42800000-42c00000 rw-p 00000000 00:00 0                                  [anon:mmtk:space:los]
42c00000-43400000 rw-p 00000000 00:00 0                                  [anon:mmtk:space:immix]
43400000-43800000 rw-p 00000000 00:00 0                                  [anon:mmtk:space:los]
43800000-43c00000 rw-p 00000000 00:00 0                                  [anon:mmtk:space:immix]
43c00000-44000000 rw-p 00000000 00:00 0                                  [anon:mmtk:space:los]
44000000-44400000 rw-p 00000000 00:00 0                                  [anon:mmtk:space:immix]
44400000-44800000 rw-p 00000000 00:00 0                                  [anon:mmtk:space:los]
44800000-45000000 rw-p 00000000 00:00 0                                  [anon:mmtk:space:immix]
45000000-45400000 rw-p 00000000 00:00 0                                  [anon:mmtk:space:los]
45400000-45c00000 rw-p 00000000 00:00 0                                  [anon:mmtk:space:immix]
45c00000-46000000 rw-p 00000000 00:00 0                                  [anon:mmtk:space:los]
46000000-46400000 rw-p 00000000 00:00 0                                  [anon:mmtk:space:immix]
46400000-46800000 rw-p 00000000 00:00 0                                  [anon:mmtk:space:los]
46800000-47000000 rw-p 00000000 00:00 0                                  [anon:mmtk:space:immix]
47000000-47400000 rw-p 00000000 00:00 0                                  [anon:mmtk:space:los]
47400000-47800000 rw-p 00000000 00:00 0                                  [anon:mmtk:space:immix]
47800000-47c00000 rw-p 00000000 00:00 0                                  [anon:mmtk:space:los]
47c00000-48400000 rw-p 00000000 00:00 0                                  [anon:mmtk:space:immix]
48400000-48800000 rw-p 00000000 00:00 0                                  [anon:mmtk:space:los]
48800000-48c00000 rw-p 00000000 00:00 0                                  [anon:mmtk:space:immix]
48c00000-49000000 rw-p 00000000 00:00 0                                  [anon:mmtk:space:los]
49000000-49800000 rw-p 00000000 00:00 0                                  [anon:mmtk:space:immix]
49800000-49c00000 rw-p 00000000 00:00 0                                  [anon:mmtk:space:los]
49c00000-4a400000 rw-p 00000000 00:00 0                                  [anon:mmtk:space:immix]
4a400000-4a800000 rw-p 00000000 00:00 0                                  [anon:mmtk:space:los]
4a800000-4ac00000 rw-p 00000000 00:00 0                                  [anon:mmtk:space:immix]
4ac00000-4b000000 rw-p 00000000 00:00 0                                  [anon:mmtk:space:los]
4b000000-4b400000 rw-p 00000000 00:00 0                                  [anon:mmtk:space:immix]
4b400000-4b800000 rw-p 00000000 00:00 0                                  [anon:mmtk:space:los]
4b800000-4c000000 rw-p 00000000 00:00 0                                  [anon:mmtk:space:immix]
4c000000-4c400000 rw-p 00000000 00:00 0                                  [anon:mmtk:space:los]
4c400000-4cc00000 rw-p 00000000 00:00 0                                  [anon:mmtk:space:immix]
4cc00000-4d000000 rw-p 00000000 00:00 0                                  [anon:mmtk:space:los]
4d000000-4d400000 rw-p 00000000 00:00 0                                  [anon:mmtk:space:immix]
4d400000-4d800000 rw-p 00000000 00:00 0                                  [anon:mmtk:space:los]
4d800000-4e000000 rw-p 00000000 00:00 0                                  [anon:mmtk:space:immix]
4e000000-4e400000 rw-p 00000000 00:00 0                                  [anon:mmtk:space:los]
4e400000-4ec00000 rw-p 00000000 00:00 0                                  [anon:mmtk:space:immix]
4ec00000-4f000000 rw-p 00000000 00:00 0                                  [anon:mmtk:space:los]
4f000000-4f400000 rw-p 00000000 00:00 0                                  [anon:mmtk:space:immix]
4f400000-4f800000 rw-p 00000000 00:00 0                                  [anon:mmtk:space:los]
4f800000-4fc00000 rw-p 00000000 00:00 0                                  [anon:mmtk:space:immix]
4fc00000-50000000 rw-p 00000000 00:00 0                                  [anon:mmtk:space:los]
50000000-50400000 rw-p 00000000 00:00 0                                  [anon:mmtk:space:immix]
200000000000-2000c00c0000 rw-s 00000000 00:10 68                         anon_inode:bpf-map
6452424ab000-6452424ac000 r--p 00000000 fc:00 49676337                   /mydata/openjdk-mmtk/build/b0test/images/jdk/bin/java
6452424ac000-6452424ad000 r-xp 00001000 fc:00 49676337                   /mydata/openjdk-mmtk/build/b0test/images/jdk/bin/java
6452424ad000-6452424ae000 r--p 00002000 fc:00 49676337                   /mydata/openjdk-mmtk/build/b0test/images/jdk/bin/java
6452424ae000-6452424af000 r--p 00002000 fc:00 49676337                   /mydata/openjdk-mmtk/build/b0test/images/jdk/bin/java
6452424af000-6452424b0000 rw-p 00003000 fc:00 49676337                   /mydata/openjdk-mmtk/build/b0test/images/jdk/bin/java
645253256000-64525329e000 rw-p 00000000 00:00 0                          [heap]
663f70000000-663f70465000 rw-p 00000000 00:00 0 
663f70465000-663f74000000 ---p 00000000 00:00 0 
663f78000000-663f785c9000 rw-p 00000000 00:00 0 
663f785c9000-663f7c000000 ---p 00000000 00:00 0 
663f7c000000-663f7c303000 rw-p 00000000 00:00 0 
663f7c303000-663f80000000 ---p 00000000 00:00 0 
663f80000000-663f80a45000 rw-p 00000000 00:00 0 
663f80a45000-663f84000000 ---p 00000000 00:00 0 
663f84000000-663f84692000 rw-p 00000000 00:00 0 
663f84692000-663f88000000 ---p 00000000 00:00 0 
663f88000000-663f88021000 rw-p 00000000 00:00 0 
663f88021000-663f8c000000 ---p 00000000 00:00 0 
663f8c000000-663f8c9ea000 rw-p 00000000 00:00 0 
663f8c9ea000-663f90000000 ---p 00000000 00:00 0 
663f90000000-663f90022000 rw-p 00000000 00:00 0 
663f90022000-663f94000000 ---p 00000000 00:00 0 
663f94000000-663f94021000 rw-p 00000000 00:00 0 
663f94021000-663f98000000 ---p 00000000 00:00 0 
663f98000000-663f9802f000 rw-p 00000000 00:00 0 
663f9802f000-663f9c000000 ---p 00000000 00:00 0 
663f9c000000-663f9c03d000 rw-p 00000000 00:00 0 
663f9c03d000-663fa0000000 ---p 00000000 00:00 0 
663fa0000000-663fa0023000 rw-p 00000000 00:00 0 
663fa0023000-663fa4000000 ---p 00000000 00:00 0 
663fa4000000-663fa4021000 rw-p 00000000 00:00 0 
663fa4021000-663fa8000000 ---p 00000000 00:00 0 
663fa8000000-663fa8051000 rw-p 00000000 00:00 0 
663fa8051000-663fac000000 ---p 00000000 00:00 0 
663fac000000-663fac021000 rw-p 00000000 00:00 0 
663fac021000-663fb0000000 ---p 00000000 00:00 0 
663fb0000000-663fb0021000 rw-p 00000000 00:00 0 
663fb0021000-663fb4000000 ---p 00000000 00:00 0 
663fb4000000-663fb4021000 rw-p 00000000 00:00 0 
663fb4021000-663fb8000000 ---p 00000000 00:00 0 
663fb8000000-663fb805a000 rw-p 00000000 00:00 0 
663fb805a000-663fbc000000 ---p 00000000 00:00 0 
663fbc000000-663fbc021000 rw-p 00000000 00:00 0 
663fbc021000-663fc0000000 ---p 00000000 00:00 0 
663fc0000000-663fc0041000 rw-p 00000000 00:00 0 
663fc0041000-663fc4000000 ---p 00000000 00:00 0 
663fc4000000-663fc4021000 rw-p 00000000 00:00 0 
663fc4021000-663fc8000000 ---p 00000000 00:00 0 
663fc8000000-663fc8021000 rw-p 00000000 00:00 0 
663fc8021000-663fcc000000 ---p 00000000 00:00 0 
663fcc000000-663fcc04b000 rw-p 00000000 00:00 0 
663fcc04b000-663fd0000000 ---p 00000000 00:00 0 
663fd0000000-663fd0021000 rw-p 00000000 00:00 0 
663fd0021000-663fd4000000 ---p 00000000 00:00 0 
663fd4000000-663fd4022000 rw-p 00000000 00:00 0 
663fd4022000-663fd8000000 ---p 00000000 00:00 0 
663fd8000000-663fd8021000 rw-p 00000000 00:00 0 
663fd8021000-663fdc000000 ---p 00000000 00:00 0 
663fdc000000-663fdc023000 rw-p 00000000 00:00 0 
663fdc023000-663fe0000000 ---p 00000000 00:00 0 
663fe0000000-663fe0021000 rw-p 00000000 00:00 0 
663fe0021000-663fe4000000 ---p 00000000 00:00 0 
663fe4000000-663fe4023000 rw-p 00000000 00:00 0 
663fe4023000-663fe8000000 ---p 00000000 00:00 0 
663fe8000000-663fe8022000 rw-p 00000000 00:00 0 
663fe8022000-663fec000000 ---p 00000000 00:00 0 
663fec000000-663fec021000 rw-p 00000000 00:00 0 
663fec021000-663ff0000000 ---p 00000000 00:00 0 
663ff0000000-663ff0021000 rw-p 00000000 00:00 0 
663ff0021000-663ff4000000 ---p 00000000 00:00 0 
663ff4000000-663ff4021000 rw-p 00000000 00:00 0 
663ff4021000-663ff8000000 ---p 00000000 00:00 0 
663ff8000000-663ff8031000 rw-p 00000000 00:00 0 
663ff8031000-663ffc000000 ---p 00000000 00:00 0 
663ffc000000-663ffc02e000 rw-p 00000000 00:00 0 
663ffc02e000-664000000000 ---p 00000000 00:00 0 
664000000000-664000021000 rw-p 00000000 00:00 0 
664000021000-664004000000 ---p 00000000 00:00 0 
664004000000-66400405e000 rw-p 00000000 00:00 0 
66400405e000-664008000000 ---p 00000000 00:00 0 
664008000000-664008aae000 rw-p 00000000 00:00 0 
664008aae000-66400c000000 ---p 00000000 00:00 0 
66400c000000-66400c02f000 rw-p 00000000 00:00 0 
66400c02f000-664010000000 ---p 00000000 00:00 0 
664010000000-6640101ce000 rw-p 00000000 00:00 0 
6640101ce000-664014000000 ---p 00000000 00:00 0 
664014000000-6640148ef000 rw-p 00000000 00:00 0 
6640148ef000-664018000000 ---p 00000000 00:00 0 
664018000000-664018c36000 rw-p 00000000 00:00 0 
664018c36000-66401c000000 ---p 00000000 00:00 0 
66401c000000-66401c212000 rw-p 00000000 00:00 0 
66401c212000-664020000000 ---p 00000000 00:00 0 
664020000000-664020021000 rw-p 00000000 00:00 0 
664020021000-664024000000 ---p 00000000 00:00 0 
664024000000-664024021000 rw-p 00000000 00:00 0 
664024021000-664028000000 ---p 00000000 00:00 0 
664028000000-664028311000 rw-p 00000000 00:00 0 
664028311000-66402c000000 ---p 00000000 00:00 0 
66402c000000-66402c260000 rw-p 00000000 00:00 0 
66402c260000-664030000000 ---p 00000000 00:00 0 
664030000000-664030743000 rw-p 00000000 00:00 0 
664030743000-664034000000 ---p 00000000 00:00 0 
664034000000-664034300000 rw-p 00000000 00:00 0 
664034300000-664038000000 ---p 00000000 00:00 0 
664038000000-664038021000 rw-p 00000000 00:00 0 
664038021000-66403c000000 ---p 00000000 00:00 0 
66403c000000-66403c021000 rw-p 00000000 00:00 0 
66403c021000-664040000000 ---p 00000000 00:00 0 
664040000000-664040030000 rw-p 00000000 00:00 0 
664040030000-664044000000 ---p 00000000 00:00 0 
664044000000-664044021000 rw-p 00000000 00:00 0 
664044021000-664048000000 ---p 00000000 00:00 0 
664048000000-66404803a000 rw-p 00000000 00:00 0 
66404803a000-66404c000000 ---p 00000000 00:00 0 
66404c000000-66404c021000 rw-p 00000000 00:00 0 
66404c021000-664050000000 ---p 00000000 00:00 0 
664050000000-664050021000 rw-p 00000000 00:00 0 
664050021000-664054000000 ---p 00000000 00:00 0 
664054000000-664054022000 rw-p 00000000 00:00 0 
664054022000-664058000000 ---p 00000000 00:00 0 
664058000000-66405802e000 rw-p 00000000 00:00 0 
66405802e000-66405c000000 ---p 00000000 00:00 0 
66405c000000-66405c033000 rw-p 00000000 00:00 0 
66405c033000-664060000000 ---p 00000000 00:00 0 
664060000000-66406002b000 rw-p 00000000 00:00 0 
66406002b000-664064000000 ---p 00000000 00:00 0 
664064000000-664064023000 rw-p 00000000 00:00 0 
664064023000-664068000000 ---p 00000000 00:00 0 
664068000000-664068100000 rw-p 00000000 00:00 0 
664068100000-66406c000000 ---p 00000000 00:00 0 
66406c000000-66406c02b000 rw-p 00000000 00:00 0 
66406c02b000-664070000000 ---p 00000000 00:00 0 
664070000000-664070023000 rw-p 00000000 00:00 0 
664070023000-664074000000 ---p 00000000 00:00 0 
664074000000-664074045000 rw-p 00000000 00:00 0 
664074045000-664078000000 ---p 00000000 00:00 0 
664078000000-66407802a000 rw-p 00000000 00:00 0 
66407802a000-66407c000000 ---p 00000000 00:00 0 
66407c000000-66407c023000 rw-p 00000000 00:00 0 
66407c023000-664080000000 ---p 00000000 00:00 0 
664080000000-66408003b000 rw-p 00000000 00:00 0 
66408003b000-664084000000 ---p 00000000 00:00 0 
664084000000-66408402a000 rw-p 00000000 00:00 0 
66408402a000-664088000000 ---p 00000000 00:00 0 
664088000000-664088032000 rw-p 00000000 00:00 0 
664088032000-66408c000000 ---p 00000000 00:00 0 
66408c000000-66408c03a000 rw-p 00000000 00:00 0 
66408c03a000-664090000000 ---p 00000000 00:00 0 
664090000000-664090033000 rw-p 00000000 00:00 0 
664090033000-664094000000 ---p 00000000 00:00 0 
664094000000-664094023000 rw-p 00000000 00:00 0 
664094023000-664098000000 ---p 00000000 00:00 0 
664098000000-66409818e000 rw-p 00000000 00:00 0 
66409818e000-66409c000000 ---p 00000000 00:00 0 
66409c000000-66409c022000 rw-p 00000000 00:00 0 
66409c022000-6640a0000000 ---p 00000000 00:00 0 
6640a0000000-6640a0021000 rw-p 00000000 00:00 0 
6640a0021000-6640a4000000 ---p 00000000 00:00 0 
6640a4000000-6640a4021000 rw-p 00000000 00:00 0 
6640a4021000-6640a8000000 ---p 00000000 00:00 0 
6640a8000000-6640a8021000 rw-p 00000000 00:00 0 
6640a8021000-6640ac000000 ---p 00000000 00:00 0 
6640ac000000-6640ac021000 rw-p 00000000 00:00 0 
6640ac021000-6640b0000000 ---p 00000000 00:00 0 
6640b0000000-6640b0280000 rw-p 00000000 00:00 0 
6640b0280000-6640b0400000 ---p 00000000 00:00 0 
6640b0400000-6640b08a0000 rw-p 00000000 00:00 0 
6640b08a0000-6640b4000000 ---p 00000000 00:00 0 
6640b4000000-6640b4021000 rw-p 00000000 00:00 0 
6640b4021000-6640b8000000 ---p 00000000 00:00 0 
6640b8400000-6640b8404000 ---p 00000000 00:00 0 
6640b8404000-6640b8500000 rw-p 00000000 00:00 0 
6640b8500000-6640b8504000 ---p 00000000 00:00 0 
6640b8504000-6640b8600000 rw-p 00000000 00:00 0 
6640b8600000-6640b8604000 ---p 00000000 00:00 0 
6640b8604000-6640b8700000 rw-p 00000000 00:00 0 
6640b8700000-6640b8704000 ---p 00000000 00:00 0 
6640b8704000-6640b8800000 rw-p 00000000 00:00 0 
6640b8800000-6640b8804000 ---p 00000000 00:00 0 
6640b8804000-6640b8900000 rw-p 00000000 00:00 0 
6640b8900000-6640b8904000 ---p 00000000 00:00 0 
6640b8904000-6640b8a00000 rw-p 00000000 00:00 0 
6640b8a00000-6640b8a04000 ---p 00000000 00:00 0 
6640b8a04000-6640b8b00000 rw-p 00000000 00:00 0 
6640b8b00000-6640b8b04000 ---p 00000000 00:00 0 
6640b8b04000-6640b8c00000 rw-p 00000000 00:00 0 
6640b8c00000-6640b8c04000 ---p 00000000 00:00 0 
6640b8c04000-6640b8d00000 rw-p 00000000 00:00 0 
6640b8d00000-6640b8d04000 ---p 00000000 00:00 0 
6640b8d04000-6640b8e00000 rw-p 00000000 00:00 0 
6640b8e00000-6640b8e04000 ---p 00000000 00:00 0 
6640b8e04000-6640b8f00000 rw-p 00000000 00:00 0 
6640b8f00000-6640b8f04000 ---p 00000000 00:00 0 
6640b8f04000-6640b9000000 rw-p 00000000 00:00 0 
6640b9000000-6640b9004000 ---p 00000000 00:00 0 
6640b9004000-6640b9100000 rw-p 00000000 00:00 0 
6640b9100000-6640b9104000 ---p 00000000 00:00 0 
6640b9104000-6640b9200000 rw-p 00000000 00:00 0 
6640b9200000-6640b9204000 ---p 00000000 00:00 0 
6640b9204000-6640b9300000 rw-p 00000000 00:00 0 
6640b9300000-6640b9304000 ---p 00000000 00:00 0 
6640b9304000-6640b9400000 rw-p 00000000 00:00 0 
6640b9400000-6640b9404000 ---p 00000000 00:00 0 
6640b9404000-6640b9500000 rw-p 00000000 00:00 0 
6640b9500000-6640b9504000 ---p 00000000 00:00 0 
6640b9504000-6640b9600000 rw-p 00000000 00:00 0 
6640b9600000-6640b9604000 ---p 00000000 00:00 0 
6640b9604000-6640b9700000 rw-p 00000000 00:00 0 
6640b9700000-6640b9704000 ---p 00000000 00:00 0 
6640b9704000-6640b9800000 rw-p 00000000 00:00 0 
6640b9800000-6640b9804000 ---p 00000000 00:00 0 
6640b9804000-6640b9900000 rw-p 00000000 00:00 0 
6640b9900000-6640b9904000 ---p 00000000 00:00 0 
6640b9904000-6640b9a00000 rw-p 00000000 00:00 0 
6640b9a00000-6640b9a04000 ---p 00000000 00:00 0 
6640b9a04000-6640b9b00000 rw-p 00000000 00:00 0 
6640b9b00000-6640b9b04000 ---p 00000000 00:00 0 
6640b9b04000-6640b9c00000 rw-p 00000000 00:00 0 
6640b9c00000-6640b9c04000 ---p 00000000 00:00 0 
6640b9c04000-6640b9d00000 rw-p 00000000 00:00 0 
6640b9d00000-6640b9d04000 ---p 00000000 00:00 0 
6640b9d04000-6640b9e00000 rw-p 00000000 00:00 0 
6640b9e00000-6640b9e04000 ---p 00000000 00:00 0 
6640b9e04000-6640b9f00000 rw-p 00000000 00:00 0 
6640b9f00000-6640b9f04000 ---p 00000000 00:00 0 
6640b9f04000-6640ba000000 rw-p 00000000 00:00 0 
6640ba000000-6640ba004000 ---p 00000000 00:00 0 
6640ba004000-6640ba100000 rw-p 00000000 00:00 0 
6640ba100000-6640ba104000 ---p 00000000 00:00 0 
6640ba104000-6640ba200000 rw-p 00000000 00:00 0 
6640ba200000-6640ba204000 ---p 00000000 00:00 0 
6640ba204000-6640ba300000 rw-p 00000000 00:00 0 
6640ba300000-6640ba304000 ---p 00000000 00:00 0 
6640ba304000-6640ba400000 rw-p 00000000 00:00 0 
6640ba400000-6640ba404000 ---p 00000000 00:00 0 
6640ba404000-6640ba500000 rw-p 00000000 00:00 0 
6640ba500000-6640ba504000 ---p 00000000 00:00 0 
6640ba504000-6640ba600000 rw-p 00000000 00:00 0 
6640ba600000-6640ba604000 ---p 00000000 00:00 0 
6640ba604000-6640ba700000 rw-p 00000000 00:00 0 
6640ba700000-6640ba704000 ---p 00000000 00:00 0 
6640ba704000-6640ba800000 rw-p 00000000 00:00 0 
6640ba800000-6640ba804000 ---p 00000000 00:00 0 
6640ba804000-6640ba900000 rw-p 00000000 00:00 0 
6640ba900000-6640ba904000 ---p 00000000 00:00 0 
6640ba904000-6640baa00000 rw-p 00000000 00:00 0 
6640baa00000-6640baa04000 ---p 00000000 00:00 0 
6640baa04000-6640bab00000 rw-p 00000000 00:00 0 
6640bab00000-6640bab04000 ---p 00000000 00:00 0 
6640bab04000-6640bac00000 rw-p 00000000 00:00 0 
6640bac00000-6640bac04000 ---p 00000000 00:00 0 
6640bac04000-6640bad00000 rw-p 00000000 00:00 0 
6640bad00000-6640bad04000 ---p 00000000 00:00 0 
6640bad04000-6640bae00000 rw-p 00000000 00:00 0 
6640bae00000-6640bae04000 ---p 00000000 00:00 0 
6640bae04000-6640baf00000 rw-p 00000000 00:00 0 
6640baf00000-6640baf04000 ---p 00000000 00:00 0 
6640baf04000-6640bb000000 rw-p 00000000 00:00 0 
6640bb000000-6640bbca3000 rw-p 00001000 fc:00 49677042                   /mydata/openjdk-mmtk/build/b0test/images/jdk/lib/server/classes.jsa
6640bbca3000-6640bc000000 ---p 00000000 00:00 0 
6640bc000000-6640bc040000 rw-p 00000000 00:00 0 
6640bc040000-6640bc110000 rw-p 00000000 00:00 0 
6640bc110000-6640fc000000 ---p 00000000 00:00 0 
6640fc000000-6640fc021000 rw-p 00000000 00:00 0 
6640fc021000-664100000000 ---p 00000000 00:00 0 
6641000f7000-6641000fb000 ---p 00000000 00:00 0 
6641000fb000-6641001f7000 rw-p 00000000 00:00 0 
6641001f7000-6641001fb000 ---p 00000000 00:00 0 
6641001fb000-6641002f7000 rw-p 00000000 00:00 0 
6641002f7000-6641002fb000 ---p 00000000 00:00 0 
6641002fb000-6641003f7000 rw-p 00000000 00:00 0 
6641003f7000-6641003fb000 ---p 00000000 00:00 0 
6641003fb000-6641004f7000 rw-p 00000000 00:00 0 
6641004f7000-6641004fb000 ---p 00000000 00:00 0 
6641004fb000-6641005f7000 rw-p 00000000 00:00 0 
6641005f7000-6641005fb000 ---p 00000000 00:00 0 
6641005fb000-6641006f7000 rw-p 00000000 00:00 0 
6641006f7000-6641006fb000 ---p 00000000 00:00 0 
6641006fb000-6641007f7000 rw-p 00000000 00:00 0 
6641007f7000-6641007fb000 ---p 00000000 00:00 0 
6641007fb000-6641008f7000 rw-p 00000000 00:00 0 
6641008f7000-6641008f8000 ---p 00000000 00:00 0 
6641008f8000-6641009f8000 rw-p 00000000 00:00 0 
6641009f8000-6641009f9000 ---p 00000000 00:00 0 
6641009f9000-664100af9000 rw-p 00000000 00:00 0 
664100af9000-664100afa000 ---p 00000000 00:00 0 
664100afa000-664100bfa000 rw-p 00000000 00:00 0 
664100bfa000-664100bfb000 ---p 00000000 00:00 0 
664100bfb000-664100cfb000 rw-p 00000000 00:00 0 
664100cfb000-664100cfc000 ---p 00000000 00:00 0 
664100cfc000-664100dfc000 rw-p 00000000 00:00 0 
664100dfc000-664100dfd000 ---p 00000000 00:00 0 
664100dfd000-664100efd000 rw-p 00000000 00:00 0 
664100efd000-664100efe000 ---p 00000000 00:00 0 
664100efe000-664100ffe000 rw-p 00000000 00:00 0 
664100ffe000-664100fff000 ---p 00000000 00:00 0 
664100fff000-6641010ff000 rw-p 00000000 00:00 0 
6641010ff000-664101100000 ---p 00000000 00:00 0 
664101100000-664101200000 rw-p 00000000 00:00 0 
664101200000-664104200000 rw-p 00000000 00:00 0 
6641042fb000-6641042fc000 ---p 00000000 00:00 0 
6641042fc000-6641043fc000 rw-p 00000000 00:00 0 
6641043fc000-664134400000 rw-p 00000000 00:00 0 
664134400000-664135400000 ---p 00000000 00:00 0                          [anon:mmtk:sidemeta:all:all-quarantined]
664135400000-664135c00000 rw-p 00000000 00:00 0                          [anon:mmtk:sidemeta:immix:VO_BIT]
664135c00000-684136400000 ---p 00000000 00:00 0                          [anon:mmtk:sidemeta:all:all-quarantined]
684136400000-684136800000 rw-p 00000000 00:00 0                          [anon:mmtk:sidemeta:immix:CHUNK_MARK]
684136800000-684139400000 ---p 00000000 00:00 0                          [anon:mmtk:sidemeta:all:all-quarantined]
684139400000-684139c00000 rw-p 00000000 00:00 0                          [anon:mmtk:sidemeta:immix:VMGlobalLogBitSpec]
684139c00000-6a4938800000 ---p 00000000 00:00 0                          [anon:mmtk:sidemeta:all:all-quarantined]
6a4938800000-6a4938c00000 rw-p 00000000 00:00 0                          [anon:mmtk:sidemeta:immix:IX_LINE_MARK]
6a4938c00000-6ac938400000 ---p 00000000 00:00 0                          [anon:mmtk:sidemeta:all:all-quarantined]
6ac938400000-6ac938800000 rw-p 00000000 00:00 0                          [anon:mmtk:sidemeta:immix:IX_BLOCK_DEFRAG]
6ac938800000-6aca38400000 ---p 00000000 00:00 0                          [anon:mmtk:sidemeta:all:all-quarantined]
6aca38400000-6aca38800000 rw-p 00000000 00:00 0                          [anon:mmtk:sidemeta:immix:IX_BLOCK_MARK]
6aca38800000-70ebb8400000 ---p 00000000 00:00 0                          [anon:mmtk:sidemeta:all:all-quarantined]
70ebb8400000-70ebb8800000 rw-p 00000000 00:00 0                          [anon:mmtk:sidemeta:los:VMLocalLOSMarkNurserySpec]
70ebb8800000-70edb9400000 ---p 00000000 00:00 0                          [anon:mmtk:sidemeta:all:all-quarantined]
70edb9400000-70edb9c00000 rw-p 00000000 00:00 0                          [anon:mmtk:sidemeta:immix:VMLocalMarkBitSpec]
70edb9c00000-72edb8400000 ---p 00000000 00:00 0                          [anon:mmtk:sidemeta:all:all-quarantined]
72edb84fc000-72edb84fd000 ---p 00000000 00:00 0 
72edb84fd000-72edb85fd000 rw-p 00000000 00:00 0 
72edb85fd000-72edb85fe000 ---p 00000000 00:00 0 
72edb85fe000-72edb86fe000 rw-p 00000000 00:00 0 
72edb86fe000-72edb86ff000 ---p 00000000 00:00 0 
72edb86ff000-72edb87ff000 rw-p 00000000 00:00 0 
72edb87ff000-72edd8800000 rw-p 00000000 00:00 0 
72edd8800000-72edd8e30000 rwxp 00000000 00:00 0 
72edd8e30000-72eddfc17000 ---p 00000000 00:00 0 
72eddfc17000-72eddffa7000 rwxp 00000000 00:00 0 
72eddffa7000-72ede03e8000 ---p 00000000 00:00 0 
72ede03e8000-72ede0658000 rwxp 00000000 00:00 0 
72ede0658000-72ede7800000 ---p 00000000 00:00 0 
72ede7800000-72edeffa0000 r--s 00000000 fc:00 49676297                   /mydata/openjdk-mmtk/build/b0test/images/jdk/lib/modules
72edf0000000-72edf07e8000 rw-p 00000000 00:00 0 
72edf07e8000-72edf4000000 ---p 00000000 00:00 0 
72edf4025000-72edf402a000 r--p 00000000 fc:00 49676417                   /mydata/openjdk-mmtk/build/b0test/images/jdk/lib/libjsvml.so
72edf402a000-72edf406b000 r-xp 00005000 fc:00 49676417                   /mydata/openjdk-mmtk/build/b0test/images/jdk/lib/libjsvml.so
72edf406b000-72edf40f4000 r--p 00046000 fc:00 49676417                   /mydata/openjdk-mmtk/build/b0test/images/jdk/lib/libjsvml.so
72edf40f4000-72edf40f5000 r--p 000ce000 fc:00 49676417                   /mydata/openjdk-mmtk/build/b0test/images/jdk/lib/libjsvml.so
72edf40f5000-72edf40f6000 rw-p 000cf000 fc:00 49676417                   /mydata/openjdk-mmtk/build/b0test/images/jdk/lib/libjsvml.so
72edf40f6000-72edf40f7000 ---p 00000000 00:00 0 
72edf40f7000-72edf41f7000 rw-p 00000000 00:00 0 
72edf41f7000-72edf41f8000 ---p 00000000 00:00 0 
72edf41f8000-72edf42f8000 rw-p 00000000 00:00 0 
72edf42f8000-72edf42f9000 ---p 00000000 00:00 0 
72edf42f9000-72edf43f9000 rw-p 00000000 00:00 0 
72edf43f9000-72edf43fa000 ---p 00000000 00:00 0 
72edf43fa000-72edf44fa000 rw-p 00000000 00:00 0 
72edf44fa000-72edf44fb000 ---p 00000000 00:00 0 
72edf44fb000-72edf45fb000 rw-p 00000000 00:00 0 
72edf45fb000-72edf45fc000 ---p 00000000 00:00 0 
72edf45fc000-72edf46fc000 rw-p 00000000 00:00 0 
72edf46fc000-72edf46fd000 ---p 00000000 00:00 0 
72edf46fd000-72edf47fd000 rw-p 00000000 00:00 0 
72edf47fd000-72edf47fe000 ---p 00000000 00:00 0 
72edf47fe000-72edf48fe000 rw-p 00000000 00:00 0 
72edf48fe000-72edf48ff000 ---p 00000000 00:00 0 
72edf48ff000-72edf49ff000 rw-p 00000000 00:00 0 
72edf49ff000-72edf4a00000 ---p 00000000 00:00 0 
72edf4a00000-72edf4b00000 rw-p 00000000 00:00 0 
72edf4b00000-72edf4b04000 ---p 00000000 00:00 0 
72edf4b04000-72edf4c00000 rw-p 00000000 00:00 0 
72edf4c00000-72edf4c04000 ---p 00000000 00:00 0 
72edf4c04000-72edf4d00000 rw-p 00000000 00:00 0 
72edf4d00000-72edf4d04000 ---p 00000000 00:00 0 
72edf4d04000-72edf4e00000 rw-p 00000000 00:00 0 
72edf4e00000-72edf50eb000 r--p 00000000 08:03 1410552                    /usr/lib/locale/locale-archive
72edf50fc000-72edf50fd000 ---p 00000000 00:00 0 
72edf50fd000-72edf51fd000 rw-p 00000000 00:00 0 
72edf51fd000-72edf51fe000 ---p 00000000 00:00 0 
72edf51fe000-72edf52fe000 rw-p 00000000 00:00 0 
72edf52fe000-72edf52ff000 ---p 00000000 00:00 0 
72edf52ff000-72edf53ff000 rw-p 00000000 00:00 0 
72edf53ff000-72edf5a00000 rw-p 00000000 00:00 0 
72edf5a00000-72edf5a0c000 r--p 00000000 fc:00 13107796                   /mydata/gc-bpf-fault/shim/libgcbpf.so
72edf5a0c000-72edf5a6e000 r-xp 0000c000 fc:00 13107796                   /mydata/gc-bpf-fault/shim/libgcbpf.so
72edf5a6e000-72edf5cde000 r--p 0006e000 fc:00 13107796                   /mydata/gc-bpf-fault/shim/libgcbpf.so
72edf5cde000-72edf5ce0000 r--p 002de000 fc:00 13107796                   /mydata/gc-bpf-fault/shim/libgcbpf.so
72edf5ce0000-72edf5ce1000 rw-p 002e0000 fc:00 13107796                   /mydata/gc-bpf-fault/shim/libgcbpf.so
72edf5ce1000-72edf5ce2000 rw-p 00000000 00:00 0 
72edf5d74000-72edf5d78000 r--p 00000000 08:03 1410107                    /usr/lib/x86_64-linux-gnu/libzstd.so.1.5.5
72edf5d78000-72edf5e1f000 r-xp 00004000 08:03 1410107                    /usr/lib/x86_64-linux-gnu/libzstd.so.1.5.5
72edf5e1f000-72edf5e2c000 r--p 000ab000 08:03 1410107                    /usr/lib/x86_64-linux-gnu/libzstd.so.1.5.5
72edf5e2c000-72edf5e2d000 r--p 000b7000 08:03 1410107                    /usr/lib/x86_64-linux-gnu/libzstd.so.1.5.5
72edf5e2d000-72edf5e2e000 rw-p 000b8000 08:03 1410107                    /usr/lib/x86_64-linux-gnu/libzstd.so.1.5.5
72edf5e2e000-72edf5e33000 rw-p 00000000 00:00 0 
72edf5e33000-72edf5f17000 ---p 00000000 00:00 0 
72edf5f17000-72edf5f24000 rw-p 00000000 00:00 0 
72edf5f24000-72edf6000000 ---p 00000000 00:00 0 
72edf6000000-72edf6146000 r--p 00000000 fc:00 49676374                   /mydata/openjdk-mmtk/build/b0test/images/jdk/lib/server/libmmtk_openjdk.so
72edf6146000-72edf63c6000 r-xp 00145000 fc:00 49676374                   /mydata/openjdk-mmtk/build/b0test/images/jdk/lib/server/libmmtk_openjdk.so
72edf63c6000-72edf6406000 r--p 003c4000 fc:00 49676374                   /mydata/openjdk-mmtk/build/b0test/images/jdk/lib/server/libmmtk_openjdk.so
72edf6406000-72edf6409000 rw-p 00403000 fc:00 49676374                   /mydata/openjdk-mmtk/build/b0test/images/jdk/lib/server/libmmtk_openjdk.so
72edf6409000-72edf640b000 rw-p 00000000 00:00 0 
72edf6417000-72edf641b000 ---p 00000000 00:00 0 
72edf641b000-72edf6517000 rw-p 00000000 00:00 0 
72edf6517000-72edf6527000 r--p 00000000 08:03 1411099                    /usr/lib/x86_64-linux-gnu/libm.so.6
72edf6527000-72edf65a6000 r-xp 00010000 08:03 1411099                    /usr/lib/x86_64-linux-gnu/libm.so.6
72edf65a6000-72edf65fe000 r--p 0008f000 08:03 1411099                    /usr/lib/x86_64-linux-gnu/libm.so.6
72edf65fe000-72edf65ff000 r--p 000e7000 08:03 1411099                    /usr/lib/x86_64-linux-gnu/libm.so.6
72edf65ff000-72edf6600000 rw-p 000e8000 08:03 1411099                    /usr/lib/x86_64-linux-gnu/libm.so.6
72edf6600000-72edf68a9000 r--p 00000000 fc:00 49676373                   /mydata/openjdk-mmtk/build/b0test/images/jdk/lib/server/libjvm.so
72edf68a9000-72edf773c000 r-xp 002a9000 fc:00 49676373                   /mydata/openjdk-mmtk/build/b0test/images/jdk/lib/server/libjvm.so
72edf773c000-72edf7a20000 r--p 0113c000 fc:00 49676373                   /mydata/openjdk-mmtk/build/b0test/images/jdk/lib/server/libjvm.so
72edf7a20000-72edf7af6000 r--p 0141f000 fc:00 49676373                   /mydata/openjdk-mmtk/build/b0test/images/jdk/lib/server/libjvm.so
72edf7af6000-72edf7b26000 rw-p 014f5000 fc:00 49676373                   /mydata/openjdk-mmtk/build/b0test/images/jdk/lib/server/libjvm.so
72edf7b26000-72edf7b8c000 rw-p 00000000 00:00 0 
72edf7b97000-72edf7b9b000 r--p 00000000 fc:00 49676364                   /mydata/openjdk-mmtk/build/b0test/images/jdk/lib/libverify.so
72edf7b9b000-72edf7ba2000 r-xp 00004000 fc:00 49676364                   /mydata/openjdk-mmtk/build/b0test/images/jdk/lib/libverify.so
72edf7ba2000-72edf7ba4000 r--p 0000b000 fc:00 49676364                   /mydata/openjdk-mmtk/build/b0test/images/jdk/lib/libverify.so
72edf7ba4000-72edf7ba6000 r--p 0000c000 fc:00 49676364                   /mydata/openjdk-mmtk/build/b0test/images/jdk/lib/libverify.so
72edf7ba6000-72edf7ba7000 rw-p 0000e000 fc:00 49676364                   /mydata/openjdk-mmtk/build/b0test/images/jdk/lib/libverify.so
72edf7ba7000-72edf7ba9000 r--p 00000000 fc:00 49676365                   /mydata/openjdk-mmtk/build/b0test/images/jdk/lib/libzip.so
72edf7ba9000-72edf7bae000 r-xp 00002000 fc:00 49676365                   /mydata/openjdk-mmtk/build/b0test/images/jdk/lib/libzip.so
72edf7bae000-72edf7bb0000 r--p 00007000 fc:00 49676365                   /mydata/openjdk-mmtk/build/b0test/images/jdk/lib/libzip.so
72edf7bb0000-72edf7bb1000 r--p 00008000 fc:00 49676365                   /mydata/openjdk-mmtk/build/b0test/images/jdk/lib/libzip.so
72edf7bb1000-72edf7bb2000 rw-p 00009000 fc:00 49676365                   /mydata/openjdk-mmtk/build/b0test/images/jdk/lib/libzip.so
72edf7bb2000-72edf7bb5000 r--p 00000000 fc:00 49676361                   /mydata/openjdk-mmtk/build/b0test/images/jdk/lib/libnet.so
72edf7bb5000-72edf7bbd000 r-xp 00003000 fc:00 49676361                   /mydata/openjdk-mmtk/build/b0test/images/jdk/lib/libnet.so
72edf7bbd000-72edf7bbf000 r--p 0000b000 fc:00 49676361                   /mydata/openjdk-mmtk/build/b0test/images/jdk/lib/libnet.so
72edf7bbf000-72edf7bc0000 r--p 0000c000 fc:00 49676361                   /mydata/openjdk-mmtk/build/b0test/images/jdk/lib/libnet.so
72edf7bc0000-72edf7bc1000 rw-p 0000d000 fc:00 49676361                   /mydata/openjdk-mmtk/build/b0test/images/jdk/lib/libnet.so
72edf7bc1000-72edf7bc8000 r--p 00000000 fc:00 49676362                   /mydata/openjdk-mmtk/build/b0test/images/jdk/lib/libnio.so
72edf7bc8000-72edf7bd1000 r-xp 00007000 fc:00 49676362                   /mydata/openjdk-mmtk/build/b0test/images/jdk/lib/libnio.so
72edf7bd1000-72edf7bd5000 r--p 00010000 fc:00 49676362                   /mydata/openjdk-mmtk/build/b0test/images/jdk/lib/libnio.so
72edf7bd5000-72edf7bd6000 r--p 00014000 fc:00 49676362                   /mydata/openjdk-mmtk/build/b0test/images/jdk/lib/libnio.so
72edf7bd6000-72edf7bd7000 rw-p 00015000 fc:00 49676362                   /mydata/openjdk-mmtk/build/b0test/images/jdk/lib/libnio.so
72edf7bd7000-72edf7bda000 r--p 00000000 08:03 1410420                    /usr/lib/x86_64-linux-gnu/libelf-0.190.so
72edf7bda000-72edf7bf0000 r-xp 00003000 08:03 1410420                    /usr/lib/x86_64-linux-gnu/libelf-0.190.so
72edf7bf0000-72edf7bf4000 r--p 00019000 08:03 1410420                    /usr/lib/x86_64-linux-gnu/libelf-0.190.so
72edf7bf4000-72edf7bf5000 r--p 0001c000 08:03 1410420                    /usr/lib/x86_64-linux-gnu/libelf-0.190.so
72edf7bf5000-72edf7bf6000 rw-p 0001d000 08:03 1410420                    /usr/lib/x86_64-linux-gnu/libelf-0.190.so
72edf7bf9000-72edf7c00000 r--s 00000000 08:03 1436340                    /usr/lib/x86_64-linux-gnu/gconv/gconv-modules.cache
72edf7c00000-72edf7c28000 r--p 00000000 08:03 1410238                    /usr/lib/x86_64-linux-gnu/libc.so.6
72edf7c28000-72edf7db0000 r-xp 00028000 08:03 1410238                    /usr/lib/x86_64-linux-gnu/libc.so.6
72edf7db0000-72edf7dff000 r--p 001b0000 08:03 1410238                    /usr/lib/x86_64-linux-gnu/libc.so.6
72edf7dff000-72edf7e03000 r--p 001fe000 08:03 1410238                    /usr/lib/x86_64-linux-gnu/libc.so.6
72edf7e03000-72edf7e05000 rw-p 00202000 08:03 1410238                    /usr/lib/x86_64-linux-gnu/libc.so.6
72edf7e05000-72edf7e12000 rw-p 00000000 00:00 0 
72edf7e16000-72edf7e1e000 rw-p 00000000 00:00 0 
72edf7e1e000-72edf7e26000 ---p 00000000 00:00 0 
72edf7e26000-72edf7e33000 r--p 00000000 fc:00 49676354                   /mydata/openjdk-mmtk/build/b0test/images/jdk/lib/libjava.so
72edf7e33000-72edf7e42000 r-xp 0000d000 fc:00 49676354                   /mydata/openjdk-mmtk/build/b0test/images/jdk/lib/libjava.so
72edf7e42000-72edf7e47000 r--p 0001c000 fc:00 49676354                   /mydata/openjdk-mmtk/build/b0test/images/jdk/lib/libjava.so
72edf7e47000-72edf7e48000 r--p 00021000 fc:00 49676354                   /mydata/openjdk-mmtk/build/b0test/images/jdk/lib/libjava.so
72edf7e48000-72edf7e49000 rw-p 00022000 fc:00 49676354                   /mydata/openjdk-mmtk/build/b0test/images/jdk/lib/libjava.so
72edf7e49000-72edf7e4a000 rw-p 00000000 00:00 0 
72edf7e4a000-72edf7e52000 rw-s 00000000 08:03 237599                     /tmp/hsperfdata_root/371792
72edf7e52000-72edf7e56000 r--p 00000000 fc:00 49676355                   /mydata/openjdk-mmtk/build/b0test/images/jdk/lib/libjimage.so
72edf7e56000-72edf7e6d000 r-xp 00004000 fc:00 49676355                   /mydata/openjdk-mmtk/build/b0test/images/jdk/lib/libjimage.so
72edf7e6d000-72edf7e72000 r--p 0001b000 fc:00 49676355                   /mydata/openjdk-mmtk/build/b0test/images/jdk/lib/libjimage.so
72edf7e72000-72edf7e74000 r--p 00020000 fc:00 49676355                   /mydata/openjdk-mmtk/build/b0test/images/jdk/lib/libjimage.so
72edf7e74000-72edf7e75000 rw-p 00022000 fc:00 49676355                   /mydata/openjdk-mmtk/build/b0test/images/jdk/lib/libjimage.so
72edf7e75000-72edf7e79000 r--p 00000000 08:03 1410148                    /usr/lib/x86_64-linux-gnu/libgcc_s.so.1
72edf7e79000-72edf7e9d000 r-xp 00004000 08:03 1410148                    /usr/lib/x86_64-linux-gnu/libgcc_s.so.1
72edf7e9d000-72edf7ea1000 r--p 00028000 08:03 1410148                    /usr/lib/x86_64-linux-gnu/libgcc_s.so.1
72edf7ea1000-72edf7ea2000 r--p 0002b000 08:03 1410148                    /usr/lib/x86_64-linux-gnu/libgcc_s.so.1
72edf7ea2000-72edf7ea3000 rw-p 0002c000 08:03 1410148                    /usr/lib/x86_64-linux-gnu/libgcc_s.so.1
72edf7ea3000-72edf7ea5000 rw-p 00000000 00:00 0 
72edf7ea5000-72edf7ea7000 r--p 00000000 08:03 1409104                    /usr/lib/x86_64-linux-gnu/libz.so.1.3
72edf7ea7000-72edf7eb9000 r-xp 00002000 08:03 1409104                    /usr/lib/x86_64-linux-gnu/libz.so.1.3
72edf7eb9000-72edf7ebf000 r--p 00014000 08:03 1409104                    /usr/lib/x86_64-linux-gnu/libz.so.1.3
72edf7ebf000-72edf7ec0000 r--p 0001a000 08:03 1409104                    /usr/lib/x86_64-linux-gnu/libz.so.1.3
72edf7ec0000-72edf7ec1000 rw-p 0001b000 08:03 1409104                    /usr/lib/x86_64-linux-gnu/libz.so.1.3
72edf7ec6000-72edf7ec7000 rw-s 00000000 00:10 68                         anon_inode:bpf-map
72edf7ec7000-72edf7ec8000 r--s 00000000 00:10 68                         anon_inode:bpf-map
72edf7ec8000-72edf7ec9000 ---p 00000000 00:00 0 
72edf7ec9000-72edf7eca000 r--p 00000000 00:00 0 
72edf7eca000-72edf7ecb000 ---p 00000000 00:00 0 
72edf7ecb000-72edf7ecd000 r--p 00000000 fc:00 49676357                   /mydata/openjdk-mmtk/build/b0test/images/jdk/lib/libjli.so
72edf7ecd000-72edf7ed7000 r-xp 00002000 fc:00 49676357                   /mydata/openjdk-mmtk/build/b0test/images/jdk/lib/libjli.so
72edf7ed7000-72edf7eda000 r--p 0000c000 fc:00 49676357                   /mydata/openjdk-mmtk/build/b0test/images/jdk/lib/libjli.so
72edf7eda000-72edf7edb000 r--p 0000f000 fc:00 49676357                   /mydata/openjdk-mmtk/build/b0test/images/jdk/lib/libjli.so
72edf7edb000-72edf7edc000 rw-p 00010000 fc:00 49676357                   /mydata/openjdk-mmtk/build/b0test/images/jdk/lib/libjli.so
72edf7edc000-72edf7ede000 rw-p 00000000 00:00 0 
72edf7ede000-72edf7ee2000 r--p 00000000 00:00 0                          [vvar]
72edf7ee2000-72edf7ee4000 r--p 00000000 00:00 0                          [vvar_vclock]
72edf7ee4000-72edf7ee6000 r-xp 00000000 00:00 0                          [vdso]
72edf7ee6000-72edf7ee7000 r--p 00000000 08:03 1409763                    /usr/lib/x86_64-linux-gnu/ld-linux-x86-64.so.2
72edf7ee7000-72edf7f12000 r-xp 00001000 08:03 1409763                    /usr/lib/x86_64-linux-gnu/ld-linux-x86-64.so.2
72edf7f12000-72edf7f1c000 r--p 0002c000 08:03 1409763                    /usr/lib/x86_64-linux-gnu/ld-linux-x86-64.so.2
72edf7f1c000-72edf7f1e000 r--p 00036000 08:03 1409763                    /usr/lib/x86_64-linux-gnu/ld-linux-x86-64.so.2
72edf7f1e000-72edf7f20000 rw-p 00038000 08:03 1409763                    /usr/lib/x86_64-linux-gnu/ld-linux-x86-64.so.2
7ffd159a2000-7ffd159c3000 rw-p 00000000 00:00 0                          [stack]
ffffffffff600000-ffffffffff601000 --xp 00000000 00:00 0                  [vsyscall]
Total number of mappings: 538

JVMTI agents: none


VM Arguments:
jvm_args: -XX:+UseThirdPartyHeap -Xms512m -Xmx512m 
java_command: /mydata/dacapo/dacapo-23.11/dacapo-23.11-MR2-chopin.jar xalan -n 3
java_class_path (initial): /mydata/dacapo/dacapo-23.11/dacapo-23.11-MR2-chopin.jar
Launcher Type: SUN_STANDARD

[Global flags]
     intx CICompilerCount                          = 15                                        {product} {ergonomic}
   size_t InitialHeapSize                          = 536870912                                 {product} {command line}
   size_t MaxHeapSize                              = 536870912                                 {product} {command line}
   size_t MinHeapDeltaBytes                        = 524288                                    {product} {ergonomic}
   size_t MinHeapSize                              = 536870912                                 {product} {command line}
    uintx NonNMethodCodeHeapSize                   = 8192380                                {pd product} {ergonomic}
    uintx NonProfiledCodeHeapSize                  = 121732930                              {pd product} {ergonomic}
    uintx ProfiledCodeHeapSize                     = 121732930                              {pd product} {ergonomic}
    uintx ReservedCodeCacheSize                    = 251658240                              {pd product} {ergonomic}
     bool SegmentedCodeCache                       = true                                      {product} {ergonomic}
   size_t SoftMaxHeapSize                          = 536870912                              {manageable} {ergonomic}
     bool UseCompressedOops                        = true                           {product lp64_product} {ergonomic}

Logging:
Log output configuration:
 #0: stdout all=warning uptime,level,tags foldmultilines=false
 #1: stderr all=off uptime,level,tags foldmultilines=false

Release file:
IMPLEMENTOR="N/A"
JAVA_RUNTIME_VERSION="21.0.9-internal-adhoc.talzuss.openjdk-mmtk"
JAVA_VERSION="21.0.9"
JAVA_VERSION_DATE="2025-10-21"
LIBC="gnu"
MODULES="java.base java.compiler java.datatransfer java.xml java.prefs java.desktop java.instrument java.logging java.management java.security.sasl java.naming java.rmi java.management.rmi java.net.http java.scripting java.security.jgss java.transaction.xa java.sql java.sql.rowset java.xml.crypto java.se java.smartcardio jdk.accessibility jdk.internal.jvmstat jdk.attach jdk.charsets jdk.internal.opt jdk.zipfs jdk.compiler jdk.crypto.ec jdk.crypto.cryptoki jdk.dynalink jdk.internal.ed jdk.editpad jdk.hotspot.agent jdk.httpserver jdk.incubator.vector jdk.internal.le jdk.internal.vm.ci jdk.internal.vm.compiler jdk.internal.vm.compiler.management jdk.jartool jdk.javadoc jdk.jcmd jdk.management jdk.management.agent jdk.jconsole jdk.jdeps jdk.jdwp.agent jdk.jdi jdk.jfr jdk.jlink jdk.jpackage jdk.jshell jdk.jsobject jdk.jstatd jdk.localedata jdk.management.jfr jdk.naming.dns jdk.naming.rmi jdk.net jdk.nio.mapmode jdk.random jdk.sctp jdk.security.auth jdk.security.jgss jdk.unsupported jdk.unsupported.desktop jdk.xml.dom"
OS_ARCH="x86_64"
OS_NAME="Linux"
SOURCE=".:git:b557520f04b3+"

Environment Variables:
PATH=/usr/local/sbin:/usr/local/bin:/usr/sbin:/usr/bin:/sbin:/bin:/snap/bin
SHELL=/bin/bash
LANG=en_US.UTF-8
TERM=tmux-256color

Active Locale:
LC_ALL=en_US.UTF-8
LC_COLLATE=en_US.UTF-8
LC_CTYPE=en_US.UTF-8
LC_MESSAGES=en_US.UTF-8
LC_MONETARY=en_US.UTF-8
LC_NUMERIC=en_US.UTF-8
LC_TIME=en_US.UTF-8

Signal Handlers:
   SIGSEGV: crash_handler in libjvm.so, mask=11100100010111111101111111111110, flags=SA_RESTART|SA_SIGINFO, unblocked
    SIGBUS: crash_handler in libjvm.so, mask=11100100010111111101111111111110, flags=SA_RESTART|SA_SIGINFO, unblocked
    SIGFPE: crash_handler in libjvm.so, mask=11100100010111111101111111111110, flags=SA_RESTART|SA_SIGINFO, unblocked
   SIGPIPE: javaSignalHandler in libjvm.so, mask=11100100010111111101111111111110, flags=SA_RESTART|SA_SIGINFO, blocked
   SIGXFSZ: javaSignalHandler in libjvm.so, mask=11100100010111111101111111111110, flags=SA_RESTART|SA_SIGINFO, blocked
    SIGILL: crash_handler in libjvm.so, mask=11100100010111111101111111111110, flags=SA_RESTART|SA_SIGINFO, unblocked
   SIGUSR2: SR_handler in libjvm.so, mask=00000000000000000000000000000000, flags=SA_RESTART|SA_SIGINFO, blocked
    SIGHUP: UserHandler in libjvm.so, mask=11100100010111111101111111111110, flags=SA_RESTART|SA_SIGINFO, blocked
    SIGINT: UserHandler in libjvm.so, mask=11100100010111111101111111111110, flags=SA_RESTART|SA_SIGINFO, blocked
   SIGTERM: UserHandler in libjvm.so, mask=11100100010111111101111111111110, flags=SA_RESTART|SA_SIGINFO, blocked
   SIGQUIT: UserHandler in libjvm.so, mask=11100100010111111101111111111110, flags=SA_RESTART|SA_SIGINFO, blocked
   SIGTRAP: crash_handler in libjvm.so, mask=11100100010111111101111111111110, flags=SA_RESTART|SA_SIGINFO, unblocked


Periodic native trim disabled

---------------  S Y S T E M  ---------------

OS:
DISTRIB_ID=Ubuntu
DISTRIB_RELEASE=24.04
DISTRIB_CODENAME=noble
DISTRIB_DESCRIPTION="Ubuntu 24.04.4 LTS"
uname: Linux 6.17.0-bpf-fault+ #1 SMP PREEMPT_DYNAMIC Mon Jul  6 16:43:12 MDT 2026 x86_64
OS uptime: 0 days 23:48 hours
libc: glibc 2.39 NPTL 2.39 
rlimit (soft/hard): STACK 8192k/infinity , CORE 0k/0k , NPROC 513205/513205 , NOFILE 1048576/1048576 , AS infinity/infinity , CPU infinity/infinity , DATA infinity/infinity , FSIZE infinity/infinity , MEMLOCK 16436528k/16436528k
load average: 1.73 1.38 1.40

/proc/meminfo:
MemTotal:       131492232 kB
MemFree:        73344584 kB
MemAvailable:   116014764 kB
Buffers:          535128 kB
Cached:         41518268 kB
SwapCached:            0 kB
Active:          3659072 kB
Inactive:       41232672 kB
Active(anon):    2854808 kB
Inactive(anon):        0 kB
Active(file):     804264 kB
Inactive(file): 41232672 kB
Unevictable:       41912 kB
Mlocked:           38840 kB
SwapTotal:       8388604 kB
SwapFree:        8388604 kB
Zswap:                 0 kB
Zswapped:              0 kB
Dirty:           1254516 kB
Writeback:             0 kB
AnonPages:       2882408 kB
Mapped:          9734184 kB
Shmem:              5316 kB
KReclaimable:    1884928 kB
Slab:            2411008 kB
SReclaimable:    1884928 kB
SUnreclaim:       526080 kB
KernelStack:       12128 kB
PageTables:        57828 kB
SecPageTables:      8956 kB
NFS_Unstable:          0 kB
Bounce:                0 kB
WritebackTmp:          0 kB
CommitLimit:    74134720 kB
Committed_AS:   163378500 kB
VmallocTotal:   34359738367 kB
VmallocUsed:       38036 kB
VmallocChunk:          0 kB
Percpu:            51072 kB
HardwareCorrupted:     0 kB
AnonHugePages:         0 kB
ShmemHugePages:        0 kB
ShmemPmdMapped:        0 kB
FileHugePages:   2168832 kB
FilePmdMapped:         0 kB
Unaccepted:            0 kB
Balloon:               0 kB
HugePages_Total:       0
HugePages_Free:        0
HugePages_Rsvd:        0
HugePages_Surp:        0
Hugepagesize:       2048 kB
Hugetlb:               0 kB
DirectMap4k:      811840 kB
DirectMap2M:    24989696 kB
DirectMap1G:    108003328 kB

/sys/kernel/mm/transparent_hugepage/enabled: always [madvise] never
/sys/kernel/mm/transparent_hugepage/hpage_pmd_size: 2097152
/sys/kernel/mm/transparent_hugepage/defrag (defrag/compaction efforts parameter): always defer defer+madvise [madvise] never

Process Memory:
Virtual Size: 13620282100K (peak: 13620282100K)
Resident Set Size: 4172684K (peak: 4172684K) (anon: 999404K, file: 3173280K, shmem: 0K)
Swapped out: 0K
C-Heap outstanding allocations: 1408652K, retained: 29935K
glibc malloc tunables: (default)

/proc/sys/kernel/threads-max (system-wide limit on the number of threads): 1026411
/proc/sys/vm/max_map_count (maximum number of memory map areas a process may have): 1048576
/proc/sys/vm/swappiness (control to define how aggressively the kernel swaps out anonymous memory): 60
/proc/sys/kernel/pid_max (system-wide limit on number of process identifiers): 4194304

container information not found.
Steal ticks since vm start: 0
Steal ticks percentage since vm start:  0.000

CPU: total 32 (initial active 32) (32 cores per cpu, 2 threads per core) family 23 model 49 stepping 0 microcode 0x830107c, cx8, cmov, fxsr, ht, mmx, 3dnowpref, sse, sse2, sse3, ssse3, sse4a, sse4.1, sse4.2, popcnt, lzcnt, tsc, tscinvbit, avx, avx2, aes, clmul, bmi1, bmi2, adx, sha, fma, vzeroupper, clflush, clflushopt, rdtscp, rdpid, f16c
CPU Model and flags from /proc/cpuinfo:
model name	: AMD EPYC 7302P 16-Core Processor
flags		: fpu vme de pse tsc msr pae mce cx8 apic sep mtrr pge mca cmov pat pse36 clflush mmx fxsr sse sse2 ht syscall nx mmxext fxsr_opt pdpe1gb rdtscp lm constant_tsc rep_good nopl xtopology nonstop_tsc cpuid extd_apicid aperfmperf rapl pni pclmulqdq monitor ssse3 fma cx16 sse4_1 sse4_2 movbe popcnt aes xsave avx f16c rdrand lahf_lm cmp_legacy svm extapic cr8_legacy abm sse4a misalignsse 3dnowprefetch osvw ibs skinit wdt tce topoext perfctr_core perfctr_nb bpext perfctr_llc mwaitx cpb cat_l3 cdp_l3 hw_pstate ssbd mba ibrs ibpb stibp vmmcall fsgsbase bmi1 avx2 smep bmi2 cqm rdt_a rdseed adx smap clflushopt clwb sha_ni xsaveopt xsavec xgetbv1 xsaves cqm_llc cqm_occup_llc cqm_mbm_total cqm_mbm_local clzero irperf xsaveerptr rdpru wbnoinvd amd_ppin arat npt lbrv svm_lock nrip_save tsc_scale vmcb_clean flushbyasid decodeassists pausefilter pfthreshold avic v_vmsave_vmload vgif v_spec_ctrl umip rdpid overflow_recov succor smca sev sev_es

Online cpus: 0-31
Offline cpus: 
BIOS frequency limitation: <Not Available>
Frequency switch latency (ns): <Not Available>
Available cpu frequencies: <Not Available>
Current governor: <Not Available>
Core performance/turbo boost: <Not Available>

Memory: 4k page, physical 131492232k(116014764k free), swap 8388604k(8388604k free)
Page Sizes: 4k

vm_info: OpenJDK 64-Bit Server VM (21.0.9-internal-adhoc.talzuss.openjdk-mmtk) for linux-amd64 JRE (21.0.9-internal-adhoc.talzuss.openjdk-mmtk), built on 2026-07-06T23:13:08Z by "talzuss" with gcc 13.3.0
heap_info: MMTk OpenJDK 0.32.0 (a3bb9ef-dirty), using MMTk 0.32.0 (ceb6a76-dirty, BUILTIN_ENV_LOGGER, DEFAULT, EAGER_SWEEPING, VO_BIT)P

END.
