#
# A fatal error has been detected by the Java Runtime Environment:
#
#  SIGSEGV (0xb) at pc=0x0000723aa38aefe7, pid=312162, tid=312184
#
# JRE version: OpenJDK Runtime Environment (21.0.9) (build 21.0.9-internal-adhoc.talzuss.openjdk-mmtk)
# Java VM: OpenJDK 64-Bit Server VM (21.0.9-internal-adhoc.talzuss.openjdk-mmtk, mixed mode, sharing, tiered, compressed oops, compressed class ptrs, third-party gc, linux-amd64)
# Problematic frame:
# C  [libmmtk_openjdk.so+0x2aefe7]  _$LT$mmtk..plan..concurrent..immix..gc_work..SatbFinalDrain$LT$VM$GT$$u20$as$u20$mmtk..scheduler..work..GCWork$LT$VM$GT$$GT$::do_work::h99199484dacfec84+0x477
#
# Core dump will be written. Default location: Core dumps may be processed with "/usr/share/apport/apport -p%p -s%s -c%c -d%d -P%P -u%u -g%g -F%F -- %E" (or dumping to /mydata/mmtk-core/core.312162)
#
# If you would like to submit a bug report, please visit:
#   https://bugreport.java.com/bugreport/crash.jsp
#

---------------  S U M M A R Y ------------

Command Line: -XX:+UseThirdPartyHeap -Xms512m -Xmx512m /mydata/dacapo/dacapo-23.11/dacapo-23.11-MR2-chopin.jar xalan -n 3

Host: AMD EPYC 7302P 16-Core Processor, 32 cores, 125G, Ubuntu 24.04.4 LTS
Time: Tue Jul  7 13:56:30 2026 MDT elapsed time: 3.007605 seconds (0d 0h 0m 3s)

---------------  T H R E A D  ---------------

Current thread (0x0000723a9c53cb50):  NamedThread "MMTk Collector Thread" [id=312184, stack(0x0000658daeaf3000,0x0000658daebf3000) (1024K)]

Stack: [0x0000658daeaf3000,0x0000658daebf3000],  sp=0x0000658daebf1910,  free space=1018k
Native frames: (J=compiled Java code, j=interpreted, Vv=VM code, C=native code)
C  [libmmtk_openjdk.so+0x2aefe7]  _$LT$mmtk..plan..concurrent..immix..gc_work..SatbFinalDrain$LT$VM$GT$$u20$as$u20$mmtk..scheduler..work..GCWork$LT$VM$GT$$GT$::do_work::h99199484dacfec84+0x477

siginfo: si_signo: 11 (SIGSEGV), si_code: 1 (SEGV_MAPERR), si_addr: 0x0000723c0367bba8

Registers:
RAX=0x0000000058000000, RBX=0x0000000000000056, RCX=0x0000723aa367bba8, RDX=0x0000658d67000000
RSP=0x0000658daebf1910, RBP=0x0000000041397ff8, RSI=0x0000000041397ff8, RDI=0x0000658d67000001
R8 =0x0000658d180008e0, R9 =0x0000000000000200, R10=0x0000658d18000030, R11=0xe6a0ddfd18e790d8
R12=0x0000000000273200, R13=0x0000723aa3a017d8, R14=0x0000000041398fc0, R15=0x0000000000273200
RIP=0x0000723aa38aefe7, EFLAGS=0x0000000000010206, CSGSFS=0x002b000000000033, ERR=0x0000000000000004
  TRAPNO=0x000000000000000e

XMM[0]=0x0000000000000000 0x0000000000000000
XMM[1]=0x0000000000000000 0x0000658d18000090
XMM[2]=0x00000000ff000000 0x000000ffffffffff
XMM[3]=0x0000000000000000 0x0000000000000000
XMM[4]=0x0000000000000000 0x0000658d18000090
XMM[5]=0x0000000068632d32 0x00000000524d2d31
XMM[6]=0x000000006361642f 0x0000000031312e33
XMM[7]=0x000000002f6f7061 0x000000006361642f
XMM[8]=0x0000000000002370 0x0000000061782d6f
XMM[9]=0x0000000000000000 0x0000000000000000
XMM[10]=0x3f3f3f3f3f3f3f3f 0x3f3f3f3f3f3f3f3f
XMM[11]=0x9999999999999999 0x9999999999999999
XMM[12]=0x2020202020202020 0x2020202020202020
XMM[13]=0x0000000000000000 0x0000000000000000
XMM[14]=0x0000000000000000 0x0000000000000000
XMM[15]=0x0000000000000000 0x0000000000000000
  MXCSR=0x00001fa2


Register to memory mapping:

RAX=
[error occurred during error reporting (printing register info), id 0xe0000000, Internal Error (/mydata/mmtk-openjdk/openjdk/share/mmtkHeap.cpp:444)]
RBX=
[error occurred during error reporting (printing register info, attempt 2), id 0xe0000000, Internal Error (/mydata/mmtk-openjdk/openjdk/share/mmtkHeap.cpp:444)]
RCX=
[error occurred during error reporting (printing register info, attempt 3), id 0xe0000000, Internal Error (/mydata/mmtk-openjdk/openjdk/share/mmtkHeap.cpp:444)]
Top of Stack: (sp=0x0000658daebf1910)
0x0000658daebf1910:   0000723a9c3df9c0 0000658d67006f28
0x0000658daebf1920:   000000004135f950 0000000000010000
0x0000658daebf1930:   0000658d1800a130 000000000000cff2
0x0000658daebf1940:   0000000000000080 0000658d18006d30
0x0000658daebf1950:   0000000000000056 0000723aa3a01938
0x0000658daebf1960:   0000658d680caeb8 00000000437b2d30
0x0000658daebf1970:   0000200001398000 0000723aa39db918
0x0000658daebf1980:   0000658d00001ce0 0000658d14001fe0
0x0000658daebf1990:   0000723a9c52cc40 0000000000000040
0x0000658daebf19a0:   0000723aa3a017d8 0000658daebf1a60
0x0000658daebf19b0:   0000658daebf1970 0000658daebf1a58
0x0000658daebf19c0:   0000658daebf1a50 0000658daebf1a2f
0x0000658daebf19d0:   0000658daebf1a38 0000658daebf1928
0x0000658daebf19e0:   0000000000000000 0000658d18006d30
0x0000658daebf19f0:   0000723a9c52cc40 0000723a9c06d080
0x0000658daebf1a00:   0000723a9c06d400 0000723a9c52cae0
0x0000658daebf1a10:   0000658daebf1a20 0000723aa38ab1e3
0x0000658daebf1a20:   0000658d18006d30 0000000000000001
0x0000658daebf1a30:   0000658d18006fe0 0000000000000400
0x0000658daebf1a40:   0000658d18001c90 0000000000000309
0x0000658daebf1a50:   0000000040000000 0000000041398000
0x0000658daebf1a60:   0000000000001398 0000658daebf1978
0x0000658daebf1a70:   0000723aa3a017d8 0000723aa3a00ff0
0x0000658daebf1a80:   0000000000000080 0000658d6720b360
0x0000658daebf1a90:   0000723a9c06fb00 0000658daebf19f0
0x0000658daebf1aa0:   0000658d180034d8 0000658d18002980
0x0000658daebf1ab0:   0000723a9c06ef00 0000723a9c06ec00
0x0000658daebf1ac0:   0000723a9c06e900 0000723a9c06e600
0x0000658daebf1ad0:   0000723a9c06e300 0000723a9c06e000
0x0000658daebf1ae0:   0000723a9c06dd00 0000723a9c06da00
0x0000658daebf1af0:   0000723a9c06d700 0000723aa3a00ff0
0x0000658daebf1b00:   0000723aa39c3158 0000723aa52add50 

Instructions: (pc=0x0000723aa38aefe7)
0x0000723aa38aeee7:   44 24 30 48 89 84 24 70 01 00 00 48 85 db 0f 84
0x0000723aa38aeef7:   f5 0a 00 00 48 8b 84 24 d8 00 00 00 48 8d 0c d8
0x0000723aa38aef07:   48 89 8c 24 20 01 00 00 eb 36 66 66 66 66 66 66
0x0000723aa38aef17:   2e 0f 1f 84 00 00 00 00 00 48 8d 94 24 90 00 00
0x0000723aa38aef27:   00 e8 a3 17 fd ff 48 8b 84 24 10 01 00 00 48 83
0x0000723aa38aef37:   c0 08 48 3b 84 24 20 01 00 00 0f 84 a9 0a 00 00
0x0000723aa38aef47:   48 89 84 24 10 01 00 00 48 8b 30 4c 89 ac 24 90
0x0000723aa38aef57:   00 00 00 48 8d 84 24 50 01 00 00 48 89 84 24 98
0x0000723aa38aef67:   00 00 00 48 8d 44 24 60 48 89 84 24 a0 00 00 00
0x0000723aa38aef77:   48 8d 84 24 48 01 00 00 48 89 84 24 a8 00 00 00
0x0000723aa38aef87:   48 8d 84 24 40 01 00 00 48 89 84 24 b0 00 00 00
0x0000723aa38aef97:   48 8d 84 24 1f 01 00 00 48 89 84 24 b8 00 00 00
0x0000723aa38aefa7:   48 8d 84 24 28 01 00 00 48 89 84 24 c0 00 00 00
0x0000723aa38aefb7:   48 8d 44 24 18 48 89 84 24 c8 00 00 00 8b 46 08
0x0000723aa38aefc7:   48 8b 15 ca 36 15 00 48 8b 0d cb 36 15 00 48 d3
0x0000723aa38aefd7:   e0 48 8d 3c 10 8b 44 10 0c 48 8d 0d c1 cb dc ff
0x0000723aa38aefe7:   48 63 04 81 48 01 c8 ff e0 48 89 74 24 10 48 89
0x0000723aa38aeff7:   bc 24 78 01 00 00 48 63 87 28 01 00 00 48 85 c0
0x0000723aa38af007:   0f 84 5e 07 00 00 48 8b 94 24 78 01 00 00 48 63
0x0000723aa38af017:   8a ac 00 00 00 48 8d 0c ca 48 63 92 2c 01 00 00
0x0000723aa38af027:   48 8d 34 d1 48 8d 1c d1 48 81 c3 d8 01 00 00 48
0x0000723aa38af037:   8d 04 c6 48 05 d8 01 00 00 48 89 44 24 08 eb 18
0x0000723aa38af047:   66 0f 1f 84 00 00 00 00 00 48 83 c3 08 48 3b 5c
0x0000723aa38af057:   24 08 0f 84 0c 07 00 00 44 8b 63 04 4d 85 e4 74
0x0000723aa38af067:   e8 4c 63 2b 4c 03 6c 24 10 45 31 ff eb 24 66 66
0x0000723aa38af077:   2e 0f 1f 84 00 00 00 00 00 48 8b 44 24 20 4a 89
0x0000723aa38af087:   2c f0 49 ff c6 4c 89 74 24 28 49 ff c7 4d 39 e7
0x0000723aa38af097:   74 b7 4a 8d 34 bd 00 00 00 00 4c 01 ee 48 89 f0
0x0000723aa38af0a7:   48 b9 ff ff ff ff ff ff ff 7f 48 21 c8 48 89 c1
0x0000723aa38af0b7:   48 2b 0d 72 27 15 00 48 89 cf 48 c1 ef 0c 48 3b
0x0000723aa38af0c7:   bc 24 50 01 00 00 75 31 48 8b 4c 24 60 48 8b 94
0x0000723aa38af0d7:   24 48 01 00 00 48 29 d0 8b 2c 01 48 85 ed 74 aa 


Stack slot to memory mapping:

stack at sp + 0 slots: 
[error occurred during error reporting (inspecting top of stack), id 0xe0000000, Internal Error (/mydata/mmtk-openjdk/openjdk/share/mmtkHeap.cpp:444)]
stack at sp + 1 slots: 
[error occurred during error reporting (inspecting top of stack, attempt 2), id 0xe0000000, Internal Error (/mydata/mmtk-openjdk/openjdk/share/mmtkHeap.cpp:444)]
stack at sp + 2 slots: 
[error occurred during error reporting (inspecting top of stack, attempt 3), id 0xe0000000, Internal Error (/mydata/mmtk-openjdk/openjdk/share/mmtkHeap.cpp:444)]

---------------  P R O C E S S  ---------------

Threads class SMR info:
_java_thread_list=0x0000658c24000c40, length=56, elements={
0x0000723a9c02b240, 0x0000723a9c5267e0, 0x0000723a9c528070, 0x0000723a9c529b80,
0x0000723a9c5483b0, 0x0000723a9c549d00, 0x0000723a9c54b5c0, 0x0000723a9c54d400,
0x0000723a9c556dd0, 0x0000658ce0045cb0, 0x0000658ce00472b0, 0x0000723a9c5a5f90,
0x0000723a9c5a8f90, 0x0000658ce0053fb0, 0x0000658cd8046820, 0x0000658cd8047e90,
0x0000723a9c7cc0b0, 0x0000723a9c7cce00, 0x0000723a9c7cea30, 0x0000723a9c7cfd10,
0x0000723a9c7d10c0, 0x0000723a9c7d2460, 0x0000723a9c7e5ae0, 0x0000723a9c7e7010,
0x0000723a9c7e8580, 0x0000723a9c7e9950, 0x0000723a9c7eae00, 0x0000723a9c7ec390,
0x0000723a9c7ed920, 0x0000723a9c7eedd0, 0x0000723a9c3e12a0, 0x0000723a9c3e21b0,
0x0000723a9c3e3660, 0x0000723a9c7de0d0, 0x0000723a9c7df630, 0x0000723a9c7e0ad0,
0x0000723a9c7e20a0, 0x0000723a9c7e3680, 0x0000723a9c7e4c60, 0x0000723a9c5c1a80,
0x0000723a9c5c2d70, 0x0000723a9c5c4210, 0x0000723a9c5c5aa0, 0x0000723a9c5c7330,
0x0000723a9c5d6ef0, 0x0000723a9c5d80e0, 0x0000723a9c5d9a90, 0x0000723a9c5db320,
0x0000658cbc073a70, 0x0000658cbc075b60, 0x0000658cd80fee00, 0x0000658cd4101600,
0x0000658cbc0db8d0, 0x0000658cd410f0f0, 0x0000658cd4130d40, 0x0000658c2404a610
}

Java Threads: ( => current thread )
  0x0000723a9c02b240 JavaThread "main"                              [_thread_blocked, id=312163, stack(0x0000723aa3b00000,0x0000723aa3c00000) (1024K)]
  0x0000723a9c5267e0 JavaThread "Reference Handler"          daemon [_thread_blocked, id=312168, stack(0x0000723a644fd000,0x0000723a645fd000) (1024K)]
  0x0000723a9c528070 JavaThread "Finalizer"                  daemon [_thread_blocked, id=312169, stack(0x0000658dafcfb000,0x0000658dafdfb000) (1024K)]
  0x0000723a9c529b80 JavaThread "MMTk Finalizer Thread"      daemon [_thread_blocked, id=312170, stack(0x0000658daf900000,0x0000658dafa00000) (1024K)]
  0x0000723a9c5483b0 JavaThread "Signal Dispatcher"          daemon [_thread_blocked, id=312194, stack(0x0000658dae0e9000,0x0000658dae1e9000) (1024K)]
  0x0000723a9c549d00 JavaThread "Service Thread"             daemon [_thread_blocked, id=312195, stack(0x0000658dadfe9000,0x0000658dae0e9000) (1024K)]
  0x0000723a9c54b5c0 JavaThread "Monitor Deflation Thread"   daemon [_thread_blocked, id=312196, stack(0x0000658dadee9000,0x0000658dadfe9000) (1024K)]
  0x0000723a9c54d400 JavaThread "C2 CompilerThread0"         daemon [_thread_blocked, id=312197, stack(0x0000658dadde9000,0x0000658dadee9000) (1024K)]
  0x0000723a9c556dd0 JavaThread "C1 CompilerThread0"         daemon [_thread_blocked, id=312198, stack(0x0000658dadce9000,0x0000658dadde9000) (1024K)]
  0x0000658ce0045cb0 JavaThread "C1 CompilerThread1"         daemon [_thread_blocked, id=312199, stack(0x0000658dadbe9000,0x0000658dadce9000) (1024K)]
  0x0000658ce00472b0 JavaThread "C1 CompilerThread2"         daemon [_thread_blocked, id=312200, stack(0x0000658dadae9000,0x0000658dadbe9000) (1024K)]
  0x0000723a9c5a5f90 JavaThread "Notification Thread"        daemon [_thread_blocked, id=312201, stack(0x0000658dad9e9000,0x0000658dadae9000) (1024K)]
  0x0000723a9c5a8f90 JavaThread "Common-Cleaner"             daemon [_thread_blocked, id=312202, stack(0x0000658dad8e9000,0x0000658dad9e9000) (1024K)]
  0x0000658ce0053fb0 JavaThread "C2 CompilerThread1"         daemon [_thread_blocked, id=312203, stack(0x0000658dad7e9000,0x0000658dad8e9000) (1024K)]
  0x0000658cd8046820 JavaThread "C1 CompilerThread3"         daemon [_thread_blocked, id=312204, stack(0x0000658dad6e9000,0x0000658dad7e9000) (1024K)]
  0x0000658cd8047e90 JavaThread "C1 CompilerThread4"         daemon [_thread_blocked, id=312205, stack(0x0000658dad5e9000,0x0000658dad6e9000) (1024K)]
  0x0000723a9c7cc0b0 JavaThread "Thread-0"                          [_thread_blocked, id=312207, stack(0x0000658dad4e9000,0x0000658dad5e9000) (1024K)]
  0x0000723a9c7cce00 JavaThread "Thread-1"                          [_thread_blocked, id=312208, stack(0x0000658dad3e9000,0x0000658dad4e9000) (1024K)]
  0x0000723a9c7cea30 JavaThread "Thread-2"                          [_thread_blocked, id=312209, stack(0x0000658dad2e9000,0x0000658dad3e9000) (1024K)]
  0x0000723a9c7cfd10 JavaThread "Thread-3"                          [_thread_blocked, id=312210, stack(0x0000658dad1e9000,0x0000658dad2e9000) (1024K)]
  0x0000723a9c7d10c0 JavaThread "Thread-4"                          [_thread_blocked, id=312211, stack(0x0000658dad0e9000,0x0000658dad1e9000) (1024K)]
  0x0000723a9c7d2460 JavaThread "Thread-5"                          [_thread_blocked, id=312212, stack(0x0000658dacfe9000,0x0000658dad0e9000) (1024K)]
  0x0000723a9c7e5ae0 JavaThread "Thread-6"                          [_thread_blocked, id=312213, stack(0x0000658dacee9000,0x0000658dacfe9000) (1024K)]
  0x0000723a9c7e7010 JavaThread "Thread-7"                          [_thread_blocked, id=312214, stack(0x0000658dacde9000,0x0000658dacee9000) (1024K)]
  0x0000723a9c7e8580 JavaThread "Thread-8"                          [_thread_blocked, id=312215, stack(0x0000658dacce9000,0x0000658dacde9000) (1024K)]
  0x0000723a9c7e9950 JavaThread "Thread-9"                          [_thread_blocked, id=312216, stack(0x0000658dacbe9000,0x0000658dacce9000) (1024K)]
  0x0000723a9c7eae00 JavaThread "Thread-10"                         [_thread_blocked, id=312217, stack(0x0000658dacae9000,0x0000658dacbe9000) (1024K)]
  0x0000723a9c7ec390 JavaThread "Thread-11"                         [_thread_blocked, id=312218, stack(0x0000658dac9e9000,0x0000658dacae9000) (1024K)]
  0x0000723a9c7ed920 JavaThread "Thread-12"                         [_thread_blocked, id=312219, stack(0x0000658dac8e9000,0x0000658dac9e9000) (1024K)]
  0x0000723a9c7eedd0 JavaThread "Thread-13"                         [_thread_blocked, id=312220, stack(0x0000658dac7e9000,0x0000658dac8e9000) (1024K)]
  0x0000723a9c3e12a0 JavaThread "Thread-14"                         [_thread_blocked, id=312221, stack(0x0000658dac6e9000,0x0000658dac7e9000) (1024K)]
  0x0000723a9c3e21b0 JavaThread "Thread-15"                         [_thread_blocked, id=312222, stack(0x0000658dac5e9000,0x0000658dac6e9000) (1024K)]
  0x0000723a9c3e3660 JavaThread "Thread-16"                         [_thread_blocked, id=312223, stack(0x0000658dac4e9000,0x0000658dac5e9000) (1024K)]
  0x0000723a9c7de0d0 JavaThread "Thread-17"                         [_thread_blocked, id=312224, stack(0x0000658dac3e9000,0x0000658dac4e9000) (1024K)]
  0x0000723a9c7df630 JavaThread "Thread-18"                         [_thread_blocked, id=312225, stack(0x0000658dac2e9000,0x0000658dac3e9000) (1024K)]
  0x0000723a9c7e0ad0 JavaThread "Thread-19"                         [_thread_blocked, id=312226, stack(0x0000658dac1e9000,0x0000658dac2e9000) (1024K)]
  0x0000723a9c7e20a0 JavaThread "Thread-20"                         [_thread_blocked, id=312227, stack(0x0000658dac0e9000,0x0000658dac1e9000) (1024K)]
  0x0000723a9c7e3680 JavaThread "Thread-21"                         [_thread_blocked, id=312228, stack(0x0000658d66f00000,0x0000658d67000000) (1024K)]
  0x0000723a9c7e4c60 JavaThread "Thread-22"                         [_thread_blocked, id=312229, stack(0x0000658d66e00000,0x0000658d66f00000) (1024K)]
  0x0000723a9c5c1a80 JavaThread "Thread-23"                         [_thread_blocked, id=312230, stack(0x0000658d66d00000,0x0000658d66e00000) (1024K)]
  0x0000723a9c5c2d70 JavaThread "Thread-24"                         [_thread_blocked, id=312231, stack(0x0000658d66c00000,0x0000658d66d00000) (1024K)]
  0x0000723a9c5c4210 JavaThread "Thread-25"                         [_thread_blocked, id=312232, stack(0x0000658d66b00000,0x0000658d66c00000) (1024K)]
  0x0000723a9c5c5aa0 JavaThread "Thread-26"                         [_thread_blocked, id=312233, stack(0x0000658d66a00000,0x0000658d66b00000) (1024K)]
  0x0000723a9c5c7330 JavaThread "Thread-27"                         [_thread_blocked, id=312234, stack(0x0000658d66900000,0x0000658d66a00000) (1024K)]
  0x0000723a9c5d6ef0 JavaThread "Thread-28"                         [_thread_blocked, id=312235, stack(0x0000658d66800000,0x0000658d66900000) (1024K)]
  0x0000723a9c5d80e0 JavaThread "Thread-29"                         [_thread_blocked, id=312236, stack(0x0000658d66700000,0x0000658d66800000) (1024K)]
  0x0000723a9c5d9a90 JavaThread "Thread-30"                         [_thread_blocked, id=312237, stack(0x0000658d66600000,0x0000658d66700000) (1024K)]
  0x0000723a9c5db320 JavaThread "Thread-31"                         [_thread_blocked, id=312238, stack(0x0000658d66500000,0x0000658d66600000) (1024K)]
  0x0000658cbc073a70 JavaThread "C2 CompilerThread2"         daemon [_thread_blocked, id=312239, stack(0x0000658d66400000,0x0000658d66500000) (1024K)]
  0x0000658cbc075b60 JavaThread "C2 CompilerThread3"         daemon [_thread_blocked, id=312240, stack(0x0000658d66300000,0x0000658d66400000) (1024K)]
  0x0000658cd80fee00 JavaThread "C2 CompilerThread4"         daemon [_thread_blocked, id=312241, stack(0x0000658d66200000,0x0000658d66300000) (1024K)]
  0x0000658cd4101600 JavaThread "C2 CompilerThread5"         daemon [_thread_blocked, id=312242, stack(0x0000658d66100000,0x0000658d66200000) (1024K)]
  0x0000658cbc0db8d0 JavaThread "C2 CompilerThread6"         daemon [_thread_blocked, id=312243, stack(0x0000658d66000000,0x0000658d66100000) (1024K)]
  0x0000658cd410f0f0 JavaThread "C2 CompilerThread7"         daemon [_thread_in_native, id=312244, stack(0x0000658d65f00000,0x0000658d66000000) (1024K)]
  0x0000658cd4130d40 JavaThread "C2 CompilerThread8"         daemon [_thread_blocked, id=312245, stack(0x0000658d65e00000,0x0000658d65f00000) (1024K)]
  0x0000658c2404a610 JavaThread "C2 CompilerThread9"         daemon [_thread_blocked, id=312246, stack(0x0000658d65d00000,0x0000658d65e00000) (1024K)]
Total: 56

Other Threads:
  0x0000723a9c51b440 VMThread "VM Thread"                           [id=312167, stack(0x0000723a645fe000,0x0000723a646fe000) (1024K)]
  0x0000723a9c509050 WatcherThread "VM Periodic Task Thread"        [id=312166, stack(0x0000723a646ff000,0x0000723a647ff000) (1024K)]

=>0x0000723a9c53cb50 (exited) NamedThread "MMTk Collector Thread"   [id=312184, stack(0x0000658daeaf3000,0x0000658daebf3000) (1024K)]
Total: 3

Threads with active compile tasks:
C2 CompilerThread0  3010 2938   !   4       org.apache.xalan.templates.ElemLiteralResult::execute (312 bytes)
C2 CompilerThread1  3010 2598   !   4       org.apache.xpath.XPath::bool (202 bytes)
C2 CompilerThread2  3010 2948       4       java.util.HashMap::putMapEntries (170 bytes)
C2 CompilerThread3  3010 2397       4       org.apache.xml.serializer.ToStream::startPrefixMapping (9 bytes)
C2 CompilerThread4  3010 2639       4       org.apache.xpath.axes.LocPathIterator::bool (15 bytes)
C2 CompilerThread5  3010 2826       4       org.apache.xerces.impl.XMLNSDocumentScannerImpl::scanStartElement (866 bytes)
C2 CompilerThread6  3010 2530       4       org.apache.xpath.axes.ChildTestIterator::setRoot (21 bytes)
C2 CompilerThread7  3010 2291   !   4       org.apache.xalan.templates.ElemApplyTemplates::transformSelectedNodes (979 bytes)
C2 CompilerThread8  3010 2633       4       org.apache.xpath.axes.LocPathIterator::asNode (38 bytes)
C2 CompilerThread9  3010 2606       4       org.apache.xpath.axes.ChildTestIterator::detach (17 bytes)
Total: 10

VM state: at safepoint (normal execution)

VM Mutex/Monitor currently owned by a thread:  ([mutex/lock_event])
[0x0000723aa51580d0] Threads_lock - owner thread: 0x0000723a9c51b440
[0x0000723aa5157fd0] Heap_lock - owner thread: 0x0000723a9c3e4900

Heap address: 0x0000000040000000, size: 3072 MB, Compressed Oops mode: 32-bit

CDS archive(s) mapped at: [0x0000658d67000000-0x0000658d67ca3000-0x0000658d67ca3000), size 13250560, SharedBaseAddress: 0x0000658d67000000, ArchiveRelocationMode: 1.
Compressed class space mapped at: 0x0000658d68000000-0x0000658da8000000, reserved size: 1073741824
Narrow klass base: 0x0000658d67000000, Narrow klass shift: 0, Narrow klass range: 0x100000000

GC Precious Log:
<Empty>

Heap:

[error occurred during error reporting (printing heap information), id 0xe0000000, Internal Error (/mydata/mmtk-openjdk/openjdk/share/mmtkHeap.cpp:424)]
Metaspace:

Usage:
  Non-class:      6.98 MB used.
      Class:    964.48 KB used.
       Both:      7.92 MB used.

Virtual space:
  Non-class space:       64.00 MB reserved,       7.06 MB ( 11%) committed,  1 nodes.
      Class space:        1.00 GB reserved,       1.06 MB ( <1%) committed,  1 nodes.
             Both:        1.06 GB reserved,       8.12 MB ( <1%) committed. 

Chunk freelists:
   Non-Class:  7.39 MB
       Class:  14.99 MB
        Both:  22.38 MB

MaxMetaspaceSize: unlimited
CompressedClassSpaceSize: 1.00 GB
Initial GC threshold: 21.00 MB
Current GC threshold: 21.00 MB
CDS: on
 - commit_granule_bytes: 65536.
 - commit_granule_words: 8192.
 - virtual_space_node_default_size: 8388608.
 - enlarge_chunks_in_place: 1.
 - use_allocation_guard: 0.


Internal statistics:

num_allocs_failed_limit: 0.
num_arena_births: 118.
num_arena_deaths: 0.
num_vsnodes_births: 2.
num_vsnodes_deaths: 0.
num_space_committed: 130.
num_space_uncommitted: 0.
num_chunks_returned_to_freelist: 0.
num_chunks_taken_from_freelist: 362.
num_chunk_merges: 0.
num_chunk_splits: 257.
num_chunks_enlarged: 203.
num_inconsistent_stats: 0.

CodeHeap 'non-profiled nmethods': size=118880Kb used=1441Kb max_used=1441Kb free=117438Kb
 bounds [0x0000723a8c3e8000, 0x0000723a8c658000, 0x0000723a93800000]
CodeHeap 'profiled nmethods': size=118876Kb used=6352Kb max_used=6352Kb free=112523Kb
 bounds [0x0000723a84800000, 0x0000723a84e40000, 0x0000723a8bc17000]
CodeHeap 'non-nmethods': size=8004Kb used=3558Kb max_used=3627Kb free=4445Kb
 bounds [0x0000723a8bc17000, 0x0000723a8bfb7000, 0x0000723a8c3e8000]
CodeCache: size=245760Kb, used=11351Kb, max_used=11420Kb, free=234406Kb
 total_blobs=3364, nmethods=2880, adapters=381, full_count=0
Compilation: enabled, stopped_count=0, restarted_count=0

Compilation events (20 events):
Event: 2.981 Thread 0x0000658cd8046820 2951       2       java.lang.Throwable::<init> (29 bytes)
Event: 2.982 Thread 0x0000658cd8046820 nmethod 2951 0x0000723a84e33f10 code [0x0000723a84e340c0, 0x0000723a84e34300]
Event: 3.000 Thread 0x0000658cbc0db8d0 nmethod 2869 0x0000723a8c53e210 code [0x0000723a8c53e5e0, 0x0000723a8c5404b8]
Event: 3.001 Thread 0x0000658cbc0db8d0 2949       4       org.apache.xpath.XPathContext::popCurrentNodeAndExpression (17 bytes)
Event: 3.001 Thread 0x0000658cd4130d40 nmethod 2888 0x0000723a8c541990 code [0x0000723a8c541b60, 0x0000723a8c542440]
Event: 3.001 Thread 0x0000658cd4130d40 2289       4       org.apache.xerces.impl.XMLScanner::isInvalidLiteral (5 bytes)
Event: 3.001 Thread 0x0000658cbc0db8d0 nmethod 2949 0x0000723a8c542690 code [0x0000723a8c542820, 0x0000723a8c5428e0]
Event: 3.001 Thread 0x0000658cbc0db8d0 2530       4       org.apache.xpath.axes.ChildTestIterator::setRoot (21 bytes)
Event: 3.001 Thread 0x0000658ce0053fb0 nmethod 2946 0x0000723a8c542990 code [0x0000723a8c542b60, 0x0000723a8c543318]
Event: 3.001 Thread 0x0000658ce0053fb0 2598   !   4       org.apache.xpath.XPath::bool (202 bytes)
Event: 3.002 Thread 0x0000658cd4130d40 nmethod 2289 0x0000723a8c543690 code [0x0000723a8c543820, 0x0000723a8c543918]
Event: 3.002 Thread 0x0000658cd4130d40 2645       4       org.apache.xpath.NodeSetDTM::runTo (55 bytes)
Event: 3.002 Thread 0x0000658cd4130d40 nmethod 2645 0x0000723a8c543a10 code [0x0000723a8c543ba0, 0x0000723a8c543c80]
Event: 3.002 Thread 0x0000658cd4130d40 2463       4       org.apache.xml.serializer.ToStream::processLineFeed (54 bytes)
Event: 3.003 Thread 0x0000658cd80fee00 nmethod 2419 0x0000723a8c543d10 code [0x0000723a8c5442a0, 0x0000723a8c547ab0]
Event: 3.003 Thread 0x0000658cd4130d40 nmethod 2463 0x0000723a8c549e10 code [0x0000723a8c549fa0, 0x0000723a8c54a108]
Event: 3.003 Thread 0x0000658c2404a610 nmethod 2794% 0x0000723a8c54a210 code [0x0000723a8c54a940, 0x0000723a8c54e0e8]
Event: 3.004 Thread 0x0000658c2404a610 2606       4       org.apache.xpath.axes.ChildTestIterator::detach (17 bytes)
Event: 3.004 Thread 0x0000658cd4130d40 2633       4       org.apache.xpath.axes.LocPathIterator::asNode (38 bytes)
Event: 3.004 Thread 0x0000658cd80fee00 2639       4       org.apache.xpath.axes.LocPathIterator::bool (15 bytes)

GC Heap History (0 events):
No events

Dll operation events (7 events):
Event: 0.001 Loaded shared library /mydata/openjdk-mmtk/build/b0test/images/jdk/lib/libjava.so
Event: 2.214 Loaded shared library /mydata/openjdk-mmtk/build/b0test/images/jdk/lib/libjsvml.so
Event: 2.227 Loaded shared library /mydata/openjdk-mmtk/build/b0test/images/jdk/lib/libnio.so
Event: 2.231 Loaded shared library /mydata/openjdk-mmtk/build/b0test/images/jdk/lib/libzip.so
Event: 2.245 Loaded shared library /mydata/openjdk-mmtk/build/b0test/images/jdk/lib/libjimage.so
Event: 2.272 Loaded shared library /mydata/openjdk-mmtk/build/b0test/images/jdk/lib/libnet.so
Event: 2.374 Loaded shared library /mydata/openjdk-mmtk/build/b0test/images/jdk/lib/libverify.so

Deoptimization events (20 events):
Event: 2.968 Thread 0x0000723a9c7e9950 DEOPT UNPACKING pc=0x0000723a8bc6a899 sp=0x0000658dacce5d10 mode 2
Event: 2.968 Thread 0x0000723a9c7ed920 DEOPT UNPACKING pc=0x0000723a8bc6a899 sp=0x0000658dac9e6300 mode 2
Event: 2.968 Thread 0x0000723a9c5d6ef0 DEOPT PACKING pc=0x0000723a8c524378 sp=0x0000658d668fd2e0
Event: 2.968 Thread 0x0000723a9c7cea30 DEOPT UNPACKING pc=0x0000723a8bc6a899 sp=0x0000658dad3e68c0 mode 2
Event: 2.968 Thread 0x0000723a9c7e3680 DEOPT UNPACKING pc=0x0000723a8bc6a899 sp=0x0000658d66ffd2f0 mode 2
Event: 2.968 Thread 0x0000723a9c5d6ef0 DEOPT UNPACKING pc=0x0000723a8bc6a899 sp=0x0000658d668fd2e0 mode 2
Event: 2.978 Thread 0x0000723a9c5db320 DEOPT PACKING pc=0x0000723a84cbdbbd sp=0x0000658d665fe110
Event: 2.978 Thread 0x0000723a9c5db320 DEOPT UNPACKING pc=0x0000723a8bc6b02f sp=0x0000658d665fd608 mode 0
Event: 2.981 Thread 0x0000723a9c7cc0b0 Uncommon trap: trap_request=0xffffffde fr.pc=0x0000723a8c4825cc relative=0x000000000000030c
Event: 2.981 Thread 0x0000723a9c7cc0b0 Uncommon trap: reason=class_check action=maybe_recompile pc=0x0000723a8c4825cc method=java.io.Writer.write(Ljava/lang/String;)V @ 7 c2
Event: 2.981 Thread 0x0000723a9c7cc0b0 DEOPT PACKING pc=0x0000723a8c4825cc sp=0x0000658dad5e7810
Event: 2.981 Thread 0x0000723a9c7cc0b0 DEOPT UNPACKING pc=0x0000723a8bc6a899 sp=0x0000658dad5e77c8 mode 2
Event: 2.981 Thread 0x0000723a9c7cc0b0 Uncommon trap: trap_request=0xffffffde fr.pc=0x0000723a8c47bb9c relative=0x000000000000089c
Event: 2.981 Thread 0x0000723a9c7cc0b0 Uncommon trap: reason=class_check action=maybe_recompile pc=0x0000723a8c47bb9c method=java.nio.charset.CharsetEncoder.encode(Ljava/nio/CharBuffer;Ljava/nio/ByteBuffer;Z)Ljava/nio/charset/CoderResult; @ 57 c2
Event: 2.981 Thread 0x0000723a9c7cc0b0 DEOPT PACKING pc=0x0000723a8c47bb9c sp=0x0000658dad5e76c0
Event: 2.981 Thread 0x0000723a9c7cc0b0 DEOPT UNPACKING pc=0x0000723a8bc6a899 sp=0x0000658dad5e7478 mode 2
Event: 2.981 Thread 0x0000723a9c7cc0b0 Uncommon trap: trap_request=0xffffffde fr.pc=0x0000723a8c51a4b8 relative=0x00000000000001b8
Event: 2.981 Thread 0x0000723a9c7cc0b0 Uncommon trap: reason=class_check action=maybe_recompile pc=0x0000723a8c51a4b8 method=sun.nio.cs.StreamEncoder.writeBytes()V @ 127 c2
Event: 2.981 Thread 0x0000723a9c7cc0b0 DEOPT PACKING pc=0x0000723a8c51a4b8 sp=0x0000658dad5e76a0
Event: 2.981 Thread 0x0000723a9c7cc0b0 DEOPT UNPACKING pc=0x0000723a8bc6a899 sp=0x0000658dad5e7630 mode 2

Classes loaded (20 events):
Event: 2.643 Loading class java/util/ResourceBundle$KeyElementReference
Event: 2.643 Loading class java/util/ResourceBundle$CacheKeyReference
Event: 2.643 Loading class java/util/ResourceBundle$CacheKeyReference done
Event: 2.643 Loading class java/util/ResourceBundle$KeyElementReference done
Event: 2.643 Loading class java/util/ResourceBundle$Control$2
Event: 2.643 Loading class java/util/ResourceBundle$Control$2 done
Event: 2.644 Loading class sun/util/PropertyResourceBundleCharset
Event: 2.644 Loading class sun/util/PropertyResourceBundleCharset done
Event: 2.644 Loading class sun/util/PropertyResourceBundleCharset$PropertiesFileDecoder
Event: 2.645 Loading class sun/util/PropertyResourceBundleCharset$PropertiesFileDecoder done
Event: 2.645 Loading class java/util/ResourceBundle$BundleReference
Event: 2.645 Loading class java/util/ResourceBundle$BundleReference done
Event: 2.646 Loading class sun/util/ResourceBundleEnumeration
Event: 2.646 Loading class sun/util/ResourceBundleEnumeration done
Event: 2.653 Loading class sun/nio/cs/ISO_8859_1$Encoder
Event: 2.653 Loading class sun/nio/cs/ISO_8859_1$Encoder done
Event: 2.675 Loading class java/util/ResourceBundle$Control$1
Event: 2.675 Loading class java/util/ResourceBundle$Control$1 done
Event: 2.699 Loading class java/lang/foreign/MemorySegment
Event: 2.699 Loading class java/lang/foreign/MemorySegment done

Classes unloaded (0 events):
No events

Classes redefined (0 events):
No events

Internal exceptions (13 events):
Event: 2.238 Thread 0x0000723a9c02b240 Exception <a 'java/lang/NoSuchMethodError'{0x000000004033c090}: 'java.lang.Object java.lang.invoke.DirectMethodHandle$Holder.newInvokeSpecial(java.lang.Object, int, java.lang.Object)'> (0x000000004033c090) 
thrown [src/hotspot/share/interpreter/linkResolver.cpp, line 772]
Event: 2.248 Thread 0x0000723a9c02b240 Exception <a 'java/lang/NoSuchMethodError'{0x00000000402f9e28}: 'void java.lang.invoke.DirectMethodHandle$Holder.invokeStatic(java.lang.Object, java.lang.Object)'> (0x00000000402f9e28) 
thrown [src/hotspot/share/interpreter/linkResolver.cpp, line 772]
Event: 2.248 Thread 0x0000723a9c02b240 Exception <a 'java/lang/NoSuchMethodError'{0x00000000402fd820}: 'void java.lang.invoke.DirectMethodHandle$Holder.invokeSpecial(java.lang.Object, java.lang.Object, java.lang.Object)'> (0x00000000402fd820) 
thrown [src/hotspot/share/interpreter/linkResolver.cpp, line 772]
Event: 2.291 Thread 0x0000723a9c02b240 Exception <a 'java/lang/NoSuchMethodError'{0x00000000401b5ca8}: 'void java.lang.invoke.DirectMethodHandle$Holder.invokeVirtual(java.lang.Object, java.lang.Object)'> (0x00000000401b5ca8) 
thrown [src/hotspot/share/interpreter/linkResolver.cpp, line 772]
Event: 2.298 Thread 0x0000723a9c02b240 Exception <a 'java/io/FileNotFoundException'{0x0000000040180bc0}> (0x0000000040180bc0) 
thrown [src/hotspot/share/prims/jni.cpp, line 520]
Event: 2.309 Thread 0x0000723a9c02b240 Exception <a 'java/lang/NoSuchMethodError'{0x00000000401218c8}: 'java.lang.Object java.lang.invoke.Invokers$Holder.invokeExact_MT(java.lang.Object, java.lang.Object, java.lang.Object, java.lang.Object, java.lang.Object)'> (0x00000000401218c8) 
thrown [src/hotspot/share/interpreter/linkResolver.cpp, line 772]
Event: 2.498 Thread 0x0000723a9c02b240 Exception <a 'java/lang/NoSuchMethodError'{0x0000000040eaa518}: 'void java.lang.invoke.DirectMethodHandle$Holder.invokeVirtual(java.lang.Object, java.lang.Object, int)'> (0x0000000040eaa518) 
thrown [src/hotspot/share/interpreter/linkResolver.cpp, line 772]
Event: 2.498 Thread 0x0000723a9c02b240 Exception <a 'java/lang/NoSuchMethodError'{0x0000000040eaec40}: 'int java.lang.invoke.DirectMethodHandle$Holder.invokeSpecial(java.lang.Object, java.lang.Object, java.lang.Object, int)'> (0x0000000040eaec40) 
thrown [src/hotspot/share/interpreter/linkResolver.cpp, line 772]
Event: 2.500 Thread 0x0000723a9c02b240 Exception <a 'java/lang/NoSuchMethodError'{0x0000000040e909e0}: 'java.lang.Object java.lang.invoke.DirectMethodHandle$Holder.invokeStatic(java.lang.Object, java.lang.Object, java.lang.Object, java.lang.Object, int)'> (0x0000000040e909e0) 
thrown [src/hotspot/share/interpreter/linkResolver.cpp, line 772]
Event: 2.501 Thread 0x0000723a9c02b240 Exception <a 'java/lang/NoSuchMethodError'{0x0000000040e8bbe0}: 'void java.lang.invoke.DelegatingMethodHandle$Holder.reinvoke_L(java.lang.Object, java.lang.Object, int)'> (0x0000000040e8bbe0) 
thrown [src/hotspot/share/interpreter/linkResolver.cpp, line 772]
Event: 2.502 Thread 0x0000723a9c02b240 Exception <a 'java/lang/NoSuchMethodError'{0x0000000040e82938}: 'int java.lang.invoke.DirectMethodHandle$Holder.invokeSpecial(java.lang.Object, java.lang.Object, java.lang.Object)'> (0x0000000040e82938) 
thrown [src/hotspot/share/interpreter/linkResolver.cpp, line 772]
Event: 2.573 Thread 0x0000723a9c02b240 Exception <a 'java/lang/NoSuchMethodError'{0x00000000413b4670}: 'void java.lang.invoke.DelegatingMethodHandle$Holder.reinvoke_L(java.lang.Object, java.lang.Object, int, int)'> (0x00000000413b4670) 
thrown [src/hotspot/share/interpreter/linkResolver.cpp, line 772]
Event: 2.641 Thread 0x0000723a9c7ed920 Exception <a 'java/lang/NoSuchMethodError'{0x00000000400bfc20}: 'java.lang.Object java.lang.invoke.DirectMethodHandle$Holder.invokeInterface(java.lang.Object, java.lang.Object)'> (0x00000000400bfc20) 
thrown [src/hotspot/share/interpreter/linkResolver.cpp, line 772]

ZGC Phase Switch (0 events):
No events

VM Operations (20 events):
Event: 2.761 Executing VM operation: ICBufferFull done
Event: 2.761 Executing VM operation: ICBufferFull
Event: 2.768 Executing VM operation: ICBufferFull done
Event: 2.769 Executing VM operation: ICBufferFull
Event: 2.770 Executing VM operation: ICBufferFull done
Event: 2.777 Executing VM operation: ICBufferFull
Event: 2.777 Executing VM operation: ICBufferFull done
Event: 2.945 Executing VM operation: ICBufferFull
Event: 2.945 Executing VM operation: ICBufferFull done
Event: 2.947 Executing VM operation: ICBufferFull
Event: 2.948 Executing VM operation: ICBufferFull done
Event: 2.948 Executing VM operation: ICBufferFull
Event: 2.951 Executing VM operation: ICBufferFull done
Event: 2.952 Executing VM operation: ICBufferFull
Event: 2.954 Executing VM operation: ICBufferFull done
Event: 2.958 Executing VM operation: ICBufferFull
Event: 2.958 Executing VM operation: ICBufferFull done
Event: 2.982 Executing VM operation: ThirdPartyHeapOperation
Event: 3.000 Executing VM operation: ThirdPartyHeapOperation done
Event: 3.004 Executing VM operation: ThirdPartyHeapOperation

Memory protections (20 events):
Event: 2.607 Protecting memory [0x0000658dac0e9000,0x0000658dac0ed000] with protection modes 0
Event: 2.607 Protecting memory [0x0000658d66f00000,0x0000658d66f04000] with protection modes 0
Event: 2.607 Protecting memory [0x0000658d66e00000,0x0000658d66e04000] with protection modes 0
Event: 2.607 Protecting memory [0x0000658d66d00000,0x0000658d66d04000] with protection modes 0
Event: 2.608 Protecting memory [0x0000658d66c00000,0x0000658d66c04000] with protection modes 0
Event: 2.608 Protecting memory [0x0000658d66b00000,0x0000658d66b04000] with protection modes 0
Event: 2.608 Protecting memory [0x0000658d66a00000,0x0000658d66a04000] with protection modes 0
Event: 2.608 Protecting memory [0x0000658d66900000,0x0000658d66904000] with protection modes 0
Event: 2.608 Protecting memory [0x0000658d66800000,0x0000658d66804000] with protection modes 0
Event: 2.608 Protecting memory [0x0000658d66700000,0x0000658d66704000] with protection modes 0
Event: 2.608 Protecting memory [0x0000658d66600000,0x0000658d66604000] with protection modes 0
Event: 2.608 Protecting memory [0x0000658d66500000,0x0000658d66504000] with protection modes 0
Event: 2.651 Protecting memory [0x0000658d66400000,0x0000658d66404000] with protection modes 0
Event: 2.656 Protecting memory [0x0000658d66300000,0x0000658d66304000] with protection modes 0
Event: 2.666 Protecting memory [0x0000658d66200000,0x0000658d66204000] with protection modes 0
Event: 2.671 Protecting memory [0x0000658d66100000,0x0000658d66104000] with protection modes 0
Event: 2.686 Protecting memory [0x0000658d66000000,0x0000658d66004000] with protection modes 0
Event: 2.701 Protecting memory [0x0000658d65f00000,0x0000658d65f04000] with protection modes 0
Event: 2.701 Protecting memory [0x0000658d65e00000,0x0000658d65e04000] with protection modes 0
Event: 2.705 Protecting memory [0x0000658d65d00000,0x0000658d65d04000] with protection modes 0

Nmethod flushes (0 events):
No events

Events (20 events):
Event: 2.607 Thread 0x0000723a9c02b240 Thread added: 0x0000723a9c7e20a0
Event: 2.607 Thread 0x0000723a9c02b240 Thread added: 0x0000723a9c7e3680
Event: 2.607 Thread 0x0000723a9c02b240 Thread added: 0x0000723a9c7e4c60
Event: 2.607 Thread 0x0000723a9c02b240 Thread added: 0x0000723a9c5c1a80
Event: 2.608 Thread 0x0000723a9c02b240 Thread added: 0x0000723a9c5c2d70
Event: 2.608 Thread 0x0000723a9c02b240 Thread added: 0x0000723a9c5c4210
Event: 2.608 Thread 0x0000723a9c02b240 Thread added: 0x0000723a9c5c5aa0
Event: 2.608 Thread 0x0000723a9c02b240 Thread added: 0x0000723a9c5c7330
Event: 2.608 Thread 0x0000723a9c02b240 Thread added: 0x0000723a9c5d6ef0
Event: 2.608 Thread 0x0000723a9c02b240 Thread added: 0x0000723a9c5d80e0
Event: 2.608 Thread 0x0000723a9c02b240 Thread added: 0x0000723a9c5d9a90
Event: 2.608 Thread 0x0000723a9c02b240 Thread added: 0x0000723a9c5db320
Event: 2.651 Thread 0x0000658cd8047e90 Thread added: 0x0000658cbc073a70
Event: 2.656 Thread 0x0000658cd8047e90 Thread added: 0x0000658cbc075b60
Event: 2.666 Thread 0x0000658ce00472b0 Thread added: 0x0000658cd80fee00
Event: 2.671 Thread 0x0000658ce0045cb0 Thread added: 0x0000658cd4101600
Event: 2.686 Thread 0x0000658cd8047e90 Thread added: 0x0000658cbc0db8d0
Event: 2.700 Thread 0x0000658ce0045cb0 Thread added: 0x0000658cd410f0f0
Event: 2.701 Thread 0x0000658ce0045cb0 Thread added: 0x0000658cd4130d40
Event: 2.702 Thread 0x0000658cd410f0f0 Thread added: 0x0000658c2404a610


Dynamic libraries:
40000000-40400000 rw-p 00000000 00:00 0                                  [anon:mmtk:space:immix]
40400000-40800000 rw-p 00000000 00:00 0                                  [anon:mmtk:space:los]
40800000-41400000 rw-p 00000000 00:00 0                                  [anon:mmtk:space:immix]
41400000-41c00000 rw-p 00000000 00:00 0                                  [anon:mmtk:space:los]
41c00000-42400000 rw-p 00000000 00:00 0                                  [anon:mmtk:space:immix]
42400000-42800000 rw-p 00000000 00:00 0                                  [anon:mmtk:space:los]
42800000-43000000 rw-p 00000000 00:00 0                                  [anon:mmtk:space:immix]
43000000-43400000 rw-p 00000000 00:00 0                                  [anon:mmtk:space:los]
43400000-43c00000 rw-p 00000000 00:00 0                                  [anon:mmtk:space:immix]
43c00000-44000000 rw-p 00000000 00:00 0                                  [anon:mmtk:space:los]
44000000-44400000 rw-p 00000000 00:00 0                                  [anon:mmtk:space:immix]
44400000-44800000 rw-p 00000000 00:00 0                                  [anon:mmtk:space:los]
44800000-45000000 rw-p 00000000 00:00 0                                  [anon:mmtk:space:immix]
45000000-45400000 rw-p 00000000 00:00 0                                  [anon:mmtk:space:los]
45400000-45800000 rw-p 00000000 00:00 0                                  [anon:mmtk:space:immix]
45800000-45c00000 rw-p 00000000 00:00 0                                  [anon:mmtk:space:los]
45c00000-46400000 rw-p 00000000 00:00 0                                  [anon:mmtk:space:immix]
46400000-46800000 rw-p 00000000 00:00 0                                  [anon:mmtk:space:los]
46800000-46c00000 rw-p 00000000 00:00 0                                  [anon:mmtk:space:immix]
46c00000-47000000 rw-p 00000000 00:00 0                                  [anon:mmtk:space:los]
47000000-47800000 rw-p 00000000 00:00 0                                  [anon:mmtk:space:immix]
47800000-47c00000 rw-p 00000000 00:00 0                                  [anon:mmtk:space:los]
47c00000-48400000 rw-p 00000000 00:00 0                                  [anon:mmtk:space:immix]
48400000-48800000 rw-p 00000000 00:00 0                                  [anon:mmtk:space:los]
48800000-48c00000 rw-p 00000000 00:00 0                                  [anon:mmtk:space:immix]
48c00000-49000000 rw-p 00000000 00:00 0                                  [anon:mmtk:space:los]
49000000-49400000 rw-p 00000000 00:00 0                                  [anon:mmtk:space:immix]
49400000-49800000 rw-p 00000000 00:00 0                                  [anon:mmtk:space:los]
49800000-4a000000 rw-p 00000000 00:00 0                                  [anon:mmtk:space:immix]
4a000000-4a400000 rw-p 00000000 00:00 0                                  [anon:mmtk:space:los]
4a400000-4a800000 rw-p 00000000 00:00 0                                  [anon:mmtk:space:immix]
4a800000-4ac00000 rw-p 00000000 00:00 0                                  [anon:mmtk:space:los]
4ac00000-4b400000 rw-p 00000000 00:00 0                                  [anon:mmtk:space:immix]
4b400000-4b800000 rw-p 00000000 00:00 0                                  [anon:mmtk:space:los]
4b800000-4c000000 rw-p 00000000 00:00 0                                  [anon:mmtk:space:immix]
4c000000-4c400000 rw-p 00000000 00:00 0                                  [anon:mmtk:space:los]
4c400000-4cc00000 rw-p 00000000 00:00 0                                  [anon:mmtk:space:immix]
4cc00000-4d000000 rw-p 00000000 00:00 0                                  [anon:mmtk:space:los]
4d000000-4d400000 rw-p 00000000 00:00 0                                  [anon:mmtk:space:immix]
4d400000-4d800000 rw-p 00000000 00:00 0                                  [anon:mmtk:space:los]
4d800000-4e000000 rw-p 00000000 00:00 0                                  [anon:mmtk:space:immix]
4e000000-4e400000 rw-p 00000000 00:00 0                                  [anon:mmtk:space:los]
4e400000-4e800000 rw-p 00000000 00:00 0                                  [anon:mmtk:space:immix]
4e800000-4ec00000 rw-p 00000000 00:00 0                                  [anon:mmtk:space:los]
4ec00000-4f400000 rw-p 00000000 00:00 0                                  [anon:mmtk:space:immix]
4f400000-4f800000 rw-p 00000000 00:00 0                                  [anon:mmtk:space:los]
4f800000-4fc00000 rw-p 00000000 00:00 0                                  [anon:mmtk:space:immix]
4fc00000-50000000 rw-p 00000000 00:00 0                                  [anon:mmtk:space:los]
50000000-50400000 rw-p 00000000 00:00 0                                  [anon:mmtk:space:immix]
200000000000-2000c00c0000 rw-s 00000000 00:10 68                         anon_inode:bpf-map
6009be505000-6009be506000 r--p 00000000 fc:00 49676337                   /mydata/openjdk-mmtk/build/b0test/images/jdk/bin/java
6009be506000-6009be507000 r-xp 00001000 fc:00 49676337                   /mydata/openjdk-mmtk/build/b0test/images/jdk/bin/java
6009be507000-6009be508000 r--p 00002000 fc:00 49676337                   /mydata/openjdk-mmtk/build/b0test/images/jdk/bin/java
6009be508000-6009be509000 r--p 00002000 fc:00 49676337                   /mydata/openjdk-mmtk/build/b0test/images/jdk/bin/java
6009be509000-6009be50a000 rw-p 00003000 fc:00 49676337                   /mydata/openjdk-mmtk/build/b0test/images/jdk/bin/java
6009e1618000-6009e1660000 rw-p 00000000 00:00 0                          [heap]
658c1c000000-658c1c7fd000 rw-p 00000000 00:00 0 
658c1c7fd000-658c20000000 ---p 00000000 00:00 0 
658c24000000-658c2499c000 rw-p 00000000 00:00 0 
658c2499c000-658c28000000 ---p 00000000 00:00 0 
658c28000000-658c28668000 rw-p 00000000 00:00 0 
658c28668000-658c2c000000 ---p 00000000 00:00 0 
658c2c000000-658c2c902000 rw-p 00000000 00:00 0 
658c2c902000-658c30000000 ---p 00000000 00:00 0 
658c30000000-658c30715000 rw-p 00000000 00:00 0 
658c30715000-658c34000000 ---p 00000000 00:00 0 
658c34000000-658c34a37000 rw-p 00000000 00:00 0 
658c34a37000-658c38000000 ---p 00000000 00:00 0 
658c38000000-658c38820000 rw-p 00000000 00:00 0 
658c38820000-658c3c000000 ---p 00000000 00:00 0 
658c3c000000-658c3c021000 rw-p 00000000 00:00 0 
658c3c021000-658c40000000 ---p 00000000 00:00 0 
658c40000000-658c40922000 rw-p 00000000 00:00 0 
658c40922000-658c44000000 ---p 00000000 00:00 0 
658c44000000-658c44027000 rw-p 00000000 00:00 0 
658c44027000-658c48000000 ---p 00000000 00:00 0 
658c48000000-658c48021000 rw-p 00000000 00:00 0 
658c48021000-658c4c000000 ---p 00000000 00:00 0 
658c4c000000-658c4c024000 rw-p 00000000 00:00 0 
658c4c024000-658c50000000 ---p 00000000 00:00 0 
658c50000000-658c50023000 rw-p 00000000 00:00 0 
658c50023000-658c54000000 ---p 00000000 00:00 0 
658c54000000-658c5404b000 rw-p 00000000 00:00 0 
658c5404b000-658c58000000 ---p 00000000 00:00 0 
658c58000000-658c58033000 rw-p 00000000 00:00 0 
658c58033000-658c5c000000 ---p 00000000 00:00 0 
658c5c000000-658c5c021000 rw-p 00000000 00:00 0 
658c5c021000-658c60000000 ---p 00000000 00:00 0 
658c60000000-658c60021000 rw-p 00000000 00:00 0 
658c60021000-658c64000000 ---p 00000000 00:00 0 
658c64000000-658c6402e000 rw-p 00000000 00:00 0 
658c6402e000-658c68000000 ---p 00000000 00:00 0 
658c68000000-658c6802b000 rw-p 00000000 00:00 0 
658c6802b000-658c6c000000 ---p 00000000 00:00 0 
658c6c000000-658c6c021000 rw-p 00000000 00:00 0 
658c6c021000-658c70000000 ---p 00000000 00:00 0 
658c70000000-658c70029000 rw-p 00000000 00:00 0 
658c70029000-658c74000000 ---p 00000000 00:00 0 
658c74000000-658c7405a000 rw-p 00000000 00:00 0 
658c7405a000-658c78000000 ---p 00000000 00:00 0 
658c78000000-658c78029000 rw-p 00000000 00:00 0 
658c78029000-658c7c000000 ---p 00000000 00:00 0 
658c7c000000-658c7c021000 rw-p 00000000 00:00 0 
658c7c021000-658c80000000 ---p 00000000 00:00 0 
658c80000000-658c80021000 rw-p 00000000 00:00 0 
658c80021000-658c84000000 ---p 00000000 00:00 0 
658c84000000-658c84021000 rw-p 00000000 00:00 0 
658c84021000-658c88000000 ---p 00000000 00:00 0 
658c88000000-658c88022000 rw-p 00000000 00:00 0 
658c88022000-658c8c000000 ---p 00000000 00:00 0 
658c8c000000-658c8c021000 rw-p 00000000 00:00 0 
658c8c021000-658c90000000 ---p 00000000 00:00 0 
658c90000000-658c90057000 rw-p 00000000 00:00 0 
658c90057000-658c94000000 ---p 00000000 00:00 0 
658c94000000-658c94021000 rw-p 00000000 00:00 0 
658c94021000-658c98000000 ---p 00000000 00:00 0 
658c98000000-658c98026000 rw-p 00000000 00:00 0 
658c98026000-658c9c000000 ---p 00000000 00:00 0 
658c9c000000-658c9c02d000 rw-p 00000000 00:00 0 
658c9c02d000-658ca0000000 ---p 00000000 00:00 0 
658ca0000000-658ca004b000 rw-p 00000000 00:00 0 
658ca004b000-658ca4000000 ---p 00000000 00:00 0 
658ca4000000-658ca4033000 rw-p 00000000 00:00 0 
658ca4033000-658ca8000000 ---p 00000000 00:00 0 
658ca8000000-658ca8021000 rw-p 00000000 00:00 0 
658ca8021000-658cac000000 ---p 00000000 00:00 0 
658cac000000-658cac02a000 rw-p 00000000 00:00 0 
658cac02a000-658cb0000000 ---p 00000000 00:00 0 
658cb0000000-658cb0021000 rw-p 00000000 00:00 0 
658cb0021000-658cb4000000 ---p 00000000 00:00 0 
658cb4000000-658cb4021000 rw-p 00000000 00:00 0 
658cb4021000-658cb8000000 ---p 00000000 00:00 0 
658cb8000000-658cb8048000 rw-p 00000000 00:00 0 
658cb8048000-658cbc000000 ---p 00000000 00:00 0 
658cbc000000-658cbc225000 rw-p 00000000 00:00 0 
658cbc225000-658cc0000000 ---p 00000000 00:00 0 
658cc0000000-658cc011f000 rw-p 00000000 00:00 0 
658cc011f000-658cc4000000 ---p 00000000 00:00 0 
658cc4000000-658cc49db000 rw-p 00000000 00:00 0 
658cc49db000-658cc8000000 ---p 00000000 00:00 0 
658cc8000000-658cc81da000 rw-p 00000000 00:00 0 
658cc81da000-658ccc000000 ---p 00000000 00:00 0 
658ccc000000-658ccc021000 rw-p 00000000 00:00 0 
658ccc021000-658cd0000000 ---p 00000000 00:00 0 
658cd0000000-658cd0021000 rw-p 00000000 00:00 0 
658cd0021000-658cd4000000 ---p 00000000 00:00 0 
658cd4000000-658cd4223000 rw-p 00000000 00:00 0 
658cd4223000-658cd8000000 ---p 00000000 00:00 0 
658cd8000000-658cd82fa000 rw-p 00000000 00:00 0 
658cd82fa000-658cdc000000 ---p 00000000 00:00 0 
658cdc000000-658cdc9b8000 rw-p 00000000 00:00 0 
658cdc9b8000-658ce0000000 ---p 00000000 00:00 0 
658ce0000000-658ce02e9000 rw-p 00000000 00:00 0 
658ce02e9000-658ce4000000 ---p 00000000 00:00 0 
658ce4000000-658ce4021000 rw-p 00000000 00:00 0 
658ce4021000-658ce8000000 ---p 00000000 00:00 0 
658ce8000000-658ce8021000 rw-p 00000000 00:00 0 
658ce8021000-658cec000000 ---p 00000000 00:00 0 
658cec000000-658cec03a000 rw-p 00000000 00:00 0 
658cec03a000-658cf0000000 ---p 00000000 00:00 0 
658cf0000000-658cf0021000 rw-p 00000000 00:00 0 
658cf0021000-658cf4000000 ---p 00000000 00:00 0 
658cf4000000-658cf402a000 rw-p 00000000 00:00 0 
658cf402a000-658cf8000000 ---p 00000000 00:00 0 
658cf8000000-658cf802a000 rw-p 00000000 00:00 0 
658cf802a000-658cfc000000 ---p 00000000 00:00 0 
658cfc000000-658cfc021000 rw-p 00000000 00:00 0 
658cfc021000-658d00000000 ---p 00000000 00:00 0 
658d00000000-658d0002a000 rw-p 00000000 00:00 0 
658d0002a000-658d04000000 ---p 00000000 00:00 0 
658d04000000-658d04023000 rw-p 00000000 00:00 0 
658d04023000-658d08000000 ---p 00000000 00:00 0 
658d08000000-658d08021000 rw-p 00000000 00:00 0 
658d08021000-658d0c000000 ---p 00000000 00:00 0 
658d0c000000-658d0c02b000 rw-p 00000000 00:00 0 
658d0c02b000-658d10000000 ---p 00000000 00:00 0 
658d10000000-658d10021000 rw-p 00000000 00:00 0 
658d10021000-658d14000000 ---p 00000000 00:00 0 
658d14000000-658d14043000 rw-p 00000000 00:00 0 
658d14043000-658d18000000 ---p 00000000 00:00 0 
658d18000000-658d1816d000 rw-p 00000000 00:00 0 
658d1816d000-658d1c000000 ---p 00000000 00:00 0 
658d1c000000-658d1c021000 rw-p 00000000 00:00 0 
658d1c021000-658d20000000 ---p 00000000 00:00 0 
658d20000000-658d20021000 rw-p 00000000 00:00 0 
658d20021000-658d24000000 ---p 00000000 00:00 0 
658d24000000-658d2402a000 rw-p 00000000 00:00 0 
658d2402a000-658d28000000 ---p 00000000 00:00 0 
658d28000000-658d28021000 rw-p 00000000 00:00 0 
658d28021000-658d2c000000 ---p 00000000 00:00 0 
658d2c000000-658d2c04b000 rw-p 00000000 00:00 0 
658d2c04b000-658d30000000 ---p 00000000 00:00 0 
658d30000000-658d3002d000 rw-p 00000000 00:00 0 
658d3002d000-658d34000000 ---p 00000000 00:00 0 
658d34000000-658d34053000 rw-p 00000000 00:00 0 
658d34053000-658d38000000 ---p 00000000 00:00 0 
658d38000000-658d38043000 rw-p 00000000 00:00 0 
658d38043000-658d3c000000 ---p 00000000 00:00 0 
658d3c000000-658d3c021000 rw-p 00000000 00:00 0 
658d3c021000-658d40000000 ---p 00000000 00:00 0 
658d40000000-658d4002e000 rw-p 00000000 00:00 0 
658d4002e000-658d44000000 ---p 00000000 00:00 0 
658d44000000-658d44023000 rw-p 00000000 00:00 0 
658d44023000-658d48000000 ---p 00000000 00:00 0 
658d48000000-658d48021000 rw-p 00000000 00:00 0 
658d48021000-658d4c000000 ---p 00000000 00:00 0 
658d4c000000-658d4c021000 rw-p 00000000 00:00 0 
658d4c021000-658d50000000 ---p 00000000 00:00 0 
658d50000000-658d50021000 rw-p 00000000 00:00 0 
658d50021000-658d54000000 ---p 00000000 00:00 0 
658d54000000-658d54021000 rw-p 00000000 00:00 0 
658d54021000-658d58000000 ---p 00000000 00:00 0 
658d58000000-658d58021000 rw-p 00000000 00:00 0 
658d58021000-658d5c000000 ---p 00000000 00:00 0 
658d5c000000-658d5c270000 rw-p 00000000 00:00 0 
658d5c270000-658d5c400000 ---p 00000000 00:00 0 
658d5c400000-658d5c8a0000 rw-p 00000000 00:00 0 
658d5c8a0000-658d60000000 ---p 00000000 00:00 0 
658d60000000-658d60021000 rw-p 00000000 00:00 0 
658d60021000-658d64000000 ---p 00000000 00:00 0 
658d6593f000-658d65d00000 rw-p 00000000 00:00 0 
658d65d00000-658d65d04000 ---p 00000000 00:00 0 
658d65d04000-658d65e00000 rw-p 00000000 00:00 0 
658d65e00000-658d65e04000 ---p 00000000 00:00 0 
658d65e04000-658d65f00000 rw-p 00000000 00:00 0 
658d65f00000-658d65f04000 ---p 00000000 00:00 0 
658d65f04000-658d66000000 rw-p 00000000 00:00 0 
658d66000000-658d66004000 ---p 00000000 00:00 0 
658d66004000-658d66100000 rw-p 00000000 00:00 0 
658d66100000-658d66104000 ---p 00000000 00:00 0 
658d66104000-658d66200000 rw-p 00000000 00:00 0 
658d66200000-658d66204000 ---p 00000000 00:00 0 
658d66204000-658d66300000 rw-p 00000000 00:00 0 
658d66300000-658d66304000 ---p 00000000 00:00 0 
658d66304000-658d66400000 rw-p 00000000 00:00 0 
658d66400000-658d66404000 ---p 00000000 00:00 0 
658d66404000-658d66500000 rw-p 00000000 00:00 0 
658d66500000-658d66504000 ---p 00000000 00:00 0 
658d66504000-658d66600000 rw-p 00000000 00:00 0 
658d66600000-658d66604000 ---p 00000000 00:00 0 
658d66604000-658d66700000 rw-p 00000000 00:00 0 
658d66700000-658d66704000 ---p 00000000 00:00 0 
658d66704000-658d66800000 rw-p 00000000 00:00 0 
658d66800000-658d66804000 ---p 00000000 00:00 0 
658d66804000-658d66900000 rw-p 00000000 00:00 0 
658d66900000-658d66904000 ---p 00000000 00:00 0 
658d66904000-658d66a00000 rw-p 00000000 00:00 0 
658d66a00000-658d66a04000 ---p 00000000 00:00 0 
658d66a04000-658d66b00000 rw-p 00000000 00:00 0 
658d66b00000-658d66b04000 ---p 00000000 00:00 0 
658d66b04000-658d66c00000 rw-p 00000000 00:00 0 
658d66c00000-658d66c04000 ---p 00000000 00:00 0 
658d66c04000-658d66d00000 rw-p 00000000 00:00 0 
658d66d00000-658d66d04000 ---p 00000000 00:00 0 
658d66d04000-658d66e00000 rw-p 00000000 00:00 0 
658d66e00000-658d66e04000 ---p 00000000 00:00 0 
658d66e04000-658d66f00000 rw-p 00000000 00:00 0 
658d66f00000-658d66f04000 ---p 00000000 00:00 0 
658d66f04000-658d67000000 rw-p 00000000 00:00 0 
658d67000000-658d67ca3000 rw-p 00001000 fc:00 49677042                   /mydata/openjdk-mmtk/build/b0test/images/jdk/lib/server/classes.jsa
658d67ca3000-658d68000000 ---p 00000000 00:00 0 
658d68000000-658d68040000 rw-p 00000000 00:00 0 
658d68040000-658d68110000 rw-p 00000000 00:00 0 
658d68110000-658da8000000 ---p 00000000 00:00 0 
658da8000000-658da8021000 rw-p 00000000 00:00 0 
658da8021000-658dac000000 ---p 00000000 00:00 0 
658dac0e9000-658dac0ed000 ---p 00000000 00:00 0 
658dac0ed000-658dac1e9000 rw-p 00000000 00:00 0 
658dac1e9000-658dac1ed000 ---p 00000000 00:00 0 
658dac1ed000-658dac2e9000 rw-p 00000000 00:00 0 
658dac2e9000-658dac2ed000 ---p 00000000 00:00 0 
658dac2ed000-658dac3e9000 rw-p 00000000 00:00 0 
658dac3e9000-658dac3ed000 ---p 00000000 00:00 0 
658dac3ed000-658dac4e9000 rw-p 00000000 00:00 0 
658dac4e9000-658dac4ed000 ---p 00000000 00:00 0 
658dac4ed000-658dac5e9000 rw-p 00000000 00:00 0 
658dac5e9000-658dac5ed000 ---p 00000000 00:00 0 
658dac5ed000-658dac6e9000 rw-p 00000000 00:00 0 
658dac6e9000-658dac6ed000 ---p 00000000 00:00 0 
658dac6ed000-658dac7e9000 rw-p 00000000 00:00 0 
658dac7e9000-658dac7ed000 ---p 00000000 00:00 0 
658dac7ed000-658dac8e9000 rw-p 00000000 00:00 0 
658dac8e9000-658dac8ed000 ---p 00000000 00:00 0 
658dac8ed000-658dac9e9000 rw-p 00000000 00:00 0 
658dac9e9000-658dac9ed000 ---p 00000000 00:00 0 
658dac9ed000-658dacae9000 rw-p 00000000 00:00 0 
658dacae9000-658dacaed000 ---p 00000000 00:00 0 
658dacaed000-658dacbe9000 rw-p 00000000 00:00 0 
658dacbe9000-658dacbed000 ---p 00000000 00:00 0 
658dacbed000-658dacce9000 rw-p 00000000 00:00 0 
658dacce9000-658dacced000 ---p 00000000 00:00 0 
658dacced000-658dacde9000 rw-p 00000000 00:00 0 
658dacde9000-658dacded000 ---p 00000000 00:00 0 
658dacded000-658dacee9000 rw-p 00000000 00:00 0 
658dacee9000-658daceed000 ---p 00000000 00:00 0 
658daceed000-658dacfe9000 rw-p 00000000 00:00 0 
658dacfe9000-658dacfed000 ---p 00000000 00:00 0 
658dacfed000-658dad0e9000 rw-p 00000000 00:00 0 
658dad0e9000-658dad0ed000 ---p 00000000 00:00 0 
658dad0ed000-658dad1e9000 rw-p 00000000 00:00 0 
658dad1e9000-658dad1ed000 ---p 00000000 00:00 0 
658dad1ed000-658dad2e9000 rw-p 00000000 00:00 0 
658dad2e9000-658dad2ed000 ---p 00000000 00:00 0 
658dad2ed000-658dad3e9000 rw-p 00000000 00:00 0 
658dad3e9000-658dad3ed000 ---p 00000000 00:00 0 
658dad3ed000-658dad4e9000 rw-p 00000000 00:00 0 
658dad4e9000-658dad4ed000 ---p 00000000 00:00 0 
658dad4ed000-658dad5e9000 rw-p 00000000 00:00 0 
658dad5e9000-658dad5ed000 ---p 00000000 00:00 0 
658dad5ed000-658dad6e9000 rw-p 00000000 00:00 0 
658dad6e9000-658dad6ed000 ---p 00000000 00:00 0 
658dad6ed000-658dad7e9000 rw-p 00000000 00:00 0 
658dad7e9000-658dad7ed000 ---p 00000000 00:00 0 
658dad7ed000-658dad8e9000 rw-p 00000000 00:00 0 
658dad8e9000-658dad8ed000 ---p 00000000 00:00 0 
658dad8ed000-658dad9e9000 rw-p 00000000 00:00 0 
658dad9e9000-658dad9ed000 ---p 00000000 00:00 0 
658dad9ed000-658dadae9000 rw-p 00000000 00:00 0 
658dadae9000-658dadaed000 ---p 00000000 00:00 0 
658dadaed000-658dadbe9000 rw-p 00000000 00:00 0 
658dadbe9000-658dadbed000 ---p 00000000 00:00 0 
658dadbed000-658dadce9000 rw-p 00000000 00:00 0 
658dadce9000-658dadced000 ---p 00000000 00:00 0 
658dadced000-658dadde9000 rw-p 00000000 00:00 0 
658dadde9000-658dadded000 ---p 00000000 00:00 0 
658dadded000-658dadee9000 rw-p 00000000 00:00 0 
658dadee9000-658dadeed000 ---p 00000000 00:00 0 
658dadeed000-658dadfe9000 rw-p 00000000 00:00 0 
658dadfe9000-658dadfed000 ---p 00000000 00:00 0 
658dadfed000-658dae0e9000 rw-p 00000000 00:00 0 
658dae0e9000-658dae0ed000 ---p 00000000 00:00 0 
658dae0ed000-658dae1e9000 rw-p 00000000 00:00 0 
658dae1e9000-658dae1ea000 ---p 00000000 00:00 0 
658dae1ea000-658dae2ea000 rw-p 00000000 00:00 0 
658dae2ea000-658dae2eb000 ---p 00000000 00:00 0 
658dae2eb000-658dae3eb000 rw-p 00000000 00:00 0 
658dae3eb000-658dae3ec000 ---p 00000000 00:00 0 
658dae3ec000-658dae4ec000 rw-p 00000000 00:00 0 
658dae4ec000-658dae4ed000 ---p 00000000 00:00 0 
658dae4ed000-658dae5ed000 rw-p 00000000 00:00 0 
658dae5ed000-658dae5ee000 ---p 00000000 00:00 0 
658dae5ee000-658dae6ee000 rw-p 00000000 00:00 0 
658dae6ee000-658dae6ef000 ---p 00000000 00:00 0 
658dae6ef000-658dae7ef000 rw-p 00000000 00:00 0 
658dae7ef000-658dae7f0000 ---p 00000000 00:00 0 
658dae7f0000-658dae8f0000 rw-p 00000000 00:00 0 
658dae8f0000-658dae8f1000 ---p 00000000 00:00 0 
658dae8f1000-658dae9f1000 rw-p 00000000 00:00 0 
658dae9f1000-658dae9f2000 ---p 00000000 00:00 0 
658dae9f2000-658daeaf2000 rw-p 00000000 00:00 0 
658daeaf2000-658daeaf3000 ---p 00000000 00:00 0 
658daeaf3000-658daebf3000 rw-p 00000000 00:00 0 
658daebf3000-658daebf4000 ---p 00000000 00:00 0 
658daebf4000-658daecf4000 rw-p 00000000 00:00 0 
658daecf4000-658daecf5000 ---p 00000000 00:00 0 
658daecf5000-658daedf5000 rw-p 00000000 00:00 0 
658daedf5000-658daedf6000 ---p 00000000 00:00 0 
658daedf6000-658daeef6000 rw-p 00000000 00:00 0 
658daeef6000-658daeef7000 ---p 00000000 00:00 0 
658daeef7000-658daeff7000 rw-p 00000000 00:00 0 
658daeff7000-658daeff8000 ---p 00000000 00:00 0 
658daeff8000-658daf0f8000 rw-p 00000000 00:00 0 
658daf0f8000-658daf0f9000 ---p 00000000 00:00 0 
658daf0f9000-658daf1f9000 rw-p 00000000 00:00 0 
658daf1f9000-658daf1fa000 ---p 00000000 00:00 0 
658daf1fa000-658daf2fa000 rw-p 00000000 00:00 0 
658daf2fa000-658daf2fb000 ---p 00000000 00:00 0 
658daf2fb000-658daf3fb000 rw-p 00000000 00:00 0 
658daf3fb000-658daf3fc000 ---p 00000000 00:00 0 
658daf3fc000-658daf4fc000 rw-p 00000000 00:00 0 
658daf4fc000-658daf4fd000 ---p 00000000 00:00 0 
658daf4fd000-658daf5fd000 rw-p 00000000 00:00 0 
658daf5fd000-658daf5fe000 ---p 00000000 00:00 0 
658daf5fe000-658daf6fe000 rw-p 00000000 00:00 0 
658daf6fe000-658daf6ff000 ---p 00000000 00:00 0 
658daf6ff000-658daf7ff000 rw-p 00000000 00:00 0 
658daf7ff000-658daf800000 ---p 00000000 00:00 0 
658daf800000-658daf900000 rw-p 00000000 00:00 0 
658daf900000-658daf904000 ---p 00000000 00:00 0 
658daf904000-658dafa00000 rw-p 00000000 00:00 0 
658dafa00000-658dafceb000 r--p 00000000 08:03 1410552                    /usr/lib/locale/locale-archive
658dafcfb000-658dafcff000 ---p 00000000 00:00 0 
658dafcff000-658dafdfb000 rw-p 00000000 00:00 0 
658dafdfb000-658de0400000 rw-p 00000000 00:00 0 
658de0400000-658de1400000 ---p 00000000 00:00 0                          [anon:mmtk:sidemeta:all:all-quarantined]
658de1400000-658de1c00000 rw-p 00000000 00:00 0                          [anon:mmtk:sidemeta:immix:VO_BIT]
658de1c00000-678de2400000 ---p 00000000 00:00 0                          [anon:mmtk:sidemeta:all:all-quarantined]
678de2400000-678de2800000 rw-p 00000000 00:00 0                          [anon:mmtk:sidemeta:immix:CHUNK_MARK]
678de2800000-678de5400000 ---p 00000000 00:00 0                          [anon:mmtk:sidemeta:all:all-quarantined]
678de5400000-678de5c00000 rw-p 00000000 00:00 0                          [anon:mmtk:sidemeta:immix:VMGlobalLogBitSpec]
678de5c00000-6995e4800000 ---p 00000000 00:00 0                          [anon:mmtk:sidemeta:all:all-quarantined]
6995e4800000-6995e4c00000 rw-p 00000000 00:00 0                          [anon:mmtk:sidemeta:immix:IX_LINE_MARK]
6995e4c00000-6a15e4400000 ---p 00000000 00:00 0                          [anon:mmtk:sidemeta:all:all-quarantined]
6a15e4400000-6a15e4800000 rw-p 00000000 00:00 0                          [anon:mmtk:sidemeta:immix:IX_BLOCK_DEFRAG]
6a15e4800000-6a16e4400000 ---p 00000000 00:00 0                          [anon:mmtk:sidemeta:all:all-quarantined]
6a16e4400000-6a16e4800000 rw-p 00000000 00:00 0                          [anon:mmtk:sidemeta:immix:IX_BLOCK_MARK]
6a16e4800000-703864400000 ---p 00000000 00:00 0                          [anon:mmtk:sidemeta:all:all-quarantined]
703864400000-703864800000 rw-p 00000000 00:00 0                          [anon:mmtk:sidemeta:los:VMLocalLOSMarkNurserySpec]
703864800000-703a65400000 ---p 00000000 00:00 0                          [anon:mmtk:sidemeta:all:all-quarantined]
703a65400000-703a65c00000 rw-p 00000000 00:00 0                          [anon:mmtk:sidemeta:immix:VMLocalMarkBitSpec]
703a65c00000-723a64400000 ---p 00000000 00:00 0                          [anon:mmtk:sidemeta:all:all-quarantined]
723a644fd000-723a64501000 ---p 00000000 00:00 0 
723a64501000-723a645fd000 rw-p 00000000 00:00 0 
723a645fd000-723a645fe000 ---p 00000000 00:00 0 
723a645fe000-723a646fe000 rw-p 00000000 00:00 0 
723a646fe000-723a646ff000 ---p 00000000 00:00 0 
723a646ff000-723a647ff000 rw-p 00000000 00:00 0 
723a647ff000-723a84800000 rw-p 00000000 00:00 0 
723a84800000-723a84e40000 rwxp 00000000 00:00 0 
723a84e40000-723a8bc17000 ---p 00000000 00:00 0 
723a8bc17000-723a8bfb7000 rwxp 00000000 00:00 0 
723a8bfb7000-723a8c3e8000 ---p 00000000 00:00 0 
723a8c3e8000-723a8c658000 rwxp 00000000 00:00 0 
723a8c658000-723a93800000 ---p 00000000 00:00 0 
723a93800000-723a9bfa0000 r--s 00000000 fc:00 49676297                   /mydata/openjdk-mmtk/build/b0test/images/jdk/lib/modules
723a9c000000-723a9c7fe000 rw-p 00000000 00:00 0 
723a9c7fe000-723aa0000000 ---p 00000000 00:00 0 
723aa002e000-723aa0033000 r--p 00000000 fc:00 49676417                   /mydata/openjdk-mmtk/build/b0test/images/jdk/lib/libjsvml.so
723aa0033000-723aa0074000 r-xp 00005000 fc:00 49676417                   /mydata/openjdk-mmtk/build/b0test/images/jdk/lib/libjsvml.so
723aa0074000-723aa00fd000 r--p 00046000 fc:00 49676417                   /mydata/openjdk-mmtk/build/b0test/images/jdk/lib/libjsvml.so
723aa00fd000-723aa00fe000 r--p 000ce000 fc:00 49676417                   /mydata/openjdk-mmtk/build/b0test/images/jdk/lib/libjsvml.so
723aa00fe000-723aa00ff000 rw-p 000cf000 fc:00 49676417                   /mydata/openjdk-mmtk/build/b0test/images/jdk/lib/libjsvml.so
723aa00ff000-723aa0100000 ---p 00000000 00:00 0 
723aa0100000-723aa0200000 rw-p 00000000 00:00 0 
723aa0200000-723aa3200000 rw-p 00000000 00:00 0 
723aa3200000-723aa320c000 r--p 00000000 fc:00 13107225                   /mydata/gc-bpf-fault/shim/libgcbpf.so
723aa320c000-723aa326e000 r-xp 0000c000 fc:00 13107225                   /mydata/gc-bpf-fault/shim/libgcbpf.so
723aa326e000-723aa341b000 r--p 0006e000 fc:00 13107225                   /mydata/gc-bpf-fault/shim/libgcbpf.so
723aa341b000-723aa341d000 r--p 0021b000 fc:00 13107225                   /mydata/gc-bpf-fault/shim/libgcbpf.so
723aa341d000-723aa341e000 rw-p 0021d000 fc:00 13107225                   /mydata/gc-bpf-fault/shim/libgcbpf.so
723aa341e000-723aa341f000 rw-p 00000000 00:00 0 
723aa345d000-723aa3461000 r--p 00000000 08:03 1410107                    /usr/lib/x86_64-linux-gnu/libzstd.so.1.5.5
723aa3461000-723aa3508000 r-xp 00004000 08:03 1410107                    /usr/lib/x86_64-linux-gnu/libzstd.so.1.5.5
723aa3508000-723aa3515000 r--p 000ab000 08:03 1410107                    /usr/lib/x86_64-linux-gnu/libzstd.so.1.5.5
723aa3515000-723aa3516000 r--p 000b7000 08:03 1410107                    /usr/lib/x86_64-linux-gnu/libzstd.so.1.5.5
723aa3516000-723aa3517000 rw-p 000b8000 08:03 1410107                    /usr/lib/x86_64-linux-gnu/libzstd.so.1.5.5
723aa3517000-723aa351c000 rw-p 00000000 00:00 0 
723aa351c000-723aa3600000 ---p 00000000 00:00 0 
723aa3600000-723aa3747000 r--p 00000000 fc:00 49676374                   /mydata/openjdk-mmtk/build/b0test/images/jdk/lib/server/libmmtk_openjdk.so
723aa3747000-723aa39c0000 r-xp 00146000 fc:00 49676374                   /mydata/openjdk-mmtk/build/b0test/images/jdk/lib/server/libmmtk_openjdk.so
723aa39c0000-723aa3a00000 r--p 003be000 fc:00 49676374                   /mydata/openjdk-mmtk/build/b0test/images/jdk/lib/server/libmmtk_openjdk.so
723aa3a00000-723aa3a03000 rw-p 003fd000 fc:00 49676374                   /mydata/openjdk-mmtk/build/b0test/images/jdk/lib/server/libmmtk_openjdk.so
723aa3a03000-723aa3a05000 rw-p 00000000 00:00 0 
723aa3a17000-723aa3a24000 rw-p 00000000 00:00 0 
723aa3a24000-723aa3b00000 ---p 00000000 00:00 0 
723aa3b00000-723aa3b04000 ---p 00000000 00:00 0 
723aa3b04000-723aa3c00000 rw-p 00000000 00:00 0 
723aa3c00000-723aa3ea9000 r--p 00000000 fc:00 49676373                   /mydata/openjdk-mmtk/build/b0test/images/jdk/lib/server/libjvm.so
723aa3ea9000-723aa4d3c000 r-xp 002a9000 fc:00 49676373                   /mydata/openjdk-mmtk/build/b0test/images/jdk/lib/server/libjvm.so
723aa4d3c000-723aa5020000 r--p 0113c000 fc:00 49676373                   /mydata/openjdk-mmtk/build/b0test/images/jdk/lib/server/libjvm.so
723aa5020000-723aa50f6000 r--p 0141f000 fc:00 49676373                   /mydata/openjdk-mmtk/build/b0test/images/jdk/lib/server/libjvm.so
723aa50f6000-723aa5126000 rw-p 014f5000 fc:00 49676373                   /mydata/openjdk-mmtk/build/b0test/images/jdk/lib/server/libjvm.so
723aa5126000-723aa518c000 rw-p 00000000 00:00 0 
723aa51bb000-723aa51c2000 r--s 00000000 08:03 1436340                    /usr/lib/x86_64-linux-gnu/gconv/gconv-modules.cache
723aa51c2000-723aa51c6000 r--p 00000000 fc:00 49676364                   /mydata/openjdk-mmtk/build/b0test/images/jdk/lib/libverify.so
723aa51c6000-723aa51cd000 r-xp 00004000 fc:00 49676364                   /mydata/openjdk-mmtk/build/b0test/images/jdk/lib/libverify.so
723aa51cd000-723aa51cf000 r--p 0000b000 fc:00 49676364                   /mydata/openjdk-mmtk/build/b0test/images/jdk/lib/libverify.so
723aa51cf000-723aa51d1000 r--p 0000c000 fc:00 49676364                   /mydata/openjdk-mmtk/build/b0test/images/jdk/lib/libverify.so
723aa51d1000-723aa51d2000 rw-p 0000e000 fc:00 49676364                   /mydata/openjdk-mmtk/build/b0test/images/jdk/lib/libverify.so
723aa51d2000-723aa51d5000 r--p 00000000 fc:00 49676361                   /mydata/openjdk-mmtk/build/b0test/images/jdk/lib/libnet.so
723aa51d5000-723aa51dd000 r-xp 00003000 fc:00 49676361                   /mydata/openjdk-mmtk/build/b0test/images/jdk/lib/libnet.so
723aa51dd000-723aa51df000 r--p 0000b000 fc:00 49676361                   /mydata/openjdk-mmtk/build/b0test/images/jdk/lib/libnet.so
723aa51df000-723aa51e0000 r--p 0000c000 fc:00 49676361                   /mydata/openjdk-mmtk/build/b0test/images/jdk/lib/libnet.so
723aa51e0000-723aa51e1000 rw-p 0000d000 fc:00 49676361                   /mydata/openjdk-mmtk/build/b0test/images/jdk/lib/libnet.so
723aa51e1000-723aa51e4000 r--p 00000000 08:03 1410420                    /usr/lib/x86_64-linux-gnu/libelf-0.190.so
723aa51e4000-723aa51fa000 r-xp 00003000 08:03 1410420                    /usr/lib/x86_64-linux-gnu/libelf-0.190.so
723aa51fa000-723aa51fe000 r--p 00019000 08:03 1410420                    /usr/lib/x86_64-linux-gnu/libelf-0.190.so
723aa51fe000-723aa51ff000 r--p 0001c000 08:03 1410420                    /usr/lib/x86_64-linux-gnu/libelf-0.190.so
723aa51ff000-723aa5200000 rw-p 0001d000 08:03 1410420                    /usr/lib/x86_64-linux-gnu/libelf-0.190.so
723aa5200000-723aa5228000 r--p 00000000 08:03 1410238                    /usr/lib/x86_64-linux-gnu/libc.so.6
723aa5228000-723aa53b0000 r-xp 00028000 08:03 1410238                    /usr/lib/x86_64-linux-gnu/libc.so.6
723aa53b0000-723aa53ff000 r--p 001b0000 08:03 1410238                    /usr/lib/x86_64-linux-gnu/libc.so.6
723aa53ff000-723aa5403000 r--p 001fe000 08:03 1410238                    /usr/lib/x86_64-linux-gnu/libc.so.6
723aa5403000-723aa5405000 rw-p 00202000 08:03 1410238                    /usr/lib/x86_64-linux-gnu/libc.so.6
723aa5405000-723aa5412000 rw-p 00000000 00:00 0 
723aa5414000-723aa5416000 r--p 00000000 fc:00 49676365                   /mydata/openjdk-mmtk/build/b0test/images/jdk/lib/libzip.so
723aa5416000-723aa541b000 r-xp 00002000 fc:00 49676365                   /mydata/openjdk-mmtk/build/b0test/images/jdk/lib/libzip.so
723aa541b000-723aa541d000 r--p 00007000 fc:00 49676365                   /mydata/openjdk-mmtk/build/b0test/images/jdk/lib/libzip.so
723aa541d000-723aa541e000 r--p 00008000 fc:00 49676365                   /mydata/openjdk-mmtk/build/b0test/images/jdk/lib/libzip.so
723aa541e000-723aa541f000 rw-p 00009000 fc:00 49676365                   /mydata/openjdk-mmtk/build/b0test/images/jdk/lib/libzip.so
723aa541f000-723aa5426000 r--p 00000000 fc:00 49676362                   /mydata/openjdk-mmtk/build/b0test/images/jdk/lib/libnio.so
723aa5426000-723aa542f000 r-xp 00007000 fc:00 49676362                   /mydata/openjdk-mmtk/build/b0test/images/jdk/lib/libnio.so
723aa542f000-723aa5433000 r--p 00010000 fc:00 49676362                   /mydata/openjdk-mmtk/build/b0test/images/jdk/lib/libnio.so
723aa5433000-723aa5434000 r--p 00014000 fc:00 49676362                   /mydata/openjdk-mmtk/build/b0test/images/jdk/lib/libnio.so
723aa5434000-723aa5435000 rw-p 00015000 fc:00 49676362                   /mydata/openjdk-mmtk/build/b0test/images/jdk/lib/libnio.so
723aa5435000-723aa543d000 rw-p 00000000 00:00 0 
723aa543d000-723aa5445000 ---p 00000000 00:00 0 
723aa5445000-723aa5452000 r--p 00000000 fc:00 49676354                   /mydata/openjdk-mmtk/build/b0test/images/jdk/lib/libjava.so
723aa5452000-723aa5461000 r-xp 0000d000 fc:00 49676354                   /mydata/openjdk-mmtk/build/b0test/images/jdk/lib/libjava.so
723aa5461000-723aa5466000 r--p 0001c000 fc:00 49676354                   /mydata/openjdk-mmtk/build/b0test/images/jdk/lib/libjava.so
723aa5466000-723aa5467000 r--p 00021000 fc:00 49676354                   /mydata/openjdk-mmtk/build/b0test/images/jdk/lib/libjava.so
723aa5467000-723aa5468000 rw-p 00022000 fc:00 49676354                   /mydata/openjdk-mmtk/build/b0test/images/jdk/lib/libjava.so
723aa5468000-723aa5469000 rw-p 00000000 00:00 0 
723aa5469000-723aa5471000 rw-s 00000000 08:03 237599                     /tmp/hsperfdata_root/312162
723aa5471000-723aa5475000 r--p 00000000 fc:00 49676355                   /mydata/openjdk-mmtk/build/b0test/images/jdk/lib/libjimage.so
723aa5475000-723aa548c000 r-xp 00004000 fc:00 49676355                   /mydata/openjdk-mmtk/build/b0test/images/jdk/lib/libjimage.so
723aa548c000-723aa5491000 r--p 0001b000 fc:00 49676355                   /mydata/openjdk-mmtk/build/b0test/images/jdk/lib/libjimage.so
723aa5491000-723aa5493000 r--p 00020000 fc:00 49676355                   /mydata/openjdk-mmtk/build/b0test/images/jdk/lib/libjimage.so
723aa5493000-723aa5494000 rw-p 00022000 fc:00 49676355                   /mydata/openjdk-mmtk/build/b0test/images/jdk/lib/libjimage.so
723aa5494000-723aa5498000 r--p 00000000 08:03 1410148                    /usr/lib/x86_64-linux-gnu/libgcc_s.so.1
723aa5498000-723aa54bc000 r-xp 00004000 08:03 1410148                    /usr/lib/x86_64-linux-gnu/libgcc_s.so.1
723aa54bc000-723aa54c0000 r--p 00028000 08:03 1410148                    /usr/lib/x86_64-linux-gnu/libgcc_s.so.1
723aa54c0000-723aa54c1000 r--p 0002b000 08:03 1410148                    /usr/lib/x86_64-linux-gnu/libgcc_s.so.1
723aa54c1000-723aa54c2000 rw-p 0002c000 08:03 1410148                    /usr/lib/x86_64-linux-gnu/libgcc_s.so.1
723aa54c2000-723aa54d2000 r--p 00000000 08:03 1411099                    /usr/lib/x86_64-linux-gnu/libm.so.6
723aa54d2000-723aa5551000 r-xp 00010000 08:03 1411099                    /usr/lib/x86_64-linux-gnu/libm.so.6
723aa5551000-723aa55a9000 r--p 0008f000 08:03 1411099                    /usr/lib/x86_64-linux-gnu/libm.so.6
723aa55a9000-723aa55aa000 r--p 000e7000 08:03 1411099                    /usr/lib/x86_64-linux-gnu/libm.so.6
723aa55aa000-723aa55ab000 rw-p 000e8000 08:03 1411099                    /usr/lib/x86_64-linux-gnu/libm.so.6
723aa55ab000-723aa55ad000 rw-p 00000000 00:00 0 
723aa55ad000-723aa55af000 r--p 00000000 08:03 1409104                    /usr/lib/x86_64-linux-gnu/libz.so.1.3
723aa55af000-723aa55c1000 r-xp 00002000 08:03 1409104                    /usr/lib/x86_64-linux-gnu/libz.so.1.3
723aa55c1000-723aa55c7000 r--p 00014000 08:03 1409104                    /usr/lib/x86_64-linux-gnu/libz.so.1.3
723aa55c7000-723aa55c8000 r--p 0001a000 08:03 1409104                    /usr/lib/x86_64-linux-gnu/libz.so.1.3
723aa55c8000-723aa55c9000 rw-p 0001b000 08:03 1409104                    /usr/lib/x86_64-linux-gnu/libz.so.1.3
723aa55ce000-723aa55cf000 rw-s 00000000 00:10 68                         anon_inode:bpf-map
723aa55cf000-723aa55d0000 r--s 00000000 00:10 68                         anon_inode:bpf-map
723aa55d0000-723aa55d1000 ---p 00000000 00:00 0 
723aa55d1000-723aa55d2000 r--p 00000000 00:00 0 
723aa55d2000-723aa55d3000 ---p 00000000 00:00 0 
723aa55d3000-723aa55d5000 r--p 00000000 fc:00 49676357                   /mydata/openjdk-mmtk/build/b0test/images/jdk/lib/libjli.so
723aa55d5000-723aa55df000 r-xp 00002000 fc:00 49676357                   /mydata/openjdk-mmtk/build/b0test/images/jdk/lib/libjli.so
723aa55df000-723aa55e2000 r--p 0000c000 fc:00 49676357                   /mydata/openjdk-mmtk/build/b0test/images/jdk/lib/libjli.so
723aa55e2000-723aa55e3000 r--p 0000f000 fc:00 49676357                   /mydata/openjdk-mmtk/build/b0test/images/jdk/lib/libjli.so
723aa55e3000-723aa55e4000 rw-p 00010000 fc:00 49676357                   /mydata/openjdk-mmtk/build/b0test/images/jdk/lib/libjli.so
723aa55e4000-723aa55e6000 rw-p 00000000 00:00 0 
723aa55e6000-723aa55ea000 r--p 00000000 00:00 0                          [vvar]
723aa55ea000-723aa55ec000 r--p 00000000 00:00 0                          [vvar_vclock]
723aa55ec000-723aa55ee000 r-xp 00000000 00:00 0                          [vdso]
723aa55ee000-723aa55ef000 r--p 00000000 08:03 1409763                    /usr/lib/x86_64-linux-gnu/ld-linux-x86-64.so.2
723aa55ef000-723aa561a000 r-xp 00001000 08:03 1409763                    /usr/lib/x86_64-linux-gnu/ld-linux-x86-64.so.2
723aa561a000-723aa5624000 r--p 0002c000 08:03 1409763                    /usr/lib/x86_64-linux-gnu/ld-linux-x86-64.so.2
723aa5624000-723aa5626000 r--p 00036000 08:03 1409763                    /usr/lib/x86_64-linux-gnu/ld-linux-x86-64.so.2
723aa5626000-723aa5628000 rw-p 00038000 08:03 1409763                    /usr/lib/x86_64-linux-gnu/ld-linux-x86-64.so.2
7fff96a71000-7fff96a92000 rw-p 00000000 00:00 0                          [stack]
ffffffffff600000-ffffffffff601000 --xp 00000000 00:00 0                  [vsyscall]
Total number of mappings: 536

JVMTI agents: none


VM Arguments:
jvm_args: -XX:+UseThirdPartyHeap -Xms512m -Xmx512m 
java_command: /mydata/dacapo/dacapo-23.11/dacapo-23.11-MR2-chopin.jar xalan -n 3
java_class_path (initial): /mydata/dacapo/dacapo-23.11/dacapo-23.11-MR2-chopin.jar
Launcher Type: SUN_STANDARD

[Global flags]
     intx CICompilerCount                          = 15                                        {product} {ergonomic}
   size_t InitialHeapSize                          = 536870912                                 {product} {command line}
   size_t MaxHeapSize                              = 536870912                                 {product} {command line}
   size_t MinHeapDeltaBytes                        = 524288                                    {product} {ergonomic}
   size_t MinHeapSize                              = 536870912                                 {product} {command line}
    uintx NonNMethodCodeHeapSize                   = 8192380                                {pd product} {ergonomic}
    uintx NonProfiledCodeHeapSize                  = 121732930                              {pd product} {ergonomic}
    uintx ProfiledCodeHeapSize                     = 121732930                              {pd product} {ergonomic}
    uintx ReservedCodeCacheSize                    = 251658240                              {pd product} {ergonomic}
     bool SegmentedCodeCache                       = true                                      {product} {ergonomic}
   size_t SoftMaxHeapSize                          = 536870912                              {manageable} {ergonomic}
     bool UseCompressedOops                        = true                           {product lp64_product} {ergonomic}

Logging:
Log output configuration:
 #0: stdout all=warning uptime,level,tags foldmultilines=false
 #1: stderr all=off uptime,level,tags foldmultilines=false

Release file:
IMPLEMENTOR="N/A"
JAVA_RUNTIME_VERSION="21.0.9-internal-adhoc.talzuss.openjdk-mmtk"
JAVA_VERSION="21.0.9"
JAVA_VERSION_DATE="2025-10-21"
LIBC="gnu"
MODULES="java.base java.compiler java.datatransfer java.xml java.prefs java.desktop java.instrument java.logging java.management java.security.sasl java.naming java.rmi java.management.rmi java.net.http java.scripting java.security.jgss java.transaction.xa java.sql java.sql.rowset java.xml.crypto java.se java.smartcardio jdk.accessibility jdk.internal.jvmstat jdk.attach jdk.charsets jdk.internal.opt jdk.zipfs jdk.compiler jdk.crypto.ec jdk.crypto.cryptoki jdk.dynalink jdk.internal.ed jdk.editpad jdk.hotspot.agent jdk.httpserver jdk.incubator.vector jdk.internal.le jdk.internal.vm.ci jdk.internal.vm.compiler jdk.internal.vm.compiler.management jdk.jartool jdk.javadoc jdk.jcmd jdk.management jdk.management.agent jdk.jconsole jdk.jdeps jdk.jdwp.agent jdk.jdi jdk.jfr jdk.jlink jdk.jpackage jdk.jshell jdk.jsobject jdk.jstatd jdk.localedata jdk.management.jfr jdk.naming.dns jdk.naming.rmi jdk.net jdk.nio.mapmode jdk.random jdk.sctp jdk.security.auth jdk.security.jgss jdk.unsupported jdk.unsupported.desktop jdk.xml.dom"
OS_ARCH="x86_64"
OS_NAME="Linux"
SOURCE=".:git:b557520f04b3+"

Environment Variables:
PATH=/usr/local/sbin:/usr/local/bin:/usr/sbin:/usr/bin:/sbin:/bin:/snap/bin
SHELL=/bin/bash
LANG=en_US.UTF-8
TERM=tmux-256color

Active Locale:
LC_ALL=en_US.UTF-8
LC_COLLATE=en_US.UTF-8
LC_CTYPE=en_US.UTF-8
LC_MESSAGES=en_US.UTF-8
LC_MONETARY=en_US.UTF-8
LC_NUMERIC=en_US.UTF-8
LC_TIME=en_US.UTF-8

Signal Handlers:
   SIGSEGV: crash_handler in libjvm.so, mask=11100100010111111101111111111110, flags=SA_RESTART|SA_SIGINFO, unblocked
    SIGBUS: crash_handler in libjvm.so, mask=11100100010111111101111111111110, flags=SA_RESTART|SA_SIGINFO, unblocked
    SIGFPE: crash_handler in libjvm.so, mask=11100100010111111101111111111110, flags=SA_RESTART|SA_SIGINFO, unblocked
   SIGPIPE: javaSignalHandler in libjvm.so, mask=11100100010111111101111111111110, flags=SA_RESTART|SA_SIGINFO, blocked
   SIGXFSZ: javaSignalHandler in libjvm.so, mask=11100100010111111101111111111110, flags=SA_RESTART|SA_SIGINFO, blocked
    SIGILL: crash_handler in libjvm.so, mask=11100100010111111101111111111110, flags=SA_RESTART|SA_SIGINFO, unblocked
   SIGUSR2: SR_handler in libjvm.so, mask=00000000000000000000000000000000, flags=SA_RESTART|SA_SIGINFO, blocked
    SIGHUP: UserHandler in libjvm.so, mask=11100100010111111101111111111110, flags=SA_RESTART|SA_SIGINFO, blocked
    SIGINT: UserHandler in libjvm.so, mask=11100100010111111101111111111110, flags=SA_RESTART|SA_SIGINFO, blocked
   SIGTERM: UserHandler in libjvm.so, mask=11100100010111111101111111111110, flags=SA_RESTART|SA_SIGINFO, blocked
   SIGQUIT: UserHandler in libjvm.so, mask=11100100010111111101111111111110, flags=SA_RESTART|SA_SIGINFO, blocked
   SIGTRAP: crash_handler in libjvm.so, mask=11100100010111111101111111111110, flags=SA_RESTART|SA_SIGINFO, unblocked


Periodic native trim disabled

---------------  S Y S T E M  ---------------

OS:
DISTRIB_ID=Ubuntu
DISTRIB_RELEASE=24.04
DISTRIB_CODENAME=noble
DISTRIB_DESCRIPTION="Ubuntu 24.04.4 LTS"
uname: Linux 6.17.0-bpf-fault+ #1 SMP PREEMPT_DYNAMIC Mon Jul  6 16:43:12 MDT 2026 x86_64
OS uptime: 0 days 20:59 hours
libc: glibc 2.39 NPTL 2.39 
rlimit (soft/hard): STACK 8192k/infinity , CORE 0k/0k , NPROC 513205/513205 , NOFILE 1048576/1048576 , AS infinity/infinity , CPU infinity/infinity , DATA infinity/infinity , FSIZE infinity/infinity , MEMLOCK 16436528k/16436528k
load average: 4.65 2.11 0.95

/proc/meminfo:
MemTotal:       131492232 kB
MemFree:        73553176 kB
MemAvailable:   115744764 kB
Buffers:          516516 kB
Cached:         41070880 kB
SwapCached:            0 kB
Active:          3655964 kB
Inactive:       40777952 kB
Active(anon):    2863000 kB
Inactive(anon):        0 kB
Active(file):     792964 kB
Inactive(file): 40777952 kB
Unevictable:       41912 kB
Mlocked:           38840 kB
SwapTotal:       8388604 kB
SwapFree:        8388604 kB
Zswap:                 0 kB
Zswapped:              0 kB
Dirty:            783956 kB
Writeback:             0 kB
AnonPages:       2890592 kB
Mapped:          9729404 kB
Shmem:              5316 kB
KReclaimable:    1871908 kB
Slab:            2393488 kB
SReclaimable:    1871908 kB
SUnreclaim:       521580 kB
KernelStack:       12048 kB
PageTables:        57376 kB
SecPageTables:      8776 kB
NFS_Unstable:          0 kB
Bounce:                0 kB
WritebackTmp:          0 kB
CommitLimit:    74134720 kB
Committed_AS:   163385784 kB
VmallocTotal:   34359738367 kB
VmallocUsed:       38052 kB
VmallocChunk:          0 kB
Percpu:            48896 kB
HardwareCorrupted:     0 kB
AnonHugePages:         0 kB
ShmemHugePages:        0 kB
ShmemPmdMapped:        0 kB
FileHugePages:   2168832 kB
FilePmdMapped:         0 kB
Unaccepted:            0 kB
Balloon:               0 kB
HugePages_Total:       0
HugePages_Free:        0
HugePages_Rsvd:        0
HugePages_Surp:        0
Hugepagesize:       2048 kB
Hugetlb:               0 kB
DirectMap4k:      693056 kB
DirectMap2M:    23011328 kB
DirectMap1G:    110100480 kB

/sys/kernel/mm/transparent_hugepage/enabled: always [madvise] never
/sys/kernel/mm/transparent_hugepage/hpage_pmd_size: 2097152
/sys/kernel/mm/transparent_hugepage/defrag (defrag/compaction efforts parameter): always defer defer+madvise [madvise] never

Process Memory:
Virtual Size: 13620284940K (peak: 13620284940K)
Resident Set Size: 4183280K (peak: 4183280K) (anon: 1009948K, file: 3173332K, shmem: 0K)
Swapped out: 0K
C-Heap outstanding allocations: 1404368K, retained: 44119K
glibc malloc tunables: (default)

/proc/sys/kernel/threads-max (system-wide limit on the number of threads): 1026411
/proc/sys/vm/max_map_count (maximum number of memory map areas a process may have): 1048576
/proc/sys/vm/swappiness (control to define how aggressively the kernel swaps out anonymous memory): 60
/proc/sys/kernel/pid_max (system-wide limit on number of process identifiers): 4194304

container information not found.
Steal ticks since vm start: 0
Steal ticks percentage since vm start:  0.000

CPU: total 32 (initial active 32) (32 cores per cpu, 2 threads per core) family 23 model 49 stepping 0 microcode 0x830107c, cx8, cmov, fxsr, ht, mmx, 3dnowpref, sse, sse2, sse3, ssse3, sse4a, sse4.1, sse4.2, popcnt, lzcnt, tsc, tscinvbit, avx, avx2, aes, clmul, bmi1, bmi2, adx, sha, fma, vzeroupper, clflush, clflushopt, rdtscp, rdpid, f16c
CPU Model and flags from /proc/cpuinfo:
model name	: AMD EPYC 7302P 16-Core Processor
flags		: fpu vme de pse tsc msr pae mce cx8 apic sep mtrr pge mca cmov pat pse36 clflush mmx fxsr sse sse2 ht syscall nx mmxext fxsr_opt pdpe1gb rdtscp lm constant_tsc rep_good nopl xtopology nonstop_tsc cpuid extd_apicid aperfmperf rapl pni pclmulqdq monitor ssse3 fma cx16 sse4_1 sse4_2 movbe popcnt aes xsave avx f16c rdrand lahf_lm cmp_legacy svm extapic cr8_legacy abm sse4a misalignsse 3dnowprefetch osvw ibs skinit wdt tce topoext perfctr_core perfctr_nb bpext perfctr_llc mwaitx cpb cat_l3 cdp_l3 hw_pstate ssbd mba ibrs ibpb stibp vmmcall fsgsbase bmi1 avx2 smep bmi2 cqm rdt_a rdseed adx smap clflushopt clwb sha_ni xsaveopt xsavec xgetbv1 xsaves cqm_llc cqm_occup_llc cqm_mbm_total cqm_mbm_local clzero irperf xsaveerptr rdpru wbnoinvd amd_ppin arat npt lbrv svm_lock nrip_save tsc_scale vmcb_clean flushbyasid decodeassists pausefilter pfthreshold avic v_vmsave_vmload vgif v_spec_ctrl umip rdpid overflow_recov succor smca sev sev_es

Online cpus: 0-31
Offline cpus: 
BIOS frequency limitation: <Not Available>
Frequency switch latency (ns): <Not Available>
Available cpu frequencies: <Not Available>
Current governor: <Not Available>
Core performance/turbo boost: <Not Available>

Memory: 4k page, physical 131492232k(115744764k free), swap 8388604k(8388604k free)
Page Sizes: 4k

vm_info: OpenJDK 64-Bit Server VM (21.0.9-internal-adhoc.talzuss.openjdk-mmtk) for linux-amd64 JRE (21.0.9-internal-adhoc.talzuss.openjdk-mmtk), built on 2026-07-06T23:13:08Z by "talzuss" with gcc 13.3.0
heap_info: MMTk OpenJDK 0.32.0 (a3bb9ef-dirty), using MMTk 0.32.0 (6afa497-dirty, BUILTIN_ENV_LOGGER, DEFAULT, EAGER_SWEEPING, VO_BIT)

END.
