#
# A fatal error has been detected by the Java Runtime Environment:
#
#  SIGSEGV (0xb) at pc=0x00007e62d0aaefe7, pid=312345, tid=312356
#
# JRE version: OpenJDK Runtime Environment (21.0.9) (build 21.0.9-internal-adhoc.talzuss.openjdk-mmtk)
# Java VM: OpenJDK 64-Bit Server VM (21.0.9-internal-adhoc.talzuss.openjdk-mmtk, mixed mode, sharing, tiered, compressed oops, compressed class ptrs, third-party gc, linux-amd64)
# Problematic frame:
# C  [libmmtk_openjdk.so+0x2aefe7]  _$LT$mmtk..plan..concurrent..immix..gc_work..SatbFinalDrain$LT$VM$GT$$u20$as$u20$mmtk..scheduler..work..GCWork$LT$VM$GT$$GT$::do_work::h99199484dacfec84+0x477
#
# Core dump will be written. Default location: Core dumps may be processed with "/usr/share/apport/apport -p%p -s%s -c%c -d%d -P%P -u%u -g%g -F%F -- %E" (or dumping to /mydata/mmtk-core/core.312345)
#
# If you would like to submit a bug report, please visit:
#   https://bugreport.java.com/bugreport/crash.jsp
#

---------------  S U M M A R Y ------------

Command Line: -XX:+UseThirdPartyHeap -Xms512m -Xmx512m /mydata/dacapo/dacapo-23.11/dacapo-23.11-MR2-chopin.jar xalan -n 3

Host: AMD EPYC 7302P 16-Core Processor, 32 cores, 125G, Ubuntu 24.04.4 LTS
Time: Tue Jul  7 13:56:37 2026 MDT elapsed time: 3.007282 seconds (0d 0h 0m 3s)

---------------  T H R E A D  ---------------

Current thread (0x00007e62cc5312c0):  NamedThread "MMTk Collector Thread" [id=312356, stack(0x000071b5dc4fe000,0x000071b5dc5fe000) (1024K)]

Stack: [0x000071b5dc4fe000,0x000071b5dc5fe000],  sp=0x000071b5dc5fc910,  free space=1018k
Native frames: (J=compiled Java code, j=interpreted, Vv=VM code, C=native code)
C  [libmmtk_openjdk.so+0x2aefe7]  _$LT$mmtk..plan..concurrent..immix..gc_work..SatbFinalDrain$LT$VM$GT$$u20$as$u20$mmtk..scheduler..work..GCWork$LT$VM$GT$$GT$::do_work::h99199484dacfec84+0x477

siginfo: si_signo: 11 (SIGSEGV), si_code: 1 (SEGV_MAPERR), si_addr: 0x00007e643087bba8

Registers:
RAX=0x0000000058000000, RBX=0x0000000000000053, RCX=0x00007e62d087bba8, RDX=0x000071b597000000
RSP=0x000071b5dc5fc910, RBP=0x0000000041397ff8, RSI=0x0000000041397ff8, RDI=0x000071b597000001
R8 =0x000071b5700008e0, R9 =0x0000000000000200, R10=0x000071b550000030, R11=0xa7b18ae2eeadc3fa
R12=0x0000000000273200, R13=0x00007e62d0c017d8, R14=0x0000000041398fc8, R15=0x0000000000273200
RIP=0x00007e62d0aaefe7, EFLAGS=0x0000000000010206, CSGSFS=0x002b000000000033, ERR=0x0000000000000004
  TRAPNO=0x000000000000000e

XMM[0]=0x0000000000000000 0x0000000000000000
XMM[1]=0x0000000000000000 0x000071b550000090
XMM[2]=0xffffffff02ff094f 0xffffff58ff30100e
XMM[3]=0x0000000000000000 0x000000000000ff00
XMM[4]=0x0000000000000000 0x000071b550000090
XMM[5]=0x00000000400b51a8 0x00000000400b5158
XMM[6]=0x00000000400b50d8 0x00000000400b50b8
XMM[7]=0x00000000400b5028 0x00000000400b5008
XMM[8]=0x00000000435d7a00 0x000000004356af50
XMM[9]=0x0000000000000000 0x0000000000000000
XMM[10]=0x3f3f3f3f3f3f3f3f 0x3f3f3f3f3f3f3f3f
XMM[11]=0x9999999999999999 0x9999999999999999
XMM[12]=0x2020202020202020 0x2020202020202020
XMM[13]=0x0000000000000000 0x0000000000000000
XMM[14]=0x0000000000000000 0x0000000000000000
XMM[15]=0x0000000000000000 0x0000000000000000
  MXCSR=0x00001fa2


Register to memory mapping:

RAX=
[error occurred during error reporting (printing register info), id 0xe0000000, Internal Error (/mydata/mmtk-openjdk/openjdk/share/mmtkHeap.cpp:444)]
RBX=
[error occurred during error reporting (printing register info, attempt 2), id 0xe0000000, Internal Error (/mydata/mmtk-openjdk/openjdk/share/mmtkHeap.cpp:444)]
RCX=
[error occurred during error reporting (printing register info, attempt 3), id 0xe0000000, Internal Error (/mydata/mmtk-openjdk/openjdk/share/mmtkHeap.cpp:444)]
Top of Stack: (sp=0x000071b5dc5fc910)
0x000071b5dc5fc910:   00007e62cc3dfa20 000071b5972540c8
0x000071b5dc5fc920:   000000004136d980 0000000000010000
0x000071b5dc5fc930:   000071b550012cb0 000000000000c940
0x000071b5dc5fc940:   0000000000000080 000071b55000a970
0x000071b5dc5fc950:   0000000000000053 00007e62d0c00ff0
0x000071b5dc5fc960:   000071b5980f32c0 000000004ff45340
0x000071b5dc5fc970:   0000200001398000 00007e62d0bdb918
0x000071b5dc5fc980:   000071b56c001ed0 000071b54c002678
0x000071b5dc5fc990:   00007e62cc52bb30 0000000000000040
0x000071b5dc5fc9a0:   00007e62d0c017d8 000071b5dc5fca60
0x000071b5dc5fc9b0:   000071b5dc5fc970 000071b5dc5fca58
0x000071b5dc5fc9c0:   000071b5dc5fca50 000071b5dc5fca2f
0x000071b5dc5fc9d0:   000071b5dc5fca38 000071b5dc5fc928
0x000071b5dc5fc9e0:   0000000000000000 000071b55000a970
0x000071b5dc5fc9f0:   00007e62cc52bb30 00007e62cc06d080
0x000071b5dc5fca00:   00007e62cc06d400 00007e62cc52b9d0
0x000071b5dc5fca10:   000071b5dc5fca20 00007e62d0aab1e3
0x000071b5dc5fca20:   000071b55000a970 0000000000000001
0x000071b5dc5fca30:   000071b55000ac08 0000000000000400
0x000071b5dc5fca40:   000071b5500048b0 00000000000003e2
0x000071b5dc5fca50:   0000000040000000 0000000041398000
0x000071b5dc5fca60:   0000000000001398 000071b5dc5fc978
0x000071b5dc5fca70:   00007e62d0c017d8 00007e62d0c00ff0
0x000071b5dc5fca80:   0000000000000080 000071b597253e40
0x000071b5dc5fca90:   00007e62cc06fb00 000071b5dc5fc9f0
0x000071b5dc5fcaa0:   000071b5500067c0 000071b5500054d0
0x000071b5dc5fcab0:   00007e62cc06ef00 00007e62cc06ec00
0x000071b5dc5fcac0:   00007e62cc06e900 00007e62cc06e600
0x000071b5dc5fcad0:   00007e62cc06e300 00007e62cc06e000
0x000071b5dc5fcae0:   00007e62cc06dd00 00007e62cc06da00
0x000071b5dc5fcaf0:   00007e62cc06d700 00007e62d0c00ff0
0x000071b5dc5fcb00:   00007e62d0bc3158 00007e62d24add50 

Instructions: (pc=0x00007e62d0aaefe7)
0x00007e62d0aaeee7:   44 24 30 48 89 84 24 70 01 00 00 48 85 db 0f 84
0x00007e62d0aaeef7:   f5 0a 00 00 48 8b 84 24 d8 00 00 00 48 8d 0c d8
0x00007e62d0aaef07:   48 89 8c 24 20 01 00 00 eb 36 66 66 66 66 66 66
0x00007e62d0aaef17:   2e 0f 1f 84 00 00 00 00 00 48 8d 94 24 90 00 00
0x00007e62d0aaef27:   00 e8 a3 17 fd ff 48 8b 84 24 10 01 00 00 48 83
0x00007e62d0aaef37:   c0 08 48 3b 84 24 20 01 00 00 0f 84 a9 0a 00 00
0x00007e62d0aaef47:   48 89 84 24 10 01 00 00 48 8b 30 4c 89 ac 24 90
0x00007e62d0aaef57:   00 00 00 48 8d 84 24 50 01 00 00 48 89 84 24 98
0x00007e62d0aaef67:   00 00 00 48 8d 44 24 60 48 89 84 24 a0 00 00 00
0x00007e62d0aaef77:   48 8d 84 24 48 01 00 00 48 89 84 24 a8 00 00 00
0x00007e62d0aaef87:   48 8d 84 24 40 01 00 00 48 89 84 24 b0 00 00 00
0x00007e62d0aaef97:   48 8d 84 24 1f 01 00 00 48 89 84 24 b8 00 00 00
0x00007e62d0aaefa7:   48 8d 84 24 28 01 00 00 48 89 84 24 c0 00 00 00
0x00007e62d0aaefb7:   48 8d 44 24 18 48 89 84 24 c8 00 00 00 8b 46 08
0x00007e62d0aaefc7:   48 8b 15 ca 36 15 00 48 8b 0d cb 36 15 00 48 d3
0x00007e62d0aaefd7:   e0 48 8d 3c 10 8b 44 10 0c 48 8d 0d c1 cb dc ff
0x00007e62d0aaefe7:   48 63 04 81 48 01 c8 ff e0 48 89 74 24 10 48 89
0x00007e62d0aaeff7:   bc 24 78 01 00 00 48 63 87 28 01 00 00 48 85 c0
0x00007e62d0aaf007:   0f 84 5e 07 00 00 48 8b 94 24 78 01 00 00 48 63
0x00007e62d0aaf017:   8a ac 00 00 00 48 8d 0c ca 48 63 92 2c 01 00 00
0x00007e62d0aaf027:   48 8d 34 d1 48 8d 1c d1 48 81 c3 d8 01 00 00 48
0x00007e62d0aaf037:   8d 04 c6 48 05 d8 01 00 00 48 89 44 24 08 eb 18
0x00007e62d0aaf047:   66 0f 1f 84 00 00 00 00 00 48 83 c3 08 48 3b 5c
0x00007e62d0aaf057:   24 08 0f 84 0c 07 00 00 44 8b 63 04 4d 85 e4 74
0x00007e62d0aaf067:   e8 4c 63 2b 4c 03 6c 24 10 45 31 ff eb 24 66 66
0x00007e62d0aaf077:   2e 0f 1f 84 00 00 00 00 00 48 8b 44 24 20 4a 89
0x00007e62d0aaf087:   2c f0 49 ff c6 4c 89 74 24 28 49 ff c7 4d 39 e7
0x00007e62d0aaf097:   74 b7 4a 8d 34 bd 00 00 00 00 4c 01 ee 48 89 f0
0x00007e62d0aaf0a7:   48 b9 ff ff ff ff ff ff ff 7f 48 21 c8 48 89 c1
0x00007e62d0aaf0b7:   48 2b 0d 72 27 15 00 48 89 cf 48 c1 ef 0c 48 3b
0x00007e62d0aaf0c7:   bc 24 50 01 00 00 75 31 48 8b 4c 24 60 48 8b 94
0x00007e62d0aaf0d7:   24 48 01 00 00 48 29 d0 8b 2c 01 48 85 ed 74 aa 


Stack slot to memory mapping:

stack at sp + 0 slots: 
[error occurred during error reporting (inspecting top of stack), id 0xe0000000, Internal Error (/mydata/mmtk-openjdk/openjdk/share/mmtkHeap.cpp:444)]
stack at sp + 1 slots: 
[error occurred during error reporting (inspecting top of stack, attempt 2), id 0xe0000000, Internal Error (/mydata/mmtk-openjdk/openjdk/share/mmtkHeap.cpp:444)]
stack at sp + 2 slots: 
[error occurred during error reporting (inspecting top of stack, attempt 3), id 0xe0000000, Internal Error (/mydata/mmtk-openjdk/openjdk/share/mmtkHeap.cpp:444)]

---------------  P R O C E S S  ---------------

Threads class SMR info:
_java_thread_list=0x000071b50415b850, length=56, elements={
0x00007e62cc02b240, 0x00007e62cc5267d0, 0x00007e62cc528060, 0x00007e62cc529b50,
0x00007e62cc548380, 0x00007e62cc549cd0, 0x00007e62cc54b590, 0x00007e62cc54d3d0,
0x00007e62cc556da0, 0x000071b5100558b0, 0x000071b504001610, 0x00007e62cc59deb0,
0x00007e62cc5a0eb0, 0x000071b51006a690, 0x000071b50403f670, 0x000071b504040ca0,
0x000071b50c09ac70, 0x00007e62cc7bd650, 0x00007e62cc7b9500, 0x00007e62cc7b9f20,
0x00007e62cc7cac30, 0x00007e62cc7cb7d0, 0x00007e62cc7ccb00, 0x00007e62cc7cdfa0,
0x00007e62cc7cf510, 0x00007e62cc7d08e0, 0x00007e62cc7d1d90, 0x00007e62cc7d3320,
0x00007e62cc7d48b0, 0x00007e62cc7d5d60, 0x00007e62cc7d7210, 0x00007e62cc3e1200,
0x00007e62cc3e2220, 0x00007e62cc3e3a60, 0x00007e62cc7c3510, 0x00007e62cc7c4930,
0x00007e62cc7c5e50, 0x00007e62cc7c7430, 0x00007e62cc7c8a10, 0x00007e62cc7c9eb0,
0x00007e62cc5b99a0, 0x00007e62cc5bad90, 0x00007e62cc5bc230, 0x00007e62cc5bd6d0,
0x00007e62cc5beb70, 0x00007e62cc5c0400, 0x00007e62cc5d9cd0, 0x00007e62cc5db520,
0x00007e62cc5dcd70, 0x000071b5100f68a0, 0x000071b5100fb1d0, 0x000071b4f80c7e90,
0x000071b5040edba0, 0x000071b4f80f1ff0, 0x000071b504158e30, 0x000071b50415a580
}

Java Threads: ( => current thread )
  0x00007e62cc02b240 JavaThread "main"                              [_thread_blocked, id=312346, stack(0x00007e62d0c17000,0x00007e62d0d17000) (1024K)]
  0x00007e62cc5267d0 JavaThread "Reference Handler"          daemon [_thread_blocked, id=312350, stack(0x00007e62945fe000,0x00007e62946fe000) (1024K)]
  0x00007e62cc528060 JavaThread "Finalizer"                  daemon [_thread_blocked, id=312351, stack(0x00007e62944fe000,0x00007e62945fe000) (1024K)]
  0x00007e62cc529b50 JavaThread "MMTk Finalizer Thread"      daemon [_thread_blocked, id=312352, stack(0x000071b5e02fc000,0x000071b5e03fc000) (1024K)]
  0x00007e62cc548380 JavaThread "Signal Dispatcher"          daemon [_thread_blocked, id=312376, stack(0x000071b595ff1000,0x000071b5960f1000) (1024K)]
  0x00007e62cc549cd0 JavaThread "Service Thread"             daemon [_thread_blocked, id=312377, stack(0x000071b595ef1000,0x000071b595ff1000) (1024K)]
  0x00007e62cc54b590 JavaThread "Monitor Deflation Thread"   daemon [_thread_blocked, id=312378, stack(0x000071b595df1000,0x000071b595ef1000) (1024K)]
  0x00007e62cc54d3d0 JavaThread "C2 CompilerThread0"         daemon [_thread_blocked, id=312379, stack(0x000071b595cf1000,0x000071b595df1000) (1024K)]
  0x00007e62cc556da0 JavaThread "C1 CompilerThread0"         daemon [_thread_blocked, id=312380, stack(0x000071b595bf1000,0x000071b595cf1000) (1024K)]
  0x000071b5100558b0 JavaThread "C1 CompilerThread1"         daemon [_thread_blocked, id=312381, stack(0x000071b595af1000,0x000071b595bf1000) (1024K)]
  0x000071b504001610 JavaThread "C1 CompilerThread2"         daemon [_thread_blocked, id=312382, stack(0x000071b5959f1000,0x000071b595af1000) (1024K)]
  0x00007e62cc59deb0 JavaThread "Notification Thread"        daemon [_thread_blocked, id=312383, stack(0x000071b5958f1000,0x000071b5959f1000) (1024K)]
  0x00007e62cc5a0eb0 JavaThread "Common-Cleaner"             daemon [_thread_blocked, id=312384, stack(0x000071b5957f1000,0x000071b5958f1000) (1024K)]
  0x000071b51006a690 JavaThread "C2 CompilerThread1"         daemon [_thread_blocked, id=312385, stack(0x000071b5956f1000,0x000071b5957f1000) (1024K)]
  0x000071b50403f670 JavaThread "C1 CompilerThread3"         daemon [_thread_blocked, id=312386, stack(0x000071b5955f1000,0x000071b5956f1000) (1024K)]
  0x000071b504040ca0 JavaThread "C1 CompilerThread4"         daemon [_thread_blocked, id=312387, stack(0x000071b5954f1000,0x000071b5955f1000) (1024K)]
  0x000071b50c09ac70 JavaThread "C2 CompilerThread2"         daemon [_thread_blocked, id=312388, stack(0x000071b5953f1000,0x000071b5954f1000) (1024K)]
  0x00007e62cc7bd650 JavaThread "Thread-0"                          [_thread_blocked, id=312389, stack(0x000071b5952f1000,0x000071b5953f1000) (1024K)]
  0x00007e62cc7b9500 JavaThread "Thread-1"                          [_thread_blocked, id=312390, stack(0x000071b5951f1000,0x000071b5952f1000) (1024K)]
  0x00007e62cc7b9f20 JavaThread "Thread-2"                          [_thread_blocked, id=312391, stack(0x000071b5950f1000,0x000071b5951f1000) (1024K)]
  0x00007e62cc7cac30 JavaThread "Thread-3"                          [_thread_blocked, id=312392, stack(0x000071b594ff1000,0x000071b5950f1000) (1024K)]
  0x00007e62cc7cb7d0 JavaThread "Thread-4"                          [_thread_blocked, id=312393, stack(0x000071b594ef1000,0x000071b594ff1000) (1024K)]
  0x00007e62cc7ccb00 JavaThread "Thread-5"                          [_thread_blocked, id=312394, stack(0x000071b594df1000,0x000071b594ef1000) (1024K)]
  0x00007e62cc7cdfa0 JavaThread "Thread-6"                          [_thread_blocked, id=312395, stack(0x000071b594cf1000,0x000071b594df1000) (1024K)]
  0x00007e62cc7cf510 JavaThread "Thread-7"                          [_thread_blocked, id=312396, stack(0x000071b594bf1000,0x000071b594cf1000) (1024K)]
  0x00007e62cc7d08e0 JavaThread "Thread-8"                          [_thread_blocked, id=312397, stack(0x000071b594af1000,0x000071b594bf1000) (1024K)]
  0x00007e62cc7d1d90 JavaThread "Thread-9"                          [_thread_blocked, id=312398, stack(0x000071b5949f1000,0x000071b594af1000) (1024K)]
  0x00007e62cc7d3320 JavaThread "Thread-10"                         [_thread_blocked, id=312399, stack(0x000071b5948f1000,0x000071b5949f1000) (1024K)]
  0x00007e62cc7d48b0 JavaThread "Thread-11"                         [_thread_blocked, id=312400, stack(0x000071b5947f1000,0x000071b5948f1000) (1024K)]
  0x00007e62cc7d5d60 JavaThread "Thread-12"                         [_thread_blocked, id=312401, stack(0x000071b5946f1000,0x000071b5947f1000) (1024K)]
  0x00007e62cc7d7210 JavaThread "Thread-13"                         [_thread_blocked, id=312402, stack(0x000071b5945f1000,0x000071b5946f1000) (1024K)]
  0x00007e62cc3e1200 JavaThread "Thread-14"                         [_thread_blocked, id=312403, stack(0x000071b5944f1000,0x000071b5945f1000) (1024K)]
  0x00007e62cc3e2220 JavaThread "Thread-15"                         [_thread_blocked, id=312404, stack(0x000071b5943f1000,0x000071b5944f1000) (1024K)]
  0x00007e62cc3e3a60 JavaThread "Thread-16"                         [_thread_blocked, id=312405, stack(0x000071b5942f1000,0x000071b5943f1000) (1024K)]
  0x00007e62cc7c3510 JavaThread "Thread-17"                         [_thread_blocked, id=312406, stack(0x000071b5941f1000,0x000071b5942f1000) (1024K)]
  0x00007e62cc7c4930 JavaThread "Thread-18"                         [_thread_blocked, id=312407, stack(0x000071b5940f1000,0x000071b5941f1000) (1024K)]
  0x00007e62cc7c5e50 JavaThread "Thread-19"                         [_thread_blocked, id=312408, stack(0x000071b4a3f00000,0x000071b4a4000000) (1024K)]
  0x00007e62cc7c7430 JavaThread "Thread-20"                         [_thread_blocked, id=312409, stack(0x000071b4a3e00000,0x000071b4a3f00000) (1024K)]
  0x00007e62cc7c8a10 JavaThread "Thread-21"                         [_thread_blocked, id=312410, stack(0x000071b4a3d00000,0x000071b4a3e00000) (1024K)]
  0x00007e62cc7c9eb0 JavaThread "Thread-22"                         [_thread_blocked, id=312411, stack(0x000071b4a3c00000,0x000071b4a3d00000) (1024K)]
  0x00007e62cc5b99a0 JavaThread "Thread-23"                         [_thread_blocked, id=312412, stack(0x000071b4a3b00000,0x000071b4a3c00000) (1024K)]
  0x00007e62cc5bad90 JavaThread "Thread-24"                         [_thread_blocked, id=312413, stack(0x000071b4a3a00000,0x000071b4a3b00000) (1024K)]
  0x00007e62cc5bc230 JavaThread "Thread-25"                         [_thread_blocked, id=312414, stack(0x000071b4a3900000,0x000071b4a3a00000) (1024K)]
  0x00007e62cc5bd6d0 JavaThread "Thread-26"                         [_thread_blocked, id=312415, stack(0x000071b4a3800000,0x000071b4a3900000) (1024K)]
  0x00007e62cc5beb70 JavaThread "Thread-27"                         [_thread_blocked, id=312416, stack(0x000071b4a3700000,0x000071b4a3800000) (1024K)]
  0x00007e62cc5c0400 JavaThread "Thread-28"                         [_thread_blocked, id=312417, stack(0x000071b4a3600000,0x000071b4a3700000) (1024K)]
  0x00007e62cc5d9cd0 JavaThread "Thread-29"                         [_thread_blocked, id=312418, stack(0x000071b4a3500000,0x000071b4a3600000) (1024K)]
  0x00007e62cc5db520 JavaThread "Thread-30"                         [_thread_blocked, id=312419, stack(0x000071b4a3400000,0x000071b4a3500000) (1024K)]
  0x00007e62cc5dcd70 JavaThread "Thread-31"                         [_thread_blocked, id=312420, stack(0x000071b4a3300000,0x000071b4a3400000) (1024K)]
  0x000071b5100f68a0 JavaThread "C2 CompilerThread3"         daemon [_thread_blocked, id=312421, stack(0x000071b4a3200000,0x000071b4a3300000) (1024K)]
  0x000071b5100fb1d0 JavaThread "C2 CompilerThread4"         daemon [_thread_blocked, id=312422, stack(0x000071b4a3100000,0x000071b4a3200000) (1024K)]
  0x000071b4f80c7e90 JavaThread "C2 CompilerThread5"         daemon [_thread_blocked, id=312423, stack(0x000071b4a3000000,0x000071b4a3100000) (1024K)]
  0x000071b5040edba0 JavaThread "C2 CompilerThread6"         daemon [_thread_in_native, id=312424, stack(0x000071b4a2f00000,0x000071b4a3000000) (1024K)]
  0x000071b4f80f1ff0 JavaThread "C2 CompilerThread7"         daemon [_thread_blocked, id=312425, stack(0x000071b4a2e00000,0x000071b4a2f00000) (1024K)]
  0x000071b504158e30 JavaThread "C2 CompilerThread8"         daemon [_thread_blocked, id=312426, stack(0x000071b4a2d00000,0x000071b4a2e00000) (1024K)]
  0x000071b50415a580 JavaThread "C2 CompilerThread9"         daemon [_thread_in_native, id=312427, stack(0x000071b4a2c00000,0x000071b4a2d00000) (1024K)]
Total: 56

Other Threads:
  0x00007e62cc51b320 VMThread "VM Thread"                           [id=312349, stack(0x00007e62946ff000,0x00007e62947ff000) (1024K)]
  0x00007e62cc508f50 WatcherThread "VM Periodic Task Thread"        [id=312348, stack(0x00007e62d0100000,0x00007e62d0200000) (1024K)]

=>0x00007e62cc5312c0 (exited) NamedThread "MMTk Collector Thread"   [id=312356, stack(0x000071b5dc4fe000,0x000071b5dc5fe000) (1024K)]
Total: 3

Threads with active compile tasks:
C2 CompilerThread0  3010 2251       4       org.apache.xalan.templates.StylesheetRoot::getWhiteSpaceInfo (26 bytes)
C2 CompilerThread1  3010 2249   !   4       org.apache.xalan.templates.TemplateList::getTemplate (131 bytes)
C2 CompilerThread2  3010 2929       4       org.apache.xalan.templates.ElemNumber$NumberFormatStringTokenizer::nextToken (113 bytes)
C2 CompilerThread3  3010 2658       4       org.apache.xpath.axes.ChildTestIterator::detach (17 bytes)
C2 CompilerThread4  3010 2537       4       org.apache.xpath.axes.ChildTestIterator::setRoot (21 bytes)
C2 CompilerThread5  3010 2584   !   4       org.apache.xpath.XPath::bool (202 bytes)
C2 CompilerThread6  3010 2322   !   4       org.apache.xalan.templates.ElemApplyTemplates::transformSelectedNodes (979 bytes)
C2 CompilerThread7  3010 2250       4       org.apache.xalan.templates.TemplateList::getHead (200 bytes)
C2 CompilerThread8  3010 2754 % !   4       org.apache.xerces.impl.XMLDocumentFragmentScannerImpl$FragmentContentDispatcher::dispatch @ 145 (1118 bytes)
C2 CompilerThread9  3010 2428   !   4       org.apache.xalan.templates.ElemLiteralResult::execute (312 bytes)
Total: 10

VM state: at safepoint (normal execution)

VM Mutex/Monitor currently owned by a thread:  ([mutex/lock_event])
[0x00007e62d23580d0] Threads_lock - owner thread: 0x00007e62cc51b320
[0x00007e62d2357fd0] Heap_lock - owner thread: 0x00007e62cc3e4860

Heap address: 0x0000000040000000, size: 3072 MB, Compressed Oops mode: 32-bit

CDS archive(s) mapped at: [0x000071b597000000-0x000071b597ca3000-0x000071b597ca3000), size 13250560, SharedBaseAddress: 0x000071b597000000, ArchiveRelocationMode: 1.
Compressed class space mapped at: 0x000071b598000000-0x000071b5d8000000, reserved size: 1073741824
Narrow klass base: 0x000071b597000000, Narrow klass shift: 0, Narrow klass range: 0x100000000

GC Precious Log:
<Empty>

Heap:

[error occurred during error reporting (printing heap information), id 0xe0000000, Internal Error (/mydata/mmtk-openjdk/openjdk/share/mmtkHeap.cpp:424)]
Metaspace:

Usage:
  Non-class:      7.01 MB used.
      Class:    969.73 KB used.
       Both:      7.96 MB used.

Virtual space:
  Non-class space:       64.00 MB reserved,       7.12 MB ( 11%) committed,  1 nodes.
      Class space:        1.00 GB reserved,       1.06 MB ( <1%) committed,  1 nodes.
             Both:        1.06 GB reserved,       8.19 MB ( <1%) committed. 

Chunk freelists:
   Non-Class:  7.36 MB
       Class:  14.99 MB
        Both:  22.35 MB

MaxMetaspaceSize: unlimited
CompressedClassSpaceSize: 1.00 GB
Initial GC threshold: 21.00 MB
Current GC threshold: 21.00 MB
CDS: on
 - commit_granule_bytes: 65536.
 - commit_granule_words: 8192.
 - virtual_space_node_default_size: 8388608.
 - enlarge_chunks_in_place: 1.
 - use_allocation_guard: 0.


Internal statistics:

num_allocs_failed_limit: 0.
num_arena_births: 132.
num_arena_deaths: 0.
num_vsnodes_births: 2.
num_vsnodes_deaths: 0.
num_space_committed: 131.
num_space_uncommitted: 0.
num_chunks_returned_to_freelist: 0.
num_chunks_taken_from_freelist: 380.
num_chunk_merges: 0.
num_chunk_splits: 268.
num_chunks_enlarged: 203.
num_inconsistent_stats: 0.

CodeHeap 'non-profiled nmethods': size=118880Kb used=1386Kb max_used=1386Kb free=117493Kb
 bounds [0x00007e62bc3e8000, 0x00007e62bc658000, 0x00007e62c3800000]
CodeHeap 'profiled nmethods': size=118876Kb used=6303Kb max_used=6303Kb free=112572Kb
 bounds [0x00007e62b4800000, 0x00007e62b4e30000, 0x00007e62bbc17000]
CodeHeap 'non-nmethods': size=8004Kb used=3560Kb max_used=3663Kb free=4443Kb
 bounds [0x00007e62bbc17000, 0x00007e62bbfb7000, 0x00007e62bc3e8000]
CodeCache: size=245760Kb, used=11249Kb, max_used=11352Kb, free=234508Kb
 total_blobs=3339, nmethods=2855, adapters=381, full_count=0
Compilation: enabled, stopped_count=0, restarted_count=0

Compilation events (20 events):
Event: 2.976 Thread 0x000071b504040ca0 2931       3       org.apache.xpath.objects.XNodeSet::getStringFromNode (24 bytes)
Event: 3.000 Thread 0x000071b504040ca0 nmethod 2931 0x00007e62b4e27790 code [0x00007e62b4e27960, 0x00007e62b4e27c90]
Event: 3.000 Thread 0x000071b50c09ac70 nmethod 2412 0x00007e62bc524310 code [0x00007e62bc524840, 0x00007e62bc5276b8]
Event: 3.000 Thread 0x000071b50c09ac70 2929       4       org.apache.xalan.templates.ElemNumber$NumberFormatStringTokenizer::nextToken (113 bytes)
Event: 3.000 Thread 0x000071b5100fb1d0 nmethod 2927% 0x00007e62bc529890 code [0x00007e62bc529a60, 0x00007e62bc529f20]
Event: 3.000 Thread 0x000071b5100fb1d0 2371       4       org.apache.xerces.impl.XMLScanner::isInvalidLiteral (5 bytes)
Event: 3.001 Thread 0x000071b4f80c7e90 nmethod 2460 0x00007e62bc52a210 code [0x00007e62bc52a500, 0x00007e62bc52b538]
Event: 3.001 Thread 0x000071b5100fb1d0 nmethod 2371 0x00007e62bc52c510 code [0x00007e62bc52c6a0, 0x00007e62bc52c798]
Event: 3.001 Thread 0x000071b5100fb1d0 2537       4       org.apache.xpath.axes.ChildTestIterator::setRoot (21 bytes)
Event: 3.001 Thread 0x000071b4f80c7e90 2584   !   4       org.apache.xpath.XPath::bool (202 bytes)
Event: 3.001 Thread 0x000071b4f80f1ff0 nmethod 2860 0x00007e62bc52c890 code [0x00007e62bc52cc20, 0x00007e62bc52e4a0]
Event: 3.001 Thread 0x000071b4f80f1ff0 2600       4       org.apache.xpath.NodeSetDTM::runTo (55 bytes)
Event: 3.001 Thread 0x000071b51006a690 nmethod 2838 0x00007e62bc52f790 code [0x00007e62bc52fc80, 0x00007e62bc5325f0]
Event: 3.001 Thread 0x000071b51006a690 2249   !   4       org.apache.xalan.templates.TemplateList::getTemplate (131 bytes)
Event: 3.002 Thread 0x000071b4f80f1ff0 nmethod 2600 0x00007e62bc533e90 code [0x00007e62bc534020, 0x00007e62bc534100]
Event: 3.002 Thread 0x000071b4f80f1ff0 2250       4       org.apache.xalan.templates.TemplateList::getHead (200 bytes)
Event: 3.003 Thread 0x00007e62cc54d3d0 nmethod 2411 0x00007e62bc534190 code [0x00007e62bc534740, 0x00007e62bc538208]
Event: 3.003 Thread 0x000071b5100f68a0 nmethod 2697 0x00007e62bc53aa10 code [0x00007e62bc53af20, 0x00007e62bc53fae0]
Event: 3.003 Thread 0x00007e62cc54d3d0 2251       4       org.apache.xalan.templates.StylesheetRoot::getWhiteSpaceInfo (26 bytes)
Event: 3.004 Thread 0x000071b5100f68a0 2658       4       org.apache.xpath.axes.ChildTestIterator::detach (17 bytes)

GC Heap History (0 events):
No events

Dll operation events (7 events):
Event: 0.001 Loaded shared library /mydata/openjdk-mmtk/build/b0test/images/jdk/lib/libjava.so
Event: 2.220 Loaded shared library /mydata/openjdk-mmtk/build/b0test/images/jdk/lib/libjsvml.so
Event: 2.233 Loaded shared library /mydata/openjdk-mmtk/build/b0test/images/jdk/lib/libnio.so
Event: 2.237 Loaded shared library /mydata/openjdk-mmtk/build/b0test/images/jdk/lib/libzip.so
Event: 2.250 Loaded shared library /mydata/openjdk-mmtk/build/b0test/images/jdk/lib/libjimage.so
Event: 2.276 Loaded shared library /mydata/openjdk-mmtk/build/b0test/images/jdk/lib/libnet.so
Event: 2.375 Loaded shared library /mydata/openjdk-mmtk/build/b0test/images/jdk/lib/libverify.so

Deoptimization events (20 events):
Event: 2.834 Thread 0x00007e62cc3e3a60 DEOPT UNPACKING pc=0x00007e62bbc6a899 sp=0x000071b5943eddf0 mode 2
Event: 2.834 Thread 0x00007e62cc7ccb00 DEOPT UNPACKING pc=0x00007e62bbc6a899 sp=0x000071b594eecac0 mode 2
Event: 2.834 Thread 0x00007e62cc7b9500 Uncommon trap: reason=loop_limit_check action=maybe_recompile pc=0x00007e62bc4d43f4 method=org.apache.xml.dtm.ref.DTMDefaultBase.getFirstAttributeIdentity(I)I @ 19 c2
Event: 2.834 Thread 0x00007e62cc7d7210 DEOPT UNPACKING pc=0x00007e62bbc6a899 sp=0x000071b5946ede70 mode 2
Event: 2.834 Thread 0x00007e62cc7b9500 DEOPT PACKING pc=0x00007e62bc4d43f4 sp=0x000071b5952edf30
Event: 2.834 Thread 0x00007e62cc5c0400 DEOPT UNPACKING pc=0x00007e62bbc6a899 sp=0x000071b4a36fce70 mode 2
Event: 2.834 Thread 0x00007e62cc7c9eb0 DEOPT UNPACKING pc=0x00007e62bbc6a899 sp=0x000071b4a3cfc7e0 mode 2
Event: 2.834 Thread 0x00007e62cc5bc230 DEOPT PACKING pc=0x00007e62bc4d43f4 sp=0x000071b4a39fc110
Event: 2.834 Thread 0x00007e62cc7b9500 DEOPT UNPACKING pc=0x00007e62bbc6a899 sp=0x000071b5952edef0 mode 2
Event: 2.834 Thread 0x00007e62cc5bc230 DEOPT UNPACKING pc=0x00007e62bbc6a899 sp=0x000071b4a39fc0d0 mode 2
Event: 2.868 Thread 0x00007e62cc5bc230 Uncommon trap: trap_request=0xffffff6e fr.pc=0x00007e62bc4f2168 relative=0x0000000000002f68
Event: 2.868 Thread 0x00007e62cc5bc230 Uncommon trap: reason=loop_limit_check action=maybe_recompile pc=0x00007e62bc4f2168 method=org.apache.xerces.parsers.AbstractSAXParser.startElement(Lorg/apache/xerces/xni/QName;Lorg/apache/xerces/xni/XMLAttributes;Lorg/apache/xerces/xni/Augmentations;)V @
Event: 2.868 Thread 0x00007e62cc5bc230 DEOPT PACKING pc=0x00007e62bc4f2168 sp=0x000071b4a39fe300
Event: 2.868 Thread 0x00007e62cc5bc230 DEOPT UNPACKING pc=0x00007e62bbc6a899 sp=0x000071b4a39fe248 mode 2
Event: 2.928 Thread 0x00007e62cc7cac30 DEOPT PACKING pc=0x00007e62b4d51fe6 sp=0x000071b5950ef480
Event: 2.928 Thread 0x00007e62cc7cac30 DEOPT UNPACKING pc=0x00007e62bbc6b02f sp=0x000071b5950ee960 mode 0
Event: 2.935 Thread 0x00007e62cc7c8a10 DEOPT PACKING pc=0x00007e62b4d5f33e sp=0x000071b4a3dfe600
Event: 2.935 Thread 0x00007e62cc7c8a10 DEOPT UNPACKING pc=0x00007e62bbc6b02f sp=0x000071b4a3dfdbf8 mode 0
Event: 2.971 Thread 0x00007e62cc5b99a0 DEOPT PACKING pc=0x00007e62b4d82480 sp=0x000071b4a3bfe460
Event: 2.971 Thread 0x00007e62cc5b99a0 DEOPT UNPACKING pc=0x00007e62bbc6b02f sp=0x000071b4a3bfda40 mode 0

Classes loaded (20 events):
Event: 2.637 Loading class java/util/ResourceBundle$KeyElementReference
Event: 2.637 Loading class java/util/ResourceBundle$CacheKeyReference
Event: 2.637 Loading class java/util/ResourceBundle$CacheKeyReference done
Event: 2.637 Loading class java/util/ResourceBundle$KeyElementReference done
Event: 2.638 Loading class java/util/ResourceBundle$Control$2
Event: 2.638 Loading class java/util/ResourceBundle$Control$2 done
Event: 2.639 Loading class sun/util/PropertyResourceBundleCharset
Event: 2.639 Loading class sun/util/PropertyResourceBundleCharset done
Event: 2.639 Loading class sun/util/PropertyResourceBundleCharset$PropertiesFileDecoder
Event: 2.639 Loading class sun/util/PropertyResourceBundleCharset$PropertiesFileDecoder done
Event: 2.640 Loading class java/util/ResourceBundle$BundleReference
Event: 2.640 Loading class java/util/ResourceBundle$BundleReference done
Event: 2.641 Loading class sun/util/ResourceBundleEnumeration
Event: 2.641 Loading class sun/util/ResourceBundleEnumeration done
Event: 2.647 Loading class sun/nio/cs/ISO_8859_1$Encoder
Event: 2.647 Loading class sun/nio/cs/ISO_8859_1$Encoder done
Event: 2.680 Loading class java/util/ResourceBundle$Control$1
Event: 2.680 Loading class java/util/ResourceBundle$Control$1 done
Event: 2.700 Loading class java/lang/foreign/MemorySegment
Event: 2.700 Loading class java/lang/foreign/MemorySegment done

Classes unloaded (0 events):
No events

Classes redefined (0 events):
No events

Internal exceptions (13 events):
Event: 2.243 Thread 0x00007e62cc02b240 Exception <a 'java/lang/NoSuchMethodError'{0x0000000040334090}: 'java.lang.Object java.lang.invoke.DirectMethodHandle$Holder.newInvokeSpecial(java.lang.Object, int, java.lang.Object)'> (0x0000000040334090) 
thrown [src/hotspot/share/interpreter/linkResolver.cpp, line 772]
Event: 2.253 Thread 0x00007e62cc02b240 Exception <a 'java/lang/NoSuchMethodError'{0x00000000402f9e28}: 'void java.lang.invoke.DirectMethodHandle$Holder.invokeStatic(java.lang.Object, java.lang.Object)'> (0x00000000402f9e28) 
thrown [src/hotspot/share/interpreter/linkResolver.cpp, line 772]
Event: 2.253 Thread 0x00007e62cc02b240 Exception <a 'java/lang/NoSuchMethodError'{0x00000000402fd820}: 'void java.lang.invoke.DirectMethodHandle$Holder.invokeSpecial(java.lang.Object, java.lang.Object, java.lang.Object)'> (0x00000000402fd820) 
thrown [src/hotspot/share/interpreter/linkResolver.cpp, line 772]
Event: 2.295 Thread 0x00007e62cc02b240 Exception <a 'java/lang/NoSuchMethodError'{0x00000000401b5ca8}: 'void java.lang.invoke.DirectMethodHandle$Holder.invokeVirtual(java.lang.Object, java.lang.Object)'> (0x00000000401b5ca8) 
thrown [src/hotspot/share/interpreter/linkResolver.cpp, line 772]
Event: 2.302 Thread 0x00007e62cc02b240 Exception <a 'java/io/FileNotFoundException'{0x0000000040180bc0}> (0x0000000040180bc0) 
thrown [src/hotspot/share/prims/jni.cpp, line 520]
Event: 2.313 Thread 0x00007e62cc02b240 Exception <a 'java/lang/NoSuchMethodError'{0x00000000401198c8}: 'java.lang.Object java.lang.invoke.Invokers$Holder.invokeExact_MT(java.lang.Object, java.lang.Object, java.lang.Object, java.lang.Object, java.lang.Object)'> (0x00000000401198c8) 
thrown [src/hotspot/share/interpreter/linkResolver.cpp, line 772]
Event: 2.496 Thread 0x00007e62cc02b240 Exception <a 'java/lang/NoSuchMethodError'{0x0000000040eab5b0}: 'void java.lang.invoke.DirectMethodHandle$Holder.invokeVirtual(java.lang.Object, java.lang.Object, int)'> (0x0000000040eab5b0) 
thrown [src/hotspot/share/interpreter/linkResolver.cpp, line 772]
Event: 2.497 Thread 0x00007e62cc02b240 Exception <a 'java/lang/NoSuchMethodError'{0x0000000040eafcd8}: 'int java.lang.invoke.DirectMethodHandle$Holder.invokeSpecial(java.lang.Object, java.lang.Object, java.lang.Object, int)'> (0x0000000040eafcd8) 
thrown [src/hotspot/share/interpreter/linkResolver.cpp, line 772]
Event: 2.498 Thread 0x00007e62cc02b240 Exception <a 'java/lang/NoSuchMethodError'{0x0000000040e92a98}: 'java.lang.Object java.lang.invoke.DirectMethodHandle$Holder.invokeStatic(java.lang.Object, java.lang.Object, java.lang.Object, java.lang.Object, int)'> (0x0000000040e92a98) 
thrown [src/hotspot/share/interpreter/linkResolver.cpp, line 772]
Event: 2.499 Thread 0x00007e62cc02b240 Exception <a 'java/lang/NoSuchMethodError'{0x0000000040e8dcb8}: 'void java.lang.invoke.DelegatingMethodHandle$Holder.reinvoke_L(java.lang.Object, java.lang.Object, int)'> (0x0000000040e8dcb8) 
thrown [src/hotspot/share/interpreter/linkResolver.cpp, line 772]
Event: 2.500 Thread 0x00007e62cc02b240 Exception <a 'java/lang/NoSuchMethodError'{0x0000000040e84a28}: 'int java.lang.invoke.DirectMethodHandle$Holder.invokeSpecial(java.lang.Object, java.lang.Object, java.lang.Object)'> (0x0000000040e84a28) 
thrown [src/hotspot/share/interpreter/linkResolver.cpp, line 772]
Event: 2.569 Thread 0x00007e62cc02b240 Exception <a 'java/lang/NoSuchMethodError'{0x00000000413b6268}: 'void java.lang.invoke.DelegatingMethodHandle$Holder.reinvoke_L(java.lang.Object, java.lang.Object, int, int)'> (0x00000000413b6268) 
thrown [src/hotspot/share/interpreter/linkResolver.cpp, line 772]
Event: 2.636 Thread 0x00007e62cc3e1200 Exception <a 'java/lang/NoSuchMethodError'{0x0000000040d314c8}: 'java.lang.Object java.lang.invoke.DirectMethodHandle$Holder.invokeInterface(java.lang.Object, java.lang.Object)'> (0x0000000040d314c8) 
thrown [src/hotspot/share/interpreter/linkResolver.cpp, line 772]

ZGC Phase Switch (0 events):
No events

VM Operations (20 events):
Event: 2.756 Executing VM operation: ICBufferFull done
Event: 2.764 Executing VM operation: ICBufferFull
Event: 2.764 Executing VM operation: ICBufferFull done
Event: 2.765 Executing VM operation: ICBufferFull
Event: 2.768 Executing VM operation: ICBufferFull done
Event: 2.768 Executing VM operation: ICBufferFull
Event: 2.770 Executing VM operation: ICBufferFull done
Event: 2.770 Executing VM operation: ICBufferFull
Event: 2.770 Executing VM operation: ICBufferFull done
Event: 2.770 Executing VM operation: ICBufferFull
Event: 2.771 Executing VM operation: ICBufferFull done
Event: 2.773 Executing VM operation: ICBufferFull
Event: 2.773 Executing VM operation: ICBufferFull done
Event: 2.773 Executing VM operation: ICBufferFull
Event: 2.774 Executing VM operation: ICBufferFull done
Event: 2.970 Executing VM operation: ICBufferFull
Event: 2.973 Executing VM operation: ICBufferFull done
Event: 2.976 Executing VM operation: ThirdPartyHeapOperation
Event: 2.999 Executing VM operation: ThirdPartyHeapOperation done
Event: 3.004 Executing VM operation: ThirdPartyHeapOperation

Memory protections (20 events):
Event: 2.605 Protecting memory [0x000071b4a3f00000,0x000071b4a3f04000] with protection modes 0
Event: 2.605 Protecting memory [0x000071b4a3e00000,0x000071b4a3e04000] with protection modes 0
Event: 2.605 Protecting memory [0x000071b4a3d00000,0x000071b4a3d04000] with protection modes 0
Event: 2.605 Protecting memory [0x000071b4a3c00000,0x000071b4a3c04000] with protection modes 0
Event: 2.605 Protecting memory [0x000071b4a3b00000,0x000071b4a3b04000] with protection modes 0
Event: 2.605 Protecting memory [0x000071b4a3a00000,0x000071b4a3a04000] with protection modes 0
Event: 2.605 Protecting memory [0x000071b4a3900000,0x000071b4a3904000] with protection modes 0
Event: 2.605 Protecting memory [0x000071b4a3800000,0x000071b4a3804000] with protection modes 0
Event: 2.605 Protecting memory [0x000071b4a3700000,0x000071b4a3704000] with protection modes 0
Event: 2.606 Protecting memory [0x000071b4a3600000,0x000071b4a3604000] with protection modes 0
Event: 2.606 Protecting memory [0x000071b4a3500000,0x000071b4a3504000] with protection modes 0
Event: 2.606 Protecting memory [0x000071b4a3400000,0x000071b4a3404000] with protection modes 0
Event: 2.606 Protecting memory [0x000071b4a3300000,0x000071b4a3304000] with protection modes 0
Event: 2.653 Protecting memory [0x000071b4a3200000,0x000071b4a3204000] with protection modes 0
Event: 2.681 Protecting memory [0x000071b4a3100000,0x000071b4a3104000] with protection modes 0
Event: 2.684 Protecting memory [0x000071b4a3000000,0x000071b4a3004000] with protection modes 0
Event: 2.684 Protecting memory [0x000071b4a2f00000,0x000071b4a2f04000] with protection modes 0
Event: 2.689 Protecting memory [0x000071b4a2e00000,0x000071b4a2e04000] with protection modes 0
Event: 2.700 Protecting memory [0x000071b4a2d00000,0x000071b4a2d04000] with protection modes 0
Event: 2.701 Protecting memory [0x000071b4a2c00000,0x000071b4a2c04000] with protection modes 0

Nmethod flushes (0 events):
No events

Events (20 events):
Event: 2.605 Thread 0x00007e62cc02b240 Thread added: 0x00007e62cc7c5e50
Event: 2.605 Thread 0x00007e62cc02b240 Thread added: 0x00007e62cc7c7430
Event: 2.605 Thread 0x00007e62cc02b240 Thread added: 0x00007e62cc7c8a10
Event: 2.605 Thread 0x00007e62cc02b240 Thread added: 0x00007e62cc7c9eb0
Event: 2.605 Thread 0x00007e62cc02b240 Thread added: 0x00007e62cc5b99a0
Event: 2.605 Thread 0x00007e62cc02b240 Thread added: 0x00007e62cc5bad90
Event: 2.605 Thread 0x00007e62cc02b240 Thread added: 0x00007e62cc5bc230
Event: 2.605 Thread 0x00007e62cc02b240 Thread added: 0x00007e62cc5bd6d0
Event: 2.605 Thread 0x00007e62cc02b240 Thread added: 0x00007e62cc5beb70
Event: 2.605 Thread 0x00007e62cc02b240 Thread added: 0x00007e62cc5c0400
Event: 2.606 Thread 0x00007e62cc02b240 Thread added: 0x00007e62cc5d9cd0
Event: 2.606 Thread 0x00007e62cc02b240 Thread added: 0x00007e62cc5db520
Event: 2.606 Thread 0x00007e62cc02b240 Thread added: 0x00007e62cc5dcd70
Event: 2.653 Thread 0x00007e62cc556da0 Thread added: 0x000071b5100f68a0
Event: 2.681 Thread 0x00007e62cc556da0 Thread added: 0x000071b5100fb1d0
Event: 2.684 Thread 0x000071b50403f670 Thread added: 0x000071b4f80c7e90
Event: 2.684 Thread 0x000071b5100558b0 Thread added: 0x000071b5040edba0
Event: 2.689 Thread 0x000071b50403f670 Thread added: 0x000071b4f80f1ff0
Event: 2.700 Thread 0x000071b5100558b0 Thread added: 0x000071b504158e30
Event: 2.700 Thread 0x000071b5100558b0 Thread added: 0x000071b50415a580


Dynamic libraries:
40000000-40400000 rw-p 00000000 00:00 0                                  [anon:mmtk:space:immix]
40400000-40800000 rw-p 00000000 00:00 0                                  [anon:mmtk:space:los]
40800000-41400000 rw-p 00000000 00:00 0                                  [anon:mmtk:space:immix]
41400000-41800000 rw-p 00000000 00:00 0                                  [anon:mmtk:space:los]
41800000-41c00000 rw-p 00000000 00:00 0                                  [anon:mmtk:space:immix]
41c00000-42000000 rw-p 00000000 00:00 0                                  [anon:mmtk:space:los]
42000000-42400000 rw-p 00000000 00:00 0                                  [anon:mmtk:space:immix]
42400000-42800000 rw-p 00000000 00:00 0                                  [anon:mmtk:space:los]
42800000-43000000 rw-p 00000000 00:00 0                                  [anon:mmtk:space:immix]
43000000-43400000 rw-p 00000000 00:00 0                                  [anon:mmtk:space:los]
43400000-43800000 rw-p 00000000 00:00 0                                  [anon:mmtk:space:immix]
43800000-43c00000 rw-p 00000000 00:00 0                                  [anon:mmtk:space:los]
43c00000-44400000 rw-p 00000000 00:00 0                                  [anon:mmtk:space:immix]
44400000-44800000 rw-p 00000000 00:00 0                                  [anon:mmtk:space:los]
44800000-44c00000 rw-p 00000000 00:00 0                                  [anon:mmtk:space:immix]
44c00000-45000000 rw-p 00000000 00:00 0                                  [anon:mmtk:space:los]
45000000-45800000 rw-p 00000000 00:00 0                                  [anon:mmtk:space:immix]
45800000-45c00000 rw-p 00000000 00:00 0                                  [anon:mmtk:space:los]
45c00000-46400000 rw-p 00000000 00:00 0                                  [anon:mmtk:space:immix]
46400000-46800000 rw-p 00000000 00:00 0                                  [anon:mmtk:space:los]
46800000-46c00000 rw-p 00000000 00:00 0                                  [anon:mmtk:space:immix]
46c00000-47000000 rw-p 00000000 00:00 0                                  [anon:mmtk:space:los]
47000000-47400000 rw-p 00000000 00:00 0                                  [anon:mmtk:space:immix]
47400000-47800000 rw-p 00000000 00:00 0                                  [anon:mmtk:space:los]
47800000-48000000 rw-p 00000000 00:00 0                                  [anon:mmtk:space:immix]
48000000-48400000 rw-p 00000000 00:00 0                                  [anon:mmtk:space:los]
48400000-48c00000 rw-p 00000000 00:00 0                                  [anon:mmtk:space:immix]
48c00000-49000000 rw-p 00000000 00:00 0                                  [anon:mmtk:space:los]
49000000-49800000 rw-p 00000000 00:00 0                                  [anon:mmtk:space:immix]
49800000-49c00000 rw-p 00000000 00:00 0                                  [anon:mmtk:space:los]
49c00000-4a000000 rw-p 00000000 00:00 0                                  [anon:mmtk:space:immix]
4a000000-4a400000 rw-p 00000000 00:00 0                                  [anon:mmtk:space:los]
4a400000-4ac00000 rw-p 00000000 00:00 0                                  [anon:mmtk:space:immix]
4ac00000-4b000000 rw-p 00000000 00:00 0                                  [anon:mmtk:space:los]
4b000000-4b400000 rw-p 00000000 00:00 0                                  [anon:mmtk:space:immix]
4b400000-4b800000 rw-p 00000000 00:00 0                                  [anon:mmtk:space:los]
4b800000-4c000000 rw-p 00000000 00:00 0                                  [anon:mmtk:space:immix]
4c000000-4c400000 rw-p 00000000 00:00 0                                  [anon:mmtk:space:los]
4c400000-4c800000 rw-p 00000000 00:00 0                                  [anon:mmtk:space:immix]
4c800000-4cc00000 rw-p 00000000 00:00 0                                  [anon:mmtk:space:los]
4cc00000-4d400000 rw-p 00000000 00:00 0                                  [anon:mmtk:space:immix]
4d400000-4d800000 rw-p 00000000 00:00 0                                  [anon:mmtk:space:los]
4d800000-4e000000 rw-p 00000000 00:00 0                                  [anon:mmtk:space:immix]
4e000000-4e400000 rw-p 00000000 00:00 0                                  [anon:mmtk:space:los]
4e400000-4ec00000 rw-p 00000000 00:00 0                                  [anon:mmtk:space:immix]
4ec00000-4f000000 rw-p 00000000 00:00 0                                  [anon:mmtk:space:los]
4f000000-4f400000 rw-p 00000000 00:00 0                                  [anon:mmtk:space:immix]
4f400000-4f800000 rw-p 00000000 00:00 0                                  [anon:mmtk:space:los]
4f800000-50000000 rw-p 00000000 00:00 0                                  [anon:mmtk:space:immix]
50000000-50400000 rw-p 00000000 00:00 0                                  [anon:mmtk:space:los]
50400000-50800000 rw-p 00000000 00:00 0                                  [anon:mmtk:space:immix]
200000000000-2000c00c0000 rw-s 00000000 00:10 68                         anon_inode:bpf-map
5d42e696f000-5d42e6970000 r--p 00000000 fc:00 49676337                   /mydata/openjdk-mmtk/build/b0test/images/jdk/bin/java
5d42e6970000-5d42e6971000 r-xp 00001000 fc:00 49676337                   /mydata/openjdk-mmtk/build/b0test/images/jdk/bin/java
5d42e6971000-5d42e6972000 r--p 00002000 fc:00 49676337                   /mydata/openjdk-mmtk/build/b0test/images/jdk/bin/java
5d42e6972000-5d42e6973000 r--p 00002000 fc:00 49676337                   /mydata/openjdk-mmtk/build/b0test/images/jdk/bin/java
5d42e6973000-5d42e6974000 rw-p 00003000 fc:00 49676337                   /mydata/openjdk-mmtk/build/b0test/images/jdk/bin/java
5d431ab7c000-5d431abc4000 rw-p 00000000 00:00 0                          [heap]
71b448000000-71b448ca5000 rw-p 00000000 00:00 0 
71b448ca5000-71b44c000000 ---p 00000000 00:00 0 
71b450000000-71b4506d7000 rw-p 00000000 00:00 0 
71b4506d7000-71b454000000 ---p 00000000 00:00 0 
71b454000000-71b454807000 rw-p 00000000 00:00 0 
71b454807000-71b458000000 ---p 00000000 00:00 0 
71b458000000-71b4588a8000 rw-p 00000000 00:00 0 
71b4588a8000-71b45c000000 ---p 00000000 00:00 0 
71b45c000000-71b45cb9f000 rw-p 00000000 00:00 0 
71b45cb9f000-71b460000000 ---p 00000000 00:00 0 
71b460000000-71b460907000 rw-p 00000000 00:00 0 
71b460907000-71b464000000 ---p 00000000 00:00 0 
71b464000000-71b46473f000 rw-p 00000000 00:00 0 
71b46473f000-71b468000000 ---p 00000000 00:00 0 
71b468000000-71b468021000 rw-p 00000000 00:00 0 
71b468021000-71b46c000000 ---p 00000000 00:00 0 
71b46c000000-71b46c05b000 rw-p 00000000 00:00 0 
71b46c05b000-71b470000000 ---p 00000000 00:00 0 
71b470000000-71b470022000 rw-p 00000000 00:00 0 
71b470022000-71b474000000 ---p 00000000 00:00 0 
71b474000000-71b474021000 rw-p 00000000 00:00 0 
71b474021000-71b478000000 ---p 00000000 00:00 0 
71b478000000-71b478021000 rw-p 00000000 00:00 0 
71b478021000-71b47c000000 ---p 00000000 00:00 0 
71b47c000000-71b47c021000 rw-p 00000000 00:00 0 
71b47c021000-71b480000000 ---p 00000000 00:00 0 
71b480000000-71b480021000 rw-p 00000000 00:00 0 
71b480021000-71b484000000 ---p 00000000 00:00 0 
71b484000000-71b484023000 rw-p 00000000 00:00 0 
71b484023000-71b488000000 ---p 00000000 00:00 0 
71b488000000-71b488027000 rw-p 00000000 00:00 0 
71b488027000-71b48c000000 ---p 00000000 00:00 0 
71b48c000000-71b48c021000 rw-p 00000000 00:00 0 
71b48c021000-71b490000000 ---p 00000000 00:00 0 
71b490000000-71b490035000 rw-p 00000000 00:00 0 
71b490035000-71b494000000 ---p 00000000 00:00 0 
71b494000000-71b49405b000 rw-p 00000000 00:00 0 
71b49405b000-71b498000000 ---p 00000000 00:00 0 
71b498000000-71b498021000 rw-p 00000000 00:00 0 
71b498021000-71b49c000000 ---p 00000000 00:00 0 
71b49c000000-71b49c021000 rw-p 00000000 00:00 0 
71b49c021000-71b4a0000000 ---p 00000000 00:00 0 
71b4a2a48000-71b4a2c00000 rw-p 00000000 00:00 0 
71b4a2c00000-71b4a2c04000 ---p 00000000 00:00 0 
71b4a2c04000-71b4a2d00000 rw-p 00000000 00:00 0 
71b4a2d00000-71b4a2d04000 ---p 00000000 00:00 0 
71b4a2d04000-71b4a2e00000 rw-p 00000000 00:00 0 
71b4a2e00000-71b4a2e04000 ---p 00000000 00:00 0 
71b4a2e04000-71b4a2f00000 rw-p 00000000 00:00 0 
71b4a2f00000-71b4a2f04000 ---p 00000000 00:00 0 
71b4a2f04000-71b4a3000000 rw-p 00000000 00:00 0 
71b4a3000000-71b4a3004000 ---p 00000000 00:00 0 
71b4a3004000-71b4a3100000 rw-p 00000000 00:00 0 
71b4a3100000-71b4a3104000 ---p 00000000 00:00 0 
71b4a3104000-71b4a3200000 rw-p 00000000 00:00 0 
71b4a3200000-71b4a3204000 ---p 00000000 00:00 0 
71b4a3204000-71b4a3300000 rw-p 00000000 00:00 0 
71b4a3300000-71b4a3304000 ---p 00000000 00:00 0 
71b4a3304000-71b4a3400000 rw-p 00000000 00:00 0 
71b4a3400000-71b4a3404000 ---p 00000000 00:00 0 
71b4a3404000-71b4a3500000 rw-p 00000000 00:00 0 
71b4a3500000-71b4a3504000 ---p 00000000 00:00 0 
71b4a3504000-71b4a3600000 rw-p 00000000 00:00 0 
71b4a3600000-71b4a3604000 ---p 00000000 00:00 0 
71b4a3604000-71b4a3700000 rw-p 00000000 00:00 0 
71b4a3700000-71b4a3704000 ---p 00000000 00:00 0 
71b4a3704000-71b4a3800000 rw-p 00000000 00:00 0 
71b4a3800000-71b4a3804000 ---p 00000000 00:00 0 
71b4a3804000-71b4a3900000 rw-p 00000000 00:00 0 
71b4a3900000-71b4a3904000 ---p 00000000 00:00 0 
71b4a3904000-71b4a3a00000 rw-p 00000000 00:00 0 
71b4a3a00000-71b4a3a04000 ---p 00000000 00:00 0 
71b4a3a04000-71b4a3b00000 rw-p 00000000 00:00 0 
71b4a3b00000-71b4a3b04000 ---p 00000000 00:00 0 
71b4a3b04000-71b4a3c00000 rw-p 00000000 00:00 0 
71b4a3c00000-71b4a3c04000 ---p 00000000 00:00 0 
71b4a3c04000-71b4a3d00000 rw-p 00000000 00:00 0 
71b4a3d00000-71b4a3d04000 ---p 00000000 00:00 0 
71b4a3d04000-71b4a3e00000 rw-p 00000000 00:00 0 
71b4a3e00000-71b4a3e04000 ---p 00000000 00:00 0 
71b4a3e04000-71b4a3f00000 rw-p 00000000 00:00 0 
71b4a3f00000-71b4a3f04000 ---p 00000000 00:00 0 
71b4a3f04000-71b4a4000000 rw-p 00000000 00:00 0 
71b4a4000000-71b4a4021000 rw-p 00000000 00:00 0 
71b4a4021000-71b4a8000000 ---p 00000000 00:00 0 
71b4a8000000-71b4a8021000 rw-p 00000000 00:00 0 
71b4a8021000-71b4ac000000 ---p 00000000 00:00 0 
71b4ac000000-71b4ac024000 rw-p 00000000 00:00 0 
71b4ac024000-71b4b0000000 ---p 00000000 00:00 0 
71b4b0000000-71b4b0021000 rw-p 00000000 00:00 0 
71b4b0021000-71b4b4000000 ---p 00000000 00:00 0 
71b4b4000000-71b4b402a000 rw-p 00000000 00:00 0 
71b4b402a000-71b4b8000000 ---p 00000000 00:00 0 
71b4b8000000-71b4b8023000 rw-p 00000000 00:00 0 
71b4b8023000-71b4bc000000 ---p 00000000 00:00 0 
71b4bc000000-71b4bc047000 rw-p 00000000 00:00 0 
71b4bc047000-71b4c0000000 ---p 00000000 00:00 0 
71b4c0000000-71b4c0041000 rw-p 00000000 00:00 0 
71b4c0041000-71b4c4000000 ---p 00000000 00:00 0 
71b4c4000000-71b4c4031000 rw-p 00000000 00:00 0 
71b4c4031000-71b4c8000000 ---p 00000000 00:00 0 
71b4c8000000-71b4c8021000 rw-p 00000000 00:00 0 
71b4c8021000-71b4cc000000 ---p 00000000 00:00 0 
71b4cc000000-71b4cc021000 rw-p 00000000 00:00 0 
71b4cc021000-71b4d0000000 ---p 00000000 00:00 0 
71b4d0000000-71b4d0021000 rw-p 00000000 00:00 0 
71b4d0021000-71b4d4000000 ---p 00000000 00:00 0 
71b4d4000000-71b4d4021000 rw-p 00000000 00:00 0 
71b4d4021000-71b4d8000000 ---p 00000000 00:00 0 
71b4d8000000-71b4d8021000 rw-p 00000000 00:00 0 
71b4d8021000-71b4dc000000 ---p 00000000 00:00 0 
71b4dc000000-71b4dc025000 rw-p 00000000 00:00 0 
71b4dc025000-71b4e0000000 ---p 00000000 00:00 0 
71b4e0000000-71b4e0021000 rw-p 00000000 00:00 0 
71b4e0021000-71b4e4000000 ---p 00000000 00:00 0 
71b4e4000000-71b4e404a000 rw-p 00000000 00:00 0 
71b4e404a000-71b4e8000000 ---p 00000000 00:00 0 
71b4e8000000-71b4e8021000 rw-p 00000000 00:00 0 
71b4e8021000-71b4ec000000 ---p 00000000 00:00 0 
71b4ec000000-71b4ec25e000 rw-p 00000000 00:00 0 
71b4ec25e000-71b4f0000000 ---p 00000000 00:00 0 
71b4f0000000-71b4f06d1000 rw-p 00000000 00:00 0 
71b4f06d1000-71b4f4000000 ---p 00000000 00:00 0 
71b4f4000000-71b4f46dc000 rw-p 00000000 00:00 0 
71b4f46dc000-71b4f8000000 ---p 00000000 00:00 0 
71b4f8000000-71b4f834d000 rw-p 00000000 00:00 0 
71b4f834d000-71b4fc000000 ---p 00000000 00:00 0 
71b4fc000000-71b4fc021000 rw-p 00000000 00:00 0 
71b4fc021000-71b500000000 ---p 00000000 00:00 0 
71b500000000-71b500021000 rw-p 00000000 00:00 0 
71b500021000-71b504000000 ---p 00000000 00:00 0 
71b504000000-71b504341000 rw-p 00000000 00:00 0 
71b504341000-71b508000000 ---p 00000000 00:00 0 
71b508000000-71b508257000 rw-p 00000000 00:00 0 
71b508257000-71b50c000000 ---p 00000000 00:00 0 
71b50c000000-71b50ca7c000 rw-p 00000000 00:00 0 
71b50ca7c000-71b510000000 ---p 00000000 00:00 0 
71b510000000-71b510378000 rw-p 00000000 00:00 0 
71b510378000-71b514000000 ---p 00000000 00:00 0 
71b514000000-71b514021000 rw-p 00000000 00:00 0 
71b514021000-71b518000000 ---p 00000000 00:00 0 
71b518000000-71b518021000 rw-p 00000000 00:00 0 
71b518021000-71b51c000000 ---p 00000000 00:00 0 
71b51c000000-71b51c021000 rw-p 00000000 00:00 0 
71b51c021000-71b520000000 ---p 00000000 00:00 0 
71b520000000-71b520021000 rw-p 00000000 00:00 0 
71b520021000-71b524000000 ---p 00000000 00:00 0 
71b524000000-71b52403b000 rw-p 00000000 00:00 0 
71b52403b000-71b528000000 ---p 00000000 00:00 0 
71b528000000-71b528021000 rw-p 00000000 00:00 0 
71b528021000-71b52c000000 ---p 00000000 00:00 0 
71b52c000000-71b52c04a000 rw-p 00000000 00:00 0 
71b52c04a000-71b530000000 ---p 00000000 00:00 0 
71b530000000-71b530033000 rw-p 00000000 00:00 0 
71b530033000-71b534000000 ---p 00000000 00:00 0 
71b534000000-71b534022000 rw-p 00000000 00:00 0 
71b534022000-71b538000000 ---p 00000000 00:00 0 
71b538000000-71b538021000 rw-p 00000000 00:00 0 
71b538021000-71b53c000000 ---p 00000000 00:00 0 
71b53c000000-71b53c05a000 rw-p 00000000 00:00 0 
71b53c05a000-71b540000000 ---p 00000000 00:00 0 
71b540000000-71b54004b000 rw-p 00000000 00:00 0 
71b54004b000-71b544000000 ---p 00000000 00:00 0 
71b544000000-71b544021000 rw-p 00000000 00:00 0 
71b544021000-71b548000000 ---p 00000000 00:00 0 
71b548000000-71b548033000 rw-p 00000000 00:00 0 
71b548033000-71b54c000000 ---p 00000000 00:00 0 
71b54c000000-71b54c02a000 rw-p 00000000 00:00 0 
71b54c02a000-71b550000000 ---p 00000000 00:00 0 
71b550000000-71b5500d3000 rw-p 00000000 00:00 0 
71b5500d3000-71b554000000 ---p 00000000 00:00 0 
71b554000000-71b554023000 rw-p 00000000 00:00 0 
71b554023000-71b558000000 ---p 00000000 00:00 0 
71b558000000-71b558043000 rw-p 00000000 00:00 0 
71b558043000-71b55c000000 ---p 00000000 00:00 0 
71b55c000000-71b55c021000 rw-p 00000000 00:00 0 
71b55c021000-71b560000000 ---p 00000000 00:00 0 
71b560000000-71b560021000 rw-p 00000000 00:00 0 
71b560021000-71b564000000 ---p 00000000 00:00 0 
71b564000000-71b56402b000 rw-p 00000000 00:00 0 
71b56402b000-71b568000000 ---p 00000000 00:00 0 
71b568000000-71b568042000 rw-p 00000000 00:00 0 
71b568042000-71b56c000000 ---p 00000000 00:00 0 
71b56c000000-71b56c04a000 rw-p 00000000 00:00 0 
71b56c04a000-71b570000000 ---p 00000000 00:00 0 
71b570000000-71b570104000 rw-p 00000000 00:00 0 
71b570104000-71b574000000 ---p 00000000 00:00 0 
71b574000000-71b57402b000 rw-p 00000000 00:00 0 
71b57402b000-71b578000000 ---p 00000000 00:00 0 
71b578000000-71b578023000 rw-p 00000000 00:00 0 
71b578023000-71b57c000000 ---p 00000000 00:00 0 
71b57c000000-71b57c021000 rw-p 00000000 00:00 0 
71b57c021000-71b580000000 ---p 00000000 00:00 0 
71b580000000-71b580021000 rw-p 00000000 00:00 0 
71b580021000-71b584000000 ---p 00000000 00:00 0 
71b584000000-71b584021000 rw-p 00000000 00:00 0 
71b584021000-71b588000000 ---p 00000000 00:00 0 
71b588000000-71b588021000 rw-p 00000000 00:00 0 
71b588021000-71b58c000000 ---p 00000000 00:00 0 
71b58c000000-71b58c270000 rw-p 00000000 00:00 0 
71b58c270000-71b58c400000 ---p 00000000 00:00 0 
71b58c400000-71b58c8b0000 rw-p 00000000 00:00 0 
71b58c8b0000-71b590000000 ---p 00000000 00:00 0 
71b590000000-71b590021000 rw-p 00000000 00:00 0 
71b590021000-71b594000000 ---p 00000000 00:00 0 
71b5940f1000-71b5940f5000 ---p 00000000 00:00 0 
71b5940f5000-71b5941f1000 rw-p 00000000 00:00 0 
71b5941f1000-71b5941f5000 ---p 00000000 00:00 0 
71b5941f5000-71b5942f1000 rw-p 00000000 00:00 0 
71b5942f1000-71b5942f5000 ---p 00000000 00:00 0 
71b5942f5000-71b5943f1000 rw-p 00000000 00:00 0 
71b5943f1000-71b5943f5000 ---p 00000000 00:00 0 
71b5943f5000-71b5944f1000 rw-p 00000000 00:00 0 
71b5944f1000-71b5944f5000 ---p 00000000 00:00 0 
71b5944f5000-71b5945f1000 rw-p 00000000 00:00 0 
71b5945f1000-71b5945f5000 ---p 00000000 00:00 0 
71b5945f5000-71b5946f1000 rw-p 00000000 00:00 0 
71b5946f1000-71b5946f5000 ---p 00000000 00:00 0 
71b5946f5000-71b5947f1000 rw-p 00000000 00:00 0 
71b5947f1000-71b5947f5000 ---p 00000000 00:00 0 
71b5947f5000-71b5948f1000 rw-p 00000000 00:00 0 
71b5948f1000-71b5948f5000 ---p 00000000 00:00 0 
71b5948f5000-71b5949f1000 rw-p 00000000 00:00 0 
71b5949f1000-71b5949f5000 ---p 00000000 00:00 0 
71b5949f5000-71b594af1000 rw-p 00000000 00:00 0 
71b594af1000-71b594af5000 ---p 00000000 00:00 0 
71b594af5000-71b594bf1000 rw-p 00000000 00:00 0 
71b594bf1000-71b594bf5000 ---p 00000000 00:00 0 
71b594bf5000-71b594cf1000 rw-p 00000000 00:00 0 
71b594cf1000-71b594cf5000 ---p 00000000 00:00 0 
71b594cf5000-71b594df1000 rw-p 00000000 00:00 0 
71b594df1000-71b594df5000 ---p 00000000 00:00 0 
71b594df5000-71b594ef1000 rw-p 00000000 00:00 0 
71b594ef1000-71b594ef5000 ---p 00000000 00:00 0 
71b594ef5000-71b594ff1000 rw-p 00000000 00:00 0 
71b594ff1000-71b594ff5000 ---p 00000000 00:00 0 
71b594ff5000-71b5950f1000 rw-p 00000000 00:00 0 
71b5950f1000-71b5950f5000 ---p 00000000 00:00 0 
71b5950f5000-71b5951f1000 rw-p 00000000 00:00 0 
71b5951f1000-71b5951f5000 ---p 00000000 00:00 0 
71b5951f5000-71b5952f1000 rw-p 00000000 00:00 0 
71b5952f1000-71b5952f5000 ---p 00000000 00:00 0 
71b5952f5000-71b5953f1000 rw-p 00000000 00:00 0 
71b5953f1000-71b5953f5000 ---p 00000000 00:00 0 
71b5953f5000-71b5954f1000 rw-p 00000000 00:00 0 
71b5954f1000-71b5954f5000 ---p 00000000 00:00 0 
71b5954f5000-71b5955f1000 rw-p 00000000 00:00 0 
71b5955f1000-71b5955f5000 ---p 00000000 00:00 0 
71b5955f5000-71b5956f1000 rw-p 00000000 00:00 0 
71b5956f1000-71b5956f5000 ---p 00000000 00:00 0 
71b5956f5000-71b5957f1000 rw-p 00000000 00:00 0 
71b5957f1000-71b5957f5000 ---p 00000000 00:00 0 
71b5957f5000-71b5958f1000 rw-p 00000000 00:00 0 
71b5958f1000-71b5958f5000 ---p 00000000 00:00 0 
71b5958f5000-71b5959f1000 rw-p 00000000 00:00 0 
71b5959f1000-71b5959f5000 ---p 00000000 00:00 0 
71b5959f5000-71b595af1000 rw-p 00000000 00:00 0 
71b595af1000-71b595af5000 ---p 00000000 00:00 0 
71b595af5000-71b595bf1000 rw-p 00000000 00:00 0 
71b595bf1000-71b595bf5000 ---p 00000000 00:00 0 
71b595bf5000-71b595cf1000 rw-p 00000000 00:00 0 
71b595cf1000-71b595cf5000 ---p 00000000 00:00 0 
71b595cf5000-71b595df1000 rw-p 00000000 00:00 0 
71b595df1000-71b595df5000 ---p 00000000 00:00 0 
71b595df5000-71b595ef1000 rw-p 00000000 00:00 0 
71b595ef1000-71b595ef5000 ---p 00000000 00:00 0 
71b595ef5000-71b595ff1000 rw-p 00000000 00:00 0 
71b595ff1000-71b595ff5000 ---p 00000000 00:00 0 
71b595ff5000-71b5960f1000 rw-p 00000000 00:00 0 
71b5960f1000-71b5960f2000 ---p 00000000 00:00 0 
71b5960f2000-71b5961f2000 rw-p 00000000 00:00 0 
71b5961f2000-71b5961f3000 ---p 00000000 00:00 0 
71b5961f3000-71b5962f3000 rw-p 00000000 00:00 0 
71b5962f3000-71b5962f4000 ---p 00000000 00:00 0 
71b5962f4000-71b5963f4000 rw-p 00000000 00:00 0 
71b5963f4000-71b5963f5000 ---p 00000000 00:00 0 
71b5963f5000-71b5964f5000 rw-p 00000000 00:00 0 
71b5964f5000-71b5964f6000 ---p 00000000 00:00 0 
71b5964f6000-71b5965f6000 rw-p 00000000 00:00 0 
71b5965f6000-71b5965f7000 ---p 00000000 00:00 0 
71b5965f7000-71b5966f7000 rw-p 00000000 00:00 0 
71b5966f7000-71b5966f8000 ---p 00000000 00:00 0 
71b5966f8000-71b5967f8000 rw-p 00000000 00:00 0 
71b5967f8000-71b5967f9000 ---p 00000000 00:00 0 
71b5967f9000-71b5968f9000 rw-p 00000000 00:00 0 
71b5968f9000-71b5968fa000 ---p 00000000 00:00 0 
71b5968fa000-71b5969fa000 rw-p 00000000 00:00 0 
71b5969fa000-71b5969fb000 ---p 00000000 00:00 0 
71b5969fb000-71b596afb000 rw-p 00000000 00:00 0 
71b596afb000-71b596afc000 ---p 00000000 00:00 0 
71b596afc000-71b596bfc000 rw-p 00000000 00:00 0 
71b596bfc000-71b596bfd000 ---p 00000000 00:00 0 
71b596bfd000-71b596cfd000 rw-p 00000000 00:00 0 
71b596cfd000-71b596cfe000 ---p 00000000 00:00 0 
71b596cfe000-71b596dfe000 rw-p 00000000 00:00 0 
71b596dfe000-71b596dff000 ---p 00000000 00:00 0 
71b596dff000-71b596eff000 rw-p 00000000 00:00 0 
71b596eff000-71b596f00000 ---p 00000000 00:00 0 
71b596f00000-71b597000000 rw-p 00000000 00:00 0 
71b597000000-71b597ca3000 rw-p 00001000 fc:00 49677042                   /mydata/openjdk-mmtk/build/b0test/images/jdk/lib/server/classes.jsa
71b597ca3000-71b598000000 ---p 00000000 00:00 0 
71b598000000-71b598040000 rw-p 00000000 00:00 0 
71b598040000-71b598110000 rw-p 00000000 00:00 0 
71b598110000-71b5d8000000 ---p 00000000 00:00 0 
71b5d8000000-71b5d8021000 rw-p 00000000 00:00 0 
71b5d8021000-71b5dc000000 ---p 00000000 00:00 0 
71b5dc0f9000-71b5dc0fa000 ---p 00000000 00:00 0 
71b5dc0fa000-71b5dc1fa000 rw-p 00000000 00:00 0 
71b5dc1fa000-71b5dc1fb000 ---p 00000000 00:00 0 
71b5dc1fb000-71b5dc2fb000 rw-p 00000000 00:00 0 
71b5dc2fb000-71b5dc2fc000 ---p 00000000 00:00 0 
71b5dc2fc000-71b5dc3fc000 rw-p 00000000 00:00 0 
71b5dc3fc000-71b5dc3fd000 ---p 00000000 00:00 0 
71b5dc3fd000-71b5dc4fd000 rw-p 00000000 00:00 0 
71b5dc4fd000-71b5dc4fe000 ---p 00000000 00:00 0 
71b5dc4fe000-71b5dc5fe000 rw-p 00000000 00:00 0 
71b5dc5fe000-71b5dc5ff000 ---p 00000000 00:00 0 
71b5dc5ff000-71b5dc6ff000 rw-p 00000000 00:00 0 
71b5dc6ff000-71b5dc700000 ---p 00000000 00:00 0 
71b5dc700000-71b5dc800000 rw-p 00000000 00:00 0 
71b5dc800000-71b5dcaeb000 r--p 00000000 08:03 1410552                    /usr/lib/locale/locale-archive
71b5dcafe000-71b5dcaff000 ---p 00000000 00:00 0 
71b5dcaff000-71b5dcbff000 rw-p 00000000 00:00 0 
71b5dcbff000-71b5dd200000 rw-p 00000000 00:00 0 
71b5dd200000-71b5e0200000 rw-p 00000000 00:00 0 
71b5e02fc000-71b5e0300000 ---p 00000000 00:00 0 
71b5e0300000-71b5e03fc000 rw-p 00000000 00:00 0 
71b5e03fc000-71b610400000 rw-p 00000000 00:00 0 
71b610400000-71b611400000 ---p 00000000 00:00 0                          [anon:mmtk:sidemeta:all:all-quarantined]
71b611400000-71b611800000 rw-p 00000000 00:00 0                          [anon:mmtk:sidemeta:immix:VO_BIT]
71b611800000-71b611c00000 rw-p 00000000 00:00 0                          [anon:mmtk:sidemeta:los:VO_BIT]
71b611c00000-73b612400000 ---p 00000000 00:00 0                          [anon:mmtk:sidemeta:all:all-quarantined]
73b612400000-73b612800000 rw-p 00000000 00:00 0                          [anon:mmtk:sidemeta:immix:CHUNK_MARK]
73b612800000-73b615400000 ---p 00000000 00:00 0                          [anon:mmtk:sidemeta:all:all-quarantined]
73b615400000-73b615800000 rw-p 00000000 00:00 0                          [anon:mmtk:sidemeta:immix:VMGlobalLogBitSpec]
73b615800000-73b615c00000 rw-p 00000000 00:00 0                          [anon:mmtk:sidemeta:los:VMGlobalLogBitSpec]
73b615c00000-75be14800000 ---p 00000000 00:00 0                          [anon:mmtk:sidemeta:all:all-quarantined]
75be14800000-75be14c00000 rw-p 00000000 00:00 0                          [anon:mmtk:sidemeta:immix:IX_LINE_MARK]
75be14c00000-763e14400000 ---p 00000000 00:00 0                          [anon:mmtk:sidemeta:all:all-quarantined]
763e14400000-763e14800000 rw-p 00000000 00:00 0                          [anon:mmtk:sidemeta:immix:IX_BLOCK_DEFRAG]
763e14800000-763f14400000 ---p 00000000 00:00 0                          [anon:mmtk:sidemeta:all:all-quarantined]
763f14400000-763f14800000 rw-p 00000000 00:00 0                          [anon:mmtk:sidemeta:immix:IX_BLOCK_MARK]
763f14800000-7c6094400000 ---p 00000000 00:00 0                          [anon:mmtk:sidemeta:all:all-quarantined]
7c6094400000-7c6094800000 rw-p 00000000 00:00 0                          [anon:mmtk:sidemeta:los:VMLocalLOSMarkNurserySpec]
7c6094800000-7c6295400000 ---p 00000000 00:00 0                          [anon:mmtk:sidemeta:all:all-quarantined]
7c6295400000-7c6295c00000 rw-p 00000000 00:00 0                          [anon:mmtk:sidemeta:immix:VMLocalMarkBitSpec]
7c6295c00000-7e6294400000 ---p 00000000 00:00 0                          [anon:mmtk:sidemeta:all:all-quarantined]
7e62944fe000-7e6294502000 ---p 00000000 00:00 0 
7e6294502000-7e62945fe000 rw-p 00000000 00:00 0 
7e62945fe000-7e6294602000 ---p 00000000 00:00 0 
7e6294602000-7e62946fe000 rw-p 00000000 00:00 0 
7e62946fe000-7e62946ff000 ---p 00000000 00:00 0 
7e62946ff000-7e62947ff000 rw-p 00000000 00:00 0 
7e62947ff000-7e62b4800000 rw-p 00000000 00:00 0 
7e62b4800000-7e62b4e30000 rwxp 00000000 00:00 0 
7e62b4e30000-7e62bbc17000 ---p 00000000 00:00 0 
7e62bbc17000-7e62bbfb7000 rwxp 00000000 00:00 0 
7e62bbfb7000-7e62bc3e8000 ---p 00000000 00:00 0 
7e62bc3e8000-7e62bc658000 rwxp 00000000 00:00 0 
7e62bc658000-7e62c3800000 ---p 00000000 00:00 0 
7e62c3800000-7e62cbfa0000 r--s 00000000 fc:00 49676297                   /mydata/openjdk-mmtk/build/b0test/images/jdk/lib/modules
7e62cc000000-7e62cc7f2000 rw-p 00000000 00:00 0 
7e62cc7f2000-7e62d0000000 ---p 00000000 00:00 0 
7e62d0008000-7e62d000c000 r--p 00000000 fc:00 49676364                   /mydata/openjdk-mmtk/build/b0test/images/jdk/lib/libverify.so
7e62d000c000-7e62d0013000 r-xp 00004000 fc:00 49676364                   /mydata/openjdk-mmtk/build/b0test/images/jdk/lib/libverify.so
7e62d0013000-7e62d0015000 r--p 0000b000 fc:00 49676364                   /mydata/openjdk-mmtk/build/b0test/images/jdk/lib/libverify.so
7e62d0015000-7e62d0017000 r--p 0000c000 fc:00 49676364                   /mydata/openjdk-mmtk/build/b0test/images/jdk/lib/libverify.so
7e62d0017000-7e62d0018000 rw-p 0000e000 fc:00 49676364                   /mydata/openjdk-mmtk/build/b0test/images/jdk/lib/libverify.so
7e62d0018000-7e62d001f000 r--p 00000000 fc:00 49676362                   /mydata/openjdk-mmtk/build/b0test/images/jdk/lib/libnio.so
7e62d001f000-7e62d0028000 r-xp 00007000 fc:00 49676362                   /mydata/openjdk-mmtk/build/b0test/images/jdk/lib/libnio.so
7e62d0028000-7e62d002c000 r--p 00010000 fc:00 49676362                   /mydata/openjdk-mmtk/build/b0test/images/jdk/lib/libnio.so
7e62d002c000-7e62d002d000 r--p 00014000 fc:00 49676362                   /mydata/openjdk-mmtk/build/b0test/images/jdk/lib/libnio.so
7e62d002d000-7e62d002e000 rw-p 00015000 fc:00 49676362                   /mydata/openjdk-mmtk/build/b0test/images/jdk/lib/libnio.so
7e62d002e000-7e62d0033000 r--p 00000000 fc:00 49676417                   /mydata/openjdk-mmtk/build/b0test/images/jdk/lib/libjsvml.so
7e62d0033000-7e62d0074000 r-xp 00005000 fc:00 49676417                   /mydata/openjdk-mmtk/build/b0test/images/jdk/lib/libjsvml.so
7e62d0074000-7e62d00fd000 r--p 00046000 fc:00 49676417                   /mydata/openjdk-mmtk/build/b0test/images/jdk/lib/libjsvml.so
7e62d00fd000-7e62d00fe000 r--p 000ce000 fc:00 49676417                   /mydata/openjdk-mmtk/build/b0test/images/jdk/lib/libjsvml.so
7e62d00fe000-7e62d00ff000 rw-p 000cf000 fc:00 49676417                   /mydata/openjdk-mmtk/build/b0test/images/jdk/lib/libjsvml.so
7e62d00ff000-7e62d0100000 ---p 00000000 00:00 0 
7e62d0100000-7e62d0200000 rw-p 00000000 00:00 0 
7e62d0200000-7e62d020c000 r--p 00000000 fc:00 13107225                   /mydata/gc-bpf-fault/shim/libgcbpf.so
7e62d020c000-7e62d026e000 r-xp 0000c000 fc:00 13107225                   /mydata/gc-bpf-fault/shim/libgcbpf.so
7e62d026e000-7e62d041b000 r--p 0006e000 fc:00 13107225                   /mydata/gc-bpf-fault/shim/libgcbpf.so
7e62d041b000-7e62d041d000 r--p 0021b000 fc:00 13107225                   /mydata/gc-bpf-fault/shim/libgcbpf.so
7e62d041d000-7e62d041e000 rw-p 0021d000 fc:00 13107225                   /mydata/gc-bpf-fault/shim/libgcbpf.so
7e62d041e000-7e62d041f000 rw-p 00000000 00:00 0 
7e62d0425000-7e62d0427000 r--p 00000000 fc:00 49676365                   /mydata/openjdk-mmtk/build/b0test/images/jdk/lib/libzip.so
7e62d0427000-7e62d042c000 r-xp 00002000 fc:00 49676365                   /mydata/openjdk-mmtk/build/b0test/images/jdk/lib/libzip.so
7e62d042c000-7e62d042e000 r--p 00007000 fc:00 49676365                   /mydata/openjdk-mmtk/build/b0test/images/jdk/lib/libzip.so
7e62d042e000-7e62d042f000 r--p 00008000 fc:00 49676365                   /mydata/openjdk-mmtk/build/b0test/images/jdk/lib/libzip.so
7e62d042f000-7e62d0430000 rw-p 00009000 fc:00 49676365                   /mydata/openjdk-mmtk/build/b0test/images/jdk/lib/libzip.so
7e62d0430000-7e62d0431000 ---p 00000000 00:00 0 
7e62d0431000-7e62d0531000 rw-p 00000000 00:00 0 
7e62d0531000-7e62d0535000 r--p 00000000 08:03 1410107                    /usr/lib/x86_64-linux-gnu/libzstd.so.1.5.5
7e62d0535000-7e62d05dc000 r-xp 00004000 08:03 1410107                    /usr/lib/x86_64-linux-gnu/libzstd.so.1.5.5
7e62d05dc000-7e62d05e9000 r--p 000ab000 08:03 1410107                    /usr/lib/x86_64-linux-gnu/libzstd.so.1.5.5
7e62d05e9000-7e62d05ea000 r--p 000b7000 08:03 1410107                    /usr/lib/x86_64-linux-gnu/libzstd.so.1.5.5
7e62d05ea000-7e62d05eb000 rw-p 000b8000 08:03 1410107                    /usr/lib/x86_64-linux-gnu/libzstd.so.1.5.5
7e62d05eb000-7e62d05ee000 r--p 00000000 08:03 1410420                    /usr/lib/x86_64-linux-gnu/libelf-0.190.so
7e62d05ee000-7e62d0604000 r-xp 00003000 08:03 1410420                    /usr/lib/x86_64-linux-gnu/libelf-0.190.so
7e62d0604000-7e62d0608000 r--p 00019000 08:03 1410420                    /usr/lib/x86_64-linux-gnu/libelf-0.190.so
7e62d0608000-7e62d0609000 r--p 0001c000 08:03 1410420                    /usr/lib/x86_64-linux-gnu/libelf-0.190.so
7e62d0609000-7e62d060a000 rw-p 0001d000 08:03 1410420                    /usr/lib/x86_64-linux-gnu/libelf-0.190.so
7e62d060a000-7e62d060f000 rw-p 00000000 00:00 0 
7e62d060f000-7e62d06f3000 ---p 00000000 00:00 0 
7e62d06f3000-7e62d0700000 rw-p 00000000 00:00 0 
7e62d0700000-7e62d07dc000 ---p 00000000 00:00 0 
7e62d07dc000-7e62d07e9000 r--p 00000000 fc:00 49676354                   /mydata/openjdk-mmtk/build/b0test/images/jdk/lib/libjava.so
7e62d07e9000-7e62d07f8000 r-xp 0000d000 fc:00 49676354                   /mydata/openjdk-mmtk/build/b0test/images/jdk/lib/libjava.so
7e62d07f8000-7e62d07fd000 r--p 0001c000 fc:00 49676354                   /mydata/openjdk-mmtk/build/b0test/images/jdk/lib/libjava.so
7e62d07fd000-7e62d07fe000 r--p 00021000 fc:00 49676354                   /mydata/openjdk-mmtk/build/b0test/images/jdk/lib/libjava.so
7e62d07fe000-7e62d07ff000 rw-p 00022000 fc:00 49676354                   /mydata/openjdk-mmtk/build/b0test/images/jdk/lib/libjava.so
7e62d07ff000-7e62d0800000 rw-p 00000000 00:00 0 
7e62d0800000-7e62d0947000 r--p 00000000 fc:00 49676374                   /mydata/openjdk-mmtk/build/b0test/images/jdk/lib/server/libmmtk_openjdk.so
7e62d0947000-7e62d0bc0000 r-xp 00146000 fc:00 49676374                   /mydata/openjdk-mmtk/build/b0test/images/jdk/lib/server/libmmtk_openjdk.so
7e62d0bc0000-7e62d0c00000 r--p 003be000 fc:00 49676374                   /mydata/openjdk-mmtk/build/b0test/images/jdk/lib/server/libmmtk_openjdk.so
7e62d0c00000-7e62d0c03000 rw-p 003fd000 fc:00 49676374                   /mydata/openjdk-mmtk/build/b0test/images/jdk/lib/server/libmmtk_openjdk.so
7e62d0c03000-7e62d0c05000 rw-p 00000000 00:00 0 
7e62d0c08000-7e62d0c0b000 r--p 00000000 fc:00 49676361                   /mydata/openjdk-mmtk/build/b0test/images/jdk/lib/libnet.so
7e62d0c0b000-7e62d0c13000 r-xp 00003000 fc:00 49676361                   /mydata/openjdk-mmtk/build/b0test/images/jdk/lib/libnet.so
7e62d0c13000-7e62d0c15000 r--p 0000b000 fc:00 49676361                   /mydata/openjdk-mmtk/build/b0test/images/jdk/lib/libnet.so
7e62d0c15000-7e62d0c16000 r--p 0000c000 fc:00 49676361                   /mydata/openjdk-mmtk/build/b0test/images/jdk/lib/libnet.so
7e62d0c16000-7e62d0c17000 rw-p 0000d000 fc:00 49676361                   /mydata/openjdk-mmtk/build/b0test/images/jdk/lib/libnet.so
7e62d0c17000-7e62d0c1b000 ---p 00000000 00:00 0 
7e62d0c1b000-7e62d0d17000 rw-p 00000000 00:00 0 
7e62d0d17000-7e62d0d27000 r--p 00000000 08:03 1411099                    /usr/lib/x86_64-linux-gnu/libm.so.6
7e62d0d27000-7e62d0da6000 r-xp 00010000 08:03 1411099                    /usr/lib/x86_64-linux-gnu/libm.so.6
7e62d0da6000-7e62d0dfe000 r--p 0008f000 08:03 1411099                    /usr/lib/x86_64-linux-gnu/libm.so.6
7e62d0dfe000-7e62d0dff000 r--p 000e7000 08:03 1411099                    /usr/lib/x86_64-linux-gnu/libm.so.6
7e62d0dff000-7e62d0e00000 rw-p 000e8000 08:03 1411099                    /usr/lib/x86_64-linux-gnu/libm.so.6
7e62d0e00000-7e62d10a9000 r--p 00000000 fc:00 49676373                   /mydata/openjdk-mmtk/build/b0test/images/jdk/lib/server/libjvm.so
7e62d10a9000-7e62d1f3c000 r-xp 002a9000 fc:00 49676373                   /mydata/openjdk-mmtk/build/b0test/images/jdk/lib/server/libjvm.so
7e62d1f3c000-7e62d2220000 r--p 0113c000 fc:00 49676373                   /mydata/openjdk-mmtk/build/b0test/images/jdk/lib/server/libjvm.so
7e62d2220000-7e62d22f6000 r--p 0141f000 fc:00 49676373                   /mydata/openjdk-mmtk/build/b0test/images/jdk/lib/server/libjvm.so
7e62d22f6000-7e62d2326000 rw-p 014f5000 fc:00 49676373                   /mydata/openjdk-mmtk/build/b0test/images/jdk/lib/server/libjvm.so
7e62d2326000-7e62d238c000 rw-p 00000000 00:00 0 
7e62d238e000-7e62d2395000 r--s 00000000 08:03 1436340                    /usr/lib/x86_64-linux-gnu/gconv/gconv-modules.cache
7e62d2395000-7e62d239d000 rw-p 00000000 00:00 0 
7e62d239d000-7e62d23a5000 ---p 00000000 00:00 0 
7e62d23a5000-7e62d23ad000 rw-s 00000000 08:03 237599                     /tmp/hsperfdata_root/312345
7e62d23ad000-7e62d23b1000 r--p 00000000 fc:00 49676355                   /mydata/openjdk-mmtk/build/b0test/images/jdk/lib/libjimage.so
7e62d23b1000-7e62d23c8000 r-xp 00004000 fc:00 49676355                   /mydata/openjdk-mmtk/build/b0test/images/jdk/lib/libjimage.so
7e62d23c8000-7e62d23cd000 r--p 0001b000 fc:00 49676355                   /mydata/openjdk-mmtk/build/b0test/images/jdk/lib/libjimage.so
7e62d23cd000-7e62d23cf000 r--p 00020000 fc:00 49676355                   /mydata/openjdk-mmtk/build/b0test/images/jdk/lib/libjimage.so
7e62d23cf000-7e62d23d0000 rw-p 00022000 fc:00 49676355                   /mydata/openjdk-mmtk/build/b0test/images/jdk/lib/libjimage.so
7e62d23d0000-7e62d23d4000 r--p 00000000 08:03 1410148                    /usr/lib/x86_64-linux-gnu/libgcc_s.so.1
7e62d23d4000-7e62d23f8000 r-xp 00004000 08:03 1410148                    /usr/lib/x86_64-linux-gnu/libgcc_s.so.1
7e62d23f8000-7e62d23fc000 r--p 00028000 08:03 1410148                    /usr/lib/x86_64-linux-gnu/libgcc_s.so.1
7e62d23fc000-7e62d23fd000 r--p 0002b000 08:03 1410148                    /usr/lib/x86_64-linux-gnu/libgcc_s.so.1
7e62d23fd000-7e62d23fe000 rw-p 0002c000 08:03 1410148                    /usr/lib/x86_64-linux-gnu/libgcc_s.so.1
7e62d23fe000-7e62d2400000 rw-p 00000000 00:00 0 
7e62d2400000-7e62d2428000 r--p 00000000 08:03 1410238                    /usr/lib/x86_64-linux-gnu/libc.so.6
7e62d2428000-7e62d25b0000 r-xp 00028000 08:03 1410238                    /usr/lib/x86_64-linux-gnu/libc.so.6
7e62d25b0000-7e62d25ff000 r--p 001b0000 08:03 1410238                    /usr/lib/x86_64-linux-gnu/libc.so.6
7e62d25ff000-7e62d2603000 r--p 001fe000 08:03 1410238                    /usr/lib/x86_64-linux-gnu/libc.so.6
7e62d2603000-7e62d2605000 rw-p 00202000 08:03 1410238                    /usr/lib/x86_64-linux-gnu/libc.so.6
7e62d2605000-7e62d2612000 rw-p 00000000 00:00 0 
7e62d2612000-7e62d2614000 r--p 00000000 08:03 1409104                    /usr/lib/x86_64-linux-gnu/libz.so.1.3
7e62d2614000-7e62d2626000 r-xp 00002000 08:03 1409104                    /usr/lib/x86_64-linux-gnu/libz.so.1.3
7e62d2626000-7e62d262c000 r--p 00014000 08:03 1409104                    /usr/lib/x86_64-linux-gnu/libz.so.1.3
7e62d262c000-7e62d262d000 r--p 0001a000 08:03 1409104                    /usr/lib/x86_64-linux-gnu/libz.so.1.3
7e62d262d000-7e62d262e000 rw-p 0001b000 08:03 1409104                    /usr/lib/x86_64-linux-gnu/libz.so.1.3
7e62d2633000-7e62d2634000 rw-s 00000000 00:10 68                         anon_inode:bpf-map
7e62d2634000-7e62d2635000 r--s 00000000 00:10 68                         anon_inode:bpf-map
7e62d2635000-7e62d2636000 ---p 00000000 00:00 0 
7e62d2636000-7e62d2637000 r--p 00000000 00:00 0 
7e62d2637000-7e62d2638000 ---p 00000000 00:00 0 
7e62d2638000-7e62d263a000 r--p 00000000 fc:00 49676357                   /mydata/openjdk-mmtk/build/b0test/images/jdk/lib/libjli.so
7e62d263a000-7e62d2644000 r-xp 00002000 fc:00 49676357                   /mydata/openjdk-mmtk/build/b0test/images/jdk/lib/libjli.so
7e62d2644000-7e62d2647000 r--p 0000c000 fc:00 49676357                   /mydata/openjdk-mmtk/build/b0test/images/jdk/lib/libjli.so
7e62d2647000-7e62d2648000 r--p 0000f000 fc:00 49676357                   /mydata/openjdk-mmtk/build/b0test/images/jdk/lib/libjli.so
7e62d2648000-7e62d2649000 rw-p 00010000 fc:00 49676357                   /mydata/openjdk-mmtk/build/b0test/images/jdk/lib/libjli.so
7e62d2649000-7e62d264b000 rw-p 00000000 00:00 0 
7e62d264b000-7e62d264f000 r--p 00000000 00:00 0                          [vvar]
7e62d264f000-7e62d2651000 r--p 00000000 00:00 0                          [vvar_vclock]
7e62d2651000-7e62d2653000 r-xp 00000000 00:00 0                          [vdso]
7e62d2653000-7e62d2654000 r--p 00000000 08:03 1409763                    /usr/lib/x86_64-linux-gnu/ld-linux-x86-64.so.2
7e62d2654000-7e62d267f000 r-xp 00001000 08:03 1409763                    /usr/lib/x86_64-linux-gnu/ld-linux-x86-64.so.2
7e62d267f000-7e62d2689000 r--p 0002c000 08:03 1409763                    /usr/lib/x86_64-linux-gnu/ld-linux-x86-64.so.2
7e62d2689000-7e62d268b000 r--p 00036000 08:03 1409763                    /usr/lib/x86_64-linux-gnu/ld-linux-x86-64.so.2
7e62d268b000-7e62d268d000 rw-p 00038000 08:03 1409763                    /usr/lib/x86_64-linux-gnu/ld-linux-x86-64.so.2
7ffd29dbc000-7ffd29ddd000 rw-p 00000000 00:00 0                          [stack]
ffffffffff600000-ffffffffff601000 --xp 00000000 00:00 0                  [vsyscall]
Total number of mappings: 541

JVMTI agents: none


VM Arguments:
jvm_args: -XX:+UseThirdPartyHeap -Xms512m -Xmx512m 
java_command: /mydata/dacapo/dacapo-23.11/dacapo-23.11-MR2-chopin.jar xalan -n 3
java_class_path (initial): /mydata/dacapo/dacapo-23.11/dacapo-23.11-MR2-chopin.jar
Launcher Type: SUN_STANDARD

[Global flags]
     intx CICompilerCount                          = 15                                        {product} {ergonomic}
   size_t InitialHeapSize                          = 536870912                                 {product} {command line}
   size_t MaxHeapSize                              = 536870912                                 {product} {command line}
   size_t MinHeapDeltaBytes                        = 524288                                    {product} {ergonomic}
   size_t MinHeapSize                              = 536870912                                 {product} {command line}
    uintx NonNMethodCodeHeapSize                   = 8192380                                {pd product} {ergonomic}
    uintx NonProfiledCodeHeapSize                  = 121732930                              {pd product} {ergonomic}
    uintx ProfiledCodeHeapSize                     = 121732930                              {pd product} {ergonomic}
    uintx ReservedCodeCacheSize                    = 251658240                              {pd product} {ergonomic}
     bool SegmentedCodeCache                       = true                                      {product} {ergonomic}
   size_t SoftMaxHeapSize                          = 536870912                              {manageable} {ergonomic}
     bool UseCompressedOops                        = true                           {product lp64_product} {ergonomic}

Logging:
Log output configuration:
 #0: stdout all=warning uptime,level,tags foldmultilines=false
 #1: stderr all=off uptime,level,tags foldmultilines=false

Release file:
IMPLEMENTOR="N/A"
JAVA_RUNTIME_VERSION="21.0.9-internal-adhoc.talzuss.openjdk-mmtk"
JAVA_VERSION="21.0.9"
JAVA_VERSION_DATE="2025-10-21"
LIBC="gnu"
MODULES="java.base java.compiler java.datatransfer java.xml java.prefs java.desktop java.instrument java.logging java.management java.security.sasl java.naming java.rmi java.management.rmi java.net.http java.scripting java.security.jgss java.transaction.xa java.sql java.sql.rowset java.xml.crypto java.se java.smartcardio jdk.accessibility jdk.internal.jvmstat jdk.attach jdk.charsets jdk.internal.opt jdk.zipfs jdk.compiler jdk.crypto.ec jdk.crypto.cryptoki jdk.dynalink jdk.internal.ed jdk.editpad jdk.hotspot.agent jdk.httpserver jdk.incubator.vector jdk.internal.le jdk.internal.vm.ci jdk.internal.vm.compiler jdk.internal.vm.compiler.management jdk.jartool jdk.javadoc jdk.jcmd jdk.management jdk.management.agent jdk.jconsole jdk.jdeps jdk.jdwp.agent jdk.jdi jdk.jfr jdk.jlink jdk.jpackage jdk.jshell jdk.jsobject jdk.jstatd jdk.localedata jdk.management.jfr jdk.naming.dns jdk.naming.rmi jdk.net jdk.nio.mapmode jdk.random jdk.sctp jdk.security.auth jdk.security.jgss jdk.unsupported jdk.unsupported.desktop jdk.xml.dom"
OS_ARCH="x86_64"
OS_NAME="Linux"
SOURCE=".:git:b557520f04b3+"

Environment Variables:
PATH=/usr/local/sbin:/usr/local/bin:/usr/sbin:/usr/bin:/sbin:/bin:/snap/bin
SHELL=/bin/bash
LANG=en_US.UTF-8
TERM=tmux-256color

Active Locale:
LC_ALL=en_US.UTF-8
LC_COLLATE=en_US.UTF-8
LC_CTYPE=en_US.UTF-8
LC_MESSAGES=en_US.UTF-8
LC_MONETARY=en_US.UTF-8
LC_NUMERIC=en_US.UTF-8
LC_TIME=en_US.UTF-8

Signal Handlers:
   SIGSEGV: crash_handler in libjvm.so, mask=11100100010111111101111111111110, flags=SA_RESTART|SA_SIGINFO, unblocked
    SIGBUS: crash_handler in libjvm.so, mask=11100100010111111101111111111110, flags=SA_RESTART|SA_SIGINFO, unblocked
    SIGFPE: crash_handler in libjvm.so, mask=11100100010111111101111111111110, flags=SA_RESTART|SA_SIGINFO, unblocked
   SIGPIPE: javaSignalHandler in libjvm.so, mask=11100100010111111101111111111110, flags=SA_RESTART|SA_SIGINFO, blocked
   SIGXFSZ: javaSignalHandler in libjvm.so, mask=11100100010111111101111111111110, flags=SA_RESTART|SA_SIGINFO, blocked
    SIGILL: crash_handler in libjvm.so, mask=11100100010111111101111111111110, flags=SA_RESTART|SA_SIGINFO, unblocked
   SIGUSR2: SR_handler in libjvm.so, mask=00000000000000000000000000000000, flags=SA_RESTART|SA_SIGINFO, blocked
    SIGHUP: UserHandler in libjvm.so, mask=11100100010111111101111111111110, flags=SA_RESTART|SA_SIGINFO, blocked
    SIGINT: UserHandler in libjvm.so, mask=11100100010111111101111111111110, flags=SA_RESTART|SA_SIGINFO, blocked
   SIGTERM: UserHandler in libjvm.so, mask=11100100010111111101111111111110, flags=SA_RESTART|SA_SIGINFO, blocked
   SIGQUIT: UserHandler in libjvm.so, mask=11100100010111111101111111111110, flags=SA_RESTART|SA_SIGINFO, blocked
   SIGTRAP: crash_handler in libjvm.so, mask=11100100010111111101111111111110, flags=SA_RESTART|SA_SIGINFO, unblocked


Periodic native trim disabled

---------------  S Y S T E M  ---------------

OS:
DISTRIB_ID=Ubuntu
DISTRIB_RELEASE=24.04
DISTRIB_CODENAME=noble
DISTRIB_DESCRIPTION="Ubuntu 24.04.4 LTS"
uname: Linux 6.17.0-bpf-fault+ #1 SMP PREEMPT_DYNAMIC Mon Jul  6 16:43:12 MDT 2026 x86_64
OS uptime: 0 days 20:59 hours
libc: glibc 2.39 NPTL 2.39 
rlimit (soft/hard): STACK 8192k/infinity , CORE 0k/0k , NPROC 513205/513205 , NOFILE 1048576/1048576 , AS infinity/infinity , CPU infinity/infinity , DATA infinity/infinity , FSIZE infinity/infinity , MEMLOCK 16436528k/16436528k
load average: 4.09 2.08 0.96

/proc/meminfo:
MemTotal:       131492232 kB
MemFree:        73593112 kB
MemAvailable:   115784624 kB
Buffers:          516532 kB
Cached:         41070808 kB
SwapCached:            0 kB
Active:          3656120 kB
Inactive:       40777896 kB
Active(anon):    2863156 kB
Inactive(anon):        0 kB
Active(file):     792964 kB
Inactive(file): 40777896 kB
Unevictable:       41912 kB
Mlocked:           38840 kB
SwapTotal:       8388604 kB
SwapFree:        8388604 kB
Zswap:                 0 kB
Zswapped:              0 kB
Dirty:            784116 kB
Writeback:             0 kB
AnonPages:       2891108 kB
Mapped:          9729408 kB
Shmem:              5316 kB
KReclaimable:    1871888 kB
Slab:            2393624 kB
SReclaimable:    1871888 kB
SUnreclaim:       521736 kB
KernelStack:       12064 kB
PageTables:        57312 kB
SecPageTables:      8776 kB
NFS_Unstable:          0 kB
Bounce:                0 kB
WritebackTmp:          0 kB
CommitLimit:    74134720 kB
Committed_AS:   163389344 kB
VmallocTotal:   34359738367 kB
VmallocUsed:       38084 kB
VmallocChunk:          0 kB
Percpu:            48896 kB
HardwareCorrupted:     0 kB
AnonHugePages:         0 kB
ShmemHugePages:        0 kB
ShmemPmdMapped:        0 kB
FileHugePages:   2168832 kB
FilePmdMapped:         0 kB
Unaccepted:            0 kB
Balloon:               0 kB
HugePages_Total:       0
HugePages_Free:        0
HugePages_Rsvd:        0
HugePages_Surp:        0
Hugepagesize:       2048 kB
Hugetlb:               0 kB
DirectMap4k:      697152 kB
DirectMap2M:    24055808 kB
DirectMap1G:    109051904 kB

/sys/kernel/mm/transparent_hugepage/enabled: always [madvise] never
/sys/kernel/mm/transparent_hugepage/hpage_pmd_size: 2097152
/sys/kernel/mm/transparent_hugepage/defrag (defrag/compaction efforts parameter): always defer defer+madvise [madvise] never

Process Memory:
Virtual Size: 13620285392K (peak: 13620285392K)
Resident Set Size: 4184652K (peak: 4184652K) (anon: 1011344K, file: 3173308K, shmem: 0K)
Swapped out: 0K
C-Heap outstanding allocations: 1409998K, retained: 39933K
glibc malloc tunables: (default)

/proc/sys/kernel/threads-max (system-wide limit on the number of threads): 1026411
/proc/sys/vm/max_map_count (maximum number of memory map areas a process may have): 1048576
/proc/sys/vm/swappiness (control to define how aggressively the kernel swaps out anonymous memory): 60
/proc/sys/kernel/pid_max (system-wide limit on number of process identifiers): 4194304

container information not found.
Steal ticks since vm start: 0
Steal ticks percentage since vm start:  0.000

CPU: total 32 (initial active 32) (32 cores per cpu, 2 threads per core) family 23 model 49 stepping 0 microcode 0x830107c, cx8, cmov, fxsr, ht, mmx, 3dnowpref, sse, sse2, sse3, ssse3, sse4a, sse4.1, sse4.2, popcnt, lzcnt, tsc, tscinvbit, avx, avx2, aes, clmul, bmi1, bmi2, adx, sha, fma, vzeroupper, clflush, clflushopt, rdtscp, rdpid, f16c
CPU Model and flags from /proc/cpuinfo:
model name	: AMD EPYC 7302P 16-Core Processor
flags		: fpu vme de pse tsc msr pae mce cx8 apic sep mtrr pge mca cmov pat pse36 clflush mmx fxsr sse sse2 ht syscall nx mmxext fxsr_opt pdpe1gb rdtscp lm constant_tsc rep_good nopl xtopology nonstop_tsc cpuid extd_apicid aperfmperf rapl pni pclmulqdq monitor ssse3 fma cx16 sse4_1 sse4_2 movbe popcnt aes xsave avx f16c rdrand lahf_lm cmp_legacy svm extapic cr8_legacy abm sse4a misalignsse 3dnowprefetch osvw ibs skinit wdt tce topoext perfctr_core perfctr_nb bpext perfctr_llc mwaitx cpb cat_l3 cdp_l3 hw_pstate ssbd mba ibrs ibpb stibp vmmcall fsgsbase bmi1 avx2 smep bmi2 cqm rdt_a rdseed adx smap clflushopt clwb sha_ni xsaveopt xsavec xgetbv1 xsaves cqm_llc cqm_occup_llc cqm_mbm_total cqm_mbm_local clzero irperf xsaveerptr rdpru wbnoinvd amd_ppin arat npt lbrv svm_lock nrip_save tsc_scale vmcb_clean flushbyasid decodeassists pausefilter pfthreshold avic v_vmsave_vmload vgif v_spec_ctrl umip rdpid overflow_recov succor smca sev sev_es

Online cpus: 0-31
Offline cpus: 
BIOS frequency limitation: <Not Available>
Frequency switch latency (ns): <Not Available>
Available cpu frequencies: <Not Available>
Current governor: <Not Available>
Core performance/turbo boost: <Not Available>

Memory: 4k page, physical 131492232k(115784624k free), swap 8388604k(8388604k free)
Page Sizes: 4k

vm_info: OpenJDK 64-Bit Server VM (21.0.9-internal-adhoc.talzuss.openjdk-mmtk) for linux-amd64 JRE (21.0.9-internal-adhoc.talzuss.openjdk-mmtk), built on 2026-07-06T23:13:08Z by "talzuss" with gcc 13.3.0
heap_info: MMTk OpenJDK 0.32.0 (a3bb9ef-dirty), using MMTk 0.32.0 (6afa497-dirty, BUILTIN_ENV_LOGGER, DEFAULT, EAGER_SWEEPING, VO_BIT) 

END.
