#
# A fatal error has been detected by the Java Runtime Environment:
#
#  SIGSEGV (0xb) at pc=0x00007b6c2c5d2047, pid=361094, tid=361111
#
# JRE version: OpenJDK Runtime Environment (21.0.9) (build 21.0.9-internal-adhoc.talzuss.openjdk-mmtk)
# Java VM: OpenJDK 64-Bit Server VM (21.0.9-internal-adhoc.talzuss.openjdk-mmtk, mixed mode, sharing, tiered, compressed oops, compressed class ptrs, third-party gc, linux-amd64)
# Problematic frame:
# C  [libmmtk_openjdk.so+0x1d2047]  mmtk::util::metadata::side_metadata::global::SideMetadataSpec::side_metadata_access::h2ebe702d7e44aa43+0xa7
#
# Core dump will be written. Default location: Core dumps may be processed with "/usr/share/apport/apport -p%p -s%s -c%c -d%d -P%P -u%u -g%g -F%F -- %E" (or dumping to /mydata/mmtk-core/core.361094)
#
# If you would like to submit a bug report, please visit:
#   https://bugreport.java.com/bugreport/crash.jsp
#

---------------  S U M M A R Y ------------

Command Line: -XX:+UseThirdPartyHeap -Xms512m -Xmx512m /mydata/dacapo/dacapo-23.11/dacapo-23.11-MR2-chopin.jar xalan -n 3

Host: AMD EPYC 7302P 16-Core Processor, 32 cores, 125G, Ubuntu 24.04.4 LTS
Time: Tue Jul  7 16:34:08 2026 MDT elapsed time: 3.060029 seconds (0d 0h 0m 3s)

---------------  T H R E A D  ---------------

Current thread (0x00007b6c28538960):  NamedThread "MMTk Collector Thread" [id=361111, stack(0x00006ebef2afc000,0x00006ebef2bfc000) (1024K)]

Stack: [0x00006ebef2afc000,0x00006ebef2bfc000],  sp=0x00006ebef2bfa8b0,  free space=1018k
Native frames: (J=compiled Java code, j=interpreted, Vv=VM code, C=native code)
C  [libmmtk_openjdk.so+0x1d2047]  mmtk::util::metadata::side_metadata::global::SideMetadataSpec::side_metadata_access::h2ebe702d7e44aa43+0xa7

siginfo: si_signo: 11 (SIGSEGV), si_code: 2 (SEGV_ACCERR), si_addr: 0x0000796bf040008d

Registers:
RAX=0x00007b6c2c5d2047, RBX=0x00000000000b4ee0, RCX=0x00007b6c2c46d4fc, RDX=0x0000000000000006
RSP=0x00006ebef2bfa8b0, RBP=0x0000000000000001, RSI=0x0000000000000001, RDI=0x00006ebef2bfa990
R8 =0x0000796bf040008d, R9 =0xffffffffffffff40, R10=0x0000000000000007, R11=0x0000000000000003
R12=0x00006ebea000eec8, R13=0x0000000000000001, R14=0x00006ebeb40053d0, R15=0x00006ebef2bfa990
RIP=0x00007b6c2c5d2047, EFLAGS=0x0000000000010216, CSGSFS=0x002b000000000033, ERR=0x0000000000000004
  TRAPNO=0x000000000000000e

XMM[0]=0x00006ebecc0128a0 0x0000000000000024
XMM[1]=0x0000000000000000 0x0000000000783020
XMM[2]=0x0000000000000000 0x00006ebecc00a6f0
XMM[3]=0x0000000000000000 0x00000000000000ff
XMM[4]=0x0000000000000000 0x00006ebeb4000090
XMM[5]=0x00000000400535c8 0x0000000040053578
XMM[6]=0x0000000040053330 0x0000000040053310
XMM[7]=0x0000000040053178 0x00000000400530f8
XMM[8]=0x0000000040050d78 0x0000000040050c68
XMM[9]=0x0000000000000000 0x0000000000000000
XMM[10]=0x3f3f3f3f3f3f3f3f 0x3f3f3f3f3f3f3f3f
XMM[11]=0x9999999999999999 0x9999999999999999
XMM[12]=0x2020202020202020 0x2020202020202020
XMM[13]=0x0000000000000000 0x0000000000000000
XMM[14]=0x0000000000000000 0x0000000000000000
XMM[15]=0x0000000000000000 0x0000000000000000
  MXCSR=0x00001fa2


Register to memory mapping:

RAX=
[error occurred during error reporting (printing register info), id 0xe0000000, Internal Error (/mydata/mmtk-openjdk/openjdk/share/mmtkHeap.cpp:444)]
RBX=
[error occurred during error reporting (printing register info, attempt 2), id 0xe0000000, Internal Error (/mydata/mmtk-openjdk/openjdk/share/mmtkHeap.cpp:444)]
RCX=
[error occurred during error reporting (printing register info, attempt 3), id 0xe0000000, Internal Error (/mydata/mmtk-openjdk/openjdk/share/mmtkHeap.cpp:444)]
Top of Stack: (sp=0x00006ebef2bfa8b0)
0x00006ebef2bfa8b0:   0000000000000013 0000000000000000
0x00006ebef2bfa8c0:   00006ebeb40053d0 0000000000000060
0x00006ebef2bfa8d0:   00000000000b4ef0 0000000000000008
0x00006ebef2bfa8e0:   0000000000000000 00007b6c2c6e16c4
0x00006ebef2bfa8f0:   0000000000000073 00006ebef303f700
0x00006ebef2bfa900:   00007b6c283e01b0 00000000503eb9d0
0x00006ebef2bfa910:   0000000000020000 00006ebea000edf0
0x00006ebef2bfa920:   00000000000169f7 0000000000000004
0x00006ebef2bfa930:   00006ebeb40053d0 0000000000000001
0x00006ebef2bfa940:   0000000000000000 00007b6c2c811a04
0x00006ebef2bfa950:   00007b6c2c680ec0 00006ebef2bfa9f8
0x00006ebef2bfa960:   0000000000000001 00006ebea000ae50
0x00006ebef2bfa970:   00006ebea000eec8 0000000000000040
0x00006ebef2bfa980:   0000000000000000 0000000000000001
0x00006ebef2bfa990:   00007b6c2c7ed468 00006ebef2bfa9d0
0x00006ebef2bfa9a0:   00006ebef2bfa948 0000000000000001
0x00006ebef2bfa9b0:   0000000000000000 00006ebef2bfaa0f
0x00006ebef2bfa9c0:   00006ebef2bfaa10 00006ebef2bfa910
0x00006ebef2bfa9d0:   0000000000002370 00007b6c2c6c59f0
0x00006ebef2bfa9e0:   00007b6c2806d400 00007b6c2852cbf0
0x00006ebef2bfa9f0:   00006ebef2bfaa00 00007b6c2c67a0f3
0x00006ebef2bfaa00:   00006ebea000afc8 0000000000000001
0x00006ebef2bfaa10:   0000000000000400 00006ebea0007ba0
0x00006ebef2bfaa20:   000000000000037a 0000000040000000
0x00006ebef2bfaa30:   00000000503fd000 00006ebea000afc0
0x00006ebef2bfaa40:   00000000000103fd 00006ebef2bfa970
0x00006ebef2bfaa50:   00007b6c2c811328 00007b6c2c811ab0
0x00006ebef2bfaa60:   0000000000000040 00006ebef303f4b0
0x00006ebef2bfaa70:   000000000000001a 00006ebef2bfa9d0
0x00006ebef2bfaa80:   00006ebea0009770 00006ebea0009770
0x00006ebef2bfaa90:   00007b6c2806ef00 00007b6c2806ec00
0x00006ebef2bfaaa0:   00007b6c2806e900 00007b6c2806e600 

Instructions: (pc=0x00007b6c2c5d2047)
0x00007b6c2c5d1f47:   0f 11 44 24 20 48 8d 35 a5 08 21 00 48 8d 7c 24
0x00007b6c2c5d1f57:   08 e8 53 a8 fc ff 48 8d 05 2c 08 21 00 48 89 44
0x00007b6c2c5d1f67:   24 08 48 c7 44 24 10 01 00 00 00 48 c7 44 24 18
0x00007b6c2c5d1f77:   08 00 00 00 0f 57 c0 0f 11 44 24 20 48 8d 35 56
0x00007b6c2c5d1f87:   08 21 00 48 8d 7c 24 08 e8 1c a8 fc ff cc cc cc
0x00007b6c2c5d1f97:   cc cc cc cc cc cc cc cc cc 48 83 ec 38 48 8b 37
0x00007b6c2c5d1fa7:   4c 8b 4f 08 4d 8b 01 48 8b 46 18 48 8b 4e 20 ba
0x00007b6c2c5d1fb7:   03 00 00 00 29 c2 78 10 8b 05 db f7 23 00 49 d3
0x00007b6c2c5d1fc7:   e8 89 d1 49 d3 e8 eb 10 8b 15 cb f7 23 00 49 d3
0x00007b6c2c5d1fd7:   e8 04 3d 89 c1 49 d3 e0 4c 03 05 b2 f7 23 00 4c
0x00007b6c2c5d1fe7:   03 46 10 48 8b 46 18 48 83 f8 03 73 63 41 ba 07
0x00007b6c2c5d1ff7:   00 00 00 89 c1 49 d3 ea 49 8b 11 0f b6 4e 20 48
0x00007b6c2c5d2007:   d3 ea 44 21 d2 89 c1 48 d3 e2 be 01 00 00 00 48
0x00007b6c2c5d2017:   d3 e6 49 c7 c1 ff ff ff ff 89 f1 49 d3 e1 41 f6
0x00007b6c2c5d2027:   d1 80 e2 07 89 d1 41 d2 e1 48 8b 47 10 0f b6 00
0x00007b6c2c5d2037:   48 8d 0d be b4 e9 ff 48 63 04 81 48 01 c8 ff e0
0x00007b6c2c5d2047:   41 0f b6 00 44 20 c8 89 d1 d2 e8 48 83 c4 38 c3
0x00007b6c2c5d2057:   48 8b 47 10 0f b6 00 48 8d 0d 83 b4 e9 ff 48 63
0x00007b6c2c5d2067:   04 81 48 01 c8 ff e0 41 0f b6 00 48 83 c4 38 c3
0x00007b6c2c5d2077:   48 8d 05 c2 06 21 00 48 89 44 24 08 48 c7 44 24
0x00007b6c2c5d2087:   10 01 00 00 00 48 c7 44 24 18 08 00 00 00 0f 57
0x00007b6c2c5d2097:   c0 0f 11 44 24 20 48 8d 35 ac 06 21 00 48 8d 7c
0x00007b6c2c5d20a7:   24 08 e8 02 a7 fc ff 48 8d 05 b3 06 21 00 48 89
0x00007b6c2c5d20b7:   44 24 08 48 c7 44 24 10 01 00 00 00 48 c7 44 24
0x00007b6c2c5d20c7:   18 08 00 00 00 0f 57 c0 0f 11 44 24 20 48 8d 35
0x00007b6c2c5d20d7:   9d 06 21 00 48 8d 7c 24 08 e8 cb a6 fc ff cc cc
0x00007b6c2c5d20e7:   cc cc cc cc cc cc cc cc cc 48 8b 37 4c 8b 4f 08
0x00007b6c2c5d20f7:   4d 8b 01 48 8b 46 18 48 8b 4e 20 ba 03 00 00 00
0x00007b6c2c5d2107:   29 c2 78 10 8b 05 8f f6 23 00 49 d3 e8 89 d1 49
0x00007b6c2c5d2117:   d3 e8 eb 10 8b 15 7f f6 23 00 49 d3 e8 04 3d 89
0x00007b6c2c5d2127:   c1 49 d3 e0 4c 03 05 66 f6 23 00 4c 03 46 10 48
0x00007b6c2c5d2137:   8b 46 18 48 8b 4f 10 48 8b 39 48 83 f8 03 73 5a 


Stack slot to memory mapping:

stack at sp + 0 slots: 
[error occurred during error reporting (inspecting top of stack), id 0xe0000000, Internal Error (/mydata/mmtk-openjdk/openjdk/share/mmtkHeap.cpp:444)]
stack at sp + 1 slots: 0x0 is null
stack at sp + 2 slots: 
[error occurred during error reporting (inspecting top of stack, attempt 2), id 0xe0000000, Internal Error (/mydata/mmtk-openjdk/openjdk/share/mmtkHeap.cpp:444)]
stack at sp + 3 slots: 
[error occurred during error reporting (inspecting top of stack, attempt 3), id 0xe0000000, Internal Error (/mydata/mmtk-openjdk/openjdk/share/mmtkHeap.cpp:444)]

---------------  P R O C E S S  ---------------

Threads class SMR info:
_java_thread_list=0x00006ebe640f6530, length=56, elements={
0x00007b6c2802b240, 0x00007b6c28526fb0, 0x00007b6c28528840, 0x00007b6c2852a350,
0x00007b6c28548b80, 0x00007b6c2854a4d0, 0x00007b6c2854bd90, 0x00007b6c2854dbd0,
0x00007b6c285575a0, 0x00006ebe6c04de30, 0x00006ebe6c04f430, 0x00007b6c2859ea10,
0x00007b6c285a1a10, 0x00006ebe6c05bab0, 0x00006ebe6402d780, 0x00006ebe6402edf0,
0x00006ebe680f0b60, 0x00007b6c28792780, 0x00007b6c287b89f0, 0x00007b6c287b94f0,
0x00007b6c287ba880, 0x00007b6c287bbc50, 0x00007b6c287bd020, 0x00007b6c287be3f0,
0x00007b6c287bf960, 0x00007b6c287c0d30, 0x00007b6c287c2100, 0x00007b6c287c3690,
0x00007b6c287c4c20, 0x00007b6c287c60d0, 0x00007b6c287c7580, 0x00007b6c283e1a90,
0x00007b6c283e2ab0, 0x00007b6c283e42f0, 0x00007b6c287b12d0, 0x00007b6c287b26f0,
0x00007b6c287b3c10, 0x00007b6c287b51f0, 0x00007b6c287b67d0, 0x00007b6c287b7c70,
0x00007b6c285ba500, 0x00007b6c285bb8f0, 0x00007b6c285bcef0, 0x00007b6c285be390,
0x00007b6c285bf830, 0x00007b6c285c0cd0, 0x00007b6c285d0080, 0x00007b6c285d18d0,
0x00007b6c285d30e0, 0x00006ebe64056de0, 0x00006ebe60084b80, 0x00006ebe6c0fdf50,
0x00006ebdbc002660, 0x00006ebe640f3160, 0x00006ebe480ca8a0, 0x00006ebe640f50b0
}

Java Threads: ( => current thread )
  0x00007b6c2802b240 JavaThread "main"                              [_thread_blocked, id=361095, stack(0x00007b6c2c817000,0x00007b6c2c917000) (1024K)]
  0x00007b6c28526fb0 JavaThread "Reference Handler"          daemon [_thread_blocked, id=361099, stack(0x00007b6bf04fd000,0x00007b6bf05fd000) (1024K)]
  0x00007b6c28528840 JavaThread "Finalizer"                  daemon [_thread_blocked, id=361100, stack(0x00006ebf3c2fc000,0x00006ebf3c3fc000) (1024K)]
  0x00007b6c2852a350 JavaThread "MMTk Finalizer Thread"      daemon [_thread_blocked, id=361101, stack(0x00006ebf388ff000,0x00006ebf389ff000) (1024K)]
  0x00007b6c28548b80 JavaThread "Signal Dispatcher"          daemon [_thread_blocked, id=361125, stack(0x00006ebef1cee000,0x00006ebef1dee000) (1024K)]
  0x00007b6c2854a4d0 JavaThread "Service Thread"             daemon [_thread_blocked, id=361126, stack(0x00006ebef1bee000,0x00006ebef1cee000) (1024K)]
  0x00007b6c2854bd90 JavaThread "Monitor Deflation Thread"   daemon [_thread_blocked, id=361127, stack(0x00006ebef1aee000,0x00006ebef1bee000) (1024K)]
  0x00007b6c2854dbd0 JavaThread "C2 CompilerThread0"         daemon [_thread_blocked, id=361128, stack(0x00006ebef19ee000,0x00006ebef1aee000) (1024K)]
  0x00007b6c285575a0 JavaThread "C1 CompilerThread0"         daemon [_thread_blocked, id=361129, stack(0x00006ebef18ee000,0x00006ebef19ee000) (1024K)]
  0x00006ebe6c04de30 JavaThread "C1 CompilerThread1"         daemon [_thread_blocked, id=361130, stack(0x00006ebef17ee000,0x00006ebef18ee000) (1024K)]
  0x00006ebe6c04f430 JavaThread "C1 CompilerThread2"         daemon [_thread_blocked, id=361131, stack(0x00006ebef16ee000,0x00006ebef17ee000) (1024K)]
  0x00007b6c2859ea10 JavaThread "Notification Thread"        daemon [_thread_blocked, id=361132, stack(0x00006ebef15ee000,0x00006ebef16ee000) (1024K)]
  0x00007b6c285a1a10 JavaThread "Common-Cleaner"             daemon [_thread_blocked, id=361133, stack(0x00006ebef14ee000,0x00006ebef15ee000) (1024K)]
  0x00006ebe6c05bab0 JavaThread "C2 CompilerThread1"         daemon [_thread_blocked, id=361134, stack(0x00006ebef13ee000,0x00006ebef14ee000) (1024K)]
  0x00006ebe6402d780 JavaThread "C1 CompilerThread3"         daemon [_thread_blocked, id=361135, stack(0x00006ebef12ee000,0x00006ebef13ee000) (1024K)]
  0x00006ebe6402edf0 JavaThread "C1 CompilerThread4"         daemon [_thread_blocked, id=361136, stack(0x00006ebef11ee000,0x00006ebef12ee000) (1024K)]
  0x00006ebe680f0b60 JavaThread "C2 CompilerThread2"         daemon [_thread_blocked, id=361137, stack(0x00006ebef10ee000,0x00006ebef11ee000) (1024K)]
  0x00007b6c28792780 JavaThread "Thread-0"                          [_thread_blocked, id=361139, stack(0x00006ebef0fee000,0x00006ebef10ee000) (1024K)]
  0x00007b6c287b89f0 JavaThread "Thread-1"                          [_thread_blocked, id=361140, stack(0x00006ebef0eee000,0x00006ebef0fee000) (1024K)]
  0x00007b6c287b94f0 JavaThread "Thread-2"                          [_thread_blocked, id=361141, stack(0x00006ebef0dee000,0x00006ebef0eee000) (1024K)]
  0x00007b6c287ba880 JavaThread "Thread-3"                          [_thread_blocked, id=361142, stack(0x00006ebef0cee000,0x00006ebef0dee000) (1024K)]
  0x00007b6c287bbc50 JavaThread "Thread-4"                          [_thread_blocked, id=361143, stack(0x00006ebef0bee000,0x00006ebef0cee000) (1024K)]
  0x00007b6c287bd020 JavaThread "Thread-5"                          [_thread_blocked, id=361144, stack(0x00006ebef0aee000,0x00006ebef0bee000) (1024K)]
  0x00007b6c287be3f0 JavaThread "Thread-6"                          [_thread_blocked, id=361145, stack(0x00006ebef09ee000,0x00006ebef0aee000) (1024K)]
  0x00007b6c287bf960 JavaThread "Thread-7"                          [_thread_blocked, id=361146, stack(0x00006ebef08ee000,0x00006ebef09ee000) (1024K)]
  0x00007b6c287c0d30 JavaThread "Thread-8"                          [_thread_blocked, id=361147, stack(0x00006ebef07ee000,0x00006ebef08ee000) (1024K)]
  0x00007b6c287c2100 JavaThread "Thread-9"                          [_thread_blocked, id=361148, stack(0x00006ebef06ee000,0x00006ebef07ee000) (1024K)]
  0x00007b6c287c3690 JavaThread "Thread-10"                         [_thread_blocked, id=361149, stack(0x00006ebef05ee000,0x00006ebef06ee000) (1024K)]
  0x00007b6c287c4c20 JavaThread "Thread-11"                         [_thread_blocked, id=361150, stack(0x00006ebef04ee000,0x00006ebef05ee000) (1024K)]
  0x00007b6c287c60d0 JavaThread "Thread-12"                         [_thread_blocked, id=361151, stack(0x00006ebef03ee000,0x00006ebef04ee000) (1024K)]
  0x00007b6c287c7580 JavaThread "Thread-13"                         [_thread_blocked, id=361152, stack(0x00006ebef02ee000,0x00006ebef03ee000) (1024K)]
  0x00007b6c283e1a90 JavaThread "Thread-14"                         [_thread_blocked, id=361153, stack(0x00006ebef01ee000,0x00006ebef02ee000) (1024K)]
  0x00007b6c283e2ab0 JavaThread "Thread-15"                         [_thread_blocked, id=361154, stack(0x00006ebef00ee000,0x00006ebef01ee000) (1024K)]
  0x00007b6c283e42f0 JavaThread "Thread-16"                         [_thread_blocked, id=361155, stack(0x00006ebe07f00000,0x00006ebe08000000) (1024K)]
  0x00007b6c287b12d0 JavaThread "Thread-17"                         [_thread_blocked, id=361156, stack(0x00006ebe07e00000,0x00006ebe07f00000) (1024K)]
  0x00007b6c287b26f0 JavaThread "Thread-18"                         [_thread_blocked, id=361157, stack(0x00006ebe07d00000,0x00006ebe07e00000) (1024K)]
  0x00007b6c287b3c10 JavaThread "Thread-19"                         [_thread_blocked, id=361158, stack(0x00006ebe07c00000,0x00006ebe07d00000) (1024K)]
  0x00007b6c287b51f0 JavaThread "Thread-20"                         [_thread_blocked, id=361159, stack(0x00006ebe07b00000,0x00006ebe07c00000) (1024K)]
  0x00007b6c287b67d0 JavaThread "Thread-21"                         [_thread_blocked, id=361160, stack(0x00006ebe07a00000,0x00006ebe07b00000) (1024K)]
  0x00007b6c287b7c70 JavaThread "Thread-22"                         [_thread_blocked, id=361161, stack(0x00006ebe07900000,0x00006ebe07a00000) (1024K)]
  0x00007b6c285ba500 JavaThread "Thread-23"                         [_thread_blocked, id=361162, stack(0x00006ebe07800000,0x00006ebe07900000) (1024K)]
  0x00007b6c285bb8f0 JavaThread "Thread-24"                         [_thread_blocked, id=361163, stack(0x00006ebe07700000,0x00006ebe07800000) (1024K)]
  0x00007b6c285bcef0 JavaThread "Thread-25"                         [_thread_blocked, id=361164, stack(0x00006ebe07600000,0x00006ebe07700000) (1024K)]
  0x00007b6c285be390 JavaThread "Thread-26"                         [_thread_blocked, id=361165, stack(0x00006ebe07500000,0x00006ebe07600000) (1024K)]
  0x00007b6c285bf830 JavaThread "Thread-27"                         [_thread_blocked, id=361166, stack(0x00006ebe07400000,0x00006ebe07500000) (1024K)]
  0x00007b6c285c0cd0 JavaThread "Thread-28"                         [_thread_blocked, id=361167, stack(0x00006ebe07300000,0x00006ebe07400000) (1024K)]
  0x00007b6c285d0080 JavaThread "Thread-29"                         [_thread_blocked, id=361168, stack(0x00006ebe07200000,0x00006ebe07300000) (1024K)]
  0x00007b6c285d18d0 JavaThread "Thread-30"                         [_thread_blocked, id=361169, stack(0x00006ebe07100000,0x00006ebe07200000) (1024K)]
  0x00007b6c285d30e0 JavaThread "Thread-31"                         [_thread_blocked, id=361170, stack(0x00006ebe07000000,0x00006ebe07100000) (1024K)]
  0x00006ebe64056de0 JavaThread "C2 CompilerThread3"         daemon [_thread_blocked, id=361171, stack(0x00006ebe06f00000,0x00006ebe07000000) (1024K)]
  0x00006ebe60084b80 JavaThread "C2 CompilerThread4"         daemon [_thread_in_native, id=361172, stack(0x00006ebe06e00000,0x00006ebe06f00000) (1024K)]
  0x00006ebe6c0fdf50 JavaThread "C2 CompilerThread5"         daemon [_thread_blocked, id=361173, stack(0x00006ebe06d00000,0x00006ebe06e00000) (1024K)]
  0x00006ebdbc002660 JavaThread "C2 CompilerThread6"         daemon [_thread_blocked, id=361174, stack(0x00006ebe06c00000,0x00006ebe06d00000) (1024K)]
  0x00006ebe640f3160 JavaThread "C2 CompilerThread7"         daemon [_thread_blocked, id=361175, stack(0x00006ebe06b00000,0x00006ebe06c00000) (1024K)]
  0x00006ebe480ca8a0 JavaThread "C2 CompilerThread8"         daemon [_thread_blocked, id=361176, stack(0x00006ebe06a00000,0x00006ebe06b00000) (1024K)]
  0x00006ebe640f50b0 JavaThread "C2 CompilerThread9"         daemon [_thread_blocked, id=361177, stack(0x00006ebe06900000,0x00006ebe06a00000) (1024K)]
Total: 56

Other Threads:
  0x00007b6c2851bc50 VMThread "VM Thread"                           [id=361098, stack(0x00007b6bf05fe000,0x00007b6bf06fe000) (1024K)]
  0x00007b6c28509820 WatcherThread "VM Periodic Task Thread"        [id=361097, stack(0x00007b6bf06ff000,0x00007b6bf07ff000) (1024K)]

=>0x00007b6c28538960 (exited) NamedThread "MMTk Collector Thread"   [id=361111, stack(0x00006ebef2afc000,0x00006ebef2bfc000) (1024K)]
Total: 3

Threads with active compile tasks:
C2 CompilerThread0  3062 2904       4       org.apache.xml.dtm.ref.DTMStringPool::stringToIndex (127 bytes)
C2 CompilerThread1  3062 2640       4       org.apache.xalan.templates.ElemIf::execute (120 bytes)
C2 CompilerThread2  3062 2695       4       org.xml.sax.helpers.AttributesImpl::addAttribute (91 bytes)
C2 CompilerThread3  3063 2896 % !   4       org.apache.xerces.impl.XMLDocumentFragmentScannerImpl$FragmentContentDispatcher::dispatch @ 145 (1118 bytes)
C2 CompilerThread4  3063 2293   !   4       org.apache.xalan.templates.ElemApplyTemplates::transformSelectedNodes (979 bytes)
C2 CompilerThread5  3063 2902       4       java.util.HashMap::putMapEntries (170 bytes)
C2 CompilerThread6  3063 2298       4       java.lang.String::<init> (99 bytes)
C2 CompilerThread7  3063 2692   !   4       org.apache.xml.serializer.ToStream::addAttributeAlways (273 bytes)
C2 CompilerThread8  3063 2879   !   4       org.apache.xalan.templates.ElemLiteralResult::execute (312 bytes)
C2 CompilerThread9  3063 2687       4       org.apache.xml.serializer.AttributesImplSerializer::addAttribute (116 bytes)
Total: 10

VM state: at safepoint (normal execution)

VM Mutex/Monitor currently owned by a thread:  ([mutex/lock_event])
[0x00007b6c2df580d0] Threads_lock - owner thread: 0x00007b6c2851bc50
[0x00007b6c2df57fd0] Heap_lock - owner thread: 0x00007b6c283e50f0

Heap address: 0x0000000040000000, size: 3072 MB, Compressed Oops mode: 32-bit

CDS archive(s) mapped at: [0x00006ebef3000000-0x00006ebef3ca3000-0x00006ebef3ca3000), size 13250560, SharedBaseAddress: 0x00006ebef3000000, ArchiveRelocationMode: 1.
Compressed class space mapped at: 0x00006ebef4000000-0x00006ebf34000000, reserved size: 1073741824
Narrow klass base: 0x00006ebef3000000, Narrow klass shift: 0, Narrow klass range: 0x100000000

GC Precious Log:
<Empty>

Heap:

[error occurred during error reporting (printing heap information), id 0xe0000000, Internal Error (/mydata/mmtk-openjdk/openjdk/share/mmtkHeap.cpp:424)]
Metaspace:

Usage:
  Non-class:      6.95 MB used.
      Class:    965.52 KB used.
       Both:      7.90 MB used.

Virtual space:
  Non-class space:       64.00 MB reserved,       7.06 MB ( 11%) committed,  1 nodes.
      Class space:        1.00 GB reserved,       1.06 MB ( <1%) committed,  1 nodes.
             Both:        1.06 GB reserved,       8.12 MB ( <1%) committed. 

Chunk freelists:
   Non-Class:  7.41 MB
       Class:  14.99 MB
        Both:  22.40 MB

MaxMetaspaceSize: unlimited
CompressedClassSpaceSize: 1.00 GB
Initial GC threshold: 21.00 MB
Current GC threshold: 21.00 MB
CDS: on
 - commit_granule_bytes: 65536.
 - commit_granule_words: 8192.
 - virtual_space_node_default_size: 8388608.
 - enlarge_chunks_in_place: 1.
 - use_allocation_guard: 0.


Internal statistics:

num_allocs_failed_limit: 0.
num_arena_births: 122.
num_arena_deaths: 0.
num_vsnodes_births: 2.
num_vsnodes_deaths: 0.
num_space_committed: 130.
num_space_uncommitted: 0.
num_chunks_returned_to_freelist: 0.
num_chunks_taken_from_freelist: 373.
num_chunk_merges: 0.
num_chunk_splits: 261.
num_chunks_enlarged: 200.
num_inconsistent_stats: 0.

CodeHeap 'non-profiled nmethods': size=118880Kb used=1492Kb max_used=1492Kb free=117387Kb
 bounds [0x00007b6c183e8000, 0x00007b6c18658000, 0x00007b6c1f800000]
CodeHeap 'profiled nmethods': size=118876Kb used=6283Kb max_used=6283Kb free=112592Kb
 bounds [0x00007b6c10800000, 0x00007b6c10e30000, 0x00007b6c17c17000]
CodeHeap 'non-nmethods': size=8004Kb used=3526Kb max_used=3615Kb free=4477Kb
 bounds [0x00007b6c17c17000, 0x00007b6c17fa7000, 0x00007b6c183e8000]
CodeCache: size=245760Kb, used=11301Kb, max_used=11390Kb, free=234456Kb
 total_blobs=3321, nmethods=2841, adapters=379, full_count=0
Compilation: enabled, stopped_count=0, restarted_count=0

Compilation events (20 events):
Event: 3.030 Thread 0x00006ebe6402edf0 nmethod 2907 0x00007b6c10e21290 code [0x00007b6c10e214c0, 0x00007b6c10e219a8]
Event: 3.030 Thread 0x00006ebe6c04f430 nmethod 2906 0x00007b6c10e21d10 code [0x00007b6c10e21f80, 0x00007b6c10e229f0]
Event: 3.030 Thread 0x00006ebe640f50b0 nmethod 2895 0x00007b6c1854cc10 code [0x00007b6c1854cde0, 0x00007b6c1854d5a8]
Event: 3.030 Thread 0x00006ebe640f50b0 2656       4       org.apache.xpath.NodeSetDTM::size (5 bytes)
Event: 3.030 Thread 0x00006ebe640f50b0 nmethod 2656 0x00007b6c1854d910 code [0x00007b6c1854da80, 0x00007b6c1854db08]
Event: 3.030 Thread 0x00006ebe640f50b0 2617       4       org.apache.xml.serializer.CharInfo$CharKey::equals (20 bytes)
Event: 3.031 Thread 0x00006ebe640f50b0 nmethod 2617 0x00007b6c1854dc10 code [0x00007b6c1854dda0, 0x00007b6c1854de90]
Event: 3.031 Thread 0x00006ebe640f50b0 2634       4       org.apache.xpath.NodeSetDTM::elementAt (11 bytes)
Event: 3.049 Thread 0x00006ebe6c05bab0 nmethod 2608 0x00007b6c1854df90 code [0x00007b6c1854e160, 0x00007b6c1854e880]
Event: 3.049 Thread 0x00006ebe6c05bab0 2640       4       org.apache.xalan.templates.ElemIf::execute (120 bytes)
Event: 3.049 Thread 0x00006ebe640f50b0 nmethod 2634 0x00007b6c1854ec10 code [0x00007b6c1854eda0, 0x00007b6c1854eec8]
Event: 3.050 Thread 0x00006ebe640f50b0 2800       4       org.apache.xml.utils.res.CharArrayWrapper::getChar (7 bytes)
Event: 3.050 Thread 0x00006ebe640f50b0 nmethod 2800 0x00007b6c1854f010 code [0x00007b6c1854f1a0, 0x00007b6c1854f268]
Event: 3.050 Thread 0x00006ebe640f50b0 2687       4       org.apache.xml.serializer.AttributesImplSerializer::addAttribute (116 bytes)
Event: 3.051 Thread 0x00006ebdbc002660 nmethod 2491 0x00007b6c1854f310 code [0x00007b6c1854f580, 0x00007b6c18550450]
Event: 3.051 Thread 0x00006ebdbc002660 2298       4       java.lang.String::<init> (99 bytes)
Event: 3.052 Thread 0x00006ebe680f0b60 nmethod 2383 0x00007b6c18550c90 code [0x00007b6c185511c0, 0x00007b6c18554048]
Event: 3.052 Thread 0x00006ebe680f0b60 2695       4       org.xml.sax.helpers.AttributesImpl::addAttribute (91 bytes)
Event: 3.053 Thread 0x00006ebe640f3160 nmethod 2729 0x00007b6c18556210 code [0x00007b6c18556940, 0x00007b6c1855ac90]
Event: 3.053 Thread 0x00006ebe640f3160 2692   !   4       org.apache.xml.serializer.ToStream::addAttributeAlways (273 bytes)

GC Heap History (0 events):
No events

Dll operation events (7 events):
Event: 0.001 Loaded shared library /mydata/openjdk-mmtk/build/b0test/images/jdk/lib/libjava.so
Event: 2.218 Loaded shared library /mydata/openjdk-mmtk/build/b0test/images/jdk/lib/libjsvml.so
Event: 2.231 Loaded shared library /mydata/openjdk-mmtk/build/b0test/images/jdk/lib/libnio.so
Event: 2.235 Loaded shared library /mydata/openjdk-mmtk/build/b0test/images/jdk/lib/libzip.so
Event: 2.248 Loaded shared library /mydata/openjdk-mmtk/build/b0test/images/jdk/lib/libjimage.so
Event: 2.274 Loaded shared library /mydata/openjdk-mmtk/build/b0test/images/jdk/lib/libnet.so
Event: 2.405 Loaded shared library /mydata/openjdk-mmtk/build/b0test/images/jdk/lib/libverify.so

Deoptimization events (20 events):
Event: 2.905 Thread 0x00007b6c283e2ab0 DEOPT PACKING pc=0x00007b6c10cc1139 sp=0x00006ebef01eb930
Event: 2.905 Thread 0x00007b6c283e2ab0 DEOPT UNPACKING pc=0x00007b6c17c6b02f sp=0x00006ebef01ead78 mode 0
Event: 3.013 Thread 0x00007b6c285bcef0 Uncommon trap: trap_request=0xffffff6e fr.pc=0x00007b6c1852f9cc relative=0x000000000000108c
Event: 3.013 Thread 0x00007b6c287c60d0 Uncommon trap: trap_request=0xffffff6e fr.pc=0x00007b6c1852f9cc relative=0x000000000000108c
Event: 3.013 Thread 0x00007b6c285bcef0 Uncommon trap: reason=loop_limit_check action=maybe_recompile pc=0x00007b6c1852f9cc method=org.apache.xalan.templates.ElemLiteralResult.execute(Lorg/apache/xalan/transformer/TransformerImpl;)V @ 110 c2
Event: 3.013 Thread 0x00007b6c287c60d0 Uncommon trap: reason=loop_limit_check action=maybe_recompile pc=0x00007b6c1852f9cc method=org.apache.xalan.templates.ElemLiteralResult.execute(Lorg/apache/xalan/transformer/TransformerImpl;)V @ 110 c2
Event: 3.013 Thread 0x00007b6c285bcef0 DEOPT PACKING pc=0x00007b6c1852f9cc sp=0x00006ebe076fd8b0
Event: 3.013 Thread 0x00007b6c287c60d0 DEOPT PACKING pc=0x00007b6c1852f9cc sp=0x00006ebef04eb300
Event: 3.013 Thread 0x00007b6c285bcef0 DEOPT UNPACKING pc=0x00007b6c17c6a899 sp=0x00006ebe076fd8c0 mode 2
Event: 3.013 Thread 0x00007b6c287c60d0 DEOPT UNPACKING pc=0x00007b6c17c6a899 sp=0x00006ebef04eb310 mode 2
Event: 3.021 Thread 0x00007b6c283e2ab0 DEOPT PACKING pc=0x00007b6c10d3332c sp=0x00006ebef01ec370
Event: 3.021 Thread 0x00007b6c283e2ab0 DEOPT UNPACKING pc=0x00007b6c17c6b02f sp=0x00006ebef01eb8c8 mode 0
Event: 3.023 Thread 0x00007b6c287be3f0 DEOPT PACKING pc=0x00007b6c10c87f3d sp=0x00006ebef0aec060
Event: 3.023 Thread 0x00007b6c287be3f0 DEOPT UNPACKING pc=0x00007b6c17c6b02f sp=0x00006ebef0aeb558 mode 0
Event: 3.027 Thread 0x00007b6c285d0080 DEOPT PACKING pc=0x00007b6c10d3332c sp=0x00006ebe072fe390
Event: 3.027 Thread 0x00007b6c285d0080 DEOPT UNPACKING pc=0x00007b6c17c6b02f sp=0x00006ebe072fd8e8 mode 0
Event: 3.030 Thread 0x00007b6c28792780 DEOPT PACKING pc=0x00007b6c10d3332c sp=0x00006ebef10ec390
Event: 3.030 Thread 0x00007b6c28792780 DEOPT UNPACKING pc=0x00007b6c17c6b02f sp=0x00006ebef10eb8e8 mode 0
Event: 3.030 Thread 0x00007b6c287be3f0 DEOPT PACKING pc=0x00007b6c10c87f3d sp=0x00006ebef0aec060
Event: 3.030 Thread 0x00007b6c287be3f0 DEOPT UNPACKING pc=0x00007b6c17c6b02f sp=0x00006ebef0aeb558 mode 0

Classes loaded (20 events):
Event: 2.666 Loading class java/util/ResourceBundle$KeyElementReference
Event: 2.666 Loading class java/util/ResourceBundle$CacheKeyReference
Event: 2.667 Loading class java/util/ResourceBundle$CacheKeyReference done
Event: 2.667 Loading class java/util/ResourceBundle$KeyElementReference done
Event: 2.667 Loading class java/util/ResourceBundle$Control$2
Event: 2.667 Loading class java/util/ResourceBundle$Control$2 done
Event: 2.668 Loading class sun/util/PropertyResourceBundleCharset
Event: 2.668 Loading class sun/util/PropertyResourceBundleCharset done
Event: 2.668 Loading class sun/util/PropertyResourceBundleCharset$PropertiesFileDecoder
Event: 2.668 Loading class sun/util/PropertyResourceBundleCharset$PropertiesFileDecoder done
Event: 2.670 Loading class java/util/ResourceBundle$BundleReference
Event: 2.670 Loading class java/util/ResourceBundle$BundleReference done
Event: 2.671 Loading class sun/util/ResourceBundleEnumeration
Event: 2.671 Loading class sun/util/ResourceBundleEnumeration done
Event: 2.678 Loading class sun/nio/cs/ISO_8859_1$Encoder
Event: 2.679 Loading class sun/nio/cs/ISO_8859_1$Encoder done
Event: 2.710 Loading class java/util/ResourceBundle$Control$1
Event: 2.710 Loading class java/util/ResourceBundle$Control$1 done
Event: 2.730 Loading class java/lang/foreign/MemorySegment
Event: 2.730 Loading class java/lang/foreign/MemorySegment done

Classes unloaded (0 events):
No events

Classes redefined (0 events):
No events

Internal exceptions (13 events):
Event: 2.241 Thread 0x00007b6c2802b240 Exception <a 'java/lang/NoSuchMethodError'{0x000000004033c090}: 'java.lang.Object java.lang.invoke.DirectMethodHandle$Holder.newInvokeSpecial(java.lang.Object, int, java.lang.Object)'> (0x000000004033c090) 
thrown [src/hotspot/share/interpreter/linkResolver.cpp, line 772]
Event: 2.251 Thread 0x00007b6c2802b240 Exception <a 'java/lang/NoSuchMethodError'{0x0000000040301e28}: 'void java.lang.invoke.DirectMethodHandle$Holder.invokeStatic(java.lang.Object, java.lang.Object)'> (0x0000000040301e28) 
thrown [src/hotspot/share/interpreter/linkResolver.cpp, line 772]
Event: 2.251 Thread 0x00007b6c2802b240 Exception <a 'java/lang/NoSuchMethodError'{0x0000000040305820}: 'void java.lang.invoke.DirectMethodHandle$Holder.invokeSpecial(java.lang.Object, java.lang.Object, java.lang.Object)'> (0x0000000040305820) 
thrown [src/hotspot/share/interpreter/linkResolver.cpp, line 772]
Event: 2.293 Thread 0x00007b6c2802b240 Exception <a 'java/lang/NoSuchMethodError'{0x00000000401be078}: 'void java.lang.invoke.DirectMethodHandle$Holder.invokeVirtual(java.lang.Object, java.lang.Object)'> (0x00000000401be078) 
thrown [src/hotspot/share/interpreter/linkResolver.cpp, line 772]
Event: 2.330 Thread 0x00007b6c2802b240 Exception <a 'java/io/FileNotFoundException'{0x0000000040180bc0}> (0x0000000040180bc0) 
thrown [src/hotspot/share/prims/jni.cpp, line 520]
Event: 2.341 Thread 0x00007b6c2802b240 Exception <a 'java/lang/NoSuchMethodError'{0x0000000040119800}: 'java.lang.Object java.lang.invoke.Invokers$Holder.invokeExact_MT(java.lang.Object, java.lang.Object, java.lang.Object, java.lang.Object, java.lang.Object)'> (0x0000000040119800) 
thrown [src/hotspot/share/interpreter/linkResolver.cpp, line 772]
Event: 2.526 Thread 0x00007b6c2802b240 Exception <a 'java/lang/NoSuchMethodError'{0x0000000040ec2eb0}: 'void java.lang.invoke.DirectMethodHandle$Holder.invokeVirtual(java.lang.Object, java.lang.Object, int)'> (0x0000000040ec2eb0) 
thrown [src/hotspot/share/interpreter/linkResolver.cpp, line 772]
Event: 2.526 Thread 0x00007b6c2802b240 Exception <a 'java/lang/NoSuchMethodError'{0x0000000040ec75d8}: 'int java.lang.invoke.DirectMethodHandle$Holder.invokeSpecial(java.lang.Object, java.lang.Object, java.lang.Object, int)'> (0x0000000040ec75d8) 
thrown [src/hotspot/share/interpreter/linkResolver.cpp, line 772]
Event: 2.527 Thread 0x00007b6c2802b240 Exception <a 'java/lang/NoSuchMethodError'{0x0000000040ea0930}: 'java.lang.Object java.lang.invoke.DirectMethodHandle$Holder.invokeStatic(java.lang.Object, java.lang.Object, java.lang.Object, java.lang.Object, int)'> (0x0000000040ea0930) 
thrown [src/hotspot/share/interpreter/linkResolver.cpp, line 772]
Event: 2.528 Thread 0x00007b6c2802b240 Exception <a 'java/lang/NoSuchMethodError'{0x0000000040e9bb30}: 'void java.lang.invoke.DelegatingMethodHandle$Holder.reinvoke_L(java.lang.Object, java.lang.Object, int)'> (0x0000000040e9bb30) 
thrown [src/hotspot/share/interpreter/linkResolver.cpp, line 772]
Event: 2.529 Thread 0x00007b6c2802b240 Exception <a 'java/lang/NoSuchMethodError'{0x0000000040e928a0}: 'int java.lang.invoke.DirectMethodHandle$Holder.invokeSpecial(java.lang.Object, java.lang.Object, java.lang.Object)'> (0x0000000040e928a0) 
thrown [src/hotspot/share/interpreter/linkResolver.cpp, line 772]
Event: 2.598 Thread 0x00007b6c2802b240 Exception <a 'java/lang/NoSuchMethodError'{0x00000000413c4670}: 'void java.lang.invoke.DelegatingMethodHandle$Holder.reinvoke_L(java.lang.Object, java.lang.Object, int, int)'> (0x00000000413c4670) 
thrown [src/hotspot/share/interpreter/linkResolver.cpp, line 772]
Event: 2.665 Thread 0x00007b6c283e42f0 Exception <a 'java/lang/NoSuchMethodError'{0x0000000040b96348}: 'java.lang.Object java.lang.invoke.DirectMethodHandle$Holder.invokeInterface(java.lang.Object, java.lang.Object)'> (0x0000000040b96348) 
thrown [src/hotspot/share/interpreter/linkResolver.cpp, line 772]

ZGC Phase Switch (0 events):
No events

VM Operations (20 events):
Event: 2.796 Executing VM operation: ICBufferFull done
Event: 2.796 Executing VM operation: ICBufferFull
Event: 2.797 Executing VM operation: ICBufferFull done
Event: 2.800 Executing VM operation: ICBufferFull
Event: 2.806 Executing VM operation: ICBufferFull done
Event: 2.806 Executing VM operation: ICBufferFull
Event: 2.810 Executing VM operation: ICBufferFull done
Event: 2.820 Executing VM operation: HandshakeAllThreads (Deoptimize)
Event: 2.828 Executing VM operation: HandshakeAllThreads (Deoptimize) done
Event: 2.943 Executing VM operation: ICBufferFull
Event: 2.943 Executing VM operation: ICBufferFull done
Event: 2.944 Executing VM operation: ICBufferFull
Event: 2.944 Executing VM operation: ICBufferFull done
Event: 2.945 Executing VM operation: ICBufferFull
Event: 2.945 Executing VM operation: ICBufferFull done
Event: 2.945 Executing VM operation: ICBufferFull
Event: 2.946 Executing VM operation: ICBufferFull done
Event: 3.031 Executing VM operation: ThirdPartyHeapOperation
Event: 3.049 Executing VM operation: ThirdPartyHeapOperation done
Event: 3.053 Executing VM operation: ThirdPartyHeapOperation

Memory protections (20 events):
Event: 2.634 Protecting memory [0x00006ebe07c00000,0x00006ebe07c04000] with protection modes 0
Event: 2.634 Protecting memory [0x00006ebe07b00000,0x00006ebe07b04000] with protection modes 0
Event: 2.634 Protecting memory [0x00006ebe07a00000,0x00006ebe07a04000] with protection modes 0
Event: 2.634 Protecting memory [0x00006ebe07900000,0x00006ebe07904000] with protection modes 0
Event: 2.634 Protecting memory [0x00006ebe07800000,0x00006ebe07804000] with protection modes 0
Event: 2.635 Protecting memory [0x00006ebe07700000,0x00006ebe07704000] with protection modes 0
Event: 2.635 Protecting memory [0x00006ebe07600000,0x00006ebe07604000] with protection modes 0
Event: 2.635 Protecting memory [0x00006ebe07500000,0x00006ebe07504000] with protection modes 0
Event: 2.635 Protecting memory [0x00006ebe07400000,0x00006ebe07404000] with protection modes 0
Event: 2.635 Protecting memory [0x00006ebe07300000,0x00006ebe07304000] with protection modes 0
Event: 2.635 Protecting memory [0x00006ebe07200000,0x00006ebe07204000] with protection modes 0
Event: 2.635 Protecting memory [0x00006ebe07100000,0x00006ebe07104000] with protection modes 0
Event: 2.635 Protecting memory [0x00006ebe07000000,0x00006ebe07004000] with protection modes 0
Event: 2.693 Protecting memory [0x00006ebe06f00000,0x00006ebe06f04000] with protection modes 0
Event: 2.706 Protecting memory [0x00006ebe06e00000,0x00006ebe06e04000] with protection modes 0
Event: 2.711 Protecting memory [0x00006ebe06d00000,0x00006ebe06d04000] with protection modes 0
Event: 2.711 Protecting memory [0x00006ebe06c00000,0x00006ebe06c04000] with protection modes 0
Event: 2.717 Protecting memory [0x00006ebe06b00000,0x00006ebe06b04000] with protection modes 0
Event: 2.736 Protecting memory [0x00006ebe06a00000,0x00006ebe06a04000] with protection modes 0
Event: 2.744 Protecting memory [0x00006ebe06900000,0x00006ebe06904000] with protection modes 0

Nmethod flushes (0 events):
No events

Events (20 events):
Event: 2.634 Thread 0x00007b6c2802b240 Thread added: 0x00007b6c287b3c10
Event: 2.634 Thread 0x00007b6c2802b240 Thread added: 0x00007b6c287b51f0
Event: 2.634 Thread 0x00007b6c2802b240 Thread added: 0x00007b6c287b67d0
Event: 2.634 Thread 0x00007b6c2802b240 Thread added: 0x00007b6c287b7c70
Event: 2.634 Thread 0x00007b6c2802b240 Thread added: 0x00007b6c285ba500
Event: 2.634 Thread 0x00007b6c2802b240 Thread added: 0x00007b6c285bb8f0
Event: 2.635 Thread 0x00007b6c2802b240 Thread added: 0x00007b6c285bcef0
Event: 2.635 Thread 0x00007b6c2802b240 Thread added: 0x00007b6c285be390
Event: 2.635 Thread 0x00007b6c2802b240 Thread added: 0x00007b6c285bf830
Event: 2.635 Thread 0x00007b6c2802b240 Thread added: 0x00007b6c285c0cd0
Event: 2.635 Thread 0x00007b6c2802b240 Thread added: 0x00007b6c285d0080
Event: 2.635 Thread 0x00007b6c2802b240 Thread added: 0x00007b6c285d18d0
Event: 2.635 Thread 0x00007b6c2802b240 Thread added: 0x00007b6c285d30e0
Event: 2.693 Thread 0x00006ebe6c04f430 Thread added: 0x00006ebe64056de0
Event: 2.706 Thread 0x00006ebe6c04de30 Thread added: 0x00006ebe60084b80
Event: 2.710 Thread 0x00007b6c285575a0 Thread added: 0x00006ebe6c0fdf50
Event: 2.711 Thread 0x00006ebe6c0fdf50 Thread added: 0x00006ebdbc002660
Event: 2.717 Thread 0x00006ebe6c04f430 Thread added: 0x00006ebe640f3160
Event: 2.733 Thread 0x00006ebe6402edf0 Thread added: 0x00006ebe480ca8a0
Event: 2.743 Thread 0x00006ebe6c04f430 Thread added: 0x00006ebe640f50b0


Dynamic libraries:
40000000-40400000 rw-p 00000000 00:00 0                                  [anon:mmtk:space:immix]
40400000-40800000 rw-p 00000000 00:00 0                                  [anon:mmtk:space:los]
40800000-41400000 rw-p 00000000 00:00 0                                  [anon:mmtk:space:immix]
41400000-41c00000 rw-p 00000000 00:00 0                                  [anon:mmtk:space:los]
41c00000-42400000 rw-p 00000000 00:00 0                                  [anon:mmtk:space:immix]
42400000-42800000 rw-p 00000000 00:00 0                                  [anon:mmtk:space:los]
42800000-43000000 rw-p 00000000 00:00 0                                  [anon:mmtk:space:immix]
43000000-43400000 rw-p 00000000 00:00 0                                  [anon:mmtk:space:los]
43400000-43800000 rw-p 00000000 00:00 0                                  [anon:mmtk:space:immix]
43800000-43c00000 rw-p 00000000 00:00 0                                  [anon:mmtk:space:los]
43c00000-44400000 rw-p 00000000 00:00 0                                  [anon:mmtk:space:immix]
44400000-44800000 rw-p 00000000 00:00 0                                  [anon:mmtk:space:los]
44800000-45000000 rw-p 00000000 00:00 0                                  [anon:mmtk:space:immix]
45000000-45400000 rw-p 00000000 00:00 0                                  [anon:mmtk:space:los]
45400000-45c00000 rw-p 00000000 00:00 0                                  [anon:mmtk:space:immix]
45c00000-46000000 rw-p 00000000 00:00 0                                  [anon:mmtk:space:los]
46000000-46400000 rw-p 00000000 00:00 0                                  [anon:mmtk:space:immix]
46400000-46800000 rw-p 00000000 00:00 0                                  [anon:mmtk:space:los]
46800000-46c00000 rw-p 00000000 00:00 0                                  [anon:mmtk:space:immix]
46c00000-47000000 rw-p 00000000 00:00 0                                  [anon:mmtk:space:los]
47000000-47800000 rw-p 00000000 00:00 0                                  [anon:mmtk:space:immix]
47800000-47c00000 rw-p 00000000 00:00 0                                  [anon:mmtk:space:los]
47c00000-48400000 rw-p 00000000 00:00 0                                  [anon:mmtk:space:immix]
48400000-48800000 rw-p 00000000 00:00 0                                  [anon:mmtk:space:los]
48800000-48c00000 rw-p 00000000 00:00 0                                  [anon:mmtk:space:immix]
48c00000-49000000 rw-p 00000000 00:00 0                                  [anon:mmtk:space:los]
49000000-49800000 rw-p 00000000 00:00 0                                  [anon:mmtk:space:immix]
49800000-49c00000 rw-p 00000000 00:00 0                                  [anon:mmtk:space:los]
49c00000-4a000000 rw-p 00000000 00:00 0                                  [anon:mmtk:space:immix]
4a000000-4a400000 rw-p 00000000 00:00 0                                  [anon:mmtk:space:los]
4a400000-4ac00000 rw-p 00000000 00:00 0                                  [anon:mmtk:space:immix]
4ac00000-4b000000 rw-p 00000000 00:00 0                                  [anon:mmtk:space:los]
4b000000-4b400000 rw-p 00000000 00:00 0                                  [anon:mmtk:space:immix]
4b400000-4b800000 rw-p 00000000 00:00 0                                  [anon:mmtk:space:los]
4b800000-4c000000 rw-p 00000000 00:00 0                                  [anon:mmtk:space:immix]
4c000000-4c400000 rw-p 00000000 00:00 0                                  [anon:mmtk:space:los]
4c400000-4c800000 rw-p 00000000 00:00 0                                  [anon:mmtk:space:immix]
4c800000-4cc00000 rw-p 00000000 00:00 0                                  [anon:mmtk:space:los]
4cc00000-4d400000 rw-p 00000000 00:00 0                                  [anon:mmtk:space:immix]
4d400000-4d800000 rw-p 00000000 00:00 0                                  [anon:mmtk:space:los]
4d800000-4e000000 rw-p 00000000 00:00 0                                  [anon:mmtk:space:immix]
4e000000-4e400000 rw-p 00000000 00:00 0                                  [anon:mmtk:space:los]
4e400000-4e800000 rw-p 00000000 00:00 0                                  [anon:mmtk:space:immix]
4e800000-4ec00000 rw-p 00000000 00:00 0                                  [anon:mmtk:space:los]
4ec00000-4f400000 rw-p 00000000 00:00 0                                  [anon:mmtk:space:immix]
4f400000-4f800000 rw-p 00000000 00:00 0                                  [anon:mmtk:space:los]
4f800000-4fc00000 rw-p 00000000 00:00 0                                  [anon:mmtk:space:immix]
4fc00000-50000000 rw-p 00000000 00:00 0                                  [anon:mmtk:space:los]
50000000-50400000 rw-p 00000000 00:00 0                                  [anon:mmtk:space:immix]
200000000000-2000c00c0000 rw-s 00000000 00:10 68                         anon_inode:bpf-map
57edd64db000-57edd64dc000 r--p 00000000 fc:00 49676337                   /mydata/openjdk-mmtk/build/b0test/images/jdk/bin/java
57edd64dc000-57edd64dd000 r-xp 00001000 fc:00 49676337                   /mydata/openjdk-mmtk/build/b0test/images/jdk/bin/java
57edd64dd000-57edd64de000 r--p 00002000 fc:00 49676337                   /mydata/openjdk-mmtk/build/b0test/images/jdk/bin/java
57edd64de000-57edd64df000 r--p 00002000 fc:00 49676337                   /mydata/openjdk-mmtk/build/b0test/images/jdk/bin/java
57edd64df000-57edd64e0000 rw-p 00003000 fc:00 49676337                   /mydata/openjdk-mmtk/build/b0test/images/jdk/bin/java
57edf507c000-57edf50c4000 rw-p 00000000 00:00 0                          [heap]
6ebda8000000-6ebda88ce000 rw-p 00000000 00:00 0 
6ebda88ce000-6ebdac000000 ---p 00000000 00:00 0 
6ebdac000000-6ebdac46b000 rw-p 00000000 00:00 0 
6ebdac46b000-6ebdb0000000 ---p 00000000 00:00 0 
6ebdb0000000-6ebdb05d0000 rw-p 00000000 00:00 0 
6ebdb05d0000-6ebdb4000000 ---p 00000000 00:00 0 
6ebdb4000000-6ebdb489d000 rw-p 00000000 00:00 0 
6ebdb489d000-6ebdb8000000 ---p 00000000 00:00 0 
6ebdb8000000-6ebdb89f3000 rw-p 00000000 00:00 0 
6ebdb89f3000-6ebdbc000000 ---p 00000000 00:00 0 
6ebdbc000000-6ebdbc84d000 rw-p 00000000 00:00 0 
6ebdbc84d000-6ebdc0000000 ---p 00000000 00:00 0 
6ebdc0000000-6ebdc002d000 rw-p 00000000 00:00 0 
6ebdc002d000-6ebdc4000000 ---p 00000000 00:00 0 
6ebdc4000000-6ebdc4502000 rw-p 00000000 00:00 0 
6ebdc4502000-6ebdc8000000 ---p 00000000 00:00 0 
6ebdc8000000-6ebdc8028000 rw-p 00000000 00:00 0 
6ebdc8028000-6ebdcc000000 ---p 00000000 00:00 0 
6ebdcc000000-6ebdcc023000 rw-p 00000000 00:00 0 
6ebdcc023000-6ebdd0000000 ---p 00000000 00:00 0 
6ebdd0000000-6ebdd0049000 rw-p 00000000 00:00 0 
6ebdd0049000-6ebdd4000000 ---p 00000000 00:00 0 
6ebdd4000000-6ebdd402d000 rw-p 00000000 00:00 0 
6ebdd402d000-6ebdd8000000 ---p 00000000 00:00 0 
6ebdd8000000-6ebdd8021000 rw-p 00000000 00:00 0 
6ebdd8021000-6ebddc000000 ---p 00000000 00:00 0 
6ebddc000000-6ebddc030000 rw-p 00000000 00:00 0 
6ebddc030000-6ebde0000000 ---p 00000000 00:00 0 
6ebde0000000-6ebde0021000 rw-p 00000000 00:00 0 
6ebde0021000-6ebde4000000 ---p 00000000 00:00 0 
6ebde4000000-6ebde403d000 rw-p 00000000 00:00 0 
6ebde403d000-6ebde8000000 ---p 00000000 00:00 0 
6ebde8000000-6ebde8021000 rw-p 00000000 00:00 0 
6ebde8021000-6ebdec000000 ---p 00000000 00:00 0 
6ebdec000000-6ebdec021000 rw-p 00000000 00:00 0 
6ebdec021000-6ebdf0000000 ---p 00000000 00:00 0 
6ebdf0000000-6ebdf002d000 rw-p 00000000 00:00 0 
6ebdf002d000-6ebdf4000000 ---p 00000000 00:00 0 
6ebdf4000000-6ebdf4021000 rw-p 00000000 00:00 0 
6ebdf4021000-6ebdf8000000 ---p 00000000 00:00 0 
6ebdf8000000-6ebdf8021000 rw-p 00000000 00:00 0 
6ebdf8021000-6ebdfc000000 ---p 00000000 00:00 0 
6ebdfc000000-6ebdfc021000 rw-p 00000000 00:00 0 
6ebdfc021000-6ebe00000000 ---p 00000000 00:00 0 
6ebe00000000-6ebe00047000 rw-p 00000000 00:00 0 
6ebe00047000-6ebe04000000 ---p 00000000 00:00 0 
6ebe0653f000-6ebe06900000 rw-p 00000000 00:00 0 
6ebe06900000-6ebe06904000 ---p 00000000 00:00 0 
6ebe06904000-6ebe06a00000 rw-p 00000000 00:00 0 
6ebe06a00000-6ebe06a04000 ---p 00000000 00:00 0 
6ebe06a04000-6ebe06b00000 rw-p 00000000 00:00 0 
6ebe06b00000-6ebe06b04000 ---p 00000000 00:00 0 
6ebe06b04000-6ebe06c00000 rw-p 00000000 00:00 0 
6ebe06c00000-6ebe06c04000 ---p 00000000 00:00 0 
6ebe06c04000-6ebe06d00000 rw-p 00000000 00:00 0 
6ebe06d00000-6ebe06d04000 ---p 00000000 00:00 0 
6ebe06d04000-6ebe06e00000 rw-p 00000000 00:00 0 
6ebe06e00000-6ebe06e04000 ---p 00000000 00:00 0 
6ebe06e04000-6ebe06f00000 rw-p 00000000 00:00 0 
6ebe06f00000-6ebe06f04000 ---p 00000000 00:00 0 
6ebe06f04000-6ebe07000000 rw-p 00000000 00:00 0 
6ebe07000000-6ebe07004000 ---p 00000000 00:00 0 
6ebe07004000-6ebe07100000 rw-p 00000000 00:00 0 
6ebe07100000-6ebe07104000 ---p 00000000 00:00 0 
6ebe07104000-6ebe07200000 rw-p 00000000 00:00 0 
6ebe07200000-6ebe07204000 ---p 00000000 00:00 0 
6ebe07204000-6ebe07300000 rw-p 00000000 00:00 0 
6ebe07300000-6ebe07304000 ---p 00000000 00:00 0 
6ebe07304000-6ebe07400000 rw-p 00000000 00:00 0 
6ebe07400000-6ebe07404000 ---p 00000000 00:00 0 
6ebe07404000-6ebe07500000 rw-p 00000000 00:00 0 
6ebe07500000-6ebe07504000 ---p 00000000 00:00 0 
6ebe07504000-6ebe07600000 rw-p 00000000 00:00 0 
6ebe07600000-6ebe07604000 ---p 00000000 00:00 0 
6ebe07604000-6ebe07700000 rw-p 00000000 00:00 0 
6ebe07700000-6ebe07704000 ---p 00000000 00:00 0 
6ebe07704000-6ebe07800000 rw-p 00000000 00:00 0 
6ebe07800000-6ebe07804000 ---p 00000000 00:00 0 
6ebe07804000-6ebe07900000 rw-p 00000000 00:00 0 
6ebe07900000-6ebe07904000 ---p 00000000 00:00 0 
6ebe07904000-6ebe07a00000 rw-p 00000000 00:00 0 
6ebe07a00000-6ebe07a04000 ---p 00000000 00:00 0 
6ebe07a04000-6ebe07b00000 rw-p 00000000 00:00 0 
6ebe07b00000-6ebe07b04000 ---p 00000000 00:00 0 
6ebe07b04000-6ebe07c00000 rw-p 00000000 00:00 0 
6ebe07c00000-6ebe07c04000 ---p 00000000 00:00 0 
6ebe07c04000-6ebe07d00000 rw-p 00000000 00:00 0 
6ebe07d00000-6ebe07d04000 ---p 00000000 00:00 0 
6ebe07d04000-6ebe07e00000 rw-p 00000000 00:00 0 
6ebe07e00000-6ebe07e04000 ---p 00000000 00:00 0 
6ebe07e04000-6ebe07f00000 rw-p 00000000 00:00 0 
6ebe07f00000-6ebe07f04000 ---p 00000000 00:00 0 
6ebe07f04000-6ebe08000000 rw-p 00000000 00:00 0 
6ebe08000000-6ebe08023000 rw-p 00000000 00:00 0 
6ebe08023000-6ebe0c000000 ---p 00000000 00:00 0 
6ebe0c000000-6ebe0c021000 rw-p 00000000 00:00 0 
6ebe0c021000-6ebe10000000 ---p 00000000 00:00 0 
6ebe10000000-6ebe10021000 rw-p 00000000 00:00 0 
6ebe10021000-6ebe14000000 ---p 00000000 00:00 0 
6ebe14000000-6ebe14023000 rw-p 00000000 00:00 0 
6ebe14023000-6ebe18000000 ---p 00000000 00:00 0 
6ebe18000000-6ebe18043000 rw-p 00000000 00:00 0 
6ebe18043000-6ebe1c000000 ---p 00000000 00:00 0 
6ebe1c000000-6ebe1c033000 rw-p 00000000 00:00 0 
6ebe1c033000-6ebe20000000 ---p 00000000 00:00 0 
6ebe20000000-6ebe20021000 rw-p 00000000 00:00 0 
6ebe20021000-6ebe24000000 ---p 00000000 00:00 0 
6ebe24000000-6ebe24021000 rw-p 00000000 00:00 0 
6ebe24021000-6ebe28000000 ---p 00000000 00:00 0 
6ebe28000000-6ebe28021000 rw-p 00000000 00:00 0 
6ebe28021000-6ebe2c000000 ---p 00000000 00:00 0 
6ebe2c000000-6ebe2c021000 rw-p 00000000 00:00 0 
6ebe2c021000-6ebe30000000 ---p 00000000 00:00 0 
6ebe30000000-6ebe30021000 rw-p 00000000 00:00 0 
6ebe30021000-6ebe34000000 ---p 00000000 00:00 0 
6ebe34000000-6ebe34021000 rw-p 00000000 00:00 0 
6ebe34021000-6ebe38000000 ---p 00000000 00:00 0 
6ebe38000000-6ebe38035000 rw-p 00000000 00:00 0 
6ebe38035000-6ebe3c000000 ---p 00000000 00:00 0 
6ebe3c000000-6ebe3c05d000 rw-p 00000000 00:00 0 
6ebe3c05d000-6ebe40000000 ---p 00000000 00:00 0 
6ebe40000000-6ebe40199000 rw-p 00000000 00:00 0 
6ebe40199000-6ebe44000000 ---p 00000000 00:00 0 
6ebe44000000-6ebe44021000 rw-p 00000000 00:00 0 
6ebe44021000-6ebe48000000 ---p 00000000 00:00 0 
6ebe48000000-6ebe48201000 rw-p 00000000 00:00 0 
6ebe48201000-6ebe4c000000 ---p 00000000 00:00 0 
6ebe4c000000-6ebe4c78c000 rw-p 00000000 00:00 0 
6ebe4c78c000-6ebe50000000 ---p 00000000 00:00 0 
6ebe50000000-6ebe508a2000 rw-p 00000000 00:00 0 
6ebe508a2000-6ebe54000000 ---p 00000000 00:00 0 
6ebe54000000-6ebe54263000 rw-p 00000000 00:00 0 
6ebe54263000-6ebe58000000 ---p 00000000 00:00 0 
6ebe58000000-6ebe58021000 rw-p 00000000 00:00 0 
6ebe58021000-6ebe5c000000 ---p 00000000 00:00 0 
6ebe5c000000-6ebe5c021000 rw-p 00000000 00:00 0 
6ebe5c021000-6ebe60000000 ---p 00000000 00:00 0 
6ebe60000000-6ebe6026a000 rw-p 00000000 00:00 0 
6ebe6026a000-6ebe64000000 ---p 00000000 00:00 0 
6ebe64000000-6ebe64177000 rw-p 00000000 00:00 0 
6ebe64177000-6ebe68000000 ---p 00000000 00:00 0 
6ebe68000000-6ebe6890a000 rw-p 00000000 00:00 0 
6ebe6890a000-6ebe6c000000 ---p 00000000 00:00 0 
6ebe6c000000-6ebe6c321000 rw-p 00000000 00:00 0 
6ebe6c321000-6ebe70000000 ---p 00000000 00:00 0 
6ebe70000000-6ebe70021000 rw-p 00000000 00:00 0 
6ebe70021000-6ebe74000000 ---p 00000000 00:00 0 
6ebe74000000-6ebe74021000 rw-p 00000000 00:00 0 
6ebe74021000-6ebe78000000 ---p 00000000 00:00 0 
6ebe78000000-6ebe78042000 rw-p 00000000 00:00 0 
6ebe78042000-6ebe7c000000 ---p 00000000 00:00 0 
6ebe7c000000-6ebe7c021000 rw-p 00000000 00:00 0 
6ebe7c021000-6ebe80000000 ---p 00000000 00:00 0 
6ebe80000000-6ebe80021000 rw-p 00000000 00:00 0 
6ebe80021000-6ebe84000000 ---p 00000000 00:00 0 
6ebe84000000-6ebe84032000 rw-p 00000000 00:00 0 
6ebe84032000-6ebe88000000 ---p 00000000 00:00 0 
6ebe88000000-6ebe8802b000 rw-p 00000000 00:00 0 
6ebe8802b000-6ebe8c000000 ---p 00000000 00:00 0 
6ebe8c000000-6ebe8c022000 rw-p 00000000 00:00 0 
6ebe8c022000-6ebe90000000 ---p 00000000 00:00 0 
6ebe90000000-6ebe90032000 rw-p 00000000 00:00 0 
6ebe90032000-6ebe94000000 ---p 00000000 00:00 0 
6ebe94000000-6ebe94033000 rw-p 00000000 00:00 0 
6ebe94033000-6ebe98000000 ---p 00000000 00:00 0 
6ebe98000000-6ebe98021000 rw-p 00000000 00:00 0 
6ebe98021000-6ebe9c000000 ---p 00000000 00:00 0 
6ebe9c000000-6ebe9c021000 rw-p 00000000 00:00 0 
6ebe9c021000-6ebea0000000 ---p 00000000 00:00 0 
6ebea0000000-6ebea018f000 rw-p 00000000 00:00 0 
6ebea018f000-6ebea4000000 ---p 00000000 00:00 0 
6ebea4000000-6ebea403e000 rw-p 00000000 00:00 0 
6ebea403e000-6ebea8000000 ---p 00000000 00:00 0 
6ebea8000000-6ebea802a000 rw-p 00000000 00:00 0 
6ebea802a000-6ebeac000000 ---p 00000000 00:00 0 
6ebeac000000-6ebeac033000 rw-p 00000000 00:00 0 
6ebeac033000-6ebeb0000000 ---p 00000000 00:00 0 
6ebeb0000000-6ebeb003b000 rw-p 00000000 00:00 0 
6ebeb003b000-6ebeb4000000 ---p 00000000 00:00 0 
6ebeb4000000-6ebeb4109000 rw-p 00000000 00:00 0 
6ebeb4109000-6ebeb8000000 ---p 00000000 00:00 0 
6ebeb8000000-6ebeb8032000 rw-p 00000000 00:00 0 
6ebeb8032000-6ebebc000000 ---p 00000000 00:00 0 
6ebebc000000-6ebebc021000 rw-p 00000000 00:00 0 
6ebebc021000-6ebec0000000 ---p 00000000 00:00 0 
6ebec0000000-6ebec002a000 rw-p 00000000 00:00 0 
6ebec002a000-6ebec4000000 ---p 00000000 00:00 0 
6ebec4000000-6ebec4029000 rw-p 00000000 00:00 0 
6ebec4029000-6ebec8000000 ---p 00000000 00:00 0 
6ebec8000000-6ebec8035000 rw-p 00000000 00:00 0 
6ebec8035000-6ebecc000000 ---p 00000000 00:00 0 
6ebecc000000-6ebecc023000 rw-p 00000000 00:00 0 
6ebecc023000-6ebed0000000 ---p 00000000 00:00 0 
6ebed0000000-6ebed002b000 rw-p 00000000 00:00 0 
6ebed002b000-6ebed4000000 ---p 00000000 00:00 0 
6ebed4000000-6ebed4032000 rw-p 00000000 00:00 0 
6ebed4032000-6ebed8000000 ---p 00000000 00:00 0 
6ebed8000000-6ebed8021000 rw-p 00000000 00:00 0 
6ebed8021000-6ebedc000000 ---p 00000000 00:00 0 
6ebedc000000-6ebedc021000 rw-p 00000000 00:00 0 
6ebedc021000-6ebee0000000 ---p 00000000 00:00 0 
6ebee0000000-6ebee0021000 rw-p 00000000 00:00 0 
6ebee0021000-6ebee4000000 ---p 00000000 00:00 0 
6ebee4000000-6ebee4021000 rw-p 00000000 00:00 0 
6ebee4021000-6ebee8000000 ---p 00000000 00:00 0 
6ebee8000000-6ebee8270000 rw-p 00000000 00:00 0 
6ebee8270000-6ebee8400000 ---p 00000000 00:00 0 
6ebee8400000-6ebee88a0000 rw-p 00000000 00:00 0 
6ebee88a0000-6ebeec000000 ---p 00000000 00:00 0 
6ebeec000000-6ebeec021000 rw-p 00000000 00:00 0 
6ebeec021000-6ebef0000000 ---p 00000000 00:00 0 
6ebef00ee000-6ebef00f2000 ---p 00000000 00:00 0 
6ebef00f2000-6ebef01ee000 rw-p 00000000 00:00 0 
6ebef01ee000-6ebef01f2000 ---p 00000000 00:00 0 
6ebef01f2000-6ebef02ee000 rw-p 00000000 00:00 0 
6ebef02ee000-6ebef02f2000 ---p 00000000 00:00 0 
6ebef02f2000-6ebef03ee000 rw-p 00000000 00:00 0 
6ebef03ee000-6ebef03f2000 ---p 00000000 00:00 0 
6ebef03f2000-6ebef04ee000 rw-p 00000000 00:00 0 
6ebef04ee000-6ebef04f2000 ---p 00000000 00:00 0 
6ebef04f2000-6ebef05ee000 rw-p 00000000 00:00 0 
6ebef05ee000-6ebef05f2000 ---p 00000000 00:00 0 
6ebef05f2000-6ebef06ee000 rw-p 00000000 00:00 0 
6ebef06ee000-6ebef06f2000 ---p 00000000 00:00 0 
6ebef06f2000-6ebef07ee000 rw-p 00000000 00:00 0 
6ebef07ee000-6ebef07f2000 ---p 00000000 00:00 0 
6ebef07f2000-6ebef08ee000 rw-p 00000000 00:00 0 
6ebef08ee000-6ebef08f2000 ---p 00000000 00:00 0 
6ebef08f2000-6ebef09ee000 rw-p 00000000 00:00 0 
6ebef09ee000-6ebef09f2000 ---p 00000000 00:00 0 
6ebef09f2000-6ebef0aee000 rw-p 00000000 00:00 0 
6ebef0aee000-6ebef0af2000 ---p 00000000 00:00 0 
6ebef0af2000-6ebef0bee000 rw-p 00000000 00:00 0 
6ebef0bee000-6ebef0bf2000 ---p 00000000 00:00 0 
6ebef0bf2000-6ebef0cee000 rw-p 00000000 00:00 0 
6ebef0cee000-6ebef0cf2000 ---p 00000000 00:00 0 
6ebef0cf2000-6ebef0dee000 rw-p 00000000 00:00 0 
6ebef0dee000-6ebef0df2000 ---p 00000000 00:00 0 
6ebef0df2000-6ebef0eee000 rw-p 00000000 00:00 0 
6ebef0eee000-6ebef0ef2000 ---p 00000000 00:00 0 
6ebef0ef2000-6ebef0fee000 rw-p 00000000 00:00 0 
6ebef0fee000-6ebef0ff2000 ---p 00000000 00:00 0 
6ebef0ff2000-6ebef10ee000 rw-p 00000000 00:00 0 
6ebef10ee000-6ebef10f2000 ---p 00000000 00:00 0 
6ebef10f2000-6ebef11ee000 rw-p 00000000 00:00 0 
6ebef11ee000-6ebef11f2000 ---p 00000000 00:00 0 
6ebef11f2000-6ebef12ee000 rw-p 00000000 00:00 0 
6ebef12ee000-6ebef12f2000 ---p 00000000 00:00 0 
6ebef12f2000-6ebef13ee000 rw-p 00000000 00:00 0 
6ebef13ee000-6ebef13f2000 ---p 00000000 00:00 0 
6ebef13f2000-6ebef14ee000 rw-p 00000000 00:00 0 
6ebef14ee000-6ebef14f2000 ---p 00000000 00:00 0 
6ebef14f2000-6ebef15ee000 rw-p 00000000 00:00 0 
6ebef15ee000-6ebef15f2000 ---p 00000000 00:00 0 
6ebef15f2000-6ebef16ee000 rw-p 00000000 00:00 0 
6ebef16ee000-6ebef16f2000 ---p 00000000 00:00 0 
6ebef16f2000-6ebef17ee000 rw-p 00000000 00:00 0 
6ebef17ee000-6ebef17f2000 ---p 00000000 00:00 0 
6ebef17f2000-6ebef18ee000 rw-p 00000000 00:00 0 
6ebef18ee000-6ebef18f2000 ---p 00000000 00:00 0 
6ebef18f2000-6ebef19ee000 rw-p 00000000 00:00 0 
6ebef19ee000-6ebef19f2000 ---p 00000000 00:00 0 
6ebef19f2000-6ebef1aee000 rw-p 00000000 00:00 0 
6ebef1aee000-6ebef1af2000 ---p 00000000 00:00 0 
6ebef1af2000-6ebef1bee000 rw-p 00000000 00:00 0 
6ebef1bee000-6ebef1bf2000 ---p 00000000 00:00 0 
6ebef1bf2000-6ebef1cee000 rw-p 00000000 00:00 0 
6ebef1cee000-6ebef1cf2000 ---p 00000000 00:00 0 
6ebef1cf2000-6ebef1dee000 rw-p 00000000 00:00 0 
6ebef1dee000-6ebef1def000 ---p 00000000 00:00 0 
6ebef1def000-6ebef1eef000 rw-p 00000000 00:00 0 
6ebef1eef000-6ebef1ef0000 ---p 00000000 00:00 0 
6ebef1ef0000-6ebef1ff0000 rw-p 00000000 00:00 0 
6ebef1ff0000-6ebef1ff1000 ---p 00000000 00:00 0 
6ebef1ff1000-6ebef20f1000 rw-p 00000000 00:00 0 
6ebef20f1000-6ebef20f2000 ---p 00000000 00:00 0 
6ebef20f2000-6ebef21f2000 rw-p 00000000 00:00 0 
6ebef21f2000-6ebef21f3000 ---p 00000000 00:00 0 
6ebef21f3000-6ebef22f3000 rw-p 00000000 00:00 0 
6ebef22f3000-6ebef22f4000 ---p 00000000 00:00 0 
6ebef22f4000-6ebef23f4000 rw-p 00000000 00:00 0 
6ebef23f4000-6ebef23f5000 ---p 00000000 00:00 0 
6ebef23f5000-6ebef24f5000 rw-p 00000000 00:00 0 
6ebef24f5000-6ebef24f6000 ---p 00000000 00:00 0 
6ebef24f6000-6ebef25f6000 rw-p 00000000 00:00 0 
6ebef25f6000-6ebef25f7000 ---p 00000000 00:00 0 
6ebef25f7000-6ebef26f7000 rw-p 00000000 00:00 0 
6ebef26f7000-6ebef26f8000 ---p 00000000 00:00 0 
6ebef26f8000-6ebef27f8000 rw-p 00000000 00:00 0 
6ebef27f8000-6ebef27f9000 ---p 00000000 00:00 0 
6ebef27f9000-6ebef28f9000 rw-p 00000000 00:00 0 
6ebef28f9000-6ebef28fa000 ---p 00000000 00:00 0 
6ebef28fa000-6ebef29fa000 rw-p 00000000 00:00 0 
6ebef29fa000-6ebef29fb000 ---p 00000000 00:00 0 
6ebef29fb000-6ebef2afb000 rw-p 00000000 00:00 0 
6ebef2afb000-6ebef2afc000 ---p 00000000 00:00 0 
6ebef2afc000-6ebef2bfc000 rw-p 00000000 00:00 0 
6ebef2bfc000-6ebef2bfd000 ---p 00000000 00:00 0 
6ebef2bfd000-6ebef2cfd000 rw-p 00000000 00:00 0 
6ebef2cfd000-6ebef2cfe000 ---p 00000000 00:00 0 
6ebef2cfe000-6ebef2dfe000 rw-p 00000000 00:00 0 
6ebef2dfe000-6ebef2dff000 ---p 00000000 00:00 0 
6ebef2dff000-6ebef2eff000 rw-p 00000000 00:00 0 
6ebef2eff000-6ebef2f00000 ---p 00000000 00:00 0 
6ebef2f00000-6ebef3000000 rw-p 00000000 00:00 0 
6ebef3000000-6ebef3ca3000 rw-p 00001000 fc:00 49677042                   /mydata/openjdk-mmtk/build/b0test/images/jdk/lib/server/classes.jsa
6ebef3ca3000-6ebef4000000 ---p 00000000 00:00 0 
6ebef4000000-6ebef4040000 rw-p 00000000 00:00 0 
6ebef4040000-6ebef4110000 rw-p 00000000 00:00 0 
6ebef4110000-6ebf34000000 ---p 00000000 00:00 0 
6ebf34000000-6ebf34021000 rw-p 00000000 00:00 0 
6ebf34021000-6ebf38000000 ---p 00000000 00:00 0 
6ebf380fb000-6ebf380fc000 ---p 00000000 00:00 0 
6ebf380fc000-6ebf381fc000 rw-p 00000000 00:00 0 
6ebf381fc000-6ebf381fd000 ---p 00000000 00:00 0 
6ebf381fd000-6ebf382fd000 rw-p 00000000 00:00 0 
6ebf382fd000-6ebf382fe000 ---p 00000000 00:00 0 
6ebf382fe000-6ebf383fe000 rw-p 00000000 00:00 0 
6ebf383fe000-6ebf383ff000 ---p 00000000 00:00 0 
6ebf383ff000-6ebf384ff000 rw-p 00000000 00:00 0 
6ebf384ff000-6ebf38500000 ---p 00000000 00:00 0 
6ebf38500000-6ebf38600000 rw-p 00000000 00:00 0 
6ebf38600000-6ebf388eb000 r--p 00000000 08:03 1410552                    /usr/lib/locale/locale-archive
6ebf388ff000-6ebf38903000 ---p 00000000 00:00 0 
6ebf38903000-6ebf389ff000 rw-p 00000000 00:00 0 
6ebf389ff000-6ebf39000000 rw-p 00000000 00:00 0 
6ebf39000000-6ebf3c000000 rw-p 00000000 00:00 0 
6ebf3c000000-6ebf3c00c000 r--p 00000000 fc:00 13107796                   /mydata/gc-bpf-fault/shim/libgcbpf.so
6ebf3c00c000-6ebf3c06e000 r-xp 0000c000 fc:00 13107796                   /mydata/gc-bpf-fault/shim/libgcbpf.so
6ebf3c06e000-6ebf3c2de000 r--p 0006e000 fc:00 13107796                   /mydata/gc-bpf-fault/shim/libgcbpf.so
6ebf3c2de000-6ebf3c2e0000 r--p 002de000 fc:00 13107796                   /mydata/gc-bpf-fault/shim/libgcbpf.so
6ebf3c2e0000-6ebf3c2e1000 rw-p 002e0000 fc:00 13107796                   /mydata/gc-bpf-fault/shim/libgcbpf.so
6ebf3c2e1000-6ebf3c2e2000 rw-p 00000000 00:00 0 
6ebf3c2fc000-6ebf3c300000 ---p 00000000 00:00 0 
6ebf3c300000-6ebf3c3fc000 rw-p 00000000 00:00 0 
6ebf3c3fc000-6ebf6c400000 rw-p 00000000 00:00 0 
6ebf6c400000-6ebf6d400000 ---p 00000000 00:00 0                          [anon:mmtk:sidemeta:all:all-quarantined]
6ebf6d400000-6ebf6dc00000 rw-p 00000000 00:00 0                          [anon:mmtk:sidemeta:immix:VO_BIT]
6ebf6dc00000-70bf6e400000 ---p 00000000 00:00 0                          [anon:mmtk:sidemeta:all:all-quarantined]
70bf6e400000-70bf6e800000 rw-p 00000000 00:00 0                          [anon:mmtk:sidemeta:immix:CHUNK_MARK]
70bf6e800000-70bf71400000 ---p 00000000 00:00 0                          [anon:mmtk:sidemeta:all:all-quarantined]
70bf71400000-70bf71c00000 rw-p 00000000 00:00 0                          [anon:mmtk:sidemeta:immix:VMGlobalLogBitSpec]
70bf71c00000-72c770800000 ---p 00000000 00:00 0                          [anon:mmtk:sidemeta:all:all-quarantined]
72c770800000-72c770c00000 rw-p 00000000 00:00 0                          [anon:mmtk:sidemeta:immix:IX_LINE_MARK]
72c770c00000-734770400000 ---p 00000000 00:00 0                          [anon:mmtk:sidemeta:all:all-quarantined]
734770400000-734770800000 rw-p 00000000 00:00 0                          [anon:mmtk:sidemeta:immix:IX_BLOCK_DEFRAG]
734770800000-734870400000 ---p 00000000 00:00 0                          [anon:mmtk:sidemeta:all:all-quarantined]
734870400000-734870800000 rw-p 00000000 00:00 0                          [anon:mmtk:sidemeta:immix:IX_BLOCK_MARK]
734870800000-7969f0400000 ---p 00000000 00:00 0                          [anon:mmtk:sidemeta:all:all-quarantined]
7969f0400000-7969f0800000 rw-p 00000000 00:00 0                          [anon:mmtk:sidemeta:los:VMLocalLOSMarkNurserySpec]
7969f0800000-796bf1400000 ---p 00000000 00:00 0                          [anon:mmtk:sidemeta:all:all-quarantined]
796bf1400000-796bf1c00000 rw-p 00000000 00:00 0                          [anon:mmtk:sidemeta:immix:VMLocalMarkBitSpec]
796bf1c00000-7b6bf0400000 ---p 00000000 00:00 0                          [anon:mmtk:sidemeta:all:all-quarantined]
7b6bf042c000-7b6bf0431000 r--p 00000000 fc:00 49676417                   /mydata/openjdk-mmtk/build/b0test/images/jdk/lib/libjsvml.so
7b6bf0431000-7b6bf0472000 r-xp 00005000 fc:00 49676417                   /mydata/openjdk-mmtk/build/b0test/images/jdk/lib/libjsvml.so
7b6bf0472000-7b6bf04fb000 r--p 00046000 fc:00 49676417                   /mydata/openjdk-mmtk/build/b0test/images/jdk/lib/libjsvml.so
7b6bf04fb000-7b6bf04fc000 r--p 000ce000 fc:00 49676417                   /mydata/openjdk-mmtk/build/b0test/images/jdk/lib/libjsvml.so
7b6bf04fc000-7b6bf04fd000 rw-p 000cf000 fc:00 49676417                   /mydata/openjdk-mmtk/build/b0test/images/jdk/lib/libjsvml.so
7b6bf04fd000-7b6bf0501000 ---p 00000000 00:00 0 
7b6bf0501000-7b6bf05fd000 rw-p 00000000 00:00 0 
7b6bf05fd000-7b6bf05fe000 ---p 00000000 00:00 0 
7b6bf05fe000-7b6bf06fe000 rw-p 00000000 00:00 0 
7b6bf06fe000-7b6bf06ff000 ---p 00000000 00:00 0 
7b6bf06ff000-7b6bf07ff000 rw-p 00000000 00:00 0 
7b6bf07ff000-7b6c10800000 rw-p 00000000 00:00 0 
7b6c10800000-7b6c10e30000 rwxp 00000000 00:00 0 
7b6c10e30000-7b6c17c17000 ---p 00000000 00:00 0 
7b6c17c17000-7b6c17fa7000 rwxp 00000000 00:00 0 
7b6c17fa7000-7b6c183e8000 ---p 00000000 00:00 0 
7b6c183e8000-7b6c18658000 rwxp 00000000 00:00 0 
7b6c18658000-7b6c1f800000 ---p 00000000 00:00 0 
7b6c1f800000-7b6c27fa0000 r--s 00000000 fc:00 49676297                   /mydata/openjdk-mmtk/build/b0test/images/jdk/lib/modules
7b6c28000000-7b6c287cb000 rw-p 00000000 00:00 0 
7b6c287cb000-7b6c2c000000 ---p 00000000 00:00 0 
7b6c2c073000-7b6c2c074000 ---p 00000000 00:00 0 
7b6c2c074000-7b6c2c174000 rw-p 00000000 00:00 0 
7b6c2c174000-7b6c2c178000 r--p 00000000 08:03 1410107                    /usr/lib/x86_64-linux-gnu/libzstd.so.1.5.5
7b6c2c178000-7b6c2c21f000 r-xp 00004000 08:03 1410107                    /usr/lib/x86_64-linux-gnu/libzstd.so.1.5.5
7b6c2c21f000-7b6c2c22c000 r--p 000ab000 08:03 1410107                    /usr/lib/x86_64-linux-gnu/libzstd.so.1.5.5
7b6c2c22c000-7b6c2c22d000 r--p 000b7000 08:03 1410107                    /usr/lib/x86_64-linux-gnu/libzstd.so.1.5.5
7b6c2c22d000-7b6c2c22e000 rw-p 000b8000 08:03 1410107                    /usr/lib/x86_64-linux-gnu/libzstd.so.1.5.5
7b6c2c22e000-7b6c2c233000 rw-p 00000000 00:00 0 
7b6c2c233000-7b6c2c317000 ---p 00000000 00:00 0 
7b6c2c317000-7b6c2c324000 rw-p 00000000 00:00 0 
7b6c2c324000-7b6c2c400000 ---p 00000000 00:00 0 
7b6c2c400000-7b6c2c54e000 r--p 00000000 fc:00 49676374                   /mydata/openjdk-mmtk/build/b0test/images/jdk/lib/server/libmmtk_openjdk.so
7b6c2c54e000-7b6c2c7ce000 r-xp 0014d000 fc:00 49676374                   /mydata/openjdk-mmtk/build/b0test/images/jdk/lib/server/libmmtk_openjdk.so
7b6c2c7ce000-7b6c2c811000 r--p 003cc000 fc:00 49676374                   /mydata/openjdk-mmtk/build/b0test/images/jdk/lib/server/libmmtk_openjdk.so
7b6c2c811000-7b6c2c813000 rw-p 0040e000 fc:00 49676374                   /mydata/openjdk-mmtk/build/b0test/images/jdk/lib/server/libmmtk_openjdk.so
7b6c2c813000-7b6c2c815000 rw-p 00000000 00:00 0 
7b6c2c817000-7b6c2c81b000 ---p 00000000 00:00 0 
7b6c2c81b000-7b6c2c917000 rw-p 00000000 00:00 0 
7b6c2c917000-7b6c2c927000 r--p 00000000 08:03 1411099                    /usr/lib/x86_64-linux-gnu/libm.so.6
7b6c2c927000-7b6c2c9a6000 r-xp 00010000 08:03 1411099                    /usr/lib/x86_64-linux-gnu/libm.so.6
7b6c2c9a6000-7b6c2c9fe000 r--p 0008f000 08:03 1411099                    /usr/lib/x86_64-linux-gnu/libm.so.6
7b6c2c9fe000-7b6c2c9ff000 r--p 000e7000 08:03 1411099                    /usr/lib/x86_64-linux-gnu/libm.so.6
7b6c2c9ff000-7b6c2ca00000 rw-p 000e8000 08:03 1411099                    /usr/lib/x86_64-linux-gnu/libm.so.6
7b6c2ca00000-7b6c2cca9000 r--p 00000000 fc:00 49676373                   /mydata/openjdk-mmtk/build/b0test/images/jdk/lib/server/libjvm.so
7b6c2cca9000-7b6c2db3c000 r-xp 002a9000 fc:00 49676373                   /mydata/openjdk-mmtk/build/b0test/images/jdk/lib/server/libjvm.so
7b6c2db3c000-7b6c2de20000 r--p 0113c000 fc:00 49676373                   /mydata/openjdk-mmtk/build/b0test/images/jdk/lib/server/libjvm.so
7b6c2de20000-7b6c2def6000 r--p 0141f000 fc:00 49676373                   /mydata/openjdk-mmtk/build/b0test/images/jdk/lib/server/libjvm.so
7b6c2def6000-7b6c2df26000 rw-p 014f5000 fc:00 49676373                   /mydata/openjdk-mmtk/build/b0test/images/jdk/lib/server/libjvm.so
7b6c2df26000-7b6c2df8c000 rw-p 00000000 00:00 0 
7b6c2dfbb000-7b6c2dfc2000 r--s 00000000 08:03 1436340                    /usr/lib/x86_64-linux-gnu/gconv/gconv-modules.cache
7b6c2dfc2000-7b6c2dfc6000 r--p 00000000 fc:00 49676364                   /mydata/openjdk-mmtk/build/b0test/images/jdk/lib/libverify.so
7b6c2dfc6000-7b6c2dfcd000 r-xp 00004000 fc:00 49676364                   /mydata/openjdk-mmtk/build/b0test/images/jdk/lib/libverify.so
7b6c2dfcd000-7b6c2dfcf000 r--p 0000b000 fc:00 49676364                   /mydata/openjdk-mmtk/build/b0test/images/jdk/lib/libverify.so
7b6c2dfcf000-7b6c2dfd1000 r--p 0000c000 fc:00 49676364                   /mydata/openjdk-mmtk/build/b0test/images/jdk/lib/libverify.so
7b6c2dfd1000-7b6c2dfd2000 rw-p 0000e000 fc:00 49676364                   /mydata/openjdk-mmtk/build/b0test/images/jdk/lib/libverify.so
7b6c2dfd2000-7b6c2dfd5000 r--p 00000000 fc:00 49676361                   /mydata/openjdk-mmtk/build/b0test/images/jdk/lib/libnet.so
7b6c2dfd5000-7b6c2dfdd000 r-xp 00003000 fc:00 49676361                   /mydata/openjdk-mmtk/build/b0test/images/jdk/lib/libnet.so
7b6c2dfdd000-7b6c2dfdf000 r--p 0000b000 fc:00 49676361                   /mydata/openjdk-mmtk/build/b0test/images/jdk/lib/libnet.so
7b6c2dfdf000-7b6c2dfe0000 r--p 0000c000 fc:00 49676361                   /mydata/openjdk-mmtk/build/b0test/images/jdk/lib/libnet.so
7b6c2dfe0000-7b6c2dfe1000 rw-p 0000d000 fc:00 49676361                   /mydata/openjdk-mmtk/build/b0test/images/jdk/lib/libnet.so
7b6c2dfe1000-7b6c2dfe4000 r--p 00000000 08:03 1410420                    /usr/lib/x86_64-linux-gnu/libelf-0.190.so
7b6c2dfe4000-7b6c2dffa000 r-xp 00003000 08:03 1410420                    /usr/lib/x86_64-linux-gnu/libelf-0.190.so
7b6c2dffa000-7b6c2dffe000 r--p 00019000 08:03 1410420                    /usr/lib/x86_64-linux-gnu/libelf-0.190.so
7b6c2dffe000-7b6c2dfff000 r--p 0001c000 08:03 1410420                    /usr/lib/x86_64-linux-gnu/libelf-0.190.so
7b6c2dfff000-7b6c2e000000 rw-p 0001d000 08:03 1410420                    /usr/lib/x86_64-linux-gnu/libelf-0.190.so
7b6c2e000000-7b6c2e028000 r--p 00000000 08:03 1410238                    /usr/lib/x86_64-linux-gnu/libc.so.6
7b6c2e028000-7b6c2e1b0000 r-xp 00028000 08:03 1410238                    /usr/lib/x86_64-linux-gnu/libc.so.6
7b6c2e1b0000-7b6c2e1ff000 r--p 001b0000 08:03 1410238                    /usr/lib/x86_64-linux-gnu/libc.so.6
7b6c2e1ff000-7b6c2e203000 r--p 001fe000 08:03 1410238                    /usr/lib/x86_64-linux-gnu/libc.so.6
7b6c2e203000-7b6c2e205000 rw-p 00202000 08:03 1410238                    /usr/lib/x86_64-linux-gnu/libc.so.6
7b6c2e205000-7b6c2e212000 rw-p 00000000 00:00 0 
7b6c2e215000-7b6c2e217000 r--p 00000000 fc:00 49676365                   /mydata/openjdk-mmtk/build/b0test/images/jdk/lib/libzip.so
7b6c2e217000-7b6c2e21c000 r-xp 00002000 fc:00 49676365                   /mydata/openjdk-mmtk/build/b0test/images/jdk/lib/libzip.so
7b6c2e21c000-7b6c2e21e000 r--p 00007000 fc:00 49676365                   /mydata/openjdk-mmtk/build/b0test/images/jdk/lib/libzip.so
7b6c2e21e000-7b6c2e21f000 r--p 00008000 fc:00 49676365                   /mydata/openjdk-mmtk/build/b0test/images/jdk/lib/libzip.so
7b6c2e21f000-7b6c2e220000 rw-p 00009000 fc:00 49676365                   /mydata/openjdk-mmtk/build/b0test/images/jdk/lib/libzip.so
7b6c2e220000-7b6c2e227000 r--p 00000000 fc:00 49676362                   /mydata/openjdk-mmtk/build/b0test/images/jdk/lib/libnio.so
7b6c2e227000-7b6c2e230000 r-xp 00007000 fc:00 49676362                   /mydata/openjdk-mmtk/build/b0test/images/jdk/lib/libnio.so
7b6c2e230000-7b6c2e234000 r--p 00010000 fc:00 49676362                   /mydata/openjdk-mmtk/build/b0test/images/jdk/lib/libnio.so
7b6c2e234000-7b6c2e235000 r--p 00014000 fc:00 49676362                   /mydata/openjdk-mmtk/build/b0test/images/jdk/lib/libnio.so
7b6c2e235000-7b6c2e236000 rw-p 00015000 fc:00 49676362                   /mydata/openjdk-mmtk/build/b0test/images/jdk/lib/libnio.so
7b6c2e236000-7b6c2e23e000 rw-p 00000000 00:00 0 
7b6c2e23e000-7b6c2e246000 ---p 00000000 00:00 0 
7b6c2e246000-7b6c2e253000 r--p 00000000 fc:00 49676354                   /mydata/openjdk-mmtk/build/b0test/images/jdk/lib/libjava.so
7b6c2e253000-7b6c2e262000 r-xp 0000d000 fc:00 49676354                   /mydata/openjdk-mmtk/build/b0test/images/jdk/lib/libjava.so
7b6c2e262000-7b6c2e267000 r--p 0001c000 fc:00 49676354                   /mydata/openjdk-mmtk/build/b0test/images/jdk/lib/libjava.so
7b6c2e267000-7b6c2e268000 r--p 00021000 fc:00 49676354                   /mydata/openjdk-mmtk/build/b0test/images/jdk/lib/libjava.so
7b6c2e268000-7b6c2e269000 rw-p 00022000 fc:00 49676354                   /mydata/openjdk-mmtk/build/b0test/images/jdk/lib/libjava.so
7b6c2e269000-7b6c2e26a000 rw-p 00000000 00:00 0 
7b6c2e26a000-7b6c2e272000 rw-s 00000000 08:03 237599                     /tmp/hsperfdata_root/361094
7b6c2e272000-7b6c2e276000 r--p 00000000 fc:00 49676355                   /mydata/openjdk-mmtk/build/b0test/images/jdk/lib/libjimage.so
7b6c2e276000-7b6c2e28d000 r-xp 00004000 fc:00 49676355                   /mydata/openjdk-mmtk/build/b0test/images/jdk/lib/libjimage.so
7b6c2e28d000-7b6c2e292000 r--p 0001b000 fc:00 49676355                   /mydata/openjdk-mmtk/build/b0test/images/jdk/lib/libjimage.so
7b6c2e292000-7b6c2e294000 r--p 00020000 fc:00 49676355                   /mydata/openjdk-mmtk/build/b0test/images/jdk/lib/libjimage.so
7b6c2e294000-7b6c2e295000 rw-p 00022000 fc:00 49676355                   /mydata/openjdk-mmtk/build/b0test/images/jdk/lib/libjimage.so
7b6c2e295000-7b6c2e299000 r--p 00000000 08:03 1410148                    /usr/lib/x86_64-linux-gnu/libgcc_s.so.1
7b6c2e299000-7b6c2e2bd000 r-xp 00004000 08:03 1410148                    /usr/lib/x86_64-linux-gnu/libgcc_s.so.1
7b6c2e2bd000-7b6c2e2c1000 r--p 00028000 08:03 1410148                    /usr/lib/x86_64-linux-gnu/libgcc_s.so.1
7b6c2e2c1000-7b6c2e2c2000 r--p 0002b000 08:03 1410148                    /usr/lib/x86_64-linux-gnu/libgcc_s.so.1
7b6c2e2c2000-7b6c2e2c3000 rw-p 0002c000 08:03 1410148                    /usr/lib/x86_64-linux-gnu/libgcc_s.so.1
7b6c2e2c3000-7b6c2e2c5000 rw-p 00000000 00:00 0 
7b6c2e2c5000-7b6c2e2c7000 r--p 00000000 08:03 1409104                    /usr/lib/x86_64-linux-gnu/libz.so.1.3
7b6c2e2c7000-7b6c2e2d9000 r-xp 00002000 08:03 1409104                    /usr/lib/x86_64-linux-gnu/libz.so.1.3
7b6c2e2d9000-7b6c2e2df000 r--p 00014000 08:03 1409104                    /usr/lib/x86_64-linux-gnu/libz.so.1.3
7b6c2e2df000-7b6c2e2e0000 r--p 0001a000 08:03 1409104                    /usr/lib/x86_64-linux-gnu/libz.so.1.3
7b6c2e2e0000-7b6c2e2e1000 rw-p 0001b000 08:03 1409104                    /usr/lib/x86_64-linux-gnu/libz.so.1.3
7b6c2e2e6000-7b6c2e2e7000 rw-s 00000000 00:10 68                         anon_inode:bpf-map
7b6c2e2e7000-7b6c2e2e8000 r--s 00000000 00:10 68                         anon_inode:bpf-map
7b6c2e2e8000-7b6c2e2e9000 ---p 00000000 00:00 0 
7b6c2e2e9000-7b6c2e2ea000 r--p 00000000 00:00 0 
7b6c2e2ea000-7b6c2e2eb000 ---p 00000000 00:00 0 
7b6c2e2eb000-7b6c2e2ed000 r--p 00000000 fc:00 49676357                   /mydata/openjdk-mmtk/build/b0test/images/jdk/lib/libjli.so
7b6c2e2ed000-7b6c2e2f7000 r-xp 00002000 fc:00 49676357                   /mydata/openjdk-mmtk/build/b0test/images/jdk/lib/libjli.so
7b6c2e2f7000-7b6c2e2fa000 r--p 0000c000 fc:00 49676357                   /mydata/openjdk-mmtk/build/b0test/images/jdk/lib/libjli.so
7b6c2e2fa000-7b6c2e2fb000 r--p 0000f000 fc:00 49676357                   /mydata/openjdk-mmtk/build/b0test/images/jdk/lib/libjli.so
7b6c2e2fb000-7b6c2e2fc000 rw-p 00010000 fc:00 49676357                   /mydata/openjdk-mmtk/build/b0test/images/jdk/lib/libjli.so
7b6c2e2fc000-7b6c2e2fe000 rw-p 00000000 00:00 0 
7b6c2e2fe000-7b6c2e302000 r--p 00000000 00:00 0                          [vvar]
7b6c2e302000-7b6c2e304000 r--p 00000000 00:00 0                          [vvar_vclock]
7b6c2e304000-7b6c2e306000 r-xp 00000000 00:00 0                          [vdso]
7b6c2e306000-7b6c2e307000 r--p 00000000 08:03 1409763                    /usr/lib/x86_64-linux-gnu/ld-linux-x86-64.so.2
7b6c2e307000-7b6c2e332000 r-xp 00001000 08:03 1409763                    /usr/lib/x86_64-linux-gnu/ld-linux-x86-64.so.2
7b6c2e332000-7b6c2e33c000 r--p 0002c000 08:03 1409763                    /usr/lib/x86_64-linux-gnu/ld-linux-x86-64.so.2
7b6c2e33c000-7b6c2e33e000 r--p 00036000 08:03 1409763                    /usr/lib/x86_64-linux-gnu/ld-linux-x86-64.so.2
7b6c2e33e000-7b6c2e340000 rw-p 00038000 08:03 1409763                    /usr/lib/x86_64-linux-gnu/ld-linux-x86-64.so.2
7ffd3c752000-7ffd3c773000 rw-p 00000000 00:00 0                          [stack]
ffffffffff600000-ffffffffff601000 --xp 00000000 00:00 0                  [vsyscall]
Total number of mappings: 537

JVMTI agents: none


VM Arguments:
jvm_args: -XX:+UseThirdPartyHeap -Xms512m -Xmx512m 
java_command: /mydata/dacapo/dacapo-23.11/dacapo-23.11-MR2-chopin.jar xalan -n 3
java_class_path (initial): /mydata/dacapo/dacapo-23.11/dacapo-23.11-MR2-chopin.jar
Launcher Type: SUN_STANDARD

[Global flags]
     intx CICompilerCount                          = 15                                        {product} {ergonomic}
   size_t InitialHeapSize                          = 536870912                                 {product} {command line}
   size_t MaxHeapSize                              = 536870912                                 {product} {command line}
   size_t MinHeapDeltaBytes                        = 524288                                    {product} {ergonomic}
   size_t MinHeapSize                              = 536870912                                 {product} {command line}
    uintx NonNMethodCodeHeapSize                   = 8192380                                {pd product} {ergonomic}
    uintx NonProfiledCodeHeapSize                  = 121732930                              {pd product} {ergonomic}
    uintx ProfiledCodeHeapSize                     = 121732930                              {pd product} {ergonomic}
    uintx ReservedCodeCacheSize                    = 251658240                              {pd product} {ergonomic}
     bool SegmentedCodeCache                       = true                                      {product} {ergonomic}
   size_t SoftMaxHeapSize                          = 536870912                              {manageable} {ergonomic}
     bool UseCompressedOops                        = true                           {product lp64_product} {ergonomic}

Logging:
Log output configuration:
 #0: stdout all=warning uptime,level,tags foldmultilines=false
 #1: stderr all=off uptime,level,tags foldmultilines=false

Release file:
IMPLEMENTOR="N/A"
JAVA_RUNTIME_VERSION="21.0.9-internal-adhoc.talzuss.openjdk-mmtk"
JAVA_VERSION="21.0.9"
JAVA_VERSION_DATE="2025-10-21"
LIBC="gnu"
MODULES="java.base java.compiler java.datatransfer java.xml java.prefs java.desktop java.instrument java.logging java.management java.security.sasl java.naming java.rmi java.management.rmi java.net.http java.scripting java.security.jgss java.transaction.xa java.sql java.sql.rowset java.xml.crypto java.se java.smartcardio jdk.accessibility jdk.internal.jvmstat jdk.attach jdk.charsets jdk.internal.opt jdk.zipfs jdk.compiler jdk.crypto.ec jdk.crypto.cryptoki jdk.dynalink jdk.internal.ed jdk.editpad jdk.hotspot.agent jdk.httpserver jdk.incubator.vector jdk.internal.le jdk.internal.vm.ci jdk.internal.vm.compiler jdk.internal.vm.compiler.management jdk.jartool jdk.javadoc jdk.jcmd jdk.management jdk.management.agent jdk.jconsole jdk.jdeps jdk.jdwp.agent jdk.jdi jdk.jfr jdk.jlink jdk.jpackage jdk.jshell jdk.jsobject jdk.jstatd jdk.localedata jdk.management.jfr jdk.naming.dns jdk.naming.rmi jdk.net jdk.nio.mapmode jdk.random jdk.sctp jdk.security.auth jdk.security.jgss jdk.unsupported jdk.unsupported.desktop jdk.xml.dom"
OS_ARCH="x86_64"
OS_NAME="Linux"
SOURCE=".:git:b557520f04b3+"

Environment Variables:
PATH=/usr/local/sbin:/usr/local/bin:/usr/sbin:/usr/bin:/sbin:/bin:/snap/bin
SHELL=/bin/bash
LANG=en_US.UTF-8
TERM=tmux-256color

Active Locale:
LC_ALL=en_US.UTF-8
LC_COLLATE=en_US.UTF-8
LC_CTYPE=en_US.UTF-8
LC_MESSAGES=en_US.UTF-8
LC_MONETARY=en_US.UTF-8
LC_NUMERIC=en_US.UTF-8
LC_TIME=en_US.UTF-8

Signal Handlers:
   SIGSEGV: crash_handler in libjvm.so, mask=11100100010111111101111111111110, flags=SA_RESTART|SA_SIGINFO, unblocked
    SIGBUS: crash_handler in libjvm.so, mask=11100100010111111101111111111110, flags=SA_RESTART|SA_SIGINFO, unblocked
    SIGFPE: crash_handler in libjvm.so, mask=11100100010111111101111111111110, flags=SA_RESTART|SA_SIGINFO, unblocked
   SIGPIPE: javaSignalHandler in libjvm.so, mask=11100100010111111101111111111110, flags=SA_RESTART|SA_SIGINFO, blocked
   SIGXFSZ: javaSignalHandler in libjvm.so, mask=11100100010111111101111111111110, flags=SA_RESTART|SA_SIGINFO, blocked
    SIGILL: crash_handler in libjvm.so, mask=11100100010111111101111111111110, flags=SA_RESTART|SA_SIGINFO, unblocked
   SIGUSR2: SR_handler in libjvm.so, mask=00000000000000000000000000000000, flags=SA_RESTART|SA_SIGINFO, blocked
    SIGHUP: UserHandler in libjvm.so, mask=11100100010111111101111111111110, flags=SA_RESTART|SA_SIGINFO, blocked
    SIGINT: UserHandler in libjvm.so, mask=11100100010111111101111111111110, flags=SA_RESTART|SA_SIGINFO, blocked
   SIGTERM: UserHandler in libjvm.so, mask=11100100010111111101111111111110, flags=SA_RESTART|SA_SIGINFO, blocked
   SIGQUIT: UserHandler in libjvm.so, mask=11100100010111111101111111111110, flags=SA_RESTART|SA_SIGINFO, blocked
   SIGTRAP: crash_handler in libjvm.so, mask=11100100010111111101111111111110, flags=SA_RESTART|SA_SIGINFO, unblocked


Periodic native trim disabled

---------------  S Y S T E M  ---------------

OS:
DISTRIB_ID=Ubuntu
DISTRIB_RELEASE=24.04
DISTRIB_CODENAME=noble
DISTRIB_DESCRIPTION="Ubuntu 24.04.4 LTS"
uname: Linux 6.17.0-bpf-fault+ #1 SMP PREEMPT_DYNAMIC Mon Jul  6 16:43:12 MDT 2026 x86_64
OS uptime: 0 days 23:37 hours
libc: glibc 2.39 NPTL 2.39 
rlimit (soft/hard): STACK 8192k/infinity , CORE 0k/0k , NPROC 513205/513205 , NOFILE 1048576/1048576 , AS infinity/infinity , CPU infinity/infinity , DATA infinity/infinity , FSIZE infinity/infinity , MEMLOCK 16436528k/16436528k
load average: 7.46 3.57 1.75

/proc/meminfo:
MemTotal:       131492232 kB
MemFree:        73134640 kB
MemAvailable:   115803260 kB
Buffers:          533708 kB
Cached:         41517692 kB
SwapCached:            0 kB
Active:          3677020 kB
Inactive:       41230600 kB
Active(anon):    2872696 kB
Inactive(anon):        0 kB
Active(file):     804324 kB
Inactive(file): 41230600 kB
Unevictable:       41912 kB
Mlocked:           38840 kB
SwapTotal:       8388604 kB
SwapFree:        8388604 kB
Zswap:                 0 kB
Zswapped:              0 kB
Dirty:              6096 kB
Writeback:             0 kB
AnonPages:       2900500 kB
Mapped:          9734080 kB
Shmem:              5316 kB
KReclaimable:    1885380 kB
Slab:            2411720 kB
SReclaimable:    1885380 kB
SUnreclaim:       526340 kB
KernelStack:       12272 kB
PageTables:        57536 kB
SecPageTables:      8956 kB
NFS_Unstable:          0 kB
Bounce:                0 kB
WritebackTmp:          0 kB
CommitLimit:    74134720 kB
Committed_AS:   163202584 kB
VmallocTotal:   34359738367 kB
VmallocUsed:       38228 kB
VmallocChunk:          0 kB
Percpu:            51072 kB
HardwareCorrupted:     0 kB
AnonHugePages:         0 kB
ShmemHugePages:        0 kB
ShmemPmdMapped:        0 kB
FileHugePages:   2168832 kB
FilePmdMapped:         0 kB
Unaccepted:            0 kB
Balloon:               0 kB
HugePages_Total:       0
HugePages_Free:        0
HugePages_Rsvd:        0
HugePages_Surp:        0
Hugepagesize:       2048 kB
Hugetlb:               0 kB
DirectMap4k:      795456 kB
DirectMap2M:    25006080 kB
DirectMap1G:    108003328 kB

/sys/kernel/mm/transparent_hugepage/enabled: always [madvise] never
/sys/kernel/mm/transparent_hugepage/hpage_pmd_size: 2097152
/sys/kernel/mm/transparent_hugepage/defrag (defrag/compaction efforts parameter): always defer defer+madvise [madvise] never

Process Memory:
Virtual Size: 13620285784K (peak: 13620285784K)
Resident Set Size: 4173024K (peak: 4173024K) (anon: 999744K, file: 3173280K, shmem: 0K)
Swapped out: 0K
C-Heap outstanding allocations: 1393254K, retained: 44797K
glibc malloc tunables: (default)

/proc/sys/kernel/threads-max (system-wide limit on the number of threads): 1026411
/proc/sys/vm/max_map_count (maximum number of memory map areas a process may have): 1048576
/proc/sys/vm/swappiness (control to define how aggressively the kernel swaps out anonymous memory): 60
/proc/sys/kernel/pid_max (system-wide limit on number of process identifiers): 4194304

container information not found.
Steal ticks since vm start: 0
Steal ticks percentage since vm start:  0.000

CPU: total 32 (initial active 32) (32 cores per cpu, 2 threads per core) family 23 model 49 stepping 0 microcode 0x830107c, cx8, cmov, fxsr, ht, mmx, 3dnowpref, sse, sse2, sse3, ssse3, sse4a, sse4.1, sse4.2, popcnt, lzcnt, tsc, tscinvbit, avx, avx2, aes, clmul, bmi1, bmi2, adx, sha, fma, vzeroupper, clflush, clflushopt, rdtscp, rdpid, f16c
CPU Model and flags from /proc/cpuinfo:
model name	: AMD EPYC 7302P 16-Core Processor
flags		: fpu vme de pse tsc msr pae mce cx8 apic sep mtrr pge mca cmov pat pse36 clflush mmx fxsr sse sse2 ht syscall nx mmxext fxsr_opt pdpe1gb rdtscp lm constant_tsc rep_good nopl xtopology nonstop_tsc cpuid extd_apicid aperfmperf rapl pni pclmulqdq monitor ssse3 fma cx16 sse4_1 sse4_2 movbe popcnt aes xsave avx f16c rdrand lahf_lm cmp_legacy svm extapic cr8_legacy abm sse4a misalignsse 3dnowprefetch osvw ibs skinit wdt tce topoext perfctr_core perfctr_nb bpext perfctr_llc mwaitx cpb cat_l3 cdp_l3 hw_pstate ssbd mba ibrs ibpb stibp vmmcall fsgsbase bmi1 avx2 smep bmi2 cqm rdt_a rdseed adx smap clflushopt clwb sha_ni xsaveopt xsavec xgetbv1 xsaves cqm_llc cqm_occup_llc cqm_mbm_total cqm_mbm_local clzero irperf xsaveerptr rdpru wbnoinvd amd_ppin arat npt lbrv svm_lock nrip_save tsc_scale vmcb_clean flushbyasid decodeassists pausefilter pfthreshold avic v_vmsave_vmload vgif v_spec_ctrl umip rdpid overflow_recov succor smca sev sev_es

Online cpus: 0-31
Offline cpus: 
BIOS frequency limitation: <Not Available>
Frequency switch latency (ns): <Not Available>
Available cpu frequencies: <Not Available>
Current governor: <Not Available>
Core performance/turbo boost: <Not Available>

Memory: 4k page, physical 131492232k(115803260k free), swap 8388604k(8388604k free)
Page Sizes: 4k

vm_info: OpenJDK 64-Bit Server VM (21.0.9-internal-adhoc.talzuss.openjdk-mmtk) for linux-amd64 JRE (21.0.9-internal-adhoc.talzuss.openjdk-mmtk), built on 2026-07-06T23:13:08Z by "talzuss" with gcc 13.3.0
heap_info: MMTk OpenJDK 0.32.0 (a3bb9ef-dirty), using MMTk 0.32.0 (ceb6a76-dirty, BUILTIN_ENV_LOGGER, DEFAULT, EAGER_SWEEPING, VO_BIT)P

END.
