#
# A fatal error has been detected by the Java Runtime Environment:
#
#  SIGSEGV (0xb) at pc=0x000077723ce9a817, pid=377961, tid=377974
#
# JRE version: OpenJDK Runtime Environment (21.0.9) (build 21.0.9-internal-adhoc.talzuss.openjdk-mmtk)
# Java VM: OpenJDK 64-Bit Server VM (21.0.9-internal-adhoc.talzuss.openjdk-mmtk, mixed mode, sharing, tiered, compressed oops, compressed class ptrs, third-party gc, linux-amd64)
# Problematic frame:
# C  [libmmtk_openjdk.so+0x29a817]  _$LT$mmtk..plan..concurrent..immix..gc_work..SatbFinalDrain$LT$VM$GT$$u20$as$u20$mmtk..scheduler..work..GCWork$LT$VM$GT$$GT$::do_work::h99199484dacfec84+0x477
#
# Core dump will be written. Default location: Core dumps may be processed with "/usr/share/apport/apport -p%p -s%s -c%c -d%d -P%P -u%u -g%g -F%F -- %E" (or dumping to /mydata/mmtk-core/core.377961)
#
# If you would like to submit a bug report, please visit:
#   https://bugreport.java.com/bugreport/crash.jsp
#

---------------  S U M M A R Y ------------

Command Line: -XX:+UseThirdPartyHeap -Xms512m -Xmx512m /mydata/dacapo/dacapo-23.11/dacapo-23.11-MR2-chopin.jar xalan -n 3

Host: AMD EPYC 7302P 16-Core Processor, 32 cores, 125G, Ubuntu 24.04.4 LTS
Time: Tue Jul  7 16:51:17 2026 MDT elapsed time: 3.032804 seconds (0d 0h 0m 3s)

---------------  T H R E A D  ---------------

Current thread (0x00007772385309c0):  NamedThread "MMTk Collector Thread" [id=377974, stack(0x00006ac548afe000,0x00006ac548bfe000) (1024K)]

Stack: [0x00006ac548afe000,0x00006ac548bfe000],  sp=0x00006ac548bfc8f0,  free space=1018k
Native frames: (J=compiled Java code, j=interpreted, Vv=VM code, C=native code)
C  [libmmtk_openjdk.so+0x29a817]  _$LT$mmtk..plan..concurrent..immix..gc_work..SatbFinalDrain$LT$VM$GT$$u20$as$u20$mmtk..scheduler..work..GCWork$LT$VM$GT$$GT$::do_work::h99199484dacfec84+0x477

siginfo: si_signo: 11 (SIGSEGV), si_code: 1 (SEGV_MAPERR), si_addr: 0x000077739cc7b208

Registers:
RAX=0x0000000058000000, RBX=0x0000000000000053, RCX=0x000077723cc7b208, RDX=0x00006ac503000000
RSP=0x00006ac548bfc8f0, RBP=0x0000000041397ff8, RSI=0x0000000041397ff8, RDI=0x00006ac503000001
R8 =0x00006ac4d80008e0, R9 =0x0000000000000200, R10=0x00006ac4ac000030, R11=0x2eb745924e1493f8
R12=0x0000000000273200, R13=0x000077723d008648, R14=0x0000000041398fc8, R15=0x0000000000273200
RIP=0x000077723ce9a817, EFLAGS=0x0000000000010206, CSGSFS=0x002b000000000033, ERR=0x0000000000000004
  TRAPNO=0x000000000000000e

XMM[0]=0x0000000000000000 0x0000000000000000
XMM[1]=0x0000000000000000 0x00006ac4ac000090
XMM[2]=0xffff56ff52653fff 0xffff0eff61202d0e
XMM[3]=0x0000000000000000 0x0000ff00000000ff
XMM[4]=0x0000000000000000 0x00006ac4ac000090
XMM[5]=0x00000000400534c0 0x0000000040053408
XMM[6]=0x0000000040053260 0x0000000040053248
XMM[7]=0x0000000040053188 0x00000000400530c0
XMM[8]=0x00000000736e6f69 0x00000000706e6920
XMM[9]=0x0000000000000000 0x0000000000000000
XMM[10]=0x3f3f3f3f3f3f3f3f 0x3f3f3f3f3f3f3f3f
XMM[11]=0x9999999999999999 0x9999999999999999
XMM[12]=0x2020202020202020 0x2020202020202020
XMM[13]=0x0000000000000000 0x0000000000000000
XMM[14]=0x0000000000000000 0x0000000000000000
XMM[15]=0x0000000000000000 0x0000000000000000
  MXCSR=0x00001fa2


Register to memory mapping:

RAX=
[error occurred during error reporting (printing register info), id 0xe0000000, Internal Error (/mydata/mmtk-openjdk/openjdk/share/mmtkHeap.cpp:444)]
RBX=
[error occurred during error reporting (printing register info, attempt 2), id 0xe0000000, Internal Error (/mydata/mmtk-openjdk/openjdk/share/mmtkHeap.cpp:444)]
RCX=
[error occurred during error reporting (printing register info, attempt 3), id 0xe0000000, Internal Error (/mydata/mmtk-openjdk/openjdk/share/mmtkHeap.cpp:444)]
Top of Stack: (sp=0x00006ac548bfc8f0)
0x00006ac548bfc8f0:   00007772383e0210 00006ac503006f28
0x00006ac548bfc900:   0000200001398000 0000000000000080
0x00006ac548bfc910:   00006ac4ac007900 0000000000000053
0x00006ac548bfc920:   0000000041357c30 0000000000010000
0x00006ac548bfc930:   00006ac4ac00ac40 000000000000b7a0
0x00006ac548bfc940:   00006ac504087f00 000077723d008de0
0x00006ac548bfc950:   000000004feaa2e8 000077723cfe16e8
0x00006ac548bfc960:   00006ac4dc001c90 00006ac4c4006ed8
0x00006ac548bfc970:   000077723852c2f0 000000000000003f
0x00006ac548bfc980:   000077723d008648 00006ac548bfca40
0x00006ac548bfc990:   00006ac548bfc900 00006ac548bfca38
0x00006ac548bfc9a0:   00006ac548bfca30 00006ac548bfca0f
0x00006ac548bfc9b0:   00006ac548bfca18 00006ac548bfc928
0x00006ac548bfc9c0:   0000000000000000 00006ac4ac007900
0x00006ac548bfc9d0:   000077723852c2f0 0000000000000000
0x00006ac548bfc9e0:   000077723806d400 000077723852c190
0x00006ac548bfc9f0:   00006ac548bfca00 000077723ceb5503
0x00006ac548bfca00:   00006ac4ac007b98 0000000000000001
0x00006ac548bfca10:   00006ac4ac007900 0000000000000400
0x00006ac548bfca20:   00006ac4ac003cf0 000000000000028b
0x00006ac548bfca30:   0000000040000000 0000000041398000
0x00006ac548bfca40:   0000000000001398 00006ac50303ee10
0x00006ac548bfca50:   00006ac548bfc960 000077723d008648
0x00006ac548bfca60:   000077723d008a00 0000000000000080
0x00006ac548bfca70:   000077723806fb00 00006ac548bfc9d0
0x00006ac548bfca80:   00006ac4ac005148 00006ac4ac004878
0x00006ac548bfca90:   000077723806ef00 000077723806ec00
0x00006ac548bfcaa0:   000077723806e900 000077723806e600
0x00006ac548bfcab0:   000077723806e300 000077723806e000
0x00006ac548bfcac0:   000077723806dd00 000077723806da00
0x00006ac548bfcad0:   000077723806d700 0000777238046210
0x00006ac548bfcae0:   000077723806d080 0000000000000001 

Instructions: (pc=0x000077723ce9a817)
0x000077723ce9a717:   44 24 18 48 89 84 24 78 01 00 00 48 85 db 0f 84
0x000077723ce9a727:   f5 0a 00 00 48 8b 84 24 d8 00 00 00 48 8d 0c d8
0x000077723ce9a737:   48 89 8c 24 10 01 00 00 eb 36 66 66 66 66 66 66
0x000077723ce9a747:   2e 0f 1f 84 00 00 00 00 00 48 8d 94 24 90 00 00
0x000077723ce9a757:   00 e8 f3 a1 fd ff 48 8b 84 24 20 01 00 00 48 83
0x000077723ce9a767:   c0 08 48 3b 84 24 10 01 00 00 0f 84 a9 0a 00 00
0x000077723ce9a777:   48 89 84 24 20 01 00 00 48 8b 30 4c 89 ac 24 90
0x000077723ce9a787:   00 00 00 48 8d 84 24 50 01 00 00 48 89 84 24 98
0x000077723ce9a797:   00 00 00 48 8d 44 24 10 48 89 84 24 a0 00 00 00
0x000077723ce9a7a7:   48 8d 84 24 48 01 00 00 48 89 84 24 a8 00 00 00
0x000077723ce9a7b7:   48 8d 84 24 40 01 00 00 48 89 84 24 b0 00 00 00
0x000077723ce9a7c7:   48 8d 84 24 1f 01 00 00 48 89 84 24 b8 00 00 00
0x000077723ce9a7d7:   48 8d 84 24 28 01 00 00 48 89 84 24 c0 00 00 00
0x000077723ce9a7e7:   48 8d 44 24 38 48 89 84 24 c8 00 00 00 8b 46 08
0x000077723ce9a7f7:   48 8b 15 2a f3 16 00 48 8b 0d 2b f3 16 00 48 d3
0x000077723ce9a807:   e0 48 8d 3c 10 8b 44 10 0c 48 8d 0d f1 09 de ff
0x000077723ce9a817:   48 63 04 81 48 01 c8 ff e0 48 89 74 24 30 48 89
0x000077723ce9a827:   bc 24 58 01 00 00 48 63 87 28 01 00 00 48 85 c0
0x000077723ce9a837:   0f 84 5e 07 00 00 48 8b 94 24 58 01 00 00 48 63
0x000077723ce9a847:   8a ac 00 00 00 48 8d 0c ca 48 63 92 2c 01 00 00
0x000077723ce9a857:   48 8d 34 d1 48 8d 1c d1 48 81 c3 d8 01 00 00 48
0x000077723ce9a867:   8d 04 c6 48 05 d8 01 00 00 48 89 44 24 08 eb 18
0x000077723ce9a877:   66 0f 1f 84 00 00 00 00 00 48 83 c3 08 48 3b 5c
0x000077723ce9a887:   24 08 0f 84 0c 07 00 00 44 8b 63 04 4d 85 e4 74
0x000077723ce9a897:   e8 4c 63 2b 4c 03 6c 24 30 45 31 ff eb 24 66 66
0x000077723ce9a8a7:   2e 0f 1f 84 00 00 00 00 00 48 8b 44 24 40 4a 89
0x000077723ce9a8b7:   2c f0 49 ff c6 4c 89 74 24 48 49 ff c7 4d 39 e7
0x000077723ce9a8c7:   74 b7 4a 8d 34 bd 00 00 00 00 4c 01 ee 48 89 f0
0x000077723ce9a8d7:   48 b9 ff ff ff ff ff ff ff 7f 48 21 c8 48 89 c1
0x000077723ce9a8e7:   48 2b 0d b2 dd 16 00 48 89 cf 48 c1 ef 0c 48 3b
0x000077723ce9a8f7:   bc 24 50 01 00 00 75 31 48 8b 4c 24 10 48 8b 94
0x000077723ce9a907:   24 48 01 00 00 48 29 d0 8b 2c 01 48 85 ed 74 aa 


Stack slot to memory mapping:

stack at sp + 0 slots: 
[error occurred during error reporting (inspecting top of stack), id 0xe0000000, Internal Error (/mydata/mmtk-openjdk/openjdk/share/mmtkHeap.cpp:444)]
stack at sp + 1 slots: 
[error occurred during error reporting (inspecting top of stack, attempt 2), id 0xe0000000, Internal Error (/mydata/mmtk-openjdk/openjdk/share/mmtkHeap.cpp:444)]
stack at sp + 2 slots: 
[error occurred during error reporting (inspecting top of stack, attempt 3), id 0xe0000000, Internal Error (/mydata/mmtk-openjdk/openjdk/share/mmtkHeap.cpp:444)]

---------------  P R O C E S S  ---------------

Threads class SMR info:
_java_thread_list=0x00006ac3c402d330, length=56, elements={
0x000077723802b240, 0x0000777238527120, 0x00007772385289b0, 0x000077723852a4c0,
0x0000777238548cf0, 0x000077723854a640, 0x000077723854bf00, 0x000077723854dd40,
0x0000777238557710, 0x00006ac47c0554c0, 0x00006ac47c056ac0, 0x000077723859e760,
0x00007772385a1760, 0x00006ac474016290, 0x00006ac474047fc0, 0x00006ac460021bb0,
0x00006ac460023190, 0x00007772387d06e0, 0x00007772387cc910, 0x00007772387cd800,
0x00007772387da5b0, 0x00007772387db3a0, 0x00007772387dc770, 0x00007772387ddc10,
0x00007772387df180, 0x00007772387e0550, 0x00007772387e1920, 0x00007772387e2eb0,
0x00007772387e4440, 0x00007772387e58f0, 0x00007772387e6da0, 0x00007772383e1af0,
0x00007772383e2b10, 0x00007772383e4350, 0x00007772387d2e90, 0x00007772387d42b0,
0x00007772387d57d0, 0x00007772387d6db0, 0x00007772387d8390, 0x00007772387d9830,
0x00007772385ba250, 0x00007772385bb640, 0x00007772385bcae0, 0x00007772385bdf80,
0x00007772385bf810, 0x00007772385d95d0, 0x00007772385da5f0, 0x00007772385dbe80,
0x00007772385dd710, 0x00006ac4740a9470, 0x00006ac4740aade0, 0x00006ac4700fa060,
0x00006ac4600bbce0, 0x00006ac478259c80, 0x00006ac3c4011670, 0x00006ac3c402c120
}

Java Threads: ( => current thread )
  0x000077723802b240 JavaThread "main"                              [_thread_blocked, id=377962, stack(0x000077723d100000,0x000077723d200000) (1024K)]
  0x0000777238527120 JavaThread "Reference Handler"          daemon [_thread_blocked, id=377969, stack(0x00007772004fd000,0x00007772005fd000) (1024K)]
  0x00007772385289b0 JavaThread "Finalizer"                  daemon [_thread_blocked, id=377970, stack(0x00006ac54c2fc000,0x00006ac54c3fc000) (1024K)]
  0x000077723852a4c0 JavaThread "MMTk Finalizer Thread"      daemon [_thread_blocked, id=377971, stack(0x00006ac549100000,0x00006ac549200000) (1024K)]
  0x0000777238548cf0 JavaThread "Signal Dispatcher"          daemon [_thread_blocked, id=377995, stack(0x00006ac5024f6000,0x00006ac5025f6000) (1024K)]
  0x000077723854a640 JavaThread "Service Thread"             daemon [_thread_blocked, id=377996, stack(0x00006ac5023f6000,0x00006ac5024f6000) (1024K)]
  0x000077723854bf00 JavaThread "Monitor Deflation Thread"   daemon [_thread_blocked, id=377997, stack(0x00006ac5022f6000,0x00006ac5023f6000) (1024K)]
  0x000077723854dd40 JavaThread "C2 CompilerThread0"         daemon [_thread_blocked, id=377998, stack(0x00006ac5021f6000,0x00006ac5022f6000) (1024K)]
  0x0000777238557710 JavaThread "C1 CompilerThread0"         daemon [_thread_blocked, id=377999, stack(0x00006ac5020f6000,0x00006ac5021f6000) (1024K)]
  0x00006ac47c0554c0 JavaThread "C1 CompilerThread1"         daemon [_thread_blocked, id=378000, stack(0x00006ac501ff6000,0x00006ac5020f6000) (1024K)]
  0x00006ac47c056ac0 JavaThread "C1 CompilerThread2"         daemon [_thread_blocked, id=378001, stack(0x00006ac501ef6000,0x00006ac501ff6000) (1024K)]
  0x000077723859e760 JavaThread "Notification Thread"        daemon [_thread_blocked, id=378002, stack(0x00006ac501df6000,0x00006ac501ef6000) (1024K)]
  0x00007772385a1760 JavaThread "Common-Cleaner"             daemon [_thread_blocked, id=378003, stack(0x00006ac501cf6000,0x00006ac501df6000) (1024K)]
  0x00006ac474016290 JavaThread "C2 CompilerThread1"         daemon [_thread_in_native, id=378004, stack(0x00006ac501bf6000,0x00006ac501cf6000) (1024K)]
  0x00006ac474047fc0 JavaThread "C1 CompilerThread3"         daemon [_thread_blocked, id=378005, stack(0x00006ac501af6000,0x00006ac501bf6000) (1024K)]
  0x00006ac460021bb0 JavaThread "C2 CompilerThread2"         daemon [_thread_blocked, id=378006, stack(0x00006ac5019f6000,0x00006ac501af6000) (1024K)]
  0x00006ac460023190 JavaThread "C2 CompilerThread3"         daemon [_thread_in_native, id=378007, stack(0x00006ac5018f6000,0x00006ac5019f6000) (1024K)]
  0x00007772387d06e0 JavaThread "Thread-0"                          [_thread_blocked, id=378008, stack(0x00006ac5017f6000,0x00006ac5018f6000) (1024K)]
  0x00007772387cc910 JavaThread "Thread-1"                          [_thread_blocked, id=378009, stack(0x00006ac5016f6000,0x00006ac5017f6000) (1024K)]
  0x00007772387cd800 JavaThread "Thread-2"                          [_thread_blocked, id=378010, stack(0x00006ac5015f6000,0x00006ac5016f6000) (1024K)]
  0x00007772387da5b0 JavaThread "Thread-3"                          [_thread_blocked, id=378011, stack(0x00006ac5014f6000,0x00006ac5015f6000) (1024K)]
  0x00007772387db3a0 JavaThread "Thread-4"                          [_thread_blocked, id=378012, stack(0x00006ac5013f6000,0x00006ac5014f6000) (1024K)]
  0x00007772387dc770 JavaThread "Thread-5"                          [_thread_blocked, id=378013, stack(0x00006ac5012f6000,0x00006ac5013f6000) (1024K)]
  0x00007772387ddc10 JavaThread "Thread-6"                          [_thread_blocked, id=378014, stack(0x00006ac5011f6000,0x00006ac5012f6000) (1024K)]
  0x00007772387df180 JavaThread "Thread-7"                          [_thread_blocked, id=378015, stack(0x00006ac5010f6000,0x00006ac5011f6000) (1024K)]
  0x00007772387e0550 JavaThread "Thread-8"                          [_thread_blocked, id=378016, stack(0x00006ac500ff6000,0x00006ac5010f6000) (1024K)]
  0x00007772387e1920 JavaThread "Thread-9"                          [_thread_blocked, id=378017, stack(0x00006ac500ef6000,0x00006ac500ff6000) (1024K)]
  0x00007772387e2eb0 JavaThread "Thread-10"                         [_thread_blocked, id=378018, stack(0x00006ac500df6000,0x00006ac500ef6000) (1024K)]
  0x00007772387e4440 JavaThread "Thread-11"                         [_thread_blocked, id=378019, stack(0x00006ac500cf6000,0x00006ac500df6000) (1024K)]
  0x00007772387e58f0 JavaThread "Thread-12"                         [_thread_blocked, id=378020, stack(0x00006ac500bf6000,0x00006ac500cf6000) (1024K)]
  0x00007772387e6da0 JavaThread "Thread-13"                         [_thread_blocked, id=378021, stack(0x00006ac500af6000,0x00006ac500bf6000) (1024K)]
  0x00007772383e1af0 JavaThread "Thread-14"                         [_thread_blocked, id=378022, stack(0x00006ac5009f6000,0x00006ac500af6000) (1024K)]
  0x00007772383e2b10 JavaThread "Thread-15"                         [_thread_blocked, id=378023, stack(0x00006ac5008f6000,0x00006ac5009f6000) (1024K)]
  0x00007772383e4350 JavaThread "Thread-16"                         [_thread_blocked, id=378024, stack(0x00006ac5007f6000,0x00006ac5008f6000) (1024K)]
  0x00007772387d2e90 JavaThread "Thread-17"                         [_thread_blocked, id=378025, stack(0x00006ac5006f6000,0x00006ac5007f6000) (1024K)]
  0x00007772387d42b0 JavaThread "Thread-18"                         [_thread_blocked, id=378026, stack(0x00006ac5005f6000,0x00006ac5006f6000) (1024K)]
  0x00007772387d57d0 JavaThread "Thread-19"                         [_thread_blocked, id=378027, stack(0x00006ac5004f6000,0x00006ac5005f6000) (1024K)]
  0x00007772387d6db0 JavaThread "Thread-20"                         [_thread_blocked, id=378028, stack(0x00006ac5003f6000,0x00006ac5004f6000) (1024K)]
  0x00007772387d8390 JavaThread "Thread-21"                         [_thread_blocked, id=378029, stack(0x00006ac5002f6000,0x00006ac5003f6000) (1024K)]
  0x00007772387d9830 JavaThread "Thread-22"                         [_thread_blocked, id=378030, stack(0x00006ac5001f6000,0x00006ac5002f6000) (1024K)]
  0x00007772385ba250 JavaThread "Thread-23"                         [_thread_blocked, id=378031, stack(0x00006ac5000f6000,0x00006ac5001f6000) (1024K)]
  0x00007772385bb640 JavaThread "Thread-24"                         [_thread_blocked, id=378032, stack(0x00006ac3f7f00000,0x00006ac3f8000000) (1024K)]
  0x00007772385bcae0 JavaThread "Thread-25"                         [_thread_blocked, id=378033, stack(0x00006ac3f7e00000,0x00006ac3f7f00000) (1024K)]
  0x00007772385bdf80 JavaThread "Thread-26"                         [_thread_blocked, id=378034, stack(0x00006ac3f7d00000,0x00006ac3f7e00000) (1024K)]
  0x00007772385bf810 JavaThread "Thread-27"                         [_thread_blocked, id=378035, stack(0x00006ac3f7c00000,0x00006ac3f7d00000) (1024K)]
  0x00007772385d95d0 JavaThread "Thread-28"                         [_thread_blocked, id=378036, stack(0x00006ac3f7b00000,0x00006ac3f7c00000) (1024K)]
  0x00007772385da5f0 JavaThread "Thread-29"                         [_thread_blocked, id=378037, stack(0x00006ac3f7a00000,0x00006ac3f7b00000) (1024K)]
  0x00007772385dbe80 JavaThread "Thread-30"                         [_thread_blocked, id=378038, stack(0x00006ac3f7900000,0x00006ac3f7a00000) (1024K)]
  0x00007772385dd710 JavaThread "Thread-31"                         [_thread_blocked, id=378039, stack(0x00006ac3f7800000,0x00006ac3f7900000) (1024K)]
  0x00006ac4740a9470 JavaThread "C2 CompilerThread4"         daemon [_thread_blocked, id=378040, stack(0x00006ac3f7700000,0x00006ac3f7800000) (1024K)]
  0x00006ac4740aade0 JavaThread "C2 CompilerThread5"         daemon [_thread_blocked, id=378041, stack(0x00006ac3f7600000,0x00006ac3f7700000) (1024K)]
  0x00006ac4700fa060 JavaThread "C2 CompilerThread6"         daemon [_thread_blocked, id=378042, stack(0x00006ac3f7500000,0x00006ac3f7600000) (1024K)]
  0x00006ac4600bbce0 JavaThread "C1 CompilerThread4"         daemon [_thread_blocked, id=378043, stack(0x00006ac3f7400000,0x00006ac3f7500000) (1024K)]
  0x00006ac478259c80 JavaThread "C2 CompilerThread7"         daemon [_thread_in_native, id=378044, stack(0x00006ac3f7300000,0x00006ac3f7400000) (1024K)]
  0x00006ac3c4011670 JavaThread "C2 CompilerThread8"         daemon [_thread_blocked, id=378045, stack(0x00006ac3f7200000,0x00006ac3f7300000) (1024K)]
  0x00006ac3c402c120 JavaThread "C2 CompilerThread9"         daemon [_thread_blocked, id=378046, stack(0x00006ac3f7100000,0x00006ac3f7200000) (1024K)]
Total: 56

Other Threads:
  0x000077723851bc90 VMThread "VM Thread"                           [id=377968, stack(0x00007772005fe000,0x00007772006fe000) (1024K)]
  0x0000777238509860 WatcherThread "VM Periodic Task Thread"        [id=377967, stack(0x00007772006ff000,0x00007772007ff000) (1024K)]

=>0x00007772385309c0 (exited) NamedThread "MMTk Collector Thread"   [id=377974, stack(0x00006ac548afe000,0x00006ac548bfe000) (1024K)]
Total: 3

Threads with active compile tasks:
C2 CompilerThread0  3035 2413       4       org.apache.xerces.impl.XMLScanner::isInvalidLiteral (5 bytes)
C2 CompilerThread1  3035 2259   !   4       org.apache.xalan.templates.ElemApplyTemplates::transformSelectedNodes (979 bytes)
C2 CompilerThread2  3035 2966   !   4       org.apache.xalan.templates.ElemLiteralResult::execute (312 bytes)
C2 CompilerThread3  3035 2864       4       org.apache.xerces.impl.XMLNSDocumentScannerImpl::scanStartElement (866 bytes)
C2 CompilerThread4  3035 2406       4       org.apache.xml.serializer.ToStream::startPrefixMapping (128 bytes)
C2 CompilerThread5  3035 2450       4       org.apache.xml.serializer.SerializerBase::getProp (62 bytes)
C2 CompilerThread6  3035 2446       4       org.apache.xpath.axes.AttributeIterator::getNextNode (46 bytes)
C2 CompilerThread7  3035 2828 % !   4       org.apache.xerces.impl.XMLDocumentFragmentScannerImpl$FragmentContentDispatcher::dispatch @ 0 (1118 bytes)
C2 CompilerThread8  3035 2976       4       org.apache.xalan.templates.ElemNumber$NumberFormatStringTokenizer::nextToken (113 bytes)
C2 CompilerThread9  3035 2429       4       org.apache.xpath.axes.LocPathIterator::asIterator (26 bytes)
Total: 10

VM state: at safepoint (normal execution)

VM Mutex/Monitor currently owned by a thread:  ([mutex/lock_event])
[0x000077723e7580d0] Threads_lock - owner thread: 0x000077723851bc90
[0x000077723e757fd0] Heap_lock - owner thread: 0x00007772383e5150

Heap address: 0x0000000040000000, size: 3072 MB, Compressed Oops mode: 32-bit

CDS archive(s) mapped at: [0x00006ac503000000-0x00006ac503ca3000-0x00006ac503ca3000), size 13250560, SharedBaseAddress: 0x00006ac503000000, ArchiveRelocationMode: 1.
Compressed class space mapped at: 0x00006ac504000000-0x00006ac544000000, reserved size: 1073741824
Narrow klass base: 0x00006ac503000000, Narrow klass shift: 0, Narrow klass range: 0x100000000

GC Precious Log:
<Empty>

Heap:

[error occurred during error reporting (printing heap information), id 0xe0000000, Internal Error (/mydata/mmtk-openjdk/openjdk/share/mmtkHeap.cpp:424)]
Metaspace:

Usage:
  Non-class:      7.00 MB used.
      Class:    963.94 KB used.
       Both:      7.94 MB used.

Virtual space:
  Non-class space:       64.00 MB reserved,       7.12 MB ( 11%) committed,  1 nodes.
      Class space:        1.00 GB reserved,       1.06 MB ( <1%) committed,  1 nodes.
             Both:        1.06 GB reserved,       8.19 MB ( <1%) committed. 

Chunk freelists:
   Non-Class:  7.36 MB
       Class:  14.99 MB
        Both:  22.35 MB

MaxMetaspaceSize: unlimited
CompressedClassSpaceSize: 1.00 GB
Initial GC threshold: 21.00 MB
Current GC threshold: 21.00 MB
CDS: on
 - commit_granule_bytes: 65536.
 - commit_granule_words: 8192.
 - virtual_space_node_default_size: 8388608.
 - enlarge_chunks_in_place: 1.
 - use_allocation_guard: 0.


Internal statistics:

num_allocs_failed_limit: 0.
num_arena_births: 118.
num_arena_deaths: 0.
num_vsnodes_births: 2.
num_vsnodes_deaths: 0.
num_space_committed: 131.
num_space_uncommitted: 0.
num_chunks_returned_to_freelist: 0.
num_chunks_taken_from_freelist: 365.
num_chunk_merges: 0.
num_chunk_splits: 258.
num_chunks_enlarged: 203.
num_inconsistent_stats: 0.

CodeHeap 'non-profiled nmethods': size=118880Kb used=1379Kb max_used=1379Kb free=117501Kb
 bounds [0x00007772283e8000, 0x0000777228658000, 0x000077722f800000]
CodeHeap 'profiled nmethods': size=118876Kb used=6331Kb max_used=6331Kb free=112544Kb
 bounds [0x0000777220800000, 0x0000777220e30000, 0x0000777227c17000]
CodeHeap 'non-nmethods': size=8004Kb used=3556Kb max_used=3647Kb free=4447Kb
 bounds [0x0000777227c17000, 0x0000777227fb7000, 0x00007772283e8000]
CodeCache: size=245760Kb, used=11266Kb, max_used=11357Kb, free=234492Kb
 total_blobs=3376, nmethods=2892, adapters=381, full_count=0
Compilation: enabled, stopped_count=0, restarted_count=0

Compilation events (20 events):
Event: 3.001 Thread 0x00006ac3c4011670 nmethod 2967 0x000077722852c290 code [0x000077722852c400, 0x000077722852c4b0]
Event: 3.002 Thread 0x00006ac3c4011670 2971       4       org.apache.xalan.templates.ElemTemplateElement::executeNSDecls (7 bytes)
Event: 3.007 Thread 0x00006ac47c056ac0 2977   !   3       org.apache.xml.serializer.Encodings::getWriter (79 bytes)
Event: 3.027 Thread 0x00006ac474047fc0 2978       1       org.apache.xml.serializer.SerializerBase::getTransformer (5 bytes)
Event: 3.027 Thread 0x00006ac3c4011670 nmethod 2971 0x000077722852c590 code [0x000077722852c740, 0x000077722852c9d8]
Event: 3.027 Thread 0x00006ac3c4011670 2976       4       org.apache.xalan.templates.ElemNumber$NumberFormatStringTokenizer::nextToken (113 bytes)
Event: 3.027 Thread 0x00006ac47c056ac0 nmethod 2977 0x0000777220e2c190 code [0x0000777220e2c520, 0x0000777220e2e3f8]
Event: 3.027 Thread 0x00006ac474047fc0 nmethod 2978 0x000077722852cc10 code [0x000077722852cda0, 0x000077722852ce60]
Event: 3.027 Thread 0x00006ac4740aade0 nmethod 2899 0x000077722852cf10 code [0x000077722852d2e0, 0x000077722852f270]
Event: 3.028 Thread 0x00006ac4740aade0 2979       4       java.util.HashMap::clear (50 bytes)
Event: 3.028 Thread 0x00006ac4740aade0 nmethod 2979 0x0000777228530710 code [0x0000777228530880, 0x0000777228530930]
Event: 3.028 Thread 0x00006ac4740aade0 2450       4       org.apache.xml.serializer.SerializerBase::getProp (62 bytes)
Event: 3.028 Thread 0x00006ac3c402c120 nmethod 2148 0x0000777228530a10 code [0x0000777228530f40, 0x0000777228533628]
Event: 3.029 Thread 0x00006ac4700fa060 nmethod 2404 0x0000777228535110 code [0x00007772285356a0, 0x0000777228538e50]
Event: 3.029 Thread 0x00006ac3c402c120 2429       4       org.apache.xpath.axes.LocPathIterator::asIterator (26 bytes)
Event: 3.029 Thread 0x00006ac4700fa060 2428       4       java.lang.CharacterDataLatin1::getType (11 bytes)
Event: 3.029 Thread 0x000077723854dd40 nmethod 2390 0x000077722853b210 code [0x000077722853b780, 0x000077722853e9d0]
Event: 3.029 Thread 0x00006ac4700fa060 nmethod 2428 0x0000777228540910 code [0x0000777228540a80, 0x0000777228540b40]
Event: 3.029 Thread 0x00006ac4700fa060 2446       4       org.apache.xpath.axes.AttributeIterator::getNextNode (46 bytes)
Event: 3.029 Thread 0x000077723854dd40 2413       4       org.apache.xerces.impl.XMLScanner::isInvalidLiteral (5 bytes)

GC Heap History (0 events):
No events

Dll operation events (7 events):
Event: 0.001 Loaded shared library /mydata/openjdk-mmtk/build/b0test/images/jdk/lib/libjava.so
Event: 2.221 Loaded shared library /mydata/openjdk-mmtk/build/b0test/images/jdk/lib/libjsvml.so
Event: 2.234 Loaded shared library /mydata/openjdk-mmtk/build/b0test/images/jdk/lib/libnio.so
Event: 2.238 Loaded shared library /mydata/openjdk-mmtk/build/b0test/images/jdk/lib/libzip.so
Event: 2.251 Loaded shared library /mydata/openjdk-mmtk/build/b0test/images/jdk/lib/libjimage.so
Event: 2.277 Loaded shared library /mydata/openjdk-mmtk/build/b0test/images/jdk/lib/libnet.so
Event: 2.376 Loaded shared library /mydata/openjdk-mmtk/build/b0test/images/jdk/lib/libverify.so

Deoptimization events (20 events):
Event: 2.979 Thread 0x00007772387d06e0 DEOPT PACKING pc=0x0000777228485fcc sp=0x00006ac5018f4810
Event: 2.979 Thread 0x00007772387d06e0 DEOPT UNPACKING pc=0x0000777227c6a899 sp=0x00006ac5018f47c8 mode 2
Event: 2.979 Thread 0x00007772387d06e0 Uncommon trap: trap_request=0xffffffde fr.pc=0x0000777228482090 relative=0x0000000000000890
Event: 2.979 Thread 0x00007772387d06e0 Uncommon trap: reason=class_check action=maybe_recompile pc=0x0000777228482090 method=java.nio.charset.CharsetEncoder.encode(Ljava/nio/CharBuffer;Ljava/nio/ByteBuffer;Z)Ljava/nio/charset/CoderResult; @ 57 c2
Event: 2.979 Thread 0x00007772387d06e0 DEOPT PACKING pc=0x0000777228482090 sp=0x00006ac5018f46a0
Event: 2.979 Thread 0x00007772387d06e0 DEOPT UNPACKING pc=0x0000777227c6a899 sp=0x00006ac5018f4468 mode 2
Event: 2.979 Thread 0x00007772387d06e0 Uncommon trap: trap_request=0xffffffde fr.pc=0x0000777228504ab8 relative=0x00000000000001b8
Event: 2.979 Thread 0x00007772387d06e0 Uncommon trap: reason=class_check action=maybe_recompile pc=0x0000777228504ab8 method=sun.nio.cs.StreamEncoder.writeBytes()V @ 127 c2
Event: 2.979 Thread 0x00007772387d06e0 DEOPT PACKING pc=0x0000777228504ab8 sp=0x00006ac5018f46a0
Event: 2.979 Thread 0x00007772387d06e0 DEOPT UNPACKING pc=0x0000777227c6a899 sp=0x00006ac5018f4630 mode 2
Event: 2.996 Thread 0x00007772387cc910 Uncommon trap: trap_request=0xffffff6e fr.pc=0x0000777228521320 relative=0x00000000000010c0
Event: 2.996 Thread 0x00007772387e58f0 Uncommon trap: trap_request=0xffffff6e fr.pc=0x0000777228521320 relative=0x00000000000010c0
Event: 2.996 Thread 0x00007772387cc910 Uncommon trap: reason=loop_limit_check action=maybe_recompile pc=0x0000777228521320 method=org.apache.xalan.templates.ElemLiteralResult.execute(Lorg/apache/xalan/transformer/TransformerImpl;)V @ 110 c2
Event: 2.996 Thread 0x00007772387e58f0 Uncommon trap: reason=loop_limit_check action=maybe_recompile pc=0x0000777228521320 method=org.apache.xalan.templates.ElemLiteralResult.execute(Lorg/apache/xalan/transformer/TransformerImpl;)V @ 110 c2
Event: 2.996 Thread 0x00007772387e58f0 DEOPT PACKING pc=0x0000777228521320 sp=0x00006ac500cf3700
Event: 2.996 Thread 0x00007772387cc910 DEOPT PACKING pc=0x0000777228521320 sp=0x00006ac5017f30b0
Event: 2.996 Thread 0x00007772387e58f0 DEOPT UNPACKING pc=0x0000777227c6a899 sp=0x00006ac500cf3700 mode 2
Event: 2.996 Thread 0x00007772387cc910 DEOPT UNPACKING pc=0x0000777227c6a899 sp=0x00006ac5017f30b0 mode 2
Event: 3.007 Thread 0x00007772387d6db0 DEOPT PACKING pc=0x0000777220d73d00 sp=0x00006ac5004f4480
Event: 3.007 Thread 0x00007772387d6db0 DEOPT UNPACKING pc=0x0000777227c6b02f sp=0x00006ac5004f3a60 mode 0

Classes loaded (20 events):
Event: 2.640 Loading class java/util/ResourceBundle$KeyElementReference
Event: 2.640 Loading class java/util/ResourceBundle$CacheKeyReference
Event: 2.640 Loading class java/util/ResourceBundle$CacheKeyReference done
Event: 2.640 Loading class java/util/ResourceBundle$KeyElementReference done
Event: 2.641 Loading class java/util/ResourceBundle$Control$2
Event: 2.641 Loading class java/util/ResourceBundle$Control$2 done
Event: 2.642 Loading class sun/util/PropertyResourceBundleCharset
Event: 2.642 Loading class sun/util/PropertyResourceBundleCharset done
Event: 2.642 Loading class sun/util/PropertyResourceBundleCharset$PropertiesFileDecoder
Event: 2.642 Loading class sun/util/PropertyResourceBundleCharset$PropertiesFileDecoder done
Event: 2.644 Loading class java/util/ResourceBundle$BundleReference
Event: 2.645 Loading class java/util/ResourceBundle$BundleReference done
Event: 2.645 Loading class sun/util/ResourceBundleEnumeration
Event: 2.645 Loading class sun/util/ResourceBundleEnumeration done
Event: 2.662 Loading class sun/nio/cs/ISO_8859_1$Encoder
Event: 2.662 Loading class sun/nio/cs/ISO_8859_1$Encoder done
Event: 2.690 Loading class java/util/ResourceBundle$Control$1
Event: 2.690 Loading class java/util/ResourceBundle$Control$1 done
Event: 2.712 Loading class java/lang/foreign/MemorySegment
Event: 2.713 Loading class java/lang/foreign/MemorySegment done

Classes unloaded (0 events):
No events

Classes redefined (0 events):
No events

Internal exceptions (13 events):
Event: 2.245 Thread 0x000077723802b240 Exception <a 'java/lang/NoSuchMethodError'{0x0000000040334090}: 'java.lang.Object java.lang.invoke.DirectMethodHandle$Holder.newInvokeSpecial(java.lang.Object, int, java.lang.Object)'> (0x0000000040334090) 
thrown [src/hotspot/share/interpreter/linkResolver.cpp, line 772]
Event: 2.254 Thread 0x000077723802b240 Exception <a 'java/lang/NoSuchMethodError'{0x00000000402f9e28}: 'void java.lang.invoke.DirectMethodHandle$Holder.invokeStatic(java.lang.Object, java.lang.Object)'> (0x00000000402f9e28) 
thrown [src/hotspot/share/interpreter/linkResolver.cpp, line 772]
Event: 2.254 Thread 0x000077723802b240 Exception <a 'java/lang/NoSuchMethodError'{0x00000000402fd820}: 'void java.lang.invoke.DirectMethodHandle$Holder.invokeSpecial(java.lang.Object, java.lang.Object, java.lang.Object)'> (0x00000000402fd820) 
thrown [src/hotspot/share/interpreter/linkResolver.cpp, line 772]
Event: 2.296 Thread 0x000077723802b240 Exception <a 'java/lang/NoSuchMethodError'{0x00000000401b5ca8}: 'void java.lang.invoke.DirectMethodHandle$Holder.invokeVirtual(java.lang.Object, java.lang.Object)'> (0x00000000401b5ca8) 
thrown [src/hotspot/share/interpreter/linkResolver.cpp, line 772]
Event: 2.303 Thread 0x000077723802b240 Exception <a 'java/io/FileNotFoundException'{0x0000000040180bc0}> (0x0000000040180bc0) 
thrown [src/hotspot/share/prims/jni.cpp, line 520]
Event: 2.314 Thread 0x000077723802b240 Exception <a 'java/lang/NoSuchMethodError'{0x00000000401218c8}: 'java.lang.Object java.lang.invoke.Invokers$Holder.invokeExact_MT(java.lang.Object, java.lang.Object, java.lang.Object, java.lang.Object, java.lang.Object)'> (0x00000000401218c8) 
thrown [src/hotspot/share/interpreter/linkResolver.cpp, line 772]
Event: 2.497 Thread 0x000077723802b240 Exception <a 'java/lang/NoSuchMethodError'{0x0000000040ea8f50}: 'void java.lang.invoke.DirectMethodHandle$Holder.invokeVirtual(java.lang.Object, java.lang.Object, int)'> (0x0000000040ea8f50) 
thrown [src/hotspot/share/interpreter/linkResolver.cpp, line 772]
Event: 2.498 Thread 0x000077723802b240 Exception <a 'java/lang/NoSuchMethodError'{0x0000000040ead678}: 'int java.lang.invoke.DirectMethodHandle$Holder.invokeSpecial(java.lang.Object, java.lang.Object, java.lang.Object, int)'> (0x0000000040ead678) 
thrown [src/hotspot/share/interpreter/linkResolver.cpp, line 772]
Event: 2.499 Thread 0x000077723802b240 Exception <a 'java/lang/NoSuchMethodError'{0x0000000040e90428}: 'java.lang.Object java.lang.invoke.DirectMethodHandle$Holder.invokeStatic(java.lang.Object, java.lang.Object, java.lang.Object, java.lang.Object, int)'> (0x0000000040e90428) 
thrown [src/hotspot/share/interpreter/linkResolver.cpp, line 772]
Event: 2.500 Thread 0x000077723802b240 Exception <a 'java/lang/NoSuchMethodError'{0x0000000040e8b638}: 'void java.lang.invoke.DelegatingMethodHandle$Holder.reinvoke_L(java.lang.Object, java.lang.Object, int)'> (0x0000000040e8b638) 
thrown [src/hotspot/share/interpreter/linkResolver.cpp, line 772]
Event: 2.501 Thread 0x000077723802b240 Exception <a 'java/lang/NoSuchMethodError'{0x0000000040e823a0}: 'int java.lang.invoke.DirectMethodHandle$Holder.invokeSpecial(java.lang.Object, java.lang.Object, java.lang.Object)'> (0x0000000040e823a0) 
thrown [src/hotspot/share/interpreter/linkResolver.cpp, line 772]
Event: 2.571 Thread 0x000077723802b240 Exception <a 'java/lang/NoSuchMethodError'{0x00000000413b6268}: 'void java.lang.invoke.DelegatingMethodHandle$Holder.reinvoke_L(java.lang.Object, java.lang.Object, int, int)'> (0x00000000413b6268) 
thrown [src/hotspot/share/interpreter/linkResolver.cpp, line 772]
Event: 2.638 Thread 0x00007772385bb640 Exception <a 'java/lang/NoSuchMethodError'{0x00000000408c6c30}: 'java.lang.Object java.lang.invoke.DirectMethodHandle$Holder.invokeInterface(java.lang.Object, java.lang.Object)'> (0x00000000408c6c30) 
thrown [src/hotspot/share/interpreter/linkResolver.cpp, line 772]

ZGC Phase Switch (0 events):
No events

VM Operations (20 events):
Event: 2.600 Executing VM operation: ThirdPartyHeapOperation done
Event: 2.602 Executing VM operation: ThirdPartyHeapOperation
Event: 2.605 Executing VM operation: ThirdPartyHeapOperation done
Event: 2.616 Executing VM operation: HandshakeAllThreads (Deoptimize)
Event: 2.616 Executing VM operation: HandshakeAllThreads (Deoptimize) done
Event: 2.636 Executing VM operation: HandshakeAllThreads (Deoptimize)
Event: 2.636 Executing VM operation: HandshakeAllThreads (Deoptimize) done
Event: 2.692 Executing VM operation: HandshakeAllThreads (Deoptimize)
Event: 2.693 Executing VM operation: HandshakeAllThreads (Deoptimize) done
Event: 2.726 Executing VM operation: ICBufferFull
Event: 2.728 Executing VM operation: ICBufferFull done
Event: 2.733 Executing VM operation: ICBufferFull
Event: 2.733 Executing VM operation: ICBufferFull done
Event: 2.733 Executing VM operation: ICBufferFull
Event: 2.733 Executing VM operation: ICBufferFull done
Event: 2.827 Executing VM operation: ICBufferFull
Event: 2.828 Executing VM operation: ICBufferFull done
Event: 3.007 Executing VM operation: ThirdPartyHeapOperation
Event: 3.026 Executing VM operation: ThirdPartyHeapOperation done
Event: 3.030 Executing VM operation: ThirdPartyHeapOperation

Memory protections (20 events):
Event: 2.606 Protecting memory [0x00006ac5004f6000,0x00006ac5004fa000] with protection modes 0
Event: 2.606 Protecting memory [0x00006ac5003f6000,0x00006ac5003fa000] with protection modes 0
Event: 2.606 Protecting memory [0x00006ac5002f6000,0x00006ac5002fa000] with protection modes 0
Event: 2.607 Protecting memory [0x00006ac5001f6000,0x00006ac5001fa000] with protection modes 0
Event: 2.607 Protecting memory [0x00006ac5000f6000,0x00006ac5000fa000] with protection modes 0
Event: 2.607 Protecting memory [0x00006ac3f7f00000,0x00006ac3f7f04000] with protection modes 0
Event: 2.607 Protecting memory [0x00006ac3f7e00000,0x00006ac3f7e04000] with protection modes 0
Event: 2.607 Protecting memory [0x00006ac3f7d00000,0x00006ac3f7d04000] with protection modes 0
Event: 2.607 Protecting memory [0x00006ac3f7c00000,0x00006ac3f7c04000] with protection modes 0
Event: 2.607 Protecting memory [0x00006ac3f7b00000,0x00006ac3f7b04000] with protection modes 0
Event: 2.607 Protecting memory [0x00006ac3f7a00000,0x00006ac3f7a04000] with protection modes 0
Event: 2.607 Protecting memory [0x00006ac3f7900000,0x00006ac3f7904000] with protection modes 0
Event: 2.607 Protecting memory [0x00006ac3f7800000,0x00006ac3f7804000] with protection modes 0
Event: 2.689 Protecting memory [0x00006ac3f7700000,0x00006ac3f7704000] with protection modes 0
Event: 2.691 Protecting memory [0x00006ac3f7600000,0x00006ac3f7604000] with protection modes 0
Event: 2.692 Protecting memory [0x00006ac3f7500000,0x00006ac3f7504000] with protection modes 0
Event: 2.693 Protecting memory [0x00006ac3f7400000,0x00006ac3f7404000] with protection modes 0
Event: 2.703 Protecting memory [0x00006ac3f7300000,0x00006ac3f7304000] with protection modes 0
Event: 2.715 Protecting memory [0x00006ac3f7200000,0x00006ac3f7204000] with protection modes 0
Event: 2.716 Protecting memory [0x00006ac3f7100000,0x00006ac3f7104000] with protection modes 0

Nmethod flushes (0 events):
No events

Events (20 events):
Event: 2.606 Thread 0x000077723802b240 Thread added: 0x00007772387d57d0
Event: 2.606 Thread 0x000077723802b240 Thread added: 0x00007772387d6db0
Event: 2.606 Thread 0x000077723802b240 Thread added: 0x00007772387d8390
Event: 2.607 Thread 0x000077723802b240 Thread added: 0x00007772387d9830
Event: 2.607 Thread 0x000077723802b240 Thread added: 0x00007772385ba250
Event: 2.607 Thread 0x000077723802b240 Thread added: 0x00007772385bb640
Event: 2.607 Thread 0x000077723802b240 Thread added: 0x00007772385bcae0
Event: 2.607 Thread 0x000077723802b240 Thread added: 0x00007772385bdf80
Event: 2.607 Thread 0x000077723802b240 Thread added: 0x00007772385bf810
Event: 2.607 Thread 0x000077723802b240 Thread added: 0x00007772385d95d0
Event: 2.607 Thread 0x000077723802b240 Thread added: 0x00007772385da5f0
Event: 2.607 Thread 0x000077723802b240 Thread added: 0x00007772385dbe80
Event: 2.607 Thread 0x000077723802b240 Thread added: 0x00007772385dd710
Event: 2.689 Thread 0x00006ac47c056ac0 Thread added: 0x00006ac4740a9470
Event: 2.691 Thread 0x00006ac47c056ac0 Thread added: 0x00006ac4740aade0
Event: 2.692 Thread 0x00006ac47c0554c0 Thread added: 0x00006ac4700fa060
Event: 2.693 Thread 0x00006ac474016290 Thread added: 0x00006ac4600bbce0
Event: 2.703 Thread 0x000077723854dd40 Thread added: 0x00006ac478259c80
Event: 2.715 Thread 0x00006ac478259c80 Thread added: 0x00006ac3c4011670
Event: 2.716 Thread 0x00006ac478259c80 Thread added: 0x00006ac3c402c120


Dynamic libraries:
40000000-40400000 rw-p 00000000 00:00 0                                  [anon:mmtk:space:immix]
40400000-40800000 rw-p 00000000 00:00 0                                  [anon:mmtk:space:los]
40800000-41400000 rw-p 00000000 00:00 0                                  [anon:mmtk:space:immix]
41400000-41800000 rw-p 00000000 00:00 0                                  [anon:mmtk:space:los]
41800000-41c00000 rw-p 00000000 00:00 0                                  [anon:mmtk:space:immix]
41c00000-42000000 rw-p 00000000 00:00 0                                  [anon:mmtk:space:los]
42000000-42800000 rw-p 00000000 00:00 0                                  [anon:mmtk:space:immix]
42800000-42c00000 rw-p 00000000 00:00 0                                  [anon:mmtk:space:los]
42c00000-43000000 rw-p 00000000 00:00 0                                  [anon:mmtk:space:immix]
43000000-43400000 rw-p 00000000 00:00 0                                  [anon:mmtk:space:los]
43400000-43c00000 rw-p 00000000 00:00 0                                  [anon:mmtk:space:immix]
43c00000-44000000 rw-p 00000000 00:00 0                                  [anon:mmtk:space:los]
44000000-44400000 rw-p 00000000 00:00 0                                  [anon:mmtk:space:immix]
44400000-44800000 rw-p 00000000 00:00 0                                  [anon:mmtk:space:los]
44800000-45000000 rw-p 00000000 00:00 0                                  [anon:mmtk:space:immix]
45000000-45400000 rw-p 00000000 00:00 0                                  [anon:mmtk:space:los]
45400000-45c00000 rw-p 00000000 00:00 0                                  [anon:mmtk:space:immix]
45c00000-46000000 rw-p 00000000 00:00 0                                  [anon:mmtk:space:los]
46000000-46400000 rw-p 00000000 00:00 0                                  [anon:mmtk:space:immix]
46400000-46800000 rw-p 00000000 00:00 0                                  [anon:mmtk:space:los]
46800000-47000000 rw-p 00000000 00:00 0                                  [anon:mmtk:space:immix]
47000000-47400000 rw-p 00000000 00:00 0                                  [anon:mmtk:space:los]
47400000-47c00000 rw-p 00000000 00:00 0                                  [anon:mmtk:space:immix]
47c00000-48000000 rw-p 00000000 00:00 0                                  [anon:mmtk:space:los]
48000000-48400000 rw-p 00000000 00:00 0                                  [anon:mmtk:space:immix]
48400000-48800000 rw-p 00000000 00:00 0                                  [anon:mmtk:space:los]
48800000-48c00000 rw-p 00000000 00:00 0                                  [anon:mmtk:space:immix]
48c00000-49000000 rw-p 00000000 00:00 0                                  [anon:mmtk:space:los]
49000000-49800000 rw-p 00000000 00:00 0                                  [anon:mmtk:space:immix]
49800000-49c00000 rw-p 00000000 00:00 0                                  [anon:mmtk:space:los]
49c00000-4a000000 rw-p 00000000 00:00 0                                  [anon:mmtk:space:immix]
4a000000-4a400000 rw-p 00000000 00:00 0                                  [anon:mmtk:space:los]
4a400000-4ac00000 rw-p 00000000 00:00 0                                  [anon:mmtk:space:immix]
4ac00000-4b000000 rw-p 00000000 00:00 0                                  [anon:mmtk:space:los]
4b000000-4b800000 rw-p 00000000 00:00 0                                  [anon:mmtk:space:immix]
4b800000-4bc00000 rw-p 00000000 00:00 0                                  [anon:mmtk:space:los]
4bc00000-4c000000 rw-p 00000000 00:00 0                                  [anon:mmtk:space:immix]
4c000000-4c400000 rw-p 00000000 00:00 0                                  [anon:mmtk:space:los]
4c400000-4cc00000 rw-p 00000000 00:00 0                                  [anon:mmtk:space:immix]
4cc00000-4d000000 rw-p 00000000 00:00 0                                  [anon:mmtk:space:los]
4d000000-4d800000 rw-p 00000000 00:00 0                                  [anon:mmtk:space:immix]
4d800000-4dc00000 rw-p 00000000 00:00 0                                  [anon:mmtk:space:los]
4dc00000-4e000000 rw-p 00000000 00:00 0                                  [anon:mmtk:space:immix]
4e000000-4e400000 rw-p 00000000 00:00 0                                  [anon:mmtk:space:los]
4e400000-4ec00000 rw-p 00000000 00:00 0                                  [anon:mmtk:space:immix]
4ec00000-4f000000 rw-p 00000000 00:00 0                                  [anon:mmtk:space:los]
4f000000-4f400000 rw-p 00000000 00:00 0                                  [anon:mmtk:space:immix]
4f400000-4f800000 rw-p 00000000 00:00 0                                  [anon:mmtk:space:los]
4f800000-50000000 rw-p 00000000 00:00 0                                  [anon:mmtk:space:immix]
50000000-50400000 rw-p 00000000 00:00 0                                  [anon:mmtk:space:los]
200000000000-2000c00c0000 rw-s 00000000 00:10 68                         anon_inode:bpf-map
5647cd2e4000-5647cd2e5000 r--p 00000000 fc:00 49676337                   /mydata/openjdk-mmtk/build/b0test/images/jdk/bin/java
5647cd2e5000-5647cd2e6000 r-xp 00001000 fc:00 49676337                   /mydata/openjdk-mmtk/build/b0test/images/jdk/bin/java
5647cd2e6000-5647cd2e7000 r--p 00002000 fc:00 49676337                   /mydata/openjdk-mmtk/build/b0test/images/jdk/bin/java
5647cd2e7000-5647cd2e8000 r--p 00002000 fc:00 49676337                   /mydata/openjdk-mmtk/build/b0test/images/jdk/bin/java
5647cd2e8000-5647cd2e9000 rw-p 00003000 fc:00 49676337                   /mydata/openjdk-mmtk/build/b0test/images/jdk/bin/java
5647f8b75000-5647f8bbd000 rw-p 00000000 00:00 0                          [heap]
6ac3b8000000-6ac3b8652000 rw-p 00000000 00:00 0 
6ac3b8652000-6ac3bc000000 ---p 00000000 00:00 0 
6ac3bc000000-6ac3bc63a000 rw-p 00000000 00:00 0 
6ac3bc63a000-6ac3c0000000 ---p 00000000 00:00 0 
6ac3c0000000-6ac3c02e7000 rw-p 00000000 00:00 0 
6ac3c02e7000-6ac3c4000000 ---p 00000000 00:00 0 
6ac3c4000000-6ac3c479b000 rw-p 00000000 00:00 0 
6ac3c479b000-6ac3c8000000 ---p 00000000 00:00 0 
6ac3c8000000-6ac3c8815000 rw-p 00000000 00:00 0 
6ac3c8815000-6ac3cc000000 ---p 00000000 00:00 0 
6ac3cc000000-6ac3cc7e6000 rw-p 00000000 00:00 0 
6ac3cc7e6000-6ac3d0000000 ---p 00000000 00:00 0 
6ac3d0000000-6ac3d004a000 rw-p 00000000 00:00 0 
6ac3d004a000-6ac3d4000000 ---p 00000000 00:00 0 
6ac3d4000000-6ac3d4887000 rw-p 00000000 00:00 0 
6ac3d4887000-6ac3d8000000 ---p 00000000 00:00 0 
6ac3d8000000-6ac3d8021000 rw-p 00000000 00:00 0 
6ac3d8021000-6ac3dc000000 ---p 00000000 00:00 0 
6ac3dc000000-6ac3dc02a000 rw-p 00000000 00:00 0 
6ac3dc02a000-6ac3e0000000 ---p 00000000 00:00 0 
6ac3e0000000-6ac3e0021000 rw-p 00000000 00:00 0 
6ac3e0021000-6ac3e4000000 ---p 00000000 00:00 0 
6ac3e4000000-6ac3e4021000 rw-p 00000000 00:00 0 
6ac3e4021000-6ac3e8000000 ---p 00000000 00:00 0 
6ac3e8000000-6ac3e8028000 rw-p 00000000 00:00 0 
6ac3e8028000-6ac3ec000000 ---p 00000000 00:00 0 
6ac3ec000000-6ac3ec04b000 rw-p 00000000 00:00 0 
6ac3ec04b000-6ac3f0000000 ---p 00000000 00:00 0 
6ac3f0000000-6ac3f0054000 rw-p 00000000 00:00 0 
6ac3f0054000-6ac3f4000000 ---p 00000000 00:00 0 
6ac3f6f48000-6ac3f7100000 rw-p 00000000 00:00 0 
6ac3f7100000-6ac3f7104000 ---p 00000000 00:00 0 
6ac3f7104000-6ac3f7200000 rw-p 00000000 00:00 0 
6ac3f7200000-6ac3f7204000 ---p 00000000 00:00 0 
6ac3f7204000-6ac3f7300000 rw-p 00000000 00:00 0 
6ac3f7300000-6ac3f7304000 ---p 00000000 00:00 0 
6ac3f7304000-6ac3f7400000 rw-p 00000000 00:00 0 
6ac3f7400000-6ac3f7404000 ---p 00000000 00:00 0 
6ac3f7404000-6ac3f7500000 rw-p 00000000 00:00 0 
6ac3f7500000-6ac3f7504000 ---p 00000000 00:00 0 
6ac3f7504000-6ac3f7600000 rw-p 00000000 00:00 0 
6ac3f7600000-6ac3f7604000 ---p 00000000 00:00 0 
6ac3f7604000-6ac3f7700000 rw-p 00000000 00:00 0 
6ac3f7700000-6ac3f7704000 ---p 00000000 00:00 0 
6ac3f7704000-6ac3f7800000 rw-p 00000000 00:00 0 
6ac3f7800000-6ac3f7804000 ---p 00000000 00:00 0 
6ac3f7804000-6ac3f7900000 rw-p 00000000 00:00 0 
6ac3f7900000-6ac3f7904000 ---p 00000000 00:00 0 
6ac3f7904000-6ac3f7a00000 rw-p 00000000 00:00 0 
6ac3f7a00000-6ac3f7a04000 ---p 00000000 00:00 0 
6ac3f7a04000-6ac3f7b00000 rw-p 00000000 00:00 0 
6ac3f7b00000-6ac3f7b04000 ---p 00000000 00:00 0 
6ac3f7b04000-6ac3f7c00000 rw-p 00000000 00:00 0 
6ac3f7c00000-6ac3f7c04000 ---p 00000000 00:00 0 
6ac3f7c04000-6ac3f7d00000 rw-p 00000000 00:00 0 
6ac3f7d00000-6ac3f7d04000 ---p 00000000 00:00 0 
6ac3f7d04000-6ac3f7e00000 rw-p 00000000 00:00 0 
6ac3f7e00000-6ac3f7e04000 ---p 00000000 00:00 0 
6ac3f7e04000-6ac3f7f00000 rw-p 00000000 00:00 0 
6ac3f7f00000-6ac3f7f04000 ---p 00000000 00:00 0 
6ac3f7f04000-6ac3f8000000 rw-p 00000000 00:00 0 
6ac3f8000000-6ac3f8021000 rw-p 00000000 00:00 0 
6ac3f8021000-6ac3fc000000 ---p 00000000 00:00 0 
6ac3fc000000-6ac3fc024000 rw-p 00000000 00:00 0 
6ac3fc024000-6ac400000000 ---p 00000000 00:00 0 
6ac400000000-6ac400021000 rw-p 00000000 00:00 0 
6ac400021000-6ac404000000 ---p 00000000 00:00 0 
6ac404000000-6ac404021000 rw-p 00000000 00:00 0 
6ac404021000-6ac408000000 ---p 00000000 00:00 0 
6ac408000000-6ac408021000 rw-p 00000000 00:00 0 
6ac408021000-6ac40c000000 ---p 00000000 00:00 0 
6ac40c000000-6ac40c021000 rw-p 00000000 00:00 0 
6ac40c021000-6ac410000000 ---p 00000000 00:00 0 
6ac410000000-6ac410021000 rw-p 00000000 00:00 0 
6ac410021000-6ac414000000 ---p 00000000 00:00 0 
6ac414000000-6ac41404a000 rw-p 00000000 00:00 0 
6ac41404a000-6ac418000000 ---p 00000000 00:00 0 
6ac418000000-6ac418021000 rw-p 00000000 00:00 0 
6ac418021000-6ac41c000000 ---p 00000000 00:00 0 
6ac41c000000-6ac41c021000 rw-p 00000000 00:00 0 
6ac41c021000-6ac420000000 ---p 00000000 00:00 0 
6ac420000000-6ac420021000 rw-p 00000000 00:00 0 
6ac420021000-6ac424000000 ---p 00000000 00:00 0 
6ac424000000-6ac424029000 rw-p 00000000 00:00 0 
6ac424029000-6ac428000000 ---p 00000000 00:00 0 
6ac428000000-6ac428021000 rw-p 00000000 00:00 0 
6ac428021000-6ac42c000000 ---p 00000000 00:00 0 
6ac42c000000-6ac42c021000 rw-p 00000000 00:00 0 
6ac42c021000-6ac430000000 ---p 00000000 00:00 0 
6ac430000000-6ac430021000 rw-p 00000000 00:00 0 
6ac430021000-6ac434000000 ---p 00000000 00:00 0 
6ac434000000-6ac434029000 rw-p 00000000 00:00 0 
6ac434029000-6ac438000000 ---p 00000000 00:00 0 
6ac438000000-6ac438021000 rw-p 00000000 00:00 0 
6ac438021000-6ac43c000000 ---p 00000000 00:00 0 
6ac43c000000-6ac43c021000 rw-p 00000000 00:00 0 
6ac43c021000-6ac440000000 ---p 00000000 00:00 0 
6ac440000000-6ac440021000 rw-p 00000000 00:00 0 
6ac440021000-6ac444000000 ---p 00000000 00:00 0 
6ac444000000-6ac444021000 rw-p 00000000 00:00 0 
6ac444021000-6ac448000000 ---p 00000000 00:00 0 
6ac448000000-6ac44805a000 rw-p 00000000 00:00 0 
6ac44805a000-6ac44c000000 ---p 00000000 00:00 0 
6ac44c000000-6ac44c033000 rw-p 00000000 00:00 0 
6ac44c033000-6ac450000000 ---p 00000000 00:00 0 
6ac450000000-6ac450023000 rw-p 00000000 00:00 0 
6ac450023000-6ac454000000 ---p 00000000 00:00 0 
6ac454000000-6ac454021000 rw-p 00000000 00:00 0 
6ac454021000-6ac458000000 ---p 00000000 00:00 0 
6ac458000000-6ac4589cc000 rw-p 00000000 00:00 0 
6ac4589cc000-6ac45c000000 ---p 00000000 00:00 0 
6ac45c000000-6ac45c851000 rw-p 00000000 00:00 0 
6ac45c851000-6ac460000000 ---p 00000000 00:00 0 
6ac460000000-6ac460cb5000 rw-p 00000000 00:00 0 
6ac460cb5000-6ac464000000 ---p 00000000 00:00 0 
6ac464000000-6ac4641e8000 rw-p 00000000 00:00 0 
6ac4641e8000-6ac468000000 ---p 00000000 00:00 0 
6ac468000000-6ac468021000 rw-p 00000000 00:00 0 
6ac468021000-6ac46c000000 ---p 00000000 00:00 0 
6ac46c000000-6ac46c021000 rw-p 00000000 00:00 0 
6ac46c021000-6ac470000000 ---p 00000000 00:00 0 
6ac470000000-6ac47030f000 rw-p 00000000 00:00 0 
6ac47030f000-6ac474000000 ---p 00000000 00:00 0 
6ac474000000-6ac474256000 rw-p 00000000 00:00 0 
6ac474256000-6ac478000000 ---p 00000000 00:00 0 
6ac478000000-6ac4787ce000 rw-p 00000000 00:00 0 
6ac4787ce000-6ac47c000000 ---p 00000000 00:00 0 
6ac47c000000-6ac47c34f000 rw-p 00000000 00:00 0 
6ac47c34f000-6ac480000000 ---p 00000000 00:00 0 
6ac480000000-6ac480021000 rw-p 00000000 00:00 0 
6ac480021000-6ac484000000 ---p 00000000 00:00 0 
6ac484000000-6ac484021000 rw-p 00000000 00:00 0 
6ac484021000-6ac488000000 ---p 00000000 00:00 0 
6ac488000000-6ac488032000 rw-p 00000000 00:00 0 
6ac488032000-6ac48c000000 ---p 00000000 00:00 0 
6ac48c000000-6ac48c021000 rw-p 00000000 00:00 0 
6ac48c021000-6ac490000000 ---p 00000000 00:00 0 
6ac490000000-6ac49002a000 rw-p 00000000 00:00 0 
6ac49002a000-6ac494000000 ---p 00000000 00:00 0 
6ac494000000-6ac494021000 rw-p 00000000 00:00 0 
6ac494021000-6ac498000000 ---p 00000000 00:00 0 
6ac498000000-6ac498032000 rw-p 00000000 00:00 0 
6ac498032000-6ac49c000000 ---p 00000000 00:00 0 
6ac49c000000-6ac49c03a000 rw-p 00000000 00:00 0 
6ac49c03a000-6ac4a0000000 ---p 00000000 00:00 0 
6ac4a0000000-6ac4a0022000 rw-p 00000000 00:00 0 
6ac4a0022000-6ac4a4000000 ---p 00000000 00:00 0 
6ac4a4000000-6ac4a4022000 rw-p 00000000 00:00 0 
6ac4a4022000-6ac4a8000000 ---p 00000000 00:00 0 
6ac4a8000000-6ac4a8032000 rw-p 00000000 00:00 0 
6ac4a8032000-6ac4ac000000 ---p 00000000 00:00 0 
6ac4ac000000-6ac4ac0cb000 rw-p 00000000 00:00 0 
6ac4ac0cb000-6ac4b0000000 ---p 00000000 00:00 0 
6ac4b0000000-6ac4b002b000 rw-p 00000000 00:00 0 
6ac4b002b000-6ac4b4000000 ---p 00000000 00:00 0 
6ac4b4000000-6ac4b403b000 rw-p 00000000 00:00 0 
6ac4b403b000-6ac4b8000000 ---p 00000000 00:00 0 
6ac4b8000000-6ac4b8021000 rw-p 00000000 00:00 0 
6ac4b8021000-6ac4bc000000 ---p 00000000 00:00 0 
6ac4bc000000-6ac4bc04a000 rw-p 00000000 00:00 0 
6ac4bc04a000-6ac4c0000000 ---p 00000000 00:00 0 
6ac4c0000000-6ac4c0033000 rw-p 00000000 00:00 0 
6ac4c0033000-6ac4c4000000 ---p 00000000 00:00 0 
6ac4c4000000-6ac4c4042000 rw-p 00000000 00:00 0 
6ac4c4042000-6ac4c8000000 ---p 00000000 00:00 0 
6ac4c8000000-6ac4c802b000 rw-p 00000000 00:00 0 
6ac4c802b000-6ac4cc000000 ---p 00000000 00:00 0 
6ac4cc000000-6ac4cc021000 rw-p 00000000 00:00 0 
6ac4cc021000-6ac4d0000000 ---p 00000000 00:00 0 
6ac4d0000000-6ac4d0032000 rw-p 00000000 00:00 0 
6ac4d0032000-6ac4d4000000 ---p 00000000 00:00 0 
6ac4d4000000-6ac4d4022000 rw-p 00000000 00:00 0 
6ac4d4022000-6ac4d8000000 ---p 00000000 00:00 0 
6ac4d8000000-6ac4d80ed000 rw-p 00000000 00:00 0 
6ac4d80ed000-6ac4dc000000 ---p 00000000 00:00 0 
6ac4dc000000-6ac4dc02b000 rw-p 00000000 00:00 0 
6ac4dc02b000-6ac4e0000000 ---p 00000000 00:00 0 
6ac4e0000000-6ac4e0021000 rw-p 00000000 00:00 0 
6ac4e0021000-6ac4e4000000 ---p 00000000 00:00 0 
6ac4e4000000-6ac4e402b000 rw-p 00000000 00:00 0 
6ac4e402b000-6ac4e8000000 ---p 00000000 00:00 0 
6ac4e8000000-6ac4e8021000 rw-p 00000000 00:00 0 
6ac4e8021000-6ac4ec000000 ---p 00000000 00:00 0 
6ac4ec000000-6ac4ec021000 rw-p 00000000 00:00 0 
6ac4ec021000-6ac4f0000000 ---p 00000000 00:00 0 
6ac4f0000000-6ac4f0021000 rw-p 00000000 00:00 0 
6ac4f0021000-6ac4f4000000 ---p 00000000 00:00 0 
6ac4f4000000-6ac4f4021000 rw-p 00000000 00:00 0 
6ac4f4021000-6ac4f8000000 ---p 00000000 00:00 0 
6ac4f8000000-6ac4f8270000 rw-p 00000000 00:00 0 
6ac4f8270000-6ac4f8400000 ---p 00000000 00:00 0 
6ac4f8400000-6ac4f88b0000 rw-p 00000000 00:00 0 
6ac4f88b0000-6ac4fc000000 ---p 00000000 00:00 0 
6ac4fc000000-6ac4fc021000 rw-p 00000000 00:00 0 
6ac4fc021000-6ac500000000 ---p 00000000 00:00 0 
6ac5000f6000-6ac5000fa000 ---p 00000000 00:00 0 
6ac5000fa000-6ac5001f6000 rw-p 00000000 00:00 0 
6ac5001f6000-6ac5001fa000 ---p 00000000 00:00 0 
6ac5001fa000-6ac5002f6000 rw-p 00000000 00:00 0 
6ac5002f6000-6ac5002fa000 ---p 00000000 00:00 0 
6ac5002fa000-6ac5003f6000 rw-p 00000000 00:00 0 
6ac5003f6000-6ac5003fa000 ---p 00000000 00:00 0 
6ac5003fa000-6ac5004f6000 rw-p 00000000 00:00 0 
6ac5004f6000-6ac5004fa000 ---p 00000000 00:00 0 
6ac5004fa000-6ac5005f6000 rw-p 00000000 00:00 0 
6ac5005f6000-6ac5005fa000 ---p 00000000 00:00 0 
6ac5005fa000-6ac5006f6000 rw-p 00000000 00:00 0 
6ac5006f6000-6ac5006fa000 ---p 00000000 00:00 0 
6ac5006fa000-6ac5007f6000 rw-p 00000000 00:00 0 
6ac5007f6000-6ac5007fa000 ---p 00000000 00:00 0 
6ac5007fa000-6ac5008f6000 rw-p 00000000 00:00 0 
6ac5008f6000-6ac5008fa000 ---p 00000000 00:00 0 
6ac5008fa000-6ac5009f6000 rw-p 00000000 00:00 0 
6ac5009f6000-6ac5009fa000 ---p 00000000 00:00 0 
6ac5009fa000-6ac500af6000 rw-p 00000000 00:00 0 
6ac500af6000-6ac500afa000 ---p 00000000 00:00 0 
6ac500afa000-6ac500bf6000 rw-p 00000000 00:00 0 
6ac500bf6000-6ac500bfa000 ---p 00000000 00:00 0 
6ac500bfa000-6ac500cf6000 rw-p 00000000 00:00 0 
6ac500cf6000-6ac500cfa000 ---p 00000000 00:00 0 
6ac500cfa000-6ac500df6000 rw-p 00000000 00:00 0 
6ac500df6000-6ac500dfa000 ---p 00000000 00:00 0 
6ac500dfa000-6ac500ef6000 rw-p 00000000 00:00 0 
6ac500ef6000-6ac500efa000 ---p 00000000 00:00 0 
6ac500efa000-6ac500ff6000 rw-p 00000000 00:00 0 
6ac500ff6000-6ac500ffa000 ---p 00000000 00:00 0 
6ac500ffa000-6ac5010f6000 rw-p 00000000 00:00 0 
6ac5010f6000-6ac5010fa000 ---p 00000000 00:00 0 
6ac5010fa000-6ac5011f6000 rw-p 00000000 00:00 0 
6ac5011f6000-6ac5011fa000 ---p 00000000 00:00 0 
6ac5011fa000-6ac5012f6000 rw-p 00000000 00:00 0 
6ac5012f6000-6ac5012fa000 ---p 00000000 00:00 0 
6ac5012fa000-6ac5013f6000 rw-p 00000000 00:00 0 
6ac5013f6000-6ac5013fa000 ---p 00000000 00:00 0 
6ac5013fa000-6ac5014f6000 rw-p 00000000 00:00 0 
6ac5014f6000-6ac5014fa000 ---p 00000000 00:00 0 
6ac5014fa000-6ac5015f6000 rw-p 00000000 00:00 0 
6ac5015f6000-6ac5015fa000 ---p 00000000 00:00 0 
6ac5015fa000-6ac5016f6000 rw-p 00000000 00:00 0 
6ac5016f6000-6ac5016fa000 ---p 00000000 00:00 0 
6ac5016fa000-6ac5017f6000 rw-p 00000000 00:00 0 
6ac5017f6000-6ac5017fa000 ---p 00000000 00:00 0 
6ac5017fa000-6ac5018f6000 rw-p 00000000 00:00 0 
6ac5018f6000-6ac5018fa000 ---p 00000000 00:00 0 
6ac5018fa000-6ac5019f6000 rw-p 00000000 00:00 0 
6ac5019f6000-6ac5019fa000 ---p 00000000 00:00 0 
6ac5019fa000-6ac501af6000 rw-p 00000000 00:00 0 
6ac501af6000-6ac501afa000 ---p 00000000 00:00 0 
6ac501afa000-6ac501bf6000 rw-p 00000000 00:00 0 
6ac501bf6000-6ac501bfa000 ---p 00000000 00:00 0 
6ac501bfa000-6ac501cf6000 rw-p 00000000 00:00 0 
6ac501cf6000-6ac501cfa000 ---p 00000000 00:00 0 
6ac501cfa000-6ac501df6000 rw-p 00000000 00:00 0 
6ac501df6000-6ac501dfa000 ---p 00000000 00:00 0 
6ac501dfa000-6ac501ef6000 rw-p 00000000 00:00 0 
6ac501ef6000-6ac501efa000 ---p 00000000 00:00 0 
6ac501efa000-6ac501ff6000 rw-p 00000000 00:00 0 
6ac501ff6000-6ac501ffa000 ---p 00000000 00:00 0 
6ac501ffa000-6ac5020f6000 rw-p 00000000 00:00 0 
6ac5020f6000-6ac5020fa000 ---p 00000000 00:00 0 
6ac5020fa000-6ac5021f6000 rw-p 00000000 00:00 0 
6ac5021f6000-6ac5021fa000 ---p 00000000 00:00 0 
6ac5021fa000-6ac5022f6000 rw-p 00000000 00:00 0 
6ac5022f6000-6ac5022fa000 ---p 00000000 00:00 0 
6ac5022fa000-6ac5023f6000 rw-p 00000000 00:00 0 
6ac5023f6000-6ac5023fa000 ---p 00000000 00:00 0 
6ac5023fa000-6ac5024f6000 rw-p 00000000 00:00 0 
6ac5024f6000-6ac5024fa000 ---p 00000000 00:00 0 
6ac5024fa000-6ac5025f6000 rw-p 00000000 00:00 0 
6ac5025f6000-6ac5025f7000 ---p 00000000 00:00 0 
6ac5025f7000-6ac5026f7000 rw-p 00000000 00:00 0 
6ac5026f7000-6ac5026f8000 ---p 00000000 00:00 0 
6ac5026f8000-6ac5027f8000 rw-p 00000000 00:00 0 
6ac5027f8000-6ac5027f9000 ---p 00000000 00:00 0 
6ac5027f9000-6ac5028f9000 rw-p 00000000 00:00 0 
6ac5028f9000-6ac5028fa000 ---p 00000000 00:00 0 
6ac5028fa000-6ac5029fa000 rw-p 00000000 00:00 0 
6ac5029fa000-6ac5029fb000 ---p 00000000 00:00 0 
6ac5029fb000-6ac502afb000 rw-p 00000000 00:00 0 
6ac502afb000-6ac502afc000 ---p 00000000 00:00 0 
6ac502afc000-6ac502bfc000 rw-p 00000000 00:00 0 
6ac502bfc000-6ac502bfd000 ---p 00000000 00:00 0 
6ac502bfd000-6ac502cfd000 rw-p 00000000 00:00 0 
6ac502cfd000-6ac502cfe000 ---p 00000000 00:00 0 
6ac502cfe000-6ac502dfe000 rw-p 00000000 00:00 0 
6ac502dfe000-6ac502dff000 ---p 00000000 00:00 0 
6ac502dff000-6ac502eff000 rw-p 00000000 00:00 0 
6ac502eff000-6ac502f00000 ---p 00000000 00:00 0 
6ac502f00000-6ac503000000 rw-p 00000000 00:00 0 
6ac503000000-6ac503ca3000 rw-p 00001000 fc:00 49677042                   /mydata/openjdk-mmtk/build/b0test/images/jdk/lib/server/classes.jsa
6ac503ca3000-6ac504000000 ---p 00000000 00:00 0 
6ac504000000-6ac504040000 rw-p 00000000 00:00 0 
6ac504040000-6ac504110000 rw-p 00000000 00:00 0 
6ac504110000-6ac544000000 ---p 00000000 00:00 0 
6ac544000000-6ac544021000 rw-p 00000000 00:00 0 
6ac544021000-6ac548000000 ---p 00000000 00:00 0 
6ac5480f3000-6ac5480f4000 ---p 00000000 00:00 0 
6ac5480f4000-6ac5481f4000 rw-p 00000000 00:00 0 
6ac5481f4000-6ac5481f5000 ---p 00000000 00:00 0 
6ac5481f5000-6ac5482f5000 rw-p 00000000 00:00 0 
6ac5482f5000-6ac5482f6000 ---p 00000000 00:00 0 
6ac5482f6000-6ac5483f6000 rw-p 00000000 00:00 0 
6ac5483f6000-6ac5483f7000 ---p 00000000 00:00 0 
6ac5483f7000-6ac5484f7000 rw-p 00000000 00:00 0 
6ac5484f7000-6ac5484f8000 ---p 00000000 00:00 0 
6ac5484f8000-6ac5485f8000 rw-p 00000000 00:00 0 
6ac5485f8000-6ac5485f9000 ---p 00000000 00:00 0 
6ac5485f9000-6ac5486f9000 rw-p 00000000 00:00 0 
6ac5486f9000-6ac5486fa000 ---p 00000000 00:00 0 
6ac5486fa000-6ac5487fa000 rw-p 00000000 00:00 0 
6ac5487fa000-6ac5487fb000 ---p 00000000 00:00 0 
6ac5487fb000-6ac5488fb000 rw-p 00000000 00:00 0 
6ac5488fb000-6ac5488fc000 ---p 00000000 00:00 0 
6ac5488fc000-6ac5489fc000 rw-p 00000000 00:00 0 
6ac5489fc000-6ac5489fd000 ---p 00000000 00:00 0 
6ac5489fd000-6ac548afd000 rw-p 00000000 00:00 0 
6ac548afd000-6ac548afe000 ---p 00000000 00:00 0 
6ac548afe000-6ac548bfe000 rw-p 00000000 00:00 0 
6ac548bfe000-6ac548bff000 ---p 00000000 00:00 0 
6ac548bff000-6ac548cff000 rw-p 00000000 00:00 0 
6ac548cff000-6ac548d00000 ---p 00000000 00:00 0 
6ac548d00000-6ac548e00000 rw-p 00000000 00:00 0 
6ac548e00000-6ac5490eb000 r--p 00000000 08:03 1410552                    /usr/lib/locale/locale-archive
6ac549100000-6ac549104000 ---p 00000000 00:00 0 
6ac549104000-6ac549200000 rw-p 00000000 00:00 0 
6ac549200000-6ac54c200000 rw-p 00000000 00:00 0 
6ac54c2fc000-6ac54c300000 ---p 00000000 00:00 0 
6ac54c300000-6ac54c3fc000 rw-p 00000000 00:00 0 
6ac54c3fc000-6ac57c400000 rw-p 00000000 00:00 0 
6ac57c400000-6ac57d400000 ---p 00000000 00:00 0                          [anon:mmtk:sidemeta:all:all-quarantined]
6ac57d400000-6ac57d800000 rw-p 00000000 00:00 0                          [anon:mmtk:sidemeta:immix:VO_BIT]
6ac57d800000-6ac57dc00000 rw-p 00000000 00:00 0                          [anon:mmtk:sidemeta:los:VO_BIT]
6ac57dc00000-6cc57e400000 ---p 00000000 00:00 0                          [anon:mmtk:sidemeta:all:all-quarantined]
6cc57e400000-6cc57e800000 rw-p 00000000 00:00 0                          [anon:mmtk:sidemeta:immix:CHUNK_MARK]
6cc57e800000-6cc581400000 ---p 00000000 00:00 0                          [anon:mmtk:sidemeta:all:all-quarantined]
6cc581400000-6cc581800000 rw-p 00000000 00:00 0                          [anon:mmtk:sidemeta:immix:VMGlobalLogBitSpec]
6cc581800000-6cc581c00000 rw-p 00000000 00:00 0                          [anon:mmtk:sidemeta:los:VMGlobalLogBitSpec]
6cc581c00000-6ecd80800000 ---p 00000000 00:00 0                          [anon:mmtk:sidemeta:all:all-quarantined]
6ecd80800000-6ecd80c00000 rw-p 00000000 00:00 0                          [anon:mmtk:sidemeta:immix:IX_LINE_MARK]
6ecd80c00000-6f4d80400000 ---p 00000000 00:00 0                          [anon:mmtk:sidemeta:all:all-quarantined]
6f4d80400000-6f4d80800000 rw-p 00000000 00:00 0                          [anon:mmtk:sidemeta:immix:IX_BLOCK_DEFRAG]
6f4d80800000-6f4e80400000 ---p 00000000 00:00 0                          [anon:mmtk:sidemeta:all:all-quarantined]
6f4e80400000-6f4e80800000 rw-p 00000000 00:00 0                          [anon:mmtk:sidemeta:immix:IX_BLOCK_MARK]
6f4e80800000-757000400000 ---p 00000000 00:00 0                          [anon:mmtk:sidemeta:all:all-quarantined]
757000400000-757000800000 rw-p 00000000 00:00 0                          [anon:mmtk:sidemeta:los:VMLocalLOSMarkNurserySpec]
757000800000-757201400000 ---p 00000000 00:00 0                          [anon:mmtk:sidemeta:all:all-quarantined]
757201400000-757201800000 rw-p 00000000 00:00 0                          [anon:mmtk:sidemeta:immix:VMLocalMarkBitSpec]
757201800000-777200400000 ---p 00000000 00:00 0                          [anon:mmtk:sidemeta:all:all-quarantined]
77720042c000-777200431000 r--p 00000000 fc:00 49676417                   /mydata/openjdk-mmtk/build/b0test/images/jdk/lib/libjsvml.so
777200431000-777200472000 r-xp 00005000 fc:00 49676417                   /mydata/openjdk-mmtk/build/b0test/images/jdk/lib/libjsvml.so
777200472000-7772004fb000 r--p 00046000 fc:00 49676417                   /mydata/openjdk-mmtk/build/b0test/images/jdk/lib/libjsvml.so
7772004fb000-7772004fc000 r--p 000ce000 fc:00 49676417                   /mydata/openjdk-mmtk/build/b0test/images/jdk/lib/libjsvml.so
7772004fc000-7772004fd000 rw-p 000cf000 fc:00 49676417                   /mydata/openjdk-mmtk/build/b0test/images/jdk/lib/libjsvml.so
7772004fd000-777200501000 ---p 00000000 00:00 0 
777200501000-7772005fd000 rw-p 00000000 00:00 0 
7772005fd000-7772005fe000 ---p 00000000 00:00 0 
7772005fe000-7772006fe000 rw-p 00000000 00:00 0 
7772006fe000-7772006ff000 ---p 00000000 00:00 0 
7772006ff000-7772007ff000 rw-p 00000000 00:00 0 
7772007ff000-777220800000 rw-p 00000000 00:00 0 
777220800000-777220e30000 rwxp 00000000 00:00 0 
777220e30000-777227c17000 ---p 00000000 00:00 0 
777227c17000-777227fb7000 rwxp 00000000 00:00 0 
777227fb7000-7772283e8000 ---p 00000000 00:00 0 
7772283e8000-777228658000 rwxp 00000000 00:00 0 
777228658000-77722f800000 ---p 00000000 00:00 0 
77722f800000-777237fa0000 r--s 00000000 fc:00 49676297                   /mydata/openjdk-mmtk/build/b0test/images/jdk/lib/modules
777238000000-7772387f6000 rw-p 00000000 00:00 0 
7772387f6000-77723c000000 ---p 00000000 00:00 0 
77723c02d000-77723c034000 r--s 00000000 08:03 1436340                    /usr/lib/x86_64-linux-gnu/gconv/gconv-modules.cache
77723c034000-77723c038000 r--p 00000000 fc:00 49676364                   /mydata/openjdk-mmtk/build/b0test/images/jdk/lib/libverify.so
77723c038000-77723c03f000 r-xp 00004000 fc:00 49676364                   /mydata/openjdk-mmtk/build/b0test/images/jdk/lib/libverify.so
77723c03f000-77723c041000 r--p 0000b000 fc:00 49676364                   /mydata/openjdk-mmtk/build/b0test/images/jdk/lib/libverify.so
77723c041000-77723c043000 r--p 0000c000 fc:00 49676364                   /mydata/openjdk-mmtk/build/b0test/images/jdk/lib/libverify.so
77723c043000-77723c044000 rw-p 0000e000 fc:00 49676364                   /mydata/openjdk-mmtk/build/b0test/images/jdk/lib/libverify.so
77723c044000-77723c045000 ---p 00000000 00:00 0 
77723c045000-77723c145000 rw-p 00000000 00:00 0 
77723c145000-77723c746000 rw-p 00000000 00:00 0 
77723c746000-77723c74a000 r--p 00000000 08:03 1410107                    /usr/lib/x86_64-linux-gnu/libzstd.so.1.5.5
77723c74a000-77723c7f1000 r-xp 00004000 08:03 1410107                    /usr/lib/x86_64-linux-gnu/libzstd.so.1.5.5
77723c7f1000-77723c7fe000 r--p 000ab000 08:03 1410107                    /usr/lib/x86_64-linux-gnu/libzstd.so.1.5.5
77723c7fe000-77723c7ff000 r--p 000b7000 08:03 1410107                    /usr/lib/x86_64-linux-gnu/libzstd.so.1.5.5
77723c7ff000-77723c800000 rw-p 000b8000 08:03 1410107                    /usr/lib/x86_64-linux-gnu/libzstd.so.1.5.5
77723c800000-77723c80c000 r--p 00000000 fc:00 13107796                   /mydata/gc-bpf-fault/shim/libgcbpf.so
77723c80c000-77723c86e000 r-xp 0000c000 fc:00 13107796                   /mydata/gc-bpf-fault/shim/libgcbpf.so
77723c86e000-77723cade000 r--p 0006e000 fc:00 13107796                   /mydata/gc-bpf-fault/shim/libgcbpf.so
77723cade000-77723cae0000 r--p 002de000 fc:00 13107796                   /mydata/gc-bpf-fault/shim/libgcbpf.so
77723cae0000-77723cae1000 rw-p 002e0000 fc:00 13107796                   /mydata/gc-bpf-fault/shim/libgcbpf.so
77723cae1000-77723cae2000 rw-p 00000000 00:00 0 
77723cae2000-77723cae9000 r--p 00000000 fc:00 49676362                   /mydata/openjdk-mmtk/build/b0test/images/jdk/lib/libnio.so
77723cae9000-77723caf2000 r-xp 00007000 fc:00 49676362                   /mydata/openjdk-mmtk/build/b0test/images/jdk/lib/libnio.so
77723caf2000-77723caf6000 r--p 00010000 fc:00 49676362                   /mydata/openjdk-mmtk/build/b0test/images/jdk/lib/libnio.so
77723caf6000-77723caf7000 r--p 00014000 fc:00 49676362                   /mydata/openjdk-mmtk/build/b0test/images/jdk/lib/libnio.so
77723caf7000-77723caf8000 rw-p 00015000 fc:00 49676362                   /mydata/openjdk-mmtk/build/b0test/images/jdk/lib/libnio.so
77723caf8000-77723cafb000 r--p 00000000 08:03 1410420                    /usr/lib/x86_64-linux-gnu/libelf-0.190.so
77723cafb000-77723cb11000 r-xp 00003000 08:03 1410420                    /usr/lib/x86_64-linux-gnu/libelf-0.190.so
77723cb11000-77723cb15000 r--p 00019000 08:03 1410420                    /usr/lib/x86_64-linux-gnu/libelf-0.190.so
77723cb15000-77723cb16000 r--p 0001c000 08:03 1410420                    /usr/lib/x86_64-linux-gnu/libelf-0.190.so
77723cb16000-77723cb17000 rw-p 0001d000 08:03 1410420                    /usr/lib/x86_64-linux-gnu/libelf-0.190.so
77723cb17000-77723cb1c000 rw-p 00000000 00:00 0 
77723cb1c000-77723cc00000 ---p 00000000 00:00 0 
77723cc00000-77723cd47000 r--p 00000000 fc:00 49676374                   /mydata/openjdk-mmtk/build/b0test/images/jdk/lib/server/libmmtk_openjdk.so
77723cd47000-77723cfc7000 r-xp 00146000 fc:00 49676374                   /mydata/openjdk-mmtk/build/b0test/images/jdk/lib/server/libmmtk_openjdk.so
77723cfc7000-77723d008000 r--p 003c5000 fc:00 49676374                   /mydata/openjdk-mmtk/build/b0test/images/jdk/lib/server/libmmtk_openjdk.so
77723d008000-77723d00a000 rw-p 00405000 fc:00 49676374                   /mydata/openjdk-mmtk/build/b0test/images/jdk/lib/server/libmmtk_openjdk.so
77723d00a000-77723d00c000 rw-p 00000000 00:00 0 
77723d00c000-77723d00e000 r--p 00000000 fc:00 49676365                   /mydata/openjdk-mmtk/build/b0test/images/jdk/lib/libzip.so
77723d00e000-77723d013000 r-xp 00002000 fc:00 49676365                   /mydata/openjdk-mmtk/build/b0test/images/jdk/lib/libzip.so
77723d013000-77723d015000 r--p 00007000 fc:00 49676365                   /mydata/openjdk-mmtk/build/b0test/images/jdk/lib/libzip.so
77723d015000-77723d016000 r--p 00008000 fc:00 49676365                   /mydata/openjdk-mmtk/build/b0test/images/jdk/lib/libzip.so
77723d016000-77723d017000 rw-p 00009000 fc:00 49676365                   /mydata/openjdk-mmtk/build/b0test/images/jdk/lib/libzip.so
77723d017000-77723d024000 rw-p 00000000 00:00 0 
77723d024000-77723d100000 ---p 00000000 00:00 0 
77723d100000-77723d104000 ---p 00000000 00:00 0 
77723d104000-77723d200000 rw-p 00000000 00:00 0 
77723d200000-77723d4a9000 r--p 00000000 fc:00 49676373                   /mydata/openjdk-mmtk/build/b0test/images/jdk/lib/server/libjvm.so
77723d4a9000-77723e33c000 r-xp 002a9000 fc:00 49676373                   /mydata/openjdk-mmtk/build/b0test/images/jdk/lib/server/libjvm.so
77723e33c000-77723e620000 r--p 0113c000 fc:00 49676373                   /mydata/openjdk-mmtk/build/b0test/images/jdk/lib/server/libjvm.so
77723e620000-77723e6f6000 r--p 0141f000 fc:00 49676373                   /mydata/openjdk-mmtk/build/b0test/images/jdk/lib/server/libjvm.so
77723e6f6000-77723e726000 rw-p 014f5000 fc:00 49676373                   /mydata/openjdk-mmtk/build/b0test/images/jdk/lib/server/libjvm.so
77723e726000-77723e78c000 rw-p 00000000 00:00 0 
77723e78f000-77723e792000 r--p 00000000 fc:00 49676361                   /mydata/openjdk-mmtk/build/b0test/images/jdk/lib/libnet.so
77723e792000-77723e79a000 r-xp 00003000 fc:00 49676361                   /mydata/openjdk-mmtk/build/b0test/images/jdk/lib/libnet.so
77723e79a000-77723e79c000 r--p 0000b000 fc:00 49676361                   /mydata/openjdk-mmtk/build/b0test/images/jdk/lib/libnet.so
77723e79c000-77723e79d000 r--p 0000c000 fc:00 49676361                   /mydata/openjdk-mmtk/build/b0test/images/jdk/lib/libnet.so
77723e79d000-77723e79e000 rw-p 0000d000 fc:00 49676361                   /mydata/openjdk-mmtk/build/b0test/images/jdk/lib/libnet.so
77723e79e000-77723e7a6000 rw-p 00000000 00:00 0 
77723e7a6000-77723e7ae000 ---p 00000000 00:00 0 
77723e7ae000-77723e7bb000 r--p 00000000 fc:00 49676354                   /mydata/openjdk-mmtk/build/b0test/images/jdk/lib/libjava.so
77723e7bb000-77723e7ca000 r-xp 0000d000 fc:00 49676354                   /mydata/openjdk-mmtk/build/b0test/images/jdk/lib/libjava.so
77723e7ca000-77723e7cf000 r--p 0001c000 fc:00 49676354                   /mydata/openjdk-mmtk/build/b0test/images/jdk/lib/libjava.so
77723e7cf000-77723e7d0000 r--p 00021000 fc:00 49676354                   /mydata/openjdk-mmtk/build/b0test/images/jdk/lib/libjava.so
77723e7d0000-77723e7d1000 rw-p 00022000 fc:00 49676354                   /mydata/openjdk-mmtk/build/b0test/images/jdk/lib/libjava.so
77723e7d1000-77723e7d2000 rw-p 00000000 00:00 0 
77723e7d2000-77723e7d6000 r--p 00000000 08:03 1410148                    /usr/lib/x86_64-linux-gnu/libgcc_s.so.1
77723e7d6000-77723e7fa000 r-xp 00004000 08:03 1410148                    /usr/lib/x86_64-linux-gnu/libgcc_s.so.1
77723e7fa000-77723e7fe000 r--p 00028000 08:03 1410148                    /usr/lib/x86_64-linux-gnu/libgcc_s.so.1
77723e7fe000-77723e7ff000 r--p 0002b000 08:03 1410148                    /usr/lib/x86_64-linux-gnu/libgcc_s.so.1
77723e7ff000-77723e800000 rw-p 0002c000 08:03 1410148                    /usr/lib/x86_64-linux-gnu/libgcc_s.so.1
77723e800000-77723e828000 r--p 00000000 08:03 1410238                    /usr/lib/x86_64-linux-gnu/libc.so.6
77723e828000-77723e9b0000 r-xp 00028000 08:03 1410238                    /usr/lib/x86_64-linux-gnu/libc.so.6
77723e9b0000-77723e9ff000 r--p 001b0000 08:03 1410238                    /usr/lib/x86_64-linux-gnu/libc.so.6
77723e9ff000-77723ea03000 r--p 001fe000 08:03 1410238                    /usr/lib/x86_64-linux-gnu/libc.so.6
77723ea03000-77723ea05000 rw-p 00202000 08:03 1410238                    /usr/lib/x86_64-linux-gnu/libc.so.6
77723ea05000-77723ea12000 rw-p 00000000 00:00 0 
77723ea14000-77723ea1c000 rw-s 00000000 08:03 237599                     /tmp/hsperfdata_root/377961
77723ea1c000-77723ea20000 r--p 00000000 fc:00 49676355                   /mydata/openjdk-mmtk/build/b0test/images/jdk/lib/libjimage.so
77723ea20000-77723ea37000 r-xp 00004000 fc:00 49676355                   /mydata/openjdk-mmtk/build/b0test/images/jdk/lib/libjimage.so
77723ea37000-77723ea3c000 r--p 0001b000 fc:00 49676355                   /mydata/openjdk-mmtk/build/b0test/images/jdk/lib/libjimage.so
77723ea3c000-77723ea3e000 r--p 00020000 fc:00 49676355                   /mydata/openjdk-mmtk/build/b0test/images/jdk/lib/libjimage.so
77723ea3e000-77723ea3f000 rw-p 00022000 fc:00 49676355                   /mydata/openjdk-mmtk/build/b0test/images/jdk/lib/libjimage.so
77723ea3f000-77723ea4f000 r--p 00000000 08:03 1411099                    /usr/lib/x86_64-linux-gnu/libm.so.6
77723ea4f000-77723eace000 r-xp 00010000 08:03 1411099                    /usr/lib/x86_64-linux-gnu/libm.so.6
77723eace000-77723eb26000 r--p 0008f000 08:03 1411099                    /usr/lib/x86_64-linux-gnu/libm.so.6
77723eb26000-77723eb27000 r--p 000e7000 08:03 1411099                    /usr/lib/x86_64-linux-gnu/libm.so.6
77723eb27000-77723eb28000 rw-p 000e8000 08:03 1411099                    /usr/lib/x86_64-linux-gnu/libm.so.6
77723eb28000-77723eb2a000 rw-p 00000000 00:00 0 
77723eb2a000-77723eb2c000 r--p 00000000 08:03 1409104                    /usr/lib/x86_64-linux-gnu/libz.so.1.3
77723eb2c000-77723eb3e000 r-xp 00002000 08:03 1409104                    /usr/lib/x86_64-linux-gnu/libz.so.1.3
77723eb3e000-77723eb44000 r--p 00014000 08:03 1409104                    /usr/lib/x86_64-linux-gnu/libz.so.1.3
77723eb44000-77723eb45000 r--p 0001a000 08:03 1409104                    /usr/lib/x86_64-linux-gnu/libz.so.1.3
77723eb45000-77723eb46000 rw-p 0001b000 08:03 1409104                    /usr/lib/x86_64-linux-gnu/libz.so.1.3
77723eb4b000-77723eb4c000 rw-s 00000000 00:10 68                         anon_inode:bpf-map
77723eb4c000-77723eb4d000 r--s 00000000 00:10 68                         anon_inode:bpf-map
77723eb4d000-77723eb4e000 ---p 00000000 00:00 0 
77723eb4e000-77723eb4f000 r--p 00000000 00:00 0 
77723eb4f000-77723eb50000 ---p 00000000 00:00 0 
77723eb50000-77723eb52000 r--p 00000000 fc:00 49676357                   /mydata/openjdk-mmtk/build/b0test/images/jdk/lib/libjli.so
77723eb52000-77723eb5c000 r-xp 00002000 fc:00 49676357                   /mydata/openjdk-mmtk/build/b0test/images/jdk/lib/libjli.so
77723eb5c000-77723eb5f000 r--p 0000c000 fc:00 49676357                   /mydata/openjdk-mmtk/build/b0test/images/jdk/lib/libjli.so
77723eb5f000-77723eb60000 r--p 0000f000 fc:00 49676357                   /mydata/openjdk-mmtk/build/b0test/images/jdk/lib/libjli.so
77723eb60000-77723eb61000 rw-p 00010000 fc:00 49676357                   /mydata/openjdk-mmtk/build/b0test/images/jdk/lib/libjli.so
77723eb61000-77723eb63000 rw-p 00000000 00:00 0 
77723eb63000-77723eb67000 r--p 00000000 00:00 0                          [vvar]
77723eb67000-77723eb69000 r--p 00000000 00:00 0                          [vvar_vclock]
77723eb69000-77723eb6b000 r-xp 00000000 00:00 0                          [vdso]
77723eb6b000-77723eb6c000 r--p 00000000 08:03 1409763                    /usr/lib/x86_64-linux-gnu/ld-linux-x86-64.so.2
77723eb6c000-77723eb97000 r-xp 00001000 08:03 1409763                    /usr/lib/x86_64-linux-gnu/ld-linux-x86-64.so.2
77723eb97000-77723eba1000 r--p 0002c000 08:03 1409763                    /usr/lib/x86_64-linux-gnu/ld-linux-x86-64.so.2
77723eba1000-77723eba3000 r--p 00036000 08:03 1409763                    /usr/lib/x86_64-linux-gnu/ld-linux-x86-64.so.2
77723eba3000-77723eba5000 rw-p 00038000 08:03 1409763                    /usr/lib/x86_64-linux-gnu/ld-linux-x86-64.so.2
7fffbe959000-7fffbe97a000 rw-p 00000000 00:00 0                          [stack]
ffffffffff600000-ffffffffff601000 --xp 00000000 00:00 0                  [vsyscall]
Total number of mappings: 540

JVMTI agents: none


VM Arguments:
jvm_args: -XX:+UseThirdPartyHeap -Xms512m -Xmx512m 
java_command: /mydata/dacapo/dacapo-23.11/dacapo-23.11-MR2-chopin.jar xalan -n 3
java_class_path (initial): /mydata/dacapo/dacapo-23.11/dacapo-23.11-MR2-chopin.jar
Launcher Type: SUN_STANDARD

[Global flags]
     intx CICompilerCount                          = 15                                        {product} {ergonomic}
   size_t InitialHeapSize                          = 536870912                                 {product} {command line}
   size_t MaxHeapSize                              = 536870912                                 {product} {command line}
   size_t MinHeapDeltaBytes                        = 524288                                    {product} {ergonomic}
   size_t MinHeapSize                              = 536870912                                 {product} {command line}
    uintx NonNMethodCodeHeapSize                   = 8192380                                {pd product} {ergonomic}
    uintx NonProfiledCodeHeapSize                  = 121732930                              {pd product} {ergonomic}
    uintx ProfiledCodeHeapSize                     = 121732930                              {pd product} {ergonomic}
    uintx ReservedCodeCacheSize                    = 251658240                              {pd product} {ergonomic}
     bool SegmentedCodeCache                       = true                                      {product} {ergonomic}
   size_t SoftMaxHeapSize                          = 536870912                              {manageable} {ergonomic}
     bool UseCompressedOops                        = true                           {product lp64_product} {ergonomic}

Logging:
Log output configuration:
 #0: stdout all=warning uptime,level,tags foldmultilines=false
 #1: stderr all=off uptime,level,tags foldmultilines=false

Release file:
IMPLEMENTOR="N/A"
JAVA_RUNTIME_VERSION="21.0.9-internal-adhoc.talzuss.openjdk-mmtk"
JAVA_VERSION="21.0.9"
JAVA_VERSION_DATE="2025-10-21"
LIBC="gnu"
MODULES="java.base java.compiler java.datatransfer java.xml java.prefs java.desktop java.instrument java.logging java.management java.security.sasl java.naming java.rmi java.management.rmi java.net.http java.scripting java.security.jgss java.transaction.xa java.sql java.sql.rowset java.xml.crypto java.se java.smartcardio jdk.accessibility jdk.internal.jvmstat jdk.attach jdk.charsets jdk.internal.opt jdk.zipfs jdk.compiler jdk.crypto.ec jdk.crypto.cryptoki jdk.dynalink jdk.internal.ed jdk.editpad jdk.hotspot.agent jdk.httpserver jdk.incubator.vector jdk.internal.le jdk.internal.vm.ci jdk.internal.vm.compiler jdk.internal.vm.compiler.management jdk.jartool jdk.javadoc jdk.jcmd jdk.management jdk.management.agent jdk.jconsole jdk.jdeps jdk.jdwp.agent jdk.jdi jdk.jfr jdk.jlink jdk.jpackage jdk.jshell jdk.jsobject jdk.jstatd jdk.localedata jdk.management.jfr jdk.naming.dns jdk.naming.rmi jdk.net jdk.nio.mapmode jdk.random jdk.sctp jdk.security.auth jdk.security.jgss jdk.unsupported jdk.unsupported.desktop jdk.xml.dom"
OS_ARCH="x86_64"
OS_NAME="Linux"
SOURCE=".:git:b557520f04b3+"

Environment Variables:
PATH=/usr/local/sbin:/usr/local/bin:/usr/sbin:/usr/bin:/sbin:/bin:/snap/bin
SHELL=/bin/bash
LANG=en_US.UTF-8
TERM=tmux-256color

Active Locale:
LC_ALL=en_US.UTF-8
LC_COLLATE=en_US.UTF-8
LC_CTYPE=en_US.UTF-8
LC_MESSAGES=en_US.UTF-8
LC_MONETARY=en_US.UTF-8
LC_NUMERIC=en_US.UTF-8
LC_TIME=en_US.UTF-8

Signal Handlers:
   SIGSEGV: crash_handler in libjvm.so, mask=11100100010111111101111111111110, flags=SA_RESTART|SA_SIGINFO, unblocked
    SIGBUS: crash_handler in libjvm.so, mask=11100100010111111101111111111110, flags=SA_RESTART|SA_SIGINFO, unblocked
    SIGFPE: crash_handler in libjvm.so, mask=11100100010111111101111111111110, flags=SA_RESTART|SA_SIGINFO, unblocked
   SIGPIPE: javaSignalHandler in libjvm.so, mask=11100100010111111101111111111110, flags=SA_RESTART|SA_SIGINFO, blocked
   SIGXFSZ: javaSignalHandler in libjvm.so, mask=11100100010111111101111111111110, flags=SA_RESTART|SA_SIGINFO, blocked
    SIGILL: crash_handler in libjvm.so, mask=11100100010111111101111111111110, flags=SA_RESTART|SA_SIGINFO, unblocked
   SIGUSR2: SR_handler in libjvm.so, mask=00000000000000000000000000000000, flags=SA_RESTART|SA_SIGINFO, blocked
    SIGHUP: UserHandler in libjvm.so, mask=11100100010111111101111111111110, flags=SA_RESTART|SA_SIGINFO, blocked
    SIGINT: UserHandler in libjvm.so, mask=11100100010111111101111111111110, flags=SA_RESTART|SA_SIGINFO, blocked
   SIGTERM: UserHandler in libjvm.so, mask=11100100010111111101111111111110, flags=SA_RESTART|SA_SIGINFO, blocked
   SIGQUIT: UserHandler in libjvm.so, mask=11100100010111111101111111111110, flags=SA_RESTART|SA_SIGINFO, blocked
   SIGTRAP: crash_handler in libjvm.so, mask=11100100010111111101111111111110, flags=SA_RESTART|SA_SIGINFO, unblocked


Periodic native trim disabled

---------------  S Y S T E M  ---------------

OS:
DISTRIB_ID=Ubuntu
DISTRIB_RELEASE=24.04
DISTRIB_CODENAME=noble
DISTRIB_DESCRIPTION="Ubuntu 24.04.4 LTS"
uname: Linux 6.17.0-bpf-fault+ #1 SMP PREEMPT_DYNAMIC Mon Jul  6 16:43:12 MDT 2026 x86_64
OS uptime: 0 days 23:54 hours
libc: glibc 2.39 NPTL 2.39 
rlimit (soft/hard): STACK 8192k/infinity , CORE 0k/0k , NPROC 513205/513205 , NOFILE 1048576/1048576 , AS infinity/infinity , CPU infinity/infinity , DATA infinity/infinity , FSIZE infinity/infinity , MEMLOCK 16436528k/16436528k
load average: 1.16 1.13 1.27

/proc/meminfo:
MemTotal:       131492232 kB
MemFree:        73461432 kB
MemAvailable:   116133644 kB
Buffers:          535920 kB
Cached:         41519444 kB
SwapCached:            0 kB
Active:          3672124 kB
Inactive:       41234644 kB
Active(anon):    2867852 kB
Inactive(anon):        0 kB
Active(file):     804272 kB
Inactive(file): 41234644 kB
Unevictable:       41912 kB
Mlocked:           38840 kB
SwapTotal:       8388604 kB
SwapFree:        8388604 kB
Zswap:                 0 kB
Zswapped:              0 kB
Dirty:           1254636 kB
Writeback:             0 kB
AnonPages:       2894844 kB
Mapped:          9734152 kB
Shmem:              5316 kB
KReclaimable:    1884980 kB
Slab:            2411076 kB
SReclaimable:    1884980 kB
SUnreclaim:       526096 kB
KernelStack:       12176 kB
PageTables:        57868 kB
SecPageTables:      8956 kB
NFS_Unstable:          0 kB
Bounce:                0 kB
WritebackTmp:          0 kB
CommitLimit:    74134720 kB
Committed_AS:   163380820 kB
VmallocTotal:   34359738367 kB
VmallocUsed:       38116 kB
VmallocChunk:          0 kB
Percpu:            51072 kB
HardwareCorrupted:     0 kB
AnonHugePages:         0 kB
ShmemHugePages:        0 kB
ShmemPmdMapped:        0 kB
FileHugePages:   2168832 kB
FilePmdMapped:         0 kB
Unaccepted:            0 kB
Balloon:               0 kB
HugePages_Total:       0
HugePages_Free:        0
HugePages_Rsvd:        0
HugePages_Surp:        0
Hugepagesize:       2048 kB
Hugetlb:               0 kB
DirectMap4k:      828224 kB
DirectMap2M:    24973312 kB
DirectMap1G:    108003328 kB

/sys/kernel/mm/transparent_hugepage/enabled: always [madvise] never
/sys/kernel/mm/transparent_hugepage/hpage_pmd_size: 2097152
/sys/kernel/mm/transparent_hugepage/defrag (defrag/compaction efforts parameter): always defer defer+madvise [madvise] never

Process Memory:
Virtual Size: 13620282104K (peak: 13620282104K)
Resident Set Size: 4176336K (peak: 4176336K) (anon: 1003160K, file: 3173176K, shmem: 0K)
Swapped out: 0K
C-Heap outstanding allocations: 1405699K, retained: 37604K
glibc malloc tunables: (default)

/proc/sys/kernel/threads-max (system-wide limit on the number of threads): 1026411
/proc/sys/vm/max_map_count (maximum number of memory map areas a process may have): 1048576
/proc/sys/vm/swappiness (control to define how aggressively the kernel swaps out anonymous memory): 60
/proc/sys/kernel/pid_max (system-wide limit on number of process identifiers): 4194304

container information not found.
Steal ticks since vm start: 0
Steal ticks percentage since vm start:  0.000

CPU: total 32 (initial active 32) (32 cores per cpu, 2 threads per core) family 23 model 49 stepping 0 microcode 0x830107c, cx8, cmov, fxsr, ht, mmx, 3dnowpref, sse, sse2, sse3, ssse3, sse4a, sse4.1, sse4.2, popcnt, lzcnt, tsc, tscinvbit, avx, avx2, aes, clmul, bmi1, bmi2, adx, sha, fma, vzeroupper, clflush, clflushopt, rdtscp, rdpid, f16c
CPU Model and flags from /proc/cpuinfo:
model name	: AMD EPYC 7302P 16-Core Processor
flags		: fpu vme de pse tsc msr pae mce cx8 apic sep mtrr pge mca cmov pat pse36 clflush mmx fxsr sse sse2 ht syscall nx mmxext fxsr_opt pdpe1gb rdtscp lm constant_tsc rep_good nopl xtopology nonstop_tsc cpuid extd_apicid aperfmperf rapl pni pclmulqdq monitor ssse3 fma cx16 sse4_1 sse4_2 movbe popcnt aes xsave avx f16c rdrand lahf_lm cmp_legacy svm extapic cr8_legacy abm sse4a misalignsse 3dnowprefetch osvw ibs skinit wdt tce topoext perfctr_core perfctr_nb bpext perfctr_llc mwaitx cpb cat_l3 cdp_l3 hw_pstate ssbd mba ibrs ibpb stibp vmmcall fsgsbase bmi1 avx2 smep bmi2 cqm rdt_a rdseed adx smap clflushopt clwb sha_ni xsaveopt xsavec xgetbv1 xsaves cqm_llc cqm_occup_llc cqm_mbm_total cqm_mbm_local clzero irperf xsaveerptr rdpru wbnoinvd amd_ppin arat npt lbrv svm_lock nrip_save tsc_scale vmcb_clean flushbyasid decodeassists pausefilter pfthreshold avic v_vmsave_vmload vgif v_spec_ctrl umip rdpid overflow_recov succor smca sev sev_es

Online cpus: 0-31
Offline cpus: 
BIOS frequency limitation: <Not Available>
Frequency switch latency (ns): <Not Available>
Available cpu frequencies: <Not Available>
Current governor: <Not Available>
Core performance/turbo boost: <Not Available>

Memory: 4k page, physical 131492232k(116133644k free), swap 8388604k(8388604k free)
Page Sizes: 4k

vm_info: OpenJDK 64-Bit Server VM (21.0.9-internal-adhoc.talzuss.openjdk-mmtk) for linux-amd64 JRE (21.0.9-internal-adhoc.talzuss.openjdk-mmtk), built on 2026-07-06T23:13:08Z by "talzuss" with gcc 13.3.0
heap_info: MMTk OpenJDK 0.32.0 (a3bb9ef-dirty), using MMTk 0.32.0 (ceb6a76-dirty, BUILTIN_ENV_LOGGER, DEFAULT, EAGER_SWEEPING, VO_BIT)

END.
