#
# A fatal error has been detected by the Java Runtime Environment:
#
#  SIGSEGV (0xb) at pc=0x000071578c0c1e3c, pid=453808, tid=453833
#
# JRE version: OpenJDK Runtime Environment (21.0.9) (build 21.0.9-internal-adhoc.talzuss.openjdk-mmtk)
# Java VM: OpenJDK 64-Bit Server VM (21.0.9-internal-adhoc.talzuss.openjdk-mmtk, mixed mode, sharing, tiered, compressed oops, compressed class ptrs, third-party gc, linux-amd64)
# Problematic frame:
# C  [libmmtk_openjdk.so+0x2c1e3c]  _$LT$mmtk..plan..concurrent..immix..gc_work..SatbFinalDrain$LT$VM$GT$$u20$as$u20$mmtk..scheduler..work..GCWork$LT$VM$GT$$GT$::do_work::h99199484dacfec84+0xeac
#
# No core dump will be written. Core dumps have been disabled. To enable core dumping, try "ulimit -c unlimited" before starting Java again
#
# If you would like to submit a bug report, please visit:
#   https://bugreport.java.com/bugreport/crash.jsp
#

---------------  S U M M A R Y ------------

Command Line: -XX:+UseThirdPartyHeap -Xms512m -Xmx512m /mydata/dacapo/dacapo-23.11/dacapo-23.11-MR2-chopin.jar xalan -n 3

Host: AMD EPYC 7302P 16-Core Processor, 32 cores, 125G, Ubuntu 24.04.4 LTS
Time: Tue Jul  7 20:10:14 2026 MDT elapsed time: 3.287382 seconds (0d 0h 0m 3s)

---------------  T H R E A D  ---------------

Current thread (0x000071578453b2a0):  NamedThread "MMTk Collector Thread" [id=453833, stack(0x000064aa51ff5000,0x000064aa520f5000) (1024K)]

Stack: [0x000064aa51ff5000,0x000064aa520f5000],  sp=0x000064aa520f3970,  free space=1018k
Native frames: (J=compiled Java code, j=interpreted, Vv=VM code, C=native code)
C  [libmmtk_openjdk.so+0x2c1e3c]  _$LT$mmtk..plan..concurrent..immix..gc_work..SatbFinalDrain$LT$VM$GT$$u20$as$u20$mmtk..scheduler..work..GCWork$LT$VM$GT$$GT$::do_work::h99199484dacfec84+0xeac

siginfo: si_signo: 11 (SIGSEGV), si_code: 1 (SEGV_MAPERR), si_addr: 0x000071591e910cb4

Registers:
RAX=0x0000000064aa5300, RBX=0x000071578c1e39b8, RCX=0x000071578be7c0b4, RDX=0x000064aa53000000
RSP=0x000064aa520f3970, RBP=0x0000000000000058, RSI=0x000064aa5300003e, RDI=0x00000000547b5b00
R8 =0x000064aa040008e0, R9 =0x0000000000000007, R10=0x000064aa0401b470, R11=0x56cc5944ce1bd968
R12=0x000064aa0401b470, R13=0x00007157843ddf60, R14=0x00000000547b58f8, R15=0x0000000000000058
RIP=0x000071578c0c1e3c, EFLAGS=0x0000000000010202, CSGSFS=0x002b000000000033, ERR=0x0000000000000004
  TRAPNO=0x000000000000000e

XMM[0]=0x0000000000000000 0x0000000000000000
XMM[1]=0x0000000000000000 0x000064aa04000090
XMM[2]=0xff0000ffff000000 0x0000ffffffffffff
XMM[3]=0x0000000000000000 0x0000000000000000
XMM[4]=0x0000000000000000 0x000064aa04000090
XMM[5]=0x3537453f7373710d 0x0000000040e2c0d8
XMM[6]=0x0000000040e2be68 0x0000000040e2bc78
XMM[7]=0x0000000040e24da0 0x0000000040e24c18
XMM[8]=0x0000000040e248e8 0x0000000040e24330
XMM[9]=0x0000000000000000 0x0000000000000000
XMM[10]=0x3f3f3f3f3f3f3f3f 0x3f3f3f3f3f3f3f3f
XMM[11]=0x9999999999999999 0x9999999999999999
XMM[12]=0x2020202020202020 0x2020202020202020
XMM[13]=0x0000000000000000 0x0000000000000000
XMM[14]=0x0000000000000000 0x0000000000000000
XMM[15]=0x0000000000000000 0x0000000000000000
  MXCSR=0x00001fa2


Register to memory mapping:

RAX=
[error occurred during error reporting (printing register info), id 0xe0000000, Internal Error (/mydata/mmtk-openjdk/openjdk/share/mmtkHeap.cpp:444)]
RBX=
[error occurred during error reporting (printing register info, attempt 2), id 0xe0000000, Internal Error (/mydata/mmtk-openjdk/openjdk/share/mmtkHeap.cpp:444)]
RCX=
[error occurred during error reporting (printing register info, attempt 3), id 0xe0000000, Internal Error (/mydata/mmtk-openjdk/openjdk/share/mmtkHeap.cpp:444)]
Top of Stack: (sp=0x000064aa520f3970)
0x000064aa520f3970:   000000064aa04019 00000000501e9710
0x000064aa520f3980:   0000000000000000 0000000000000008
0x000064aa520f3990:   0000000000000000 0000000000000010
0x000064aa520f39a0:   000071578c1e39b8 000064aa520f39f0
0x000064aa520f39b0:   000064aa520f39d8 00007157843de2a0
0x000064aa520f39c0:   0000000000000000 000000000000000a
0x000064aa520f39d0:   0000000000000001 0000000000000204
0x000064aa520f39e0:   000064aa0401b3e0 0000000000000143
0x000064aa520f39f0:   00000000547b58f8 0000000000000000
0x000064aa520f3a00:   0000715784046240 00007157843de2a0
0x000064aa520f3a10:   0000000000000000 000071578c0d751e
0x000064aa520f3a20:   00007157843ddf60 000064aa520f39d8
0x000064aa520f3a30:   8000000000000000 000071578406cf80
0x000064aa520f3a40:   0000000000008000 000064aa0403d4c0
0x000064aa520f3a50:   000000000000556c 000064aa520f39f0
0x000064aa520f3a60:   8000000000000000 000064aa520f39a0
0x000064aa520f3a70:   0000000000000800 000064aa04001c10
0x000064aa520f3a80:   0000000000000459 0000000000040000
0x000064aa520f3a90:   000064aa0403d4c0 000000000003dcf1
0x000064aa520f3aa0:   0000000000020000 000064aa0423d4d0
0x000064aa520f3ab0:   000000000001b155 000071578c208d60
0x000064aa520f3ac0:   000064aa520f39d8 000064aa520f3980
0x000064aa520f3ad0:   000071578406d280 0000715784046210
0x000064aa520f3ae0:   000071578406cf00 0000000000000001
0x000064aa520f3af0:   000071578c1ca888 000071578c208d60
0x000064aa520f3b00:   0000000000000000 000071578c0d27ad
0x000064aa520f3b10:   000064aaffffffff 000064aa520f3b60
0x000064aa520f3b20:   000071578452b230 0000715784046220
0x000064aa520f3b30:   000071578406d280 000071578452b390
0x000064aa520f3b40:   000071578406cf80 0000715700000000
0x000064aa520f3b50:   8000000000000000 000071578daec96d
0x000064aa520f3b60:   00007157843de520 0003000300030001 

Instructions: (pc=0x000071578c0c1e3c)
0x000071578c0c1d3c:   24 30 31 ed 48 8d 74 24 30 e8 86 a2 e9 ff 31 ed
0x000071578c0c1d4c:   eb 03 40 b5 01 4c 8b 64 24 10 4c 8b 74 24 18 48
0x000071578c0c1d5c:   8b 5c 24 20 48 c1 e3 03 45 31 ed 4c 8d bc 24 d0
0x000071578c0c1d6c:   00 00 00 90 4c 39 eb 74 1a 4b 8b 14 2e 49 83 c5
0x000071578c0c1d7c:   08 48 8b bc 24 b0 00 00 00 4c 89 fe e8 d3 32 ff
0x000071578c0c1d8c:   ff eb e1 4d 85 e4 74 09 4c 89 f7 ff 15 93 53 14
0x000071578c0c1d9c:   00 40 84 ed 4c 8b ac 24 b0 00 00 00 74 13 48 83
0x000071578c0c1dac:   7c 24 68 00 74 0b 48 8b 7c 24 70 ff 15 73 53 14
0x000071578c0c1dbc:   00 48 8b 84 24 e0 00 00 00 48 85 c0 0f 84 cc 0c
0x000071578c0c1dcc:   00 00 48 8d 4c 24 30 48 89 8c 24 f8 00 00 00 0f
0x000071578c0c1ddc:   1f 44 00 00 48 8d 48 ff 48 89 8c 24 e0 00 00 00
0x000071578c0c1dec:   48 8b 8c 24 d8 00 00 00 48 8b 44 c1 f8 48 c7 44
0x000071578c0c1dfc:   24 10 00 00 00 00 48 c7 44 24 18 08 00 00 00 48
0x000071578c0c1e0c:   c7 44 24 20 00 00 00 00 48 89 44 24 08 8b 40 08
0x000071578c0c1e1c:   48 8b 15 75 80 14 00 48 8b 0d 76 80 14 00 48 d3
0x000071578c0c1e2c:   e0 48 8d 34 10 8b 44 10 0c 48 8d 0d 78 a2 db ff
0x000071578c0c1e3c:   48 63 04 81 48 01 c8 ff e0 48 63 86 28 01 00 00
0x000071578c0c1e4c:   48 85 c0 0f 84 cb 07 00 00 48 63 8e ac 00 00 00
0x000071578c0c1e5c:   48 8d 0c ce 48 63 96 2c 01 00 00 48 8d 34 d1 4c
0x000071578c0c1e6c:   8d 34 d1 49 81 c6 d8 01 00 00 48 8d 04 c6 48 05
0x000071578c0c1e7c:   d8 01 00 00 48 89 44 24 28 b8 08 00 00 00 45 31
0x000071578c0c1e8c:   e4 eb 10 90 49 83 c6 08 4c 3b 74 24 28 0f 84 81
0x000071578c0c1e9c:   07 00 00 41 8b 6e 04 48 85 ed 74 e8 4d 63 3e 4c
0x000071578c0c1eac:   03 7c 24 08 48 be ff ff ff ff ff ff ff 7f eb 1f
0x000071578c0c1ebc:   4a 89 1c e0 49 ff c4 4c 89 64 24 20 48 be ff ff
0x000071578c0c1ecc:   ff ff ff ff ff 7f 49 83 c7 04 48 ff cd 74 b5 4c
0x000071578c0c1edc:   89 f9 48 21 f1 48 8b 15 e8 67 14 00 48 39 d1 72
0x000071578c0c1eec:   e5 48 03 15 e4 67 14 00 48 39 d1 73 d9 4d 85 ff
0x000071578c0c1efc:   78 1e 41 8b 1f 48 85 db 74 c2 48 8b 15 bb 7f 14
0x000071578c0c1f0c:   00 48 8b 0d bc 7f 14 00 48 d3 e3 48 01 d3 eb 08
0x000071578c0c1f1c:   48 8b 19 48 85 db 74 a4 4c 3b 64 24 10 75 91 48
0x000071578c0c1f2c:   8d 7c 24 10 e8 7b 12 f1 ff 48 8b 44 24 18 eb 80 


Stack slot to memory mapping:

stack at sp + 0 slots: 
[error occurred during error reporting (inspecting top of stack), id 0xe0000000, Internal Error (/mydata/mmtk-openjdk/openjdk/share/mmtkHeap.cpp:444)]
stack at sp + 1 slots: 
[error occurred during error reporting (inspecting top of stack, attempt 2), id 0xe0000000, Internal Error (/mydata/mmtk-openjdk/openjdk/share/mmtkHeap.cpp:444)]
stack at sp + 2 slots: 0x0 is null
stack at sp + 3 slots: 
[error occurred during error reporting (inspecting top of stack, attempt 3), id 0xe0000000, Internal Error (/mydata/mmtk-openjdk/openjdk/share/mmtkHeap.cpp:444)]

---------------  P R O C E S S  ---------------

Threads class SMR info:
_java_thread_list=0x000064a91c0408e0, length=56, elements={
0x000071578402b240, 0x0000715784524f30, 0x00007157845267c0, 0x00007157845282b0,
0x0000715784546b00, 0x0000715784548450, 0x0000715784549d10, 0x000071578454bb50,
0x0000715784555520, 0x000064a9cc0559d0, 0x000064a9c00015f0, 0x00007157845a46a0,
0x00007157845a76a0, 0x000064a9c001e860, 0x000064a9cc09bc70, 0x000064a9cc09d2a0,
0x000064a9c8090b80, 0x00007157847b2f90, 0x00007157847b3be0, 0x00007157847b7490,
0x00007157847b88e0, 0x00007157847b9cb0, 0x00007157847bb080, 0x00007157847bc520,
0x00007157847bda90, 0x00007157847bee60, 0x00007157847c0310, 0x00007157847c18a0,
0x00007157847c2e30, 0x00007157847c42e0, 0x00007157847c5790, 0x00007157843df840,
0x00007157843e0860, 0x00007157843e20a0, 0x00007157845d7520, 0x00007157845d8940,
0x00007157845d9e60, 0x00007157845db300, 0x00007157845dc7a0, 0x00007157845ddc40,
0x00007157845df0e0, 0x00007157845e0580, 0x00007157845cdfa0, 0x00007157845cf830,
0x00007157845d10c0, 0x00007157845d2950, 0x00007157845d4360, 0x00007157845d5bf0,
0x00007157843d30b0, 0x000064a9cc1220c0, 0x000064a9b40a88f0, 0x000064a9cc124650,
0x000064a9c0091460, 0x000064a9b40adfa0, 0x000064a91c03dec0, 0x000064a91c03f610
}

Java Threads: ( => current thread )
  0x000071578402b240 JavaThread "main"                              [_thread_blocked, id=453809, stack(0x000071578c217000,0x000071578c317000) (1024K)]
  0x0000715784524f30 JavaThread "Reference Handler"          daemon [_thread_blocked, id=453817, stack(0x000071574c4fd000,0x000071574c5fd000) (1024K)]
  0x00007157845267c0 JavaThread "Finalizer"                  daemon [_thread_blocked, id=453818, stack(0x000064aa982fc000,0x000064aa983fc000) (1024K)]
  0x00007157845282b0 JavaThread "MMTk Finalizer Thread"      daemon [_thread_blocked, id=453819, stack(0x000064aa981fc000,0x000064aa982fc000) (1024K)]
  0x0000715784546b00 JavaThread "Signal Dispatcher"          daemon [_thread_blocked, id=453843, stack(0x000064aa515eb000,0x000064aa516eb000) (1024K)]
  0x0000715784548450 JavaThread "Service Thread"             daemon [_thread_blocked, id=453844, stack(0x000064aa514eb000,0x000064aa515eb000) (1024K)]
  0x0000715784549d10 JavaThread "Monitor Deflation Thread"   daemon [_thread_blocked, id=453845, stack(0x000064aa513eb000,0x000064aa514eb000) (1024K)]
  0x000071578454bb50 JavaThread "C2 CompilerThread0"         daemon [_thread_blocked, id=453846, stack(0x000064aa512eb000,0x000064aa513eb000) (1024K)]
  0x0000715784555520 JavaThread "C1 CompilerThread0"         daemon [_thread_blocked, id=453847, stack(0x000064aa511eb000,0x000064aa512eb000) (1024K)]
  0x000064a9cc0559d0 JavaThread "C1 CompilerThread1"         daemon [_thread_blocked, id=453848, stack(0x000064aa510eb000,0x000064aa511eb000) (1024K)]
  0x000064a9c00015f0 JavaThread "C1 CompilerThread2"         daemon [_thread_blocked, id=453849, stack(0x000064aa50feb000,0x000064aa510eb000) (1024K)]
  0x00007157845a46a0 JavaThread "Notification Thread"        daemon [_thread_blocked, id=453850, stack(0x000064aa50eeb000,0x000064aa50feb000) (1024K)]
  0x00007157845a76a0 JavaThread "Common-Cleaner"             daemon [_thread_blocked, id=453851, stack(0x000064aa50deb000,0x000064aa50eeb000) (1024K)]
  0x000064a9c001e860 JavaThread "C2 CompilerThread1"         daemon [_thread_blocked, id=453852, stack(0x000064aa50ceb000,0x000064aa50deb000) (1024K)]
  0x000064a9cc09bc70 JavaThread "C1 CompilerThread3"         daemon [_thread_blocked, id=453853, stack(0x000064aa50beb000,0x000064aa50ceb000) (1024K)]
  0x000064a9cc09d2a0 JavaThread "C1 CompilerThread4"         daemon [_thread_blocked, id=453854, stack(0x000064aa50aeb000,0x000064aa50beb000) (1024K)]
  0x000064a9c8090b80 JavaThread "C2 CompilerThread2"         daemon [_thread_in_native, id=453855, stack(0x000064aa509eb000,0x000064aa50aeb000) (1024K)]
  0x00007157847b2f90 JavaThread "Thread-0"                          [_thread_blocked, id=453856, stack(0x000064aa508eb000,0x000064aa509eb000) (1024K)]
  0x00007157847b3be0 JavaThread "Thread-1"                          [_thread_blocked, id=453857, stack(0x000064aa507eb000,0x000064aa508eb000) (1024K)]
  0x00007157847b7490 JavaThread "Thread-2"                          [_thread_blocked, id=453858, stack(0x000064aa506eb000,0x000064aa507eb000) (1024K)]
  0x00007157847b88e0 JavaThread "Thread-3"                          [_thread_blocked, id=453859, stack(0x000064aa505eb000,0x000064aa506eb000) (1024K)]
  0x00007157847b9cb0 JavaThread "Thread-4"                          [_thread_blocked, id=453860, stack(0x000064aa504eb000,0x000064aa505eb000) (1024K)]
  0x00007157847bb080 JavaThread "Thread-5"                          [_thread_blocked, id=453861, stack(0x000064aa503eb000,0x000064aa504eb000) (1024K)]
  0x00007157847bc520 JavaThread "Thread-6"                          [_thread_blocked, id=453862, stack(0x000064aa502eb000,0x000064aa503eb000) (1024K)]
  0x00007157847bda90 JavaThread "Thread-7"                          [_thread_blocked, id=453863, stack(0x000064aa501eb000,0x000064aa502eb000) (1024K)]
  0x00007157847bee60 JavaThread "Thread-8"                          [_thread_blocked, id=453864, stack(0x000064aa500eb000,0x000064aa501eb000) (1024K)]
  0x00007157847c0310 JavaThread "Thread-9"                          [_thread_blocked, id=453865, stack(0x000064a987f00000,0x000064a988000000) (1024K)]
  0x00007157847c18a0 JavaThread "Thread-10"                         [_thread_blocked, id=453866, stack(0x000064a987e00000,0x000064a987f00000) (1024K)]
  0x00007157847c2e30 JavaThread "Thread-11"                         [_thread_blocked, id=453867, stack(0x000064a987d00000,0x000064a987e00000) (1024K)]
  0x00007157847c42e0 JavaThread "Thread-12"                         [_thread_blocked, id=453868, stack(0x000064a987c00000,0x000064a987d00000) (1024K)]
  0x00007157847c5790 JavaThread "Thread-13"                         [_thread_blocked, id=453869, stack(0x000064a987b00000,0x000064a987c00000) (1024K)]
  0x00007157843df840 JavaThread "Thread-14"                         [_thread_blocked, id=453870, stack(0x000064a987a00000,0x000064a987b00000) (1024K)]
  0x00007157843e0860 JavaThread "Thread-15"                         [_thread_blocked, id=453871, stack(0x000064a987900000,0x000064a987a00000) (1024K)]
  0x00007157843e20a0 JavaThread "Thread-16"                         [_thread_blocked, id=453872, stack(0x000064a987800000,0x000064a987900000) (1024K)]
  0x00007157845d7520 JavaThread "Thread-17"                         [_thread_blocked, id=453873, stack(0x000064a987700000,0x000064a987800000) (1024K)]
  0x00007157845d8940 JavaThread "Thread-18"                         [_thread_blocked, id=453874, stack(0x000064a987600000,0x000064a987700000) (1024K)]
  0x00007157845d9e60 JavaThread "Thread-19"                         [_thread_blocked, id=453875, stack(0x000064a987500000,0x000064a987600000) (1024K)]
  0x00007157845db300 JavaThread "Thread-20"                         [_thread_blocked, id=453876, stack(0x000064a987400000,0x000064a987500000) (1024K)]
  0x00007157845dc7a0 JavaThread "Thread-21"                         [_thread_blocked, id=453877, stack(0x000064a987300000,0x000064a987400000) (1024K)]
  0x00007157845ddc40 JavaThread "Thread-22"                         [_thread_blocked, id=453878, stack(0x000064a987200000,0x000064a987300000) (1024K)]
  0x00007157845df0e0 JavaThread "Thread-23"                         [_thread_blocked, id=453879, stack(0x000064a987100000,0x000064a987200000) (1024K)]
  0x00007157845e0580 JavaThread "Thread-24"                         [_thread_blocked, id=453880, stack(0x000064a987000000,0x000064a987100000) (1024K)]
  0x00007157845cdfa0 JavaThread "Thread-25"                         [_thread_blocked, id=453881, stack(0x000064a986f00000,0x000064a987000000) (1024K)]
  0x00007157845cf830 JavaThread "Thread-26"                         [_thread_blocked, id=453882, stack(0x000064a986e00000,0x000064a986f00000) (1024K)]
  0x00007157845d10c0 JavaThread "Thread-27"                         [_thread_blocked, id=453883, stack(0x000064a986d00000,0x000064a986e00000) (1024K)]
  0x00007157845d2950 JavaThread "Thread-28"                         [_thread_blocked, id=453884, stack(0x000064a986c00000,0x000064a986d00000) (1024K)]
  0x00007157845d4360 JavaThread "Thread-29"                         [_thread_blocked, id=453885, stack(0x000064a986b00000,0x000064a986c00000) (1024K)]
  0x00007157845d5bf0 JavaThread "Thread-30"                         [_thread_blocked, id=453886, stack(0x000064a986a00000,0x000064a986b00000) (1024K)]
  0x00007157843d30b0 JavaThread "Thread-31"                         [_thread_blocked, id=453887, stack(0x000064a986900000,0x000064a986a00000) (1024K)]
  0x000064a9cc1220c0 JavaThread "C2 CompilerThread3"         daemon [_thread_blocked, id=453888, stack(0x000064a986800000,0x000064a986900000) (1024K)]
  0x000064a9b40a88f0 JavaThread "C2 CompilerThread4"         daemon [_thread_blocked, id=453889, stack(0x000064a986700000,0x000064a986800000) (1024K)]
  0x000064a9cc124650 JavaThread "C2 CompilerThread5"         daemon [_thread_blocked, id=453890, stack(0x000064a986600000,0x000064a986700000) (1024K)]
  0x000064a9c0091460 JavaThread "C2 CompilerThread6"         daemon [_thread_in_native, id=453891, stack(0x000064a986500000,0x000064a986600000) (1024K)]
  0x000064a9b40adfa0 JavaThread "C2 CompilerThread7"         daemon [_thread_blocked, id=453892, stack(0x000064a986400000,0x000064a986500000) (1024K)]
  0x000064a91c03dec0 JavaThread "C2 CompilerThread8"         daemon [_thread_blocked, id=453893, stack(0x000064a986300000,0x000064a986400000) (1024K)]
  0x000064a91c03f610 JavaThread "C2 CompilerThread9"         daemon [_thread_blocked, id=453894, stack(0x000064a986200000,0x000064a986300000) (1024K)]
Total: 56

Other Threads:
  0x0000715784519a80 VMThread "VM Thread"                           [id=453816, stack(0x000071574c5fe000,0x000071574c6fe000) (1024K)]
  0x00007157845076b0 WatcherThread "VM Periodic Task Thread"        [id=453815, stack(0x000071574c6ff000,0x000071574c7ff000) (1024K)]

=>0x000071578453b2a0 (exited) NamedThread "MMTk Collector Thread"   [id=453833, stack(0x000064aa51ff5000,0x000064aa520f5000) (1024K)]
Total: 3

Threads with active compile tasks:
C2 CompilerThread0  3290 3102   !   4       org.apache.xalan.templates.ElemElement::execute (371 bytes)
C2 CompilerThread1  3290 3134       4       org.apache.xpath.functions.FuncId::execute (202 bytes)
C2 CompilerThread2  3290 3101       4       java.io.BufferedReader::implReadLine (301 bytes)
C2 CompilerThread3  3290 3072   !   4       org.apache.xalan.transformer.TransformerImpl::transformToString (269 bytes)
C2 CompilerThread4  3290 3143 % !   4       org.apache.xalan.transformer.TransformerImpl::transformNode @ 108 (489 bytes)
C2 CompilerThread5  3290 3168   !   4       org.apache.xalan.templates.ElemNumber::formatNumberList (421 bytes)
C2 CompilerThread6  3290 2968       4       org.apache.xpath.axes.WalkingIterator::setRoot (31 bytes)
C2 CompilerThread7  3290 3105   !   4       org.apache.xalan.templates.ElemAttribute::constructNode (86 bytes)
C2 CompilerThread8  3290 3169 % !   4       org.apache.xml.serializer.Encodings::getWriter @ 2 (79 bytes)
C2 CompilerThread9  3290 2997       4       org.apache.xalan.transformer.CountersTable::countNode (300 bytes)
Total: 10

VM state: at safepoint (normal execution)

VM Mutex/Monitor currently owned by a thread:  ([mutex/lock_event])
[0x000071578d9580d0] Threads_lock - owner thread: 0x0000715784519a80
[0x000071578d957fd0] Heap_lock - owner thread: 0x00007157843e2ea0

Heap address: 0x0000000040000000, size: 3072 MB, Compressed Oops mode: 32-bit

CDS archive(s) mapped at: [0x000064aa53000000-0x000064aa53ca3000-0x000064aa53ca3000), size 13250560, SharedBaseAddress: 0x000064aa53000000, ArchiveRelocationMode: 1.
Compressed class space mapped at: 0x000064aa54000000-0x000064aa94000000, reserved size: 1073741824
Narrow klass base: 0x000064aa53000000, Narrow klass shift: 0, Narrow klass range: 0x100000000

GC Precious Log:
<Empty>

Heap:

[error occurred during error reporting (printing heap information), id 0xe0000000, Internal Error (/mydata/mmtk-openjdk/openjdk/share/mmtkHeap.cpp:424)]
Metaspace:

Usage:
  Non-class:      7.10 MB used.
      Class:    964.95 KB used.
       Both:      8.05 MB used.

Virtual space:
  Non-class space:       64.00 MB reserved,       7.25 MB ( 11%) committed,  1 nodes.
      Class space:        1.00 GB reserved,       1.06 MB ( <1%) committed,  1 nodes.
             Both:        1.06 GB reserved,       8.31 MB ( <1%) committed. 

Chunk freelists:
   Non-Class:  7.26 MB
       Class:  14.99 MB
        Both:  22.26 MB

MaxMetaspaceSize: unlimited
CompressedClassSpaceSize: 1.00 GB
Initial GC threshold: 21.00 MB
Current GC threshold: 21.00 MB
CDS: on
 - commit_granule_bytes: 65536.
 - commit_granule_words: 8192.
 - virtual_space_node_default_size: 8388608.
 - enlarge_chunks_in_place: 1.
 - use_allocation_guard: 0.


Internal statistics:

num_allocs_failed_limit: 0.
num_arena_births: 120.
num_arena_deaths: 0.
num_vsnodes_births: 2.
num_vsnodes_deaths: 0.
num_space_committed: 133.
num_space_uncommitted: 0.
num_chunks_returned_to_freelist: 0.
num_chunks_taken_from_freelist: 368.
num_chunk_merges: 0.
num_chunk_splits: 261.
num_chunks_enlarged: 209.
num_inconsistent_stats: 0.

CodeHeap 'non-profiled nmethods': size=118880Kb used=2046Kb max_used=2046Kb free=116833Kb
 bounds [0x00007157743e8000, 0x0000715774658000, 0x000071577b800000]
CodeHeap 'profiled nmethods': size=118876Kb used=6974Kb max_used=6974Kb free=111901Kb
 bounds [0x000071576c800000, 0x000071576ced0000, 0x0000715773c17000]
CodeHeap 'non-nmethods': size=8004Kb used=3462Kb max_used=3600Kb free=4542Kb
 bounds [0x0000715773c17000, 0x0000715773fa7000, 0x00007157743e8000]
CodeCache: size=245760Kb, used=12482Kb, max_used=12620Kb, free=233276Kb
 total_blobs=3599, nmethods=3117, adapters=381, full_count=0
Compilation: enabled, stopped_count=0, restarted_count=0

Compilation events (20 events):
Event: 3.245 Thread 0x000064a9cc0559d0 nmethod 3158 0x000071576cec6e10 code [0x000071576cec6fe0, 0x000071576cec7338]
Event: 3.245 Thread 0x000064a9cc0559d0 3159       3       org.apache.xalan.serialize.SerializerUtils::isDefinedNSDecl (54 bytes)
Event: 3.245 Thread 0x000064a9cc09bc70 3161       3       org.apache.xpath.objects.XNodeSet::compare (453 bytes)
Event: 3.245 Thread 0x000064a9cc09d2a0 3160   !   3       org.apache.xpath.objects.XNodeSet::equals (19 bytes)
Event: 3.245 Thread 0x000064a9cc09d2a0 nmethod 3160 0x000071576cec7590 code [0x000071576cec7760, 0x000071576cec7a10]
Event: 3.245 Thread 0x000064a9cc0559d0 nmethod 3159 0x000071576cec7b90 code [0x000071576cec7de0, 0x000071576cec86c8]
Event: 3.246 Thread 0x0000715784555520 nmethod 3154 0x000071576cec8a90 code [0x000071576cec8cc0, 0x000071576cec9500]
Event: 3.246 Thread 0x000064a9c00015f0 3162       3       org.apache.xpath.objects.XNodeSet::iterRaw (2 bytes)
Event: 3.246 Thread 0x000064a9c00015f0 nmethod 3162 0x000071576cec9890 code [0x000071576cec9a20, 0x000071576cec9b28]
Event: 3.246 Thread 0x000064a9c00015f0 3163       3       org.apache.xpath.objects.EqualComparator::compareStrings (8 bytes)
Event: 3.246 Thread 0x000064a9cc124650 nmethod 3151 0x00007157745e2110 code [0x00007157745e2380, 0x00007157745e2aa8]
Event: 3.246 Thread 0x000064a9cc124650 3152       4       org.apache.xml.dtm.ref.ExpandedNameTable::initExtendedTypes (63 bytes)
Event: 3.248 Thread 0x000064a9c00015f0 nmethod 3163 0x000071576cec9b90 code [0x000071576cec9d40, 0x000071576cec9ee0]
Event: 3.248 Thread 0x000064a9cc09bc70 nmethod 3161 0x000071576ceca010 code [0x000071576ceca680, 0x000071576cece7f8]
Event: 3.271 Thread 0x000064a91c03dec0 nmethod 3135 0x00007157745e3210 code [0x00007157745e3520, 0x00007157745e5550]
Event: 3.271 Thread 0x000064a91c03dec0 3169 % !   4       org.apache.xml.serializer.Encodings::getWriter @ 2 (79 bytes)
Event: 3.272 Thread 0x000064a9cc124650 nmethod 3152 0x00007157745e6b90 code [0x00007157745e6d40, 0x00007157745e7330]
Event: 3.272 Thread 0x000064a9cc124650 3164       4       java.util.Hashtable$Enumerator::hasMoreElements (53 bytes)
Event: 3.274 Thread 0x000064a9cc124650 nmethod 3164 0x00007157745e7510 code [0x00007157745e76a0, 0x00007157745e7828]
Event: 3.274 Thread 0x000064a9cc124650 3168   !   4       org.apache.xalan.templates.ElemNumber::formatNumberList (421 bytes)

GC Heap History (0 events):
No events

Dll operation events (7 events):
Event: 0.001 Loaded shared library /mydata/openjdk-mmtk/build/b0test/images/jdk/lib/libjava.so
Event: 2.215 Loaded shared library /mydata/openjdk-mmtk/build/b0test/images/jdk/lib/libjsvml.so
Event: 2.228 Loaded shared library /mydata/openjdk-mmtk/build/b0test/images/jdk/lib/libnio.so
Event: 2.231 Loaded shared library /mydata/openjdk-mmtk/build/b0test/images/jdk/lib/libzip.so
Event: 2.245 Loaded shared library /mydata/openjdk-mmtk/build/b0test/images/jdk/lib/libjimage.so
Event: 2.271 Loaded shared library /mydata/openjdk-mmtk/build/b0test/images/jdk/lib/libnet.so
Event: 2.374 Loaded shared library /mydata/openjdk-mmtk/build/b0test/images/jdk/lib/libverify.so

Deoptimization events (20 events):
Event: 3.248 Thread 0x00007157847b2f90 Uncommon trap: trap_request=0xffffff45 fr.pc=0x00007157745a2de4 relative=0x0000000000000064
Event: 3.248 Thread 0x00007157847b2f90 Uncommon trap: reason=unstable_if action=reinterpret pc=0x00007157745a2de4 method=java.lang.Integer.stringSize(I)I @ 24 c2
Event: 3.248 Thread 0x00007157847b2f90 DEOPT PACKING pc=0x00007157745a2de4 sp=0x000064aa509e9890
Event: 3.248 Thread 0x00007157847b2f90 DEOPT UNPACKING pc=0x0000715773c6a399 sp=0x000064aa509e9830 mode 2
Event: 3.248 Thread 0x00007157847b2f90 Uncommon trap: trap_request=0xffffff45 fr.pc=0x00007157745af130 relative=0x0000000000000110
Event: 3.248 Thread 0x00007157847b2f90 Uncommon trap: reason=unstable_if action=reinterpret pc=0x00007157745af130 method=java.lang.Integer.getChars(II[B)I @ 88 c2
Event: 3.248 Thread 0x00007157847b2f90 DEOPT PACKING pc=0x00007157745af130 sp=0x000064aa509e9880
Event: 3.248 Thread 0x00007157847b2f90 DEOPT UNPACKING pc=0x0000715773c6a399 sp=0x000064aa509e9828 mode 2
Event: 3.248 Thread 0x00007157847b2f90 Uncommon trap: trap_request=0xffffffde fr.pc=0x0000715774493d14 relative=0x0000000000000994
Event: 3.248 Thread 0x00007157847b2f90 Uncommon trap: reason=class_check action=maybe_recompile pc=0x0000715774493d14 method=java.io.Writer.write(Ljava/lang/String;)V @ 7 c2
Event: 3.248 Thread 0x00007157847b2f90 DEOPT PACKING pc=0x0000715774493d14 sp=0x000064aa509e97f0
Event: 3.248 Thread 0x00007157847b2f90 DEOPT UNPACKING pc=0x0000715773c6a399 sp=0x000064aa509e97c8 mode 2
Event: 3.248 Thread 0x00007157847b2f90 Uncommon trap: trap_request=0xffffffde fr.pc=0x0000715774481cd8 relative=0x00000000000006f8
Event: 3.248 Thread 0x00007157847b2f90 Uncommon trap: reason=class_check action=maybe_recompile pc=0x0000715774481cd8 method=java.nio.charset.CharsetEncoder.encode(Ljava/nio/CharBuffer;Ljava/nio/ByteBuffer;Z)Ljava/nio/charset/CoderResult; @ 57 c2
Event: 3.248 Thread 0x00007157847b2f90 DEOPT PACKING pc=0x0000715774481cd8 sp=0x000064aa509e96c0
Event: 3.248 Thread 0x00007157847b2f90 DEOPT UNPACKING pc=0x0000715773c6a399 sp=0x000064aa509e9478 mode 2
Event: 3.248 Thread 0x00007157847b2f90 Uncommon trap: trap_request=0xffffffde fr.pc=0x00007157744fa738 relative=0x00000000000001b8
Event: 3.248 Thread 0x00007157847b2f90 Uncommon trap: reason=class_check action=maybe_recompile pc=0x00007157744fa738 method=sun.nio.cs.StreamEncoder.writeBytes()V @ 127 c2
Event: 3.248 Thread 0x00007157847b2f90 DEOPT PACKING pc=0x00007157744fa738 sp=0x000064aa509e96a0
Event: 3.248 Thread 0x00007157847b2f90 DEOPT UNPACKING pc=0x0000715773c6a399 sp=0x000064aa509e9630 mode 2

Classes loaded (20 events):
Event: 2.635 Loading class java/util/ResourceBundle$KeyElementReference
Event: 2.635 Loading class java/util/ResourceBundle$CacheKeyReference
Event: 2.635 Loading class java/util/ResourceBundle$CacheKeyReference done
Event: 2.635 Loading class java/util/ResourceBundle$KeyElementReference done
Event: 2.636 Loading class java/util/ResourceBundle$Control$2
Event: 2.636 Loading class java/util/ResourceBundle$Control$2 done
Event: 2.637 Loading class sun/util/PropertyResourceBundleCharset
Event: 2.637 Loading class sun/util/PropertyResourceBundleCharset done
Event: 2.637 Loading class sun/util/PropertyResourceBundleCharset$PropertiesFileDecoder
Event: 2.637 Loading class sun/util/PropertyResourceBundleCharset$PropertiesFileDecoder done
Event: 2.638 Loading class java/util/ResourceBundle$BundleReference
Event: 2.638 Loading class java/util/ResourceBundle$BundleReference done
Event: 2.638 Loading class sun/util/ResourceBundleEnumeration
Event: 2.638 Loading class sun/util/ResourceBundleEnumeration done
Event: 2.644 Loading class sun/nio/cs/ISO_8859_1$Encoder
Event: 2.644 Loading class sun/nio/cs/ISO_8859_1$Encoder done
Event: 2.667 Loading class java/util/ResourceBundle$Control$1
Event: 2.667 Loading class java/util/ResourceBundle$Control$1 done
Event: 2.702 Loading class java/lang/foreign/MemorySegment
Event: 2.705 Loading class java/lang/foreign/MemorySegment done

Classes unloaded (0 events):
No events

Classes redefined (0 events):
No events

Internal exceptions (13 events):
Event: 2.238 Thread 0x000071578402b240 Exception <a 'java/lang/NoSuchMethodError'{0x0000000040334090}: 'java.lang.Object java.lang.invoke.DirectMethodHandle$Holder.newInvokeSpecial(java.lang.Object, int, java.lang.Object)'> (0x0000000040334090) 
thrown [src/hotspot/share/interpreter/linkResolver.cpp, line 772]
Event: 2.248 Thread 0x000071578402b240 Exception <a 'java/lang/NoSuchMethodError'{0x0000000040301e28}: 'void java.lang.invoke.DirectMethodHandle$Holder.invokeStatic(java.lang.Object, java.lang.Object)'> (0x0000000040301e28) 
thrown [src/hotspot/share/interpreter/linkResolver.cpp, line 772]
Event: 2.248 Thread 0x000071578402b240 Exception <a 'java/lang/NoSuchMethodError'{0x0000000040305820}: 'void java.lang.invoke.DirectMethodHandle$Holder.invokeSpecial(java.lang.Object, java.lang.Object, java.lang.Object)'> (0x0000000040305820) 
thrown [src/hotspot/share/interpreter/linkResolver.cpp, line 772]
Event: 2.290 Thread 0x000071578402b240 Exception <a 'java/lang/NoSuchMethodError'{0x00000000401b5ca8}: 'void java.lang.invoke.DirectMethodHandle$Holder.invokeVirtual(java.lang.Object, java.lang.Object)'> (0x00000000401b5ca8) 
thrown [src/hotspot/share/interpreter/linkResolver.cpp, line 772]
Event: 2.301 Thread 0x000071578402b240 Exception <a 'java/io/FileNotFoundException'{0x0000000040180bc0}> (0x0000000040180bc0) 
thrown [src/hotspot/share/prims/jni.cpp, line 520]
Event: 2.312 Thread 0x000071578402b240 Exception <a 'java/lang/NoSuchMethodError'{0x0000000040121860}: 'java.lang.Object java.lang.invoke.Invokers$Holder.invokeExact_MT(java.lang.Object, java.lang.Object, java.lang.Object, java.lang.Object, java.lang.Object)'> (0x0000000040121860) 
thrown [src/hotspot/share/interpreter/linkResolver.cpp, line 772]
Event: 2.495 Thread 0x000071578402b240 Exception <a 'java/lang/NoSuchMethodError'{0x0000000040eaa4f8}: 'void java.lang.invoke.DirectMethodHandle$Holder.invokeVirtual(java.lang.Object, java.lang.Object, int)'> (0x0000000040eaa4f8) 
thrown [src/hotspot/share/interpreter/linkResolver.cpp, line 772]
Event: 2.495 Thread 0x000071578402b240 Exception <a 'java/lang/NoSuchMethodError'{0x0000000040eaec20}: 'int java.lang.invoke.DirectMethodHandle$Holder.invokeSpecial(java.lang.Object, java.lang.Object, java.lang.Object, int)'> (0x0000000040eaec20) 
thrown [src/hotspot/share/interpreter/linkResolver.cpp, line 772]
Event: 2.496 Thread 0x000071578402b240 Exception <a 'java/lang/NoSuchMethodError'{0x0000000040e909e0}: 'java.lang.Object java.lang.invoke.DirectMethodHandle$Holder.invokeStatic(java.lang.Object, java.lang.Object, java.lang.Object, java.lang.Object, int)'> (0x0000000040e909e0) 
thrown [src/hotspot/share/interpreter/linkResolver.cpp, line 772]
Event: 2.497 Thread 0x000071578402b240 Exception <a 'java/lang/NoSuchMethodError'{0x0000000040e8bbe0}: 'void java.lang.invoke.DelegatingMethodHandle$Holder.reinvoke_L(java.lang.Object, java.lang.Object, int)'> (0x0000000040e8bbe0) 
thrown [src/hotspot/share/interpreter/linkResolver.cpp, line 772]
Event: 2.498 Thread 0x000071578402b240 Exception <a 'java/lang/NoSuchMethodError'{0x0000000040e82938}: 'int java.lang.invoke.DirectMethodHandle$Holder.invokeSpecial(java.lang.Object, java.lang.Object, java.lang.Object)'> (0x0000000040e82938) 
thrown [src/hotspot/share/interpreter/linkResolver.cpp, line 772]
Event: 2.567 Thread 0x000071578402b240 Exception <a 'java/lang/NoSuchMethodError'{0x00000000413ae268}: 'void java.lang.invoke.DelegatingMethodHandle$Holder.reinvoke_L(java.lang.Object, java.lang.Object, int, int)'> (0x00000000413ae268) 
thrown [src/hotspot/share/interpreter/linkResolver.cpp, line 772]
Event: 2.633 Thread 0x00007157845d5bf0 Exception <a 'java/lang/NoSuchMethodError'{0x000000004000ac18}: 'java.lang.Object java.lang.invoke.DirectMethodHandle$Holder.invokeInterface(java.lang.Object, java.lang.Object)'> (0x000000004000ac18) 
thrown [src/hotspot/share/interpreter/linkResolver.cpp, line 772]

ZGC Phase Switch (0 events):
No events

VM Operations (20 events):
Event: 2.824 Executing VM operation: ICBufferFull done
Event: 2.824 Executing VM operation: ICBufferFull
Event: 2.824 Executing VM operation: ICBufferFull done
Event: 2.824 Executing VM operation: ICBufferFull
Event: 2.824 Executing VM operation: ICBufferFull done
Event: 2.826 Executing VM operation: ICBufferFull
Event: 2.827 Executing VM operation: ICBufferFull done
Event: 2.831 Executing VM operation: ICBufferFull
Event: 2.831 Executing VM operation: ICBufferFull done
Event: 2.834 Executing VM operation: ICBufferFull
Event: 2.840 Executing VM operation: ICBufferFull done
Event: 3.055 Executing VM operation: ICBufferFull
Event: 3.056 Executing VM operation: ICBufferFull done
Event: 3.062 Executing VM operation: ThirdPartyHeapOperation
Event: 3.079 Executing VM operation: ThirdPartyHeapOperation done
Event: 3.088 Executing VM operation: ThirdPartyHeapOperation
Event: 3.125 Executing VM operation: ThirdPartyHeapOperation done
Event: 3.252 Executing VM operation: ThirdPartyHeapOperation
Event: 3.270 Executing VM operation: ThirdPartyHeapOperation done
Event: 3.275 Executing VM operation: ThirdPartyHeapOperation

Memory protections (20 events):
Event: 2.602 Protecting memory [0x000064a987500000,0x000064a987504000] with protection modes 0
Event: 2.602 Protecting memory [0x000064a987400000,0x000064a987404000] with protection modes 0
Event: 2.602 Protecting memory [0x000064a987300000,0x000064a987304000] with protection modes 0
Event: 2.602 Protecting memory [0x000064a987200000,0x000064a987204000] with protection modes 0
Event: 2.602 Protecting memory [0x000064a987100000,0x000064a987104000] with protection modes 0
Event: 2.602 Protecting memory [0x000064a987000000,0x000064a987004000] with protection modes 0
Event: 2.602 Protecting memory [0x000064a986f00000,0x000064a986f04000] with protection modes 0
Event: 2.602 Protecting memory [0x000064a986e00000,0x000064a986e04000] with protection modes 0
Event: 2.603 Protecting memory [0x000064a986d00000,0x000064a986d04000] with protection modes 0
Event: 2.603 Protecting memory [0x000064a986c00000,0x000064a986c04000] with protection modes 0
Event: 2.603 Protecting memory [0x000064a986b00000,0x000064a986b04000] with protection modes 0
Event: 2.603 Protecting memory [0x000064a986a00000,0x000064a986a04000] with protection modes 0
Event: 2.603 Protecting memory [0x000064a986900000,0x000064a986904000] with protection modes 0
Event: 2.661 Protecting memory [0x000064a986800000,0x000064a986804000] with protection modes 0
Event: 2.663 Protecting memory [0x000064a986700000,0x000064a986704000] with protection modes 0
Event: 2.677 Protecting memory [0x000064a986600000,0x000064a986604000] with protection modes 0
Event: 2.678 Protecting memory [0x000064a986500000,0x000064a986504000] with protection modes 0
Event: 2.698 Protecting memory [0x000064a986400000,0x000064a986404000] with protection modes 0
Event: 2.702 Protecting memory [0x000064a986300000,0x000064a986304000] with protection modes 0
Event: 2.702 Protecting memory [0x000064a986200000,0x000064a986204000] with protection modes 0

Nmethod flushes (0 events):
No events

Events (20 events):
Event: 2.602 Thread 0x000071578402b240 Thread added: 0x00007157845d9e60
Event: 2.602 Thread 0x000071578402b240 Thread added: 0x00007157845db300
Event: 2.602 Thread 0x000071578402b240 Thread added: 0x00007157845dc7a0
Event: 2.602 Thread 0x000071578402b240 Thread added: 0x00007157845ddc40
Event: 2.602 Thread 0x000071578402b240 Thread added: 0x00007157845df0e0
Event: 2.602 Thread 0x000071578402b240 Thread added: 0x00007157845e0580
Event: 2.602 Thread 0x000071578402b240 Thread added: 0x00007157845cdfa0
Event: 2.602 Thread 0x000071578402b240 Thread added: 0x00007157845cf830
Event: 2.603 Thread 0x000071578402b240 Thread added: 0x00007157845d10c0
Event: 2.603 Thread 0x000071578402b240 Thread added: 0x00007157845d2950
Event: 2.603 Thread 0x000071578402b240 Thread added: 0x00007157845d4360
Event: 2.603 Thread 0x000071578402b240 Thread added: 0x00007157845d5bf0
Event: 2.603 Thread 0x000071578402b240 Thread added: 0x00007157843d30b0
Event: 2.661 Thread 0x0000715784555520 Thread added: 0x000064a9cc1220c0
Event: 2.663 Thread 0x000064a9cc09bc70 Thread added: 0x000064a9b40a88f0
Event: 2.677 Thread 0x0000715784555520 Thread added: 0x000064a9cc124650
Event: 2.678 Thread 0x000064a9cc0559d0 Thread added: 0x000064a9c0091460
Event: 2.697 Thread 0x000064a9cc09bc70 Thread added: 0x000064a9b40adfa0
Event: 2.701 Thread 0x000064a9cc1220c0 Thread added: 0x000064a91c03dec0
Event: 2.702 Thread 0x000064a9cc1220c0 Thread added: 0x000064a91c03f610


Dynamic libraries:
40000000-40400000 rw-p 00000000 00:00 0                                  [anon:mmtk:space:immix]
40400000-40800000 rw-p 00000000 00:00 0                                  [anon:mmtk:space:los]
40800000-41400000 rw-p 00000000 00:00 0                                  [anon:mmtk:space:immix]
41400000-41800000 rw-p 00000000 00:00 0                                  [anon:mmtk:space:los]
41800000-41c00000 rw-p 00000000 00:00 0                                  [anon:mmtk:space:immix]
41c00000-42000000 rw-p 00000000 00:00 0                                  [anon:mmtk:space:los]
42000000-42400000 rw-p 00000000 00:00 0                                  [anon:mmtk:space:immix]
42400000-42800000 rw-p 00000000 00:00 0                                  [anon:mmtk:space:los]
42800000-43000000 rw-p 00000000 00:00 0                                  [anon:mmtk:space:immix]
43000000-43400000 rw-p 00000000 00:00 0                                  [anon:mmtk:space:los]
43400000-43800000 rw-p 00000000 00:00 0                                  [anon:mmtk:space:immix]
43800000-43c00000 rw-p 00000000 00:00 0                                  [anon:mmtk:space:los]
43c00000-44800000 rw-p 00000000 00:00 0                                  [anon:mmtk:space:immix]
44800000-44c00000 rw-p 00000000 00:00 0                                  [anon:mmtk:space:los]
44c00000-45000000 rw-p 00000000 00:00 0                                  [anon:mmtk:space:immix]
45000000-45400000 rw-p 00000000 00:00 0                                  [anon:mmtk:space:los]
45400000-45800000 rw-p 00000000 00:00 0                                  [anon:mmtk:space:immix]
45800000-45c00000 rw-p 00000000 00:00 0                                  [anon:mmtk:space:los]
45c00000-46400000 rw-p 00000000 00:00 0                                  [anon:mmtk:space:immix]
46400000-46800000 rw-p 00000000 00:00 0                                  [anon:mmtk:space:los]
46800000-47000000 rw-p 00000000 00:00 0                                  [anon:mmtk:space:immix]
47000000-47400000 rw-p 00000000 00:00 0                                  [anon:mmtk:space:los]
47400000-47800000 rw-p 00000000 00:00 0                                  [anon:mmtk:space:immix]
47800000-47c00000 rw-p 00000000 00:00 0                                  [anon:mmtk:space:los]
47c00000-48400000 rw-p 00000000 00:00 0                                  [anon:mmtk:space:immix]
48400000-48800000 rw-p 00000000 00:00 0                                  [anon:mmtk:space:los]
48800000-48c00000 rw-p 00000000 00:00 0                                  [anon:mmtk:space:immix]
48c00000-49000000 rw-p 00000000 00:00 0                                  [anon:mmtk:space:los]
49000000-49400000 rw-p 00000000 00:00 0                                  [anon:mmtk:space:immix]
49400000-49800000 rw-p 00000000 00:00 0                                  [anon:mmtk:space:los]
49800000-4a000000 rw-p 00000000 00:00 0                                  [anon:mmtk:space:immix]
4a000000-4a400000 rw-p 00000000 00:00 0                                  [anon:mmtk:space:los]
4a400000-4ac00000 rw-p 00000000 00:00 0                                  [anon:mmtk:space:immix]
4ac00000-4b000000 rw-p 00000000 00:00 0                                  [anon:mmtk:space:los]
4b000000-4b400000 rw-p 00000000 00:00 0                                  [anon:mmtk:space:immix]
4b400000-4b800000 rw-p 00000000 00:00 0                                  [anon:mmtk:space:los]
4b800000-4c000000 rw-p 00000000 00:00 0                                  [anon:mmtk:space:immix]
4c000000-4c400000 rw-p 00000000 00:00 0                                  [anon:mmtk:space:los]
4c400000-4c800000 rw-p 00000000 00:00 0                                  [anon:mmtk:space:immix]
4c800000-4cc00000 rw-p 00000000 00:00 0                                  [anon:mmtk:space:los]
4cc00000-4d400000 rw-p 00000000 00:00 0                                  [anon:mmtk:space:immix]
4d400000-4d800000 rw-p 00000000 00:00 0                                  [anon:mmtk:space:los]
4d800000-4e000000 rw-p 00000000 00:00 0                                  [anon:mmtk:space:immix]
4e000000-4e400000 rw-p 00000000 00:00 0                                  [anon:mmtk:space:los]
4e400000-4e800000 rw-p 00000000 00:00 0                                  [anon:mmtk:space:immix]
4e800000-4ec00000 rw-p 00000000 00:00 0                                  [anon:mmtk:space:los]
4ec00000-4f000000 rw-p 00000000 00:00 0                                  [anon:mmtk:space:immix]
4f000000-4f400000 rw-p 00000000 00:00 0                                  [anon:mmtk:space:los]
4f400000-4fc00000 rw-p 00000000 00:00 0                                  [anon:mmtk:space:immix]
4fc00000-50000000 rw-p 00000000 00:00 0                                  [anon:mmtk:space:los]
50000000-50400000 rw-p 00000000 00:00 0                                  [anon:mmtk:space:immix]
50400000-50800000 rw-p 00000000 00:00 0                                  [anon:mmtk:space:los]
50800000-50c00000 rw-p 00000000 00:00 0                                  [anon:mmtk:space:immix]
50c00000-51400000 rw-p 00000000 00:00 0                                  [anon:mmtk:space:los]
51400000-51800000 rw-p 00000000 00:00 0                                  [anon:mmtk:space:immix]
51800000-51c00000 rw-p 00000000 00:00 0                                  [anon:mmtk:space:los]
51c00000-52400000 rw-p 00000000 00:00 0                                  [anon:mmtk:space:immix]
52400000-52800000 rw-p 00000000 00:00 0                                  [anon:mmtk:space:los]
52800000-53000000 rw-p 00000000 00:00 0                                  [anon:mmtk:space:immix]
53000000-53400000 rw-p 00000000 00:00 0                                  [anon:mmtk:space:los]
53400000-53800000 rw-p 00000000 00:00 0                                  [anon:mmtk:space:immix]
53800000-53c00000 rw-p 00000000 00:00 0                                  [anon:mmtk:space:los]
53c00000-54000000 rw-p 00000000 00:00 0                                  [anon:mmtk:space:immix]
54000000-54400000 rw-p 00000000 00:00 0                                  [anon:mmtk:space:los]
54400000-54800000 rw-p 00000000 00:00 0                                  [anon:mmtk:space:immix]
200000000000-2000c00c0000 rw-s 00000000 00:10 68                         anon_inode:bpf-map
5b8cd9ef0000-5b8cd9ef1000 r--p 00000000 fc:00 49676352                   /mydata/openjdk-mmtk/build/b0test/images/jdk/bin/java
5b8cd9ef1000-5b8cd9ef2000 r-xp 00001000 fc:00 49676352                   /mydata/openjdk-mmtk/build/b0test/images/jdk/bin/java
5b8cd9ef2000-5b8cd9ef3000 r--p 00002000 fc:00 49676352                   /mydata/openjdk-mmtk/build/b0test/images/jdk/bin/java
5b8cd9ef3000-5b8cd9ef4000 r--p 00002000 fc:00 49676352                   /mydata/openjdk-mmtk/build/b0test/images/jdk/bin/java
5b8cd9ef4000-5b8cd9ef5000 rw-p 00003000 fc:00 49676352                   /mydata/openjdk-mmtk/build/b0test/images/jdk/bin/java
5b8d16843000-5b8d1688b000 rw-p 00000000 00:00 0                          [heap]
64a904000000-64a9046ba000 rw-p 00000000 00:00 0 
64a9046ba000-64a908000000 ---p 00000000 00:00 0 
64a90c000000-64a90c3f4000 rw-p 00000000 00:00 0 
64a90c3f4000-64a910000000 ---p 00000000 00:00 0 
64a910000000-64a910653000 rw-p 00000000 00:00 0 
64a910653000-64a914000000 ---p 00000000 00:00 0 
64a914000000-64a914755000 rw-p 00000000 00:00 0 
64a914755000-64a918000000 ---p 00000000 00:00 0 
64a918000000-64a918c80000 rw-p 00000000 00:00 0 
64a918c80000-64a91c000000 ---p 00000000 00:00 0 
64a91c000000-64a91c992000 rw-p 00000000 00:00 0 
64a91c992000-64a920000000 ---p 00000000 00:00 0 
64a920000000-64a920d6b000 rw-p 00000000 00:00 0 
64a920d6b000-64a924000000 ---p 00000000 00:00 0 
64a924000000-64a924021000 rw-p 00000000 00:00 0 
64a924021000-64a928000000 ---p 00000000 00:00 0 
64a928000000-64a92802c000 rw-p 00000000 00:00 0 
64a92802c000-64a92c000000 ---p 00000000 00:00 0 
64a92c000000-64a92c05a000 rw-p 00000000 00:00 0 
64a92c05a000-64a930000000 ---p 00000000 00:00 0 
64a930000000-64a930021000 rw-p 00000000 00:00 0 
64a930021000-64a934000000 ---p 00000000 00:00 0 
64a934000000-64a934021000 rw-p 00000000 00:00 0 
64a934021000-64a938000000 ---p 00000000 00:00 0 
64a938000000-64a938021000 rw-p 00000000 00:00 0 
64a938021000-64a93c000000 ---p 00000000 00:00 0 
64a93c000000-64a93c021000 rw-p 00000000 00:00 0 
64a93c021000-64a940000000 ---p 00000000 00:00 0 
64a940000000-64a940021000 rw-p 00000000 00:00 0 
64a940021000-64a944000000 ---p 00000000 00:00 0 
64a944000000-64a944021000 rw-p 00000000 00:00 0 
64a944021000-64a948000000 ---p 00000000 00:00 0 
64a948000000-64a948021000 rw-p 00000000 00:00 0 
64a948021000-64a94c000000 ---p 00000000 00:00 0 
64a94c000000-64a94c021000 rw-p 00000000 00:00 0 
64a94c021000-64a950000000 ---p 00000000 00:00 0 
64a950000000-64a950021000 rw-p 00000000 00:00 0 
64a950021000-64a954000000 ---p 00000000 00:00 0 
64a954000000-64a954021000 rw-p 00000000 00:00 0 
64a954021000-64a958000000 ---p 00000000 00:00 0 
64a958000000-64a958021000 rw-p 00000000 00:00 0 
64a958021000-64a95c000000 ---p 00000000 00:00 0 
64a95c000000-64a95c021000 rw-p 00000000 00:00 0 
64a95c021000-64a960000000 ---p 00000000 00:00 0 
64a960000000-64a960021000 rw-p 00000000 00:00 0 
64a960021000-64a964000000 ---p 00000000 00:00 0 
64a964000000-64a964021000 rw-p 00000000 00:00 0 
64a964021000-64a968000000 ---p 00000000 00:00 0 
64a968000000-64a96804a000 rw-p 00000000 00:00 0 
64a96804a000-64a96c000000 ---p 00000000 00:00 0 
64a96c000000-64a96c021000 rw-p 00000000 00:00 0 
64a96c021000-64a970000000 ---p 00000000 00:00 0 
64a970000000-64a97004b000 rw-p 00000000 00:00 0 
64a97004b000-64a974000000 ---p 00000000 00:00 0 
64a974000000-64a974021000 rw-p 00000000 00:00 0 
64a974021000-64a978000000 ---p 00000000 00:00 0 
64a978000000-64a978021000 rw-p 00000000 00:00 0 
64a978021000-64a97c000000 ---p 00000000 00:00 0 
64a97c000000-64a97c021000 rw-p 00000000 00:00 0 
64a97c021000-64a980000000 ---p 00000000 00:00 0 
64a980000000-64a980021000 rw-p 00000000 00:00 0 
64a980021000-64a984000000 ---p 00000000 00:00 0 
64a986200000-64a986204000 ---p 00000000 00:00 0 
64a986204000-64a986300000 rw-p 00000000 00:00 0 
64a986300000-64a986304000 ---p 00000000 00:00 0 
64a986304000-64a986400000 rw-p 00000000 00:00 0 
64a986400000-64a986404000 ---p 00000000 00:00 0 
64a986404000-64a986500000 rw-p 00000000 00:00 0 
64a986500000-64a986504000 ---p 00000000 00:00 0 
64a986504000-64a986600000 rw-p 00000000 00:00 0 
64a986600000-64a986604000 ---p 00000000 00:00 0 
64a986604000-64a986700000 rw-p 00000000 00:00 0 
64a986700000-64a986704000 ---p 00000000 00:00 0 
64a986704000-64a986800000 rw-p 00000000 00:00 0 
64a986800000-64a986804000 ---p 00000000 00:00 0 
64a986804000-64a986900000 rw-p 00000000 00:00 0 
64a986900000-64a986904000 ---p 00000000 00:00 0 
64a986904000-64a986a00000 rw-p 00000000 00:00 0 
64a986a00000-64a986a04000 ---p 00000000 00:00 0 
64a986a04000-64a986b00000 rw-p 00000000 00:00 0 
64a986b00000-64a986b04000 ---p 00000000 00:00 0 
64a986b04000-64a986c00000 rw-p 00000000 00:00 0 
64a986c00000-64a986c04000 ---p 00000000 00:00 0 
64a986c04000-64a986d00000 rw-p 00000000 00:00 0 
64a986d00000-64a986d04000 ---p 00000000 00:00 0 
64a986d04000-64a986e00000 rw-p 00000000 00:00 0 
64a986e00000-64a986e04000 ---p 00000000 00:00 0 
64a986e04000-64a986f00000 rw-p 00000000 00:00 0 
64a986f00000-64a986f04000 ---p 00000000 00:00 0 
64a986f04000-64a987000000 rw-p 00000000 00:00 0 
64a987000000-64a987004000 ---p 00000000 00:00 0 
64a987004000-64a987100000 rw-p 00000000 00:00 0 
64a987100000-64a987104000 ---p 00000000 00:00 0 
64a987104000-64a987200000 rw-p 00000000 00:00 0 
64a987200000-64a987204000 ---p 00000000 00:00 0 
64a987204000-64a987300000 rw-p 00000000 00:00 0 
64a987300000-64a987304000 ---p 00000000 00:00 0 
64a987304000-64a987400000 rw-p 00000000 00:00 0 
64a987400000-64a987404000 ---p 00000000 00:00 0 
64a987404000-64a987500000 rw-p 00000000 00:00 0 
64a987500000-64a987504000 ---p 00000000 00:00 0 
64a987504000-64a987600000 rw-p 00000000 00:00 0 
64a987600000-64a987604000 ---p 00000000 00:00 0 
64a987604000-64a987700000 rw-p 00000000 00:00 0 
64a987700000-64a987704000 ---p 00000000 00:00 0 
64a987704000-64a987800000 rw-p 00000000 00:00 0 
64a987800000-64a987804000 ---p 00000000 00:00 0 
64a987804000-64a987900000 rw-p 00000000 00:00 0 
64a987900000-64a987904000 ---p 00000000 00:00 0 
64a987904000-64a987a00000 rw-p 00000000 00:00 0 
64a987a00000-64a987a04000 ---p 00000000 00:00 0 
64a987a04000-64a987b00000 rw-p 00000000 00:00 0 
64a987b00000-64a987b04000 ---p 00000000 00:00 0 
64a987b04000-64a987c00000 rw-p 00000000 00:00 0 
64a987c00000-64a987c04000 ---p 00000000 00:00 0 
64a987c04000-64a987d00000 rw-p 00000000 00:00 0 
64a987d00000-64a987d04000 ---p 00000000 00:00 0 
64a987d04000-64a987e00000 rw-p 00000000 00:00 0 
64a987e00000-64a987e04000 ---p 00000000 00:00 0 
64a987e04000-64a987f00000 rw-p 00000000 00:00 0 
64a987f00000-64a987f04000 ---p 00000000 00:00 0 
64a987f04000-64a988000000 rw-p 00000000 00:00 0 
64a988000000-64a988021000 rw-p 00000000 00:00 0 
64a988021000-64a98c000000 ---p 00000000 00:00 0 
64a98c000000-64a98c021000 rw-p 00000000 00:00 0 
64a98c021000-64a990000000 ---p 00000000 00:00 0 
64a990000000-64a990021000 rw-p 00000000 00:00 0 
64a990021000-64a994000000 ---p 00000000 00:00 0 
64a994000000-64a994021000 rw-p 00000000 00:00 0 
64a994021000-64a998000000 ---p 00000000 00:00 0 
64a998000000-64a99804a000 rw-p 00000000 00:00 0 
64a99804a000-64a99c000000 ---p 00000000 00:00 0 
64a99c000000-64a99c026000 rw-p 00000000 00:00 0 
64a99c026000-64a9a0000000 ---p 00000000 00:00 0 
64a9a0000000-64a9a0021000 rw-p 00000000 00:00 0 
64a9a0021000-64a9a4000000 ---p 00000000 00:00 0 
64a9a4000000-64a9a4035000 rw-p 00000000 00:00 0 
64a9a4035000-64a9a8000000 ---p 00000000 00:00 0 
64a9a8000000-64a9a815f000 rw-p 00000000 00:00 0 
64a9a815f000-64a9ac000000 ---p 00000000 00:00 0 
64a9ac000000-64a9aca0a000 rw-p 00000000 00:00 0 
64a9aca0a000-64a9b0000000 ---p 00000000 00:00 0 
64a9b0000000-64a9b0ae7000 rw-p 00000000 00:00 0 
64a9b0ae7000-64a9b4000000 ---p 00000000 00:00 0 
64a9b4000000-64a9b4321000 rw-p 00000000 00:00 0 
64a9b4321000-64a9b8000000 ---p 00000000 00:00 0 
64a9b8000000-64a9b8021000 rw-p 00000000 00:00 0 
64a9b8021000-64a9bc000000 ---p 00000000 00:00 0 
64a9bc000000-64a9bc021000 rw-p 00000000 00:00 0 
64a9bc021000-64a9c0000000 ---p 00000000 00:00 0 
64a9c0000000-64a9c022a000 rw-p 00000000 00:00 0 
64a9c022a000-64a9c4000000 ---p 00000000 00:00 0 
64a9c4000000-64a9c42c5000 rw-p 00000000 00:00 0 
64a9c42c5000-64a9c8000000 ---p 00000000 00:00 0 
64a9c8000000-64a9c8bfe000 rw-p 00000000 00:00 0 
64a9c8bfe000-64a9cc000000 ---p 00000000 00:00 0 
64a9cc000000-64a9cc28c000 rw-p 00000000 00:00 0 
64a9cc28c000-64a9d0000000 ---p 00000000 00:00 0 
64a9d0000000-64a9d0021000 rw-p 00000000 00:00 0 
64a9d0021000-64a9d4000000 ---p 00000000 00:00 0 
64a9d4000000-64a9d4021000 rw-p 00000000 00:00 0 
64a9d4021000-64a9d8000000 ---p 00000000 00:00 0 
64a9d8000000-64a9d8032000 rw-p 00000000 00:00 0 
64a9d8032000-64a9dc000000 ---p 00000000 00:00 0 
64a9dc000000-64a9dc021000 rw-p 00000000 00:00 0 
64a9dc021000-64a9e0000000 ---p 00000000 00:00 0 
64a9e0000000-64a9e018d000 rw-p 00000000 00:00 0 
64a9e018d000-64a9e4000000 ---p 00000000 00:00 0 
64a9e4000000-64a9e403b000 rw-p 00000000 00:00 0 
64a9e403b000-64a9e8000000 ---p 00000000 00:00 0 
64a9e8000000-64a9e8056000 rw-p 00000000 00:00 0 
64a9e8056000-64a9ec000000 ---p 00000000 00:00 0 
64a9ec000000-64a9ec02a000 rw-p 00000000 00:00 0 
64a9ec02a000-64a9f0000000 ---p 00000000 00:00 0 
64a9f0000000-64a9f0032000 rw-p 00000000 00:00 0 
64a9f0032000-64a9f4000000 ---p 00000000 00:00 0 
64a9f4000000-64a9f402a000 rw-p 00000000 00:00 0 
64a9f402a000-64a9f8000000 ---p 00000000 00:00 0 
64a9f8000000-64a9f804a000 rw-p 00000000 00:00 0 
64a9f804a000-64a9fc000000 ---p 00000000 00:00 0 
64a9fc000000-64a9fc022000 rw-p 00000000 00:00 0 
64a9fc022000-64aa00000000 ---p 00000000 00:00 0 
64aa00000000-64aa00033000 rw-p 00000000 00:00 0 
64aa00033000-64aa04000000 ---p 00000000 00:00 0 
64aa04000000-64aa0433e000 rw-p 00000000 00:00 0 
64aa0433e000-64aa08000000 ---p 00000000 00:00 0 
64aa08000000-64aa08042000 rw-p 00000000 00:00 0 
64aa08042000-64aa0c000000 ---p 00000000 00:00 0 
64aa0c000000-64aa0c043000 rw-p 00000000 00:00 0 
64aa0c043000-64aa10000000 ---p 00000000 00:00 0 
64aa10000000-64aa10053000 rw-p 00000000 00:00 0 
64aa10053000-64aa14000000 ---p 00000000 00:00 0 
64aa14000000-64aa14022000 rw-p 00000000 00:00 0 
64aa14022000-64aa18000000 ---p 00000000 00:00 0 
64aa18000000-64aa18033000 rw-p 00000000 00:00 0 
64aa18033000-64aa1c000000 ---p 00000000 00:00 0 
64aa1c000000-64aa1c02a000 rw-p 00000000 00:00 0 
64aa1c02a000-64aa20000000 ---p 00000000 00:00 0 
64aa20000000-64aa20033000 rw-p 00000000 00:00 0 
64aa20033000-64aa24000000 ---p 00000000 00:00 0 
64aa24000000-64aa2403b000 rw-p 00000000 00:00 0 
64aa2403b000-64aa28000000 ---p 00000000 00:00 0 
64aa28000000-64aa28033000 rw-p 00000000 00:00 0 
64aa28033000-64aa2c000000 ---p 00000000 00:00 0 
64aa2c000000-64aa2c03d000 rw-p 00000000 00:00 0 
64aa2c03d000-64aa30000000 ---p 00000000 00:00 0 
64aa30000000-64aa30031000 rw-p 00000000 00:00 0 
64aa30031000-64aa34000000 ---p 00000000 00:00 0 
64aa34000000-64aa3402a000 rw-p 00000000 00:00 0 
64aa3402a000-64aa38000000 ---p 00000000 00:00 0 
64aa38000000-64aa38021000 rw-p 00000000 00:00 0 
64aa38021000-64aa3c000000 ---p 00000000 00:00 0 
64aa3c000000-64aa3c021000 rw-p 00000000 00:00 0 
64aa3c021000-64aa40000000 ---p 00000000 00:00 0 
64aa40000000-64aa40021000 rw-p 00000000 00:00 0 
64aa40021000-64aa44000000 ---p 00000000 00:00 0 
64aa44000000-64aa44021000 rw-p 00000000 00:00 0 
64aa44021000-64aa48000000 ---p 00000000 00:00 0 
64aa48000000-64aa48280000 rw-p 00000000 00:00 0 
64aa48280000-64aa48400000 ---p 00000000 00:00 0 
64aa48400000-64aa488c0000 rw-p 00000000 00:00 0 
64aa488c0000-64aa4c000000 ---p 00000000 00:00 0 
64aa4c000000-64aa4c021000 rw-p 00000000 00:00 0 
64aa4c021000-64aa50000000 ---p 00000000 00:00 0 
64aa500eb000-64aa500ef000 ---p 00000000 00:00 0 
64aa500ef000-64aa501eb000 rw-p 00000000 00:00 0 
64aa501eb000-64aa501ef000 ---p 00000000 00:00 0 
64aa501ef000-64aa502eb000 rw-p 00000000 00:00 0 
64aa502eb000-64aa502ef000 ---p 00000000 00:00 0 
64aa502ef000-64aa503eb000 rw-p 00000000 00:00 0 
64aa503eb000-64aa503ef000 ---p 00000000 00:00 0 
64aa503ef000-64aa504eb000 rw-p 00000000 00:00 0 
64aa504eb000-64aa504ef000 ---p 00000000 00:00 0 
64aa504ef000-64aa505eb000 rw-p 00000000 00:00 0 
64aa505eb000-64aa505ef000 ---p 00000000 00:00 0 
64aa505ef000-64aa506eb000 rw-p 00000000 00:00 0 
64aa506eb000-64aa506ef000 ---p 00000000 00:00 0 
64aa506ef000-64aa507eb000 rw-p 00000000 00:00 0 
64aa507eb000-64aa507ef000 ---p 00000000 00:00 0 
64aa507ef000-64aa508eb000 rw-p 00000000 00:00 0 
64aa508eb000-64aa508ef000 ---p 00000000 00:00 0 
64aa508ef000-64aa509eb000 rw-p 00000000 00:00 0 
64aa509eb000-64aa509ef000 ---p 00000000 00:00 0 
64aa509ef000-64aa50aeb000 rw-p 00000000 00:00 0 
64aa50aeb000-64aa50aef000 ---p 00000000 00:00 0 
64aa50aef000-64aa50beb000 rw-p 00000000 00:00 0 
64aa50beb000-64aa50bef000 ---p 00000000 00:00 0 
64aa50bef000-64aa50ceb000 rw-p 00000000 00:00 0 
64aa50ceb000-64aa50cef000 ---p 00000000 00:00 0 
64aa50cef000-64aa50deb000 rw-p 00000000 00:00 0 
64aa50deb000-64aa50def000 ---p 00000000 00:00 0 
64aa50def000-64aa50eeb000 rw-p 00000000 00:00 0 
64aa50eeb000-64aa50eef000 ---p 00000000 00:00 0 
64aa50eef000-64aa50feb000 rw-p 00000000 00:00 0 
64aa50feb000-64aa50fef000 ---p 00000000 00:00 0 
64aa50fef000-64aa510eb000 rw-p 00000000 00:00 0 
64aa510eb000-64aa510ef000 ---p 00000000 00:00 0 
64aa510ef000-64aa511eb000 rw-p 00000000 00:00 0 
64aa511eb000-64aa511ef000 ---p 00000000 00:00 0 
64aa511ef000-64aa512eb000 rw-p 00000000 00:00 0 
64aa512eb000-64aa512ef000 ---p 00000000 00:00 0 
64aa512ef000-64aa513eb000 rw-p 00000000 00:00 0 
64aa513eb000-64aa513ef000 ---p 00000000 00:00 0 
64aa513ef000-64aa514eb000 rw-p 00000000 00:00 0 
64aa514eb000-64aa514ef000 ---p 00000000 00:00 0 
64aa514ef000-64aa515eb000 rw-p 00000000 00:00 0 
64aa515eb000-64aa515ef000 ---p 00000000 00:00 0 
64aa515ef000-64aa516eb000 rw-p 00000000 00:00 0 
64aa516eb000-64aa516ec000 ---p 00000000 00:00 0 
64aa516ec000-64aa517ec000 rw-p 00000000 00:00 0 
64aa517ec000-64aa517ed000 ---p 00000000 00:00 0 
64aa517ed000-64aa518ed000 rw-p 00000000 00:00 0 
64aa518ed000-64aa518ee000 ---p 00000000 00:00 0 
64aa518ee000-64aa519ee000 rw-p 00000000 00:00 0 
64aa519ee000-64aa519ef000 ---p 00000000 00:00 0 
64aa519ef000-64aa51aef000 rw-p 00000000 00:00 0 
64aa51aef000-64aa51af0000 ---p 00000000 00:00 0 
64aa51af0000-64aa51bf0000 rw-p 00000000 00:00 0 
64aa51bf0000-64aa51bf1000 ---p 00000000 00:00 0 
64aa51bf1000-64aa51cf1000 rw-p 00000000 00:00 0 
64aa51cf1000-64aa51cf2000 ---p 00000000 00:00 0 
64aa51cf2000-64aa51df2000 rw-p 00000000 00:00 0 
64aa51df2000-64aa51df3000 ---p 00000000 00:00 0 
64aa51df3000-64aa51ef3000 rw-p 00000000 00:00 0 
64aa51ef3000-64aa51ef4000 ---p 00000000 00:00 0 
64aa51ef4000-64aa51ff4000 rw-p 00000000 00:00 0 
64aa51ff4000-64aa51ff5000 ---p 00000000 00:00 0 
64aa51ff5000-64aa520f5000 rw-p 00000000 00:00 0 
64aa520f5000-64aa520f6000 ---p 00000000 00:00 0 
64aa520f6000-64aa521f6000 rw-p 00000000 00:00 0 
64aa521f6000-64aa521f7000 ---p 00000000 00:00 0 
64aa521f7000-64aa522f7000 rw-p 00000000 00:00 0 
64aa522f7000-64aa522f8000 ---p 00000000 00:00 0 
64aa522f8000-64aa523f8000 rw-p 00000000 00:00 0 
64aa523f8000-64aa523f9000 ---p 00000000 00:00 0 
64aa523f9000-64aa524f9000 rw-p 00000000 00:00 0 
64aa524f9000-64aa524fa000 ---p 00000000 00:00 0 
64aa524fa000-64aa525fa000 rw-p 00000000 00:00 0 
64aa525fa000-64aa525fb000 ---p 00000000 00:00 0 
64aa525fb000-64aa526fb000 rw-p 00000000 00:00 0 
64aa526fb000-64aa526fc000 ---p 00000000 00:00 0 
64aa526fc000-64aa527fc000 rw-p 00000000 00:00 0 
64aa527fc000-64aa527fd000 ---p 00000000 00:00 0 
64aa527fd000-64aa528fd000 rw-p 00000000 00:00 0 
64aa528fd000-64aa528fe000 ---p 00000000 00:00 0 
64aa528fe000-64aa529fe000 rw-p 00000000 00:00 0 
64aa529fe000-64aa529ff000 ---p 00000000 00:00 0 
64aa529ff000-64aa52aff000 rw-p 00000000 00:00 0 
64aa52aff000-64aa52b00000 ---p 00000000 00:00 0 
64aa52b00000-64aa52c00000 rw-p 00000000 00:00 0 
64aa52c00000-64aa52eeb000 r--p 00000000 08:03 1410552                    /usr/lib/locale/locale-archive
64aa52eff000-64aa52f00000 ---p 00000000 00:00 0 
64aa52f00000-64aa53000000 rw-p 00000000 00:00 0 
64aa53000000-64aa53ca3000 rw-p 00001000 fc:00 49677059                   /mydata/openjdk-mmtk/build/b0test/images/jdk/lib/server/classes.jsa
64aa53ca3000-64aa54000000 ---p 00000000 00:00 0 
64aa54000000-64aa54040000 rw-p 00000000 00:00 0 
64aa54040000-64aa54110000 rw-p 00000000 00:00 0 
64aa54110000-64aa94000000 ---p 00000000 00:00 0 
64aa94000000-64aa94021000 rw-p 00000000 00:00 0 
64aa94021000-64aa98000000 ---p 00000000 00:00 0 
64aa980fb000-64aa980fc000 ---p 00000000 00:00 0 
64aa980fc000-64aa981fc000 rw-p 00000000 00:00 0 
64aa981fc000-64aa98200000 ---p 00000000 00:00 0 
64aa98200000-64aa982fc000 rw-p 00000000 00:00 0 
64aa982fc000-64aa98300000 ---p 00000000 00:00 0 
64aa98300000-64aa983fc000 rw-p 00000000 00:00 0 
64aa983fc000-64aac8400000 rw-p 00000000 00:00 0 
64aac8400000-64aac9400000 ---p 00000000 00:00 0                          [anon:mmtk:sidemeta:all:all-quarantined]
64aac9400000-64aac9c00000 rw-p 00000000 00:00 0                          [anon:mmtk:sidemeta:immix:VO_BIT]
64aac9c00000-66aaca400000 ---p 00000000 00:00 0                          [anon:mmtk:sidemeta:all:all-quarantined]
66aaca400000-66aaca800000 rw-p 00000000 00:00 0                          [anon:mmtk:sidemeta:immix:CHUNK_MARK]
66aaca800000-66aacd400000 ---p 00000000 00:00 0                          [anon:mmtk:sidemeta:all:all-quarantined]
66aacd400000-66aacdc00000 rw-p 00000000 00:00 0                          [anon:mmtk:sidemeta:immix:VMGlobalLogBitSpec]
66aacdc00000-68b2cc800000 ---p 00000000 00:00 0                          [anon:mmtk:sidemeta:all:all-quarantined]
68b2cc800000-68b2ccc00000 rw-p 00000000 00:00 0                          [anon:mmtk:sidemeta:immix:IX_LINE_MARK]
68b2ccc00000-6932cc400000 ---p 00000000 00:00 0                          [anon:mmtk:sidemeta:all:all-quarantined]
6932cc400000-6932cc800000 rw-p 00000000 00:00 0                          [anon:mmtk:sidemeta:immix:IX_BLOCK_DEFRAG]
6932cc800000-6933cc400000 ---p 00000000 00:00 0                          [anon:mmtk:sidemeta:all:all-quarantined]
6933cc400000-6933cc800000 rw-p 00000000 00:00 0                          [anon:mmtk:sidemeta:immix:IX_BLOCK_MARK]
6933cc800000-6f554c400000 ---p 00000000 00:00 0                          [anon:mmtk:sidemeta:all:all-quarantined]
6f554c400000-6f554c800000 rw-p 00000000 00:00 0                          [anon:mmtk:sidemeta:los:VMLocalLOSMarkNurserySpec]
6f554c800000-6f574d400000 ---p 00000000 00:00 0                          [anon:mmtk:sidemeta:all:all-quarantined]
6f574d400000-6f574dc00000 rw-p 00000000 00:00 0                          [anon:mmtk:sidemeta:immix:VMLocalMarkBitSpec]
6f574dc00000-71574c400000 ---p 00000000 00:00 0                          [anon:mmtk:sidemeta:all:all-quarantined]
71574c4fd000-71574c501000 ---p 00000000 00:00 0 
71574c501000-71574c5fd000 rw-p 00000000 00:00 0 
71574c5fd000-71574c5fe000 ---p 00000000 00:00 0 
71574c5fe000-71574c6fe000 rw-p 00000000 00:00 0 
71574c6fe000-71574c6ff000 ---p 00000000 00:00 0 
71574c6ff000-71574c7ff000 rw-p 00000000 00:00 0 
71574c7ff000-71576c800000 rw-p 00000000 00:00 0 
71576c800000-71576ced0000 rwxp 00000000 00:00 0 
71576ced0000-715773c17000 ---p 00000000 00:00 0 
715773c17000-715773fa7000 rwxp 00000000 00:00 0 
715773fa7000-7157743e8000 ---p 00000000 00:00 0 
7157743e8000-715774658000 rwxp 00000000 00:00 0 
715774658000-71577b800000 ---p 00000000 00:00 0 
71577b800000-715783fa0000 r--s 00000000 fc:00 49676300                   /mydata/openjdk-mmtk/build/b0test/images/jdk/lib/modules
715784000000-7157847e8000 rw-p 00000000 00:00 0 
7157847e8000-715788000000 ---p 00000000 00:00 0 
71578802d000-715788032000 r--p 00000000 fc:00 49676433                   /mydata/openjdk-mmtk/build/b0test/images/jdk/lib/libjsvml.so
715788032000-715788073000 r-xp 00005000 fc:00 49676433                   /mydata/openjdk-mmtk/build/b0test/images/jdk/lib/libjsvml.so
715788073000-7157880fc000 r--p 00046000 fc:00 49676433                   /mydata/openjdk-mmtk/build/b0test/images/jdk/lib/libjsvml.so
7157880fc000-7157880fd000 r--p 000ce000 fc:00 49676433                   /mydata/openjdk-mmtk/build/b0test/images/jdk/lib/libjsvml.so
7157880fd000-7157880fe000 rw-p 000cf000 fc:00 49676433                   /mydata/openjdk-mmtk/build/b0test/images/jdk/lib/libjsvml.so
7157880fe000-7157880ff000 ---p 00000000 00:00 0 
7157880ff000-7157881ff000 rw-p 00000000 00:00 0 
7157881ff000-715788800000 rw-p 00000000 00:00 0 
715788800000-71578b800000 rw-p 00000000 00:00 0 
71578b800000-71578b80c000 r--p 00000000 fc:00 13107796                   /mydata/gc-bpf-fault/shim/libgcbpf.so
71578b80c000-71578b86e000 r-xp 0000c000 fc:00 13107796                   /mydata/gc-bpf-fault/shim/libgcbpf.so
71578b86e000-71578bade000 r--p 0006e000 fc:00 13107796                   /mydata/gc-bpf-fault/shim/libgcbpf.so
71578bade000-71578bae0000 r--p 002de000 fc:00 13107796                   /mydata/gc-bpf-fault/shim/libgcbpf.so
71578bae0000-71578bae1000 rw-p 002e0000 fc:00 13107796                   /mydata/gc-bpf-fault/shim/libgcbpf.so
71578bae1000-71578bae2000 rw-p 00000000 00:00 0 
71578bb2b000-71578bb2f000 r--p 00000000 fc:00 49676379                   /mydata/openjdk-mmtk/build/b0test/images/jdk/lib/libverify.so
71578bb2f000-71578bb36000 r-xp 00004000 fc:00 49676379                   /mydata/openjdk-mmtk/build/b0test/images/jdk/lib/libverify.so
71578bb36000-71578bb38000 r--p 0000b000 fc:00 49676379                   /mydata/openjdk-mmtk/build/b0test/images/jdk/lib/libverify.so
71578bb38000-71578bb3a000 r--p 0000c000 fc:00 49676379                   /mydata/openjdk-mmtk/build/b0test/images/jdk/lib/libverify.so
71578bb3a000-71578bb3b000 rw-p 0000e000 fc:00 49676379                   /mydata/openjdk-mmtk/build/b0test/images/jdk/lib/libverify.so
71578bb3b000-71578bb3d000 r--p 00000000 fc:00 49676380                   /mydata/openjdk-mmtk/build/b0test/images/jdk/lib/libzip.so
71578bb3d000-71578bb42000 r-xp 00002000 fc:00 49676380                   /mydata/openjdk-mmtk/build/b0test/images/jdk/lib/libzip.so
71578bb42000-71578bb44000 r--p 00007000 fc:00 49676380                   /mydata/openjdk-mmtk/build/b0test/images/jdk/lib/libzip.so
71578bb44000-71578bb45000 r--p 00008000 fc:00 49676380                   /mydata/openjdk-mmtk/build/b0test/images/jdk/lib/libzip.so
71578bb45000-71578bb46000 rw-p 00009000 fc:00 49676380                   /mydata/openjdk-mmtk/build/b0test/images/jdk/lib/libzip.so
71578bb46000-71578bb49000 r--p 00000000 fc:00 49676376                   /mydata/openjdk-mmtk/build/b0test/images/jdk/lib/libnet.so
71578bb49000-71578bb51000 r-xp 00003000 fc:00 49676376                   /mydata/openjdk-mmtk/build/b0test/images/jdk/lib/libnet.so
71578bb51000-71578bb53000 r--p 0000b000 fc:00 49676376                   /mydata/openjdk-mmtk/build/b0test/images/jdk/lib/libnet.so
71578bb53000-71578bb54000 r--p 0000c000 fc:00 49676376                   /mydata/openjdk-mmtk/build/b0test/images/jdk/lib/libnet.so
71578bb54000-71578bb55000 rw-p 0000d000 fc:00 49676376                   /mydata/openjdk-mmtk/build/b0test/images/jdk/lib/libnet.so
71578bb55000-71578bb59000 r--p 00000000 08:03 1410107                    /usr/lib/x86_64-linux-gnu/libzstd.so.1.5.5
71578bb59000-71578bc00000 r-xp 00004000 08:03 1410107                    /usr/lib/x86_64-linux-gnu/libzstd.so.1.5.5
71578bc00000-71578bc0d000 r--p 000ab000 08:03 1410107                    /usr/lib/x86_64-linux-gnu/libzstd.so.1.5.5
71578bc0d000-71578bc0e000 r--p 000b7000 08:03 1410107                    /usr/lib/x86_64-linux-gnu/libzstd.so.1.5.5
71578bc0e000-71578bc0f000 rw-p 000b8000 08:03 1410107                    /usr/lib/x86_64-linux-gnu/libzstd.so.1.5.5
71578bc0f000-71578bc12000 r--p 00000000 08:03 1410420                    /usr/lib/x86_64-linux-gnu/libelf-0.190.so
71578bc12000-71578bc28000 r-xp 00003000 08:03 1410420                    /usr/lib/x86_64-linux-gnu/libelf-0.190.so
71578bc28000-71578bc2c000 r--p 00019000 08:03 1410420                    /usr/lib/x86_64-linux-gnu/libelf-0.190.so
71578bc2c000-71578bc2d000 r--p 0001c000 08:03 1410420                    /usr/lib/x86_64-linux-gnu/libelf-0.190.so
71578bc2d000-71578bc2e000 rw-p 0001d000 08:03 1410420                    /usr/lib/x86_64-linux-gnu/libelf-0.190.so
71578bc2e000-71578bc33000 rw-p 00000000 00:00 0 
71578bc33000-71578bd17000 ---p 00000000 00:00 0 
71578bd17000-71578bd25000 rw-p 00000000 00:00 0 
71578bd25000-71578be00000 ---p 00000000 00:00 0 
71578be00000-71578bf48000 r--p 00000000 fc:00 49676390                   /mydata/openjdk-mmtk/build/b0test/images/jdk/lib/server/libmmtk_openjdk.so
71578bf48000-71578c1c7000 r-xp 00147000 fc:00 49676390                   /mydata/openjdk-mmtk/build/b0test/images/jdk/lib/server/libmmtk_openjdk.so
71578c1c7000-71578c208000 r--p 003c5000 fc:00 49676390                   /mydata/openjdk-mmtk/build/b0test/images/jdk/lib/server/libmmtk_openjdk.so
71578c208000-71578c20a000 rw-p 00405000 fc:00 49676390                   /mydata/openjdk-mmtk/build/b0test/images/jdk/lib/server/libmmtk_openjdk.so
71578c20a000-71578c20d000 rw-p 00000000 00:00 0 
71578c217000-71578c21b000 ---p 00000000 00:00 0 
71578c21b000-71578c317000 rw-p 00000000 00:00 0 
71578c317000-71578c327000 r--p 00000000 08:03 1411099                    /usr/lib/x86_64-linux-gnu/libm.so.6
71578c327000-71578c3a6000 r-xp 00010000 08:03 1411099                    /usr/lib/x86_64-linux-gnu/libm.so.6
71578c3a6000-71578c3fe000 r--p 0008f000 08:03 1411099                    /usr/lib/x86_64-linux-gnu/libm.so.6
71578c3fe000-71578c3ff000 r--p 000e7000 08:03 1411099                    /usr/lib/x86_64-linux-gnu/libm.so.6
71578c3ff000-71578c400000 rw-p 000e8000 08:03 1411099                    /usr/lib/x86_64-linux-gnu/libm.so.6
71578c400000-71578c6a9000 r--p 00000000 fc:00 49676389                   /mydata/openjdk-mmtk/build/b0test/images/jdk/lib/server/libjvm.so
71578c6a9000-71578d53c000 r-xp 002a9000 fc:00 49676389                   /mydata/openjdk-mmtk/build/b0test/images/jdk/lib/server/libjvm.so
71578d53c000-71578d820000 r--p 0113c000 fc:00 49676389                   /mydata/openjdk-mmtk/build/b0test/images/jdk/lib/server/libjvm.so
71578d820000-71578d8f6000 r--p 0141f000 fc:00 49676389                   /mydata/openjdk-mmtk/build/b0test/images/jdk/lib/server/libjvm.so
71578d8f6000-71578d926000 rw-p 014f5000 fc:00 49676389                   /mydata/openjdk-mmtk/build/b0test/images/jdk/lib/server/libjvm.so
71578d926000-71578d98c000 rw-p 00000000 00:00 0 
71578d993000-71578d99a000 r--p 00000000 fc:00 49676377                   /mydata/openjdk-mmtk/build/b0test/images/jdk/lib/libnio.so
71578d99a000-71578d9a3000 r-xp 00007000 fc:00 49676377                   /mydata/openjdk-mmtk/build/b0test/images/jdk/lib/libnio.so
71578d9a3000-71578d9a7000 r--p 00010000 fc:00 49676377                   /mydata/openjdk-mmtk/build/b0test/images/jdk/lib/libnio.so
71578d9a7000-71578d9a8000 r--p 00014000 fc:00 49676377                   /mydata/openjdk-mmtk/build/b0test/images/jdk/lib/libnio.so
71578d9a8000-71578d9a9000 rw-p 00015000 fc:00 49676377                   /mydata/openjdk-mmtk/build/b0test/images/jdk/lib/libnio.so
71578d9a9000-71578d9b1000 rw-p 00000000 00:00 0 
71578d9b1000-71578d9b9000 ---p 00000000 00:00 0 
71578d9b9000-71578d9c6000 r--p 00000000 fc:00 49676369                   /mydata/openjdk-mmtk/build/b0test/images/jdk/lib/libjava.so
71578d9c6000-71578d9d5000 r-xp 0000d000 fc:00 49676369                   /mydata/openjdk-mmtk/build/b0test/images/jdk/lib/libjava.so
71578d9d5000-71578d9da000 r--p 0001c000 fc:00 49676369                   /mydata/openjdk-mmtk/build/b0test/images/jdk/lib/libjava.so
71578d9da000-71578d9db000 r--p 00021000 fc:00 49676369                   /mydata/openjdk-mmtk/build/b0test/images/jdk/lib/libjava.so
71578d9db000-71578d9dc000 rw-p 00022000 fc:00 49676369                   /mydata/openjdk-mmtk/build/b0test/images/jdk/lib/libjava.so
71578d9dc000-71578d9dd000 rw-p 00000000 00:00 0 
71578d9dd000-71578d9e1000 r--p 00000000 fc:00 49676370                   /mydata/openjdk-mmtk/build/b0test/images/jdk/lib/libjimage.so
71578d9e1000-71578d9f8000 r-xp 00004000 fc:00 49676370                   /mydata/openjdk-mmtk/build/b0test/images/jdk/lib/libjimage.so
71578d9f8000-71578d9fd000 r--p 0001b000 fc:00 49676370                   /mydata/openjdk-mmtk/build/b0test/images/jdk/lib/libjimage.so
71578d9fd000-71578d9ff000 r--p 00020000 fc:00 49676370                   /mydata/openjdk-mmtk/build/b0test/images/jdk/lib/libjimage.so
71578d9ff000-71578da00000 rw-p 00022000 fc:00 49676370                   /mydata/openjdk-mmtk/build/b0test/images/jdk/lib/libjimage.so
71578da00000-71578da28000 r--p 00000000 08:03 1410238                    /usr/lib/x86_64-linux-gnu/libc.so.6
71578da28000-71578dbb0000 r-xp 00028000 08:03 1410238                    /usr/lib/x86_64-linux-gnu/libc.so.6
71578dbb0000-71578dbff000 r--p 001b0000 08:03 1410238                    /usr/lib/x86_64-linux-gnu/libc.so.6
71578dbff000-71578dc03000 r--p 001fe000 08:03 1410238                    /usr/lib/x86_64-linux-gnu/libc.so.6
71578dc03000-71578dc05000 rw-p 00202000 08:03 1410238                    /usr/lib/x86_64-linux-gnu/libc.so.6
71578dc05000-71578dc12000 rw-p 00000000 00:00 0 
71578dc14000-71578dc1b000 r--s 00000000 08:03 1436340                    /usr/lib/x86_64-linux-gnu/gconv/gconv-modules.cache
71578dc1b000-71578dc23000 rw-s 00000000 08:03 237600                     /tmp/hsperfdata_root/453808
71578dc23000-71578dc27000 r--p 00000000 08:03 1410148                    /usr/lib/x86_64-linux-gnu/libgcc_s.so.1
71578dc27000-71578dc4b000 r-xp 00004000 08:03 1410148                    /usr/lib/x86_64-linux-gnu/libgcc_s.so.1
71578dc4b000-71578dc4f000 r--p 00028000 08:03 1410148                    /usr/lib/x86_64-linux-gnu/libgcc_s.so.1
71578dc4f000-71578dc50000 r--p 0002b000 08:03 1410148                    /usr/lib/x86_64-linux-gnu/libgcc_s.so.1
71578dc50000-71578dc51000 rw-p 0002c000 08:03 1410148                    /usr/lib/x86_64-linux-gnu/libgcc_s.so.1
71578dc51000-71578dc53000 rw-p 00000000 00:00 0 
71578dc53000-71578dc55000 r--p 00000000 08:03 1409104                    /usr/lib/x86_64-linux-gnu/libz.so.1.3
71578dc55000-71578dc67000 r-xp 00002000 08:03 1409104                    /usr/lib/x86_64-linux-gnu/libz.so.1.3
71578dc67000-71578dc6d000 r--p 00014000 08:03 1409104                    /usr/lib/x86_64-linux-gnu/libz.so.1.3
71578dc6d000-71578dc6e000 r--p 0001a000 08:03 1409104                    /usr/lib/x86_64-linux-gnu/libz.so.1.3
71578dc6e000-71578dc6f000 rw-p 0001b000 08:03 1409104                    /usr/lib/x86_64-linux-gnu/libz.so.1.3
71578dc74000-71578dc75000 rw-s 00000000 00:10 68                         anon_inode:bpf-map
71578dc75000-71578dc76000 r--s 00000000 00:10 68                         anon_inode:bpf-map
71578dc76000-71578dc77000 ---p 00000000 00:00 0 
71578dc77000-71578dc78000 r--p 00000000 00:00 0 
71578dc78000-71578dc79000 ---p 00000000 00:00 0 
71578dc79000-71578dc7b000 r--p 00000000 fc:00 49676372                   /mydata/openjdk-mmtk/build/b0test/images/jdk/lib/libjli.so
71578dc7b000-71578dc85000 r-xp 00002000 fc:00 49676372                   /mydata/openjdk-mmtk/build/b0test/images/jdk/lib/libjli.so
71578dc85000-71578dc88000 r--p 0000c000 fc:00 49676372                   /mydata/openjdk-mmtk/build/b0test/images/jdk/lib/libjli.so
71578dc88000-71578dc89000 r--p 0000f000 fc:00 49676372                   /mydata/openjdk-mmtk/build/b0test/images/jdk/lib/libjli.so
71578dc89000-71578dc8a000 rw-p 00010000 fc:00 49676372                   /mydata/openjdk-mmtk/build/b0test/images/jdk/lib/libjli.so
71578dc8a000-71578dc8c000 rw-p 00000000 00:00 0 
71578dc8c000-71578dc90000 r--p 00000000 00:00 0                          [vvar]
71578dc90000-71578dc92000 r--p 00000000 00:00 0                          [vvar_vclock]
71578dc92000-71578dc94000 r-xp 00000000 00:00 0                          [vdso]
71578dc94000-71578dc95000 r--p 00000000 08:03 1409763                    /usr/lib/x86_64-linux-gnu/ld-linux-x86-64.so.2
71578dc95000-71578dcc0000 r-xp 00001000 08:03 1409763                    /usr/lib/x86_64-linux-gnu/ld-linux-x86-64.so.2
71578dcc0000-71578dcca000 r--p 0002c000 08:03 1409763                    /usr/lib/x86_64-linux-gnu/ld-linux-x86-64.so.2
71578dcca000-71578dccc000 r--p 00036000 08:03 1409763                    /usr/lib/x86_64-linux-gnu/ld-linux-x86-64.so.2
71578dccc000-71578dcce000 rw-p 00038000 08:03 1409763                    /usr/lib/x86_64-linux-gnu/ld-linux-x86-64.so.2
7fff6ba55000-7fff6ba76000 rw-p 00000000 00:00 0                          [stack]
ffffffffff600000-ffffffffff601000 --xp 00000000 00:00 0                  [vsyscall]
Total number of mappings: 552

JVMTI agents: none


VM Arguments:
jvm_args: -XX:+UseThirdPartyHeap -Xms512m -Xmx512m 
java_command: /mydata/dacapo/dacapo-23.11/dacapo-23.11-MR2-chopin.jar xalan -n 3
java_class_path (initial): /mydata/dacapo/dacapo-23.11/dacapo-23.11-MR2-chopin.jar
Launcher Type: SUN_STANDARD

[Global flags]
     intx CICompilerCount                          = 15                                        {product} {ergonomic}
   size_t InitialHeapSize                          = 536870912                                 {product} {command line}
   size_t MaxHeapSize                              = 536870912                                 {product} {command line}
   size_t MinHeapDeltaBytes                        = 524288                                    {product} {ergonomic}
   size_t MinHeapSize                              = 536870912                                 {product} {command line}
    uintx NonNMethodCodeHeapSize                   = 8192380                                {pd product} {ergonomic}
    uintx NonProfiledCodeHeapSize                  = 121732930                              {pd product} {ergonomic}
    uintx ProfiledCodeHeapSize                     = 121732930                              {pd product} {ergonomic}
    uintx ReservedCodeCacheSize                    = 251658240                              {pd product} {ergonomic}
     bool SegmentedCodeCache                       = true                                      {product} {ergonomic}
   size_t SoftMaxHeapSize                          = 536870912                              {manageable} {ergonomic}
     bool UseCompressedOops                        = true                           {product lp64_product} {ergonomic}

Logging:
Log output configuration:
 #0: stdout all=warning uptime,level,tags foldmultilines=false
 #1: stderr all=off uptime,level,tags foldmultilines=false

Release file:
IMPLEMENTOR="N/A"
JAVA_RUNTIME_VERSION="21.0.9-internal-adhoc.talzuss.openjdk-mmtk"
JAVA_VERSION="21.0.9"
JAVA_VERSION_DATE="2025-10-21"
LIBC="gnu"
MODULES="java.base java.compiler java.datatransfer java.xml java.prefs java.desktop java.instrument java.logging java.management java.security.sasl java.naming java.rmi java.management.rmi java.net.http java.scripting java.security.jgss java.transaction.xa java.sql java.sql.rowset java.xml.crypto java.se java.smartcardio jdk.accessibility jdk.internal.jvmstat jdk.attach jdk.charsets jdk.internal.opt jdk.zipfs jdk.compiler jdk.crypto.ec jdk.crypto.cryptoki jdk.dynalink jdk.internal.ed jdk.editpad jdk.hotspot.agent jdk.httpserver jdk.incubator.vector jdk.internal.le jdk.internal.vm.ci jdk.internal.vm.compiler jdk.internal.vm.compiler.management jdk.jartool jdk.javadoc jdk.jcmd jdk.management jdk.management.agent jdk.jconsole jdk.jdeps jdk.jdwp.agent jdk.jdi jdk.jfr jdk.jlink jdk.jpackage jdk.jshell jdk.jsobject jdk.jstatd jdk.localedata jdk.management.jfr jdk.naming.dns jdk.naming.rmi jdk.net jdk.nio.mapmode jdk.random jdk.sctp jdk.security.auth jdk.security.jgss jdk.unsupported jdk.unsupported.desktop jdk.xml.dom"
OS_ARCH="x86_64"
OS_NAME="Linux"
SOURCE=".:git:b557520f04b3+"

Environment Variables:
PATH=/usr/local/sbin:/usr/local/bin:/usr/sbin:/usr/bin:/sbin:/bin:/snap/bin
SHELL=/bin/bash
LANG=en_US.UTF-8
TERM=tmux-256color

Active Locale:
LC_ALL=en_US.UTF-8
LC_COLLATE=en_US.UTF-8
LC_CTYPE=en_US.UTF-8
LC_MESSAGES=en_US.UTF-8
LC_MONETARY=en_US.UTF-8
LC_NUMERIC=en_US.UTF-8
LC_TIME=en_US.UTF-8

Signal Handlers:
   SIGSEGV: crash_handler in libjvm.so, mask=11100100010111111101111111111110, flags=SA_RESTART|SA_SIGINFO, unblocked
    SIGBUS: crash_handler in libjvm.so, mask=11100100010111111101111111111110, flags=SA_RESTART|SA_SIGINFO, unblocked
    SIGFPE: crash_handler in libjvm.so, mask=11100100010111111101111111111110, flags=SA_RESTART|SA_SIGINFO, unblocked
   SIGPIPE: javaSignalHandler in libjvm.so, mask=11100100010111111101111111111110, flags=SA_RESTART|SA_SIGINFO, blocked
   SIGXFSZ: javaSignalHandler in libjvm.so, mask=11100100010111111101111111111110, flags=SA_RESTART|SA_SIGINFO, blocked
    SIGILL: crash_handler in libjvm.so, mask=11100100010111111101111111111110, flags=SA_RESTART|SA_SIGINFO, unblocked
   SIGUSR2: SR_handler in libjvm.so, mask=00000000000000000000000000000000, flags=SA_RESTART|SA_SIGINFO, blocked
    SIGHUP: UserHandler in libjvm.so, mask=11100100010111111101111111111110, flags=SA_RESTART|SA_SIGINFO, blocked
    SIGINT: UserHandler in libjvm.so, mask=11100100010111111101111111111110, flags=SA_RESTART|SA_SIGINFO, blocked
   SIGTERM: UserHandler in libjvm.so, mask=11100100010111111101111111111110, flags=SA_RESTART|SA_SIGINFO, blocked
   SIGQUIT: UserHandler in libjvm.so, mask=11100100010111111101111111111110, flags=SA_RESTART|SA_SIGINFO, blocked
   SIGTRAP: crash_handler in libjvm.so, mask=11100100010111111101111111111110, flags=SA_RESTART|SA_SIGINFO, unblocked


Periodic native trim disabled

---------------  S Y S T E M  ---------------

OS:
DISTRIB_ID=Ubuntu
DISTRIB_RELEASE=24.04
DISTRIB_CODENAME=noble
DISTRIB_DESCRIPTION="Ubuntu 24.04.4 LTS"
uname: Linux 6.17.0-bpf-fault+ #1 SMP PREEMPT_DYNAMIC Mon Jul  6 16:43:12 MDT 2026 x86_64
OS uptime: 1 days 3:13 hours
libc: glibc 2.39 NPTL 2.39 
rlimit (soft/hard): STACK 8192k/infinity , CORE 0k/0k , NPROC 513205/513205 , NOFILE 1048576/1048576 , AS infinity/infinity , CPU infinity/infinity , DATA infinity/infinity , FSIZE infinity/infinity , MEMLOCK 16436528k/16436528k
load average: 1.77 1.44 1.10

/proc/meminfo:
MemTotal:       131492232 kB
MemFree:        64745236 kB
MemAvailable:   112020992 kB
Buffers:          568668 kB
Cached:         45964744 kB
SwapCached:            0 kB
Active:          4456168 kB
Inactive:       45710356 kB
Active(anon):    3649704 kB
Inactive(anon):        0 kB
Active(file):     806464 kB
Inactive(file): 45710356 kB
Unevictable:       41912 kB
Mlocked:           38840 kB
SwapTotal:       8388604 kB
SwapFree:        8388604 kB
Zswap:                 0 kB
Zswapped:              0 kB
Dirty:             13360 kB
Writeback:             0 kB
AnonPages:       3677144 kB
Mapped:         12904316 kB
Shmem:              5316 kB
KReclaimable:    2010620 kB
Slab:            2552948 kB
SReclaimable:    2010620 kB
SUnreclaim:       542328 kB
KernelStack:       13072 kB
PageTables:        72788 kB
SecPageTables:      9444 kB
NFS_Unstable:          0 kB
Bounce:                0 kB
WritebackTmp:          0 kB
CommitLimit:    74134720 kB
Committed_AS:   165143084 kB
VmallocTotal:   34359738367 kB
VmallocUsed:       39020 kB
VmallocChunk:          0 kB
Percpu:            51072 kB
HardwareCorrupted:     0 kB
AnonHugePages:         0 kB
ShmemHugePages:        0 kB
ShmemPmdMapped:        0 kB
FileHugePages:   2177024 kB
FilePmdMapped:         0 kB
Unaccepted:            0 kB
Balloon:               0 kB
HugePages_Total:       0
HugePages_Free:        0
HugePages_Rsvd:        0
HugePages_Surp:        0
Hugepagesize:       2048 kB
Hugetlb:               0 kB
DirectMap4k:     1139520 kB
DirectMap2M:    30953472 kB
DirectMap1G:    101711872 kB

/sys/kernel/mm/transparent_hugepage/enabled: always [madvise] never
/sys/kernel/mm/transparent_hugepage/hpage_pmd_size: 2097152
/sys/kernel/mm/transparent_hugepage/defrag (defrag/compaction efforts parameter): always defer defer+madvise [madvise] never

Process Memory:
Virtual Size: 13620346972K (peak: 13620346972K)
Resident Set Size: 4260520K (peak: 4260520K) (anon: 1087348K, file: 3173172K, shmem: 0K)
Swapped out: 0K
C-Heap outstanding allocations: 1412128K, retained: 39075K
glibc malloc tunables: (default)

/proc/sys/kernel/threads-max (system-wide limit on the number of threads): 1026411
/proc/sys/vm/max_map_count (maximum number of memory map areas a process may have): 1048576
/proc/sys/vm/swappiness (control to define how aggressively the kernel swaps out anonymous memory): 60
/proc/sys/kernel/pid_max (system-wide limit on number of process identifiers): 4194304

container information not found.
Steal ticks since vm start: 0
Steal ticks percentage since vm start:  0.000

CPU: total 32 (initial active 32) (32 cores per cpu, 2 threads per core) family 23 model 49 stepping 0 microcode 0x830107c, cx8, cmov, fxsr, ht, mmx, 3dnowpref, sse, sse2, sse3, ssse3, sse4a, sse4.1, sse4.2, popcnt, lzcnt, tsc, tscinvbit, avx, avx2, aes, clmul, bmi1, bmi2, adx, sha, fma, vzeroupper, clflush, clflushopt, rdtscp, rdpid, f16c
CPU Model and flags from /proc/cpuinfo:
model name	: AMD EPYC 7302P 16-Core Processor
flags		: fpu vme de pse tsc msr pae mce cx8 apic sep mtrr pge mca cmov pat pse36 clflush mmx fxsr sse sse2 ht syscall nx mmxext fxsr_opt pdpe1gb rdtscp lm constant_tsc rep_good nopl xtopology nonstop_tsc cpuid extd_apicid aperfmperf rapl pni pclmulqdq monitor ssse3 fma cx16 sse4_1 sse4_2 movbe popcnt aes xsave avx f16c rdrand lahf_lm cmp_legacy svm extapic cr8_legacy abm sse4a misalignsse 3dnowprefetch osvw ibs skinit wdt tce topoext perfctr_core perfctr_nb bpext perfctr_llc mwaitx cpb cat_l3 cdp_l3 hw_pstate ssbd mba ibrs ibpb stibp vmmcall fsgsbase bmi1 avx2 smep bmi2 cqm rdt_a rdseed adx smap clflushopt clwb sha_ni xsaveopt xsavec xgetbv1 xsaves cqm_llc cqm_occup_llc cqm_mbm_total cqm_mbm_local clzero irperf xsaveerptr rdpru wbnoinvd amd_ppin arat npt lbrv svm_lock nrip_save tsc_scale vmcb_clean flushbyasid decodeassists pausefilter pfthreshold avic v_vmsave_vmload vgif v_spec_ctrl umip rdpid overflow_recov succor smca sev sev_es

Online cpus: 0-31
Offline cpus: 
BIOS frequency limitation: <Not Available>
Frequency switch latency (ns): <Not Available>
Available cpu frequencies: <Not Available>
Current governor: <Not Available>
Core performance/turbo boost: <Not Available>

Memory: 4k page, physical 131492232k(112020992k free), swap 8388604k(8388604k free)
Page Sizes: 4k

vm_info: OpenJDK 64-Bit Server VM (21.0.9-internal-adhoc.talzuss.openjdk-mmtk) for linux-amd64 JRE (21.0.9-internal-adhoc.talzuss.openjdk-mmtk), built on 2026-07-06T23:13:08Z by "talzuss" with gcc 13.3.0
heap_info: MMTk OpenJDK 0.32.0 (f59b93a-dirty), using MMTk 0.32.0 (3ecdf08-dirty, BUILTIN_ENV_LOGGER, DEFAULT, EAGER_SWEEPING, VO_BIT)@

END.
