#
# A fatal error has been detected by the Java Runtime Environment:
#
#  SIGSEGV (0xb) at pc=0x000078c9d69d3661, pid=368883, tid=368905
#
# JRE version: OpenJDK Runtime Environment (21.0.9) (build 21.0.9-internal-adhoc.talzuss.openjdk-mmtk)
# Java VM: OpenJDK 64-Bit Server VM (21.0.9-internal-adhoc.talzuss.openjdk-mmtk, mixed mode, sharing, tiered, compressed oops, compressed class ptrs, third-party gc, linux-amd64)
# Problematic frame:
# C  [libmmtk_openjdk.so+0x1d3661]  mmtk::util::metadata::side_metadata::global::SideMetadataSpec::side_metadata_access::h2ebe702d7e44aa43+0xa1
#
# Core dump will be written. Default location: Core dumps may be processed with "/usr/share/apport/apport -p%p -s%s -c%c -d%d -P%P -u%u -g%g -F%F -- %E" (or dumping to /mydata/mmtk-core/core.368883)
#
# If you would like to submit a bug report, please visit:
#   https://bugreport.java.com/bugreport/crash.jsp
#

---------------  S U M M A R Y ------------

Command Line: -XX:+UseThirdPartyHeap -Xms512m -Xmx512m /mydata/dacapo/dacapo-23.11/dacapo-23.11-MR2-chopin.jar xalan -n 3

Host: AMD EPYC 7302P 16-Core Processor, 32 cores, 125G, Ubuntu 24.04.4 LTS
Time: Tue Jul  7 16:44:14 2026 MDT elapsed time: 3.037114 seconds (0d 0h 0m 3s)

---------------  T H R E A D  ---------------

Current thread (0x000078c9d053c220):  NamedThread "MMTk Collector Thread" [id=368905, stack(0x000078c9d45f4000,0x000078c9d46f4000) (1024K)]

Stack: [0x000078c9d45f4000,0x000078c9d46f4000],  sp=0x000078c9d46f28b0,  free space=1018k
Native frames: (J=compiled Java code, j=interpreted, Vv=VM code, C=native code)
C  [libmmtk_openjdk.so+0x1d3661]  mmtk::util::metadata::side_metadata::global::SideMetadataSpec::side_metadata_access::h2ebe702d7e44aa43+0xa1

siginfo: si_signo: 11 (SIGSEGV), si_code: 2 (SEGV_ACCERR), si_addr: 0x000076c998400000

Registers:
RAX=0x000078c9d69d3661, RBX=0x00000000000a5448, RCX=0x000078c9d6878914, RDX=0x0000000000000000
RSP=0x000078c9d46f28b0, RBP=0x0000000000000000, RSI=0x0000000000000001, RDI=0x000078c9d46f2990
R8 =0x000076c998400000, R9 =0xffffffffffffff01, R10=0x0000000000000007, R11=0x112f396e1f185dd6
R12=0x00006c1c480225d0, R13=0x0000000000000001, R14=0x0000000000000008, R15=0x000078c9d46f2990
RIP=0x000078c9d69d3661, EFLAGS=0x0000000000010212, CSGSFS=0x002b000000000033, ERR=0x0000000000000004
  TRAPNO=0x000000000000000e

XMM[0]=0x0000000000000000 0x0000000000000000
XMM[1]=0x0000000000000000 0x00006c1c48000090
XMM[2]=0x00000000503fa168 0x00000000503fa130
XMM[3]=0x00000000503fa218 0x00000000503fa1e0
XMM[4]=0x00000000503fa230 0x00000000503fa218
XMM[5]=0x00000000503fa190 0x00000000503fa168
XMM[6]=0x00000000503fa0e0 0x00000000503fa0c8
XMM[7]=0x00000000503fa040 0x00000000503fa008
XMM[8]=0x0000000000000007 0x0000000000000006
XMM[9]=0x0000000000000000 0x0000000000000000
XMM[10]=0x3f3f3f3f3f3f3f3f 0x3f3f3f3f3f3f3f3f
XMM[11]=0x9999999999999999 0x9999999999999999
XMM[12]=0x2020202020202020 0x2020202020202020
XMM[13]=0x0000000000000000 0x0000000000000000
XMM[14]=0x0000000000000000 0x0000000000000000
XMM[15]=0x0000000000000000 0x0000000000000000
  MXCSR=0x00001fa2


Register to memory mapping:

RAX=
[error occurred during error reporting (printing register info), id 0xe0000000, Internal Error (/mydata/mmtk-openjdk/openjdk/share/mmtkHeap.cpp:444)]
RBX=
[error occurred during error reporting (printing register info, attempt 2), id 0xe0000000, Internal Error (/mydata/mmtk-openjdk/openjdk/share/mmtkHeap.cpp:444)]
RCX=
[error occurred during error reporting (printing register info, attempt 3), id 0xe0000000, Internal Error (/mydata/mmtk-openjdk/openjdk/share/mmtkHeap.cpp:444)]
Top of Stack: (sp=0x000078c9d46f28b0)
0x000078c9d46f28b0:   0000000000000001 000000000000005e
0x000078c9d46f28c0:   000000000207f600 000000000000005e
0x000078c9d46f28d0:   000000000207f600 000078c9d6c08c08
0x000078c9d46f28e0:   00000000503f9ff0 000078c9d6af6991
0x000078c9d46f28f0:   0000000000008000 00006c1c9b1b70e0
0x000078c9d46f2900:   000078c9d6c08f04 00006c1c6400a9c0
0x000078c9d46f2910:   000078c9d46f2950 000078c9d03e0210
0x000078c9d46f2920:   00000000503a0820 0000000000020000
0x000078c9d46f2930:   00006c1c480225d0 0000000000014a89
0x000078c9d46f2940:   0000000000000000 0000000000000008
0x000078c9d46f2950:   0000000000000000 0000000000000000
0x000078c9d46f2960:   00006c1c480225d0 00006c1c28001f48
0x000078c9d46f2970:   000078c9d052d3d0 0000000000000040
0x000078c9d46f2980:   0000000000000000 00006c1c48009da0
0x000078c9d46f2990:   000078c9d6be47d8 000078c9d46f29d0
0x000078c9d46f29a0:   000078c9d46f2900 000078c9d46f2a38
0x000078c9d46f29b0:   000078c9d46f2a30 000078c9d46f2a0f
0x000078c9d46f29c0:   000078c9d46f2a18 000078c9d46f2928
0x000078c9d46f29d0:   0000000000000003 0000000000000000
0x000078c9d46f29e0:   000078c9d006d400 000078c9d052d270
0x000078c9d46f29f0:   000078c9d46f2a00 000078c9d6af1e63
0x000078c9d46f2a00:   00006c1c4800a088 0000000000000001
0x000078c9d46f2a10:   00006c1c4800a090 0000000000000400
0x000078c9d46f2a20:   00006c1c480064b0 00000000000002f3
0x000078c9d46f2a30:   0000000040000000 00000000503fa000
0x000078c9d46f2a40:   00000000000103fa 000078c9d46f2960
0x000078c9d46f2a50:   000078c9d6c08c08 000078c9d6c08fc0
0x000078c9d46f2a60:   0000000000000080 00006c1c9b1b6e58
0x000078c9d46f2a70:   0000000000000000 000078c9d46f29d0
0x000078c9d46f2a80:   00006c1c48007c48 00006c1c48007c48
0x000078c9d46f2a90:   000078c9d006ef00 000078c9d006ec00
0x000078c9d46f2aa0:   000078c9d006e900 000078c9d006e600 

Instructions: (pc=0x000078c9d69d3661)
0x000078c9d69d3561:   0f 57 c0 0f 11 44 24 20 48 8d 35 c0 0b 20 00 48
0x000078c9d69d3571:   8d 7c 24 08 e8 76 2a fc ff 48 8d 05 47 0b 20 00
0x000078c9d69d3581:   48 89 44 24 08 48 c7 44 24 10 01 00 00 00 48 c7
0x000078c9d69d3591:   44 24 18 08 00 00 00 0f 57 c0 0f 11 44 24 20 48
0x000078c9d69d35a1:   8d 35 71 0b 20 00 48 8d 7c 24 08 e8 3f 2a fc ff
0x000078c9d69d35b1:   cc cc cc cc cc cc cc cc cc cc cc cc cc cc cc 48
0x000078c9d69d35c1:   83 ec 38 48 8b 37 4c 8b 4f 08 4d 8b 01 48 8b 46
0x000078c9d69d35d1:   18 48 8b 4e 20 ba 03 00 00 00 29 c2 0f 88 8e 00
0x000078c9d69d35e1:   00 00 48 8b 46 10 44 8b 15 3a 57 23 00 48 03 05
0x000078c9d69d35f1:   2b 57 23 00 49 d3 e8 89 d1 49 d3 e8 49 01 c0 48
0x000078c9d69d3601:   8b 46 18 48 83 f8 03 0f 83 90 00 00 00 41 ba 07
0x000078c9d69d3611:   00 00 00 89 c1 49 d3 ea 49 8b 11 0f b6 4e 20 48
0x000078c9d69d3621:   d3 ea 44 21 d2 89 c1 48 d3 e2 be 01 00 00 00 48
0x000078c9d69d3631:   d3 e6 49 c7 c1 ff ff ff ff 89 f1 49 d3 e1 41 f6
0x000078c9d69d3641:   d1 80 e2 07 89 d1 41 d2 e1 48 8b 47 10 0f b6 00
0x000078c9d69d3651:   48 8d 0d bc 52 ea ff 48 63 04 81 48 01 c8 ff e0
0x000078c9d69d3661:   41 0f b6 00 44 20 c8 89 d1 d2 e8 48 83 c4 38 c3
0x000078c9d69d3671:   48 8b 56 10 44 8b 15 ac 56 23 00 49 d3 e8 48 03
0x000078c9d69d3681:   15 9a 56 23 00 04 3d 89 c1 49 d3 e0 49 01 d0 48
0x000078c9d69d3691:   8b 46 18 48 83 f8 03 0f 82 70 ff ff ff 48 8b 47
0x000078c9d69d36a1:   10 0f b6 00 48 8d 0d 54 52 ea ff 48 63 04 81 48
0x000078c9d69d36b1:   01 c8 ff e0 41 0f b6 00 48 83 c4 38 c3 48 8d 05
0x000078c9d69d36c1:   b3 09 20 00 48 89 44 24 08 48 c7 44 24 10 01 00
0x000078c9d69d36d1:   00 00 48 c7 44 24 18 08 00 00 00 0f 57 c0 0f 11
0x000078c9d69d36e1:   44 24 20 48 8d 35 9d 09 20 00 48 8d 7c 24 08 e8
0x000078c9d69d36f1:   fb 28 fc ff 48 8d 05 a4 09 20 00 48 89 44 24 08
0x000078c9d69d3701:   48 c7 44 24 10 01 00 00 00 48 c7 44 24 18 08 00
0x000078c9d69d3711:   00 00 0f 57 c0 0f 11 44 24 20 48 8d 35 8e 09 20
0x000078c9d69d3721:   00 48 8d 7c 24 08 e8 c4 28 fc ff cc cc cc cc 48
0x000078c9d69d3731:   8b 37 4c 8b 4f 08 4d 8b 01 48 8b 46 18 48 8b 4e
0x000078c9d69d3741:   20 ba 03 00 00 00 29 c2 78 1f 48 8b 46 10 44 8b
0x000078c9d69d3751:   15 d2 55 23 00 48 03 05 c3 55 23 00 49 d3 e8 89 


Stack slot to memory mapping:

stack at sp + 0 slots: 
[error occurred during error reporting (inspecting top of stack), id 0xe0000000, Internal Error (/mydata/mmtk-openjdk/openjdk/share/mmtkHeap.cpp:444)]
stack at sp + 1 slots: 
[error occurred during error reporting (inspecting top of stack, attempt 2), id 0xe0000000, Internal Error (/mydata/mmtk-openjdk/openjdk/share/mmtkHeap.cpp:444)]
stack at sp + 2 slots: 
[error occurred during error reporting (inspecting top of stack, attempt 3), id 0xe0000000, Internal Error (/mydata/mmtk-openjdk/openjdk/share/mmtkHeap.cpp:444)]

---------------  P R O C E S S  ---------------

Threads class SMR info:
_java_thread_list=0x00006c1b6c0054d0, length=56, elements={
0x000078c9d002b240, 0x000078c9d0527120, 0x000078c9d05289b0, 0x000078c9d052a4a0,
0x000078c9d0548cf0, 0x000078c9d054a640, 0x000078c9d054bf00, 0x000078c9d054dd40,
0x000078c9d054f720, 0x00006c1c1404d510, 0x00006c1c08001610, 0x000078c9d059e5b0,
0x000078c9d05a15b0, 0x00006c1c08015cd0, 0x00006c1c0c02dde0, 0x00006c1c100a0b60,
0x00006c1c100a2100, 0x000078c9d07ad2c0, 0x000078c9d07b0480, 0x000078c9d07b1630,
0x000078c9d07badb0, 0x000078c9d07bc030, 0x000078c9d07bd3c0, 0x000078c9d07be790,
0x000078c9d07bfd00, 0x000078c9d07c10d0, 0x000078c9d07c2580, 0x000078c9d07c3b10,
0x000078c9d07c50a0, 0x000078c9d07c6550, 0x000078c9d07c7a00, 0x000078c9d07c8da0,
0x000078c9d07ca250, 0x000078c9d07cba90, 0x000078c9d07cd050, 0x000078c9d07ce4f0,
0x000078c9d03e1af0, 0x000078c9d03e2c40, 0x000078c9d03e4220, 0x000078c9d07b2ce0,
0x000078c9d07b4100, 0x000078c9d07b55a0, 0x000078c9d07b6a40, 0x000078c9d07b7ee0,
0x000078c9d07b9380, 0x000078c9d05b9ac0, 0x000078c9d05bb030, 0x000078c9d05bc4d0,
0x000078c9d05bdd60, 0x00006c1c10126070, 0x00006c1c081127c0, 0x00006c1c0c14c340,
0x00006c1c081151f0, 0x00006c1b600022b0, 0x00006c1b6c002a90, 0x00006c1b6c004200
}

Java Threads: ( => current thread )
  0x000078c9d002b240 JavaThread "main"                              [_thread_blocked, id=368884, stack(0x000078c9d6c17000,0x000078c9d6d17000) (1024K)]
  0x000078c9d0527120 JavaThread "Reference Handler"          daemon [_thread_blocked, id=368890, stack(0x000078c9d5500000,0x000078c9d5600000) (1024K)]
  0x000078c9d05289b0 JavaThread "Finalizer"                  daemon [_thread_blocked, id=368891, stack(0x000078c9d5400000,0x000078c9d5500000) (1024K)]
  0x000078c9d052a4a0 JavaThread "MMTk Finalizer Thread"      daemon [_thread_blocked, id=368892, stack(0x000078c9d5300000,0x000078c9d5400000) (1024K)]
  0x000078c9d0548cf0 JavaThread "Signal Dispatcher"          daemon [_thread_blocked, id=368916, stack(0x00006c1ce0fff000,0x00006c1ce10ff000) (1024K)]
  0x000078c9d054a640 JavaThread "Service Thread"             daemon [_thread_blocked, id=368917, stack(0x00006c1ce0eff000,0x00006c1ce0fff000) (1024K)]
  0x000078c9d054bf00 JavaThread "Monitor Deflation Thread"   daemon [_thread_blocked, id=368918, stack(0x00006c1ce0dff000,0x00006c1ce0eff000) (1024K)]
  0x000078c9d054dd40 JavaThread "C2 CompilerThread0"         daemon [_thread_blocked, id=368919, stack(0x00006c1ce0cff000,0x00006c1ce0dff000) (1024K)]
  0x000078c9d054f720 JavaThread "C1 CompilerThread0"         daemon [_thread_blocked, id=368920, stack(0x00006c1ce0bff000,0x00006c1ce0cff000) (1024K)]
  0x00006c1c1404d510 JavaThread "C1 CompilerThread1"         daemon [_thread_blocked, id=368921, stack(0x00006c1ce0aff000,0x00006c1ce0bff000) (1024K)]
  0x00006c1c08001610 JavaThread "C1 CompilerThread2"         daemon [_thread_blocked, id=368922, stack(0x00006c1ce09ff000,0x00006c1ce0aff000) (1024K)]
  0x000078c9d059e5b0 JavaThread "Notification Thread"        daemon [_thread_blocked, id=368923, stack(0x00006c1ce08ff000,0x00006c1ce09ff000) (1024K)]
  0x000078c9d05a15b0 JavaThread "Common-Cleaner"             daemon [_thread_blocked, id=368924, stack(0x00006c1ce07ff000,0x00006c1ce08ff000) (1024K)]
  0x00006c1c08015cd0 JavaThread "C2 CompilerThread1"         daemon [_thread_blocked, id=368925, stack(0x00006c1ce06ff000,0x00006c1ce07ff000) (1024K)]
  0x00006c1c0c02dde0 JavaThread "C1 CompilerThread3"         daemon [_thread_blocked, id=368926, stack(0x00006c1ce05ff000,0x00006c1ce06ff000) (1024K)]
  0x00006c1c100a0b60 JavaThread "C2 CompilerThread2"         daemon [_thread_blocked, id=368927, stack(0x00006c1ce04ff000,0x00006c1ce05ff000) (1024K)]
  0x00006c1c100a2100 JavaThread "C2 CompilerThread3"         daemon [_thread_blocked, id=368928, stack(0x00006c1ce03ff000,0x00006c1ce04ff000) (1024K)]
  0x000078c9d07ad2c0 JavaThread "Thread-0"                          [_thread_blocked, id=368929, stack(0x00006c1ce02ff000,0x00006c1ce03ff000) (1024K)]
  0x000078c9d07b0480 JavaThread "Thread-1"                          [_thread_blocked, id=368930, stack(0x00006c1ce01ff000,0x00006c1ce02ff000) (1024K)]
  0x000078c9d07b1630 JavaThread "Thread-2"                          [_thread_blocked, id=368931, stack(0x00006c1ce00ff000,0x00006c1ce01ff000) (1024K)]
  0x000078c9d07badb0 JavaThread "Thread-3"                          [_thread_blocked, id=368932, stack(0x00006c1c9af00000,0x00006c1c9b000000) (1024K)]
  0x000078c9d07bc030 JavaThread "Thread-4"                          [_thread_blocked, id=368933, stack(0x00006c1c9ae00000,0x00006c1c9af00000) (1024K)]
  0x000078c9d07bd3c0 JavaThread "Thread-5"                          [_thread_blocked, id=368934, stack(0x00006c1c9ad00000,0x00006c1c9ae00000) (1024K)]
  0x000078c9d07be790 JavaThread "Thread-6"                          [_thread_blocked, id=368935, stack(0x00006c1c9ac00000,0x00006c1c9ad00000) (1024K)]
  0x000078c9d07bfd00 JavaThread "Thread-7"                          [_thread_blocked, id=368936, stack(0x00006c1c9ab00000,0x00006c1c9ac00000) (1024K)]
  0x000078c9d07c10d0 JavaThread "Thread-8"                          [_thread_blocked, id=368937, stack(0x00006c1c9aa00000,0x00006c1c9ab00000) (1024K)]
  0x000078c9d07c2580 JavaThread "Thread-9"                          [_thread_blocked, id=368938, stack(0x00006c1c9a900000,0x00006c1c9aa00000) (1024K)]
  0x000078c9d07c3b10 JavaThread "Thread-10"                         [_thread_blocked, id=368939, stack(0x00006c1c9a800000,0x00006c1c9a900000) (1024K)]
  0x000078c9d07c50a0 JavaThread "Thread-11"                         [_thread_blocked, id=368940, stack(0x00006c1c9a700000,0x00006c1c9a800000) (1024K)]
  0x000078c9d07c6550 JavaThread "Thread-12"                         [_thread_blocked, id=368941, stack(0x00006c1c9a600000,0x00006c1c9a700000) (1024K)]
  0x000078c9d07c7a00 JavaThread "Thread-13"                         [_thread_blocked, id=368942, stack(0x00006c1c9a500000,0x00006c1c9a600000) (1024K)]
  0x000078c9d07c8da0 JavaThread "Thread-14"                         [_thread_blocked, id=368943, stack(0x00006c1c9a400000,0x00006c1c9a500000) (1024K)]
  0x000078c9d07ca250 JavaThread "Thread-15"                         [_thread_blocked, id=368944, stack(0x00006c1c9a300000,0x00006c1c9a400000) (1024K)]
  0x000078c9d07cba90 JavaThread "Thread-16"                         [_thread_blocked, id=368945, stack(0x00006c1c9a200000,0x00006c1c9a300000) (1024K)]
  0x000078c9d07cd050 JavaThread "Thread-17"                         [_thread_blocked, id=368946, stack(0x00006c1c9a100000,0x00006c1c9a200000) (1024K)]
  0x000078c9d07ce4f0 JavaThread "Thread-18"                         [_thread_blocked, id=368947, stack(0x00006c1c9a000000,0x00006c1c9a100000) (1024K)]
  0x000078c9d03e1af0 JavaThread "Thread-19"                         [_thread_blocked, id=368948, stack(0x00006c1c99f00000,0x00006c1c9a000000) (1024K)]
  0x000078c9d03e2c40 JavaThread "Thread-20"                         [_thread_blocked, id=368949, stack(0x00006c1c99e00000,0x00006c1c99f00000) (1024K)]
  0x000078c9d03e4220 JavaThread "Thread-21"                         [_thread_blocked, id=368950, stack(0x00006c1c99d00000,0x00006c1c99e00000) (1024K)]
  0x000078c9d07b2ce0 JavaThread "Thread-22"                         [_thread_blocked, id=368951, stack(0x00006c1c99c00000,0x00006c1c99d00000) (1024K)]
  0x000078c9d07b4100 JavaThread "Thread-23"                         [_thread_blocked, id=368952, stack(0x00006c1c99b00000,0x00006c1c99c00000) (1024K)]
  0x000078c9d07b55a0 JavaThread "Thread-24"                         [_thread_blocked, id=368953, stack(0x00006c1c99a00000,0x00006c1c99b00000) (1024K)]
  0x000078c9d07b6a40 JavaThread "Thread-25"                         [_thread_blocked, id=368954, stack(0x00006c1c99900000,0x00006c1c99a00000) (1024K)]
  0x000078c9d07b7ee0 JavaThread "Thread-26"                         [_thread_blocked, id=368955, stack(0x00006c1c99800000,0x00006c1c99900000) (1024K)]
  0x000078c9d07b9380 JavaThread "Thread-27"                         [_thread_blocked, id=368956, stack(0x00006c1c99700000,0x00006c1c99800000) (1024K)]
  0x000078c9d05b9ac0 JavaThread "Thread-28"                         [_thread_blocked, id=368957, stack(0x00006c1c99600000,0x00006c1c99700000) (1024K)]
  0x000078c9d05bb030 JavaThread "Thread-29"                         [_thread_blocked, id=368958, stack(0x00006c1c99500000,0x00006c1c99600000) (1024K)]
  0x000078c9d05bc4d0 JavaThread "Thread-30"                         [_thread_blocked, id=368959, stack(0x00006c1c99400000,0x00006c1c99500000) (1024K)]
  0x000078c9d05bdd60 JavaThread "Thread-31"                         [_thread_blocked, id=368960, stack(0x00006c1c99300000,0x00006c1c99400000) (1024K)]
  0x00006c1c10126070 JavaThread "C2 CompilerThread4"         daemon [_thread_blocked, id=368961, stack(0x00006c1c99200000,0x00006c1c99300000) (1024K)]
  0x00006c1c081127c0 JavaThread "C1 CompilerThread4"         daemon [_thread_blocked, id=368962, stack(0x00006c1c99100000,0x00006c1c99200000) (1024K)]
  0x00006c1c0c14c340 JavaThread "C2 CompilerThread5"         daemon [_thread_blocked, id=368963, stack(0x00006c1c99000000,0x00006c1c99100000) (1024K)]
  0x00006c1c081151f0 JavaThread "C2 CompilerThread6"         daemon [_thread_blocked, id=368964, stack(0x00006c1c98f00000,0x00006c1c99000000) (1024K)]
  0x00006c1b600022b0 JavaThread "C2 CompilerThread7"         daemon [_thread_in_native, id=368965, stack(0x00006c1c98e00000,0x00006c1c98f00000) (1024K)]
  0x00006c1b6c002a90 JavaThread "C2 CompilerThread8"         daemon [_thread_in_native, id=368966, stack(0x00006c1c98d00000,0x00006c1c98e00000) (1024K)]
  0x00006c1b6c004200 JavaThread "C2 CompilerThread9"         daemon [_thread_blocked, id=368967, stack(0x00006c1c98c00000,0x00006c1c98d00000) (1024K)]
Total: 56

Other Threads:
  0x000078c9d051bc90 VMThread "VM Thread"                           [id=368889, stack(0x000078c9d58fd000,0x000078c9d59fd000) (1024K)]
  0x000078c9d0509860 WatcherThread "VM Periodic Task Thread"        [id=368888, stack(0x000078c9d59fe000,0x000078c9d5afe000) (1024K)]

=>0x000078c9d053c220 (exited) NamedThread "MMTk Collector Thread"   [id=368905, stack(0x000078c9d45f4000,0x000078c9d46f4000) (1024K)]
Total: 3

Threads with active compile tasks:
C2 CompilerThread0  3040 2223       4       org.apache.xml.dtm.ref.DTMDefaultBase::ensureSizeOfIndex (201 bytes)
C2 CompilerThread1  3040 2448       4       org.apache.xpath.axes.LocPathIterator::asIterator (26 bytes)
C2 CompilerThread2  3040 2463   !   4       org.apache.xalan.templates.ElemApplyTemplates::execute (141 bytes)
C2 CompilerThread3  3040 2851       4       org.apache.xerces.impl.XMLNSDocumentScannerImpl::scanStartElement (866 bytes)
C2 CompilerThread4  3040 2126       4       org.apache.xerces.impl.XMLNSDocumentScannerImpl::scanEndElement (188 bytes)
C2 CompilerThread5  3040 2474       4       org.apache.xml.serializer.SerializerBase::getProp (62 bytes)
C2 CompilerThread6  3040 2818 % !   4       org.apache.xerces.impl.XMLDocumentFragmentScannerImpl$FragmentContentDispatcher::dispatch @ 0 (1118 bytes)
C2 CompilerThread7  3040 2146       4       org.apache.xml.dtm.ref.sax2dtm.SAX2DTM::startElement (621 bytes)
C2 CompilerThread8  3040 2353   !   4       org.apache.xalan.templates.ElemApplyTemplates::transformSelectedNodes (979 bytes)
C2 CompilerThread9  3040 2437   !   4       org.apache.xalan.templates.ElemLiteralResult::execute (312 bytes)
Total: 10

VM state: at safepoint (normal execution)

VM Mutex/Monitor currently owned by a thread:  ([mutex/lock_event])
[0x000078c9d83580d0] Threads_lock - owner thread: 0x000078c9d051bc90
[0x000078c9d8357fd0] Heap_lock - owner thread: 0x000078c9d03e5150

Heap address: 0x0000000040000000, size: 3072 MB, Compressed Oops mode: 32-bit

CDS archive(s) mapped at: [0x00006c1c9b000000-0x00006c1c9bca3000-0x00006c1c9bca3000), size 13250560, SharedBaseAddress: 0x00006c1c9b000000, ArchiveRelocationMode: 1.
Compressed class space mapped at: 0x00006c1c9c000000-0x00006c1cdc000000, reserved size: 1073741824
Narrow klass base: 0x00006c1c9b000000, Narrow klass shift: 0, Narrow klass range: 0x100000000

GC Precious Log:
<Empty>

Heap:

[error occurred during error reporting (printing heap information), id 0xe0000000, Internal Error (/mydata/mmtk-openjdk/openjdk/share/mmtkHeap.cpp:424)]
Metaspace:

Usage:
  Non-class:      6.96 MB used.
      Class:    963.94 KB used.
       Both:      7.91 MB used.

Virtual space:
  Non-class space:       64.00 MB reserved,       7.06 MB ( 11%) committed,  1 nodes.
      Class space:        1.00 GB reserved,       1.06 MB ( <1%) committed,  1 nodes.
             Both:        1.06 GB reserved,       8.12 MB ( <1%) committed. 

Chunk freelists:
   Non-Class:  7.39 MB
       Class:  14.99 MB
        Both:  22.39 MB

MaxMetaspaceSize: unlimited
CompressedClassSpaceSize: 1.00 GB
Initial GC threshold: 21.00 MB
Current GC threshold: 21.00 MB
CDS: on
 - commit_granule_bytes: 65536.
 - commit_granule_words: 8192.
 - virtual_space_node_default_size: 8388608.
 - enlarge_chunks_in_place: 1.
 - use_allocation_guard: 0.


Internal statistics:

num_allocs_failed_limit: 0.
num_arena_births: 118.
num_arena_deaths: 0.
num_vsnodes_births: 2.
num_vsnodes_deaths: 0.
num_space_committed: 130.
num_space_uncommitted: 0.
num_chunks_returned_to_freelist: 0.
num_chunks_taken_from_freelist: 368.
num_chunk_merges: 0.
num_chunk_splits: 255.
num_chunks_enlarged: 199.
num_inconsistent_stats: 0.

CodeHeap 'non-profiled nmethods': size=118880Kb used=1314Kb max_used=1314Kb free=117565Kb
 bounds [0x000078c9c03e8000, 0x000078c9c0658000, 0x000078c9c7800000]
CodeHeap 'profiled nmethods': size=118876Kb used=6195Kb max_used=6195Kb free=112680Kb
 bounds [0x000078c9b8800000, 0x000078c9b8e10000, 0x000078c9bfc17000]
CodeHeap 'non-nmethods': size=8004Kb used=3534Kb max_used=3601Kb free=4469Kb
 bounds [0x000078c9bfc17000, 0x000078c9bffa7000, 0x000078c9c03e8000]
CodeCache: size=245760Kb, used=11043Kb, max_used=11110Kb, free=234714Kb
 total_blobs=3339, nmethods=2856, adapters=381, full_count=0
Compilation: enabled, stopped_count=0, restarted_count=0

Compilation events (20 events):
Event: 3.004 Thread 0x00006c1c0c14c340 2941       4       org.apache.xml.dtm.ref.DTMDefaultBase::pushShouldStripWhitespace (23 bytes)
Event: 3.004 Thread 0x00006c1c081127c0 nmethod 2939 0x000078c9b8e06990 code [0x000078c9b8e06d20, 0x000078c9b8e08bf8]
Event: 3.004 Thread 0x00006c1c0c14c340 nmethod 2941 0x000078c9c051e110 code [0x000078c9c051e2a0, 0x000078c9c051e3d0]
Event: 3.004 Thread 0x00006c1c0c14c340 2943       4       org.apache.xpath.patterns.StepPattern::execute (10 bytes)
Event: 3.005 Thread 0x00006c1c0c02dde0 nmethod 2942 0x000078c9b8e09790 code [0x000078c9b8e09bc0, 0x000078c9b8e0bc68]
Event: 3.006 Thread 0x00006c1c08001610 2945       2       sun.nio.cs.StreamEncoder::<init> (23 bytes)
Event: 3.007 Thread 0x00006c1c08001610 nmethod 2945 0x000078c9b8e0c690 code [0x000078c9b8e0c840, 0x000078c9b8e0ca88]
Event: 3.007 Thread 0x00006c1c100a0b60 nmethod 2478 0x000078c9c051e510 code [0x000078c9c051e800, 0x000078c9c051f9b8]
Event: 3.008 Thread 0x00006c1c100a0b60 2463   !   4       org.apache.xalan.templates.ElemApplyTemplates::execute (141 bytes)
Event: 3.008 Thread 0x00006c1c081127c0 2946       2       org.apache.xalan.templates.StylesheetRoot::getTemplateComposed (15 bytes)
Event: 3.008 Thread 0x00006c1c081127c0 nmethod 2946 0x000078c9b8e0cb90 code [0x000078c9b8e0cd40, 0x000078c9b8e0ce68]
Event: 3.028 Thread 0x00006c1c0c14c340 nmethod 2943 0x000078c9c0520810 code [0x000078c9c0520a20, 0x000078c9c05210b8]
Event: 3.028 Thread 0x00006c1c0c14c340 2474       4       org.apache.xml.serializer.SerializerBase::getProp (62 bytes)
Event: 3.028 Thread 0x00006c1c08015cd0 nmethod 2153 0x000078c9c0521710 code [0x000078c9c0521960, 0x000078c9c05226d8]
Event: 3.028 Thread 0x00006c1c08015cd0 2448       4       org.apache.xpath.axes.LocPathIterator::asIterator (26 bytes)
Event: 3.029 Thread 0x000078c9d054dd40 nmethod 2923 0x000078c9c0523010 code [0x000078c9c05233e0, 0x000078c9c0525288]
Event: 3.029 Thread 0x000078c9d054dd40 2453       4       java.lang.CharacterDataLatin1::getType (11 bytes)
Event: 3.029 Thread 0x000078c9d054dd40 nmethod 2453 0x000078c9c0526790 code [0x000078c9c0526900, 0x000078c9c05269c0]
Event: 3.029 Thread 0x000078c9d054dd40 2223       4       org.apache.xml.dtm.ref.DTMDefaultBase::ensureSizeOfIndex (201 bytes)
Event: 3.032 Thread 0x00006c1b6c004200 nmethod 2437 0x000078c9c0526a90 code [0x000078c9c0527160, 0x000078c9c052cff8]

GC Heap History (0 events):
No events

Dll operation events (7 events):
Event: 0.001 Loaded shared library /mydata/openjdk-mmtk/build/b0test/images/jdk/lib/libjava.so
Event: 2.213 Loaded shared library /mydata/openjdk-mmtk/build/b0test/images/jdk/lib/libjsvml.so
Event: 2.226 Loaded shared library /mydata/openjdk-mmtk/build/b0test/images/jdk/lib/libnio.so
Event: 2.229 Loaded shared library /mydata/openjdk-mmtk/build/b0test/images/jdk/lib/libzip.so
Event: 2.243 Loaded shared library /mydata/openjdk-mmtk/build/b0test/images/jdk/lib/libjimage.so
Event: 2.269 Loaded shared library /mydata/openjdk-mmtk/build/b0test/images/jdk/lib/libnet.so
Event: 2.368 Loaded shared library /mydata/openjdk-mmtk/build/b0test/images/jdk/lib/libverify.so

Deoptimization events (20 events):
Event: 2.860 Thread 0x000078c9d05b9ac0 DEOPT UNPACKING pc=0x000078c9bfc6a899 sp=0x00006c1c996fc930 mode 2
Event: 2.859 Thread 0x000078c9d05bdd60 Uncommon trap: reason=loop_limit_check action=maybe_recompile pc=0x000078c9c04d3770 method=org.apache.xml.dtm.ref.DTMDefaultBase.getFirstAttributeIdentity(I)I @ 19 c2
Event: 2.860 Thread 0x000078c9d05bdd60 DEOPT PACKING pc=0x000078c9c04d3770 sp=0x00006c1c993fceb0
Event: 2.859 Thread 0x000078c9d07bc030 Uncommon trap: trap_request=0xffffff6e fr.pc=0x000078c9c04d3770 relative=0x0000000000000370
Event: 2.860 Thread 0x000078c9d07bc030 Uncommon trap: reason=loop_limit_check action=maybe_recompile pc=0x000078c9c04d3770 method=org.apache.xml.dtm.ref.DTMDefaultBase.getFirstAttributeIdentity(I)I @ 19 c2
Event: 2.860 Thread 0x000078c9d05bdd60 DEOPT UNPACKING pc=0x000078c9bfc6a899 sp=0x00006c1c993fce70 mode 2
Event: 2.860 Thread 0x000078c9d07bc030 DEOPT PACKING pc=0x000078c9c04d3770 sp=0x00006c1c9aefc820
Event: 2.860 Thread 0x000078c9d07bc030 DEOPT UNPACKING pc=0x000078c9bfc6a899 sp=0x00006c1c9aefc7e0 mode 2
Event: 2.884 Thread 0x000078c9d07c3b10 Uncommon trap: trap_request=0xffffff45 fr.pc=0x000078c9c04e6b24 relative=0x0000000000004f04
Event: 2.884 Thread 0x000078c9d07c3b10 Uncommon trap: reason=unstable_if action=reinterpret pc=0x000078c9c04e6b24 method=org.apache.xml.utils.FastStringBuffer.append([CII)V @ 106 c2
Event: 2.884 Thread 0x000078c9d07c3b10 DEOPT PACKING pc=0x000078c9c04e6b24 sp=0x00006c1c9a8fe2a0
Event: 2.884 Thread 0x000078c9d07c3b10 DEOPT UNPACKING pc=0x000078c9bfc6a899 sp=0x00006c1c9a8fe158 mode 2
Event: 2.896 Thread 0x000078c9d07b0480 Uncommon trap: trap_request=0xffffff6e fr.pc=0x000078c9c04f0fe0 relative=0x0000000000002f60
Event: 2.896 Thread 0x000078c9d07b0480 Uncommon trap: reason=loop_limit_check action=maybe_recompile pc=0x000078c9c04f0fe0 method=org.apache.xerces.parsers.AbstractSAXParser.startElement(Lorg/apache/xerces/xni/QName;Lorg/apache/xerces/xni/XMLAttributes;Lorg/apache/xerces/xni/Augmentations;)V @
Event: 2.896 Thread 0x000078c9d07b0480 DEOPT PACKING pc=0x000078c9c04f0fe0 sp=0x00006c1ce02fd300
Event: 2.896 Thread 0x000078c9d07b0480 DEOPT UNPACKING pc=0x000078c9bfc6a899 sp=0x00006c1ce02fd248 mode 2
Event: 2.982 Thread 0x000078c9d03e1af0 DEOPT PACKING pc=0x000078c9b8d5683e sp=0x00006c1c99ffe540
Event: 2.982 Thread 0x000078c9d03e1af0 DEOPT UNPACKING pc=0x000078c9bfc6b02f sp=0x00006c1c99ffdb28 mode 0
Event: 3.003 Thread 0x000078c9d07b55a0 DEOPT PACKING pc=0x000078c9b8d4bd80 sp=0x00006c1c99afe4b0
Event: 3.003 Thread 0x000078c9d07b55a0 DEOPT UNPACKING pc=0x000078c9bfc6b02f sp=0x00006c1c99afda90 mode 0

Classes loaded (20 events):
Event: 2.631 Loading class java/util/ResourceBundle$KeyElementReference
Event: 2.631 Loading class java/util/ResourceBundle$CacheKeyReference
Event: 2.631 Loading class java/util/ResourceBundle$CacheKeyReference done
Event: 2.631 Loading class java/util/ResourceBundle$KeyElementReference done
Event: 2.631 Loading class java/util/ResourceBundle$Control$2
Event: 2.631 Loading class java/util/ResourceBundle$Control$2 done
Event: 2.632 Loading class sun/util/PropertyResourceBundleCharset
Event: 2.632 Loading class sun/util/PropertyResourceBundleCharset done
Event: 2.632 Loading class sun/util/PropertyResourceBundleCharset$PropertiesFileDecoder
Event: 2.632 Loading class sun/util/PropertyResourceBundleCharset$PropertiesFileDecoder done
Event: 2.633 Loading class java/util/ResourceBundle$BundleReference
Event: 2.633 Loading class java/util/ResourceBundle$BundleReference done
Event: 2.634 Loading class sun/util/ResourceBundleEnumeration
Event: 2.634 Loading class sun/util/ResourceBundleEnumeration done
Event: 2.639 Loading class sun/nio/cs/ISO_8859_1$Encoder
Event: 2.639 Loading class sun/nio/cs/ISO_8859_1$Encoder done
Event: 2.662 Loading class java/util/ResourceBundle$Control$1
Event: 2.662 Loading class java/util/ResourceBundle$Control$1 done
Event: 2.687 Loading class java/lang/foreign/MemorySegment
Event: 2.687 Loading class java/lang/foreign/MemorySegment done

Classes unloaded (0 events):
No events

Classes redefined (0 events):
No events

Internal exceptions (13 events):
Event: 2.236 Thread 0x000078c9d002b240 Exception <a 'java/lang/NoSuchMethodError'{0x0000000040334090}: 'java.lang.Object java.lang.invoke.DirectMethodHandle$Holder.newInvokeSpecial(java.lang.Object, int, java.lang.Object)'> (0x0000000040334090) 
thrown [src/hotspot/share/interpreter/linkResolver.cpp, line 772]
Event: 2.245 Thread 0x000078c9d002b240 Exception <a 'java/lang/NoSuchMethodError'{0x00000000402f9e28}: 'void java.lang.invoke.DirectMethodHandle$Holder.invokeStatic(java.lang.Object, java.lang.Object)'> (0x00000000402f9e28) 
thrown [src/hotspot/share/interpreter/linkResolver.cpp, line 772]
Event: 2.246 Thread 0x000078c9d002b240 Exception <a 'java/lang/NoSuchMethodError'{0x00000000402fd820}: 'void java.lang.invoke.DirectMethodHandle$Holder.invokeSpecial(java.lang.Object, java.lang.Object, java.lang.Object)'> (0x00000000402fd820) 
thrown [src/hotspot/share/interpreter/linkResolver.cpp, line 772]
Event: 2.288 Thread 0x000078c9d002b240 Exception <a 'java/lang/NoSuchMethodError'{0x00000000401b5c58}: 'void java.lang.invoke.DirectMethodHandle$Holder.invokeVirtual(java.lang.Object, java.lang.Object)'> (0x00000000401b5c58) 
thrown [src/hotspot/share/interpreter/linkResolver.cpp, line 772]
Event: 2.295 Thread 0x000078c9d002b240 Exception <a 'java/io/FileNotFoundException'{0x0000000040180b58}> (0x0000000040180b58) 
thrown [src/hotspot/share/prims/jni.cpp, line 520]
Event: 2.305 Thread 0x000078c9d002b240 Exception <a 'java/lang/NoSuchMethodError'{0x0000000040121828}: 'java.lang.Object java.lang.invoke.Invokers$Holder.invokeExact_MT(java.lang.Object, java.lang.Object, java.lang.Object, java.lang.Object, java.lang.Object)'> (0x0000000040121828) 
thrown [src/hotspot/share/interpreter/linkResolver.cpp, line 772]
Event: 2.489 Thread 0x000078c9d002b240 Exception <a 'java/lang/NoSuchMethodError'{0x0000000040eba558}: 'void java.lang.invoke.DirectMethodHandle$Holder.invokeVirtual(java.lang.Object, java.lang.Object, int)'> (0x0000000040eba558) 
thrown [src/hotspot/share/interpreter/linkResolver.cpp, line 772]
Event: 2.489 Thread 0x000078c9d002b240 Exception <a 'java/lang/NoSuchMethodError'{0x0000000040ebec80}: 'int java.lang.invoke.DirectMethodHandle$Holder.invokeSpecial(java.lang.Object, java.lang.Object, java.lang.Object, int)'> (0x0000000040ebec80) 
thrown [src/hotspot/share/interpreter/linkResolver.cpp, line 772]
Event: 2.491 Thread 0x000078c9d002b240 Exception <a 'java/lang/NoSuchMethodError'{0x0000000040ea00a8}: 'java.lang.Object java.lang.invoke.DirectMethodHandle$Holder.invokeStatic(java.lang.Object, java.lang.Object, java.lang.Object, java.lang.Object, int)'> (0x0000000040ea00a8) 
thrown [src/hotspot/share/interpreter/linkResolver.cpp, line 772]
Event: 2.492 Thread 0x000078c9d002b240 Exception <a 'java/lang/NoSuchMethodError'{0x0000000040e9b2d0}: 'void java.lang.invoke.DelegatingMethodHandle$Holder.reinvoke_L(java.lang.Object, java.lang.Object, int)'> (0x0000000040e9b2d0) 
thrown [src/hotspot/share/interpreter/linkResolver.cpp, line 772]
Event: 2.492 Thread 0x000078c9d002b240 Exception <a 'java/lang/NoSuchMethodError'{0x0000000040e92048}: 'int java.lang.invoke.DirectMethodHandle$Holder.invokeSpecial(java.lang.Object, java.lang.Object, java.lang.Object)'> (0x0000000040e92048) 
thrown [src/hotspot/share/interpreter/linkResolver.cpp, line 772]
Event: 2.561 Thread 0x000078c9d002b240 Exception <a 'java/lang/NoSuchMethodError'{0x00000000413c1a98}: 'void java.lang.invoke.DelegatingMethodHandle$Holder.reinvoke_L(java.lang.Object, java.lang.Object, int, int)'> (0x00000000413c1a98) 
thrown [src/hotspot/share/interpreter/linkResolver.cpp, line 772]
Event: 2.629 Thread 0x000078c9d07bc030 Exception <a 'java/lang/NoSuchMethodError'{0x0000000040bd41a8}: 'java.lang.Object java.lang.invoke.DirectMethodHandle$Holder.invokeInterface(java.lang.Object, java.lang.Object)'> (0x0000000040bd41a8) 
thrown [src/hotspot/share/interpreter/linkResolver.cpp, line 772]

ZGC Phase Switch (0 events):
No events

VM Operations (20 events):
Event: 2.607 Executing VM operation: HandshakeAllThreads (Deoptimize) done
Event: 2.626 Executing VM operation: HandshakeAllThreads (Deoptimize)
Event: 2.626 Executing VM operation: HandshakeAllThreads (Deoptimize) done
Event: 2.668 Executing VM operation: HandshakeAllThreads (Deoptimize)
Event: 2.670 Executing VM operation: HandshakeAllThreads (Deoptimize) done
Event: 2.723 Executing VM operation: ICBufferFull
Event: 2.724 Executing VM operation: ICBufferFull done
Event: 2.817 Executing VM operation: ICBufferFull
Event: 2.818 Executing VM operation: ICBufferFull done
Event: 2.821 Executing VM operation: ICBufferFull
Event: 2.824 Executing VM operation: ICBufferFull done
Event: 2.824 Executing VM operation: ICBufferFull
Event: 2.824 Executing VM operation: ICBufferFull done
Event: 2.828 Executing VM operation: ICBufferFull
Event: 2.831 Executing VM operation: ICBufferFull done
Event: 2.832 Executing VM operation: ICBufferFull
Event: 2.832 Executing VM operation: ICBufferFull done
Event: 3.009 Executing VM operation: ThirdPartyHeapOperation
Event: 3.027 Executing VM operation: ThirdPartyHeapOperation done
Event: 3.032 Executing VM operation: ThirdPartyHeapOperation

Memory protections (20 events):
Event: 2.597 Protecting memory [0x00006c1c99f00000,0x00006c1c99f04000] with protection modes 0
Event: 2.597 Protecting memory [0x00006c1c99e00000,0x00006c1c99e04000] with protection modes 0
Event: 2.597 Protecting memory [0x00006c1c99d00000,0x00006c1c99d04000] with protection modes 0
Event: 2.597 Protecting memory [0x00006c1c99c00000,0x00006c1c99c04000] with protection modes 0
Event: 2.597 Protecting memory [0x00006c1c99b00000,0x00006c1c99b04000] with protection modes 0
Event: 2.597 Protecting memory [0x00006c1c99a00000,0x00006c1c99a04000] with protection modes 0
Event: 2.597 Protecting memory [0x00006c1c99900000,0x00006c1c99904000] with protection modes 0
Event: 2.597 Protecting memory [0x00006c1c99800000,0x00006c1c99804000] with protection modes 0
Event: 2.597 Protecting memory [0x00006c1c99700000,0x00006c1c99704000] with protection modes 0
Event: 2.598 Protecting memory [0x00006c1c99600000,0x00006c1c99604000] with protection modes 0
Event: 2.598 Protecting memory [0x00006c1c99500000,0x00006c1c99504000] with protection modes 0
Event: 2.598 Protecting memory [0x00006c1c99400000,0x00006c1c99404000] with protection modes 0
Event: 2.598 Protecting memory [0x00006c1c99300000,0x00006c1c99304000] with protection modes 0
Event: 2.674 Protecting memory [0x00006c1c99200000,0x00006c1c99204000] with protection modes 0
Event: 2.677 Protecting memory [0x00006c1c99100000,0x00006c1c99104000] with protection modes 0
Event: 2.679 Protecting memory [0x00006c1c99000000,0x00006c1c99004000] with protection modes 0
Event: 2.688 Protecting memory [0x00006c1c98f00000,0x00006c1c98f04000] with protection modes 0
Event: 2.693 Protecting memory [0x00006c1c98e00000,0x00006c1c98e04000] with protection modes 0
Event: 2.693 Protecting memory [0x00006c1c98d00000,0x00006c1c98d04000] with protection modes 0
Event: 2.694 Protecting memory [0x00006c1c98c00000,0x00006c1c98c04000] with protection modes 0

Nmethod flushes (0 events):
No events

Events (20 events):
Event: 2.597 Thread 0x000078c9d002b240 Thread added: 0x000078c9d03e1af0
Event: 2.597 Thread 0x000078c9d002b240 Thread added: 0x000078c9d03e2c40
Event: 2.597 Thread 0x000078c9d002b240 Thread added: 0x000078c9d03e4220
Event: 2.597 Thread 0x000078c9d002b240 Thread added: 0x000078c9d07b2ce0
Event: 2.597 Thread 0x000078c9d002b240 Thread added: 0x000078c9d07b4100
Event: 2.597 Thread 0x000078c9d002b240 Thread added: 0x000078c9d07b55a0
Event: 2.597 Thread 0x000078c9d002b240 Thread added: 0x000078c9d07b6a40
Event: 2.597 Thread 0x000078c9d002b240 Thread added: 0x000078c9d07b7ee0
Event: 2.597 Thread 0x000078c9d002b240 Thread added: 0x000078c9d07b9380
Event: 2.598 Thread 0x000078c9d002b240 Thread added: 0x000078c9d05b9ac0
Event: 2.598 Thread 0x000078c9d002b240 Thread added: 0x000078c9d05bb030
Event: 2.598 Thread 0x000078c9d002b240 Thread added: 0x000078c9d05bc4d0
Event: 2.598 Thread 0x000078c9d002b240 Thread added: 0x000078c9d05bdd60
Event: 2.673 Thread 0x000078c9d054dd40 Thread added: 0x00006c1c10126070
Event: 2.674 Thread 0x00006c1c1404d510 Thread added: 0x00006c1c081127c0
Event: 2.679 Thread 0x00006c1c08001610 Thread added: 0x00006c1c0c14c340
Event: 2.688 Thread 0x00006c1c1404d510 Thread added: 0x00006c1c081151f0
Event: 2.690 Thread 0x00006c1c0c14c340 Thread added: 0x00006c1b600022b0
Event: 2.693 Thread 0x00006c1c081127c0 Thread added: 0x00006c1b6c002a90
Event: 2.694 Thread 0x00006c1c081127c0 Thread added: 0x00006c1b6c004200


Dynamic libraries:
40000000-40400000 rw-p 00000000 00:00 0                                  [anon:mmtk:space:immix]
40400000-40800000 rw-p 00000000 00:00 0                                  [anon:mmtk:space:los]
40800000-41400000 rw-p 00000000 00:00 0                                  [anon:mmtk:space:immix]
41400000-41c00000 rw-p 00000000 00:00 0                                  [anon:mmtk:space:los]
41c00000-42000000 rw-p 00000000 00:00 0                                  [anon:mmtk:space:immix]
42000000-42400000 rw-p 00000000 00:00 0                                  [anon:mmtk:space:los]
42400000-42c00000 rw-p 00000000 00:00 0                                  [anon:mmtk:space:immix]
42c00000-43000000 rw-p 00000000 00:00 0                                  [anon:mmtk:space:los]
43000000-43800000 rw-p 00000000 00:00 0                                  [anon:mmtk:space:immix]
43800000-43c00000 rw-p 00000000 00:00 0                                  [anon:mmtk:space:los]
43c00000-44400000 rw-p 00000000 00:00 0                                  [anon:mmtk:space:immix]
44400000-44800000 rw-p 00000000 00:00 0                                  [anon:mmtk:space:los]
44800000-45000000 rw-p 00000000 00:00 0                                  [anon:mmtk:space:immix]
45000000-45400000 rw-p 00000000 00:00 0                                  [anon:mmtk:space:los]
45400000-45800000 rw-p 00000000 00:00 0                                  [anon:mmtk:space:immix]
45800000-45c00000 rw-p 00000000 00:00 0                                  [anon:mmtk:space:los]
45c00000-46400000 rw-p 00000000 00:00 0                                  [anon:mmtk:space:immix]
46400000-46800000 rw-p 00000000 00:00 0                                  [anon:mmtk:space:los]
46800000-46c00000 rw-p 00000000 00:00 0                                  [anon:mmtk:space:immix]
46c00000-47000000 rw-p 00000000 00:00 0                                  [anon:mmtk:space:los]
47000000-47800000 rw-p 00000000 00:00 0                                  [anon:mmtk:space:immix]
47800000-47c00000 rw-p 00000000 00:00 0                                  [anon:mmtk:space:los]
47c00000-48400000 rw-p 00000000 00:00 0                                  [anon:mmtk:space:immix]
48400000-48800000 rw-p 00000000 00:00 0                                  [anon:mmtk:space:los]
48800000-48c00000 rw-p 00000000 00:00 0                                  [anon:mmtk:space:immix]
48c00000-49000000 rw-p 00000000 00:00 0                                  [anon:mmtk:space:los]
49000000-49400000 rw-p 00000000 00:00 0                                  [anon:mmtk:space:immix]
49400000-49800000 rw-p 00000000 00:00 0                                  [anon:mmtk:space:los]
49800000-4a000000 rw-p 00000000 00:00 0                                  [anon:mmtk:space:immix]
4a000000-4a400000 rw-p 00000000 00:00 0                                  [anon:mmtk:space:los]
4a400000-4a800000 rw-p 00000000 00:00 0                                  [anon:mmtk:space:immix]
4a800000-4ac00000 rw-p 00000000 00:00 0                                  [anon:mmtk:space:los]
4ac00000-4b400000 rw-p 00000000 00:00 0                                  [anon:mmtk:space:immix]
4b400000-4b800000 rw-p 00000000 00:00 0                                  [anon:mmtk:space:los]
4b800000-4c000000 rw-p 00000000 00:00 0                                  [anon:mmtk:space:immix]
4c000000-4c400000 rw-p 00000000 00:00 0                                  [anon:mmtk:space:los]
4c400000-4c800000 rw-p 00000000 00:00 0                                  [anon:mmtk:space:immix]
4c800000-4cc00000 rw-p 00000000 00:00 0                                  [anon:mmtk:space:los]
4cc00000-4d400000 rw-p 00000000 00:00 0                                  [anon:mmtk:space:immix]
4d400000-4d800000 rw-p 00000000 00:00 0                                  [anon:mmtk:space:los]
4d800000-4e000000 rw-p 00000000 00:00 0                                  [anon:mmtk:space:immix]
4e000000-4e400000 rw-p 00000000 00:00 0                                  [anon:mmtk:space:los]
4e400000-4e800000 rw-p 00000000 00:00 0                                  [anon:mmtk:space:immix]
4e800000-4ec00000 rw-p 00000000 00:00 0                                  [anon:mmtk:space:los]
4ec00000-4f400000 rw-p 00000000 00:00 0                                  [anon:mmtk:space:immix]
4f400000-4f800000 rw-p 00000000 00:00 0                                  [anon:mmtk:space:los]
4f800000-4fc00000 rw-p 00000000 00:00 0                                  [anon:mmtk:space:immix]
4fc00000-50000000 rw-p 00000000 00:00 0                                  [anon:mmtk:space:los]
50000000-50400000 rw-p 00000000 00:00 0                                  [anon:mmtk:space:immix]
200000000000-2000c00c0000 rw-s 00000000 00:10 68                         anon_inode:bpf-map
57af4a028000-57af4a029000 r--p 00000000 fc:00 49676337                   /mydata/openjdk-mmtk/build/b0test/images/jdk/bin/java
57af4a029000-57af4a02a000 r-xp 00001000 fc:00 49676337                   /mydata/openjdk-mmtk/build/b0test/images/jdk/bin/java
57af4a02a000-57af4a02b000 r--p 00002000 fc:00 49676337                   /mydata/openjdk-mmtk/build/b0test/images/jdk/bin/java
57af4a02b000-57af4a02c000 r--p 00002000 fc:00 49676337                   /mydata/openjdk-mmtk/build/b0test/images/jdk/bin/java
57af4a02c000-57af4a02d000 rw-p 00003000 fc:00 49676337                   /mydata/openjdk-mmtk/build/b0test/images/jdk/bin/java
57af57c01000-57af57c49000 rw-p 00000000 00:00 0                          [heap]
6c1b50000000-6c1b50967000 rw-p 00000000 00:00 0 
6c1b50967000-6c1b54000000 ---p 00000000 00:00 0 
6c1b58000000-6c1b58e2e000 rw-p 00000000 00:00 0 
6c1b58e2e000-6c1b5c000000 ---p 00000000 00:00 0 
6c1b5c000000-6c1b5ce4d000 rw-p 00000000 00:00 0 
6c1b5ce4d000-6c1b60000000 ---p 00000000 00:00 0 
6c1b60000000-6c1b605f5000 rw-p 00000000 00:00 0 
6c1b605f5000-6c1b64000000 ---p 00000000 00:00 0 
6c1b64000000-6c1b64593000 rw-p 00000000 00:00 0 
6c1b64593000-6c1b68000000 ---p 00000000 00:00 0 
6c1b68000000-6c1b684e6000 rw-p 00000000 00:00 0 
6c1b684e6000-6c1b6c000000 ---p 00000000 00:00 0 
6c1b6c000000-6c1b6c1fc000 rw-p 00000000 00:00 0 
6c1b6c1fc000-6c1b70000000 ---p 00000000 00:00 0 
6c1b70000000-6c1b7005b000 rw-p 00000000 00:00 0 
6c1b7005b000-6c1b74000000 ---p 00000000 00:00 0 
6c1b74000000-6c1b74021000 rw-p 00000000 00:00 0 
6c1b74021000-6c1b78000000 ---p 00000000 00:00 0 
6c1b78000000-6c1b78025000 rw-p 00000000 00:00 0 
6c1b78025000-6c1b7c000000 ---p 00000000 00:00 0 
6c1b7c000000-6c1b7c021000 rw-p 00000000 00:00 0 
6c1b7c021000-6c1b80000000 ---p 00000000 00:00 0 
6c1b80000000-6c1b80021000 rw-p 00000000 00:00 0 
6c1b80021000-6c1b84000000 ---p 00000000 00:00 0 
6c1b84000000-6c1b84021000 rw-p 00000000 00:00 0 
6c1b84021000-6c1b88000000 ---p 00000000 00:00 0 
6c1b88000000-6c1b88021000 rw-p 00000000 00:00 0 
6c1b88021000-6c1b8c000000 ---p 00000000 00:00 0 
6c1b8c000000-6c1b8c021000 rw-p 00000000 00:00 0 
6c1b8c021000-6c1b90000000 ---p 00000000 00:00 0 
6c1b90000000-6c1b90021000 rw-p 00000000 00:00 0 
6c1b90021000-6c1b94000000 ---p 00000000 00:00 0 
6c1b94000000-6c1b9403f000 rw-p 00000000 00:00 0 
6c1b9403f000-6c1b98000000 ---p 00000000 00:00 0 
6c1b98000000-6c1b98021000 rw-p 00000000 00:00 0 
6c1b98021000-6c1b9c000000 ---p 00000000 00:00 0 
6c1b9c000000-6c1b9c021000 rw-p 00000000 00:00 0 
6c1b9c021000-6c1ba0000000 ---p 00000000 00:00 0 
6c1ba0000000-6c1ba0032000 rw-p 00000000 00:00 0 
6c1ba0032000-6c1ba4000000 ---p 00000000 00:00 0 
6c1ba4000000-6c1ba405b000 rw-p 00000000 00:00 0 
6c1ba405b000-6c1ba8000000 ---p 00000000 00:00 0 
6c1ba8000000-6c1ba8021000 rw-p 00000000 00:00 0 
6c1ba8021000-6c1bac000000 ---p 00000000 00:00 0 
6c1bac000000-6c1bac021000 rw-p 00000000 00:00 0 
6c1bac021000-6c1bb0000000 ---p 00000000 00:00 0 
6c1bb0000000-6c1bb0035000 rw-p 00000000 00:00 0 
6c1bb0035000-6c1bb4000000 ---p 00000000 00:00 0 
6c1bb4000000-6c1bb4028000 rw-p 00000000 00:00 0 
6c1bb4028000-6c1bb8000000 ---p 00000000 00:00 0 
6c1bb8000000-6c1bb8021000 rw-p 00000000 00:00 0 
6c1bb8021000-6c1bbc000000 ---p 00000000 00:00 0 
6c1bbc000000-6c1bbc021000 rw-p 00000000 00:00 0 
6c1bbc021000-6c1bc0000000 ---p 00000000 00:00 0 
6c1bc0000000-6c1bc0027000 rw-p 00000000 00:00 0 
6c1bc0027000-6c1bc4000000 ---p 00000000 00:00 0 
6c1bc4000000-6c1bc4026000 rw-p 00000000 00:00 0 
6c1bc4026000-6c1bc8000000 ---p 00000000 00:00 0 
6c1bc8000000-6c1bc8021000 rw-p 00000000 00:00 0 
6c1bc8021000-6c1bcc000000 ---p 00000000 00:00 0 
6c1bcc000000-6c1bcc021000 rw-p 00000000 00:00 0 
6c1bcc021000-6c1bd0000000 ---p 00000000 00:00 0 
6c1bd0000000-6c1bd0021000 rw-p 00000000 00:00 0 
6c1bd0021000-6c1bd4000000 ---p 00000000 00:00 0 
6c1bd4000000-6c1bd4021000 rw-p 00000000 00:00 0 
6c1bd4021000-6c1bd8000000 ---p 00000000 00:00 0 
6c1bd8000000-6c1bd8021000 rw-p 00000000 00:00 0 
6c1bd8021000-6c1bdc000000 ---p 00000000 00:00 0 
6c1bdc000000-6c1bdc021000 rw-p 00000000 00:00 0 
6c1bdc021000-6c1be0000000 ---p 00000000 00:00 0 
6c1be0000000-6c1be0021000 rw-p 00000000 00:00 0 
6c1be0021000-6c1be4000000 ---p 00000000 00:00 0 
6c1be4000000-6c1be4064000 rw-p 00000000 00:00 0 
6c1be4064000-6c1be8000000 ---p 00000000 00:00 0 
6c1be8000000-6c1be802b000 rw-p 00000000 00:00 0 
6c1be802b000-6c1bec000000 ---p 00000000 00:00 0 
6c1bec000000-6c1bec026000 rw-p 00000000 00:00 0 
6c1bec026000-6c1bf0000000 ---p 00000000 00:00 0 
6c1bf0000000-6c1bf07ce000 rw-p 00000000 00:00 0 
6c1bf07ce000-6c1bf4000000 ---p 00000000 00:00 0 
6c1bf4000000-6c1bf4819000 rw-p 00000000 00:00 0 
6c1bf4819000-6c1bf8000000 ---p 00000000 00:00 0 
6c1bf8000000-6c1bf85c1000 rw-p 00000000 00:00 0 
6c1bf85c1000-6c1bfc000000 ---p 00000000 00:00 0 
6c1bfc000000-6c1bfc244000 rw-p 00000000 00:00 0 
6c1bfc244000-6c1c00000000 ---p 00000000 00:00 0 
6c1c00000000-6c1c00021000 rw-p 00000000 00:00 0 
6c1c00021000-6c1c04000000 ---p 00000000 00:00 0 
6c1c04000000-6c1c04021000 rw-p 00000000 00:00 0 
6c1c04021000-6c1c08000000 ---p 00000000 00:00 0 
6c1c08000000-6c1c082b9000 rw-p 00000000 00:00 0 
6c1c082b9000-6c1c0c000000 ---p 00000000 00:00 0 
6c1c0c000000-6c1c0c33a000 rw-p 00000000 00:00 0 
6c1c0c33a000-6c1c10000000 ---p 00000000 00:00 0 
6c1c10000000-6c1c10907000 rw-p 00000000 00:00 0 
6c1c10907000-6c1c14000000 ---p 00000000 00:00 0 
6c1c14000000-6c1c1433e000 rw-p 00000000 00:00 0 
6c1c1433e000-6c1c18000000 ---p 00000000 00:00 0 
6c1c18000000-6c1c18021000 rw-p 00000000 00:00 0 
6c1c18021000-6c1c1c000000 ---p 00000000 00:00 0 
6c1c1c000000-6c1c1c021000 rw-p 00000000 00:00 0 
6c1c1c021000-6c1c20000000 ---p 00000000 00:00 0 
6c1c20000000-6c1c20022000 rw-p 00000000 00:00 0 
6c1c20022000-6c1c24000000 ---p 00000000 00:00 0 
6c1c24000000-6c1c24021000 rw-p 00000000 00:00 0 
6c1c24021000-6c1c28000000 ---p 00000000 00:00 0 
6c1c28000000-6c1c2802a000 rw-p 00000000 00:00 0 
6c1c2802a000-6c1c2c000000 ---p 00000000 00:00 0 
6c1c2c000000-6c1c2c021000 rw-p 00000000 00:00 0 
6c1c2c021000-6c1c30000000 ---p 00000000 00:00 0 
6c1c30000000-6c1c3003a000 rw-p 00000000 00:00 0 
6c1c3003a000-6c1c34000000 ---p 00000000 00:00 0 
6c1c34000000-6c1c34021000 rw-p 00000000 00:00 0 
6c1c34021000-6c1c38000000 ---p 00000000 00:00 0 
6c1c38000000-6c1c38033000 rw-p 00000000 00:00 0 
6c1c38033000-6c1c3c000000 ---p 00000000 00:00 0 
6c1c3c000000-6c1c3c028000 rw-p 00000000 00:00 0 
6c1c3c028000-6c1c40000000 ---p 00000000 00:00 0 
6c1c40000000-6c1c40042000 rw-p 00000000 00:00 0 
6c1c40042000-6c1c44000000 ---p 00000000 00:00 0 
6c1c44000000-6c1c44052000 rw-p 00000000 00:00 0 
6c1c44052000-6c1c48000000 ---p 00000000 00:00 0 
6c1c48000000-6c1c48205000 rw-p 00000000 00:00 0 
6c1c48205000-6c1c4c000000 ---p 00000000 00:00 0 
6c1c4c000000-6c1c4c021000 rw-p 00000000 00:00 0 
6c1c4c021000-6c1c50000000 ---p 00000000 00:00 0 
6c1c50000000-6c1c50023000 rw-p 00000000 00:00 0 
6c1c50023000-6c1c54000000 ---p 00000000 00:00 0 
6c1c54000000-6c1c5402b000 rw-p 00000000 00:00 0 
6c1c5402b000-6c1c58000000 ---p 00000000 00:00 0 
6c1c58000000-6c1c58023000 rw-p 00000000 00:00 0 
6c1c58023000-6c1c5c000000 ---p 00000000 00:00 0 
6c1c5c000000-6c1c5c02b000 rw-p 00000000 00:00 0 
6c1c5c02b000-6c1c60000000 ---p 00000000 00:00 0 
6c1c60000000-6c1c6003a000 rw-p 00000000 00:00 0 
6c1c6003a000-6c1c64000000 ---p 00000000 00:00 0 
6c1c64000000-6c1c6402b000 rw-p 00000000 00:00 0 
6c1c6402b000-6c1c68000000 ---p 00000000 00:00 0 
6c1c68000000-6c1c68032000 rw-p 00000000 00:00 0 
6c1c68032000-6c1c6c000000 ---p 00000000 00:00 0 
6c1c6c000000-6c1c6c023000 rw-p 00000000 00:00 0 
6c1c6c023000-6c1c70000000 ---p 00000000 00:00 0 
6c1c70000000-6c1c70021000 rw-p 00000000 00:00 0 
6c1c70021000-6c1c74000000 ---p 00000000 00:00 0 
6c1c74000000-6c1c7402a000 rw-p 00000000 00:00 0 
6c1c7402a000-6c1c78000000 ---p 00000000 00:00 0 
6c1c78000000-6c1c78023000 rw-p 00000000 00:00 0 
6c1c78023000-6c1c7c000000 ---p 00000000 00:00 0 
6c1c7c000000-6c1c7c02a000 rw-p 00000000 00:00 0 
6c1c7c02a000-6c1c80000000 ---p 00000000 00:00 0 
6c1c80000000-6c1c80021000 rw-p 00000000 00:00 0 
6c1c80021000-6c1c84000000 ---p 00000000 00:00 0 
6c1c84000000-6c1c84021000 rw-p 00000000 00:00 0 
6c1c84021000-6c1c88000000 ---p 00000000 00:00 0 
6c1c88000000-6c1c88021000 rw-p 00000000 00:00 0 
6c1c88021000-6c1c8c000000 ---p 00000000 00:00 0 
6c1c8c000000-6c1c8c021000 rw-p 00000000 00:00 0 
6c1c8c021000-6c1c90000000 ---p 00000000 00:00 0 
6c1c90000000-6c1c90270000 rw-p 00000000 00:00 0 
6c1c90270000-6c1c90400000 ---p 00000000 00:00 0 
6c1c90400000-6c1c908a0000 rw-p 00000000 00:00 0 
6c1c908a0000-6c1c94000000 ---p 00000000 00:00 0 
6c1c94000000-6c1c94021000 rw-p 00000000 00:00 0 
6c1c94021000-6c1c98000000 ---p 00000000 00:00 0 
6c1c98c00000-6c1c98c04000 ---p 00000000 00:00 0 
6c1c98c04000-6c1c98d00000 rw-p 00000000 00:00 0 
6c1c98d00000-6c1c98d04000 ---p 00000000 00:00 0 
6c1c98d04000-6c1c98e00000 rw-p 00000000 00:00 0 
6c1c98e00000-6c1c98e04000 ---p 00000000 00:00 0 
6c1c98e04000-6c1c98f00000 rw-p 00000000 00:00 0 
6c1c98f00000-6c1c98f04000 ---p 00000000 00:00 0 
6c1c98f04000-6c1c99000000 rw-p 00000000 00:00 0 
6c1c99000000-6c1c99004000 ---p 00000000 00:00 0 
6c1c99004000-6c1c99100000 rw-p 00000000 00:00 0 
6c1c99100000-6c1c99104000 ---p 00000000 00:00 0 
6c1c99104000-6c1c99200000 rw-p 00000000 00:00 0 
6c1c99200000-6c1c99204000 ---p 00000000 00:00 0 
6c1c99204000-6c1c99300000 rw-p 00000000 00:00 0 
6c1c99300000-6c1c99304000 ---p 00000000 00:00 0 
6c1c99304000-6c1c99400000 rw-p 00000000 00:00 0 
6c1c99400000-6c1c99404000 ---p 00000000 00:00 0 
6c1c99404000-6c1c99500000 rw-p 00000000 00:00 0 
6c1c99500000-6c1c99504000 ---p 00000000 00:00 0 
6c1c99504000-6c1c99600000 rw-p 00000000 00:00 0 
6c1c99600000-6c1c99604000 ---p 00000000 00:00 0 
6c1c99604000-6c1c99700000 rw-p 00000000 00:00 0 
6c1c99700000-6c1c99704000 ---p 00000000 00:00 0 
6c1c99704000-6c1c99800000 rw-p 00000000 00:00 0 
6c1c99800000-6c1c99804000 ---p 00000000 00:00 0 
6c1c99804000-6c1c99900000 rw-p 00000000 00:00 0 
6c1c99900000-6c1c99904000 ---p 00000000 00:00 0 
6c1c99904000-6c1c99a00000 rw-p 00000000 00:00 0 
6c1c99a00000-6c1c99a04000 ---p 00000000 00:00 0 
6c1c99a04000-6c1c99b00000 rw-p 00000000 00:00 0 
6c1c99b00000-6c1c99b04000 ---p 00000000 00:00 0 
6c1c99b04000-6c1c99c00000 rw-p 00000000 00:00 0 
6c1c99c00000-6c1c99c04000 ---p 00000000 00:00 0 
6c1c99c04000-6c1c99d00000 rw-p 00000000 00:00 0 
6c1c99d00000-6c1c99d04000 ---p 00000000 00:00 0 
6c1c99d04000-6c1c99e00000 rw-p 00000000 00:00 0 
6c1c99e00000-6c1c99e04000 ---p 00000000 00:00 0 
6c1c99e04000-6c1c99f00000 rw-p 00000000 00:00 0 
6c1c99f00000-6c1c99f04000 ---p 00000000 00:00 0 
6c1c99f04000-6c1c9a000000 rw-p 00000000 00:00 0 
6c1c9a000000-6c1c9a004000 ---p 00000000 00:00 0 
6c1c9a004000-6c1c9a100000 rw-p 00000000 00:00 0 
6c1c9a100000-6c1c9a104000 ---p 00000000 00:00 0 
6c1c9a104000-6c1c9a200000 rw-p 00000000 00:00 0 
6c1c9a200000-6c1c9a204000 ---p 00000000 00:00 0 
6c1c9a204000-6c1c9a300000 rw-p 00000000 00:00 0 
6c1c9a300000-6c1c9a304000 ---p 00000000 00:00 0 
6c1c9a304000-6c1c9a400000 rw-p 00000000 00:00 0 
6c1c9a400000-6c1c9a404000 ---p 00000000 00:00 0 
6c1c9a404000-6c1c9a500000 rw-p 00000000 00:00 0 
6c1c9a500000-6c1c9a504000 ---p 00000000 00:00 0 
6c1c9a504000-6c1c9a600000 rw-p 00000000 00:00 0 
6c1c9a600000-6c1c9a604000 ---p 00000000 00:00 0 
6c1c9a604000-6c1c9a700000 rw-p 00000000 00:00 0 
6c1c9a700000-6c1c9a704000 ---p 00000000 00:00 0 
6c1c9a704000-6c1c9a800000 rw-p 00000000 00:00 0 
6c1c9a800000-6c1c9a804000 ---p 00000000 00:00 0 
6c1c9a804000-6c1c9a900000 rw-p 00000000 00:00 0 
6c1c9a900000-6c1c9a904000 ---p 00000000 00:00 0 
6c1c9a904000-6c1c9aa00000 rw-p 00000000 00:00 0 
6c1c9aa00000-6c1c9aa04000 ---p 00000000 00:00 0 
6c1c9aa04000-6c1c9ab00000 rw-p 00000000 00:00 0 
6c1c9ab00000-6c1c9ab04000 ---p 00000000 00:00 0 
6c1c9ab04000-6c1c9ac00000 rw-p 00000000 00:00 0 
6c1c9ac00000-6c1c9ac04000 ---p 00000000 00:00 0 
6c1c9ac04000-6c1c9ad00000 rw-p 00000000 00:00 0 
6c1c9ad00000-6c1c9ad04000 ---p 00000000 00:00 0 
6c1c9ad04000-6c1c9ae00000 rw-p 00000000 00:00 0 
6c1c9ae00000-6c1c9ae04000 ---p 00000000 00:00 0 
6c1c9ae04000-6c1c9af00000 rw-p 00000000 00:00 0 
6c1c9af00000-6c1c9af04000 ---p 00000000 00:00 0 
6c1c9af04000-6c1c9b000000 rw-p 00000000 00:00 0 
6c1c9b000000-6c1c9bca3000 rw-p 00001000 fc:00 49677042                   /mydata/openjdk-mmtk/build/b0test/images/jdk/lib/server/classes.jsa
6c1c9bca3000-6c1c9c000000 ---p 00000000 00:00 0 
6c1c9c000000-6c1c9c040000 rw-p 00000000 00:00 0 
6c1c9c040000-6c1c9c110000 rw-p 00000000 00:00 0 
6c1c9c110000-6c1cdc000000 ---p 00000000 00:00 0 
6c1cdc000000-6c1cdc021000 rw-p 00000000 00:00 0 
6c1cdc021000-6c1ce0000000 ---p 00000000 00:00 0 
6c1ce00ff000-6c1ce0103000 ---p 00000000 00:00 0 
6c1ce0103000-6c1ce01ff000 rw-p 00000000 00:00 0 
6c1ce01ff000-6c1ce0203000 ---p 00000000 00:00 0 
6c1ce0203000-6c1ce02ff000 rw-p 00000000 00:00 0 
6c1ce02ff000-6c1ce0303000 ---p 00000000 00:00 0 
6c1ce0303000-6c1ce03ff000 rw-p 00000000 00:00 0 
6c1ce03ff000-6c1ce0403000 ---p 00000000 00:00 0 
6c1ce0403000-6c1ce04ff000 rw-p 00000000 00:00 0 
6c1ce04ff000-6c1ce0503000 ---p 00000000 00:00 0 
6c1ce0503000-6c1ce05ff000 rw-p 00000000 00:00 0 
6c1ce05ff000-6c1ce0603000 ---p 00000000 00:00 0 
6c1ce0603000-6c1ce06ff000 rw-p 00000000 00:00 0 
6c1ce06ff000-6c1ce0703000 ---p 00000000 00:00 0 
6c1ce0703000-6c1ce07ff000 rw-p 00000000 00:00 0 
6c1ce07ff000-6c1ce0803000 ---p 00000000 00:00 0 
6c1ce0803000-6c1ce08ff000 rw-p 00000000 00:00 0 
6c1ce08ff000-6c1ce0903000 ---p 00000000 00:00 0 
6c1ce0903000-6c1ce09ff000 rw-p 00000000 00:00 0 
6c1ce09ff000-6c1ce0a03000 ---p 00000000 00:00 0 
6c1ce0a03000-6c1ce0aff000 rw-p 00000000 00:00 0 
6c1ce0aff000-6c1ce0b03000 ---p 00000000 00:00 0 
6c1ce0b03000-6c1ce0bff000 rw-p 00000000 00:00 0 
6c1ce0bff000-6c1ce0c03000 ---p 00000000 00:00 0 
6c1ce0c03000-6c1ce0cff000 rw-p 00000000 00:00 0 
6c1ce0cff000-6c1ce0d03000 ---p 00000000 00:00 0 
6c1ce0d03000-6c1ce0dff000 rw-p 00000000 00:00 0 
6c1ce0dff000-6c1ce0e03000 ---p 00000000 00:00 0 
6c1ce0e03000-6c1ce0eff000 rw-p 00000000 00:00 0 
6c1ce0eff000-6c1ce0f03000 ---p 00000000 00:00 0 
6c1ce0f03000-6c1ce0fff000 rw-p 00000000 00:00 0 
6c1ce0fff000-6c1ce1003000 ---p 00000000 00:00 0 
6c1ce1003000-6c1ce10ff000 rw-p 00000000 00:00 0 
6c1ce10ff000-6c1ce1100000 ---p 00000000 00:00 0 
6c1ce1100000-6c1ce1200000 rw-p 00000000 00:00 0 
6c1ce1200000-6c1ce4200000 rw-p 00000000 00:00 0 
6c1ce42fb000-6c1ce42fc000 ---p 00000000 00:00 0 
6c1ce42fc000-6c1ce43fc000 rw-p 00000000 00:00 0 
6c1ce43fc000-6c1d14400000 rw-p 00000000 00:00 0 
6c1d14400000-6c1d15400000 ---p 00000000 00:00 0                          [anon:mmtk:sidemeta:all:all-quarantined]
6c1d15400000-6c1d15c00000 rw-p 00000000 00:00 0                          [anon:mmtk:sidemeta:immix:VO_BIT]
6c1d15c00000-6e1d16400000 ---p 00000000 00:00 0                          [anon:mmtk:sidemeta:all:all-quarantined]
6e1d16400000-6e1d16800000 rw-p 00000000 00:00 0                          [anon:mmtk:sidemeta:immix:CHUNK_MARK]
6e1d16800000-6e1d19400000 ---p 00000000 00:00 0                          [anon:mmtk:sidemeta:all:all-quarantined]
6e1d19400000-6e1d19c00000 rw-p 00000000 00:00 0                          [anon:mmtk:sidemeta:immix:VMGlobalLogBitSpec]
6e1d19c00000-702518800000 ---p 00000000 00:00 0                          [anon:mmtk:sidemeta:all:all-quarantined]
702518800000-702518c00000 rw-p 00000000 00:00 0                          [anon:mmtk:sidemeta:immix:IX_LINE_MARK]
702518c00000-70a518400000 ---p 00000000 00:00 0                          [anon:mmtk:sidemeta:all:all-quarantined]
70a518400000-70a518800000 rw-p 00000000 00:00 0                          [anon:mmtk:sidemeta:immix:IX_BLOCK_DEFRAG]
70a518800000-70a618400000 ---p 00000000 00:00 0                          [anon:mmtk:sidemeta:all:all-quarantined]
70a618400000-70a618800000 rw-p 00000000 00:00 0                          [anon:mmtk:sidemeta:immix:IX_BLOCK_MARK]
70a618800000-76c798400000 ---p 00000000 00:00 0                          [anon:mmtk:sidemeta:all:all-quarantined]
76c798400000-76c798800000 rw-p 00000000 00:00 0                          [anon:mmtk:sidemeta:los:VMLocalLOSMarkNurserySpec]
76c798800000-76c999400000 ---p 00000000 00:00 0                          [anon:mmtk:sidemeta:all:all-quarantined]
76c999400000-76c999c00000 rw-p 00000000 00:00 0                          [anon:mmtk:sidemeta:immix:VMLocalMarkBitSpec]
76c999c00000-78c998400000 ---p 00000000 00:00 0                          [anon:mmtk:sidemeta:all:all-quarantined]
78c9984fc000-78c9984fd000 ---p 00000000 00:00 0 
78c9984fd000-78c9985fd000 rw-p 00000000 00:00 0 
78c9985fd000-78c9985fe000 ---p 00000000 00:00 0 
78c9985fe000-78c9986fe000 rw-p 00000000 00:00 0 
78c9986fe000-78c9986ff000 ---p 00000000 00:00 0 
78c9986ff000-78c9987ff000 rw-p 00000000 00:00 0 
78c9987ff000-78c9b8800000 rw-p 00000000 00:00 0 
78c9b8800000-78c9b8e10000 rwxp 00000000 00:00 0 
78c9b8e10000-78c9bfc17000 ---p 00000000 00:00 0 
78c9bfc17000-78c9bffa7000 rwxp 00000000 00:00 0 
78c9bffa7000-78c9c03e8000 ---p 00000000 00:00 0 
78c9c03e8000-78c9c0658000 rwxp 00000000 00:00 0 
78c9c0658000-78c9c7800000 ---p 00000000 00:00 0 
78c9c7800000-78c9cffa0000 r--s 00000000 fc:00 49676297                   /mydata/openjdk-mmtk/build/b0test/images/jdk/lib/modules
78c9d0000000-78c9d07e2000 rw-p 00000000 00:00 0 
78c9d07e2000-78c9d4000000 ---p 00000000 00:00 0 
78c9d401d000-78c9d4022000 r--p 00000000 fc:00 49676417                   /mydata/openjdk-mmtk/build/b0test/images/jdk/lib/libjsvml.so
78c9d4022000-78c9d4063000 r-xp 00005000 fc:00 49676417                   /mydata/openjdk-mmtk/build/b0test/images/jdk/lib/libjsvml.so
78c9d4063000-78c9d40ec000 r--p 00046000 fc:00 49676417                   /mydata/openjdk-mmtk/build/b0test/images/jdk/lib/libjsvml.so
78c9d40ec000-78c9d40ed000 r--p 000ce000 fc:00 49676417                   /mydata/openjdk-mmtk/build/b0test/images/jdk/lib/libjsvml.so
78c9d40ed000-78c9d40ee000 rw-p 000cf000 fc:00 49676417                   /mydata/openjdk-mmtk/build/b0test/images/jdk/lib/libjsvml.so
78c9d40ee000-78c9d40ef000 ---p 00000000 00:00 0 
78c9d40ef000-78c9d41ef000 rw-p 00000000 00:00 0 
78c9d41ef000-78c9d41f0000 ---p 00000000 00:00 0 
78c9d41f0000-78c9d42f0000 rw-p 00000000 00:00 0 
78c9d42f0000-78c9d42f1000 ---p 00000000 00:00 0 
78c9d42f1000-78c9d43f1000 rw-p 00000000 00:00 0 
78c9d43f1000-78c9d43f2000 ---p 00000000 00:00 0 
78c9d43f2000-78c9d44f2000 rw-p 00000000 00:00 0 
78c9d44f2000-78c9d44f3000 ---p 00000000 00:00 0 
78c9d44f3000-78c9d45f3000 rw-p 00000000 00:00 0 
78c9d45f3000-78c9d45f4000 ---p 00000000 00:00 0 
78c9d45f4000-78c9d46f4000 rw-p 00000000 00:00 0 
78c9d46f4000-78c9d46f5000 ---p 00000000 00:00 0 
78c9d46f5000-78c9d47f5000 rw-p 00000000 00:00 0 
78c9d47f5000-78c9d47f6000 ---p 00000000 00:00 0 
78c9d47f6000-78c9d48f6000 rw-p 00000000 00:00 0 
78c9d48f6000-78c9d48f7000 ---p 00000000 00:00 0 
78c9d48f7000-78c9d49f7000 rw-p 00000000 00:00 0 
78c9d49f7000-78c9d49f8000 ---p 00000000 00:00 0 
78c9d49f8000-78c9d4af8000 rw-p 00000000 00:00 0 
78c9d4af8000-78c9d4af9000 ---p 00000000 00:00 0 
78c9d4af9000-78c9d4bf9000 rw-p 00000000 00:00 0 
78c9d4bf9000-78c9d4bfa000 ---p 00000000 00:00 0 
78c9d4bfa000-78c9d4cfa000 rw-p 00000000 00:00 0 
78c9d4cfa000-78c9d4cfb000 ---p 00000000 00:00 0 
78c9d4cfb000-78c9d4dfb000 rw-p 00000000 00:00 0 
78c9d4dfb000-78c9d4dfc000 ---p 00000000 00:00 0 
78c9d4dfc000-78c9d4efc000 rw-p 00000000 00:00 0 
78c9d4efc000-78c9d4efd000 ---p 00000000 00:00 0 
78c9d4efd000-78c9d4ffd000 rw-p 00000000 00:00 0 
78c9d4ffd000-78c9d4ffe000 ---p 00000000 00:00 0 
78c9d4ffe000-78c9d50fe000 rw-p 00000000 00:00 0 
78c9d50fe000-78c9d50ff000 ---p 00000000 00:00 0 
78c9d50ff000-78c9d51ff000 rw-p 00000000 00:00 0 
78c9d51ff000-78c9d5200000 ---p 00000000 00:00 0 
78c9d5200000-78c9d5300000 rw-p 00000000 00:00 0 
78c9d5300000-78c9d5304000 ---p 00000000 00:00 0 
78c9d5304000-78c9d5400000 rw-p 00000000 00:00 0 
78c9d5400000-78c9d5404000 ---p 00000000 00:00 0 
78c9d5404000-78c9d5500000 rw-p 00000000 00:00 0 
78c9d5500000-78c9d5504000 ---p 00000000 00:00 0 
78c9d5504000-78c9d5600000 rw-p 00000000 00:00 0 
78c9d5600000-78c9d58eb000 r--p 00000000 08:03 1410552                    /usr/lib/locale/locale-archive
78c9d58fc000-78c9d58fd000 ---p 00000000 00:00 0 
78c9d58fd000-78c9d59fd000 rw-p 00000000 00:00 0 
78c9d59fd000-78c9d59fe000 ---p 00000000 00:00 0 
78c9d59fe000-78c9d5afe000 rw-p 00000000 00:00 0 
78c9d5afe000-78c9d5aff000 ---p 00000000 00:00 0 
78c9d5aff000-78c9d5bff000 rw-p 00000000 00:00 0 
78c9d5bff000-78c9d6200000 rw-p 00000000 00:00 0 
78c9d6200000-78c9d620c000 r--p 00000000 fc:00 13107796                   /mydata/gc-bpf-fault/shim/libgcbpf.so
78c9d620c000-78c9d626e000 r-xp 0000c000 fc:00 13107796                   /mydata/gc-bpf-fault/shim/libgcbpf.so
78c9d626e000-78c9d64de000 r--p 0006e000 fc:00 13107796                   /mydata/gc-bpf-fault/shim/libgcbpf.so
78c9d64de000-78c9d64e0000 r--p 002de000 fc:00 13107796                   /mydata/gc-bpf-fault/shim/libgcbpf.so
78c9d64e0000-78c9d64e1000 rw-p 002e0000 fc:00 13107796                   /mydata/gc-bpf-fault/shim/libgcbpf.so
78c9d64e1000-78c9d64e2000 rw-p 00000000 00:00 0 
78c9d6510000-78c9d6514000 r--p 00000000 fc:00 49676364                   /mydata/openjdk-mmtk/build/b0test/images/jdk/lib/libverify.so
78c9d6514000-78c9d651b000 r-xp 00004000 fc:00 49676364                   /mydata/openjdk-mmtk/build/b0test/images/jdk/lib/libverify.so
78c9d651b000-78c9d651d000 r--p 0000b000 fc:00 49676364                   /mydata/openjdk-mmtk/build/b0test/images/jdk/lib/libverify.so
78c9d651d000-78c9d651f000 r--p 0000c000 fc:00 49676364                   /mydata/openjdk-mmtk/build/b0test/images/jdk/lib/libverify.so
78c9d651f000-78c9d6520000 rw-p 0000e000 fc:00 49676364                   /mydata/openjdk-mmtk/build/b0test/images/jdk/lib/libverify.so
78c9d6520000-78c9d6522000 r--p 00000000 fc:00 49676365                   /mydata/openjdk-mmtk/build/b0test/images/jdk/lib/libzip.so
78c9d6522000-78c9d6527000 r-xp 00002000 fc:00 49676365                   /mydata/openjdk-mmtk/build/b0test/images/jdk/lib/libzip.so
78c9d6527000-78c9d6529000 r--p 00007000 fc:00 49676365                   /mydata/openjdk-mmtk/build/b0test/images/jdk/lib/libzip.so
78c9d6529000-78c9d652a000 r--p 00008000 fc:00 49676365                   /mydata/openjdk-mmtk/build/b0test/images/jdk/lib/libzip.so
78c9d652a000-78c9d652b000 rw-p 00009000 fc:00 49676365                   /mydata/openjdk-mmtk/build/b0test/images/jdk/lib/libzip.so
78c9d652b000-78c9d652e000 r--p 00000000 fc:00 49676361                   /mydata/openjdk-mmtk/build/b0test/images/jdk/lib/libnet.so
78c9d652e000-78c9d6536000 r-xp 00003000 fc:00 49676361                   /mydata/openjdk-mmtk/build/b0test/images/jdk/lib/libnet.so
78c9d6536000-78c9d6538000 r--p 0000b000 fc:00 49676361                   /mydata/openjdk-mmtk/build/b0test/images/jdk/lib/libnet.so
78c9d6538000-78c9d6539000 r--p 0000c000 fc:00 49676361                   /mydata/openjdk-mmtk/build/b0test/images/jdk/lib/libnet.so
78c9d6539000-78c9d653a000 rw-p 0000d000 fc:00 49676361                   /mydata/openjdk-mmtk/build/b0test/images/jdk/lib/libnet.so
78c9d653a000-78c9d6541000 r--p 00000000 fc:00 49676362                   /mydata/openjdk-mmtk/build/b0test/images/jdk/lib/libnio.so
78c9d6541000-78c9d654a000 r-xp 00007000 fc:00 49676362                   /mydata/openjdk-mmtk/build/b0test/images/jdk/lib/libnio.so
78c9d654a000-78c9d654e000 r--p 00010000 fc:00 49676362                   /mydata/openjdk-mmtk/build/b0test/images/jdk/lib/libnio.so
78c9d654e000-78c9d654f000 r--p 00014000 fc:00 49676362                   /mydata/openjdk-mmtk/build/b0test/images/jdk/lib/libnio.so
78c9d654f000-78c9d6550000 rw-p 00015000 fc:00 49676362                   /mydata/openjdk-mmtk/build/b0test/images/jdk/lib/libnio.so
78c9d6550000-78c9d6554000 r--p 00000000 08:03 1410107                    /usr/lib/x86_64-linux-gnu/libzstd.so.1.5.5
78c9d6554000-78c9d65fb000 r-xp 00004000 08:03 1410107                    /usr/lib/x86_64-linux-gnu/libzstd.so.1.5.5
78c9d65fb000-78c9d6608000 r--p 000ab000 08:03 1410107                    /usr/lib/x86_64-linux-gnu/libzstd.so.1.5.5
78c9d6608000-78c9d6609000 r--p 000b7000 08:03 1410107                    /usr/lib/x86_64-linux-gnu/libzstd.so.1.5.5
78c9d6609000-78c9d660a000 rw-p 000b8000 08:03 1410107                    /usr/lib/x86_64-linux-gnu/libzstd.so.1.5.5
78c9d660a000-78c9d660f000 rw-p 00000000 00:00 0 
78c9d660f000-78c9d66f3000 ---p 00000000 00:00 0 
78c9d66f3000-78c9d6700000 rw-p 00000000 00:00 0 
78c9d6700000-78c9d67dc000 ---p 00000000 00:00 0 
78c9d67dc000-78c9d67e9000 r--p 00000000 fc:00 49676354                   /mydata/openjdk-mmtk/build/b0test/images/jdk/lib/libjava.so
78c9d67e9000-78c9d67f8000 r-xp 0000d000 fc:00 49676354                   /mydata/openjdk-mmtk/build/b0test/images/jdk/lib/libjava.so
78c9d67f8000-78c9d67fd000 r--p 0001c000 fc:00 49676354                   /mydata/openjdk-mmtk/build/b0test/images/jdk/lib/libjava.so
78c9d67fd000-78c9d67fe000 r--p 00021000 fc:00 49676354                   /mydata/openjdk-mmtk/build/b0test/images/jdk/lib/libjava.so
78c9d67fe000-78c9d67ff000 rw-p 00022000 fc:00 49676354                   /mydata/openjdk-mmtk/build/b0test/images/jdk/lib/libjava.so
78c9d67ff000-78c9d6800000 rw-p 00000000 00:00 0 
78c9d6800000-78c9d6948000 r--p 00000000 fc:00 49676374                   /mydata/openjdk-mmtk/build/b0test/images/jdk/lib/server/libmmtk_openjdk.so
78c9d6948000-78c9d6bc7000 r-xp 00147000 fc:00 49676374                   /mydata/openjdk-mmtk/build/b0test/images/jdk/lib/server/libmmtk_openjdk.so
78c9d6bc7000-78c9d6c08000 r--p 003c5000 fc:00 49676374                   /mydata/openjdk-mmtk/build/b0test/images/jdk/lib/server/libmmtk_openjdk.so
78c9d6c08000-78c9d6c0a000 rw-p 00405000 fc:00 49676374                   /mydata/openjdk-mmtk/build/b0test/images/jdk/lib/server/libmmtk_openjdk.so
78c9d6c0a000-78c9d6c0d000 rw-p 00000000 00:00 0 
78c9d6c17000-78c9d6c1b000 ---p 00000000 00:00 0 
78c9d6c1b000-78c9d6d17000 rw-p 00000000 00:00 0 
78c9d6d17000-78c9d6d27000 r--p 00000000 08:03 1411099                    /usr/lib/x86_64-linux-gnu/libm.so.6
78c9d6d27000-78c9d6da6000 r-xp 00010000 08:03 1411099                    /usr/lib/x86_64-linux-gnu/libm.so.6
78c9d6da6000-78c9d6dfe000 r--p 0008f000 08:03 1411099                    /usr/lib/x86_64-linux-gnu/libm.so.6
78c9d6dfe000-78c9d6dff000 r--p 000e7000 08:03 1411099                    /usr/lib/x86_64-linux-gnu/libm.so.6
78c9d6dff000-78c9d6e00000 rw-p 000e8000 08:03 1411099                    /usr/lib/x86_64-linux-gnu/libm.so.6
78c9d6e00000-78c9d70a9000 r--p 00000000 fc:00 49676373                   /mydata/openjdk-mmtk/build/b0test/images/jdk/lib/server/libjvm.so
78c9d70a9000-78c9d7f3c000 r-xp 002a9000 fc:00 49676373                   /mydata/openjdk-mmtk/build/b0test/images/jdk/lib/server/libjvm.so
78c9d7f3c000-78c9d8220000 r--p 0113c000 fc:00 49676373                   /mydata/openjdk-mmtk/build/b0test/images/jdk/lib/server/libjvm.so
78c9d8220000-78c9d82f6000 r--p 0141f000 fc:00 49676373                   /mydata/openjdk-mmtk/build/b0test/images/jdk/lib/server/libjvm.so
78c9d82f6000-78c9d8326000 rw-p 014f5000 fc:00 49676373                   /mydata/openjdk-mmtk/build/b0test/images/jdk/lib/server/libjvm.so
78c9d8326000-78c9d838c000 rw-p 00000000 00:00 0 
78c9d8390000-78c9d8393000 r--p 00000000 08:03 1410420                    /usr/lib/x86_64-linux-gnu/libelf-0.190.so
78c9d8393000-78c9d83a9000 r-xp 00003000 08:03 1410420                    /usr/lib/x86_64-linux-gnu/libelf-0.190.so
78c9d83a9000-78c9d83ad000 r--p 00019000 08:03 1410420                    /usr/lib/x86_64-linux-gnu/libelf-0.190.so
78c9d83ad000-78c9d83ae000 r--p 0001c000 08:03 1410420                    /usr/lib/x86_64-linux-gnu/libelf-0.190.so
78c9d83ae000-78c9d83af000 rw-p 0001d000 08:03 1410420                    /usr/lib/x86_64-linux-gnu/libelf-0.190.so
78c9d83af000-78c9d83b3000 r--p 00000000 fc:00 49676355                   /mydata/openjdk-mmtk/build/b0test/images/jdk/lib/libjimage.so
78c9d83b3000-78c9d83ca000 r-xp 00004000 fc:00 49676355                   /mydata/openjdk-mmtk/build/b0test/images/jdk/lib/libjimage.so
78c9d83ca000-78c9d83cf000 r--p 0001b000 fc:00 49676355                   /mydata/openjdk-mmtk/build/b0test/images/jdk/lib/libjimage.so
78c9d83cf000-78c9d83d1000 r--p 00020000 fc:00 49676355                   /mydata/openjdk-mmtk/build/b0test/images/jdk/lib/libjimage.so
78c9d83d1000-78c9d83d2000 rw-p 00022000 fc:00 49676355                   /mydata/openjdk-mmtk/build/b0test/images/jdk/lib/libjimage.so
78c9d83d2000-78c9d83d6000 r--p 00000000 08:03 1410148                    /usr/lib/x86_64-linux-gnu/libgcc_s.so.1
78c9d83d6000-78c9d83fa000 r-xp 00004000 08:03 1410148                    /usr/lib/x86_64-linux-gnu/libgcc_s.so.1
78c9d83fa000-78c9d83fe000 r--p 00028000 08:03 1410148                    /usr/lib/x86_64-linux-gnu/libgcc_s.so.1
78c9d83fe000-78c9d83ff000 r--p 0002b000 08:03 1410148                    /usr/lib/x86_64-linux-gnu/libgcc_s.so.1
78c9d83ff000-78c9d8400000 rw-p 0002c000 08:03 1410148                    /usr/lib/x86_64-linux-gnu/libgcc_s.so.1
78c9d8400000-78c9d8428000 r--p 00000000 08:03 1410238                    /usr/lib/x86_64-linux-gnu/libc.so.6
78c9d8428000-78c9d85b0000 r-xp 00028000 08:03 1410238                    /usr/lib/x86_64-linux-gnu/libc.so.6
78c9d85b0000-78c9d85ff000 r--p 001b0000 08:03 1410238                    /usr/lib/x86_64-linux-gnu/libc.so.6
78c9d85ff000-78c9d8603000 r--p 001fe000 08:03 1410238                    /usr/lib/x86_64-linux-gnu/libc.so.6
78c9d8603000-78c9d8605000 rw-p 00202000 08:03 1410238                    /usr/lib/x86_64-linux-gnu/libc.so.6
78c9d8605000-78c9d8612000 rw-p 00000000 00:00 0 
78c9d8615000-78c9d861c000 r--s 00000000 08:03 1436340                    /usr/lib/x86_64-linux-gnu/gconv/gconv-modules.cache
78c9d861c000-78c9d8624000 rw-p 00000000 00:00 0 
78c9d8624000-78c9d862c000 ---p 00000000 00:00 0 
78c9d862c000-78c9d8634000 rw-s 00000000 08:03 237599                     /tmp/hsperfdata_root/368883
78c9d8634000-78c9d8636000 rw-p 00000000 00:00 0 
78c9d8636000-78c9d8638000 r--p 00000000 08:03 1409104                    /usr/lib/x86_64-linux-gnu/libz.so.1.3
78c9d8638000-78c9d864a000 r-xp 00002000 08:03 1409104                    /usr/lib/x86_64-linux-gnu/libz.so.1.3
78c9d864a000-78c9d8650000 r--p 00014000 08:03 1409104                    /usr/lib/x86_64-linux-gnu/libz.so.1.3
78c9d8650000-78c9d8651000 r--p 0001a000 08:03 1409104                    /usr/lib/x86_64-linux-gnu/libz.so.1.3
78c9d8651000-78c9d8652000 rw-p 0001b000 08:03 1409104                    /usr/lib/x86_64-linux-gnu/libz.so.1.3
78c9d8657000-78c9d8658000 rw-s 00000000 00:10 68                         anon_inode:bpf-map
78c9d8658000-78c9d8659000 r--s 00000000 00:10 68                         anon_inode:bpf-map
78c9d8659000-78c9d865a000 ---p 00000000 00:00 0 
78c9d865a000-78c9d865b000 r--p 00000000 00:00 0 
78c9d865b000-78c9d865c000 ---p 00000000 00:00 0 
78c9d865c000-78c9d865e000 r--p 00000000 fc:00 49676357                   /mydata/openjdk-mmtk/build/b0test/images/jdk/lib/libjli.so
78c9d865e000-78c9d8668000 r-xp 00002000 fc:00 49676357                   /mydata/openjdk-mmtk/build/b0test/images/jdk/lib/libjli.so
78c9d8668000-78c9d866b000 r--p 0000c000 fc:00 49676357                   /mydata/openjdk-mmtk/build/b0test/images/jdk/lib/libjli.so
78c9d866b000-78c9d866c000 r--p 0000f000 fc:00 49676357                   /mydata/openjdk-mmtk/build/b0test/images/jdk/lib/libjli.so
78c9d866c000-78c9d866d000 rw-p 00010000 fc:00 49676357                   /mydata/openjdk-mmtk/build/b0test/images/jdk/lib/libjli.so
78c9d866d000-78c9d866f000 rw-p 00000000 00:00 0 
78c9d866f000-78c9d8673000 r--p 00000000 00:00 0                          [vvar]
78c9d8673000-78c9d8675000 r--p 00000000 00:00 0                          [vvar_vclock]
78c9d8675000-78c9d8677000 r-xp 00000000 00:00 0                          [vdso]
78c9d8677000-78c9d8678000 r--p 00000000 08:03 1409763                    /usr/lib/x86_64-linux-gnu/ld-linux-x86-64.so.2
78c9d8678000-78c9d86a3000 r-xp 00001000 08:03 1409763                    /usr/lib/x86_64-linux-gnu/ld-linux-x86-64.so.2
78c9d86a3000-78c9d86ad000 r--p 0002c000 08:03 1409763                    /usr/lib/x86_64-linux-gnu/ld-linux-x86-64.so.2
78c9d86ad000-78c9d86af000 r--p 00036000 08:03 1409763                    /usr/lib/x86_64-linux-gnu/ld-linux-x86-64.so.2
78c9d86af000-78c9d86b1000 rw-p 00038000 08:03 1409763                    /usr/lib/x86_64-linux-gnu/ld-linux-x86-64.so.2
7ffee05cc000-7ffee05ed000 rw-p 00000000 00:00 0                          [stack]
ffffffffff600000-ffffffffff601000 --xp 00000000 00:00 0                  [vsyscall]
Total number of mappings: 536

JVMTI agents: none


VM Arguments:
jvm_args: -XX:+UseThirdPartyHeap -Xms512m -Xmx512m 
java_command: /mydata/dacapo/dacapo-23.11/dacapo-23.11-MR2-chopin.jar xalan -n 3
java_class_path (initial): /mydata/dacapo/dacapo-23.11/dacapo-23.11-MR2-chopin.jar
Launcher Type: SUN_STANDARD

[Global flags]
     intx CICompilerCount                          = 15                                        {product} {ergonomic}
   size_t InitialHeapSize                          = 536870912                                 {product} {command line}
   size_t MaxHeapSize                              = 536870912                                 {product} {command line}
   size_t MinHeapDeltaBytes                        = 524288                                    {product} {ergonomic}
   size_t MinHeapSize                              = 536870912                                 {product} {command line}
    uintx NonNMethodCodeHeapSize                   = 8192380                                {pd product} {ergonomic}
    uintx NonProfiledCodeHeapSize                  = 121732930                              {pd product} {ergonomic}
    uintx ProfiledCodeHeapSize                     = 121732930                              {pd product} {ergonomic}
    uintx ReservedCodeCacheSize                    = 251658240                              {pd product} {ergonomic}
     bool SegmentedCodeCache                       = true                                      {product} {ergonomic}
   size_t SoftMaxHeapSize                          = 536870912                              {manageable} {ergonomic}
     bool UseCompressedOops                        = true                           {product lp64_product} {ergonomic}

Logging:
Log output configuration:
 #0: stdout all=warning uptime,level,tags foldmultilines=false
 #1: stderr all=off uptime,level,tags foldmultilines=false

Release file:
IMPLEMENTOR="N/A"
JAVA_RUNTIME_VERSION="21.0.9-internal-adhoc.talzuss.openjdk-mmtk"
JAVA_VERSION="21.0.9"
JAVA_VERSION_DATE="2025-10-21"
LIBC="gnu"
MODULES="java.base java.compiler java.datatransfer java.xml java.prefs java.desktop java.instrument java.logging java.management java.security.sasl java.naming java.rmi java.management.rmi java.net.http java.scripting java.security.jgss java.transaction.xa java.sql java.sql.rowset java.xml.crypto java.se java.smartcardio jdk.accessibility jdk.internal.jvmstat jdk.attach jdk.charsets jdk.internal.opt jdk.zipfs jdk.compiler jdk.crypto.ec jdk.crypto.cryptoki jdk.dynalink jdk.internal.ed jdk.editpad jdk.hotspot.agent jdk.httpserver jdk.incubator.vector jdk.internal.le jdk.internal.vm.ci jdk.internal.vm.compiler jdk.internal.vm.compiler.management jdk.jartool jdk.javadoc jdk.jcmd jdk.management jdk.management.agent jdk.jconsole jdk.jdeps jdk.jdwp.agent jdk.jdi jdk.jfr jdk.jlink jdk.jpackage jdk.jshell jdk.jsobject jdk.jstatd jdk.localedata jdk.management.jfr jdk.naming.dns jdk.naming.rmi jdk.net jdk.nio.mapmode jdk.random jdk.sctp jdk.security.auth jdk.security.jgss jdk.unsupported jdk.unsupported.desktop jdk.xml.dom"
OS_ARCH="x86_64"
OS_NAME="Linux"
SOURCE=".:git:b557520f04b3+"

Environment Variables:
PATH=/usr/local/sbin:/usr/local/bin:/usr/sbin:/usr/bin:/sbin:/bin:/snap/bin
SHELL=/bin/bash
LANG=en_US.UTF-8
TERM=tmux-256color

Active Locale:
LC_ALL=en_US.UTF-8
LC_COLLATE=en_US.UTF-8
LC_CTYPE=en_US.UTF-8
LC_MESSAGES=en_US.UTF-8
LC_MONETARY=en_US.UTF-8
LC_NUMERIC=en_US.UTF-8
LC_TIME=en_US.UTF-8

Signal Handlers:
   SIGSEGV: crash_handler in libjvm.so, mask=11100100010111111101111111111110, flags=SA_RESTART|SA_SIGINFO, unblocked
    SIGBUS: crash_handler in libjvm.so, mask=11100100010111111101111111111110, flags=SA_RESTART|SA_SIGINFO, unblocked
    SIGFPE: crash_handler in libjvm.so, mask=11100100010111111101111111111110, flags=SA_RESTART|SA_SIGINFO, unblocked
   SIGPIPE: javaSignalHandler in libjvm.so, mask=11100100010111111101111111111110, flags=SA_RESTART|SA_SIGINFO, blocked
   SIGXFSZ: javaSignalHandler in libjvm.so, mask=11100100010111111101111111111110, flags=SA_RESTART|SA_SIGINFO, blocked
    SIGILL: crash_handler in libjvm.so, mask=11100100010111111101111111111110, flags=SA_RESTART|SA_SIGINFO, unblocked
   SIGUSR2: SR_handler in libjvm.so, mask=00000000000000000000000000000000, flags=SA_RESTART|SA_SIGINFO, blocked
    SIGHUP: UserHandler in libjvm.so, mask=11100100010111111101111111111110, flags=SA_RESTART|SA_SIGINFO, blocked
    SIGINT: UserHandler in libjvm.so, mask=11100100010111111101111111111110, flags=SA_RESTART|SA_SIGINFO, blocked
   SIGTERM: UserHandler in libjvm.so, mask=11100100010111111101111111111110, flags=SA_RESTART|SA_SIGINFO, blocked
   SIGQUIT: UserHandler in libjvm.so, mask=11100100010111111101111111111110, flags=SA_RESTART|SA_SIGINFO, blocked
   SIGTRAP: crash_handler in libjvm.so, mask=11100100010111111101111111111110, flags=SA_RESTART|SA_SIGINFO, unblocked


Periodic native trim disabled

---------------  S Y S T E M  ---------------

OS:
DISTRIB_ID=Ubuntu
DISTRIB_RELEASE=24.04
DISTRIB_CODENAME=noble
DISTRIB_DESCRIPTION="Ubuntu 24.04.4 LTS"
uname: Linux 6.17.0-bpf-fault+ #1 SMP PREEMPT_DYNAMIC Mon Jul  6 16:43:12 MDT 2026 x86_64
OS uptime: 0 days 23:47 hours
libc: glibc 2.39 NPTL 2.39 
rlimit (soft/hard): STACK 8192k/infinity , CORE 0k/0k , NPROC 513205/513205 , NOFILE 1048576/1048576 , AS infinity/infinity , CPU infinity/infinity , DATA infinity/infinity , FSIZE infinity/infinity , MEMLOCK 16436528k/16436528k
load average: 0.59 1.15 1.34

/proc/meminfo:
MemTotal:       131492232 kB
MemFree:        73208836 kB
MemAvailable:   115869736 kB
Buffers:          534892 kB
Cached:         41509420 kB
SwapCached:            0 kB
Active:          3669492 kB
Inactive:       41223580 kB
Active(anon):    2865220 kB
Inactive(anon):        0 kB
Active(file):     804272 kB
Inactive(file): 41223580 kB
Unevictable:       41912 kB
Mlocked:           38840 kB
SwapTotal:       8388604 kB
SwapFree:        8388604 kB
Zswap:                 0 kB
Zswapped:              0 kB
Dirty:              6048 kB
Writeback:             0 kB
AnonPages:       2891752 kB
Mapped:          9733972 kB
Shmem:              5316 kB
KReclaimable:    1884732 kB
Slab:            2410956 kB
SReclaimable:    1884732 kB
SUnreclaim:       526224 kB
KernelStack:       12128 kB
PageTables:        57760 kB
SecPageTables:      8956 kB
NFS_Unstable:          0 kB
Bounce:                0 kB
WritebackTmp:          0 kB
CommitLimit:    74134720 kB
Committed_AS:   163383100 kB
VmallocTotal:   34359738367 kB
VmallocUsed:       38052 kB
VmallocChunk:          0 kB
Percpu:            51072 kB
HardwareCorrupted:     0 kB
AnonHugePages:         0 kB
ShmemHugePages:        0 kB
ShmemPmdMapped:        0 kB
FileHugePages:   2168832 kB
FilePmdMapped:         0 kB
Unaccepted:            0 kB
Balloon:               0 kB
HugePages_Total:       0
HugePages_Free:        0
HugePages_Rsvd:        0
HugePages_Surp:        0
Hugepagesize:       2048 kB
Hugetlb:               0 kB
DirectMap4k:      803648 kB
DirectMap2M:    24997888 kB
DirectMap1G:    108003328 kB

/sys/kernel/mm/transparent_hugepage/enabled: always [madvise] never
/sys/kernel/mm/transparent_hugepage/hpage_pmd_size: 2097152
/sys/kernel/mm/transparent_hugepage/defrag (defrag/compaction efforts parameter): always defer defer+madvise [madvise] never

Process Memory:
Virtual Size: 13620280348K (peak: 13620280348K)
Resident Set Size: 4174496K (peak: 4174496K) (anon: 1001412K, file: 3173084K, shmem: 0K)
Swapped out: 0K
C-Heap outstanding allocations: 1415798K, retained: 25449K
glibc malloc tunables: (default)

/proc/sys/kernel/threads-max (system-wide limit on the number of threads): 1026411
/proc/sys/vm/max_map_count (maximum number of memory map areas a process may have): 1048576
/proc/sys/vm/swappiness (control to define how aggressively the kernel swaps out anonymous memory): 60
/proc/sys/kernel/pid_max (system-wide limit on number of process identifiers): 4194304

container information not found.
Steal ticks since vm start: 0
Steal ticks percentage since vm start:  0.000

CPU: total 32 (initial active 32) (32 cores per cpu, 2 threads per core) family 23 model 49 stepping 0 microcode 0x830107c, cx8, cmov, fxsr, ht, mmx, 3dnowpref, sse, sse2, sse3, ssse3, sse4a, sse4.1, sse4.2, popcnt, lzcnt, tsc, tscinvbit, avx, avx2, aes, clmul, bmi1, bmi2, adx, sha, fma, vzeroupper, clflush, clflushopt, rdtscp, rdpid, f16c
CPU Model and flags from /proc/cpuinfo:
model name	: AMD EPYC 7302P 16-Core Processor
flags		: fpu vme de pse tsc msr pae mce cx8 apic sep mtrr pge mca cmov pat pse36 clflush mmx fxsr sse sse2 ht syscall nx mmxext fxsr_opt pdpe1gb rdtscp lm constant_tsc rep_good nopl xtopology nonstop_tsc cpuid extd_apicid aperfmperf rapl pni pclmulqdq monitor ssse3 fma cx16 sse4_1 sse4_2 movbe popcnt aes xsave avx f16c rdrand lahf_lm cmp_legacy svm extapic cr8_legacy abm sse4a misalignsse 3dnowprefetch osvw ibs skinit wdt tce topoext perfctr_core perfctr_nb bpext perfctr_llc mwaitx cpb cat_l3 cdp_l3 hw_pstate ssbd mba ibrs ibpb stibp vmmcall fsgsbase bmi1 avx2 smep bmi2 cqm rdt_a rdseed adx smap clflushopt clwb sha_ni xsaveopt xsavec xgetbv1 xsaves cqm_llc cqm_occup_llc cqm_mbm_total cqm_mbm_local clzero irperf xsaveerptr rdpru wbnoinvd amd_ppin arat npt lbrv svm_lock nrip_save tsc_scale vmcb_clean flushbyasid decodeassists pausefilter pfthreshold avic v_vmsave_vmload vgif v_spec_ctrl umip rdpid overflow_recov succor smca sev sev_es

Online cpus: 0-31
Offline cpus: 
BIOS frequency limitation: <Not Available>
Frequency switch latency (ns): <Not Available>
Available cpu frequencies: <Not Available>
Current governor: <Not Available>
Core performance/turbo boost: <Not Available>

Memory: 4k page, physical 131492232k(115869736k free), swap 8388604k(8388604k free)
Page Sizes: 4k

vm_info: OpenJDK 64-Bit Server VM (21.0.9-internal-adhoc.talzuss.openjdk-mmtk) for linux-amd64 JRE (21.0.9-internal-adhoc.talzuss.openjdk-mmtk), built on 2026-07-06T23:13:08Z by "talzuss" with gcc 13.3.0
heap_info: MMTk OpenJDK 0.32.0 (a3bb9ef-dirty), using MMTk 0.32.0 (ceb6a76-dirty, BUILTIN_ENV_LOGGER, DEFAULT, EAGER_SWEEPING, VO_BIT)@

END.
