#
# A fatal error has been detected by the Java Runtime Environment:
#
#  SIGSEGV (0xb) at pc=0x0000713cac684f39, pid=298697, tid=298722
#
# JRE version: OpenJDK Runtime Environment (21.0.9) (build 21.0.9-internal-adhoc.talzuss.openjdk-mmtk)
# Java VM: OpenJDK 64-Bit Server VM (21.0.9-internal-adhoc.talzuss.openjdk-mmtk, mixed mode, sharing, tiered, compressed oops, compressed class ptrs, third-party gc, linux-amd64)
# Problematic frame:
# C  [libmmtk_openjdk.so+0x284f39]  _$LT$mmtk_openjdk..abi..InstanceKlass$u20$as$u20$mmtk_openjdk..object_scanning..OopIterate$GT$::oop_iterate::he943d89d77f96fac+0x209
#
# Core dump will be written. Default location: Core dumps may be processed with "/usr/share/apport/apport -p%p -s%s -c%c -d%d -P%P -u%u -g%g -F%F -- %E" (or dumping to /mydata/mmtk-core/core.298697)
#
# If you would like to submit a bug report, please visit:
#   https://bugreport.java.com/bugreport/crash.jsp
#

---------------  S U M M A R Y ------------

Command Line: -XX:+UseThirdPartyHeap -Xms512m -Xmx512m /mydata/dacapo/dacapo-23.11/dacapo-23.11-MR2-chopin.jar luindex -n 3

Host: AMD EPYC 7302P 16-Core Processor, 32 cores, 125G, Ubuntu 24.04.4 LTS
Time: Tue Jul  7 13:03:56 2026 MDT elapsed time: 17.931529 seconds (0d 0h 0m 17s)

---------------  T H R E A D  ---------------

Current thread (0x0000713ca8541460):  NamedThread "MMTk Collector Thread" [id=298722, stack(0x0000648f722f4000,0x0000648f723f4000) (1024K)]

Stack: [0x0000648f722f4000,0x0000648f723f4000],  sp=0x0000648f723f28e0,  free space=1018k
Native frames: (J=compiled Java code, j=interpreted, Vv=VM code, C=native code)
C  [libmmtk_openjdk.so+0x284f39]  _$LT$mmtk_openjdk..abi..InstanceKlass$u20$as$u20$mmtk_openjdk..object_scanning..OopIterate$GT$::oop_iterate::he943d89d77f96fac+0x209

siginfo: si_signo: 11 (SIGSEGV), si_code: 128 (SI_KERNEL), si_addr: 0x0000000000000000

Registers:
RAX=0x7ffffffff606e21d, RBX=0x0000000000000000, RCX=0x7fffffffb606e21d, RDX=0x0000000040000000
RSP=0x0000648f723f28e0, RBP=0x0000713cac803488, RSI=0xfffffffff606e21d, RDI=0x0007fffffffb606e
R8 =0x7fffffffffffffff, R9 =0x0000000000000100, R10=0x0000648f723f2a20, R11=0x0000648f723f2a70
R12=0x000000004006e0d0, R13=0x0000713cac803488, R14=0x0000648f723f29a0, R15=0xfffffffff606e21d
RIP=0x0000713cac684f39, EFLAGS=0x0000000000010286, CSGSFS=0x002b000000000033, ERR=0x0000000000000000
  TRAPNO=0x000000000000000d

XMM[0]=0x000000004006e008 0x000000004006dfd8
XMM[1]=0x000000004006e040 0x000000004006e008
XMM[2]=0x282dffff3b64124c 0x0e053e14234e6a19
XMM[3]=0x0000000000000000 0x00000000000000ff
XMM[4]=0x000000004006cb88 0x000000004006cb10
XMM[5]=0x000000004006cf18 0x000000004006ce50
XMM[6]=0x000000004006cd58 0x000000004006cd40
XMM[7]=0x000000004006ccb0 0x000000004006cc98
XMM[8]=0x000000004006cba0 0x000000004006cb88
XMM[9]=0x0000000000000000 0x0000000000000000
XMM[10]=0x3f3f3f3f3f3f3f3f 0x3f3f3f3f3f3f3f3f
XMM[11]=0x9999999999999999 0x9999999999999999
XMM[12]=0x2020202020202020 0x2020202020202020
XMM[13]=0x0000000000000000 0x0000000000000000
XMM[14]=0x0000000000000000 0x0000000000000000
XMM[15]=0x0000000000000000 0x0000000000000000
  MXCSR=0x00001fa2


Register to memory mapping:

RAX=
[error occurred during error reporting (printing register info), id 0xe0000000, Internal Error (/mydata/mmtk-openjdk/openjdk/share/mmtkHeap.cpp:444)]
RBX=0x0 is null
RCX=
[error occurred during error reporting (printing register info, attempt 2), id 0xe0000000, Internal Error (/mydata/mmtk-openjdk/openjdk/share/mmtkHeap.cpp:444)]
RDX=
[error occurred during error reporting (printing register info, attempt 3), id 0xe0000000, Internal Error (/mydata/mmtk-openjdk/openjdk/share/mmtkHeap.cpp:444)]
Top of Stack: (sp=0x0000648f723f28e0)
0x0000648f723f28e0:   0000648f723f2a70 0000648f723f2a20
0x0000648f723f28f0:   0000648f73071f50 0000648f723f2a58
0x0000648f723f2900:   000000004006e0d0 0000648cdc88d018
0x0000648f723f2910:   0000648f723f2a78 0000648f723f2978
0x0000648f723f2920:   00000000ffffffff 000000000000de00
0x0000648f723f2930:   000000004006e0d0 0000648f723f2a20
0x0000648f723f2940:   000000004006dfd8 000000000000de00
0x0000648f723f2950:   0000713cac803488 0000713cac6a07e0
0x0000648f723f2960:   000000004006cc18 000000004006dfd8
0x0000648f723f2970:   0000713ca83df960 000020000006e000
0x0000648f723f2980:   0000000000000004 0000713cac803670
0x0000648f723f2990:   0000713ca852d250 0000000000000040
0x0000648f723f29a0:   0000000000000200 0000648f28004910
0x0000648f723f29b0:   00000000000001db 0000000000000040
0x0000648f723f29c0:   0000648f28005b30 000000000000002d
0x0000648f723f29d0:   0000648f28005b50 0000648f28005b30
0x0000648f723f29e0:   0000713cac803488 0000648f723f2a20
0x0000648f723f29f0:   0000648f723f2978 0000648f723f2a78
0x0000648f723f2a00:   0000648f723f2a70 0000648f723f2a57
0x0000648f723f2a10:   0000648f723f2a58 0000648f723f29a0
0x0000648f723f2a20:   000000000000006e 0000000000000001
0x0000648f723f2a30:   0000713cac7c4f78 0000713ca8046048
0x0000648f723f2a40:   00000000723f2a90 0000648f73006f28
0x0000648f723f2a50:   0000713ca852d250 0000000000000100
0x0000648f723f2a60:   0000648f28002fa0 0000000000000088
0x0000648f723f2a70:   0000000040000000 000000004006e000
0x0000648f723f2a80:   0000713cac803488 0000648f73253e40
0x0000648f723f2a90:   0000713ca806f900 0000713ca806f600
0x0000648f723f2aa0:   0000713ca806f300 0000713ca806f000
0x0000648f723f2ab0:   0000713ca806ed00 0000713ca806ea00
0x0000648f723f2ac0:   0000648f28005c98 0000648f723f2a28
0x0000648f723f2ad0:   0000713cac802d20 0000000000000040 

Instructions: (pc=0x0000713cac684f39)
0x0000713cac684e39:   cf 48 c1 ef 0c 49 3b 3a 75 1d 48 8b 4c 24 38 48
0x0000713cac684e49:   8b 09 48 8b 54 24 30 48 8b 12 48 29 d0 8b 2c 01
0x0000713cac684e59:   48 85 ed 75 a2 eb bc 49 8b 13 48 39 d0 0f 82 a4
0x0000713cac684e69:   00 00 00 4d 8b 45 60 49 01 d0 4c 39 c0 49 b8 ff
0x0000713cac684e79:   ff ff ff ff ff ff 7f 0f 83 8a 00 00 00 4c 8b 44
0x0000713cac684e89:   24 18 4d 8b 48 10 49 b8 ff ff ff ff ff ff ff 7f
0x0000713cac684e99:   4d 85 c9 74 72 4c 8b 44 24 18 4d 8b 40 08 49 83
0x0000713cac684ea9:   f9 01 75 05 45 31 d2 eb 2c 45 31 db 66 66 2e 0f
0x0000713cac684eb9:   1f 84 00 00 00 00 00 4d 89 cc 49 d1 ec 4f 8d 14
0x0000713cac684ec9:   1c 4b 39 3c d0 4d 0f 47 d3 4d 29 e1 4d 89 d3 49
0x0000713cac684ed9:   83 f9 01 77 e2 4b 39 3c d0 4c 8b 54 24 08 4c 8b
0x0000713cac684ee9:   1c 24 49 b8 ff ff ff ff ff ff ff 7f 75 19 48 81
0x0000713cac684ef9:   e1 00 f0 ff ff 48 01 ca 49 03 4d 70 e9 49 ff ff
0x0000713cac684f09:   ff 66 0f 1f 44 00 00 48 85 f6 78 24 8b 2e 48 85
0x0000713cac684f19:   ed 0f 84 fc fe ff ff 48 8b 05 b1 f4 17 00 48 8b
0x0000713cac684f29:   0d b2 f4 17 00 48 d3 e5 48 01 c5 e9 c7 fe ff ff
0x0000713cac684f39:   48 8b 28 48 85 ed 0f 85 bb fe ff ff e9 d2 fe ff
0x0000713cac684f49:   ff 4c 89 f7 e8 9e dc f3 ff 49 b8 ff ff ff ff ff
0x0000713cac684f59:   ff ff 7f 4c 8b 1c 24 4c 8b 54 24 08 e9 a3 fe ff
0x0000713cac684f69:   ff 48 83 c4 48 5b 41 5c 41 5d 41 5e 41 5f 5d c3
0x0000713cac684f79:   cc cc cc cc cc cc cc 55 41 57 41 56 41 55 41 54
0x0000713cac684f89:   53 50 48 89 34 24 48 63 87 28 01 00 00 48 85 c0
0x0000713cac684f99:   0f 84 c8 00 00 00 48 89 d3 48 63 8f ac 00 00 00
0x0000713cac684fa9:   48 8d 0c cf 48 63 97 2c 01 00 00 48 8d 34 d1 4c
0x0000713cac684fb9:   8d 3c d1 49 81 c7 d8 01 00 00 4c 8d 24 c6 49 81
0x0000713cac684fc9:   c4 d8 01 00 00 eb 0d 49 83 c7 08 4d 39 e7 0f 84
0x0000713cac684fd9:   8a 00 00 00 45 8b 6f 04 4d 85 ed 74 ea 49 63 2f
0x0000713cac684fe9:   48 03 2c 24 eb 0a 90 48 83 c5 08 49 ff cd 74 d7
0x0000713cac684ff9:   48 8b 03 4c 8b 73 10 4d 85 f6 75 0b 48 3d ff 0f
0x0000713cac685009:   00 00 76 2a 45 31 f6 49 39 c6 74 48 48 8b 43 08
0x0000713cac685019:   4a 89 2c f0 49 ff c6 4c 89 73 10 49 81 fe 00 10
0x0000713cac685029:   00 00 72 c3 48 89 df e8 7b 26 ed ff eb b9 ba 00 


Stack slot to memory mapping:

stack at sp + 0 slots: 
[error occurred during error reporting (inspecting top of stack), id 0xe0000000, Internal Error (/mydata/mmtk-openjdk/openjdk/share/mmtkHeap.cpp:444)]
stack at sp + 1 slots: 
[error occurred during error reporting (inspecting top of stack, attempt 2), id 0xe0000000, Internal Error (/mydata/mmtk-openjdk/openjdk/share/mmtkHeap.cpp:444)]
stack at sp + 2 slots: 
[error occurred during error reporting (inspecting top of stack, attempt 3), id 0xe0000000, Internal Error (/mydata/mmtk-openjdk/openjdk/share/mmtkHeap.cpp:444)]

---------------  P R O C E S S  ---------------

Threads class SMR info:
_java_thread_list=0x0000648ed002c570, length=16, elements={
0x0000713ca802b240, 0x0000713ca8526750, 0x0000713ca8527fe0, 0x0000713ca8529ad0,
0x0000713ca8548300, 0x0000713ca8549c50, 0x0000713ca854b510, 0x0000713ca854d350,
0x0000713ca8556d20, 0x0000713ca85a5da0, 0x0000713ca85a8da0, 0x0000648ee817b5c0,
0x0000648eec003380, 0x0000648ee40273e0, 0x0000648ee4028480, 0x0000648ec8063eb0
}

Java Threads: ( => current thread )
  0x0000713ca802b240 JavaThread "main"                              [_thread_blocked, id=298698, stack(0x0000713cac817000,0x0000713cac917000) (1024K)]
  0x0000713ca8526750 JavaThread "Reference Handler"          daemon [_thread_blocked, id=298702, stack(0x0000713c704fd000,0x0000713c705fd000) (1024K)]
  0x0000713ca8527fe0 JavaThread "Finalizer"                  daemon [_thread_blocked, id=298703, stack(0x0000648fbc2fc000,0x0000648fbc3fc000) (1024K)]
  0x0000713ca8529ad0 JavaThread "MMTk Finalizer Thread"      daemon [_thread_blocked, id=298704, stack(0x0000648fb88ff000,0x0000648fb89ff000) (1024K)]
  0x0000713ca8548300 JavaThread "Signal Dispatcher"          daemon [_thread_blocked, id=298728, stack(0x0000648f71cee000,0x0000648f71dee000) (1024K)]
  0x0000713ca8549c50 JavaThread "Service Thread"             daemon [_thread_blocked, id=298729, stack(0x0000648f71bee000,0x0000648f71cee000) (1024K)]
  0x0000713ca854b510 JavaThread "Monitor Deflation Thread"   daemon [_thread_blocked, id=298730, stack(0x0000648f71aee000,0x0000648f71bee000) (1024K)]
  0x0000713ca854d350 JavaThread "C2 CompilerThread0"         daemon [_thread_blocked, id=298731, stack(0x0000648f719ee000,0x0000648f71aee000) (1024K)]
  0x0000713ca8556d20 JavaThread "C1 CompilerThread0"         daemon [_thread_blocked, id=298732, stack(0x0000648f718ee000,0x0000648f719ee000) (1024K)]
  0x0000713ca85a5da0 JavaThread "Notification Thread"        daemon [_thread_blocked, id=298735, stack(0x0000648f715ee000,0x0000648f716ee000) (1024K)]
  0x0000713ca85a8da0 JavaThread "Common-Cleaner"             daemon [_thread_blocked, id=298736, stack(0x0000648f714ee000,0x0000648f715ee000) (1024K)]
  0x0000648ee817b5c0 JavaThread "C2 CompilerThread1"         daemon [_thread_blocked, id=298746, stack(0x0000648f717ee000,0x0000648f718ee000) (1024K)]
  0x0000648eec003380 JavaThread "C1 CompilerThread1"         daemon [_thread_blocked, id=298747, stack(0x0000648f716ee000,0x0000648f717ee000) (1024K)]
  0x0000648ee40273e0 JavaThread "C1 CompilerThread2"         daemon [_thread_blocked, id=298748, stack(0x0000648f712ee000,0x0000648f713ee000) (1024K)]
  0x0000648ee4028480 JavaThread "C1 CompilerThread3"         daemon [_thread_blocked, id=298749, stack(0x0000648f711ee000,0x0000648f712ee000) (1024K)]
  0x0000648ec8063eb0 JavaThread "C1 CompilerThread4"         daemon [_thread_blocked, id=298757, stack(0x0000648f70cee000,0x0000648f70dee000) (1024K)]
Total: 16

Other Threads:
  0x0000713ca851b2a0 VMThread "VM Thread"                           [id=298701, stack(0x0000713c705fe000,0x0000713c706fe000) (1024K)]
  0x0000713ca8508ef0 WatcherThread "VM Periodic Task Thread"        [id=298700, stack(0x0000713c706ff000,0x0000713c707ff000) (1024K)]

=>0x0000713ca8541460 (exited) NamedThread "MMTk Collector Thread"   [id=298722, stack(0x0000648f722f4000,0x0000648f723f4000) (1024K)]
Total: 3

Threads with active compile tasks:
Total: 0

VM state: at safepoint (normal execution)

VM Mutex/Monitor currently owned by a thread:  ([mutex/lock_event])
[0x0000713cadf580d0] Threads_lock - owner thread: 0x0000713ca851b2a0
[0x0000713cadf57fd0] Heap_lock - owner thread: 0x0000713ca83e48a0

Heap address: 0x0000000040000000, size: 3072 MB, Compressed Oops mode: 32-bit

CDS archive(s) mapped at: [0x0000648f73000000-0x0000648f73ca3000-0x0000648f73ca3000), size 13250560, SharedBaseAddress: 0x0000648f73000000, ArchiveRelocationMode: 1.
Compressed class space mapped at: 0x0000648f74000000-0x0000648fb4000000, reserved size: 1073741824
Narrow klass base: 0x0000648f73000000, Narrow klass shift: 0, Narrow klass range: 0x100000000

GC Precious Log:
<Empty>

Heap:

[error occurred during error reporting (printing heap information), id 0xe0000000, Internal Error (/mydata/mmtk-openjdk/openjdk/share/mmtkHeap.cpp:424)]
Metaspace:

Usage:
  Non-class:      6.42 MB used.
      Class:    773.75 KB used.
       Both:      7.18 MB used.

Virtual space:
  Non-class space:       64.00 MB reserved,       6.56 MB ( 10%) committed,  1 nodes.
      Class space:        1.00 GB reserved,     896.00 KB ( <1%) committed,  1 nodes.
             Both:        1.06 GB reserved,       7.44 MB ( <1%) committed. 

Chunk freelists:
   Non-Class:  8.20 MB
       Class:  14.96 MB
        Both:  23.16 MB

MaxMetaspaceSize: unlimited
CompressedClassSpaceSize: 1.00 GB
Initial GC threshold: 21.00 MB
Current GC threshold: 21.00 MB
CDS: on
 - commit_granule_bytes: 65536.
 - commit_granule_words: 8192.
 - virtual_space_node_default_size: 8388608.
 - enlarge_chunks_in_place: 1.
 - use_allocation_guard: 0.


Internal statistics:

num_allocs_failed_limit: 0.
num_arena_births: 196.
num_arena_deaths: 0.
num_vsnodes_births: 2.
num_vsnodes_deaths: 0.
num_space_committed: 119.
num_space_uncommitted: 0.
num_chunks_returned_to_freelist: 0.
num_chunks_taken_from_freelist: 417.
num_chunk_merges: 0.
num_chunk_splits: 274.
num_chunks_enlarged: 183.
num_inconsistent_stats: 0.

CodeHeap 'non-profiled nmethods': size=118880Kb used=877Kb max_used=877Kb free=118003Kb
 bounds [0x0000713c983e8000, 0x0000713c98658000, 0x0000713c9f800000]
CodeHeap 'profiled nmethods': size=118876Kb used=3228Kb max_used=3228Kb free=115647Kb
 bounds [0x0000713c90800000, 0x0000713c90b30000, 0x0000713c97c17000]
CodeHeap 'non-nmethods': size=8004Kb used=3475Kb max_used=3503Kb free=4529Kb
 bounds [0x0000713c97c17000, 0x0000713c98017000, 0x0000713c983e8000]
CodeCache: size=245760Kb, used=7580Kb, max_used=7608Kb, free=238179Kb
 total_blobs=2358, nmethods=1853, adapters=405, full_count=0
Compilation: enabled, stopped_count=0, restarted_count=0

Compilation events (20 events):
Event: 17.777 Thread 0x0000648ee40273e0 1844       3       java.nio.HeapByteBuffer::compact (85 bytes)
Event: 17.778 Thread 0x0000648ee40273e0 nmethod 1844 0x0000713c90b26910 code [0x0000713c90b26b00, 0x0000713c90b271e0]
Event: 17.787 Thread 0x0000648ee40273e0 1845       1       org.apache.lucene.util.InfoStream$NoOutput::isEnabled (2 bytes)
Event: 17.787 Thread 0x0000648ee40273e0 nmethod 1845 0x0000713c984c1390 code [0x0000713c984c1520, 0x0000713c984c15e0]
Event: 17.888 Thread 0x0000713ca854d350 1846       4       java.util.concurrent.locks.AbstractQueuedSynchronizer::signalNext (34 bytes)
Event: 17.889 Thread 0x0000648ee817b5c0 1847       4       java.lang.String::indexOf (37 bytes)
Event: 17.889 Thread 0x0000713ca854d350 nmethod 1846 0x0000713c984c1690 code [0x0000713c984c1820, 0x0000713c984c1900]
Event: 17.890 Thread 0x0000648ee817b5c0 nmethod 1847 0x0000713c984c1a10 code [0x0000713c984c1bc0, 0x0000713c984c1fe0]
Event: 17.893 Thread 0x0000713ca854d350 1848       4       org.apache.lucene.util.Accountable$$Lambda/0x0000648f740215b8::ramBytesUsed (4 bytes)
Event: 17.893 Thread 0x0000713ca854d350 nmethod 1848 0x0000713c984c2190 code [0x0000713c984c2300, 0x0000713c984c2388]
Event: 17.894 Thread 0x0000713ca854d350 1849       4       java.util.concurrent.atomic.AtomicLong::incrementAndGet (14 bytes)
Event: 17.894 Thread 0x0000713ca854d350 nmethod 1849 0x0000713c984c2490 code [0x0000713c984c2600, 0x0000713c984c2698]
Event: 17.898 Thread 0x0000713ca854d350 1850       4       java.util.concurrent.atomic.AtomicLong::getAndIncrement (12 bytes)
Event: 17.898 Thread 0x0000713ca854d350 nmethod 1850 0x0000713c984c2790 code [0x0000713c984c2900, 0x0000713c984c2990]
Event: 17.899 Thread 0x0000648ee817b5c0 1851       4       org.apache.lucene.analysis.ReusableStringReader::close (14 bytes)
Event: 17.899 Thread 0x0000713ca854d350 1852       4       java.util.concurrent.atomic.AtomicInteger::incrementAndGet (14 bytes)
Event: 17.900 Thread 0x0000713ca854d350 nmethod 1852 0x0000713c984c2a90 code [0x0000713c984c2c00, 0x0000713c984c2c98]
Event: 17.900 Thread 0x0000648ee817b5c0 nmethod 1851 0x0000713c984c2d90 code [0x0000713c984c2f00, 0x0000713c984c2f98]
Event: 17.900 Thread 0x0000648ee817b5c0 1853       4       java.util.concurrent.locks.ReentrantLock$Sync::tryRelease (51 bytes)
Event: 17.900 Thread 0x0000648ee817b5c0 nmethod 1853 0x0000713c984c3090 code [0x0000713c984c3220, 0x0000713c984c3348]

GC Heap History (0 events):
No events

Dll operation events (8 events):
Event: 0.001 Loaded shared library /mydata/openjdk-mmtk/build/b0test/images/jdk/lib/libjava.so
Event: 2.218 Loaded shared library /mydata/openjdk-mmtk/build/b0test/images/jdk/lib/libjsvml.so
Event: 2.231 Loaded shared library /mydata/openjdk-mmtk/build/b0test/images/jdk/lib/libnio.so
Event: 2.234 Loaded shared library /mydata/openjdk-mmtk/build/b0test/images/jdk/lib/libzip.so
Event: 2.247 Loaded shared library /mydata/openjdk-mmtk/build/b0test/images/jdk/lib/libjimage.so
Event: 2.273 Loaded shared library /mydata/openjdk-mmtk/build/b0test/images/jdk/lib/libnet.so
Event: 16.780 Loaded shared library /mydata/openjdk-mmtk/build/b0test/images/jdk/lib/libmanagement.so
Event: 16.781 Loaded shared library /mydata/openjdk-mmtk/build/b0test/images/jdk/lib/libmanagement_ext.so

Deoptimization events (20 events):
Event: 17.766 Thread 0x0000713ca802b240 Uncommon trap: trap_request=0xffffffde fr.pc=0x0000713c98416120 relative=0x0000000000000160
Event: 17.766 Thread 0x0000713ca802b240 Uncommon trap: reason=class_check action=maybe_recompile pc=0x0000713c98416120 method=java.nio.ByteBuffer.putBuffer(ILjava/nio/ByteBuffer;II)V @ 1 c2
Event: 17.766 Thread 0x0000713ca802b240 DEOPT PACKING pc=0x0000713c98416120 sp=0x0000713cac914260
Event: 17.766 Thread 0x0000713ca802b240 DEOPT UNPACKING pc=0x0000713c97c6a399 sp=0x0000713cac914208 mode 2
Event: 17.766 Thread 0x0000713ca802b240 Uncommon trap: trap_request=0xffffffde fr.pc=0x0000713c9842da20 relative=0x0000000000000240
Event: 17.766 Thread 0x0000713ca802b240 Uncommon trap: reason=class_check action=maybe_recompile pc=0x0000713c9842da20 method=java.nio.ByteBuffer.put(Ljava/nio/ByteBuffer;)Ljava/nio/ByteBuffer; @ 10 c2
Event: 17.766 Thread 0x0000713ca802b240 DEOPT PACKING pc=0x0000713c9842da20 sp=0x0000713cac9142f0
Event: 17.766 Thread 0x0000713ca802b240 DEOPT UNPACKING pc=0x0000713c97c6a399 sp=0x0000713cac9142d0 mode 2
Event: 17.766 Thread 0x0000713ca802b240 Uncommon trap: trap_request=0xffffffde fr.pc=0x0000713c98416120 relative=0x0000000000000160
Event: 17.766 Thread 0x0000713ca802b240 Uncommon trap: reason=class_check action=maybe_recompile pc=0x0000713c98416120 method=java.nio.ByteBuffer.putBuffer(ILjava/nio/ByteBuffer;II)V @ 1 c2
Event: 17.766 Thread 0x0000713ca802b240 DEOPT PACKING pc=0x0000713c98416120 sp=0x0000713cac914260
Event: 17.766 Thread 0x0000713ca802b240 DEOPT UNPACKING pc=0x0000713c97c6a399 sp=0x0000713cac914208 mode 2
Event: 17.766 Thread 0x0000713ca802b240 Uncommon trap: trap_request=0xffffffde fr.pc=0x0000713c9842da20 relative=0x0000000000000240
Event: 17.766 Thread 0x0000713ca802b240 Uncommon trap: reason=class_check action=maybe_recompile pc=0x0000713c9842da20 method=java.nio.ByteBuffer.put(Ljava/nio/ByteBuffer;)Ljava/nio/ByteBuffer; @ 10 c2
Event: 17.766 Thread 0x0000713ca802b240 DEOPT PACKING pc=0x0000713c9842da20 sp=0x0000713cac9142f0
Event: 17.766 Thread 0x0000713ca802b240 DEOPT UNPACKING pc=0x0000713c97c6a399 sp=0x0000713cac9142d0 mode 2
Event: 17.766 Thread 0x0000713ca802b240 Uncommon trap: trap_request=0xffffffde fr.pc=0x0000713c98416120 relative=0x0000000000000160
Event: 17.766 Thread 0x0000713ca802b240 Uncommon trap: reason=class_check action=maybe_recompile pc=0x0000713c98416120 method=java.nio.ByteBuffer.putBuffer(ILjava/nio/ByteBuffer;II)V @ 1 c2
Event: 17.766 Thread 0x0000713ca802b240 DEOPT PACKING pc=0x0000713c98416120 sp=0x0000713cac914260
Event: 17.766 Thread 0x0000713ca802b240 DEOPT UNPACKING pc=0x0000713c97c6a399 sp=0x0000713cac914208 mode 2

Classes loaded (20 events):
Event: 16.923 Loading class java/util/Spliterators$IntArraySpliterator
Event: 16.923 Loading class java/util/Spliterators$IntArraySpliterator done
Event: 16.923 Loading class java/util/stream/IntPipeline$Head
Event: 16.923 Loading class java/util/stream/IntPipeline$Head done
Event: 16.934 Loading class java/lang/reflect/UndeclaredThrowableException
Event: 16.934 Loading class java/lang/reflect/UndeclaredThrowableException done
Event: 16.937 Loading class java/lang/ArrayIndexOutOfBoundsException
Event: 16.937 Loading class java/lang/ArrayIndexOutOfBoundsException done
Event: 17.029 Loading class java/util/WeakHashMap$KeyIterator
Event: 17.029 Loading class java/util/WeakHashMap$HashIterator
Event: 17.029 Loading class java/util/WeakHashMap$HashIterator done
Event: 17.029 Loading class java/util/WeakHashMap$KeyIterator done
Event: 17.478 Loading class java/lang/CharacterData01
Event: 17.478 Loading class java/lang/CharacterData01 done
Event: 17.757 Loading class java/nio/BufferUnderflowException
Event: 17.757 Loading class java/nio/BufferUnderflowException done
Event: 17.758 Loading class java/nio/HeapByteBufferR
Event: 17.758 Loading class java/nio/HeapByteBufferR done
Event: 17.759 Loading class java/nio/FloatBuffer
Event: 17.759 Loading class java/nio/FloatBuffer done

Classes unloaded (0 events):
No events

Classes redefined (0 events):
No events

Internal exceptions (20 events):
Event: 2.292 Thread 0x0000713ca802b240 Exception <a 'java/lang/NoSuchMethodError'{0x00000000401b5ca8}: 'void java.lang.invoke.DirectMethodHandle$Holder.invokeVirtual(java.lang.Object, java.lang.Object)'> (0x00000000401b5ca8) 
thrown [src/hotspot/share/interpreter/linkResolver.cpp, line 772]
Event: 2.297 Thread 0x0000713ca802b240 Exception <a 'java/io/FileNotFoundException'{0x000000004018e858}> (0x000000004018e858) 
thrown [src/hotspot/share/prims/jni.cpp, line 520]
Event: 2.307 Thread 0x0000713ca802b240 Exception <a 'java/lang/NoSuchMethodError'{0x00000000401202e8}: 'java.lang.Object java.lang.invoke.Invokers$Holder.invokeExact_MT(java.lang.Object, java.lang.Object, java.lang.Object, java.lang.Object, java.lang.Object)'> (0x00000000401202e8) 
thrown [src/hotspot/share/interpreter/linkResolver.cpp, line 772]
Event: 16.756 Thread 0x0000713ca802b240 Exception <a 'java/lang/NoSuchMethodError'{0x00000000400239b0}: 'void java.lang.invoke.DirectMethodHandle$Holder.invokeVirtual(java.lang.Object, java.lang.Object, java.lang.Object, java.lang.Object)'> (0x00000000400239b0) 
thrown [src/hotspot/share/interpreter/linkResolver.cpp, line 772]
Event: 16.756 Thread 0x0000713ca802b240 Exception <a 'java/lang/NoSuchMethodError'{0x0000000040027650}: 'void java.lang.invoke.DirectMethodHandle$Holder.invokeSpecial(java.lang.Object, java.lang.Object, java.lang.Object, java.lang.Object, java.lang.Object)'> (0x0000000040027650) 
thrown [src/hotspot/share/interpreter/linkResolver.cpp, line 772]
Event: 16.775 Thread 0x0000713ca802b240 Exception <a 'java/lang/NoSuchMethodError'{0x00000000402ba888}: 'long java.lang.invoke.DirectMethodHandle$Holder.invokeStatic(java.lang.Object)'> (0x00000000402ba888) 
thrown [src/hotspot/share/interpreter/linkResolver.cpp, line 772]
Event: 16.776 Thread 0x0000713ca802b240 Exception <a 'java/lang/NoSuchMethodError'{0x00000000402be3e0}: 'long java.lang.invoke.DirectMethodHandle$Holder.invokeStaticInit(java.lang.Object)'> (0x00000000402be3e0) 
thrown [src/hotspot/share/interpreter/linkResolver.cpp, line 772]
Event: 16.778 Thread 0x0000713ca802b240 Exception <a 'java/lang/NoSuchMethodError'{0x0000000040296468}: 'void java.lang.invoke.DirectMethodHandle$Holder.invokeStatic(java.lang.Object, java.lang.Object, java.lang.Object)'> (0x0000000040296468) 
thrown [src/hotspot/share/interpreter/linkResolver.cpp, line 772]
Event: 16.785 Thread 0x0000713ca802b240 Exception <a 'java/lang/NoSuchMethodError'{0x00000000401a8fd0}: 'int java.lang.invoke.DirectMethodHandle$Holder.invokeSpecial(java.lang.Object, java.lang.Object, java.lang.Object)'> (0x00000000401a8fd0) 
thrown [src/hotspot/share/interpreter/linkResolver.cpp, line 772]
Event: 16.785 Thread 0x0000713ca802b240 Exception <a 'java/lang/NoSuchMethodError'{0x00000000401a1250}: 'java.lang.Object java.lang.invoke.DirectMethodHandle$Holder.invokeInterface(java.lang.Object, java.lang.Object, java.lang.Object)'> (0x00000000401a1250) 
thrown [src/hotspot/share/interpreter/linkResolver.cpp, line 772]
Event: 16.788 Thread 0x0000713ca802b240 Exception <a 'java/lang/NoSuchMethodError'{0x0000000040180998}: 'java.lang.Object java.lang.invoke.DirectMethodHandle$Holder.invokeStatic(java.lang.Object, java.lang.Object, int)'> (0x0000000040180998) 
thrown [src/hotspot/share/interpreter/linkResolver.cpp, line 772]
Event: 16.789 Thread 0x0000713ca802b240 Exception <a 'java/lang/NoSuchMethodError'{0x000000004016ffb0}: 'void java.lang.invoke.DelegatingMethodHandle$Holder.delegate(java.lang.Object, java.lang.Object, int, java.lang.Object)'> (0x000000004016ffb0) 
thrown [src/hotspot/share/interpreter/linkResolver.cpp, line 772]
Event: 16.797 Thread 0x0000713ca802b240 Exception <a 'java/lang/NoSuchMethodError'{0x00000000400a40d8}: 'void java.lang.invoke.DirectMethodHandle$Holder.invokeStaticInit(java.lang.Object, java.lang.Object)'> (0x00000000400a40d8) 
thrown [src/hotspot/share/interpreter/linkResolver.cpp, line 772]
Event: 16.859 Thread 0x0000713ca802b240 Exception <a 'java/lang/NoSuchMethodError'{0x000000004082d7b0}: 'int java.lang.invoke.DirectMethodHandle$Holder.invokeStaticInit(java.lang.Object, java.lang.Object, java.lang.Object)'> (0x000000004082d7b0) 
thrown [src/hotspot/share/interpreter/linkResolver.cpp, line 772]
Event: 16.863 Thread 0x0000713ca802b240 Exception <a 'sun/nio/fs/UnixException'{0x0000000040ff1e30}> (0x0000000040ff1e30) 
thrown [src/hotspot/share/prims/jni.cpp, line 520]
Event: 16.872 Thread 0x0000713ca802b240 Exception <a 'java/lang/NoSuchMethodError'{0x0000000040f6abb0}: 'java.lang.Object java.lang.invoke.DirectMethodHandle$Holder.newInvokeSpecial(java.lang.Object, java.lang.Object, java.lang.Object, int, java.lang.Object, java.lang.Object, java.lang.Object, java.lang.Object, java.lang.Object, int)'> (0x0000000040f6abb0) 
thrown [src/hotspot/share/interpreter/linkResolver.cpp, line 772]
Event: 16.875 Thread 0x0000713ca802b240 Exception <a 'java/lang/NoSuchMethodError'{0x0000000040f37240}: 'long java.lang.invoke.DirectMethodHandle$Holder.invokeSpecial(java.lang.Object, java.lang.Object)'> (0x0000000040f37240) 
thrown [src/hotspot/share/interpreter/linkResolver.cpp, line 772]
Event: 16.923 Thread 0x0000713ca802b240 Exception <a 'java/lang/NoSuchMethodError'{0x0000000040ccd9d8}: 'void java.lang.invoke.DirectMethodHandle$Holder.invokeInterface(java.lang.Object, java.lang.Object, int)'> (0x0000000040ccd9d8) 
thrown [src/hotspot/share/interpreter/linkResolver.cpp, line 772]
Event: 16.923 Thread 0x0000713ca802b240 Exception <a 'java/lang/IncompatibleClassChangeError'{0x0000000040cc1018}: Found class java.lang.Object, but interface was expected> (0x0000000040cc1018) 
thrown [src/hotspot/share/interpreter/linkResolver.cpp, line 840]
Event: 16.936 Thread 0x0000713ca802b240 Implicit null exception at 0x0000713c98412e77 to 0x0000713c98412f38

ZGC Phase Switch (0 events):
No events

VM Operations (20 events):
Event: 11.263 Executing VM operation: Cleanup done
Event: 12.263 Executing VM operation: Cleanup
Event: 12.264 Executing VM operation: Cleanup done
Event: 16.753 Executing VM operation: ThirdPartyHeapOperation
Event: 16.755 Executing VM operation: ThirdPartyHeapOperation done
Event: 16.757 Executing VM operation: ThirdPartyHeapOperation
Event: 16.760 Executing VM operation: ThirdPartyHeapOperation done
Event: 16.788 Executing VM operation: HandshakeAllThreads (Deoptimize)
Event: 16.788 Executing VM operation: HandshakeAllThreads (Deoptimize) done
Event: 16.898 Executing VM operation: HandshakeAllThreads (Deoptimize)
Event: 16.898 Executing VM operation: HandshakeAllThreads (Deoptimize) done
Event: 17.340 Executing VM operation: ICBufferFull
Event: 17.340 Executing VM operation: ICBufferFull done
Event: 17.758 Executing VM operation: HandshakeAllThreads (Deoptimize)
Event: 17.758 Executing VM operation: HandshakeAllThreads (Deoptimize) done
Event: 17.758 Executing VM operation: HandshakeAllThreads (Deoptimize)
Event: 17.758 Executing VM operation: HandshakeAllThreads (Deoptimize) done
Event: 17.910 Executing VM operation: ThirdPartyHeapOperation
Event: 17.927 Executing VM operation: ThirdPartyHeapOperation done
Event: 17.930 Executing VM operation: ThirdPartyHeapOperation

Memory protections (20 events):
Event: 2.229 Protecting memory [0x0000648f715ee000,0x0000648f715f2000] with protection modes 0
Event: 2.230 Protecting memory [0x0000648f714ee000,0x0000648f714f2000] with protection modes 0
Event: 2.278 Protecting memory [0x0000648f713ee000,0x0000648f713f2000] with protection modes 0
Event: 2.285 Protecting memory [0x0000648f712ee000,0x0000648f712f2000] with protection modes 0
Event: 2.285 Protecting memory [0x0000648f711ee000,0x0000648f711f2000] with protection modes 0
Event: 2.289 Protecting memory [0x0000648f710ee000,0x0000648f710f2000] with protection modes 0
Event: 3.026 Protecting memory [0x0000648f717ee000,0x0000648f717f2000] with protection modes 0
Event: 3.026 Protecting memory [0x0000648f716ee000,0x0000648f716f2000] with protection modes 0
Event: 16.727 Protecting memory [0x0000648f717ee000,0x0000648f717f2000] with protection modes 0
Event: 16.765 Protecting memory [0x0000648f716ee000,0x0000648f716f2000] with protection modes 0
Event: 16.943 Protecting memory [0x0000648f712ee000,0x0000648f712f2000] with protection modes 0
Event: 16.943 Protecting memory [0x0000648f711ee000,0x0000648f711f2000] with protection modes 0
Event: 16.954 Protecting memory [0x0000648f713ee000,0x0000648f713f2000] with protection modes 0
Event: 16.954 Protecting memory [0x0000648f710ee000,0x0000648f710f2000] with protection modes 0
Event: 16.956 Protecting memory [0x0000648f70fee000,0x0000648f70ff2000] with protection modes 0
Event: 16.956 Protecting memory [0x0000648f70eee000,0x0000648f70ef2000] with protection modes 0
Event: 16.956 Protecting memory [0x0000648f70dee000,0x0000648f70df2000] with protection modes 0
Event: 16.957 Protecting memory [0x0000648f70cee000,0x0000648f70cf2000] with protection modes 0
Event: 16.957 Protecting memory [0x0000648f70bee000,0x0000648f70bf2000] with protection modes 0
Event: 17.370 Protecting memory [0x0000648f70cee000,0x0000648f70cf2000] with protection modes 0

Nmethod flushes (0 events):
No events

Events (20 events):
Event: 8.590 Thread 0x0000648ee819e930 Thread exited: 0x0000648ee819e930
Event: 16.727 Thread 0x0000713ca854d350 Thread added: 0x0000648ee817b5c0
Event: 16.765 Thread 0x0000713ca8556d20 Thread added: 0x0000648eec003380
Event: 16.943 Thread 0x0000648eec003380 Thread added: 0x0000648ee40273e0
Event: 16.943 Thread 0x0000648eec003380 Thread added: 0x0000648ee4028480
Event: 16.954 Thread 0x0000713ca854d350 Thread added: 0x0000648ee825ddf0
Event: 16.954 Thread 0x0000713ca854d350 Thread added: 0x0000648ee80c4e30
Event: 16.956 Thread 0x0000713ca854d350 Thread added: 0x0000648ee80c64f0
Event: 16.956 Thread 0x0000713ca854d350 Thread added: 0x0000648ee80c7b20
Event: 16.956 Thread 0x0000713ca854d350 Thread added: 0x0000648ee828d2b0
Event: 16.956 Thread 0x0000713ca854d350 Thread added: 0x0000648ee828e840
Event: 16.957 Thread 0x0000713ca854d350 Thread added: 0x0000648ee828fd20
Event: 17.243 Thread 0x0000648ee828fd20 Thread exited: 0x0000648ee828fd20
Event: 17.243 Thread 0x0000648ee828e840 Thread exited: 0x0000648ee828e840
Event: 17.370 Thread 0x0000648ee4028480 Thread added: 0x0000648ec8063eb0
Event: 17.758 Thread 0x0000648ee828d2b0 Thread exited: 0x0000648ee828d2b0
Event: 17.760 Thread 0x0000648ee80c7b20 Thread exited: 0x0000648ee80c7b20
Event: 17.760 Thread 0x0000648ee80c64f0 Thread exited: 0x0000648ee80c64f0
Event: 17.760 Thread 0x0000648ee80c4e30 Thread exited: 0x0000648ee80c4e30
Event: 17.888 Thread 0x0000648ee825ddf0 Thread exited: 0x0000648ee825ddf0


Dynamic libraries:
40000000-40400000 rw-p 00000000 00:00 0                                  [anon:mmtk:space:immix]
40400000-40800000 rw-p 00000000 00:00 0                                  [anon:mmtk:space:los]
40800000-41400000 rw-p 00000000 00:00 0                                  [anon:mmtk:space:immix]
41400000-43c00000 rw-p 00000000 00:00 0                                  [anon:mmtk:space:los]
43c00000-44000000 rw-p 00000000 00:00 0                                  [anon:mmtk:space:immix]
44000000-45c00000 rw-p 00000000 00:00 0                                  [anon:mmtk:space:los]
45c00000-46000000 rw-p 00000000 00:00 0                                  [anon:mmtk:space:immix]
46000000-47800000 rw-p 00000000 00:00 0                                  [anon:mmtk:space:los]
47800000-47c00000 rw-p 00000000 00:00 0                                  [anon:mmtk:space:immix]
47c00000-49000000 rw-p 00000000 00:00 0                                  [anon:mmtk:space:los]
49000000-49400000 rw-p 00000000 00:00 0                                  [anon:mmtk:space:immix]
49400000-4a000000 rw-p 00000000 00:00 0                                  [anon:mmtk:space:los]
4a000000-4a400000 rw-p 00000000 00:00 0                                  [anon:mmtk:space:immix]
4a400000-4c400000 rw-p 00000000 00:00 0                                  [anon:mmtk:space:los]
4c400000-4c800000 rw-p 00000000 00:00 0                                  [anon:mmtk:space:immix]
4c800000-4e000000 rw-p 00000000 00:00 0                                  [anon:mmtk:space:los]
4e000000-4e400000 rw-p 00000000 00:00 0                                  [anon:mmtk:space:immix]
4e400000-4f400000 rw-p 00000000 00:00 0                                  [anon:mmtk:space:los]
4f400000-4f800000 rw-p 00000000 00:00 0                                  [anon:mmtk:space:immix]
4f800000-50000000 rw-p 00000000 00:00 0                                  [anon:mmtk:space:los]
200000000000-2000c00c0000 rw-s 00000000 00:10 68                         anon_inode:bpf-map
57cd8e82a000-57cd8e82b000 r--p 00000000 fc:00 49676325                   /mydata/openjdk-mmtk/build/b0test/images/jdk/bin/java
57cd8e82b000-57cd8e82c000 r-xp 00001000 fc:00 49676325                   /mydata/openjdk-mmtk/build/b0test/images/jdk/bin/java
57cd8e82c000-57cd8e82d000 r--p 00002000 fc:00 49676325                   /mydata/openjdk-mmtk/build/b0test/images/jdk/bin/java
57cd8e82d000-57cd8e82e000 r--p 00002000 fc:00 49676325                   /mydata/openjdk-mmtk/build/b0test/images/jdk/bin/java
57cd8e82e000-57cd8e82f000 rw-p 00003000 fc:00 49676325                   /mydata/openjdk-mmtk/build/b0test/images/jdk/bin/java
57cdc48c1000-57cdc4909000 rw-p 00000000 00:00 0                          [heap]
648eb0000000-648eb0171000 rw-p 00000000 00:00 0 
648eb0171000-648eb4000000 ---p 00000000 00:00 0 
648eb8000000-648eb836e000 rw-p 00000000 00:00 0 
648eb836e000-648ebc000000 ---p 00000000 00:00 0 
648ebc000000-648ebc15e000 rw-p 00000000 00:00 0 
648ebc15e000-648ec0000000 ---p 00000000 00:00 0 
648ec0000000-648ec01b2000 rw-p 00000000 00:00 0 
648ec01b2000-648ec4000000 ---p 00000000 00:00 0 
648ec4000000-648ec41a1000 rw-p 00000000 00:00 0 
648ec41a1000-648ec8000000 ---p 00000000 00:00 0 
648ec8000000-648ec8067000 rw-p 00000000 00:00 0 
648ec8067000-648ecc000000 ---p 00000000 00:00 0 
648ecc000000-648ecc2cf000 rw-p 00000000 00:00 0 
648ecc2cf000-648ed0000000 ---p 00000000 00:00 0 
648ed0000000-648ed020c000 rw-p 00000000 00:00 0 
648ed020c000-648ed4000000 ---p 00000000 00:00 0 
648ed4000000-648ed408c000 rw-p 00000000 00:00 0 
648ed408c000-648ed8000000 ---p 00000000 00:00 0 
648ed8000000-648ed8021000 rw-p 00000000 00:00 0 
648ed8021000-648edc000000 ---p 00000000 00:00 0 
648edc000000-648edc021000 rw-p 00000000 00:00 0 
648edc021000-648ee0000000 ---p 00000000 00:00 0 
648ee0000000-648ee03a4000 rw-p 00000000 00:00 0 
648ee03a4000-648ee4000000 ---p 00000000 00:00 0 
648ee4000000-648ee40a8000 rw-p 00000000 00:00 0 
648ee40a8000-648ee8000000 ---p 00000000 00:00 0 
648ee8000000-648ee858a000 rw-p 00000000 00:00 0 
648ee858a000-648eec000000 ---p 00000000 00:00 0 
648eec000000-648eec0a9000 rw-p 00000000 00:00 0 
648eec0a9000-648ef0000000 ---p 00000000 00:00 0 
648ef0000000-648ef0021000 rw-p 00000000 00:00 0 
648ef0021000-648ef4000000 ---p 00000000 00:00 0 
648ef4000000-648ef4021000 rw-p 00000000 00:00 0 
648ef4021000-648ef8000000 ---p 00000000 00:00 0 
648ef8000000-648ef8021000 rw-p 00000000 00:00 0 
648ef8021000-648efc000000 ---p 00000000 00:00 0 
648efc000000-648efc021000 rw-p 00000000 00:00 0 
648efc021000-648f00000000 ---p 00000000 00:00 0 
648f00000000-648f00022000 rw-p 00000000 00:00 0 
648f00022000-648f04000000 ---p 00000000 00:00 0 
648f04000000-648f04021000 rw-p 00000000 00:00 0 
648f04021000-648f08000000 ---p 00000000 00:00 0 
648f08000000-648f08022000 rw-p 00000000 00:00 0 
648f08022000-648f0c000000 ---p 00000000 00:00 0 
648f0c000000-648f0c021000 rw-p 00000000 00:00 0 
648f0c021000-648f10000000 ---p 00000000 00:00 0 
648f10000000-648f10021000 rw-p 00000000 00:00 0 
648f10021000-648f14000000 ---p 00000000 00:00 0 
648f14000000-648f1404a000 rw-p 00000000 00:00 0 
648f1404a000-648f18000000 ---p 00000000 00:00 0 
648f18000000-648f18021000 rw-p 00000000 00:00 0 
648f18021000-648f1c000000 ---p 00000000 00:00 0 
648f1c000000-648f1c021000 rw-p 00000000 00:00 0 
648f1c021000-648f20000000 ---p 00000000 00:00 0 
648f20000000-648f20022000 rw-p 00000000 00:00 0 
648f20022000-648f24000000 ---p 00000000 00:00 0 
648f24000000-648f24021000 rw-p 00000000 00:00 0 
648f24021000-648f28000000 ---p 00000000 00:00 0 
648f28000000-648f28021000 rw-p 00000000 00:00 0 
648f28021000-648f2c000000 ---p 00000000 00:00 0 
648f2c000000-648f2c021000 rw-p 00000000 00:00 0 
648f2c021000-648f30000000 ---p 00000000 00:00 0 
648f30000000-648f30022000 rw-p 00000000 00:00 0 
648f30022000-648f34000000 ---p 00000000 00:00 0 
648f34000000-648f34021000 rw-p 00000000 00:00 0 
648f34021000-648f38000000 ---p 00000000 00:00 0 
648f38000000-648f38021000 rw-p 00000000 00:00 0 
648f38021000-648f3c000000 ---p 00000000 00:00 0 
648f3c000000-648f3c021000 rw-p 00000000 00:00 0 
648f3c021000-648f40000000 ---p 00000000 00:00 0 
648f40000000-648f40033000 rw-p 00000000 00:00 0 
648f40033000-648f44000000 ---p 00000000 00:00 0 
648f44000000-648f44021000 rw-p 00000000 00:00 0 
648f44021000-648f48000000 ---p 00000000 00:00 0 
648f48000000-648f4804f000 rw-p 00000000 00:00 0 
648f4804f000-648f4c000000 ---p 00000000 00:00 0 
648f4c000000-648f4c023000 rw-p 00000000 00:00 0 
648f4c023000-648f50000000 ---p 00000000 00:00 0 
648f50000000-648f50021000 rw-p 00000000 00:00 0 
648f50021000-648f54000000 ---p 00000000 00:00 0 
648f54000000-648f54021000 rw-p 00000000 00:00 0 
648f54021000-648f58000000 ---p 00000000 00:00 0 
648f58000000-648f58021000 rw-p 00000000 00:00 0 
648f58021000-648f5c000000 ---p 00000000 00:00 0 
648f5c000000-648f5c021000 rw-p 00000000 00:00 0 
648f5c021000-648f60000000 ---p 00000000 00:00 0 
648f60000000-648f60021000 rw-p 00000000 00:00 0 
648f60021000-648f64000000 ---p 00000000 00:00 0 
648f64000000-648f64021000 rw-p 00000000 00:00 0 
648f64021000-648f68000000 ---p 00000000 00:00 0 
648f68000000-648f682c0000 rw-p 00000000 00:00 0 
648f682c0000-648f68400000 ---p 00000000 00:00 0 
648f68400000-648f687d0000 rw-p 00000000 00:00 0 
648f687d0000-648f6c000000 ---p 00000000 00:00 0 
648f6c000000-648f6c021000 rw-p 00000000 00:00 0 
648f6c021000-648f70000000 ---p 00000000 00:00 0 
648f70bee000-648f70bf2000 ---p 00000000 00:00 0 
648f70bf2000-648f70cee000 rw-p 00000000 00:00 0 
648f70cee000-648f70cf2000 ---p 00000000 00:00 0 
648f70cf2000-648f70dee000 rw-p 00000000 00:00 0 
648f70dee000-648f70df2000 ---p 00000000 00:00 0 
648f70df2000-648f70eee000 rw-p 00000000 00:00 0 
648f70eee000-648f70ef2000 ---p 00000000 00:00 0 
648f70ef2000-648f70fee000 rw-p 00000000 00:00 0 
648f70fee000-648f70ff2000 ---p 00000000 00:00 0 
648f70ff2000-648f710ee000 rw-p 00000000 00:00 0 
648f710ee000-648f710f2000 ---p 00000000 00:00 0 
648f710f2000-648f711ee000 rw-p 00000000 00:00 0 
648f711ee000-648f711f2000 ---p 00000000 00:00 0 
648f711f2000-648f712ee000 rw-p 00000000 00:00 0 
648f712ee000-648f712f2000 ---p 00000000 00:00 0 
648f712f2000-648f713ee000 rw-p 00000000 00:00 0 
648f713ee000-648f713f2000 ---p 00000000 00:00 0 
648f713f2000-648f714ee000 rw-p 00000000 00:00 0 
648f714ee000-648f714f2000 ---p 00000000 00:00 0 
648f714f2000-648f715ee000 rw-p 00000000 00:00 0 
648f715ee000-648f715f2000 ---p 00000000 00:00 0 
648f715f2000-648f716ee000 rw-p 00000000 00:00 0 
648f716ee000-648f716f2000 ---p 00000000 00:00 0 
648f716f2000-648f717ee000 rw-p 00000000 00:00 0 
648f717ee000-648f717f2000 ---p 00000000 00:00 0 
648f717f2000-648f718ee000 rw-p 00000000 00:00 0 
648f718ee000-648f718f2000 ---p 00000000 00:00 0 
648f718f2000-648f719ee000 rw-p 00000000 00:00 0 
648f719ee000-648f719f2000 ---p 00000000 00:00 0 
648f719f2000-648f71aee000 rw-p 00000000 00:00 0 
648f71aee000-648f71af2000 ---p 00000000 00:00 0 
648f71af2000-648f71bee000 rw-p 00000000 00:00 0 
648f71bee000-648f71bf2000 ---p 00000000 00:00 0 
648f71bf2000-648f71cee000 rw-p 00000000 00:00 0 
648f71cee000-648f71cf2000 ---p 00000000 00:00 0 
648f71cf2000-648f71dee000 rw-p 00000000 00:00 0 
648f71dee000-648f71def000 ---p 00000000 00:00 0 
648f71def000-648f71eef000 rw-p 00000000 00:00 0 
648f71eef000-648f71ef0000 ---p 00000000 00:00 0 
648f71ef0000-648f71ff0000 rw-p 00000000 00:00 0 
648f71ff0000-648f71ff1000 ---p 00000000 00:00 0 
648f71ff1000-648f720f1000 rw-p 00000000 00:00 0 
648f720f1000-648f720f2000 ---p 00000000 00:00 0 
648f720f2000-648f721f2000 rw-p 00000000 00:00 0 
648f721f2000-648f721f3000 ---p 00000000 00:00 0 
648f721f3000-648f722f3000 rw-p 00000000 00:00 0 
648f722f3000-648f722f4000 ---p 00000000 00:00 0 
648f722f4000-648f723f4000 rw-p 00000000 00:00 0 
648f723f4000-648f723f5000 ---p 00000000 00:00 0 
648f723f5000-648f724f5000 rw-p 00000000 00:00 0 
648f724f5000-648f724f6000 ---p 00000000 00:00 0 
648f724f6000-648f725f6000 rw-p 00000000 00:00 0 
648f725f6000-648f725f7000 ---p 00000000 00:00 0 
648f725f7000-648f726f7000 rw-p 00000000 00:00 0 
648f726f7000-648f726f8000 ---p 00000000 00:00 0 
648f726f8000-648f727f8000 rw-p 00000000 00:00 0 
648f727f8000-648f727f9000 ---p 00000000 00:00 0 
648f727f9000-648f728f9000 rw-p 00000000 00:00 0 
648f728f9000-648f728fa000 ---p 00000000 00:00 0 
648f728fa000-648f729fa000 rw-p 00000000 00:00 0 
648f729fa000-648f729fb000 ---p 00000000 00:00 0 
648f729fb000-648f72afb000 rw-p 00000000 00:00 0 
648f72afb000-648f72afc000 ---p 00000000 00:00 0 
648f72afc000-648f72bfc000 rw-p 00000000 00:00 0 
648f72bfc000-648f72bfd000 ---p 00000000 00:00 0 
648f72bfd000-648f72cfd000 rw-p 00000000 00:00 0 
648f72cfd000-648f72cfe000 ---p 00000000 00:00 0 
648f72cfe000-648f72dfe000 rw-p 00000000 00:00 0 
648f72dfe000-648f72dff000 ---p 00000000 00:00 0 
648f72dff000-648f72eff000 rw-p 00000000 00:00 0 
648f72eff000-648f72f00000 ---p 00000000 00:00 0 
648f72f00000-648f73000000 rw-p 00000000 00:00 0 
648f73000000-648f73ca3000 rw-p 00001000 fc:00 49677026                   /mydata/openjdk-mmtk/build/b0test/images/jdk/lib/server/classes.jsa
648f73ca3000-648f74000000 ---p 00000000 00:00 0 
648f74000000-648f74040000 rw-p 00000000 00:00 0 
648f74040000-648f740c0000 rw-p 00000000 00:00 0 
648f740c0000-648f740d0000 rw-p 00000000 00:00 0 
648f740d0000-648f74100000 ---p 00000000 00:00 0 
648f74100000-648f74110000 rw-p 00000000 00:00 0 
648f74110000-648fb4000000 ---p 00000000 00:00 0 
648fb4000000-648fb4021000 rw-p 00000000 00:00 0 
648fb4021000-648fb8000000 ---p 00000000 00:00 0 
648fb80fb000-648fb80fc000 ---p 00000000 00:00 0 
648fb80fc000-648fb81fc000 rw-p 00000000 00:00 0 
648fb81fc000-648fb81fd000 ---p 00000000 00:00 0 
648fb81fd000-648fb82fd000 rw-p 00000000 00:00 0 
648fb82fd000-648fb82fe000 ---p 00000000 00:00 0 
648fb82fe000-648fb83fe000 rw-p 00000000 00:00 0 
648fb83fe000-648fb83ff000 ---p 00000000 00:00 0 
648fb83ff000-648fb84ff000 rw-p 00000000 00:00 0 
648fb84ff000-648fb8500000 ---p 00000000 00:00 0 
648fb8500000-648fb8600000 rw-p 00000000 00:00 0 
648fb8600000-648fb88eb000 r--p 00000000 08:03 1410552                    /usr/lib/locale/locale-archive
648fb88ff000-648fb8903000 ---p 00000000 00:00 0 
648fb8903000-648fb89ff000 rw-p 00000000 00:00 0 
648fb89ff000-648fb9000000 rw-p 00000000 00:00 0 
648fb9000000-648fbc000000 rw-p 00000000 00:00 0 
648fbc000000-648fbc00c000 r--p 00000000 fc:00 13107225                   /mydata/gc-bpf-fault/shim/libgcbpf.so
648fbc00c000-648fbc06e000 r-xp 0000c000 fc:00 13107225                   /mydata/gc-bpf-fault/shim/libgcbpf.so
648fbc06e000-648fbc21b000 r--p 0006e000 fc:00 13107225                   /mydata/gc-bpf-fault/shim/libgcbpf.so
648fbc21b000-648fbc21d000 r--p 0021b000 fc:00 13107225                   /mydata/gc-bpf-fault/shim/libgcbpf.so
648fbc21d000-648fbc21e000 rw-p 0021d000 fc:00 13107225                   /mydata/gc-bpf-fault/shim/libgcbpf.so
648fbc21e000-648fbc21f000 rw-p 00000000 00:00 0 
648fbc24b000-648fbc2fc000 rw-p 00000000 00:00 0 
648fbc2fc000-648fbc300000 ---p 00000000 00:00 0 
648fbc300000-648fbc3fc000 rw-p 00000000 00:00 0 
648fbc3fc000-648fec400000 rw-p 00000000 00:00 0 
648fec400000-648fed400000 ---p 00000000 00:00 0                          [anon:mmtk:sidemeta:all:all-quarantined]
648fed400000-648fed800000 rw-p 00000000 00:00 0                          [anon:mmtk:sidemeta:immix:VO_BIT]
648fed800000-668fee400000 ---p 00000000 00:00 0                          [anon:mmtk:sidemeta:all:all-quarantined]
668fee400000-668fee800000 rw-p 00000000 00:00 0                          [anon:mmtk:sidemeta:immix:CHUNK_MARK]
668fee800000-668ff1400000 ---p 00000000 00:00 0                          [anon:mmtk:sidemeta:all:all-quarantined]
668ff1400000-668ff1800000 rw-p 00000000 00:00 0                          [anon:mmtk:sidemeta:immix:VMGlobalLogBitSpec]
668ff1800000-6897f0800000 ---p 00000000 00:00 0                          [anon:mmtk:sidemeta:all:all-quarantined]
6897f0800000-6897f0c00000 rw-p 00000000 00:00 0                          [anon:mmtk:sidemeta:immix:IX_LINE_MARK]
6897f0c00000-6917f0400000 ---p 00000000 00:00 0                          [anon:mmtk:sidemeta:all:all-quarantined]
6917f0400000-6917f0800000 rw-p 00000000 00:00 0                          [anon:mmtk:sidemeta:immix:IX_BLOCK_DEFRAG]
6917f0800000-6918f0400000 ---p 00000000 00:00 0                          [anon:mmtk:sidemeta:all:all-quarantined]
6918f0400000-6918f0800000 rw-p 00000000 00:00 0                          [anon:mmtk:sidemeta:immix:IX_BLOCK_MARK]
6918f0800000-6f3a70400000 ---p 00000000 00:00 0                          [anon:mmtk:sidemeta:all:all-quarantined]
6f3a70400000-6f3a70800000 rw-p 00000000 00:00 0                          [anon:mmtk:sidemeta:los:VMLocalLOSMarkNurserySpec]
6f3a70800000-6f3c71400000 ---p 00000000 00:00 0                          [anon:mmtk:sidemeta:all:all-quarantined]
6f3c71400000-6f3c71800000 rw-p 00000000 00:00 0                          [anon:mmtk:sidemeta:immix:VMLocalMarkBitSpec]
6f3c71800000-713c70400000 ---p 00000000 00:00 0                          [anon:mmtk:sidemeta:all:all-quarantined]
713c7042c000-713c70431000 r--p 00000000 fc:00 49676401                   /mydata/openjdk-mmtk/build/b0test/images/jdk/lib/libjsvml.so
713c70431000-713c70472000 r-xp 00005000 fc:00 49676401                   /mydata/openjdk-mmtk/build/b0test/images/jdk/lib/libjsvml.so
713c70472000-713c704fb000 r--p 00046000 fc:00 49676401                   /mydata/openjdk-mmtk/build/b0test/images/jdk/lib/libjsvml.so
713c704fb000-713c704fc000 r--p 000ce000 fc:00 49676401                   /mydata/openjdk-mmtk/build/b0test/images/jdk/lib/libjsvml.so
713c704fc000-713c704fd000 rw-p 000cf000 fc:00 49676401                   /mydata/openjdk-mmtk/build/b0test/images/jdk/lib/libjsvml.so
713c704fd000-713c70501000 ---p 00000000 00:00 0 
713c70501000-713c705fd000 rw-p 00000000 00:00 0 
713c705fd000-713c705fe000 ---p 00000000 00:00 0 
713c705fe000-713c706fe000 rw-p 00000000 00:00 0 
713c706fe000-713c706ff000 ---p 00000000 00:00 0 
713c706ff000-713c707ff000 rw-p 00000000 00:00 0 
713c707ff000-713c90800000 rw-p 00000000 00:00 0 
713c90800000-713c90b30000 rwxp 00000000 00:00 0 
713c90b30000-713c97c17000 ---p 00000000 00:00 0 
713c97c17000-713c98017000 rwxp 00000000 00:00 0 
713c98017000-713c983e8000 ---p 00000000 00:00 0 
713c983e8000-713c98658000 rwxp 00000000 00:00 0 
713c98658000-713c9f800000 ---p 00000000 00:00 0 
713c9f800000-713ca7fa0000 r--s 00000000 fc:00 49676294                   /mydata/openjdk-mmtk/build/b0test/images/jdk/lib/modules
713ca8000000-713ca882a000 rw-p 00000000 00:00 0 
713ca882a000-713cac000000 ---p 00000000 00:00 0 
713cac064000-713cac06b000 r--s 00000000 08:03 1436340                    /usr/lib/x86_64-linux-gnu/gconv/gconv-modules.cache
713cac06b000-713cac06d000 r--p 00000000 fc:00 49676450                   /mydata/openjdk-mmtk/build/b0test/images/jdk/lib/libmanagement_ext.so
713cac06d000-713cac070000 r-xp 00002000 fc:00 49676450                   /mydata/openjdk-mmtk/build/b0test/images/jdk/lib/libmanagement_ext.so
713cac070000-713cac071000 r--p 00005000 fc:00 49676450                   /mydata/openjdk-mmtk/build/b0test/images/jdk/lib/libmanagement_ext.so
713cac071000-713cac072000 r--p 00006000 fc:00 49676450                   /mydata/openjdk-mmtk/build/b0test/images/jdk/lib/libmanagement_ext.so
713cac072000-713cac073000 rw-p 00007000 fc:00 49676450                   /mydata/openjdk-mmtk/build/b0test/images/jdk/lib/libmanagement_ext.so
713cac073000-713cac074000 ---p 00000000 00:00 0 
713cac074000-713cac174000 rw-p 00000000 00:00 0 
713cac174000-713cac178000 r--p 00000000 08:03 1410107                    /usr/lib/x86_64-linux-gnu/libzstd.so.1.5.5
713cac178000-713cac21f000 r-xp 00004000 08:03 1410107                    /usr/lib/x86_64-linux-gnu/libzstd.so.1.5.5
713cac21f000-713cac22c000 r--p 000ab000 08:03 1410107                    /usr/lib/x86_64-linux-gnu/libzstd.so.1.5.5
713cac22c000-713cac22d000 r--p 000b7000 08:03 1410107                    /usr/lib/x86_64-linux-gnu/libzstd.so.1.5.5
713cac22d000-713cac22e000 rw-p 000b8000 08:03 1410107                    /usr/lib/x86_64-linux-gnu/libzstd.so.1.5.5
713cac22e000-713cac233000 rw-p 00000000 00:00 0 
713cac233000-713cac317000 ---p 00000000 00:00 0 
713cac317000-713cac31e000 rw-p 00000000 00:00 0 
713cac31e000-713cac400000 ---p 00000000 00:00 0 
713cac400000-713cac547000 r--p 00000000 fc:00 49676359                   /mydata/openjdk-mmtk/build/b0test/images/jdk/lib/server/libmmtk_openjdk.so
713cac547000-713cac7c2000 r-xp 00146000 fc:00 49676359                   /mydata/openjdk-mmtk/build/b0test/images/jdk/lib/server/libmmtk_openjdk.so
713cac7c2000-713cac802000 r--p 003c0000 fc:00 49676359                   /mydata/openjdk-mmtk/build/b0test/images/jdk/lib/server/libmmtk_openjdk.so
713cac802000-713cac805000 rw-p 003ff000 fc:00 49676359                   /mydata/openjdk-mmtk/build/b0test/images/jdk/lib/server/libmmtk_openjdk.so
713cac805000-713cac807000 rw-p 00000000 00:00 0 
713cac808000-713cac80b000 r--p 00000000 fc:00 49676346                   /mydata/openjdk-mmtk/build/b0test/images/jdk/lib/libnet.so
713cac80b000-713cac813000 r-xp 00003000 fc:00 49676346                   /mydata/openjdk-mmtk/build/b0test/images/jdk/lib/libnet.so
713cac813000-713cac815000 r--p 0000b000 fc:00 49676346                   /mydata/openjdk-mmtk/build/b0test/images/jdk/lib/libnet.so
713cac815000-713cac816000 r--p 0000c000 fc:00 49676346                   /mydata/openjdk-mmtk/build/b0test/images/jdk/lib/libnet.so
713cac816000-713cac817000 rw-p 0000d000 fc:00 49676346                   /mydata/openjdk-mmtk/build/b0test/images/jdk/lib/libnet.so
713cac817000-713cac81b000 ---p 00000000 00:00 0 
713cac81b000-713cac917000 rw-p 00000000 00:00 0 
713cac917000-713cac927000 r--p 00000000 08:03 1411099                    /usr/lib/x86_64-linux-gnu/libm.so.6
713cac927000-713cac9a6000 r-xp 00010000 08:03 1411099                    /usr/lib/x86_64-linux-gnu/libm.so.6
713cac9a6000-713cac9fe000 r--p 0008f000 08:03 1411099                    /usr/lib/x86_64-linux-gnu/libm.so.6
713cac9fe000-713cac9ff000 r--p 000e7000 08:03 1411099                    /usr/lib/x86_64-linux-gnu/libm.so.6
713cac9ff000-713caca00000 rw-p 000e8000 08:03 1411099                    /usr/lib/x86_64-linux-gnu/libm.so.6
713caca00000-713cacca9000 r--p 00000000 fc:00 49676358                   /mydata/openjdk-mmtk/build/b0test/images/jdk/lib/server/libjvm.so
713cacca9000-713cadb3c000 r-xp 002a9000 fc:00 49676358                   /mydata/openjdk-mmtk/build/b0test/images/jdk/lib/server/libjvm.so
713cadb3c000-713cade20000 r--p 0113c000 fc:00 49676358                   /mydata/openjdk-mmtk/build/b0test/images/jdk/lib/server/libjvm.so
713cade20000-713cadef6000 r--p 0141f000 fc:00 49676358                   /mydata/openjdk-mmtk/build/b0test/images/jdk/lib/server/libjvm.so
713cadef6000-713cadf26000 rw-p 014f5000 fc:00 49676358                   /mydata/openjdk-mmtk/build/b0test/images/jdk/lib/server/libjvm.so
713cadf26000-713cadf8c000 rw-p 00000000 00:00 0 
713cadf91000-713cadf93000 r--p 00000000 fc:00 49676378                   /mydata/openjdk-mmtk/build/b0test/images/jdk/lib/libmanagement.so
713cadf93000-713cadf94000 r-xp 00002000 fc:00 49676378                   /mydata/openjdk-mmtk/build/b0test/images/jdk/lib/libmanagement.so
713cadf94000-713cadf95000 r--p 00003000 fc:00 49676378                   /mydata/openjdk-mmtk/build/b0test/images/jdk/lib/libmanagement.so
713cadf95000-713cadf96000 r--p 00003000 fc:00 49676378                   /mydata/openjdk-mmtk/build/b0test/images/jdk/lib/libmanagement.so
713cadf96000-713cadf97000 rw-p 00004000 fc:00 49676378                   /mydata/openjdk-mmtk/build/b0test/images/jdk/lib/libmanagement.so
713cadf97000-713cadf9e000 r--p 00000000 fc:00 49676347                   /mydata/openjdk-mmtk/build/b0test/images/jdk/lib/libnio.so
713cadf9e000-713cadfa7000 r-xp 00007000 fc:00 49676347                   /mydata/openjdk-mmtk/build/b0test/images/jdk/lib/libnio.so
713cadfa7000-713cadfab000 r--p 00010000 fc:00 49676347                   /mydata/openjdk-mmtk/build/b0test/images/jdk/lib/libnio.so
713cadfab000-713cadfac000 r--p 00014000 fc:00 49676347                   /mydata/openjdk-mmtk/build/b0test/images/jdk/lib/libnio.so
713cadfac000-713cadfad000 rw-p 00015000 fc:00 49676347                   /mydata/openjdk-mmtk/build/b0test/images/jdk/lib/libnio.so
713cadfad000-713cadfb0000 r--p 00000000 08:03 1410420                    /usr/lib/x86_64-linux-gnu/libelf-0.190.so
713cadfb0000-713cadfc6000 r-xp 00003000 08:03 1410420                    /usr/lib/x86_64-linux-gnu/libelf-0.190.so
713cadfc6000-713cadfca000 r--p 00019000 08:03 1410420                    /usr/lib/x86_64-linux-gnu/libelf-0.190.so
713cadfca000-713cadfcb000 r--p 0001c000 08:03 1410420                    /usr/lib/x86_64-linux-gnu/libelf-0.190.so
713cadfcb000-713cadfcc000 rw-p 0001d000 08:03 1410420                    /usr/lib/x86_64-linux-gnu/libelf-0.190.so
713cadfcc000-713cadfd4000 rw-p 00000000 00:00 0 
713cadfd4000-713cadfdc000 ---p 00000000 00:00 0 
713cadfdc000-713cadfe9000 r--p 00000000 fc:00 49676339                   /mydata/openjdk-mmtk/build/b0test/images/jdk/lib/libjava.so
713cadfe9000-713cadff8000 r-xp 0000d000 fc:00 49676339                   /mydata/openjdk-mmtk/build/b0test/images/jdk/lib/libjava.so
713cadff8000-713cadffd000 r--p 0001c000 fc:00 49676339                   /mydata/openjdk-mmtk/build/b0test/images/jdk/lib/libjava.so
713cadffd000-713cadffe000 r--p 00021000 fc:00 49676339                   /mydata/openjdk-mmtk/build/b0test/images/jdk/lib/libjava.so
713cadffe000-713cadfff000 rw-p 00022000 fc:00 49676339                   /mydata/openjdk-mmtk/build/b0test/images/jdk/lib/libjava.so
713cadfff000-713cae000000 rw-p 00000000 00:00 0 
713cae000000-713cae028000 r--p 00000000 08:03 1410238                    /usr/lib/x86_64-linux-gnu/libc.so.6
713cae028000-713cae1b0000 r-xp 00028000 08:03 1410238                    /usr/lib/x86_64-linux-gnu/libc.so.6
713cae1b0000-713cae1ff000 r--p 001b0000 08:03 1410238                    /usr/lib/x86_64-linux-gnu/libc.so.6
713cae1ff000-713cae203000 r--p 001fe000 08:03 1410238                    /usr/lib/x86_64-linux-gnu/libc.so.6
713cae203000-713cae205000 rw-p 00202000 08:03 1410238                    /usr/lib/x86_64-linux-gnu/libc.so.6
713cae205000-713cae212000 rw-p 00000000 00:00 0 
713cae214000-713cae216000 r--p 00000000 fc:00 49676350                   /mydata/openjdk-mmtk/build/b0test/images/jdk/lib/libzip.so
713cae216000-713cae21b000 r-xp 00002000 fc:00 49676350                   /mydata/openjdk-mmtk/build/b0test/images/jdk/lib/libzip.so
713cae21b000-713cae21d000 r--p 00007000 fc:00 49676350                   /mydata/openjdk-mmtk/build/b0test/images/jdk/lib/libzip.so
713cae21d000-713cae21e000 r--p 00008000 fc:00 49676350                   /mydata/openjdk-mmtk/build/b0test/images/jdk/lib/libzip.so
713cae21e000-713cae21f000 rw-p 00009000 fc:00 49676350                   /mydata/openjdk-mmtk/build/b0test/images/jdk/lib/libzip.so
713cae21f000-713cae227000 rw-s 00000000 08:03 237598                     /tmp/hsperfdata_root/298697
713cae227000-713cae22b000 r--p 00000000 fc:00 49676340                   /mydata/openjdk-mmtk/build/b0test/images/jdk/lib/libjimage.so
713cae22b000-713cae242000 r-xp 00004000 fc:00 49676340                   /mydata/openjdk-mmtk/build/b0test/images/jdk/lib/libjimage.so
713cae242000-713cae247000 r--p 0001b000 fc:00 49676340                   /mydata/openjdk-mmtk/build/b0test/images/jdk/lib/libjimage.so
713cae247000-713cae249000 r--p 00020000 fc:00 49676340                   /mydata/openjdk-mmtk/build/b0test/images/jdk/lib/libjimage.so
713cae249000-713cae24a000 rw-p 00022000 fc:00 49676340                   /mydata/openjdk-mmtk/build/b0test/images/jdk/lib/libjimage.so
713cae24a000-713cae24e000 r--p 00000000 08:03 1410148                    /usr/lib/x86_64-linux-gnu/libgcc_s.so.1
713cae24e000-713cae272000 r-xp 00004000 08:03 1410148                    /usr/lib/x86_64-linux-gnu/libgcc_s.so.1
713cae272000-713cae276000 r--p 00028000 08:03 1410148                    /usr/lib/x86_64-linux-gnu/libgcc_s.so.1
713cae276000-713cae277000 r--p 0002b000 08:03 1410148                    /usr/lib/x86_64-linux-gnu/libgcc_s.so.1
713cae277000-713cae278000 rw-p 0002c000 08:03 1410148                    /usr/lib/x86_64-linux-gnu/libgcc_s.so.1
713cae278000-713cae27a000 rw-p 00000000 00:00 0 
713cae27a000-713cae27c000 r--p 00000000 08:03 1409104                    /usr/lib/x86_64-linux-gnu/libz.so.1.3
713cae27c000-713cae28e000 r-xp 00002000 08:03 1409104                    /usr/lib/x86_64-linux-gnu/libz.so.1.3
713cae28e000-713cae294000 r--p 00014000 08:03 1409104                    /usr/lib/x86_64-linux-gnu/libz.so.1.3
713cae294000-713cae295000 r--p 0001a000 08:03 1409104                    /usr/lib/x86_64-linux-gnu/libz.so.1.3
713cae295000-713cae296000 rw-p 0001b000 08:03 1409104                    /usr/lib/x86_64-linux-gnu/libz.so.1.3
713cae29b000-713cae29c000 rw-s 00000000 00:10 68                         anon_inode:bpf-map
713cae29c000-713cae29d000 r--s 00000000 00:10 68                         anon_inode:bpf-map
713cae29d000-713cae29e000 ---p 00000000 00:00 0 
713cae29e000-713cae29f000 r--p 00000000 00:00 0 
713cae29f000-713cae2a0000 ---p 00000000 00:00 0 
713cae2a0000-713cae2a2000 r--p 00000000 fc:00 49676342                   /mydata/openjdk-mmtk/build/b0test/images/jdk/lib/libjli.so
713cae2a2000-713cae2ac000 r-xp 00002000 fc:00 49676342                   /mydata/openjdk-mmtk/build/b0test/images/jdk/lib/libjli.so
713cae2ac000-713cae2af000 r--p 0000c000 fc:00 49676342                   /mydata/openjdk-mmtk/build/b0test/images/jdk/lib/libjli.so
713cae2af000-713cae2b0000 r--p 0000f000 fc:00 49676342                   /mydata/openjdk-mmtk/build/b0test/images/jdk/lib/libjli.so
713cae2b0000-713cae2b1000 rw-p 00010000 fc:00 49676342                   /mydata/openjdk-mmtk/build/b0test/images/jdk/lib/libjli.so
713cae2b1000-713cae2b3000 rw-p 00000000 00:00 0 
713cae2b3000-713cae2b7000 r--p 00000000 00:00 0                          [vvar]
713cae2b7000-713cae2b9000 r--p 00000000 00:00 0                          [vvar_vclock]
713cae2b9000-713cae2bb000 r-xp 00000000 00:00 0                          [vdso]
713cae2bb000-713cae2bc000 r--p 00000000 08:03 1409763                    /usr/lib/x86_64-linux-gnu/ld-linux-x86-64.so.2
713cae2bc000-713cae2e7000 r-xp 00001000 08:03 1409763                    /usr/lib/x86_64-linux-gnu/ld-linux-x86-64.so.2
713cae2e7000-713cae2f1000 r--p 0002c000 08:03 1409763                    /usr/lib/x86_64-linux-gnu/ld-linux-x86-64.so.2
713cae2f1000-713cae2f3000 r--p 00036000 08:03 1409763                    /usr/lib/x86_64-linux-gnu/ld-linux-x86-64.so.2
713cae2f3000-713cae2f5000 rw-p 00038000 08:03 1409763                    /usr/lib/x86_64-linux-gnu/ld-linux-x86-64.so.2
7ffc78402000-7ffc78423000 rw-p 00000000 00:00 0                          [stack]
ffffffffff600000-ffffffffff601000 --xp 00000000 00:00 0                  [vsyscall]
Total number of mappings: 380

JVMTI agents: none


VM Arguments:
jvm_args: -XX:+UseThirdPartyHeap -Xms512m -Xmx512m 
java_command: /mydata/dacapo/dacapo-23.11/dacapo-23.11-MR2-chopin.jar luindex -n 3
java_class_path (initial): /mydata/dacapo/dacapo-23.11/dacapo-23.11-MR2-chopin.jar
Launcher Type: SUN_STANDARD

[Global flags]
     intx CICompilerCount                          = 15                                        {product} {ergonomic}
   size_t InitialHeapSize                          = 536870912                                 {product} {command line}
   size_t MaxHeapSize                              = 536870912                                 {product} {command line}
   size_t MinHeapDeltaBytes                        = 524288                                    {product} {ergonomic}
   size_t MinHeapSize                              = 536870912                                 {product} {command line}
    uintx NonNMethodCodeHeapSize                   = 8192380                                {pd product} {ergonomic}
    uintx NonProfiledCodeHeapSize                  = 121732930                              {pd product} {ergonomic}
    uintx ProfiledCodeHeapSize                     = 121732930                              {pd product} {ergonomic}
    uintx ReservedCodeCacheSize                    = 251658240                              {pd product} {ergonomic}
     bool SegmentedCodeCache                       = true                                      {product} {ergonomic}
   size_t SoftMaxHeapSize                          = 536870912                              {manageable} {ergonomic}
     bool UseCompressedOops                        = true                           {product lp64_product} {ergonomic}

Logging:
Log output configuration:
 #0: stdout all=warning uptime,level,tags foldmultilines=false
 #1: stderr all=off uptime,level,tags foldmultilines=false

Release file:
IMPLEMENTOR="N/A"
JAVA_RUNTIME_VERSION="21.0.9-internal-adhoc.talzuss.openjdk-mmtk"
JAVA_VERSION="21.0.9"
JAVA_VERSION_DATE="2025-10-21"
LIBC="gnu"
MODULES="java.base java.compiler java.datatransfer java.xml java.prefs java.desktop java.instrument java.logging java.management java.security.sasl java.naming java.rmi java.management.rmi java.net.http java.scripting java.security.jgss java.transaction.xa java.sql java.sql.rowset java.xml.crypto java.se java.smartcardio jdk.accessibility jdk.internal.jvmstat jdk.attach jdk.charsets jdk.internal.opt jdk.zipfs jdk.compiler jdk.crypto.ec jdk.crypto.cryptoki jdk.dynalink jdk.internal.ed jdk.editpad jdk.hotspot.agent jdk.httpserver jdk.incubator.vector jdk.internal.le jdk.internal.vm.ci jdk.internal.vm.compiler jdk.internal.vm.compiler.management jdk.jartool jdk.javadoc jdk.jcmd jdk.management jdk.management.agent jdk.jconsole jdk.jdeps jdk.jdwp.agent jdk.jdi jdk.jfr jdk.jlink jdk.jpackage jdk.jshell jdk.jsobject jdk.jstatd jdk.localedata jdk.management.jfr jdk.naming.dns jdk.naming.rmi jdk.net jdk.nio.mapmode jdk.random jdk.sctp jdk.security.auth jdk.security.jgss jdk.unsupported jdk.unsupported.desktop jdk.xml.dom"
OS_ARCH="x86_64"
OS_NAME="Linux"
SOURCE=".:git:b557520f04b3+"

Environment Variables:
PATH=/usr/local/sbin:/usr/local/bin:/usr/sbin:/usr/bin:/sbin:/bin:/snap/bin
SHELL=/bin/bash
LANG=en_US.UTF-8
TERM=tmux-256color

Active Locale:
LC_ALL=en_US.UTF-8
LC_COLLATE=en_US.UTF-8
LC_CTYPE=en_US.UTF-8
LC_MESSAGES=en_US.UTF-8
LC_MONETARY=en_US.UTF-8
LC_NUMERIC=en_US.UTF-8
LC_TIME=en_US.UTF-8

Signal Handlers:
   SIGSEGV: crash_handler in libjvm.so, mask=11100100010111111101111111111110, flags=SA_RESTART|SA_SIGINFO, unblocked
    SIGBUS: crash_handler in libjvm.so, mask=11100100010111111101111111111110, flags=SA_RESTART|SA_SIGINFO, unblocked
    SIGFPE: crash_handler in libjvm.so, mask=11100100010111111101111111111110, flags=SA_RESTART|SA_SIGINFO, unblocked
   SIGPIPE: javaSignalHandler in libjvm.so, mask=11100100010111111101111111111110, flags=SA_RESTART|SA_SIGINFO, blocked
   SIGXFSZ: javaSignalHandler in libjvm.so, mask=11100100010111111101111111111110, flags=SA_RESTART|SA_SIGINFO, blocked
    SIGILL: crash_handler in libjvm.so, mask=11100100010111111101111111111110, flags=SA_RESTART|SA_SIGINFO, unblocked
   SIGUSR2: SR_handler in libjvm.so, mask=00000000000000000000000000000000, flags=SA_RESTART|SA_SIGINFO, blocked
    SIGHUP: UserHandler in libjvm.so, mask=11100100010111111101111111111110, flags=SA_RESTART|SA_SIGINFO, blocked
    SIGINT: UserHandler in libjvm.so, mask=11100100010111111101111111111110, flags=SA_RESTART|SA_SIGINFO, blocked
   SIGTERM: UserHandler in libjvm.so, mask=11100100010111111101111111111110, flags=SA_RESTART|SA_SIGINFO, blocked
   SIGQUIT: UserHandler in libjvm.so, mask=11100100010111111101111111111110, flags=SA_RESTART|SA_SIGINFO, blocked
   SIGTRAP: crash_handler in libjvm.so, mask=11100100010111111101111111111110, flags=SA_RESTART|SA_SIGINFO, unblocked


Periodic native trim disabled

---------------  S Y S T E M  ---------------

OS:
DISTRIB_ID=Ubuntu
DISTRIB_RELEASE=24.04
DISTRIB_CODENAME=noble
DISTRIB_DESCRIPTION="Ubuntu 24.04.4 LTS"
uname: Linux 6.17.0-bpf-fault+ #1 SMP PREEMPT_DYNAMIC Mon Jul  6 16:43:12 MDT 2026 x86_64
OS uptime: 0 days 20:07 hours
libc: glibc 2.39 NPTL 2.39 
rlimit (soft/hard): STACK 8192k/infinity , CORE 0k/0k , NPROC 513205/513205 , NOFILE 1048576/1048576 , AS infinity/infinity , CPU infinity/infinity , DATA infinity/infinity , FSIZE infinity/infinity , MEMLOCK 16436528k/16436528k
load average: 1.18 0.62 0.37

/proc/meminfo:
MemTotal:       131492232 kB
MemFree:        78165668 kB
MemAvailable:   120153504 kB
Buffers:          512736 kB
Cached:         40876912 kB
SwapCached:            0 kB
Active:          2815656 kB
Inactive:       40580236 kB
Active(anon):    2022688 kB
Inactive(anon):        0 kB
Active(file):     792968 kB
Inactive(file): 40580236 kB
Unevictable:       41912 kB
Mlocked:           38840 kB
SwapTotal:       8388604 kB
SwapFree:        8388604 kB
Zswap:                 0 kB
Zswapped:              0 kB
Dirty:           1242644 kB
Writeback:             0 kB
AnonPages:       2049432 kB
Mapped:          6560364 kB
Shmem:              5316 kB
KReclaimable:    1865868 kB
Slab:            2385312 kB
SReclaimable:    1865868 kB
SUnreclaim:       519444 kB
KernelStack:       10688 kB
PageTables:        42340 kB
SecPageTables:      8712 kB
NFS_Unstable:          0 kB
Bounce:                0 kB
WritebackTmp:          0 kB
CommitLimit:    74134720 kB
Committed_AS:   161563304 kB
VmallocTotal:   34359738367 kB
VmallocUsed:       36668 kB
VmallocChunk:          0 kB
Percpu:            48896 kB
HardwareCorrupted:     0 kB
AnonHugePages:         0 kB
ShmemHugePages:        0 kB
ShmemPmdMapped:        0 kB
FileHugePages:   2160640 kB
FilePmdMapped:         0 kB
Unaccepted:            0 kB
Balloon:               0 kB
HugePages_Total:       0
HugePages_Free:        0
HugePages_Rsvd:        0
HugePages_Surp:        0
Hugepagesize:       2048 kB
Hugetlb:               0 kB
DirectMap4k:      666432 kB
DirectMap2M:    19892224 kB
DirectMap1G:    113246208 kB

/sys/kernel/mm/transparent_hugepage/enabled: always [madvise] never
/sys/kernel/mm/transparent_hugepage/hpage_pmd_size: 2097152
/sys/kernel/mm/transparent_hugepage/defrag (defrag/compaction efforts parameter): always defer defer+madvise [madvise] never

Process Memory:
Virtual Size: 13618014668K (peak: 13618014668K)
Resident Set Size: 4031884K (peak: 4031884K) (anon: 858372K, file: 3173512K, shmem: 0K)
Swapped out: 0K
C-Heap outstanding allocations: 1338152K, retained: 15991K
glibc malloc tunables: (default)

/proc/sys/kernel/threads-max (system-wide limit on the number of threads): 1026411
/proc/sys/vm/max_map_count (maximum number of memory map areas a process may have): 1048576
/proc/sys/vm/swappiness (control to define how aggressively the kernel swaps out anonymous memory): 60
/proc/sys/kernel/pid_max (system-wide limit on number of process identifiers): 4194304

container information not found.
Steal ticks since vm start: 0
Steal ticks percentage since vm start:  0.000

CPU: total 32 (initial active 32) (32 cores per cpu, 2 threads per core) family 23 model 49 stepping 0 microcode 0x830107c, cx8, cmov, fxsr, ht, mmx, 3dnowpref, sse, sse2, sse3, ssse3, sse4a, sse4.1, sse4.2, popcnt, lzcnt, tsc, tscinvbit, avx, avx2, aes, clmul, bmi1, bmi2, adx, sha, fma, vzeroupper, clflush, clflushopt, rdtscp, rdpid, f16c
CPU Model and flags from /proc/cpuinfo:
model name	: AMD EPYC 7302P 16-Core Processor
flags		: fpu vme de pse tsc msr pae mce cx8 apic sep mtrr pge mca cmov pat pse36 clflush mmx fxsr sse sse2 ht syscall nx mmxext fxsr_opt pdpe1gb rdtscp lm constant_tsc rep_good nopl xtopology nonstop_tsc cpuid extd_apicid aperfmperf rapl pni pclmulqdq monitor ssse3 fma cx16 sse4_1 sse4_2 movbe popcnt aes xsave avx f16c rdrand lahf_lm cmp_legacy svm extapic cr8_legacy abm sse4a misalignsse 3dnowprefetch osvw ibs skinit wdt tce topoext perfctr_core perfctr_nb bpext perfctr_llc mwaitx cpb cat_l3 cdp_l3 hw_pstate ssbd mba ibrs ibpb stibp vmmcall fsgsbase bmi1 avx2 smep bmi2 cqm rdt_a rdseed adx smap clflushopt clwb sha_ni xsaveopt xsavec xgetbv1 xsaves cqm_llc cqm_occup_llc cqm_mbm_total cqm_mbm_local clzero irperf xsaveerptr rdpru wbnoinvd amd_ppin arat npt lbrv svm_lock nrip_save tsc_scale vmcb_clean flushbyasid decodeassists pausefilter pfthreshold avic v_vmsave_vmload vgif v_spec_ctrl umip rdpid overflow_recov succor smca sev sev_es

Online cpus: 0-31
Offline cpus: 
BIOS frequency limitation: <Not Available>
Frequency switch latency (ns): <Not Available>
Available cpu frequencies: <Not Available>
Current governor: <Not Available>
Core performance/turbo boost: <Not Available>

Memory: 4k page, physical 131492232k(120153504k free), swap 8388604k(8388604k free)
Page Sizes: 4k

vm_info: OpenJDK 64-Bit Server VM (21.0.9-internal-adhoc.talzuss.openjdk-mmtk) for linux-amd64 JRE (21.0.9-internal-adhoc.talzuss.openjdk-mmtk), built on 2026-07-06T23:13:08Z by "talzuss" with gcc 13.3.0
heap_info: MMTk OpenJDK 0.32.0 (15c0350-dirty), using MMTk 0.32.0 (06c0b68-dirty, BUILTIN_ENV_LOGGER, DEFAULT, EAGER_SWEEPING, VO_BIT)@

END.
