#
# A fatal error has been detected by the Java Runtime Environment:
#
#  SIGSEGV (0xb) at pc=0x0000783638e9c9da, pid=286130, tid=286157
#
# JRE version: OpenJDK Runtime Environment (21.0.9) (build 21.0.9-internal-adhoc.talzuss.openjdk-mmtk)
# Java VM: OpenJDK 64-Bit Server VM (21.0.9-internal-adhoc.talzuss.openjdk-mmtk, mixed mode, sharing, tiered, compressed oops, compressed class ptrs, third-party gc, linux-amd64)
# Problematic frame:
# C  [libmmtk_openjdk.so+0x29c9da]  _$LT$mmtk..plan..concurrent..immix..gc_work..SatbValidatingTrace$LT$VM$GT$$u20$as$u20$mmtk..scheduler..work..GCWork$LT$VM$GT$$GT$::do_work::hc2ecf7b9ce55b345+0x53a
#
# Core dump will be written. Default location: Core dumps may be processed with "/usr/share/apport/apport -p%p -s%s -c%c -d%d -P%P -u%u -g%g -F%F -- %E" (or dumping to /mydata/mmtk-core/core.286130)
#
# If you would like to submit a bug report, please visit:
#   https://bugreport.java.com/bugreport/crash.jsp
#

---------------  S U M M A R Y ------------

Command Line: -XX:+UseThirdPartyHeap -Xms512m -Xmx512m /mydata/dacapo/dacapo-23.11/dacapo-23.11-MR2-chopin.jar luindex -n 3

Host: AMD EPYC 7302P 16-Core Processor, 32 cores, 125G, Ubuntu 24.04.4 LTS
Time: Tue Jul  7 12:13:30 2026 MDT elapsed time: 30.308151 seconds (0d 0h 0m 30s)

---------------  T H R E A D  ---------------

Current thread (0x0000783634541930):  NamedThread "MMTk Collector Thread" [id=286157, stack(0x00006b88fe8fa000,0x00006b88fe9fa000) (1024K)]

Stack: [0x00006b88fe8fa000,0x00006b88fe9fa000],  sp=0x00006b88fe9f89f0,  free space=1018k
Native frames: (J=compiled Java code, j=interpreted, Vv=VM code, C=native code)
C  [libmmtk_openjdk.so+0x29c9da]  _$LT$mmtk..plan..concurrent..immix..gc_work..SatbValidatingTrace$LT$VM$GT$$u20$as$u20$mmtk..scheduler..work..GCWork$LT$VM$GT$$GT$::do_work::hc2ecf7b9ce55b345+0x53a

siginfo: si_signo: 11 (SIGSEGV), si_code: 1 (SEGV_MAPERR), si_addr: 0x0000000074b88330

Registers:
RAX=0x0000000000000008, RBX=0x00007836343dd950, RCX=0x00006b88ff03c1b0, RDX=0x0000000000007836
RSP=0x00006b88fe9f89f0, RBP=0x0000000000000008, RSI=0x00006b88ff078360, RDI=0x0000000050be5a00
R8 =0x00006b88980008e0, R9 =0x0000000000000007, R10=0x00006b88a80050e0, R11=0x3b73122122a09755
R12=0x0000000000000000, R13=0x0000000000007836, R14=0x00006b88ff078538, R15=0x0000000074b88330
RIP=0x0000783638e9c9da, EFLAGS=0x0000000000010206, CSGSFS=0x002b000000000033, ERR=0x0000000000000004
  TRAPNO=0x000000000000000e

XMM[0]=0x0000000000000000 0x0000000000000000
XMM[1]=0x0000000000000000 0x00006b88a8000090
XMM[2]=0x0000000000ffffff 0xffffffff0000ff00
XMM[3]=0x0000000000000000 0x0000000000000000
XMM[4]=0x0000000000000000 0x00006b88a8000090
XMM[5]=0x000000005cc16000 0x000000005d853000
XMM[6]=0x000000006476c000 0x000000006460f000
XMM[7]=0x0000000064ce8000 0x000000005f1af000
XMM[8]=0x000000005f07f000 0x000000005f4fd000
XMM[9]=0x0000000000000000 0x0000000000000000
XMM[10]=0x3f3f3f3f3f3f3f3f 0x3f3f3f3f3f3f3f3f
XMM[11]=0x9999999999999999 0x9999999999999999
XMM[12]=0x2020202020202020 0x2020202020202020
XMM[13]=0x0000000000000000 0x0000000000000000
XMM[14]=0x0000000000000000 0x0000000000000000
XMM[15]=0x0000000000000000 0x0000000000000000
  MXCSR=0x00001fa2


Register to memory mapping:

RAX=
[error occurred during error reporting (printing register info), id 0xe0000000, Internal Error (/mydata/mmtk-openjdk/openjdk/share/mmtkHeap.cpp:444)]
RBX=
[error occurred during error reporting (printing register info, attempt 2), id 0xe0000000, Internal Error (/mydata/mmtk-openjdk/openjdk/share/mmtkHeap.cpp:444)]
RCX=
[error occurred during error reporting (printing register info, attempt 3), id 0xe0000000, Internal Error (/mydata/mmtk-openjdk/openjdk/share/mmtkHeap.cpp:444)]
Top of Stack: (sp=0x00006b88fe9f89f0)
0x00006b88fe9f89f0:   0000000000000000 0000000000000008
0x00006b88fe9f8a00:   0000000000000000 0000000050f66030
0x00006b88fe9f8a10:   0000783639002840 00006b8acc893fb8
0x00006b88fe9f8a20:   8000000000000000 000078363a8addce
0x00006b88fe9f8a30:   00006b88fe9f8a58 00006b88980011e0
0x00006b88fe9f8a40:   00006b88a800eea0 0000783634070800
0x00006b88fe9f8a50:   0000000050f66030 0000000000004000
0x00006b88fe9f8a60:   00006b88a8132410 000000000000081e
0x00006b88fe9f8a70:   000078363406f900 000078363406f600
0x00006b88fe9f8a80:   000078363406f300 000078363406f000
0x00006b88fe9f8a90:   000078363406ed00 000078363406ea00
0x00006b88fe9f8aa0:   00006b88fe9f8a70 000078363406e400
0x00006b88fe9f8ab0:   00006b88ff37bb18 8000000000000000
0x00006b88fe9f8ac0:   00006b88fe9f8a20 00007836343ddbd0
0x00006b88fe9f8ad0:   8000000000000000 0000783634046210
0x00006b88fe9f8ae0:   000078363406ce80 00006b8898001d90
0x00006b88fe9f8af0:   0000783638fc2948 000000000000000c
0x00006b88fe9f8b00:   0000000000000000 0000783638ef058d
0x00006b88fe9f8b10:   00006b88ffffffff 00006b88fe9f8b60
0x00006b88fe9f8b20:   000078363452b440 0000783634046220
0x00006b88fe9f8b30:   000078363406d200 000078363452b5a0
0x00006b88fe9f8b40:   000078363406cf00 0000783600000000
0x00006b88fe9f8b50:   0000000000010f0f 6e601e10373b7ef0
0x00006b88fe9f8b60:   0000000000000000 0000000000000000
0x00006b88fe9f8b70:   0000000000000000 00007836343ddbd0
0x00006b88fe9f8b80:   0000000000010f0f 00006b88363eb39d
0x00006b88fe9f8b90:   0000000000000001 0003000300030001
0x00006b88fe9f8ba0:   0000783638c63f60 0000000000000000
0x00006b88fe9f8bb0:   0000000000000000 0000783634046238
0x00006b88fe9f8bc0:   0000000000000000 0000000000000000
0x00006b88fe9f8bd0:   0000000000fccb53 0000783634044a90
0x00006b88fe9f8be0:   0000783634058320 0000000000000000 

Instructions: (pc=0x0000783638e9c9da)
0x0000783638e9c8da:   00 00 00 48 c7 84 24 98 00 00 00 03 00 00 00 48
0x0000783638e9c8ea:   8d bc 24 80 00 00 00 e8 da 04 12 00 48 8b 44 24
0x0000783638e9c8fa:   60 48 c7 04 24 00 00 00 00 48 c7 44 24 08 08 00
0x0000783638e9c90a:   00 00 48 c7 44 24 10 00 00 00 00 48 89 44 24 18
0x0000783638e9c91a:   8b 40 08 48 8b 15 ec 75 16 00 48 8b 0d ed 75 16
0x0000783638e9c92a:   00 48 d3 e0 48 8d 34 10 8b 44 10 0c 48 8d 0d fb
0x0000783638e9c93a:   c0 dc ff 48 63 04 81 48 01 c8 ff e0 48 63 86 28
0x0000783638e9c94a:   01 00 00 48 85 c0 0f 84 1a 07 00 00 48 63 8e ac
0x0000783638e9c95a:   00 00 00 48 8d 0c ce 48 63 96 2c 01 00 00 48 8d
0x0000783638e9c96a:   34 d1 4c 8d 34 d1 49 81 c6 d8 01 00 00 48 8d 04
0x0000783638e9c97a:   c6 48 05 d8 01 00 00 48 89 44 24 28 b8 08 00 00
0x0000783638e9c98a:   00 45 31 e4 eb 0f 49 83 c6 08 4c 3b 74 24 28 0f
0x0000783638e9c99a:   84 d1 06 00 00 45 8b 6e 04 4d 85 ed 74 e8 4d 63
0x0000783638e9c9aa:   3e 4c 03 7c 24 18 eb 23 66 66 66 66 66 2e 0f 1f
0x0000783638e9c9ba:   84 00 00 00 00 00 4a 89 2c e0 49 ff c4 4c 89 64
0x0000783638e9c9ca:   24 10 49 83 c7 04 49 ff cd 74 bb 4d 85 ff 78 26
0x0000783638e9c9da:   41 8b 2f 48 85 ed 74 ea 48 8b 15 6f 75 16 00 48
0x0000783638e9c9ea:   8b 0d 70 75 16 00 48 d3 e5 48 01 d5 eb 20 0f 1f
0x0000783638e9c9fa:   84 00 00 00 00 00 4c 89 f9 48 ba ff ff ff ff ff
0x0000783638e9ca0a:   ff ff 7f 48 21 d1 48 8b 29 48 85 ed 74 b4 4c 3b
0x0000783638e9ca1a:   24 24 75 a2 48 89 e7 e8 fa c9 f2 ff 48 8b 44 24
0x0000783638e9ca2a:   08 eb 93 48 8b 44 24 18 4c 63 70 0c 4d 85 f6 0f
0x0000783638e9ca3a:   84 31 06 00 00 4c 8b 64 24 18 49 83 c4 10 49 c1
0x0000783638e9ca4a:   e6 02 b8 08 00 00 00 45 31 ff 4c 89 e5 eb 2a 0f
0x0000783638e9ca5a:   1f 80 00 00 00 00 48 8b 44 24 08 4e 89 2c f8 49
0x0000783638e9ca6a:   ff c7 4c 89 7c 24 10 49 83 c4 04 48 83 c5 04 49
0x0000783638e9ca7a:   83 c6 fc 0f 84 ed 05 00 00 4d 85 e4 78 28 45 8b
0x0000783638e9ca8a:   2c 24 4d 85 ed 74 e0 48 8b 15 c0 74 16 00 48 8b
0x0000783638e9ca9a:   0d c1 74 16 00 49 d3 e5 49 01 d5 eb 21 66 0f 1f
0x0000783638e9caaa:   84 00 00 00 00 00 48 89 e9 48 ba ff ff ff ff ff
0x0000783638e9caba:   ff ff 7f 48 21 d1 4c 8b 29 4d 85 ed 74 a9 4c 3b
0x0000783638e9caca:   3c 24 75 97 48 89 e7 e8 4a c9 f2 ff eb 88 48 63 


Stack slot to memory mapping:

stack at sp + 0 slots: 0x0 is null
stack at sp + 1 slots: 
[error occurred during error reporting (inspecting top of stack), id 0xe0000000, Internal Error (/mydata/mmtk-openjdk/openjdk/share/mmtkHeap.cpp:444)]
stack at sp + 2 slots: 0x0 is null
stack at sp + 3 slots: 
[error occurred during error reporting (inspecting top of stack, attempt 2), id 0xe0000000, Internal Error (/mydata/mmtk-openjdk/openjdk/share/mmtkHeap.cpp:444)]
stack at sp + 4 slots: 
[error occurred during error reporting (inspecting top of stack, attempt 3), id 0xe0000000, Internal Error (/mydata/mmtk-openjdk/openjdk/share/mmtkHeap.cpp:444)]

---------------  P R O C E S S  ---------------

Threads class SMR info:
_java_thread_list=0x00006b8878092df0, length=12, elements={
0x000078363402b240, 0x0000783634524740, 0x0000783634525fd0, 0x0000783634527ac0,
0x00007836345462f0, 0x0000783634547c40, 0x0000783634549500, 0x000078363454b340,
0x0000783634554d10, 0x000078363459c1e0, 0x000078363459f1e0, 0x00006b8878091f40
}

Java Threads: ( => current thread )
  0x000078363402b240 JavaThread "main"                              [_thread_blocked, id=286131, stack(0x0000783639017000,0x0000783639117000) (1024K)]
  0x0000783634524740 JavaThread "Reference Handler"          daemon [_thread_blocked, id=286135, stack(0x00007835fc4fd000,0x00007835fc5fd000) (1024K)]
  0x0000783634525fd0 JavaThread "Finalizer"                  daemon [_thread_blocked, id=286136, stack(0x00006b89482fc000,0x00006b89483fc000) (1024K)]
  0x0000783634527ac0 JavaThread "MMTk Finalizer Thread"      daemon [_thread_blocked, id=286137, stack(0x00006b8945100000,0x00006b8945200000) (1024K)]
  0x00007836345462f0 JavaThread "Signal Dispatcher"          daemon [_thread_blocked, id=286161, stack(0x00006b88fe4f6000,0x00006b88fe5f6000) (1024K)]
  0x0000783634547c40 JavaThread "Service Thread"             daemon [_thread_blocked, id=286162, stack(0x00006b88fe3f6000,0x00006b88fe4f6000) (1024K)]
  0x0000783634549500 JavaThread "Monitor Deflation Thread"   daemon [_thread_blocked, id=286163, stack(0x00006b88fe2f6000,0x00006b88fe3f6000) (1024K)]
  0x000078363454b340 JavaThread "C2 CompilerThread0"         daemon [_thread_blocked, id=286164, stack(0x00006b88fe1f6000,0x00006b88fe2f6000) (1024K)]
  0x0000783634554d10 JavaThread "C1 CompilerThread0"         daemon [_thread_blocked, id=286165, stack(0x00006b88fe0f6000,0x00006b88fe1f6000) (1024K)]
  0x000078363459c1e0 JavaThread "Notification Thread"        daemon [_thread_blocked, id=286168, stack(0x00006b88fddf6000,0x00006b88fdef6000) (1024K)]
  0x000078363459f1e0 JavaThread "Common-Cleaner"             daemon [_thread_blocked, id=286169, stack(0x00006b88fdcf6000,0x00006b88fddf6000) (1024K)]
  0x00006b8878091f40 JavaThread "C1 CompilerThread1"         daemon [_thread_blocked, id=286236, stack(0x00006b88fdaf6000,0x00006b88fdbf6000) (1024K)]
Total: 12

Other Threads:
  0x0000783634519290 VMThread "VM Thread"                           [id=286134, stack(0x00007835fc5fe000,0x00007835fc6fe000) (1024K)]
  0x0000783634506ee0 WatcherThread "VM Periodic Task Thread"        [id=286133, stack(0x00007835fc6ff000,0x00007835fc7ff000) (1024K)]

=>0x0000783634541930 (exited) NamedThread "MMTk Collector Thread"   [id=286157, stack(0x00006b88fe8fa000,0x00006b88fe9fa000) (1024K)]
Total: 3

Threads with active compile tasks:
Total: 0

VM state: at safepoint (normal execution)

VM Mutex/Monitor currently owned by a thread:  ([mutex/lock_event])
[0x000078363a7580d0] Threads_lock - owner thread: 0x0000783634519290
[0x000078363a757fd0] Heap_lock - owner thread: 0x00007836343e2890

Heap address: 0x0000000040000000, size: 3072 MB, Compressed Oops mode: 32-bit

CDS archive(s) mapped at: [0x00006b88ff000000-0x00006b88ffca3000-0x00006b88ffca3000), size 13250560, SharedBaseAddress: 0x00006b88ff000000, ArchiveRelocationMode: 1.
Compressed class space mapped at: 0x00006b8900000000-0x00006b8940000000, reserved size: 1073741824
Narrow klass base: 0x00006b88ff000000, Narrow klass shift: 0, Narrow klass range: 0x100000000

GC Precious Log:
<Empty>

Heap:

[error occurred during error reporting (printing heap information), id 0xe0000000, Internal Error (/mydata/mmtk-openjdk/openjdk/share/mmtkHeap.cpp:424)]
Metaspace:

Usage:
  Non-class:      8.82 MB used.
      Class:      1.04 MB used.
       Both:      9.86 MB used.

Virtual space:
  Non-class space:       64.00 MB reserved,       9.00 MB ( 14%) committed,  1 nodes.
      Class space:        1.00 GB reserved,       1.19 MB ( <1%) committed,  1 nodes.
             Both:        1.06 GB reserved,      10.19 MB ( <1%) committed. 

Chunk freelists:
   Non-Class:  6.59 MB
       Class:  14.75 MB
        Both:  21.34 MB

MaxMetaspaceSize: unlimited
CompressedClassSpaceSize: 1.00 GB
Initial GC threshold: 21.00 MB
Current GC threshold: 21.00 MB
CDS: on
 - commit_granule_bytes: 65536.
 - commit_granule_words: 8192.
 - virtual_space_node_default_size: 8388608.
 - enlarge_chunks_in_place: 1.
 - use_allocation_guard: 0.


Internal statistics:

num_allocs_failed_limit: 0.
num_arena_births: 268.
num_arena_deaths: 0.
num_vsnodes_births: 2.
num_vsnodes_deaths: 0.
num_space_committed: 163.
num_space_uncommitted: 0.
num_chunks_returned_to_freelist: 0.
num_chunks_taken_from_freelist: 571.
num_chunk_merges: 0.
num_chunk_splits: 381.
num_chunks_enlarged: 263.
num_inconsistent_stats: 0.

CodeHeap 'non-profiled nmethods': size=118880Kb used=4453Kb max_used=4453Kb free=114427Kb
 bounds [0x00007836243e8000, 0x0000783624848000, 0x000078362b800000]
CodeHeap 'profiled nmethods': size=118876Kb used=5754Kb max_used=5754Kb free=113121Kb
 bounds [0x000078361c800000, 0x000078361cda0000, 0x0000783623c17000]
CodeHeap 'non-nmethods': size=8004Kb used=1813Kb max_used=3566Kb free=6190Kb
 bounds [0x0000783623c17000, 0x0000783624017000, 0x00007836243e8000]
CodeCache: size=245760Kb, used=12020Kb, max_used=13773Kb, free=233738Kb
 total_blobs=4117, nmethods=3584, adapters=435, full_count=0
Compilation: enabled, stopped_count=0, restarted_count=0

Compilation events (20 events):
Event: 29.636 Thread 0x000078363454b340 3579       4       java.lang.StringConcatHelper::stringOf (20 bytes)
Event: 29.637 Thread 0x000078363454b340 nmethod 3579 0x0000783624840410 code [0x00007836248405a0, 0x0000783624840668]
Event: 29.734 Thread 0x0000783634554d10 3580       3       org.apache.lucene.util.fst.FST::writeNodeForBinarySearch (228 bytes)
Event: 29.735 Thread 0x0000783634554d10 nmethod 3580 0x000078361cd9af10 code [0x000078361cd9b1c0, 0x000078361cd9be20]
Event: 29.741 Thread 0x000078363454b340 3581       4       java.util.zip.CheckedOutputStream::write (23 bytes)
Event: 29.748 Thread 0x000078363454b340 nmethod 3581 0x0000783624840790 code [0x0000783624840960, 0x0000783624840d10]
Event: 29.915 Thread 0x000078363454b340 3582       4       org.apache.lucene.util.fst.FST::readPresenceBytes (65 bytes)
Event: 29.916 Thread 0x000078363454b340 nmethod 3582 0x0000783624841090 code [0x0000783624841220, 0x0000783624841318]
Event: 29.920 Thread 0x0000783634554d10 3583       3       java.util.regex.Matcher::match (154 bytes)
Event: 29.920 Thread 0x0000783634554d10 nmethod 3583 0x000078361cd9c590 code [0x000078361cd9c780, 0x000078361cd9ccc8]
Event: 29.920 Thread 0x00006b8878091f40 3584       3       org.apache.lucene.codecs.lucene90.Lucene90CompoundFormat$SizedFileQueue::lessThan (18 bytes)
Event: 29.921 Thread 0x00006b8878091f40 nmethod 3584 0x000078361cd9ce90 code [0x000078361cd9d020, 0x000078361cd9d188]
Event: 29.921 Thread 0x00006b8878091f40 3585       3       org.apache.lucene.codecs.lucene90.Lucene90CompoundFormat$SizedFileQueue::lessThan (13 bytes)
Event: 29.921 Thread 0x0000783634554d10 3586       3       org.apache.lucene.store.BufferedChecksumIndexInput::getFilePointer (8 bytes)
Event: 29.921 Thread 0x00006b8878091f40 nmethod 3585 0x000078361cd9d290 code [0x000078361cd9d440, 0x000078361cd9d800]
Event: 29.921 Thread 0x0000783634554d10 nmethod 3586 0x000078361cd9d990 code [0x000078361cd9db40, 0x000078361cd9dd10]
Event: 29.921 Thread 0x0000783634554d10 3587       3       java.nio.HeapByteBuffer::<init> (23 bytes)
Event: 29.922 Thread 0x0000783634554d10 nmethod 3587 0x000078361cd9de10 code [0x000078361cd9dfc0, 0x000078361cd9e140]
Event: 29.928 Thread 0x0000783634554d10 3588   !   3       java.nio.ByteBuffer::wrap (21 bytes)
Event: 29.928 Thread 0x0000783634554d10 nmethod 3588 0x000078361cd9e210 code [0x000078361cd9e3e0, 0x000078361cd9e738]

GC Heap History (0 events):
No events

Dll operation events (8 events):
Event: 0.001 Loaded shared library /mydata/openjdk-mmtk/build/b0test/images/jdk/lib/libjava.so
Event: 2.211 Loaded shared library /mydata/openjdk-mmtk/build/b0test/images/jdk/lib/libjsvml.so
Event: 2.224 Loaded shared library /mydata/openjdk-mmtk/build/b0test/images/jdk/lib/libnio.so
Event: 2.228 Loaded shared library /mydata/openjdk-mmtk/build/b0test/images/jdk/lib/libzip.so
Event: 2.242 Loaded shared library /mydata/openjdk-mmtk/build/b0test/images/jdk/lib/libjimage.so
Event: 2.268 Loaded shared library /mydata/openjdk-mmtk/build/b0test/images/jdk/lib/libnet.so
Event: 16.877 Loaded shared library /mydata/openjdk-mmtk/build/b0test/images/jdk/lib/libmanagement.so
Event: 16.879 Loaded shared library /mydata/openjdk-mmtk/build/b0test/images/jdk/lib/libmanagement_ext.so

Deoptimization events (20 events):
Event: 28.199 Thread 0x000078363488fb80 DEOPT PACKING pc=0x00007836246fd0fc sp=0x00006b88fdbf4150
Event: 28.199 Thread 0x000078363488fb80 DEOPT UNPACKING pc=0x0000783623c6a399 sp=0x00006b88fdbf4148 mode 2
Event: 29.639 Thread 0x000078363402b240 DEOPT PACKING pc=0x000078361cd8001b sp=0x0000783639114b20
Event: 29.639 Thread 0x000078363402b240 DEOPT UNPACKING pc=0x0000783623c6ab2f sp=0x0000783639114000 mode 0
Event: 29.920 Thread 0x000078363402b240 Uncommon trap: trap_request=0xffffffbe fr.pc=0x000078362483a1c4 relative=0x00000000000008e4
Event: 29.920 Thread 0x000078363402b240 Uncommon trap: reason=profile_predicate action=maybe_recompile pc=0x000078362483a1c4 method=org.apache.lucene.util.PriorityQueue.downHeap(I)V @ 53 c2
Event: 29.920 Thread 0x000078363402b240 DEOPT PACKING pc=0x000078362483a1c4 sp=0x0000783639114a30
Event: 29.920 Thread 0x000078363402b240 DEOPT UNPACKING pc=0x0000783623c6a399 sp=0x0000783639114a10 mode 2
Event: 29.920 Thread 0x000078363402b240 Uncommon trap: trap_request=0xffffffbe fr.pc=0x000078362483a1c4 relative=0x00000000000008e4
Event: 29.920 Thread 0x000078363402b240 Uncommon trap: reason=profile_predicate action=maybe_recompile pc=0x000078362483a1c4 method=org.apache.lucene.util.PriorityQueue.downHeap(I)V @ 53 c2
Event: 29.920 Thread 0x000078363402b240 DEOPT PACKING pc=0x000078362483a1c4 sp=0x0000783639114a30
Event: 29.920 Thread 0x000078363402b240 DEOPT UNPACKING pc=0x0000783623c6a399 sp=0x0000783639114a10 mode 2
Event: 29.920 Thread 0x000078363402b240 Uncommon trap: trap_request=0xffffffbe fr.pc=0x000078362483a1c4 relative=0x00000000000008e4
Event: 29.920 Thread 0x000078363402b240 Uncommon trap: reason=profile_predicate action=maybe_recompile pc=0x000078362483a1c4 method=org.apache.lucene.util.PriorityQueue.downHeap(I)V @ 53 c2
Event: 29.920 Thread 0x000078363402b240 DEOPT PACKING pc=0x000078362483a1c4 sp=0x0000783639114a30
Event: 29.920 Thread 0x000078363402b240 DEOPT UNPACKING pc=0x0000783623c6a399 sp=0x0000783639114a10 mode 2
Event: 29.921 Thread 0x000078363402b240 Uncommon trap: trap_request=0xffffffbe fr.pc=0x000078362483a1c4 relative=0x00000000000008e4
Event: 29.921 Thread 0x000078363402b240 Uncommon trap: reason=profile_predicate action=maybe_recompile pc=0x000078362483a1c4 method=org.apache.lucene.util.PriorityQueue.downHeap(I)V @ 53 c2
Event: 29.921 Thread 0x000078363402b240 DEOPT PACKING pc=0x000078362483a1c4 sp=0x0000783639114a30
Event: 29.921 Thread 0x000078363402b240 DEOPT UNPACKING pc=0x0000783623c6a399 sp=0x0000783639114a10 mode 2

Classes loaded (20 events):
Event: 23.102 Loading class java/util/function/BooleanSupplier
Event: 23.102 Loading class java/util/function/BooleanSupplier done
Event: 23.103 Loading class java/lang/invoke/MethodHandle$1
Event: 23.103 Loading class java/lang/invoke/MethodHandle$1 done
Event: 23.133 Loading class java/nio/file/StandardCopyOption
Event: 23.133 Loading class java/nio/file/StandardCopyOption done
Event: 23.133 Loading class sun/nio/fs/UnixFileSystem$Flags
Event: 23.133 Loading class sun/nio/fs/UnixFileSystem$Flags done
Event: 23.134 Loading class java/util/ArrayDeque$DeqSpliterator
Event: 23.134 Loading class java/util/ArrayDeque$DeqSpliterator done
Event: 23.135 Loading class java/io/FileOutputStream$1
Event: 23.135 Loading class java/io/FileOutputStream$1 done
Event: 23.136 Loading class java/security/NoSuchAlgorithmException
Event: 23.136 Loading class java/security/GeneralSecurityException
Event: 23.136 Loading class java/security/GeneralSecurityException done
Event: 23.136 Loading class java/security/NoSuchAlgorithmException done
Event: 23.136 Loading class sun/security/provider/SHA
Event: 23.136 Loading class sun/security/provider/SHA done
Event: 23.137 Loading class sun/security/provider/ByteArrayAccess$BE
Event: 23.137 Loading class sun/security/provider/ByteArrayAccess$BE done

Classes unloaded (0 events):
No events

Classes redefined (0 events):
No events

Internal exceptions (20 events):
Event: 19.261 Thread 0x000078363402b240 Implicit null exception at 0x00007836244fd43a to 0x00007836244fd6d8
Event: 19.264 Thread 0x000078363402b240 Implicit null exception at 0x000078362449fa9d to 0x00007836244a1130
Event: 20.906 Thread 0x000078363402b240 Implicit null exception at 0x0000783624515a06 to 0x0000783624515c4c
Event: 20.906 Thread 0x000078363402b240 Implicit null exception at 0x00007836245cad6e to 0x00007836245d05fc
Event: 22.054 Thread 0x000078363488eb90 Implicit null exception at 0x0000783624414e6b to 0x0000783624414f10
Event: 22.071 Thread 0x000078363488eb90 Implicit null exception at 0x00007836244187bf to 0x0000783624418a98
Event: 22.094 Thread 0x000078363488eb90 Implicit null exception at 0x000078362459f4ee to 0x000078362459ff08
Event: 22.113 Thread 0x000078363488eb90 Implicit null exception at 0x00007836246cccc3 to 0x00007836246cd57c
Event: 23.077 Thread 0x000078363488eb90 Implicit null exception at 0x0000783624794dc9 to 0x00007836247971a0
Event: 23.077 Thread 0x000078363488eb90 Implicit null exception at 0x00007836246f77c2 to 0x00007836246f9098
Event: 23.077 Thread 0x000078363488eb90 Implicit null exception at 0x00007836246f59db to 0x00007836246f6598
Event: 23.078 Thread 0x000078363488eb90 Implicit null exception at 0x00007836246e67d4 to 0x00007836246e6c4c
Event: 23.081 Thread 0x000078363488eb90 Implicit null exception at 0x00007836246d5116 to 0x00007836246d5248
Event: 23.100 Thread 0x000078363488eb90 Exception <a 'java/lang/NoSuchMethodError'{0x000000004a3b0f80}: 'java.lang.Object java.lang.invoke.DirectMethodHandle$Holder.newInvokeSpecial(java.lang.Object, java.lang.Object, java.lang.Object, int)'> (0x000000004a3b0f80) 
thrown [src/hotspot/share/interpreter/linkResolver.cpp, line 772]
Event: 23.100 Thread 0x000078363488eb90 Exception <a 'java/lang/NoSuchMethodError'{0x000000004a3b4ed8}: 'java.lang.Object java.lang.invoke.DirectMethodHandle$Holder.invokeSpecial(java.lang.Object, java.lang.Object, java.lang.Object, java.lang.Object, int)'> (0x000000004a3b4ed8) 
thrown [src/hotspot/share/interpreter/linkResolver.cpp, line 772]
Event: 23.100 Thread 0x000078363488eb90 Exception <a 'java/lang/NoSuchMethodError'{0x000000004a3a8198}: 'java.lang.Object java.lang.invoke.Invokers$Holder.linkToTargetMethod(java.lang.Object, java.lang.Object, int, java.lang.Object)'> (0x000000004a3a8198) 
thrown [src/hotspot/share/interpreter/linkResolver.cpp, line 772]
Event: 23.101 Thread 0x000078363488eb90 Exception <a 'java/lang/NoSuchMethodError'{0x000000004a3a0370}: 'java.lang.Object java.lang.invoke.DirectMethodHandle$Holder.invokeInterface(java.lang.Object, java.lang.Object)'> (0x000000004a3a0370) 
thrown [src/hotspot/share/interpreter/linkResolver.cpp, line 772]
Event: 23.149 Thread 0x000078363402b240 Exception <a 'sun/nio/fs/UnixException'{0x000000004a30ac80}> (0x000000004a30ac80) 
thrown [src/hotspot/share/prims/jni.cpp, line 520]
Event: 27.507 Thread 0x000078363488fb80 Implicit null exception at 0x0000783624702963 to 0x0000783624705e40
Event: 28.251 Thread 0x000078363402b240 Exception <a 'sun/nio/fs/UnixException'{0x000000004c7fb048}> (0x000000004c7fb048) 
thrown [src/hotspot/share/prims/jni.cpp, line 520]

ZGC Phase Switch (0 events):
No events

VM Operations (20 events):
Event: 29.920 Executing VM operation: HandshakeAllThreads (CloseScopedMemory) done
Event: 29.920 Executing VM operation: HandshakeAllThreads (CloseScopedMemory)
Event: 29.920 Executing VM operation: HandshakeAllThreads (CloseScopedMemory) done
Event: 29.921 Executing VM operation: HandshakeAllThreads (CloseScopedMemory)
Event: 29.921 Executing VM operation: HandshakeAllThreads (CloseScopedMemory) done
Event: 29.921 Executing VM operation: HandshakeAllThreads (CloseScopedMemory)
Event: 29.921 Executing VM operation: HandshakeAllThreads (CloseScopedMemory) done
Event: 29.921 Executing VM operation: HandshakeAllThreads (CloseScopedMemory)
Event: 29.921 Executing VM operation: HandshakeAllThreads (CloseScopedMemory) done
Event: 29.921 Executing VM operation: HandshakeAllThreads (CloseScopedMemory)
Event: 29.921 Executing VM operation: HandshakeAllThreads (CloseScopedMemory) done
Event: 29.921 Executing VM operation: HandshakeAllThreads (CloseScopedMemory)
Event: 29.921 Executing VM operation: HandshakeAllThreads (CloseScopedMemory) done
Event: 29.924 Executing VM operation: HandshakeAllThreads (CloseScopedMemory)
Event: 29.924 Executing VM operation: HandshakeAllThreads (CloseScopedMemory) done
Event: 29.927 Executing VM operation: HandshakeAllThreads (CloseScopedMemory)
Event: 29.927 Executing VM operation: HandshakeAllThreads (CloseScopedMemory) done
Event: 30.293 Executing VM operation: ThirdPartyHeapOperation
Event: 30.297 Executing VM operation: ThirdPartyHeapOperation done
Event: 30.300 Executing VM operation: ThirdPartyHeapOperation

Memory protections (20 events):
Event: 20.794 Protecting memory [0x00006b88fdaf6000,0x00006b88fdafa000] with protection modes 0
Event: 20.912 Protecting memory [0x00006b88fd8f6000,0x00006b88fd8fa000] with protection modes 0
Event: 20.935 Protecting memory [0x00006b88fd5f5000,0x00006b88fd5f9000] with protection modes 0
Event: 20.965 Protecting memory [0x00006b88fd36b000,0x00006b88fd36f000] with protection modes 0
Event: 22.016 Protecting memory [0x00006b88fdaf6000,0x00006b88fdafa000] with protection modes 0
Event: 22.017 Protecting memory [0x00006b88fd8f6000,0x00006b88fd8fa000] with protection modes 0
Event: 22.049 Protecting memory [0x00006b88fd5f5000,0x00006b88fd5f9000] with protection modes 0
Event: 22.087 Protecting memory [0x00006b88fdbf6000,0x00006b88fdbfa000] with protection modes 0
Event: 22.098 Protecting memory [0x00006b88fdef6000,0x00006b88fdefa000] with protection modes 0
Event: 22.109 Protecting memory [0x00006b88fd36b000,0x00006b88fd36f000] with protection modes 0
Event: 22.109 Protecting memory [0x00006b88fd4f5000,0x00006b88fd4f9000] with protection modes 0
Event: 22.110 Protecting memory [0x00006b88fd6f6000,0x00006b88fd6fa000] with protection modes 0
Event: 22.133 Protecting memory [0x00006b88fd16b000,0x00006b88fd16f000] with protection modes 0
Event: 22.141 Protecting memory [0x00006b88fd06a000,0x00006b88fd06e000] with protection modes 0
Event: 23.083 Protecting memory [0x00006b88fdaf6000,0x00006b88fdafa000] with protection modes 0
Event: 23.091 Protecting memory [0x00006b88fd8f6000,0x00006b88fd8fa000] with protection modes 0
Event: 23.467 Protecting memory [0x00006b88fd8f6000,0x00006b88fd8fa000] with protection modes 0
Event: 26.348 Protecting memory [0x00006b88fdaf6000,0x00006b88fdafa000] with protection modes 0
Event: 27.496 Protecting memory [0x00006b88fdaf6000,0x00006b88fdafa000] with protection modes 0
Event: 28.220 Protecting memory [0x00006b88fdaf6000,0x00006b88fdafa000] with protection modes 0

Nmethod flushes (0 events):
No events

Events (20 events):
Event: 23.071 Thread 0x00006b886c0b2e00 Thread exited: 0x00006b886c0b2e00
Event: 23.071 Thread 0x00006b886c0b1de0 Thread exited: 0x00006b886c0b1de0
Event: 23.077 Thread 0x00006b88540bd120 Thread exited: 0x00006b88540bd120
Event: 23.078 Thread 0x00006b8858453420 Thread exited: 0x00006b8858453420
Event: 23.078 Thread 0x00006b8874c25550 Thread exited: 0x00006b8874c25550
Event: 23.078 Thread 0x00006b88748ff8f0 Thread exited: 0x00006b88748ff8f0
Event: 23.083 Thread 0x0000783634554d10 Thread added: 0x00006b8878114d80
Event: 23.091 Thread 0x00006b8878114d80 Thread added: 0x00006b8860669130
Event: 23.109 Thread 0x000078363488eb90 Thread exited: 0x000078363488eb90
Event: 23.371 Thread 0x00006b8860669130 Thread exited: 0x00006b8860669130
Event: 23.467 Thread 0x00006b8878114d80 Thread added: 0x00006b8860669130
Event: 23.992 Thread 0x00006b8860003200 Thread exited: 0x00006b8860003200
Event: 23.992 Thread 0x00006b8860669130 Thread exited: 0x00006b8860669130
Event: 24.186 Thread 0x00006b8878027120 Thread exited: 0x00006b8878027120
Event: 24.526 Thread 0x00006b8878114d80 Thread exited: 0x00006b8878114d80
Event: 26.347 Thread 0x0000783634554d10 Thread added: 0x00006b8878116a90
Event: 27.445 Thread 0x00006b8878116a90 Thread exited: 0x00006b8878116a90
Event: 27.496 Thread 0x000078363402b240 Thread added: 0x000078363488fb80
Event: 28.216 Thread 0x000078363488fb80 Thread exited: 0x000078363488fb80
Event: 28.220 Thread 0x0000783634554d10 Thread added: 0x00006b8878091f40


Dynamic libraries:
40000000-40400000 rw-p 00000000 00:00 0                                  [anon:mmtk:space:immix]
40400000-40800000 rw-p 00000000 00:00 0                                  [anon:mmtk:space:los]
40800000-41400000 rw-p 00000000 00:00 0                                  [anon:mmtk:space:immix]
41400000-41800000 rw-p 00000000 00:00 0                                  [anon:mmtk:space:los]
41800000-41c00000 rw-p 00000000 00:00 0                                  [anon:mmtk:space:los]
41c00000-43800000 rw-p 00000000 00:00 0                                  [anon:mmtk:space:los]
43800000-43c00000 rw-p 00000000 00:00 0                                  [anon:mmtk:space:los]
43c00000-44000000 rw-p 00000000 00:00 0                                  [anon:mmtk:space:immix]
44000000-45c00000 rw-p 00000000 00:00 0                                  [anon:mmtk:space:los]
45c00000-46000000 rw-p 00000000 00:00 0                                  [anon:mmtk:space:immix]
46000000-47800000 rw-p 00000000 00:00 0                                  [anon:mmtk:space:los]
47800000-47c00000 rw-p 00000000 00:00 0                                  [anon:mmtk:space:immix]
47c00000-48000000 rw-p 00000000 00:00 0                                  [anon:mmtk:space:los]
48000000-49000000 rw-p 00000000 00:00 0                                  [anon:mmtk:space:los]
49000000-49400000 rw-p 00000000 00:00 0                                  [anon:mmtk:space:immix]
49400000-4a000000 rw-p 00000000 00:00 0                                  [anon:mmtk:space:los]
4a000000-4a400000 rw-p 00000000 00:00 0                                  [anon:mmtk:space:immix]
4a400000-4b000000 rw-p 00000000 00:00 0                                  [anon:mmtk:space:los]
4b000000-4b400000 rw-p 00000000 00:00 0                                  [anon:mmtk:space:los]
4b400000-4c400000 rw-p 00000000 00:00 0                                  [anon:mmtk:space:los]
4c400000-4c800000 rw-p 00000000 00:00 0                                  [anon:mmtk:space:immix]
4c800000-4e000000 rw-p 00000000 00:00 0                                  [anon:mmtk:space:los]
4e000000-4e400000 rw-p 00000000 00:00 0                                  [anon:mmtk:space:immix]
4e400000-4f400000 rw-p 00000000 00:00 0                                  [anon:mmtk:space:los]
4f400000-4f800000 rw-p 00000000 00:00 0                                  [anon:mmtk:space:immix]
4f800000-4fc00000 rw-p 00000000 00:00 0                                  [anon:mmtk:space:los]
4fc00000-50000000 rw-p 00000000 00:00 0                                  [anon:mmtk:space:los]
50000000-50800000 rw-p 00000000 00:00 0                                  [anon:mmtk:space:los]
50800000-51000000 rw-p 00000000 00:00 0                                  [anon:mmtk:space:los]
51000000-51400000 rw-p 00000000 00:00 0                                  [anon:mmtk:space:immix]
51400000-5b000000 rw-p 00000000 00:00 0                                  [anon:mmtk:space:los]
5b000000-5b400000 rw-p 00000000 00:00 0                                  [anon:mmtk:space:immix]
5b400000-5bc00000 rw-p 00000000 00:00 0                                  [anon:mmtk:space:los]
5bc00000-5c000000 rw-p 00000000 00:00 0                                  [anon:mmtk:space:immix]
5c000000-5c800000 rw-p 00000000 00:00 0                                  [anon:mmtk:space:los]
5c800000-5cc00000 rw-p 00000000 00:00 0                                  [anon:mmtk:space:immix]
5cc00000-6e400000 rw-p 00000000 00:00 0                                  [anon:mmtk:space:los]
6e400000-6e800000 rw-p 00000000 00:00 0                                  [anon:mmtk:space:immix]
6e800000-6ec00000 rw-p 00000000 00:00 0                                  [anon:mmtk:space:los]
200000000000-2000c00c0000 rw-s 00000000 00:10 68                         anon_inode:bpf-map
5709d26ff000-5709d2700000 r--p 00000000 fc:00 49676320                   /mydata/openjdk-mmtk/build/b0test/images/jdk/bin/java
5709d2700000-5709d2701000 r-xp 00001000 fc:00 49676320                   /mydata/openjdk-mmtk/build/b0test/images/jdk/bin/java
5709d2701000-5709d2702000 r--p 00002000 fc:00 49676320                   /mydata/openjdk-mmtk/build/b0test/images/jdk/bin/java
5709d2702000-5709d2703000 r--p 00002000 fc:00 49676320                   /mydata/openjdk-mmtk/build/b0test/images/jdk/bin/java
5709d2703000-5709d2704000 rw-p 00003000 fc:00 49676320                   /mydata/openjdk-mmtk/build/b0test/images/jdk/bin/java
5709d495f000-5709d49a7000 rw-p 00000000 00:00 0                          [heap]
6b8834000000-6b8834021000 rw-p 00000000 00:00 0 
6b8834021000-6b8838000000 ---p 00000000 00:00 0 
6b883b603000-6b883b604000 ---p 00000000 00:00 0 
6b883b604000-6b883b804000 rw-p 00000000 00:00 0 
6b883c000000-6b883c78a000 rw-p 00000000 00:00 0 
6b883c78a000-6b8840000000 ---p 00000000 00:00 0 
6b8840000000-6b88410f5000 rw-p 00000000 00:00 0 
6b88410f5000-6b8844000000 ---p 00000000 00:00 0 
6b8844000000-6b8844e27000 rw-p 00000000 00:00 0 
6b8844e27000-6b8848000000 ---p 00000000 00:00 0 
6b8848000000-6b8848af2000 rw-p 00000000 00:00 0 
6b8848af2000-6b884c000000 ---p 00000000 00:00 0 
6b884c000000-6b884d14b000 rw-p 00000000 00:00 0 
6b884d14b000-6b8850000000 ---p 00000000 00:00 0 
6b8850000000-6b88517da000 rw-p 00000000 00:00 0 
6b88517da000-6b8854000000 ---p 00000000 00:00 0 
6b8854000000-6b88540dd000 rw-p 00000000 00:00 0 
6b88540dd000-6b8858000000 ---p 00000000 00:00 0 
6b8858000000-6b8859219000 rw-p 00000000 00:00 0 
6b8859219000-6b885c000000 ---p 00000000 00:00 0 
6b885c000000-6b885d0bb000 rw-p 00000000 00:00 0 
6b885d0bb000-6b8860000000 ---p 00000000 00:00 0 
6b8860000000-6b8861641000 rw-p 00000000 00:00 0 
6b8861641000-6b8864000000 ---p 00000000 00:00 0 
6b8864000000-6b8864021000 rw-p 00000000 00:00 0 
6b8864021000-6b8868000000 ---p 00000000 00:00 0 
6b8868000000-6b8868021000 rw-p 00000000 00:00 0 
6b8868021000-6b886c000000 ---p 00000000 00:00 0 
6b886c000000-6b886c1d8000 rw-p 00000000 00:00 0 
6b886c1d8000-6b8870000000 ---p 00000000 00:00 0 
6b8870000000-6b8870cdd000 rw-p 00000000 00:00 0 
6b8870cdd000-6b8874000000 ---p 00000000 00:00 0 
6b8874000000-6b8875ae5000 rw-p 00000000 00:00 0 
6b8875ae5000-6b8878000000 ---p 00000000 00:00 0 
6b8878000000-6b887811a000 rw-p 00000000 00:00 0 
6b887811a000-6b887c000000 ---p 00000000 00:00 0 
6b887c000000-6b887c021000 rw-p 00000000 00:00 0 
6b887c021000-6b8880000000 ---p 00000000 00:00 0 
6b8880000000-6b8880021000 rw-p 00000000 00:00 0 
6b8880021000-6b8884000000 ---p 00000000 00:00 0 
6b8884000000-6b888404c000 rw-p 00000000 00:00 0 
6b888404c000-6b8888000000 ---p 00000000 00:00 0 
6b8888000000-6b8888021000 rw-p 00000000 00:00 0 
6b8888021000-6b888c000000 ---p 00000000 00:00 0 
6b888c000000-6b888c043000 rw-p 00000000 00:00 0 
6b888c043000-6b8890000000 ---p 00000000 00:00 0 
6b8890000000-6b889018a000 rw-p 00000000 00:00 0 
6b889018a000-6b8894000000 ---p 00000000 00:00 0 
6b8894000000-6b88941b3000 rw-p 00000000 00:00 0 
6b88941b3000-6b8898000000 ---p 00000000 00:00 0 
6b8898000000-6b88980f1000 rw-p 00000000 00:00 0 
6b88980f1000-6b889c000000 ---p 00000000 00:00 0 
6b889c000000-6b889c02f000 rw-p 00000000 00:00 0 
6b889c02f000-6b88a0000000 ---p 00000000 00:00 0 
6b88a0000000-6b88a0052000 rw-p 00000000 00:00 0 
6b88a0052000-6b88a4000000 ---p 00000000 00:00 0 
6b88a4000000-6b88a4030000 rw-p 00000000 00:00 0 
6b88a4030000-6b88a8000000 ---p 00000000 00:00 0 
6b88a8000000-6b88a818e000 rw-p 00000000 00:00 0 
6b88a818e000-6b88ac000000 ---p 00000000 00:00 0 
6b88ac000000-6b88ac04b000 rw-p 00000000 00:00 0 
6b88ac04b000-6b88b0000000 ---p 00000000 00:00 0 
6b88b0000000-6b88b0023000 rw-p 00000000 00:00 0 
6b88b0023000-6b88b4000000 ---p 00000000 00:00 0 
6b88b4000000-6b88b419a000 rw-p 00000000 00:00 0 
6b88b419a000-6b88b8000000 ---p 00000000 00:00 0 
6b88b8000000-6b88b8192000 rw-p 00000000 00:00 0 
6b88b8192000-6b88bc000000 ---p 00000000 00:00 0 
6b88bc000000-6b88bc19b000 rw-p 00000000 00:00 0 
6b88bc19b000-6b88c0000000 ---p 00000000 00:00 0 
6b88c0000000-6b88c019e000 rw-p 00000000 00:00 0 
6b88c019e000-6b88c4000000 ---p 00000000 00:00 0 
6b88c4000000-6b88c419b000 rw-p 00000000 00:00 0 
6b88c419b000-6b88c8000000 ---p 00000000 00:00 0 
6b88c8000000-6b88c819a000 rw-p 00000000 00:00 0 
6b88c819a000-6b88cc000000 ---p 00000000 00:00 0 
6b88cc000000-6b88cc05a000 rw-p 00000000 00:00 0 
6b88cc05a000-6b88d0000000 ---p 00000000 00:00 0 
6b88d0000000-6b88d019b000 rw-p 00000000 00:00 0 
6b88d019b000-6b88d4000000 ---p 00000000 00:00 0 
6b88d4000000-6b88d4029000 rw-p 00000000 00:00 0 
6b88d4029000-6b88d8000000 ---p 00000000 00:00 0 
6b88d8000000-6b88d803f000 rw-p 00000000 00:00 0 
6b88d803f000-6b88dc000000 ---p 00000000 00:00 0 
6b88dc000000-6b88dc193000 rw-p 00000000 00:00 0 
6b88dc193000-6b88e0000000 ---p 00000000 00:00 0 
6b88e0000000-6b88e0034000 rw-p 00000000 00:00 0 
6b88e0034000-6b88e4000000 ---p 00000000 00:00 0 
6b88e4000000-6b88e4021000 rw-p 00000000 00:00 0 
6b88e4021000-6b88e8000000 ---p 00000000 00:00 0 
6b88e8000000-6b88e8021000 rw-p 00000000 00:00 0 
6b88e8021000-6b88ec000000 ---p 00000000 00:00 0 
6b88ec000000-6b88ec021000 rw-p 00000000 00:00 0 
6b88ec021000-6b88f0000000 ---p 00000000 00:00 0 
6b88f0000000-6b88f0021000 rw-p 00000000 00:00 0 
6b88f0021000-6b88f4000000 ---p 00000000 00:00 0 
6b88f4000000-6b88f4390000 rw-p 00000000 00:00 0 
6b88f4390000-6b88f4400000 ---p 00000000 00:00 0 
6b88f4400000-6b88f4970000 rw-p 00000000 00:00 0 
6b88f4970000-6b88f8000000 ---p 00000000 00:00 0 
6b88f8000000-6b88f8021000 rw-p 00000000 00:00 0 
6b88f8021000-6b88fc000000 ---p 00000000 00:00 0 
6b88fd06a000-6b88fd06e000 ---p 00000000 00:00 0 
6b88fd06e000-6b88fd16a000 rw-p 00000000 00:00 0 
6b88fd16a000-6b88fd16b000 ---p 00000000 00:00 0 
6b88fd16b000-6b88fd16f000 ---p 00000000 00:00 0 
6b88fd16f000-6b88fd36b000 rw-p 00000000 00:00 0 
6b88fd36b000-6b88fd36f000 ---p 00000000 00:00 0 
6b88fd36f000-6b88fd46b000 rw-p 00000000 00:00 0 
6b88fd4f5000-6b88fd4f9000 ---p 00000000 00:00 0 
6b88fd4f9000-6b88fd5f5000 rw-p 00000000 00:00 0 
6b88fd5f5000-6b88fd5f9000 ---p 00000000 00:00 0 
6b88fd5f9000-6b88fd6f5000 rw-p 00000000 00:00 0 
6b88fd6f5000-6b88fd6f6000 ---p 00000000 00:00 0 
6b88fd6f6000-6b88fd6fa000 ---p 00000000 00:00 0 
6b88fd6fa000-6b88fd8f6000 rw-p 00000000 00:00 0 
6b88fd8f6000-6b88fd8fa000 ---p 00000000 00:00 0 
6b88fd8fa000-6b88fd9f6000 rw-p 00000000 00:00 0 
6b88fd9f6000-6b88fd9fa000 ---p 00000000 00:00 0 
6b88fd9fa000-6b88fdaf6000 rw-p 00000000 00:00 0 
6b88fdaf6000-6b88fdafa000 ---p 00000000 00:00 0 
6b88fdafa000-6b88fdbf6000 rw-p 00000000 00:00 0 
6b88fdbf6000-6b88fdbfa000 ---p 00000000 00:00 0 
6b88fdbfa000-6b88fdcf6000 rw-p 00000000 00:00 0 
6b88fdcf6000-6b88fdcfa000 ---p 00000000 00:00 0 
6b88fdcfa000-6b88fddf6000 rw-p 00000000 00:00 0 
6b88fddf6000-6b88fddfa000 ---p 00000000 00:00 0 
6b88fddfa000-6b88fdef6000 rw-p 00000000 00:00 0 
6b88fdef6000-6b88fdefa000 ---p 00000000 00:00 0 
6b88fdefa000-6b88fdff6000 rw-p 00000000 00:00 0 
6b88fdff6000-6b88fdffa000 ---p 00000000 00:00 0 
6b88fdffa000-6b88fe0f6000 rw-p 00000000 00:00 0 
6b88fe0f6000-6b88fe0fa000 ---p 00000000 00:00 0 
6b88fe0fa000-6b88fe1f6000 rw-p 00000000 00:00 0 
6b88fe1f6000-6b88fe1fa000 ---p 00000000 00:00 0 
6b88fe1fa000-6b88fe2f6000 rw-p 00000000 00:00 0 
6b88fe2f6000-6b88fe2fa000 ---p 00000000 00:00 0 
6b88fe2fa000-6b88fe3f6000 rw-p 00000000 00:00 0 
6b88fe3f6000-6b88fe3fa000 ---p 00000000 00:00 0 
6b88fe3fa000-6b88fe4f6000 rw-p 00000000 00:00 0 
6b88fe4f6000-6b88fe4fa000 ---p 00000000 00:00 0 
6b88fe4fa000-6b88fe5f6000 rw-p 00000000 00:00 0 
6b88fe5f6000-6b88fe5f7000 ---p 00000000 00:00 0 
6b88fe5f7000-6b88fe6f7000 rw-p 00000000 00:00 0 
6b88fe6f7000-6b88fe6f8000 ---p 00000000 00:00 0 
6b88fe6f8000-6b88fe7f8000 rw-p 00000000 00:00 0 
6b88fe7f8000-6b88fe7f9000 ---p 00000000 00:00 0 
6b88fe7f9000-6b88fe8f9000 rw-p 00000000 00:00 0 
6b88fe8f9000-6b88fe8fa000 ---p 00000000 00:00 0 
6b88fe8fa000-6b88fe9fa000 rw-p 00000000 00:00 0 
6b88fe9fa000-6b88fe9fb000 ---p 00000000 00:00 0 
6b88fe9fb000-6b88feafb000 rw-p 00000000 00:00 0 
6b88feafb000-6b88feafc000 ---p 00000000 00:00 0 
6b88feafc000-6b88febfc000 rw-p 00000000 00:00 0 
6b88febfc000-6b88febfd000 ---p 00000000 00:00 0 
6b88febfd000-6b88fecfd000 rw-p 00000000 00:00 0 
6b88fecfd000-6b88fecfe000 ---p 00000000 00:00 0 
6b88fecfe000-6b88fedfe000 rw-p 00000000 00:00 0 
6b88fedfe000-6b88fedff000 ---p 00000000 00:00 0 
6b88fedff000-6b88feeff000 rw-p 00000000 00:00 0 
6b88feeff000-6b88fef00000 ---p 00000000 00:00 0 
6b88fef00000-6b88ff000000 rw-p 00000000 00:00 0 
6b88ff000000-6b88ffca3000 rw-p 00001000 fc:00 49677003                   /mydata/openjdk-mmtk/build/b0test/images/jdk/lib/server/classes.jsa
6b88ffca3000-6b8900000000 ---p 00000000 00:00 0 
6b8900000000-6b8900040000 rw-p 00000000 00:00 0 
6b8900040000-6b89000c0000 rw-p 00000000 00:00 0 
6b89000c0000-6b89000e0000 rw-p 00000000 00:00 0 
6b89000e0000-6b8900100000 ---p 00000000 00:00 0 
6b8900100000-6b8900150000 rw-p 00000000 00:00 0 
6b8900150000-6b8940000000 ---p 00000000 00:00 0 
6b8940000000-6b8940021000 rw-p 00000000 00:00 0 
6b8940021000-6b8944000000 ---p 00000000 00:00 0 
6b89440f3000-6b89440f4000 ---p 00000000 00:00 0 
6b89440f4000-6b89441f4000 rw-p 00000000 00:00 0 
6b89441f4000-6b89441f5000 ---p 00000000 00:00 0 
6b89441f5000-6b89442f5000 rw-p 00000000 00:00 0 
6b89442f5000-6b89442f6000 ---p 00000000 00:00 0 
6b89442f6000-6b89443f6000 rw-p 00000000 00:00 0 
6b89443f6000-6b89443f7000 ---p 00000000 00:00 0 
6b89443f7000-6b89444f7000 rw-p 00000000 00:00 0 
6b89444f7000-6b89444f8000 ---p 00000000 00:00 0 
6b89444f8000-6b89445f8000 rw-p 00000000 00:00 0 
6b89445f8000-6b89445f9000 ---p 00000000 00:00 0 
6b89445f9000-6b89446f9000 rw-p 00000000 00:00 0 
6b89446f9000-6b89446fa000 ---p 00000000 00:00 0 
6b89446fa000-6b89447fa000 rw-p 00000000 00:00 0 
6b89447fa000-6b89447fb000 ---p 00000000 00:00 0 
6b89447fb000-6b89448fb000 rw-p 00000000 00:00 0 
6b89448fb000-6b89448fc000 ---p 00000000 00:00 0 
6b89448fc000-6b89449fc000 rw-p 00000000 00:00 0 
6b89449fc000-6b89449fd000 ---p 00000000 00:00 0 
6b89449fd000-6b8944afd000 rw-p 00000000 00:00 0 
6b8944afd000-6b8944afe000 ---p 00000000 00:00 0 
6b8944afe000-6b8944bfe000 rw-p 00000000 00:00 0 
6b8944bfe000-6b8944bff000 ---p 00000000 00:00 0 
6b8944bff000-6b8944cff000 rw-p 00000000 00:00 0 
6b8944cff000-6b8944d00000 ---p 00000000 00:00 0 
6b8944d00000-6b8944e00000 rw-p 00000000 00:00 0 
6b8944e00000-6b89450eb000 r--p 00000000 08:03 1410552                    /usr/lib/locale/locale-archive
6b8945100000-6b8945104000 ---p 00000000 00:00 0 
6b8945104000-6b8945200000 rw-p 00000000 00:00 0 
6b8945200000-6b8948200000 rw-p 00000000 00:00 0 
6b89482fc000-6b8948300000 ---p 00000000 00:00 0 
6b8948300000-6b89483fc000 rw-p 00000000 00:00 0 
6b89483fc000-6b8978400000 rw-p 00000000 00:00 0 
6b8978400000-6b8979400000 ---p 00000000 00:00 0                          [anon:mmtk:sidemeta:all:all-quarantined]
6b8979400000-6b8979800000 rw-p 00000000 00:00 0                          [anon:mmtk:sidemeta:immix:VO_BIT]
6b8979800000-6b897a000000 rw-p 00000000 00:00 0                          [anon:mmtk:sidemeta:los:VO_BIT]
6b897a000000-6d897a400000 ---p 00000000 00:00 0                          [anon:mmtk:sidemeta:all:all-quarantined]
6d897a400000-6d897a800000 rw-p 00000000 00:00 0                          [anon:mmtk:sidemeta:immix:CHUNK_MARK]
6d897a800000-6d897d400000 ---p 00000000 00:00 0                          [anon:mmtk:sidemeta:all:all-quarantined]
6d897d400000-6d897d800000 rw-p 00000000 00:00 0                          [anon:mmtk:sidemeta:immix:VMGlobalLogBitSpec]
6d897d800000-6d897e000000 rw-p 00000000 00:00 0                          [anon:mmtk:sidemeta:los:VMGlobalLogBitSpec]
6d897e000000-6f917c800000 ---p 00000000 00:00 0                          [anon:mmtk:sidemeta:all:all-quarantined]
6f917c800000-6f917cc00000 rw-p 00000000 00:00 0                          [anon:mmtk:sidemeta:immix:IX_LINE_MARK]
6f917cc00000-70117c400000 ---p 00000000 00:00 0                          [anon:mmtk:sidemeta:all:all-quarantined]
70117c400000-70117c800000 rw-p 00000000 00:00 0                          [anon:mmtk:sidemeta:immix:IX_BLOCK_DEFRAG]
70117c800000-70127c400000 ---p 00000000 00:00 0                          [anon:mmtk:sidemeta:all:all-quarantined]
70127c400000-70127c800000 rw-p 00000000 00:00 0                          [anon:mmtk:sidemeta:immix:IX_BLOCK_MARK]
70127c800000-7633fc400000 ---p 00000000 00:00 0                          [anon:mmtk:sidemeta:all:all-quarantined]
7633fc400000-7633fc800000 rw-p 00000000 00:00 0                          [anon:mmtk:sidemeta:los:VMLocalLOSMarkNurserySpec]
7633fc800000-7635fd400000 ---p 00000000 00:00 0                          [anon:mmtk:sidemeta:all:all-quarantined]
7635fd400000-7635fe000000 rw-p 00000000 00:00 0                          [anon:mmtk:sidemeta:immix:VMLocalMarkBitSpec]
7635fe000000-7835fc400000 ---p 00000000 00:00 0                          [anon:mmtk:sidemeta:all:all-quarantined]
7835fc42c000-7835fc431000 r--p 00000000 fc:00 49676385                   /mydata/openjdk-mmtk/build/b0test/images/jdk/lib/libjsvml.so
7835fc431000-7835fc472000 r-xp 00005000 fc:00 49676385                   /mydata/openjdk-mmtk/build/b0test/images/jdk/lib/libjsvml.so
7835fc472000-7835fc4fb000 r--p 00046000 fc:00 49676385                   /mydata/openjdk-mmtk/build/b0test/images/jdk/lib/libjsvml.so
7835fc4fb000-7835fc4fc000 r--p 000ce000 fc:00 49676385                   /mydata/openjdk-mmtk/build/b0test/images/jdk/lib/libjsvml.so
7835fc4fc000-7835fc4fd000 rw-p 000cf000 fc:00 49676385                   /mydata/openjdk-mmtk/build/b0test/images/jdk/lib/libjsvml.so
7835fc4fd000-7835fc501000 ---p 00000000 00:00 0 
7835fc501000-7835fc5fd000 rw-p 00000000 00:00 0 
7835fc5fd000-7835fc5fe000 ---p 00000000 00:00 0 
7835fc5fe000-7835fc6fe000 rw-p 00000000 00:00 0 
7835fc6fe000-7835fc6ff000 ---p 00000000 00:00 0 
7835fc6ff000-7835fc7ff000 rw-p 00000000 00:00 0 
7835fc7ff000-78361c800000 rw-p 00000000 00:00 0 
78361c800000-78361cda0000 rwxp 00000000 00:00 0 
78361cda0000-783623c17000 ---p 00000000 00:00 0 
783623c17000-783624017000 rwxp 00000000 00:00 0 
783624017000-7836243e8000 ---p 00000000 00:00 0 
7836243e8000-783624848000 rwxp 00000000 00:00 0 
783624848000-78362b800000 ---p 00000000 00:00 0 
78362b800000-783633fa0000 r--s 00000000 fc:00 49676291                   /mydata/openjdk-mmtk/build/b0test/images/jdk/lib/modules
783634000000-7836348ba000 rw-p 00000000 00:00 0 
7836348ba000-783638000000 ---p 00000000 00:00 0 
783638044000-783638045000 ---p 00000000 00:00 0 
783638045000-783638145000 rw-p 00000000 00:00 0 
783638145000-783638746000 rw-p 00000000 00:00 0 
783638746000-78363874a000 r--p 00000000 08:03 1410107                    /usr/lib/x86_64-linux-gnu/libzstd.so.1.5.5
78363874a000-7836387f1000 r-xp 00004000 08:03 1410107                    /usr/lib/x86_64-linux-gnu/libzstd.so.1.5.5
7836387f1000-7836387fe000 r--p 000ab000 08:03 1410107                    /usr/lib/x86_64-linux-gnu/libzstd.so.1.5.5
7836387fe000-7836387ff000 r--p 000b7000 08:03 1410107                    /usr/lib/x86_64-linux-gnu/libzstd.so.1.5.5
7836387ff000-783638800000 rw-p 000b8000 08:03 1410107                    /usr/lib/x86_64-linux-gnu/libzstd.so.1.5.5
783638800000-78363880c000 r--p 00000000 fc:00 13107225                   /mydata/gc-bpf-fault/shim/libgcbpf.so
78363880c000-78363886e000 r-xp 0000c000 fc:00 13107225                   /mydata/gc-bpf-fault/shim/libgcbpf.so
78363886e000-783638a1b000 r--p 0006e000 fc:00 13107225                   /mydata/gc-bpf-fault/shim/libgcbpf.so
783638a1b000-783638a1d000 r--p 0021b000 fc:00 13107225                   /mydata/gc-bpf-fault/shim/libgcbpf.so
783638a1d000-783638a1e000 rw-p 0021d000 fc:00 13107225                   /mydata/gc-bpf-fault/shim/libgcbpf.so
783638a1e000-783638a1f000 rw-p 00000000 00:00 0 
783638a2e000-783638a37000 rw-p 00000000 00:00 0 
783638a37000-783638b17000 ---p 00000000 00:00 0 
783638b17000-783638b23000 rw-p 00000000 00:00 0 
783638b23000-783638c00000 ---p 00000000 00:00 0 
783638c00000-783638d48000 r--p 00000000 fc:00 49676344                   /mydata/openjdk-mmtk/build/b0test/images/jdk/lib/server/libmmtk_openjdk.so
783638d48000-783638fc1000 r-xp 00147000 fc:00 49676344                   /mydata/openjdk-mmtk/build/b0test/images/jdk/lib/server/libmmtk_openjdk.so
783638fc1000-783639002000 r--p 003bf000 fc:00 49676344                   /mydata/openjdk-mmtk/build/b0test/images/jdk/lib/server/libmmtk_openjdk.so
783639002000-783639004000 rw-p 003ff000 fc:00 49676344                   /mydata/openjdk-mmtk/build/b0test/images/jdk/lib/server/libmmtk_openjdk.so
783639004000-783639007000 rw-p 00000000 00:00 0 
783639017000-78363901b000 ---p 00000000 00:00 0 
78363901b000-783639117000 rw-p 00000000 00:00 0 
783639117000-783639127000 r--p 00000000 08:03 1411099                    /usr/lib/x86_64-linux-gnu/libm.so.6
783639127000-7836391a6000 r-xp 00010000 08:03 1411099                    /usr/lib/x86_64-linux-gnu/libm.so.6
7836391a6000-7836391fe000 r--p 0008f000 08:03 1411099                    /usr/lib/x86_64-linux-gnu/libm.so.6
7836391fe000-7836391ff000 r--p 000e7000 08:03 1411099                    /usr/lib/x86_64-linux-gnu/libm.so.6
7836391ff000-783639200000 rw-p 000e8000 08:03 1411099                    /usr/lib/x86_64-linux-gnu/libm.so.6
783639200000-7836394a9000 r--p 00000000 fc:00 49676343                   /mydata/openjdk-mmtk/build/b0test/images/jdk/lib/server/libjvm.so
7836394a9000-78363a33c000 r-xp 002a9000 fc:00 49676343                   /mydata/openjdk-mmtk/build/b0test/images/jdk/lib/server/libjvm.so
78363a33c000-78363a620000 r--p 0113c000 fc:00 49676343                   /mydata/openjdk-mmtk/build/b0test/images/jdk/lib/server/libjvm.so
78363a620000-78363a6f6000 r--p 0141f000 fc:00 49676343                   /mydata/openjdk-mmtk/build/b0test/images/jdk/lib/server/libjvm.so
78363a6f6000-78363a726000 rw-p 014f5000 fc:00 49676343                   /mydata/openjdk-mmtk/build/b0test/images/jdk/lib/server/libjvm.so
78363a726000-78363a78c000 rw-p 00000000 00:00 0 
78363a7cc000-78363a7d3000 r--s 00000000 08:03 1436340                    /usr/lib/x86_64-linux-gnu/gconv/gconv-modules.cache
78363a7d3000-78363a7d5000 r--p 00000000 fc:00 49676434                   /mydata/openjdk-mmtk/build/b0test/images/jdk/lib/libmanagement_ext.so
78363a7d5000-78363a7d8000 r-xp 00002000 fc:00 49676434                   /mydata/openjdk-mmtk/build/b0test/images/jdk/lib/libmanagement_ext.so
78363a7d8000-78363a7d9000 r--p 00005000 fc:00 49676434                   /mydata/openjdk-mmtk/build/b0test/images/jdk/lib/libmanagement_ext.so
78363a7d9000-78363a7da000 r--p 00006000 fc:00 49676434                   /mydata/openjdk-mmtk/build/b0test/images/jdk/lib/libmanagement_ext.so
78363a7da000-78363a7db000 rw-p 00007000 fc:00 49676434                   /mydata/openjdk-mmtk/build/b0test/images/jdk/lib/libmanagement_ext.so
78363a7db000-78363a7de000 r--p 00000000 fc:00 49676331                   /mydata/openjdk-mmtk/build/b0test/images/jdk/lib/libnet.so
78363a7de000-78363a7e6000 r-xp 00003000 fc:00 49676331                   /mydata/openjdk-mmtk/build/b0test/images/jdk/lib/libnet.so
78363a7e6000-78363a7e8000 r--p 0000b000 fc:00 49676331                   /mydata/openjdk-mmtk/build/b0test/images/jdk/lib/libnet.so
78363a7e8000-78363a7e9000 r--p 0000c000 fc:00 49676331                   /mydata/openjdk-mmtk/build/b0test/images/jdk/lib/libnet.so
78363a7e9000-78363a7ea000 rw-p 0000d000 fc:00 49676331                   /mydata/openjdk-mmtk/build/b0test/images/jdk/lib/libnet.so
78363a7ea000-78363a7f1000 r--p 00000000 fc:00 49676332                   /mydata/openjdk-mmtk/build/b0test/images/jdk/lib/libnio.so
78363a7f1000-78363a7fa000 r-xp 00007000 fc:00 49676332                   /mydata/openjdk-mmtk/build/b0test/images/jdk/lib/libnio.so
78363a7fa000-78363a7fe000 r--p 00010000 fc:00 49676332                   /mydata/openjdk-mmtk/build/b0test/images/jdk/lib/libnio.so
78363a7fe000-78363a7ff000 r--p 00014000 fc:00 49676332                   /mydata/openjdk-mmtk/build/b0test/images/jdk/lib/libnio.so
78363a7ff000-78363a800000 rw-p 00015000 fc:00 49676332                   /mydata/openjdk-mmtk/build/b0test/images/jdk/lib/libnio.so
78363a800000-78363a828000 r--p 00000000 08:03 1410238                    /usr/lib/x86_64-linux-gnu/libc.so.6
78363a828000-78363a9b0000 r-xp 00028000 08:03 1410238                    /usr/lib/x86_64-linux-gnu/libc.so.6
78363a9b0000-78363a9ff000 r--p 001b0000 08:03 1410238                    /usr/lib/x86_64-linux-gnu/libc.so.6
78363a9ff000-78363aa03000 r--p 001fe000 08:03 1410238                    /usr/lib/x86_64-linux-gnu/libc.so.6
78363aa03000-78363aa05000 rw-p 00202000 08:03 1410238                    /usr/lib/x86_64-linux-gnu/libc.so.6
78363aa05000-78363aa12000 rw-p 00000000 00:00 0 
78363aa15000-78363aa17000 r--p 00000000 fc:00 49676335                   /mydata/openjdk-mmtk/build/b0test/images/jdk/lib/libzip.so
78363aa17000-78363aa1c000 r-xp 00002000 fc:00 49676335                   /mydata/openjdk-mmtk/build/b0test/images/jdk/lib/libzip.so
78363aa1c000-78363aa1e000 r--p 00007000 fc:00 49676335                   /mydata/openjdk-mmtk/build/b0test/images/jdk/lib/libzip.so
78363aa1e000-78363aa1f000 r--p 00008000 fc:00 49676335                   /mydata/openjdk-mmtk/build/b0test/images/jdk/lib/libzip.so
78363aa1f000-78363aa20000 rw-p 00009000 fc:00 49676335                   /mydata/openjdk-mmtk/build/b0test/images/jdk/lib/libzip.so
78363aa20000-78363aa23000 r--p 00000000 08:03 1410420                    /usr/lib/x86_64-linux-gnu/libelf-0.190.so
78363aa23000-78363aa39000 r-xp 00003000 08:03 1410420                    /usr/lib/x86_64-linux-gnu/libelf-0.190.so
78363aa39000-78363aa3d000 r--p 00019000 08:03 1410420                    /usr/lib/x86_64-linux-gnu/libelf-0.190.so
78363aa3d000-78363aa3e000 r--p 0001c000 08:03 1410420                    /usr/lib/x86_64-linux-gnu/libelf-0.190.so
78363aa3e000-78363aa3f000 rw-p 0001d000 08:03 1410420                    /usr/lib/x86_64-linux-gnu/libelf-0.190.so
78363aa43000-78363aa45000 r--p 00000000 fc:00 49676363                   /mydata/openjdk-mmtk/build/b0test/images/jdk/lib/libmanagement.so
78363aa45000-78363aa46000 r-xp 00002000 fc:00 49676363                   /mydata/openjdk-mmtk/build/b0test/images/jdk/lib/libmanagement.so
78363aa46000-78363aa47000 r--p 00003000 fc:00 49676363                   /mydata/openjdk-mmtk/build/b0test/images/jdk/lib/libmanagement.so
78363aa47000-78363aa48000 r--p 00003000 fc:00 49676363                   /mydata/openjdk-mmtk/build/b0test/images/jdk/lib/libmanagement.so
78363aa48000-78363aa49000 rw-p 00004000 fc:00 49676363                   /mydata/openjdk-mmtk/build/b0test/images/jdk/lib/libmanagement.so
78363aa49000-78363aa51000 rw-p 00000000 00:00 0 
78363aa51000-78363aa59000 ---p 00000000 00:00 0 
78363aa59000-78363aa66000 r--p 00000000 fc:00 49676327                   /mydata/openjdk-mmtk/build/b0test/images/jdk/lib/libjava.so
78363aa66000-78363aa75000 r-xp 0000d000 fc:00 49676327                   /mydata/openjdk-mmtk/build/b0test/images/jdk/lib/libjava.so
78363aa75000-78363aa7a000 r--p 0001c000 fc:00 49676327                   /mydata/openjdk-mmtk/build/b0test/images/jdk/lib/libjava.so
78363aa7a000-78363aa7b000 r--p 00021000 fc:00 49676327                   /mydata/openjdk-mmtk/build/b0test/images/jdk/lib/libjava.so
78363aa7b000-78363aa7c000 rw-p 00022000 fc:00 49676327                   /mydata/openjdk-mmtk/build/b0test/images/jdk/lib/libjava.so
78363aa7c000-78363aa7d000 rw-p 00000000 00:00 0 
78363aa7d000-78363aa85000 rw-s 00000000 08:03 237590                     /tmp/hsperfdata_root/286130
78363aa85000-78363aa89000 r--p 00000000 fc:00 49676328                   /mydata/openjdk-mmtk/build/b0test/images/jdk/lib/libjimage.so
78363aa89000-78363aaa0000 r-xp 00004000 fc:00 49676328                   /mydata/openjdk-mmtk/build/b0test/images/jdk/lib/libjimage.so
78363aaa0000-78363aaa5000 r--p 0001b000 fc:00 49676328                   /mydata/openjdk-mmtk/build/b0test/images/jdk/lib/libjimage.so
78363aaa5000-78363aaa7000 r--p 00020000 fc:00 49676328                   /mydata/openjdk-mmtk/build/b0test/images/jdk/lib/libjimage.so
78363aaa7000-78363aaa8000 rw-p 00022000 fc:00 49676328                   /mydata/openjdk-mmtk/build/b0test/images/jdk/lib/libjimage.so
78363aaa8000-78363aaac000 r--p 00000000 08:03 1410148                    /usr/lib/x86_64-linux-gnu/libgcc_s.so.1
78363aaac000-78363aad0000 r-xp 00004000 08:03 1410148                    /usr/lib/x86_64-linux-gnu/libgcc_s.so.1
78363aad0000-78363aad4000 r--p 00028000 08:03 1410148                    /usr/lib/x86_64-linux-gnu/libgcc_s.so.1
78363aad4000-78363aad5000 r--p 0002b000 08:03 1410148                    /usr/lib/x86_64-linux-gnu/libgcc_s.so.1
78363aad5000-78363aad6000 rw-p 0002c000 08:03 1410148                    /usr/lib/x86_64-linux-gnu/libgcc_s.so.1
78363aad6000-78363aad8000 rw-p 00000000 00:00 0 
78363aad8000-78363aada000 r--p 00000000 08:03 1409104                    /usr/lib/x86_64-linux-gnu/libz.so.1.3
78363aada000-78363aaec000 r-xp 00002000 08:03 1409104                    /usr/lib/x86_64-linux-gnu/libz.so.1.3
78363aaec000-78363aaf2000 r--p 00014000 08:03 1409104                    /usr/lib/x86_64-linux-gnu/libz.so.1.3
78363aaf2000-78363aaf3000 r--p 0001a000 08:03 1409104                    /usr/lib/x86_64-linux-gnu/libz.so.1.3
78363aaf3000-78363aaf4000 rw-p 0001b000 08:03 1409104                    /usr/lib/x86_64-linux-gnu/libz.so.1.3
78363aaf9000-78363aafa000 rw-s 00000000 00:10 68                         anon_inode:bpf-map
78363aafa000-78363aafb000 r--s 00000000 00:10 68                         anon_inode:bpf-map
78363aafb000-78363aafc000 ---p 00000000 00:00 0 
78363aafc000-78363aafd000 r--p 00000000 00:00 0 
78363aafd000-78363aafe000 ---p 00000000 00:00 0 
78363aafe000-78363ab00000 r--p 00000000 fc:00 49676329                   /mydata/openjdk-mmtk/build/b0test/images/jdk/lib/libjli.so
78363ab00000-78363ab0a000 r-xp 00002000 fc:00 49676329                   /mydata/openjdk-mmtk/build/b0test/images/jdk/lib/libjli.so
78363ab0a000-78363ab0d000 r--p 0000c000 fc:00 49676329                   /mydata/openjdk-mmtk/build/b0test/images/jdk/lib/libjli.so
78363ab0d000-78363ab0e000 r--p 0000f000 fc:00 49676329                   /mydata/openjdk-mmtk/build/b0test/images/jdk/lib/libjli.so
78363ab0e000-78363ab0f000 rw-p 00010000 fc:00 49676329                   /mydata/openjdk-mmtk/build/b0test/images/jdk/lib/libjli.so
78363ab0f000-78363ab11000 rw-p 00000000 00:00 0 
78363ab11000-78363ab15000 r--p 00000000 00:00 0                          [vvar]
78363ab15000-78363ab17000 r--p 00000000 00:00 0                          [vvar_vclock]
78363ab17000-78363ab19000 r-xp 00000000 00:00 0                          [vdso]
78363ab19000-78363ab1a000 r--p 00000000 08:03 1409763                    /usr/lib/x86_64-linux-gnu/ld-linux-x86-64.so.2
78363ab1a000-78363ab45000 r-xp 00001000 08:03 1409763                    /usr/lib/x86_64-linux-gnu/ld-linux-x86-64.so.2
78363ab45000-78363ab4f000 r--p 0002c000 08:03 1409763                    /usr/lib/x86_64-linux-gnu/ld-linux-x86-64.so.2
78363ab4f000-78363ab51000 r--p 00036000 08:03 1409763                    /usr/lib/x86_64-linux-gnu/ld-linux-x86-64.so.2
78363ab51000-78363ab53000 rw-p 00038000 08:03 1409763                    /usr/lib/x86_64-linux-gnu/ld-linux-x86-64.so.2
7ffd14dcf000-7ffd14df0000 rw-p 00000000 00:00 0                          [stack]
ffffffffff600000-ffffffffff601000 --xp 00000000 00:00 0                  [vsyscall]
Total number of mappings: 410

JVMTI agents: none


VM Arguments:
jvm_args: -XX:+UseThirdPartyHeap -Xms512m -Xmx512m 
java_command: /mydata/dacapo/dacapo-23.11/dacapo-23.11-MR2-chopin.jar luindex -n 3
java_class_path (initial): /mydata/dacapo/dacapo-23.11/dacapo-23.11-MR2-chopin.jar
Launcher Type: SUN_STANDARD

[Global flags]
     intx CICompilerCount                          = 15                                        {product} {ergonomic}
   size_t InitialHeapSize                          = 536870912                                 {product} {command line}
   size_t MaxHeapSize                              = 536870912                                 {product} {command line}
   size_t MinHeapDeltaBytes                        = 524288                                    {product} {ergonomic}
   size_t MinHeapSize                              = 536870912                                 {product} {command line}
    uintx NonNMethodCodeHeapSize                   = 8192380                                {pd product} {ergonomic}
    uintx NonProfiledCodeHeapSize                  = 121732930                              {pd product} {ergonomic}
    uintx ProfiledCodeHeapSize                     = 121732930                              {pd product} {ergonomic}
    uintx ReservedCodeCacheSize                    = 251658240                              {pd product} {ergonomic}
     bool SegmentedCodeCache                       = true                                      {product} {ergonomic}
   size_t SoftMaxHeapSize                          = 536870912                              {manageable} {ergonomic}
     bool UseCompressedOops                        = true                           {product lp64_product} {ergonomic}

Logging:
Log output configuration:
 #0: stdout all=warning uptime,level,tags foldmultilines=false
 #1: stderr all=off uptime,level,tags foldmultilines=false

Release file:
IMPLEMENTOR="N/A"
JAVA_RUNTIME_VERSION="21.0.9-internal-adhoc.talzuss.openjdk-mmtk"
JAVA_VERSION="21.0.9"
JAVA_VERSION_DATE="2025-10-21"
LIBC="gnu"
MODULES="java.base java.compiler java.datatransfer java.xml java.prefs java.desktop java.instrument java.logging java.management java.security.sasl java.naming java.rmi java.management.rmi java.net.http java.scripting java.security.jgss java.transaction.xa java.sql java.sql.rowset java.xml.crypto java.se java.smartcardio jdk.accessibility jdk.internal.jvmstat jdk.attach jdk.charsets jdk.internal.opt jdk.zipfs jdk.compiler jdk.crypto.ec jdk.crypto.cryptoki jdk.dynalink jdk.internal.ed jdk.editpad jdk.hotspot.agent jdk.httpserver jdk.incubator.vector jdk.internal.le jdk.internal.vm.ci jdk.internal.vm.compiler jdk.internal.vm.compiler.management jdk.jartool jdk.javadoc jdk.jcmd jdk.management jdk.management.agent jdk.jconsole jdk.jdeps jdk.jdwp.agent jdk.jdi jdk.jfr jdk.jlink jdk.jpackage jdk.jshell jdk.jsobject jdk.jstatd jdk.localedata jdk.management.jfr jdk.naming.dns jdk.naming.rmi jdk.net jdk.nio.mapmode jdk.random jdk.sctp jdk.security.auth jdk.security.jgss jdk.unsupported jdk.unsupported.desktop jdk.xml.dom"
OS_ARCH="x86_64"
OS_NAME="Linux"
SOURCE=".:git:b557520f04b3+"

Environment Variables:
PATH=/usr/local/sbin:/usr/local/bin:/usr/sbin:/usr/bin:/sbin:/bin:/snap/bin
SHELL=/bin/bash
LANG=en_US.UTF-8
TERM=tmux-256color

Active Locale:
LC_ALL=en_US.UTF-8
LC_COLLATE=en_US.UTF-8
LC_CTYPE=en_US.UTF-8
LC_MESSAGES=en_US.UTF-8
LC_MONETARY=en_US.UTF-8
LC_NUMERIC=en_US.UTF-8
LC_TIME=en_US.UTF-8

Signal Handlers:
   SIGSEGV: crash_handler in libjvm.so, mask=11100100010111111101111111111110, flags=SA_RESTART|SA_SIGINFO, unblocked
    SIGBUS: crash_handler in libjvm.so, mask=11100100010111111101111111111110, flags=SA_RESTART|SA_SIGINFO, unblocked
    SIGFPE: crash_handler in libjvm.so, mask=11100100010111111101111111111110, flags=SA_RESTART|SA_SIGINFO, unblocked
   SIGPIPE: javaSignalHandler in libjvm.so, mask=11100100010111111101111111111110, flags=SA_RESTART|SA_SIGINFO, blocked
   SIGXFSZ: javaSignalHandler in libjvm.so, mask=11100100010111111101111111111110, flags=SA_RESTART|SA_SIGINFO, blocked
    SIGILL: crash_handler in libjvm.so, mask=11100100010111111101111111111110, flags=SA_RESTART|SA_SIGINFO, unblocked
   SIGUSR2: SR_handler in libjvm.so, mask=00000000000000000000000000000000, flags=SA_RESTART|SA_SIGINFO, blocked
    SIGHUP: UserHandler in libjvm.so, mask=11100100010111111101111111111110, flags=SA_RESTART|SA_SIGINFO, blocked
    SIGINT: UserHandler in libjvm.so, mask=11100100010111111101111111111110, flags=SA_RESTART|SA_SIGINFO, blocked
   SIGTERM: UserHandler in libjvm.so, mask=11100100010111111101111111111110, flags=SA_RESTART|SA_SIGINFO, blocked
   SIGQUIT: UserHandler in libjvm.so, mask=11100100010111111101111111111110, flags=SA_RESTART|SA_SIGINFO, blocked
   SIGTRAP: crash_handler in libjvm.so, mask=11100100010111111101111111111110, flags=SA_RESTART|SA_SIGINFO, unblocked


Periodic native trim disabled

---------------  S Y S T E M  ---------------

OS:
DISTRIB_ID=Ubuntu
DISTRIB_RELEASE=24.04
DISTRIB_CODENAME=noble
DISTRIB_DESCRIPTION="Ubuntu 24.04.4 LTS"
uname: Linux 6.17.0-bpf-fault+ #1 SMP PREEMPT_DYNAMIC Mon Jul  6 16:43:12 MDT 2026 x86_64
OS uptime: 0 days 19:16 hours
libc: glibc 2.39 NPTL 2.39 
rlimit (soft/hard): STACK 8192k/infinity , CORE 0k/0k , NPROC 513205/513205 , NOFILE 1048576/1048576 , AS infinity/infinity , CPU infinity/infinity , DATA infinity/infinity , FSIZE infinity/infinity , MEMLOCK 16436528k/16436528k
load average: 1.17 1.39 0.99

/proc/meminfo:
MemTotal:       131492232 kB
MemFree:        81435448 kB
MemAvailable:   123231336 kB
Buffers:          509068 kB
Cached:         40693456 kB
SwapCached:            0 kB
Active:          2852008 kB
Inactive:       40393096 kB
Active(anon):    2059036 kB
Inactive(anon):        0 kB
Active(file):     792972 kB
Inactive(file): 40393096 kB
Unevictable:       41912 kB
Mlocked:           38840 kB
SwapTotal:       8388604 kB
SwapFree:        8388604 kB
Zswap:                 0 kB
Zswapped:              0 kB
Dirty:           1079604 kB
Writeback:             0 kB
AnonPages:       2086080 kB
Mapped:          3391196 kB
Shmem:              5316 kB
KReclaimable:    1861056 kB
Slab:            2378808 kB
SReclaimable:    1861056 kB
SUnreclaim:       517752 kB
KernelStack:        9792 kB
PageTables:        29036 kB
SecPageTables:      8684 kB
NFS_Unstable:          0 kB
Bounce:                0 kB
WritebackTmp:          0 kB
CommitLimit:    74134720 kB
Committed_AS:   160609792 kB
VmallocTotal:   34359738367 kB
VmallocUsed:       35604 kB
VmallocChunk:          0 kB
Percpu:            48896 kB
HardwareCorrupted:     0 kB
AnonHugePages:         0 kB
ShmemHugePages:        0 kB
ShmemPmdMapped:        0 kB
FileHugePages:   2152448 kB
FilePmdMapped:         0 kB
Unaccepted:            0 kB
Balloon:               0 kB
HugePages_Total:       0
HugePages_Free:        0
HugePages_Rsvd:        0
HugePages_Surp:        0
Hugepagesize:       2048 kB
Hugetlb:               0 kB
DirectMap4k:      629568 kB
DirectMap2M:    18880512 kB
DirectMap1G:    114294784 kB

/sys/kernel/mm/transparent_hugepage/enabled: always [madvise] never
/sys/kernel/mm/transparent_hugepage/hpage_pmd_size: 2097152
/sys/kernel/mm/transparent_hugepage/defrag (defrag/compaction efforts parameter): always defer defer+madvise [madvise] never

Process Memory:
Virtual Size: 13618652412K (peak: 13618659572K)
Resident Set Size: 4702832K (peak: 4702832K) (anon: 1529200K, file: 3173632K, shmem: 0K)
Swapped out: 0K
C-Heap outstanding allocations: 1340844K, retained: 160587K
glibc malloc tunables: (default)

/proc/sys/kernel/threads-max (system-wide limit on the number of threads): 1026411
/proc/sys/vm/max_map_count (maximum number of memory map areas a process may have): 1048576
/proc/sys/vm/swappiness (control to define how aggressively the kernel swaps out anonymous memory): 60
/proc/sys/kernel/pid_max (system-wide limit on number of process identifiers): 4194304

container information not found.
Steal ticks since vm start: 0
Steal ticks percentage since vm start:  0.000

CPU: total 32 (initial active 32) (32 cores per cpu, 2 threads per core) family 23 model 49 stepping 0 microcode 0x830107c, cx8, cmov, fxsr, ht, mmx, 3dnowpref, sse, sse2, sse3, ssse3, sse4a, sse4.1, sse4.2, popcnt, lzcnt, tsc, tscinvbit, avx, avx2, aes, clmul, bmi1, bmi2, adx, sha, fma, vzeroupper, clflush, clflushopt, rdtscp, rdpid, f16c
CPU Model and flags from /proc/cpuinfo:
model name	: AMD EPYC 7302P 16-Core Processor
flags		: fpu vme de pse tsc msr pae mce cx8 apic sep mtrr pge mca cmov pat pse36 clflush mmx fxsr sse sse2 ht syscall nx mmxext fxsr_opt pdpe1gb rdtscp lm constant_tsc rep_good nopl xtopology nonstop_tsc cpuid extd_apicid aperfmperf rapl pni pclmulqdq monitor ssse3 fma cx16 sse4_1 sse4_2 movbe popcnt aes xsave avx f16c rdrand lahf_lm cmp_legacy svm extapic cr8_legacy abm sse4a misalignsse 3dnowprefetch osvw ibs skinit wdt tce topoext perfctr_core perfctr_nb bpext perfctr_llc mwaitx cpb cat_l3 cdp_l3 hw_pstate ssbd mba ibrs ibpb stibp vmmcall fsgsbase bmi1 avx2 smep bmi2 cqm rdt_a rdseed adx smap clflushopt clwb sha_ni xsaveopt xsavec xgetbv1 xsaves cqm_llc cqm_occup_llc cqm_mbm_total cqm_mbm_local clzero irperf xsaveerptr rdpru wbnoinvd amd_ppin arat npt lbrv svm_lock nrip_save tsc_scale vmcb_clean flushbyasid decodeassists pausefilter pfthreshold avic v_vmsave_vmload vgif v_spec_ctrl umip rdpid overflow_recov succor smca sev sev_es

Online cpus: 0-31
Offline cpus: 
BIOS frequency limitation: <Not Available>
Frequency switch latency (ns): <Not Available>
Available cpu frequencies: <Not Available>
Current governor: <Not Available>
Core performance/turbo boost: <Not Available>

Memory: 4k page, physical 131492232k(123231336k free), swap 8388604k(8388604k free)
Page Sizes: 4k

vm_info: OpenJDK 64-Bit Server VM (21.0.9-internal-adhoc.talzuss.openjdk-mmtk) for linux-amd64 JRE (21.0.9-internal-adhoc.talzuss.openjdk-mmtk), built on 2026-07-06T23:13:08Z by "talzuss" with gcc 13.3.0
heap_info: MMTk OpenJDK 0.32.0 (15c0350-dirty), using MMTk 0.32.0 (06c0b68-dirty, BUILTIN_ENV_LOGGER, DEFAULT, EAGER_SWEEPING, VO_BIT)@

END.
