#
# A fatal error has been detected by the Java Runtime Environment:
#
#  SIGSEGV (0xb) at pc=0x00007cf8bf0aefe7, pid=312254, tid=312272
#
# JRE version: OpenJDK Runtime Environment (21.0.9) (build 21.0.9-internal-adhoc.talzuss.openjdk-mmtk)
# Java VM: OpenJDK 64-Bit Server VM (21.0.9-internal-adhoc.talzuss.openjdk-mmtk, mixed mode, sharing, tiered, compressed oops, compressed class ptrs, third-party gc, linux-amd64)
# Problematic frame:
# C  [libmmtk_openjdk.so+0x2aefe7]  _$LT$mmtk..plan..concurrent..immix..gc_work..SatbFinalDrain$LT$VM$GT$$u20$as$u20$mmtk..scheduler..work..GCWork$LT$VM$GT$$GT$::do_work::h99199484dacfec84+0x477
#
# Core dump will be written. Default location: Core dumps may be processed with "/usr/share/apport/apport -p%p -s%s -c%c -d%d -P%P -u%u -g%g -F%F -- %E" (or dumping to /mydata/mmtk-core/core.312254)
#
# If you would like to submit a bug report, please visit:
#   https://bugreport.java.com/bugreport/crash.jsp
#

---------------  S U M M A R Y ------------

Command Line: -XX:+UseThirdPartyHeap -Xms512m -Xmx512m /mydata/dacapo/dacapo-23.11/dacapo-23.11-MR2-chopin.jar xalan -n 3

Host: AMD EPYC 7302P 16-Core Processor, 32 cores, 125G, Ubuntu 24.04.4 LTS
Time: Tue Jul  7 13:56:34 2026 MDT elapsed time: 3.087066 seconds (0d 0h 0m 3s)

---------------  T H R E A D  ---------------

Current thread (0x00007cf8b8538180):  NamedThread "MMTk Collector Thread" [id=312272, stack(0x00007cf8bcff7000,0x00007cf8bd0f7000) (1024K)]

Stack: [0x00007cf8bcff7000,0x00007cf8bd0f7000],  sp=0x00007cf8bd0f5910,  free space=1018k
Native frames: (J=compiled Java code, j=interpreted, Vv=VM code, C=native code)
C  [libmmtk_openjdk.so+0x2aefe7]  _$LT$mmtk..plan..concurrent..immix..gc_work..SatbFinalDrain$LT$VM$GT$$u20$as$u20$mmtk..scheduler..work..GCWork$LT$VM$GT$$GT$::do_work::h99199484dacfec84+0x477

siginfo: si_signo: 11 (SIGSEGV), si_code: 1 (SEGV_MAPERR), si_addr: 0x00007cfa1ee7bba8

Registers:
RAX=0x0000000058000000, RBX=0x0000000000000053, RCX=0x00007cf8bee7bba8, RDX=0x0000704b83000000
RSP=0x00007cf8bd0f5910, RBP=0x0000000041397ff8, RSI=0x0000000041397ff8, RDI=0x0000704b83000001
R8 =0x0000704b440008e0, R9 =0x0000000000000200, R10=0x0000704b24000030, R11=0x9cb074552a2dbfd7
R12=0x0000000000273200, R13=0x00007cf8bf2017d8, R14=0x0000000041398fc8, R15=0x0000000000273200
RIP=0x00007cf8bf0aefe7, EFLAGS=0x0000000000010206, CSGSFS=0x002b000000000033, ERR=0x0000000000000004
  TRAPNO=0x000000000000000e

XMM[0]=0x0000000000000000 0x0000000000000000
XMM[1]=0x0000000000000000 0x0000704b24000090
XMM[2]=0xffff000000ff0000 0x0000ffff00ffffff
XMM[3]=0x0000000000000000 0x0000000000000000
XMM[4]=0x0000000000000000 0x0000704b24000090
XMM[5]=0x00000000402fd810 0x00000000403fc328
XMM[6]=0x000000004004c9e0 0x000000004004c928
XMM[7]=0x000000004004c6a0 0x000000004004c5c0
XMM[8]=0x000000004004c5a0 0x000000004004c6a0
XMM[9]=0x0000000000000000 0x0000000000000000
XMM[10]=0x3f3f3f3f3f3f3f3f 0x3f3f3f3f3f3f3f3f
XMM[11]=0x9999999999999999 0x9999999999999999
XMM[12]=0x2020202020202020 0x2020202020202020
XMM[13]=0x0000000000000000 0x0000000000000000
XMM[14]=0x0000000000000000 0x0000000000000000
XMM[15]=0x0000000000000000 0x0000000000000000
  MXCSR=0x00001fa2


Register to memory mapping:

RAX=
[error occurred during error reporting (printing register info), id 0xe0000000, Internal Error (/mydata/mmtk-openjdk/openjdk/share/mmtkHeap.cpp:444)]
RBX=
[error occurred during error reporting (printing register info, attempt 2), id 0xe0000000, Internal Error (/mydata/mmtk-openjdk/openjdk/share/mmtkHeap.cpp:444)]
RCX=
[error occurred during error reporting (printing register info, attempt 3), id 0xe0000000, Internal Error (/mydata/mmtk-openjdk/openjdk/share/mmtkHeap.cpp:444)]
Top of Stack: (sp=0x00007cf8bd0f5910)
0x00007cf8bd0f5910:   00007cf8b83dfa20 0000704b8320b608
0x00007cf8bd0f5920:   000000004135dab8 0000000000010000
0x00007cf8bd0f5930:   0000704b24011d50 000000000000c2d4
0x00007cf8bd0f5940:   0000000000000080 0000704b2400c1e0
0x00007cf8bd0f5950:   0000000000000053 00007cf8bf200ff0
0x00007cf8bd0f5960:   0000704b44000030 000000000001f380
0x00007cf8bd0f5970:   0000200001398000 00007cf8b8045100
0x00007cf8bd0f5980:   00007cf8bd0f59d0 0000704b54007088
0x00007cf8bd0f5990:   00007cf8b852c570 0000000000000040
0x00007cf8bd0f59a0:   00007cf8bf2017d8 00007cf8bd0f5a60
0x00007cf8bd0f59b0:   00007cf8bd0f5970 00007cf8bd0f5a58
0x00007cf8bd0f59c0:   00007cf8bd0f5a50 00007cf8bd0f5a2f
0x00007cf8bd0f59d0:   00007cf8bd0f5a38 00007cf8bd0f5928
0x00007cf8bd0f59e0:   0000000000000000 0000704b2400c1e0
0x00007cf8bd0f59f0:   00007cf8b852c570 00007cf8b806d080
0x00007cf8bd0f5a00:   00007cf8b806d400 00007cf8b852c410
0x00007cf8bd0f5a10:   00007cf8bd0f5a20 00007cf8bf0ab1e3
0x00007cf8bd0f5a20:   0000704b2400c1e0 0000000000000001
0x00007cf8bd0f5a30:   0000704b2400c478 0000000000000800
0x00007cf8bd0f5a40:   0000704b24005310 0000000000000451
0x00007cf8bd0f5a50:   0000000040000000 0000000041398000
0x00007cf8bd0f5a60:   0000000000001398 00007cf8bd0f5978
0x00007cf8bd0f5a70:   00007cf8bf2017d8 00007cf8bf200ff0
0x00007cf8bd0f5a80:   0000000000000080 0000704b8320b360
0x00007cf8bd0f5a90:   00007cf8b806fb00 00007cf8bd0f59f0
0x00007cf8bd0f5aa0:   0000704b24007598 0000704b24005fd8
0x00007cf8bd0f5ab0:   00007cf8b806ef00 00007cf8b806ec00
0x00007cf8bd0f5ac0:   00007cf8b806e900 00007cf8b806e600
0x00007cf8bd0f5ad0:   00007cf8b806e300 00007cf8b806e000
0x00007cf8bd0f5ae0:   00007cf8b806dd00 00007cf8b806da00
0x00007cf8bd0f5af0:   00007cf8b806d700 00007cf8bf200ff0
0x00007cf8bd0f5b00:   00007cf8bf1c3158 00007cf8c0aadd50 

Instructions: (pc=0x00007cf8bf0aefe7)
0x00007cf8bf0aeee7:   44 24 30 48 89 84 24 70 01 00 00 48 85 db 0f 84
0x00007cf8bf0aeef7:   f5 0a 00 00 48 8b 84 24 d8 00 00 00 48 8d 0c d8
0x00007cf8bf0aef07:   48 89 8c 24 20 01 00 00 eb 36 66 66 66 66 66 66
0x00007cf8bf0aef17:   2e 0f 1f 84 00 00 00 00 00 48 8d 94 24 90 00 00
0x00007cf8bf0aef27:   00 e8 a3 17 fd ff 48 8b 84 24 10 01 00 00 48 83
0x00007cf8bf0aef37:   c0 08 48 3b 84 24 20 01 00 00 0f 84 a9 0a 00 00
0x00007cf8bf0aef47:   48 89 84 24 10 01 00 00 48 8b 30 4c 89 ac 24 90
0x00007cf8bf0aef57:   00 00 00 48 8d 84 24 50 01 00 00 48 89 84 24 98
0x00007cf8bf0aef67:   00 00 00 48 8d 44 24 60 48 89 84 24 a0 00 00 00
0x00007cf8bf0aef77:   48 8d 84 24 48 01 00 00 48 89 84 24 a8 00 00 00
0x00007cf8bf0aef87:   48 8d 84 24 40 01 00 00 48 89 84 24 b0 00 00 00
0x00007cf8bf0aef97:   48 8d 84 24 1f 01 00 00 48 89 84 24 b8 00 00 00
0x00007cf8bf0aefa7:   48 8d 84 24 28 01 00 00 48 89 84 24 c0 00 00 00
0x00007cf8bf0aefb7:   48 8d 44 24 18 48 89 84 24 c8 00 00 00 8b 46 08
0x00007cf8bf0aefc7:   48 8b 15 ca 36 15 00 48 8b 0d cb 36 15 00 48 d3
0x00007cf8bf0aefd7:   e0 48 8d 3c 10 8b 44 10 0c 48 8d 0d c1 cb dc ff
0x00007cf8bf0aefe7:   48 63 04 81 48 01 c8 ff e0 48 89 74 24 10 48 89
0x00007cf8bf0aeff7:   bc 24 78 01 00 00 48 63 87 28 01 00 00 48 85 c0
0x00007cf8bf0af007:   0f 84 5e 07 00 00 48 8b 94 24 78 01 00 00 48 63
0x00007cf8bf0af017:   8a ac 00 00 00 48 8d 0c ca 48 63 92 2c 01 00 00
0x00007cf8bf0af027:   48 8d 34 d1 48 8d 1c d1 48 81 c3 d8 01 00 00 48
0x00007cf8bf0af037:   8d 04 c6 48 05 d8 01 00 00 48 89 44 24 08 eb 18
0x00007cf8bf0af047:   66 0f 1f 84 00 00 00 00 00 48 83 c3 08 48 3b 5c
0x00007cf8bf0af057:   24 08 0f 84 0c 07 00 00 44 8b 63 04 4d 85 e4 74
0x00007cf8bf0af067:   e8 4c 63 2b 4c 03 6c 24 10 45 31 ff eb 24 66 66
0x00007cf8bf0af077:   2e 0f 1f 84 00 00 00 00 00 48 8b 44 24 20 4a 89
0x00007cf8bf0af087:   2c f0 49 ff c6 4c 89 74 24 28 49 ff c7 4d 39 e7
0x00007cf8bf0af097:   74 b7 4a 8d 34 bd 00 00 00 00 4c 01 ee 48 89 f0
0x00007cf8bf0af0a7:   48 b9 ff ff ff ff ff ff ff 7f 48 21 c8 48 89 c1
0x00007cf8bf0af0b7:   48 2b 0d 72 27 15 00 48 89 cf 48 c1 ef 0c 48 3b
0x00007cf8bf0af0c7:   bc 24 50 01 00 00 75 31 48 8b 4c 24 60 48 8b 94
0x00007cf8bf0af0d7:   24 48 01 00 00 48 29 d0 8b 2c 01 48 85 ed 74 aa 


Stack slot to memory mapping:

stack at sp + 0 slots: 
[error occurred during error reporting (inspecting top of stack), id 0xe0000000, Internal Error (/mydata/mmtk-openjdk/openjdk/share/mmtkHeap.cpp:444)]
stack at sp + 1 slots: 
[error occurred during error reporting (inspecting top of stack, attempt 2), id 0xe0000000, Internal Error (/mydata/mmtk-openjdk/openjdk/share/mmtkHeap.cpp:444)]
stack at sp + 2 slots: 
[error occurred during error reporting (inspecting top of stack, attempt 3), id 0xe0000000, Internal Error (/mydata/mmtk-openjdk/openjdk/share/mmtkHeap.cpp:444)]

---------------  P R O C E S S  ---------------

Threads class SMR info:
_java_thread_list=0x0000704ad80ae5e0, length=56, elements={
0x00007cf8b802b240, 0x00007cf8b85267d0, 0x00007cf8b8528060, 0x00007cf8b8529b70,
0x00007cf8b85483a0, 0x00007cf8b8549cf0, 0x00007cf8b854b5b0, 0x00007cf8b854d3f0,
0x00007cf8b8556dc0, 0x0000704afc0458d0, 0x00007cf8b85a5ed0, 0x00007cf8b85a8ee0,
0x0000704afc05c160, 0x0000704af002f900, 0x0000704af0039140, 0x0000704af003a780,
0x0000704aec03ab40, 0x00007cf8b8790ae0, 0x00007cf8b87c8860, 0x00007cf8b87c9690,
0x00007cf8b87cab10, 0x00007cf8b87cbee0, 0x00007cf8b87cd2b0, 0x00007cf8b87ce820,
0x00007cf8b87cfd90, 0x00007cf8b87d1160, 0x00007cf8b87d2610, 0x00007cf8b87d3ba0,
0x00007cf8b87d5130, 0x00007cf8b87d65e0, 0x00007cf8b87d7a90, 0x00007cf8b83e1200,
0x00007cf8b83e2220, 0x00007cf8b83e3a60, 0x00007cf8b8789390, 0x00007cf8b878a7b0,
0x00007cf8b878bd00, 0x00007cf8b878d2e0, 0x00007cf8b878e8c0, 0x00007cf8b878fd60,
0x00007cf8b85c1a00, 0x00007cf8b85c31e0, 0x00007cf8b85c4a70, 0x00007cf8b85c6300,
0x00007cf8b85c7b90, 0x00007cf8b85e0d20, 0x00007cf8b85e2730, 0x00007cf8b85e3fc0,
0x00007cf8b85e5850, 0x0000704ad8053fd0, 0x0000704af00d7430, 0x0000704ae404be90,
0x0000704ad80ab2b0, 0x0000704ae0073ce0, 0x0000704ae0075370, 0x0000704ad80ad100
}

Java Threads: ( => current thread )
  0x00007cf8b802b240 JavaThread "main"                              [_thread_blocked, id=312255, stack(0x00007cf8bf217000,0x00007cf8bf317000) (1024K)]
  0x00007cf8b85267d0 JavaThread "Reference Handler"          daemon [_thread_blocked, id=312260, stack(0x00007cf8bdf42000,0x00007cf8be042000) (1024K)]
  0x00007cf8b8528060 JavaThread "Finalizer"                  daemon [_thread_blocked, id=312261, stack(0x00007cf8bdb00000,0x00007cf8bdc00000) (1024K)]
  0x00007cf8b8529b70 JavaThread "MMTk Finalizer Thread"      daemon [_thread_blocked, id=312262, stack(0x00007cf8bda00000,0x00007cf8bdb00000) (1024K)]
  0x00007cf8b85483a0 JavaThread "Signal Dispatcher"          daemon [_thread_blocked, id=312286, stack(0x00007cf8bc1e9000,0x00007cf8bc2e9000) (1024K)]
  0x00007cf8b8549cf0 JavaThread "Service Thread"             daemon [_thread_blocked, id=312287, stack(0x00007cf8bc0e9000,0x00007cf8bc1e9000) (1024K)]
  0x00007cf8b854b5b0 JavaThread "Monitor Deflation Thread"   daemon [_thread_blocked, id=312288, stack(0x00007cf8806ff000,0x00007cf8807ff000) (1024K)]
  0x00007cf8b854d3f0 JavaThread "C2 CompilerThread0"         daemon [_thread_blocked, id=312289, stack(0x00007cf8805ff000,0x00007cf8806ff000) (1024K)]
  0x00007cf8b8556dc0 JavaThread "C1 CompilerThread0"         daemon [_thread_blocked, id=312290, stack(0x00007cf8804ff000,0x00007cf8805ff000) (1024K)]
  0x0000704afc0458d0 JavaThread "C1 CompilerThread1"         daemon [_thread_blocked, id=312291, stack(0x0000704bcc2fc000,0x0000704bcc3fc000) (1024K)]
  0x00007cf8b85a5ed0 JavaThread "Notification Thread"        daemon [_thread_blocked, id=312292, stack(0x0000704bc9100000,0x0000704bc9200000) (1024K)]
  0x00007cf8b85a8ee0 JavaThread "Common-Cleaner"             daemon [_thread_blocked, id=312293, stack(0x0000704bc9000000,0x0000704bc9100000) (1024K)]
  0x0000704afc05c160 JavaThread "C2 CompilerThread1"         daemon [_thread_blocked, id=312294, stack(0x0000704bc8f00000,0x0000704bc9000000) (1024K)]
  0x0000704af002f900 JavaThread "C1 CompilerThread2"         daemon [_thread_blocked, id=312295, stack(0x0000704bc8e00000,0x0000704bc8f00000) (1024K)]
  0x0000704af0039140 JavaThread "C1 CompilerThread3"         daemon [_thread_blocked, id=312296, stack(0x0000704bc8d00000,0x0000704bc8e00000) (1024K)]
  0x0000704af003a780 JavaThread "C1 CompilerThread4"         daemon [_thread_blocked, id=312297, stack(0x0000704bc8c00000,0x0000704bc8d00000) (1024K)]
  0x0000704aec03ab40 JavaThread "C2 CompilerThread2"         daemon [_thread_blocked, id=312298, stack(0x0000704bc8b00000,0x0000704bc8c00000) (1024K)]
  0x00007cf8b8790ae0 JavaThread "Thread-0"                          [_thread_blocked, id=312299, stack(0x0000704bc8a00000,0x0000704bc8b00000) (1024K)]
  0x00007cf8b87c8860 JavaThread "Thread-1"                          [_thread_blocked, id=312300, stack(0x0000704bc8900000,0x0000704bc8a00000) (1024K)]
  0x00007cf8b87c9690 JavaThread "Thread-2"                          [_thread_blocked, id=312301, stack(0x0000704bc8800000,0x0000704bc8900000) (1024K)]
  0x00007cf8b87cab10 JavaThread "Thread-3"                          [_thread_blocked, id=312302, stack(0x0000704bc8700000,0x0000704bc8800000) (1024K)]
  0x00007cf8b87cbee0 JavaThread "Thread-4"                          [_thread_blocked, id=312303, stack(0x0000704bc8600000,0x0000704bc8700000) (1024K)]
  0x00007cf8b87cd2b0 JavaThread "Thread-5"                          [_thread_blocked, id=312304, stack(0x0000704bc8500000,0x0000704bc8600000) (1024K)]
  0x00007cf8b87ce820 JavaThread "Thread-6"                          [_thread_blocked, id=312305, stack(0x0000704bc8400000,0x0000704bc8500000) (1024K)]
  0x00007cf8b87cfd90 JavaThread "Thread-7"                          [_thread_blocked, id=312306, stack(0x0000704bc8300000,0x0000704bc8400000) (1024K)]
  0x00007cf8b87d1160 JavaThread "Thread-8"                          [_thread_blocked, id=312307, stack(0x0000704bc8200000,0x0000704bc8300000) (1024K)]
  0x00007cf8b87d2610 JavaThread "Thread-9"                          [_thread_blocked, id=312308, stack(0x0000704bc8100000,0x0000704bc8200000) (1024K)]
  0x00007cf8b87d3ba0 JavaThread "Thread-10"                         [_thread_blocked, id=312309, stack(0x0000704bc8000000,0x0000704bc8100000) (1024K)]
  0x00007cf8b87d5130 JavaThread "Thread-11"                         [_thread_blocked, id=312310, stack(0x0000704b82f00000,0x0000704b83000000) (1024K)]
  0x00007cf8b87d65e0 JavaThread "Thread-12"                         [_thread_blocked, id=312311, stack(0x0000704b82e00000,0x0000704b82f00000) (1024K)]
  0x00007cf8b87d7a90 JavaThread "Thread-13"                         [_thread_blocked, id=312312, stack(0x0000704b82d00000,0x0000704b82e00000) (1024K)]
  0x00007cf8b83e1200 JavaThread "Thread-14"                         [_thread_blocked, id=312313, stack(0x0000704b82c00000,0x0000704b82d00000) (1024K)]
  0x00007cf8b83e2220 JavaThread "Thread-15"                         [_thread_blocked, id=312314, stack(0x0000704b82b00000,0x0000704b82c00000) (1024K)]
  0x00007cf8b83e3a60 JavaThread "Thread-16"                         [_thread_blocked, id=312315, stack(0x0000704b82a00000,0x0000704b82b00000) (1024K)]
  0x00007cf8b8789390 JavaThread "Thread-17"                         [_thread_blocked, id=312316, stack(0x0000704b82900000,0x0000704b82a00000) (1024K)]
  0x00007cf8b878a7b0 JavaThread "Thread-18"                         [_thread_blocked, id=312317, stack(0x0000704b82800000,0x0000704b82900000) (1024K)]
  0x00007cf8b878bd00 JavaThread "Thread-19"                         [_thread_blocked, id=312318, stack(0x0000704b82700000,0x0000704b82800000) (1024K)]
  0x00007cf8b878d2e0 JavaThread "Thread-20"                         [_thread_blocked, id=312319, stack(0x0000704b82600000,0x0000704b82700000) (1024K)]
  0x00007cf8b878e8c0 JavaThread "Thread-21"                         [_thread_blocked, id=312320, stack(0x0000704b82500000,0x0000704b82600000) (1024K)]
  0x00007cf8b878fd60 JavaThread "Thread-22"                         [_thread_blocked, id=312321, stack(0x0000704b82400000,0x0000704b82500000) (1024K)]
  0x00007cf8b85c1a00 JavaThread "Thread-23"                         [_thread_blocked, id=312322, stack(0x0000704b82300000,0x0000704b82400000) (1024K)]
  0x00007cf8b85c31e0 JavaThread "Thread-24"                         [_thread_blocked, id=312323, stack(0x0000704b82200000,0x0000704b82300000) (1024K)]
  0x00007cf8b85c4a70 JavaThread "Thread-25"                         [_thread_blocked, id=312324, stack(0x0000704b82100000,0x0000704b82200000) (1024K)]
  0x00007cf8b85c6300 JavaThread "Thread-26"                         [_thread_blocked, id=312325, stack(0x0000704b82000000,0x0000704b82100000) (1024K)]
  0x00007cf8b85c7b90 JavaThread "Thread-27"                         [_thread_blocked, id=312326, stack(0x0000704b81f00000,0x0000704b82000000) (1024K)]
  0x00007cf8b85e0d20 JavaThread "Thread-28"                         [_thread_blocked, id=312327, stack(0x0000704b81e00000,0x0000704b81f00000) (1024K)]
  0x00007cf8b85e2730 JavaThread "Thread-29"                         [_thread_blocked, id=312328, stack(0x0000704b81d00000,0x0000704b81e00000) (1024K)]
  0x00007cf8b85e3fc0 JavaThread "Thread-30"                         [_thread_blocked, id=312329, stack(0x0000704b81c00000,0x0000704b81d00000) (1024K)]
  0x00007cf8b85e5850 JavaThread "Thread-31"                         [_thread_blocked, id=312330, stack(0x0000704b81b00000,0x0000704b81c00000) (1024K)]
  0x0000704ad8053fd0 JavaThread "C2 CompilerThread3"         daemon [_thread_blocked, id=312331, stack(0x0000704b81a00000,0x0000704b81b00000) (1024K)]
  0x0000704af00d7430 JavaThread "C2 CompilerThread4"         daemon [_thread_in_native, id=312332, stack(0x0000704b81900000,0x0000704b81a00000) (1024K)]
  0x0000704ae404be90 JavaThread "C2 CompilerThread5"         daemon [_thread_blocked, id=312333, stack(0x0000704b81800000,0x0000704b81900000) (1024K)]
  0x0000704ad80ab2b0 JavaThread "C2 CompilerThread6"         daemon [_thread_blocked, id=312334, stack(0x0000704b81700000,0x0000704b81800000) (1024K)]
  0x0000704ae0073ce0 JavaThread "C2 CompilerThread7"         daemon [_thread_blocked, id=312335, stack(0x0000704b81600000,0x0000704b81700000) (1024K)]
  0x0000704ae0075370 JavaThread "C2 CompilerThread8"         daemon [_thread_blocked, id=312336, stack(0x0000704b81500000,0x0000704b81600000) (1024K)]
  0x0000704ad80ad100 JavaThread "C2 CompilerThread9"         daemon [_thread_blocked, id=312337, stack(0x0000704b81400000,0x0000704b81500000) (1024K)]
Total: 56

Other Threads:
  0x00007cf8b851b320 VMThread "VM Thread"                           [id=312259, stack(0x00007cf8be043000,0x00007cf8be143000) (1024K)]
  0x00007cf8b8508f50 WatcherThread "VM Periodic Task Thread"        [id=312258, stack(0x00007cf8be144000,0x00007cf8be244000) (1024K)]

=>0x00007cf8b8538180 (exited) NamedThread "MMTk Collector Thread"   [id=312272, stack(0x00007cf8bcff7000,0x00007cf8bd0f7000) (1024K)]
Total: 3

Threads with active compile tasks:
C2 CompilerThread0  3090 2774 % !   4       org.apache.xerces.impl.XMLDocumentFragmentScannerImpl$FragmentContentDispatcher::dispatch @ 145 (1118 bytes)
C2 CompilerThread1  3090 2134       4       org.apache.xalan.templates.TemplateList::getHead (200 bytes)
C2 CompilerThread2  3090 2940 %     4       java.util.HashMap::putMapEntries @ 110 (170 bytes)
C2 CompilerThread3  3090 2660       4       org.apache.xml.dtm.ref.DTMDefaultBase::pushShouldStripWhitespace (23 bytes)
C2 CompilerThread4  3090 2353   !   4       org.apache.xalan.templates.ElemApplyTemplates::transformSelectedNodes (979 bytes)
C2 CompilerThread5  3090 2269       4       org.apache.xalan.templates.StylesheetRoot::getWhiteSpaceInfo (26 bytes)
C2 CompilerThread6  3090 2624   !   4       org.apache.xpath.XPath::bool (202 bytes)
C2 CompilerThread7  3090 2120       4       java.io.OutputStreamWriter::write (11 bytes)
C2 CompilerThread8  3090 2470       4       org.apache.xml.serializer.ToStream::startPrefixMapping (128 bytes)
C2 CompilerThread9  3090 2468   !   4       org.apache.xalan.templates.ElemLiteralResult::execute (312 bytes)
Total: 10

VM state: at safepoint (normal execution)

VM Mutex/Monitor currently owned by a thread:  ([mutex/lock_event])
[0x00007cf8c09580d0] Threads_lock - owner thread: 0x00007cf8b851b320
[0x00007cf8c0957fd0] Heap_lock - owner thread: 0x00007cf8b83e4860

Heap address: 0x0000000040000000, size: 3072 MB, Compressed Oops mode: 32-bit

CDS archive(s) mapped at: [0x0000704b83000000-0x0000704b83ca3000-0x0000704b83ca3000), size 13250560, SharedBaseAddress: 0x0000704b83000000, ArchiveRelocationMode: 1.
Compressed class space mapped at: 0x0000704b84000000-0x0000704bc4000000, reserved size: 1073741824
Narrow klass base: 0x0000704b83000000, Narrow klass shift: 0, Narrow klass range: 0x100000000

GC Precious Log:
<Empty>

Heap:

[error occurred during error reporting (printing heap information), id 0xe0000000, Internal Error (/mydata/mmtk-openjdk/openjdk/share/mmtkHeap.cpp:424)]
Metaspace:

Usage:
  Non-class:      7.02 MB used.
      Class:    966.61 KB used.
       Both:      7.96 MB used.

Virtual space:
  Non-class space:       64.00 MB reserved,       7.12 MB ( 11%) committed,  1 nodes.
      Class space:        1.00 GB reserved,       1.06 MB ( <1%) committed,  1 nodes.
             Both:        1.06 GB reserved,       8.19 MB ( <1%) committed. 

Chunk freelists:
   Non-Class:  7.34 MB
       Class:  14.99 MB
        Both:  22.34 MB

MaxMetaspaceSize: unlimited
CompressedClassSpaceSize: 1.00 GB
Initial GC threshold: 21.00 MB
Current GC threshold: 21.00 MB
CDS: on
 - commit_granule_bytes: 65536.
 - commit_granule_words: 8192.
 - virtual_space_node_default_size: 8388608.
 - enlarge_chunks_in_place: 1.
 - use_allocation_guard: 0.


Internal statistics:

num_allocs_failed_limit: 0.
num_arena_births: 122.
num_arena_deaths: 0.
num_vsnodes_births: 2.
num_vsnodes_deaths: 0.
num_space_committed: 131.
num_space_uncommitted: 0.
num_chunks_returned_to_freelist: 0.
num_chunks_taken_from_freelist: 365.
num_chunk_merges: 0.
num_chunk_splits: 258.
num_chunks_enlarged: 206.
num_inconsistent_stats: 0.

CodeHeap 'non-profiled nmethods': size=118880Kb used=1452Kb max_used=1452Kb free=117428Kb
 bounds [0x00007cf8a83e8000, 0x00007cf8a8658000, 0x00007cf8af800000]
CodeHeap 'profiled nmethods': size=118876Kb used=6418Kb max_used=6418Kb free=112458Kb
 bounds [0x00007cf8a0800000, 0x00007cf8a0e50000, 0x00007cf8a7c17000]
CodeHeap 'non-nmethods': size=8004Kb used=3564Kb max_used=3677Kb free=4439Kb
 bounds [0x00007cf8a7c17000, 0x00007cf8a7fb7000, 0x00007cf8a83e8000]
CodeCache: size=245760Kb, used=11434Kb, max_used=11547Kb, free=234325Kb
 total_blobs=3357, nmethods=2873, adapters=381, full_count=0
Compilation: enabled, stopped_count=0, restarted_count=0

Compilation events (20 events):
Event: 3.056 Thread 0x0000704af0039140 nmethod 2912 0x00007cf8a0e38490 code [0x00007cf8a0e38b60, 0x00007cf8a0e3c8b8]
Event: 3.057 Thread 0x00007cf8b8556dc0 nmethod 2946 0x00007cf8a0e3eb10 code [0x00007cf8a0e3ece0, 0x00007cf8a0e3f010]
Event: 3.057 Thread 0x0000704aec03ab40 nmethod 2524 0x00007cf8a853af10 code [0x00007cf8a853b200, 0x00007cf8a853c238]
Event: 3.057 Thread 0x0000704aec03ab40 2940 %     4       java.util.HashMap::putMapEntries @ 110 (170 bytes)
Event: 3.057 Thread 0x0000704af003a780 nmethod 2939 0x00007cf8a0e3f210 code [0x00007cf8a0e3f7a0, 0x00007cf8a0e41ca8]
Event: 3.080 Thread 0x0000704ad80ab2b0 nmethod 2936 0x00007cf8a853d210 code [0x00007cf8a853d3e0, 0x00007cf8a853dba8]
Event: 3.080 Thread 0x0000704ad80ab2b0 2624   !   4       org.apache.xpath.XPath::bool (202 bytes)
Event: 3.082 Thread 0x0000704ad8053fd0 nmethod 2882 0x00007cf8a853df10 code [0x00007cf8a853e2a0, 0x00007cf8a853fb30]
Event: 3.082 Thread 0x0000704afc05c160 nmethod 2266 0x00007cf8a8540e10 code [0x00007cf8a8541100, 0x00007cf8a85425d8]
Event: 3.082 Thread 0x0000704ad8053fd0 2650       4       org.apache.xpath.NodeSetDTM::runTo (55 bytes)
Event: 3.082 Thread 0x0000704afc05c160 2134       4       org.apache.xalan.templates.TemplateList::getHead (200 bytes)
Event: 3.082 Thread 0x0000704ae404be90 nmethod 2467 0x00007cf8a8543510 code [0x00007cf8a8543a20, 0x00007cf8a8546418]
Event: 3.082 Thread 0x0000704af0039140 2947       2       org.apache.xerces.impl.XMLEntityManager$CharacterBufferPool::returnToPool (73 bytes)
Event: 3.083 Thread 0x0000704ad8053fd0 nmethod 2650 0x00007cf8a8548210 code [0x00007cf8a85483a0, 0x00007cf8a8548480]
Event: 3.083 Thread 0x0000704af0039140 nmethod 2947 0x00007cf8a0e44190 code [0x00007cf8a0e44340, 0x00007cf8a0e44688]
Event: 3.083 Thread 0x0000704ad8053fd0 2660       4       org.apache.xml.dtm.ref.DTMDefaultBase::pushShouldStripWhitespace (23 bytes)
Event: 3.083 Thread 0x0000704ae0073ce0 nmethod 2469 0x00007cf8a8548510 code [0x00007cf8a8548a40, 0x00007cf8a854b8d0]
Event: 3.083 Thread 0x0000704ae404be90 2269       4       org.apache.xalan.templates.StylesheetRoot::getWhiteSpaceInfo (26 bytes)
Event: 3.083 Thread 0x0000704ae0075370 nmethod 2470 0x00007cf8a854da90 code [0x00007cf8a854dfc0, 0x00007cf8a8550e68]
Event: 3.083 Thread 0x0000704ae0073ce0 2120       4       java.io.OutputStreamWriter::write (11 bytes)

GC Heap History (0 events):
No events

Dll operation events (7 events):
Event: 0.001 Loaded shared library /mydata/openjdk-mmtk/build/b0test/images/jdk/lib/libjava.so
Event: 2.261 Loaded shared library /mydata/openjdk-mmtk/build/b0test/images/jdk/lib/libjsvml.so
Event: 2.274 Loaded shared library /mydata/openjdk-mmtk/build/b0test/images/jdk/lib/libnio.so
Event: 2.278 Loaded shared library /mydata/openjdk-mmtk/build/b0test/images/jdk/lib/libzip.so
Event: 2.291 Loaded shared library /mydata/openjdk-mmtk/build/b0test/images/jdk/lib/libjimage.so
Event: 2.318 Loaded shared library /mydata/openjdk-mmtk/build/b0test/images/jdk/lib/libnet.so
Event: 2.418 Loaded shared library /mydata/openjdk-mmtk/build/b0test/images/jdk/lib/libverify.so

Deoptimization events (20 events):
Event: 2.916 Thread 0x00007cf8b87cfd90 DEOPT PACKING pc=0x00007cf8a84e9f88 sp=0x0000704bc83fbe10
Event: 2.916 Thread 0x00007cf8b85c31e0 DEOPT UNPACKING pc=0x00007cf8a7c6a899 sp=0x0000704b822fc150 mode 2
Event: 2.916 Thread 0x00007cf8b85c7b90 DEOPT PACKING pc=0x00007cf8a84e9f88 sp=0x0000704b81ffc180
Event: 2.916 Thread 0x00007cf8b85c4a70 DEOPT UNPACKING pc=0x00007cf8a7c6a899 sp=0x0000704b821fbe50 mode 2
Event: 2.916 Thread 0x00007cf8b85e3fc0 DEOPT PACKING pc=0x00007cf8a84e9f88 sp=0x0000704b81cfc180
Event: 2.916 Thread 0x00007cf8b87d5130 DEOPT UNPACKING pc=0x00007cf8a7c6a899 sp=0x0000704b82ffbfb0 mode 2
Event: 2.916 Thread 0x00007cf8b85c7b90 DEOPT UNPACKING pc=0x00007cf8a7c6a899 sp=0x0000704b81ffc140 mode 2
Event: 2.916 Thread 0x00007cf8b85e3fc0 DEOPT UNPACKING pc=0x00007cf8a7c6a899 sp=0x0000704b81cfc140 mode 2
Event: 2.916 Thread 0x00007cf8b87cfd90 DEOPT UNPACKING pc=0x00007cf8a7c6a899 sp=0x0000704bc83fbdd0 mode 2
Event: 2.916 Thread 0x00007cf8b87c8860 DEOPT PACKING pc=0x00007cf8a84e9f88 sp=0x0000704bc89fc8c0
Event: 2.916 Thread 0x00007cf8b87c8860 DEOPT UNPACKING pc=0x00007cf8a7c6a899 sp=0x0000704bc89fc880 mode 2
Event: 2.916 Thread 0x00007cf8b878a7b0 Uncommon trap: reason=loop_limit_check action=maybe_recompile pc=0x00007cf8a84e9f88 method=org.apache.xml.dtm.ref.DTMDefaultBase.getFirstAttributeIdentity(I)I @ 19 c2
Event: 2.919 Thread 0x00007cf8b878a7b0 DEOPT PACKING pc=0x00007cf8a84e9f88 sp=0x0000704b828fbf40
Event: 2.919 Thread 0x00007cf8b878a7b0 DEOPT UNPACKING pc=0x00007cf8a7c6a899 sp=0x0000704b828fbf00 mode 2
Event: 2.923 Thread 0x00007cf8b87cd2b0 Uncommon trap: trap_request=0xffffff6e fr.pc=0x00007cf8a84f3d7c relative=0x0000000000002f7c
Event: 2.923 Thread 0x00007cf8b87cd2b0 Uncommon trap: reason=loop_limit_check action=maybe_recompile pc=0x00007cf8a84f3d7c method=org.apache.xerces.parsers.AbstractSAXParser.startElement(Lorg/apache/xerces/xni/QName;Lorg/apache/xerces/xni/XMLAttributes;Lorg/apache/xerces/xni/Augmentations;)V @
Event: 2.923 Thread 0x00007cf8b87cd2b0 DEOPT PACKING pc=0x00007cf8a84f3d7c sp=0x0000704bc85fe300
Event: 2.923 Thread 0x00007cf8b87cd2b0 DEOPT UNPACKING pc=0x00007cf8a7c6a899 sp=0x0000704bc85fe248 mode 2
Event: 3.053 Thread 0x00007cf8b85e5850 DEOPT PACKING pc=0x00007cf8a0da2d80 sp=0x0000704b81bfe4b0
Event: 3.053 Thread 0x00007cf8b85e5850 DEOPT UNPACKING pc=0x00007cf8a7c6b02f sp=0x0000704b81bfda90 mode 0

Classes loaded (20 events):
Event: 2.682 Loading class java/util/ResourceBundle$KeyElementReference
Event: 2.682 Loading class java/util/ResourceBundle$CacheKeyReference
Event: 2.682 Loading class java/util/ResourceBundle$CacheKeyReference done
Event: 2.682 Loading class java/util/ResourceBundle$KeyElementReference done
Event: 2.682 Loading class java/util/ResourceBundle$Control$2
Event: 2.683 Loading class java/util/ResourceBundle$Control$2 done
Event: 2.683 Loading class sun/util/PropertyResourceBundleCharset
Event: 2.683 Loading class sun/util/PropertyResourceBundleCharset done
Event: 2.683 Loading class sun/util/PropertyResourceBundleCharset$PropertiesFileDecoder
Event: 2.683 Loading class sun/util/PropertyResourceBundleCharset$PropertiesFileDecoder done
Event: 2.684 Loading class java/util/ResourceBundle$BundleReference
Event: 2.684 Loading class java/util/ResourceBundle$BundleReference done
Event: 2.684 Loading class sun/util/ResourceBundleEnumeration
Event: 2.684 Loading class sun/util/ResourceBundleEnumeration done
Event: 2.690 Loading class sun/nio/cs/ISO_8859_1$Encoder
Event: 2.690 Loading class sun/nio/cs/ISO_8859_1$Encoder done
Event: 2.723 Loading class java/util/ResourceBundle$Control$1
Event: 2.723 Loading class java/util/ResourceBundle$Control$1 done
Event: 2.741 Loading class java/lang/foreign/MemorySegment
Event: 2.742 Loading class java/lang/foreign/MemorySegment done

Classes unloaded (0 events):
No events

Classes redefined (0 events):
No events

Internal exceptions (13 events):
Event: 2.285 Thread 0x00007cf8b802b240 Exception <a 'java/lang/NoSuchMethodError'{0x000000004033c090}: 'java.lang.Object java.lang.invoke.DirectMethodHandle$Holder.newInvokeSpecial(java.lang.Object, int, java.lang.Object)'> (0x000000004033c090) 
thrown [src/hotspot/share/interpreter/linkResolver.cpp, line 772]
Event: 2.294 Thread 0x00007cf8b802b240 Exception <a 'java/lang/NoSuchMethodError'{0x0000000040301e28}: 'void java.lang.invoke.DirectMethodHandle$Holder.invokeStatic(java.lang.Object, java.lang.Object)'> (0x0000000040301e28) 
thrown [src/hotspot/share/interpreter/linkResolver.cpp, line 772]
Event: 2.294 Thread 0x00007cf8b802b240 Exception <a 'java/lang/NoSuchMethodError'{0x0000000040305820}: 'void java.lang.invoke.DirectMethodHandle$Holder.invokeSpecial(java.lang.Object, java.lang.Object, java.lang.Object)'> (0x0000000040305820) 
thrown [src/hotspot/share/interpreter/linkResolver.cpp, line 772]
Event: 2.338 Thread 0x00007cf8b802b240 Exception <a 'java/lang/NoSuchMethodError'{0x00000000401b5c58}: 'void java.lang.invoke.DirectMethodHandle$Holder.invokeVirtual(java.lang.Object, java.lang.Object)'> (0x00000000401b5c58) 
thrown [src/hotspot/share/interpreter/linkResolver.cpp, line 772]
Event: 2.345 Thread 0x00007cf8b802b240 Exception <a 'java/io/FileNotFoundException'{0x0000000040180b58}> (0x0000000040180b58) 
thrown [src/hotspot/share/prims/jni.cpp, line 520]
Event: 2.356 Thread 0x00007cf8b802b240 Exception <a 'java/lang/NoSuchMethodError'{0x00000000401217c8}: 'java.lang.Object java.lang.invoke.Invokers$Holder.invokeExact_MT(java.lang.Object, java.lang.Object, java.lang.Object, java.lang.Object, java.lang.Object)'> (0x00000000401217c8) 
thrown [src/hotspot/share/interpreter/linkResolver.cpp, line 772]
Event: 2.540 Thread 0x00007cf8b802b240 Exception <a 'java/lang/NoSuchMethodError'{0x0000000040eb3668}: 'void java.lang.invoke.DirectMethodHandle$Holder.invokeVirtual(java.lang.Object, java.lang.Object, int)'> (0x0000000040eb3668) 
thrown [src/hotspot/share/interpreter/linkResolver.cpp, line 772]
Event: 2.540 Thread 0x00007cf8b802b240 Exception <a 'java/lang/NoSuchMethodError'{0x0000000040eb7d90}: 'int java.lang.invoke.DirectMethodHandle$Holder.invokeSpecial(java.lang.Object, java.lang.Object, java.lang.Object, int)'> (0x0000000040eb7d90) 
thrown [src/hotspot/share/interpreter/linkResolver.cpp, line 772]
Event: 2.542 Thread 0x00007cf8b802b240 Exception <a 'java/lang/NoSuchMethodError'{0x0000000040e9aa40}: 'java.lang.Object java.lang.invoke.DirectMethodHandle$Holder.invokeStatic(java.lang.Object, java.lang.Object, java.lang.Object, java.lang.Object, int)'> (0x0000000040e9aa40) 
thrown [src/hotspot/share/interpreter/linkResolver.cpp, line 772]
Event: 2.543 Thread 0x00007cf8b802b240 Exception <a 'java/lang/NoSuchMethodError'{0x0000000040e95c48}: 'void java.lang.invoke.DelegatingMethodHandle$Holder.reinvoke_L(java.lang.Object, java.lang.Object, int)'> (0x0000000040e95c48) 
thrown [src/hotspot/share/interpreter/linkResolver.cpp, line 772]
Event: 2.544 Thread 0x00007cf8b802b240 Exception <a 'java/lang/NoSuchMethodError'{0x0000000040e8c5a8}: 'int java.lang.invoke.DirectMethodHandle$Holder.invokeSpecial(java.lang.Object, java.lang.Object, java.lang.Object)'> (0x0000000040e8c5a8) 
thrown [src/hotspot/share/interpreter/linkResolver.cpp, line 772]
Event: 2.613 Thread 0x00007cf8b802b240 Exception <a 'java/lang/NoSuchMethodError'{0x00000000413b6210}: 'void java.lang.invoke.DelegatingMethodHandle$Holder.reinvoke_L(java.lang.Object, java.lang.Object, int, int)'> (0x00000000413b6210) 
thrown [src/hotspot/share/interpreter/linkResolver.cpp, line 772]
Event: 2.680 Thread 0x00007cf8b878d2e0 Exception <a 'java/lang/NoSuchMethodError'{0x00000000408eecc0}: 'java.lang.Object java.lang.invoke.DirectMethodHandle$Holder.invokeInterface(java.lang.Object, java.lang.Object)'> (0x00000000408eecc0) 
thrown [src/hotspot/share/interpreter/linkResolver.cpp, line 772]

ZGC Phase Switch (0 events):
No events

VM Operations (20 events):
Event: 2.796 Executing VM operation: ICBufferFull done
Event: 2.798 Executing VM operation: ICBufferFull
Event: 2.798 Executing VM operation: ICBufferFull done
Event: 2.801 Executing VM operation: ICBufferFull
Event: 2.801 Executing VM operation: ICBufferFull done
Event: 2.802 Executing VM operation: ICBufferFull
Event: 2.805 Executing VM operation: ICBufferFull done
Event: 2.810 Executing VM operation: ICBufferFull
Event: 2.811 Executing VM operation: ICBufferFull done
Event: 2.811 Executing VM operation: ICBufferFull
Event: 2.811 Executing VM operation: ICBufferFull done
Event: 2.811 Executing VM operation: ICBufferFull
Event: 2.812 Executing VM operation: ICBufferFull done
Event: 2.816 Executing VM operation: ICBufferFull
Event: 2.819 Executing VM operation: ICBufferFull done
Event: 3.015 Executing VM operation: ICBufferFull
Event: 3.015 Executing VM operation: ICBufferFull done
Event: 3.058 Executing VM operation: ThirdPartyHeapOperation
Event: 3.080 Executing VM operation: ThirdPartyHeapOperation done
Event: 3.083 Executing VM operation: ThirdPartyHeapOperation

Memory protections (20 events):
Event: 2.649 Protecting memory [0x0000704b82700000,0x0000704b82704000] with protection modes 0
Event: 2.649 Protecting memory [0x0000704b82600000,0x0000704b82604000] with protection modes 0
Event: 2.649 Protecting memory [0x0000704b82500000,0x0000704b82504000] with protection modes 0
Event: 2.649 Protecting memory [0x0000704b82400000,0x0000704b82404000] with protection modes 0
Event: 2.650 Protecting memory [0x0000704b82300000,0x0000704b82304000] with protection modes 0
Event: 2.650 Protecting memory [0x0000704b82200000,0x0000704b82204000] with protection modes 0
Event: 2.650 Protecting memory [0x0000704b82100000,0x0000704b82104000] with protection modes 0
Event: 2.650 Protecting memory [0x0000704b82000000,0x0000704b82004000] with protection modes 0
Event: 2.650 Protecting memory [0x0000704b81f00000,0x0000704b81f04000] with protection modes 0
Event: 2.650 Protecting memory [0x0000704b81e00000,0x0000704b81e04000] with protection modes 0
Event: 2.650 Protecting memory [0x0000704b81d00000,0x0000704b81d04000] with protection modes 0
Event: 2.650 Protecting memory [0x0000704b81c00000,0x0000704b81c04000] with protection modes 0
Event: 2.650 Protecting memory [0x0000704b81b00000,0x0000704b81b04000] with protection modes 0
Event: 2.694 Protecting memory [0x0000704b81a00000,0x0000704b81a04000] with protection modes 0
Event: 2.707 Protecting memory [0x0000704b81900000,0x0000704b81904000] with protection modes 0
Event: 2.708 Protecting memory [0x0000704b81800000,0x0000704b81804000] with protection modes 0
Event: 2.748 Protecting memory [0x0000704b81700000,0x0000704b81704000] with protection modes 0
Event: 2.751 Protecting memory [0x0000704b81600000,0x0000704b81604000] with protection modes 0
Event: 2.752 Protecting memory [0x0000704b81500000,0x0000704b81504000] with protection modes 0
Event: 2.754 Protecting memory [0x0000704b81400000,0x0000704b81404000] with protection modes 0

Nmethod flushes (0 events):
No events

Events (20 events):
Event: 2.649 Thread 0x00007cf8b802b240 Thread added: 0x00007cf8b878bd00
Event: 2.649 Thread 0x00007cf8b802b240 Thread added: 0x00007cf8b878d2e0
Event: 2.649 Thread 0x00007cf8b802b240 Thread added: 0x00007cf8b878e8c0
Event: 2.649 Thread 0x00007cf8b802b240 Thread added: 0x00007cf8b878fd60
Event: 2.650 Thread 0x00007cf8b802b240 Thread added: 0x00007cf8b85c1a00
Event: 2.650 Thread 0x00007cf8b802b240 Thread added: 0x00007cf8b85c31e0
Event: 2.650 Thread 0x00007cf8b802b240 Thread added: 0x00007cf8b85c4a70
Event: 2.650 Thread 0x00007cf8b802b240 Thread added: 0x00007cf8b85c6300
Event: 2.650 Thread 0x00007cf8b802b240 Thread added: 0x00007cf8b85c7b90
Event: 2.650 Thread 0x00007cf8b802b240 Thread added: 0x00007cf8b85e0d20
Event: 2.650 Thread 0x00007cf8b802b240 Thread added: 0x00007cf8b85e2730
Event: 2.650 Thread 0x00007cf8b802b240 Thread added: 0x00007cf8b85e3fc0
Event: 2.650 Thread 0x00007cf8b802b240 Thread added: 0x00007cf8b85e5850
Event: 2.694 Thread 0x0000704af003a780 Thread added: 0x0000704ad8053fd0
Event: 2.707 Thread 0x0000704afc0458d0 Thread added: 0x0000704af00d7430
Event: 2.708 Thread 0x0000704af0039140 Thread added: 0x0000704ae404be90
Event: 2.748 Thread 0x0000704af003a780 Thread added: 0x0000704ad80ab2b0
Event: 2.751 Thread 0x0000704af002f900 Thread added: 0x0000704ae0073ce0
Event: 2.751 Thread 0x0000704af002f900 Thread added: 0x0000704ae0075370
Event: 2.754 Thread 0x0000704af003a780 Thread added: 0x0000704ad80ad100


Dynamic libraries:
40000000-40400000 rw-p 00000000 00:00 0                                  [anon:mmtk:space:immix]
40400000-40800000 rw-p 00000000 00:00 0                                  [anon:mmtk:space:los]
40800000-41400000 rw-p 00000000 00:00 0                                  [anon:mmtk:space:immix]
41400000-41c00000 rw-p 00000000 00:00 0                                  [anon:mmtk:space:los]
41c00000-42400000 rw-p 00000000 00:00 0                                  [anon:mmtk:space:immix]
42400000-42800000 rw-p 00000000 00:00 0                                  [anon:mmtk:space:los]
42800000-43000000 rw-p 00000000 00:00 0                                  [anon:mmtk:space:immix]
43000000-43400000 rw-p 00000000 00:00 0                                  [anon:mmtk:space:los]
43400000-43800000 rw-p 00000000 00:00 0                                  [anon:mmtk:space:immix]
43800000-43c00000 rw-p 00000000 00:00 0                                  [anon:mmtk:space:los]
43c00000-44400000 rw-p 00000000 00:00 0                                  [anon:mmtk:space:immix]
44400000-44800000 rw-p 00000000 00:00 0                                  [anon:mmtk:space:los]
44800000-45000000 rw-p 00000000 00:00 0                                  [anon:mmtk:space:immix]
45000000-45400000 rw-p 00000000 00:00 0                                  [anon:mmtk:space:los]
45400000-45c00000 rw-p 00000000 00:00 0                                  [anon:mmtk:space:immix]
45c00000-46000000 rw-p 00000000 00:00 0                                  [anon:mmtk:space:los]
46000000-46400000 rw-p 00000000 00:00 0                                  [anon:mmtk:space:immix]
46400000-46800000 rw-p 00000000 00:00 0                                  [anon:mmtk:space:los]
46800000-47000000 rw-p 00000000 00:00 0                                  [anon:mmtk:space:immix]
47000000-47400000 rw-p 00000000 00:00 0                                  [anon:mmtk:space:los]
47400000-47800000 rw-p 00000000 00:00 0                                  [anon:mmtk:space:immix]
47800000-47c00000 rw-p 00000000 00:00 0                                  [anon:mmtk:space:los]
47c00000-48000000 rw-p 00000000 00:00 0                                  [anon:mmtk:space:immix]
48000000-48400000 rw-p 00000000 00:00 0                                  [anon:mmtk:space:los]
48400000-48c00000 rw-p 00000000 00:00 0                                  [anon:mmtk:space:immix]
48c00000-49000000 rw-p 00000000 00:00 0                                  [anon:mmtk:space:los]
49000000-49400000 rw-p 00000000 00:00 0                                  [anon:mmtk:space:immix]
49400000-49800000 rw-p 00000000 00:00 0                                  [anon:mmtk:space:los]
49800000-4a000000 rw-p 00000000 00:00 0                                  [anon:mmtk:space:immix]
4a000000-4a400000 rw-p 00000000 00:00 0                                  [anon:mmtk:space:los]
4a400000-4a800000 rw-p 00000000 00:00 0                                  [anon:mmtk:space:immix]
4a800000-4ac00000 rw-p 00000000 00:00 0                                  [anon:mmtk:space:los]
4ac00000-4b800000 rw-p 00000000 00:00 0                                  [anon:mmtk:space:immix]
4b800000-4bc00000 rw-p 00000000 00:00 0                                  [anon:mmtk:space:los]
4bc00000-4c000000 rw-p 00000000 00:00 0                                  [anon:mmtk:space:immix]
4c000000-4c400000 rw-p 00000000 00:00 0                                  [anon:mmtk:space:los]
4c400000-4c800000 rw-p 00000000 00:00 0                                  [anon:mmtk:space:immix]
4c800000-4cc00000 rw-p 00000000 00:00 0                                  [anon:mmtk:space:los]
4cc00000-4d400000 rw-p 00000000 00:00 0                                  [anon:mmtk:space:immix]
4d400000-4d800000 rw-p 00000000 00:00 0                                  [anon:mmtk:space:los]
4d800000-4e000000 rw-p 00000000 00:00 0                                  [anon:mmtk:space:immix]
4e000000-4e400000 rw-p 00000000 00:00 0                                  [anon:mmtk:space:los]
4e400000-4ec00000 rw-p 00000000 00:00 0                                  [anon:mmtk:space:immix]
4ec00000-4f000000 rw-p 00000000 00:00 0                                  [anon:mmtk:space:los]
4f000000-4f400000 rw-p 00000000 00:00 0                                  [anon:mmtk:space:immix]
4f400000-4f800000 rw-p 00000000 00:00 0                                  [anon:mmtk:space:los]
4f800000-4fc00000 rw-p 00000000 00:00 0                                  [anon:mmtk:space:immix]
4fc00000-50000000 rw-p 00000000 00:00 0                                  [anon:mmtk:space:los]
50000000-50400000 rw-p 00000000 00:00 0                                  [anon:mmtk:space:immix]
200000000000-2000c00c0000 rw-s 00000000 00:10 68                         anon_inode:bpf-map
6492036f4000-6492036f5000 r--p 00000000 fc:00 49676337                   /mydata/openjdk-mmtk/build/b0test/images/jdk/bin/java
6492036f5000-6492036f6000 r-xp 00001000 fc:00 49676337                   /mydata/openjdk-mmtk/build/b0test/images/jdk/bin/java
6492036f6000-6492036f7000 r--p 00002000 fc:00 49676337                   /mydata/openjdk-mmtk/build/b0test/images/jdk/bin/java
6492036f7000-6492036f8000 r--p 00002000 fc:00 49676337                   /mydata/openjdk-mmtk/build/b0test/images/jdk/bin/java
6492036f8000-6492036f9000 rw-p 00003000 fc:00 49676337                   /mydata/openjdk-mmtk/build/b0test/images/jdk/bin/java
649231071000-6492310b9000 rw-p 00000000 00:00 0                          [heap]
704a38000000-704a387e4000 rw-p 00000000 00:00 0 
704a387e4000-704a3c000000 ---p 00000000 00:00 0 
704a40000000-704a405cb000 rw-p 00000000 00:00 0 
704a405cb000-704a44000000 ---p 00000000 00:00 0 
704a44000000-704a4457f000 rw-p 00000000 00:00 0 
704a4457f000-704a48000000 ---p 00000000 00:00 0 
704a48000000-704a48636000 rw-p 00000000 00:00 0 
704a48636000-704a4c000000 ---p 00000000 00:00 0 
704a4c000000-704a4c693000 rw-p 00000000 00:00 0 
704a4c693000-704a50000000 ---p 00000000 00:00 0 
704a50000000-704a50814000 rw-p 00000000 00:00 0 
704a50814000-704a54000000 ---p 00000000 00:00 0 
704a54000000-704a54ceb000 rw-p 00000000 00:00 0 
704a54ceb000-704a58000000 ---p 00000000 00:00 0 
704a58000000-704a58027000 rw-p 00000000 00:00 0 
704a58027000-704a5c000000 ---p 00000000 00:00 0 
704a5c000000-704a5c030000 rw-p 00000000 00:00 0 
704a5c030000-704a60000000 ---p 00000000 00:00 0 
704a60000000-704a60021000 rw-p 00000000 00:00 0 
704a60021000-704a64000000 ---p 00000000 00:00 0 
704a64000000-704a64022000 rw-p 00000000 00:00 0 
704a64022000-704a68000000 ---p 00000000 00:00 0 
704a68000000-704a68029000 rw-p 00000000 00:00 0 
704a68029000-704a6c000000 ---p 00000000 00:00 0 
704a6c000000-704a6c021000 rw-p 00000000 00:00 0 
704a6c021000-704a70000000 ---p 00000000 00:00 0 
704a70000000-704a70032000 rw-p 00000000 00:00 0 
704a70032000-704a74000000 ---p 00000000 00:00 0 
704a74000000-704a74022000 rw-p 00000000 00:00 0 
704a74022000-704a78000000 ---p 00000000 00:00 0 
704a78000000-704a78021000 rw-p 00000000 00:00 0 
704a78021000-704a7c000000 ---p 00000000 00:00 0 
704a7c000000-704a7c021000 rw-p 00000000 00:00 0 
704a7c021000-704a80000000 ---p 00000000 00:00 0 
704a80000000-704a80054000 rw-p 00000000 00:00 0 
704a80054000-704a84000000 ---p 00000000 00:00 0 
704a84000000-704a84021000 rw-p 00000000 00:00 0 
704a84021000-704a88000000 ---p 00000000 00:00 0 
704a88000000-704a88025000 rw-p 00000000 00:00 0 
704a88025000-704a8c000000 ---p 00000000 00:00 0 
704a8c000000-704a8c027000 rw-p 00000000 00:00 0 
704a8c027000-704a90000000 ---p 00000000 00:00 0 
704a90000000-704a9005b000 rw-p 00000000 00:00 0 
704a9005b000-704a94000000 ---p 00000000 00:00 0 
704a94000000-704a9402e000 rw-p 00000000 00:00 0 
704a9402e000-704a98000000 ---p 00000000 00:00 0 
704a98000000-704a98026000 rw-p 00000000 00:00 0 
704a98026000-704a9c000000 ---p 00000000 00:00 0 
704a9c000000-704a9c032000 rw-p 00000000 00:00 0 
704a9c032000-704aa0000000 ---p 00000000 00:00 0 
704aa0000000-704aa0021000 rw-p 00000000 00:00 0 
704aa0021000-704aa4000000 ---p 00000000 00:00 0 
704aa4000000-704aa402d000 rw-p 00000000 00:00 0 
704aa402d000-704aa8000000 ---p 00000000 00:00 0 
704aa8000000-704aa804b000 rw-p 00000000 00:00 0 
704aa804b000-704aac000000 ---p 00000000 00:00 0 
704aac000000-704aac02a000 rw-p 00000000 00:00 0 
704aac02a000-704ab0000000 ---p 00000000 00:00 0 
704ab0000000-704ab0026000 rw-p 00000000 00:00 0 
704ab0026000-704ab4000000 ---p 00000000 00:00 0 
704ab4000000-704ab402a000 rw-p 00000000 00:00 0 
704ab402a000-704ab8000000 ---p 00000000 00:00 0 
704ab8000000-704ab804a000 rw-p 00000000 00:00 0 
704ab804a000-704abc000000 ---p 00000000 00:00 0 
704abc000000-704abc02d000 rw-p 00000000 00:00 0 
704abc02d000-704ac0000000 ---p 00000000 00:00 0 
704ac0000000-704ac0021000 rw-p 00000000 00:00 0 
704ac0021000-704ac4000000 ---p 00000000 00:00 0 
704ac4000000-704ac4021000 rw-p 00000000 00:00 0 
704ac4021000-704ac8000000 ---p 00000000 00:00 0 
704ac8000000-704ac8021000 rw-p 00000000 00:00 0 
704ac8021000-704acc000000 ---p 00000000 00:00 0 
704acc000000-704acc026000 rw-p 00000000 00:00 0 
704acc026000-704ad0000000 ---p 00000000 00:00 0 
704ad0000000-704ad0021000 rw-p 00000000 00:00 0 
704ad0021000-704ad4000000 ---p 00000000 00:00 0 
704ad4000000-704ad4021000 rw-p 00000000 00:00 0 
704ad4021000-704ad8000000 ---p 00000000 00:00 0 
704ad8000000-704ad824b000 rw-p 00000000 00:00 0 
704ad824b000-704adc000000 ---p 00000000 00:00 0 
704adc000000-704adc68b000 rw-p 00000000 00:00 0 
704adc68b000-704ae0000000 ---p 00000000 00:00 0 
704ae0000000-704ae02da000 rw-p 00000000 00:00 0 
704ae02da000-704ae4000000 ---p 00000000 00:00 0 
704ae4000000-704ae4250000 rw-p 00000000 00:00 0 
704ae4250000-704ae8000000 ---p 00000000 00:00 0 
704ae8000000-704ae8021000 rw-p 00000000 00:00 0 
704ae8021000-704aec000000 ---p 00000000 00:00 0 
704aec000000-704aec912000 rw-p 00000000 00:00 0 
704aec912000-704af0000000 ---p 00000000 00:00 0 
704af0000000-704af0390000 rw-p 00000000 00:00 0 
704af0390000-704af4000000 ---p 00000000 00:00 0 
704af4000000-704af4021000 rw-p 00000000 00:00 0 
704af4021000-704af8000000 ---p 00000000 00:00 0 
704af8000000-704af896a000 rw-p 00000000 00:00 0 
704af896a000-704afc000000 ---p 00000000 00:00 0 
704afc000000-704afc33c000 rw-p 00000000 00:00 0 
704afc33c000-704b00000000 ---p 00000000 00:00 0 
704b00000000-704b00021000 rw-p 00000000 00:00 0 
704b00021000-704b04000000 ---p 00000000 00:00 0 
704b04000000-704b04021000 rw-p 00000000 00:00 0 
704b04021000-704b08000000 ---p 00000000 00:00 0 
704b08000000-704b08025000 rw-p 00000000 00:00 0 
704b08025000-704b0c000000 ---p 00000000 00:00 0 
704b0c000000-704b0c021000 rw-p 00000000 00:00 0 
704b0c021000-704b10000000 ---p 00000000 00:00 0 
704b10000000-704b1002a000 rw-p 00000000 00:00 0 
704b1002a000-704b14000000 ---p 00000000 00:00 0 
704b14000000-704b14021000 rw-p 00000000 00:00 0 
704b14021000-704b18000000 ---p 00000000 00:00 0 
704b18000000-704b1802a000 rw-p 00000000 00:00 0 
704b1802a000-704b1c000000 ---p 00000000 00:00 0 
704b1c000000-704b1c022000 rw-p 00000000 00:00 0 
704b1c022000-704b20000000 ---p 00000000 00:00 0 
704b20000000-704b20032000 rw-p 00000000 00:00 0 
704b20032000-704b24000000 ---p 00000000 00:00 0 
704b24000000-704b240d2000 rw-p 00000000 00:00 0 
704b240d2000-704b28000000 ---p 00000000 00:00 0 
704b28000000-704b2802a000 rw-p 00000000 00:00 0 
704b2802a000-704b2c000000 ---p 00000000 00:00 0 
704b2c000000-704b2c02b000 rw-p 00000000 00:00 0 
704b2c02b000-704b30000000 ---p 00000000 00:00 0 
704b30000000-704b3002a000 rw-p 00000000 00:00 0 
704b3002a000-704b34000000 ---p 00000000 00:00 0 
704b34000000-704b3403a000 rw-p 00000000 00:00 0 
704b3403a000-704b38000000 ---p 00000000 00:00 0 
704b38000000-704b38033000 rw-p 00000000 00:00 0 
704b38033000-704b3c000000 ---p 00000000 00:00 0 
704b3c000000-704b3c023000 rw-p 00000000 00:00 0 
704b3c023000-704b40000000 ---p 00000000 00:00 0 
704b40000000-704b40032000 rw-p 00000000 00:00 0 
704b40032000-704b44000000 ---p 00000000 00:00 0 
704b44000000-704b440e7000 rw-p 00000000 00:00 0 
704b440e7000-704b48000000 ---p 00000000 00:00 0 
704b48000000-704b48021000 rw-p 00000000 00:00 0 
704b48021000-704b4c000000 ---p 00000000 00:00 0 
704b4c000000-704b4c038000 rw-p 00000000 00:00 0 
704b4c038000-704b50000000 ---p 00000000 00:00 0 
704b50000000-704b50022000 rw-p 00000000 00:00 0 
704b50022000-704b54000000 ---p 00000000 00:00 0 
704b54000000-704b54043000 rw-p 00000000 00:00 0 
704b54043000-704b58000000 ---p 00000000 00:00 0 
704b58000000-704b58021000 rw-p 00000000 00:00 0 
704b58021000-704b5c000000 ---p 00000000 00:00 0 
704b5c000000-704b5c022000 rw-p 00000000 00:00 0 
704b5c022000-704b60000000 ---p 00000000 00:00 0 
704b60000000-704b60024000 rw-p 00000000 00:00 0 
704b60024000-704b64000000 ---p 00000000 00:00 0 
704b64000000-704b6404a000 rw-p 00000000 00:00 0 
704b6404a000-704b68000000 ---p 00000000 00:00 0 
704b68000000-704b68021000 rw-p 00000000 00:00 0 
704b68021000-704b6c000000 ---p 00000000 00:00 0 
704b6c000000-704b6c021000 rw-p 00000000 00:00 0 
704b6c021000-704b70000000 ---p 00000000 00:00 0 
704b70000000-704b70021000 rw-p 00000000 00:00 0 
704b70021000-704b74000000 ---p 00000000 00:00 0 
704b74000000-704b74021000 rw-p 00000000 00:00 0 
704b74021000-704b78000000 ---p 00000000 00:00 0 
704b78000000-704b78270000 rw-p 00000000 00:00 0 
704b78270000-704b78400000 ---p 00000000 00:00 0 
704b78400000-704b788b0000 rw-p 00000000 00:00 0 
704b788b0000-704b7c000000 ---p 00000000 00:00 0 
704b7c000000-704b7c021000 rw-p 00000000 00:00 0 
704b7c021000-704b80000000 ---p 00000000 00:00 0 
704b80f88000-704b81400000 rw-p 00000000 00:00 0 
704b81400000-704b81404000 ---p 00000000 00:00 0 
704b81404000-704b81500000 rw-p 00000000 00:00 0 
704b81500000-704b81504000 ---p 00000000 00:00 0 
704b81504000-704b81600000 rw-p 00000000 00:00 0 
704b81600000-704b81604000 ---p 00000000 00:00 0 
704b81604000-704b81700000 rw-p 00000000 00:00 0 
704b81700000-704b81704000 ---p 00000000 00:00 0 
704b81704000-704b81800000 rw-p 00000000 00:00 0 
704b81800000-704b81804000 ---p 00000000 00:00 0 
704b81804000-704b81900000 rw-p 00000000 00:00 0 
704b81900000-704b81904000 ---p 00000000 00:00 0 
704b81904000-704b81a00000 rw-p 00000000 00:00 0 
704b81a00000-704b81a04000 ---p 00000000 00:00 0 
704b81a04000-704b81b00000 rw-p 00000000 00:00 0 
704b81b00000-704b81b04000 ---p 00000000 00:00 0 
704b81b04000-704b81c00000 rw-p 00000000 00:00 0 
704b81c00000-704b81c04000 ---p 00000000 00:00 0 
704b81c04000-704b81d00000 rw-p 00000000 00:00 0 
704b81d00000-704b81d04000 ---p 00000000 00:00 0 
704b81d04000-704b81e00000 rw-p 00000000 00:00 0 
704b81e00000-704b81e04000 ---p 00000000 00:00 0 
704b81e04000-704b81f00000 rw-p 00000000 00:00 0 
704b81f00000-704b81f04000 ---p 00000000 00:00 0 
704b81f04000-704b82000000 rw-p 00000000 00:00 0 
704b82000000-704b82004000 ---p 00000000 00:00 0 
704b82004000-704b82100000 rw-p 00000000 00:00 0 
704b82100000-704b82104000 ---p 00000000 00:00 0 
704b82104000-704b82200000 rw-p 00000000 00:00 0 
704b82200000-704b82204000 ---p 00000000 00:00 0 
704b82204000-704b82300000 rw-p 00000000 00:00 0 
704b82300000-704b82304000 ---p 00000000 00:00 0 
704b82304000-704b82400000 rw-p 00000000 00:00 0 
704b82400000-704b82404000 ---p 00000000 00:00 0 
704b82404000-704b82500000 rw-p 00000000 00:00 0 
704b82500000-704b82504000 ---p 00000000 00:00 0 
704b82504000-704b82600000 rw-p 00000000 00:00 0 
704b82600000-704b82604000 ---p 00000000 00:00 0 
704b82604000-704b82700000 rw-p 00000000 00:00 0 
704b82700000-704b82704000 ---p 00000000 00:00 0 
704b82704000-704b82800000 rw-p 00000000 00:00 0 
704b82800000-704b82804000 ---p 00000000 00:00 0 
704b82804000-704b82900000 rw-p 00000000 00:00 0 
704b82900000-704b82904000 ---p 00000000 00:00 0 
704b82904000-704b82a00000 rw-p 00000000 00:00 0 
704b82a00000-704b82a04000 ---p 00000000 00:00 0 
704b82a04000-704b82b00000 rw-p 00000000 00:00 0 
704b82b00000-704b82b04000 ---p 00000000 00:00 0 
704b82b04000-704b82c00000 rw-p 00000000 00:00 0 
704b82c00000-704b82c04000 ---p 00000000 00:00 0 
704b82c04000-704b82d00000 rw-p 00000000 00:00 0 
704b82d00000-704b82d04000 ---p 00000000 00:00 0 
704b82d04000-704b82e00000 rw-p 00000000 00:00 0 
704b82e00000-704b82e04000 ---p 00000000 00:00 0 
704b82e04000-704b82f00000 rw-p 00000000 00:00 0 
704b82f00000-704b82f04000 ---p 00000000 00:00 0 
704b82f04000-704b83000000 rw-p 00000000 00:00 0 
704b83000000-704b83ca3000 rw-p 00001000 fc:00 49677042                   /mydata/openjdk-mmtk/build/b0test/images/jdk/lib/server/classes.jsa
704b83ca3000-704b84000000 ---p 00000000 00:00 0 
704b84000000-704b84040000 rw-p 00000000 00:00 0 
704b84040000-704b84110000 rw-p 00000000 00:00 0 
704b84110000-704bc4000000 ---p 00000000 00:00 0 
704bc4000000-704bc4021000 rw-p 00000000 00:00 0 
704bc4021000-704bc8004000 ---p 00000000 00:00 0 
704bc8004000-704bc8100000 rw-p 00000000 00:00 0 
704bc8100000-704bc8104000 ---p 00000000 00:00 0 
704bc8104000-704bc8200000 rw-p 00000000 00:00 0 
704bc8200000-704bc8204000 ---p 00000000 00:00 0 
704bc8204000-704bc8300000 rw-p 00000000 00:00 0 
704bc8300000-704bc8304000 ---p 00000000 00:00 0 
704bc8304000-704bc8400000 rw-p 00000000 00:00 0 
704bc8400000-704bc8404000 ---p 00000000 00:00 0 
704bc8404000-704bc8500000 rw-p 00000000 00:00 0 
704bc8500000-704bc8504000 ---p 00000000 00:00 0 
704bc8504000-704bc8600000 rw-p 00000000 00:00 0 
704bc8600000-704bc8604000 ---p 00000000 00:00 0 
704bc8604000-704bc8700000 rw-p 00000000 00:00 0 
704bc8700000-704bc8704000 ---p 00000000 00:00 0 
704bc8704000-704bc8800000 rw-p 00000000 00:00 0 
704bc8800000-704bc8804000 ---p 00000000 00:00 0 
704bc8804000-704bc8900000 rw-p 00000000 00:00 0 
704bc8900000-704bc8904000 ---p 00000000 00:00 0 
704bc8904000-704bc8a00000 rw-p 00000000 00:00 0 
704bc8a00000-704bc8a04000 ---p 00000000 00:00 0 
704bc8a04000-704bc8b00000 rw-p 00000000 00:00 0 
704bc8b00000-704bc8b04000 ---p 00000000 00:00 0 
704bc8b04000-704bc8c00000 rw-p 00000000 00:00 0 
704bc8c00000-704bc8c04000 ---p 00000000 00:00 0 
704bc8c04000-704bc8d00000 rw-p 00000000 00:00 0 
704bc8d00000-704bc8d04000 ---p 00000000 00:00 0 
704bc8d04000-704bc8e00000 rw-p 00000000 00:00 0 
704bc8e00000-704bc8e04000 ---p 00000000 00:00 0 
704bc8e04000-704bc8f00000 rw-p 00000000 00:00 0 
704bc8f00000-704bc8f04000 ---p 00000000 00:00 0 
704bc8f04000-704bc9000000 rw-p 00000000 00:00 0 
704bc9000000-704bc9004000 ---p 00000000 00:00 0 
704bc9004000-704bc9100000 rw-p 00000000 00:00 0 
704bc9100000-704bc9104000 ---p 00000000 00:00 0 
704bc9104000-704bc9200000 rw-p 00000000 00:00 0 
704bc9200000-704bcc200000 rw-p 00000000 00:00 0 
704bcc2fc000-704bcc300000 ---p 00000000 00:00 0 
704bcc300000-704bcc3fc000 rw-p 00000000 00:00 0 
704bcc3fc000-704bfc400000 rw-p 00000000 00:00 0 
704bfc400000-704bfd400000 ---p 00000000 00:00 0                          [anon:mmtk:sidemeta:all:all-quarantined]
704bfd400000-704bfdc00000 rw-p 00000000 00:00 0                          [anon:mmtk:sidemeta:immix:VO_BIT]
704bfdc00000-724bfe400000 ---p 00000000 00:00 0                          [anon:mmtk:sidemeta:all:all-quarantined]
724bfe400000-724bfe800000 rw-p 00000000 00:00 0                          [anon:mmtk:sidemeta:immix:CHUNK_MARK]
724bfe800000-724c01400000 ---p 00000000 00:00 0                          [anon:mmtk:sidemeta:all:all-quarantined]
724c01400000-724c01c00000 rw-p 00000000 00:00 0                          [anon:mmtk:sidemeta:immix:VMGlobalLogBitSpec]
724c01c00000-745400800000 ---p 00000000 00:00 0                          [anon:mmtk:sidemeta:all:all-quarantined]
745400800000-745400c00000 rw-p 00000000 00:00 0                          [anon:mmtk:sidemeta:immix:IX_LINE_MARK]
745400c00000-74d400400000 ---p 00000000 00:00 0                          [anon:mmtk:sidemeta:all:all-quarantined]
74d400400000-74d400800000 rw-p 00000000 00:00 0                          [anon:mmtk:sidemeta:immix:IX_BLOCK_DEFRAG]
74d400800000-74d500400000 ---p 00000000 00:00 0                          [anon:mmtk:sidemeta:all:all-quarantined]
74d500400000-74d500800000 rw-p 00000000 00:00 0                          [anon:mmtk:sidemeta:immix:IX_BLOCK_MARK]
74d500800000-7af680400000 ---p 00000000 00:00 0                          [anon:mmtk:sidemeta:all:all-quarantined]
7af680400000-7af680800000 rw-p 00000000 00:00 0                          [anon:mmtk:sidemeta:los:VMLocalLOSMarkNurserySpec]
7af680800000-7af881400000 ---p 00000000 00:00 0                          [anon:mmtk:sidemeta:all:all-quarantined]
7af881400000-7af881c00000 rw-p 00000000 00:00 0                          [anon:mmtk:sidemeta:immix:VMLocalMarkBitSpec]
7af881c00000-7cf880400000 ---p 00000000 00:00 0                          [anon:mmtk:sidemeta:all:all-quarantined]
7cf8804ff000-7cf880503000 ---p 00000000 00:00 0 
7cf880503000-7cf8805ff000 rw-p 00000000 00:00 0 
7cf8805ff000-7cf880603000 ---p 00000000 00:00 0 
7cf880603000-7cf8806ff000 rw-p 00000000 00:00 0 
7cf8806ff000-7cf880703000 ---p 00000000 00:00 0 
7cf880703000-7cf8807ff000 rw-p 00000000 00:00 0 
7cf8807ff000-7cf8a0800000 rw-p 00000000 00:00 0 
7cf8a0800000-7cf8a0e50000 rwxp 00000000 00:00 0 
7cf8a0e50000-7cf8a7c17000 ---p 00000000 00:00 0 
7cf8a7c17000-7cf8a7fb7000 rwxp 00000000 00:00 0 
7cf8a7fb7000-7cf8a83e8000 ---p 00000000 00:00 0 
7cf8a83e8000-7cf8a8658000 rwxp 00000000 00:00 0 
7cf8a8658000-7cf8af800000 ---p 00000000 00:00 0 
7cf8af800000-7cf8b7fa0000 r--s 00000000 fc:00 49676297                   /mydata/openjdk-mmtk/build/b0test/images/jdk/lib/modules
7cf8b8000000-7cf8b87e6000 rw-p 00000000 00:00 0 
7cf8b87e6000-7cf8bc000000 ---p 00000000 00:00 0 
7cf8bc018000-7cf8bc01d000 r--p 00000000 fc:00 49676417                   /mydata/openjdk-mmtk/build/b0test/images/jdk/lib/libjsvml.so
7cf8bc01d000-7cf8bc05e000 r-xp 00005000 fc:00 49676417                   /mydata/openjdk-mmtk/build/b0test/images/jdk/lib/libjsvml.so
7cf8bc05e000-7cf8bc0e7000 r--p 00046000 fc:00 49676417                   /mydata/openjdk-mmtk/build/b0test/images/jdk/lib/libjsvml.so
7cf8bc0e7000-7cf8bc0e8000 r--p 000ce000 fc:00 49676417                   /mydata/openjdk-mmtk/build/b0test/images/jdk/lib/libjsvml.so
7cf8bc0e8000-7cf8bc0e9000 rw-p 000cf000 fc:00 49676417                   /mydata/openjdk-mmtk/build/b0test/images/jdk/lib/libjsvml.so
7cf8bc0e9000-7cf8bc0ed000 ---p 00000000 00:00 0 
7cf8bc0ed000-7cf8bc1e9000 rw-p 00000000 00:00 0 
7cf8bc1e9000-7cf8bc1ed000 ---p 00000000 00:00 0 
7cf8bc1ed000-7cf8bc2e9000 rw-p 00000000 00:00 0 
7cf8bc2e9000-7cf8bc2ea000 ---p 00000000 00:00 0 
7cf8bc2ea000-7cf8bc3ea000 rw-p 00000000 00:00 0 
7cf8bc3ea000-7cf8bc3eb000 ---p 00000000 00:00 0 
7cf8bc3eb000-7cf8bc4eb000 rw-p 00000000 00:00 0 
7cf8bc4eb000-7cf8bc4ec000 ---p 00000000 00:00 0 
7cf8bc4ec000-7cf8bc5ec000 rw-p 00000000 00:00 0 
7cf8bc5ec000-7cf8bc5ed000 ---p 00000000 00:00 0 
7cf8bc5ed000-7cf8bc6ed000 rw-p 00000000 00:00 0 
7cf8bc6ed000-7cf8bc6ee000 ---p 00000000 00:00 0 
7cf8bc6ee000-7cf8bc7ee000 rw-p 00000000 00:00 0 
7cf8bc7ee000-7cf8bc7ef000 ---p 00000000 00:00 0 
7cf8bc7ef000-7cf8bc8ef000 rw-p 00000000 00:00 0 
7cf8bc8ef000-7cf8bc8f0000 ---p 00000000 00:00 0 
7cf8bc8f0000-7cf8bc9f0000 rw-p 00000000 00:00 0 
7cf8bc9f0000-7cf8bc9f1000 ---p 00000000 00:00 0 
7cf8bc9f1000-7cf8bcaf1000 rw-p 00000000 00:00 0 
7cf8bcaf1000-7cf8bcaf2000 ---p 00000000 00:00 0 
7cf8bcaf2000-7cf8bcbf2000 rw-p 00000000 00:00 0 
7cf8bcbf2000-7cf8bcbf3000 ---p 00000000 00:00 0 
7cf8bcbf3000-7cf8bccf3000 rw-p 00000000 00:00 0 
7cf8bccf3000-7cf8bccf4000 ---p 00000000 00:00 0 
7cf8bccf4000-7cf8bcdf4000 rw-p 00000000 00:00 0 
7cf8bcdf4000-7cf8bcdf5000 ---p 00000000 00:00 0 
7cf8bcdf5000-7cf8bcef5000 rw-p 00000000 00:00 0 
7cf8bcef5000-7cf8bcef6000 ---p 00000000 00:00 0 
7cf8bcef6000-7cf8bcff6000 rw-p 00000000 00:00 0 
7cf8bcff6000-7cf8bcff7000 ---p 00000000 00:00 0 
7cf8bcff7000-7cf8bd0f7000 rw-p 00000000 00:00 0 
7cf8bd0f7000-7cf8bd0f8000 ---p 00000000 00:00 0 
7cf8bd0f8000-7cf8bd1f8000 rw-p 00000000 00:00 0 
7cf8bd1f8000-7cf8bd1f9000 ---p 00000000 00:00 0 
7cf8bd1f9000-7cf8bd2f9000 rw-p 00000000 00:00 0 
7cf8bd2f9000-7cf8bd2fa000 ---p 00000000 00:00 0 
7cf8bd2fa000-7cf8bd3fa000 rw-p 00000000 00:00 0 
7cf8bd3fa000-7cf8bd3fb000 ---p 00000000 00:00 0 
7cf8bd3fb000-7cf8bd4fb000 rw-p 00000000 00:00 0 
7cf8bd4fb000-7cf8bd4fc000 ---p 00000000 00:00 0 
7cf8bd4fc000-7cf8bd5fc000 rw-p 00000000 00:00 0 
7cf8bd5fc000-7cf8bd5fd000 ---p 00000000 00:00 0 
7cf8bd5fd000-7cf8bd6fd000 rw-p 00000000 00:00 0 
7cf8bd6fd000-7cf8bd6fe000 ---p 00000000 00:00 0 
7cf8bd6fe000-7cf8bd7fe000 rw-p 00000000 00:00 0 
7cf8bd7fe000-7cf8bd7ff000 ---p 00000000 00:00 0 
7cf8bd7ff000-7cf8bd8ff000 rw-p 00000000 00:00 0 
7cf8bd8ff000-7cf8bd900000 ---p 00000000 00:00 0 
7cf8bd900000-7cf8bda00000 rw-p 00000000 00:00 0 
7cf8bda00000-7cf8bda04000 ---p 00000000 00:00 0 
7cf8bda04000-7cf8bdb00000 rw-p 00000000 00:00 0 
7cf8bdb00000-7cf8bdb04000 ---p 00000000 00:00 0 
7cf8bdb04000-7cf8bdc00000 rw-p 00000000 00:00 0 
7cf8bdc00000-7cf8bdeeb000 r--p 00000000 08:03 1410552                    /usr/lib/locale/locale-archive
7cf8bdf32000-7cf8bdf36000 r--p 00000000 fc:00 49676364                   /mydata/openjdk-mmtk/build/b0test/images/jdk/lib/libverify.so
7cf8bdf36000-7cf8bdf3d000 r-xp 00004000 fc:00 49676364                   /mydata/openjdk-mmtk/build/b0test/images/jdk/lib/libverify.so
7cf8bdf3d000-7cf8bdf3f000 r--p 0000b000 fc:00 49676364                   /mydata/openjdk-mmtk/build/b0test/images/jdk/lib/libverify.so
7cf8bdf3f000-7cf8bdf41000 r--p 0000c000 fc:00 49676364                   /mydata/openjdk-mmtk/build/b0test/images/jdk/lib/libverify.so
7cf8bdf41000-7cf8bdf42000 rw-p 0000e000 fc:00 49676364                   /mydata/openjdk-mmtk/build/b0test/images/jdk/lib/libverify.so
7cf8bdf42000-7cf8bdf46000 ---p 00000000 00:00 0 
7cf8bdf46000-7cf8be042000 rw-p 00000000 00:00 0 
7cf8be042000-7cf8be043000 ---p 00000000 00:00 0 
7cf8be043000-7cf8be143000 rw-p 00000000 00:00 0 
7cf8be143000-7cf8be144000 ---p 00000000 00:00 0 
7cf8be144000-7cf8be244000 rw-p 00000000 00:00 0 
7cf8be244000-7cf8be245000 ---p 00000000 00:00 0 
7cf8be245000-7cf8be345000 rw-p 00000000 00:00 0 
7cf8be345000-7cf8be946000 rw-p 00000000 00:00 0 
7cf8be946000-7cf8be94a000 r--p 00000000 08:03 1410107                    /usr/lib/x86_64-linux-gnu/libzstd.so.1.5.5
7cf8be94a000-7cf8be9f1000 r-xp 00004000 08:03 1410107                    /usr/lib/x86_64-linux-gnu/libzstd.so.1.5.5
7cf8be9f1000-7cf8be9fe000 r--p 000ab000 08:03 1410107                    /usr/lib/x86_64-linux-gnu/libzstd.so.1.5.5
7cf8be9fe000-7cf8be9ff000 r--p 000b7000 08:03 1410107                    /usr/lib/x86_64-linux-gnu/libzstd.so.1.5.5
7cf8be9ff000-7cf8bea00000 rw-p 000b8000 08:03 1410107                    /usr/lib/x86_64-linux-gnu/libzstd.so.1.5.5
7cf8bea00000-7cf8bea0c000 r--p 00000000 fc:00 13107225                   /mydata/gc-bpf-fault/shim/libgcbpf.so
7cf8bea0c000-7cf8bea6e000 r-xp 0000c000 fc:00 13107225                   /mydata/gc-bpf-fault/shim/libgcbpf.so
7cf8bea6e000-7cf8bec1b000 r--p 0006e000 fc:00 13107225                   /mydata/gc-bpf-fault/shim/libgcbpf.so
7cf8bec1b000-7cf8bec1d000 r--p 0021b000 fc:00 13107225                   /mydata/gc-bpf-fault/shim/libgcbpf.so
7cf8bec1d000-7cf8bec1e000 rw-p 0021d000 fc:00 13107225                   /mydata/gc-bpf-fault/shim/libgcbpf.so
7cf8bec1e000-7cf8bec1f000 rw-p 00000000 00:00 0 
7cf8bec23000-7cf8bec25000 r--p 00000000 fc:00 49676365                   /mydata/openjdk-mmtk/build/b0test/images/jdk/lib/libzip.so
7cf8bec25000-7cf8bec2a000 r-xp 00002000 fc:00 49676365                   /mydata/openjdk-mmtk/build/b0test/images/jdk/lib/libzip.so
7cf8bec2a000-7cf8bec2c000 r--p 00007000 fc:00 49676365                   /mydata/openjdk-mmtk/build/b0test/images/jdk/lib/libzip.so
7cf8bec2c000-7cf8bec2d000 r--p 00008000 fc:00 49676365                   /mydata/openjdk-mmtk/build/b0test/images/jdk/lib/libzip.so
7cf8bec2d000-7cf8bec2e000 rw-p 00009000 fc:00 49676365                   /mydata/openjdk-mmtk/build/b0test/images/jdk/lib/libzip.so
7cf8bec2e000-7cf8bec33000 rw-p 00000000 00:00 0 
7cf8bec33000-7cf8bed17000 ---p 00000000 00:00 0 
7cf8bed17000-7cf8bed24000 rw-p 00000000 00:00 0 
7cf8bed24000-7cf8bee00000 ---p 00000000 00:00 0 
7cf8bee00000-7cf8bef47000 r--p 00000000 fc:00 49676374                   /mydata/openjdk-mmtk/build/b0test/images/jdk/lib/server/libmmtk_openjdk.so
7cf8bef47000-7cf8bf1c0000 r-xp 00146000 fc:00 49676374                   /mydata/openjdk-mmtk/build/b0test/images/jdk/lib/server/libmmtk_openjdk.so
7cf8bf1c0000-7cf8bf200000 r--p 003be000 fc:00 49676374                   /mydata/openjdk-mmtk/build/b0test/images/jdk/lib/server/libmmtk_openjdk.so
7cf8bf200000-7cf8bf203000 rw-p 003fd000 fc:00 49676374                   /mydata/openjdk-mmtk/build/b0test/images/jdk/lib/server/libmmtk_openjdk.so
7cf8bf203000-7cf8bf205000 rw-p 00000000 00:00 0 
7cf8bf208000-7cf8bf20b000 r--p 00000000 fc:00 49676361                   /mydata/openjdk-mmtk/build/b0test/images/jdk/lib/libnet.so
7cf8bf20b000-7cf8bf213000 r-xp 00003000 fc:00 49676361                   /mydata/openjdk-mmtk/build/b0test/images/jdk/lib/libnet.so
7cf8bf213000-7cf8bf215000 r--p 0000b000 fc:00 49676361                   /mydata/openjdk-mmtk/build/b0test/images/jdk/lib/libnet.so
7cf8bf215000-7cf8bf216000 r--p 0000c000 fc:00 49676361                   /mydata/openjdk-mmtk/build/b0test/images/jdk/lib/libnet.so
7cf8bf216000-7cf8bf217000 rw-p 0000d000 fc:00 49676361                   /mydata/openjdk-mmtk/build/b0test/images/jdk/lib/libnet.so
7cf8bf217000-7cf8bf21b000 ---p 00000000 00:00 0 
7cf8bf21b000-7cf8bf317000 rw-p 00000000 00:00 0 
7cf8bf317000-7cf8bf327000 r--p 00000000 08:03 1411099                    /usr/lib/x86_64-linux-gnu/libm.so.6
7cf8bf327000-7cf8bf3a6000 r-xp 00010000 08:03 1411099                    /usr/lib/x86_64-linux-gnu/libm.so.6
7cf8bf3a6000-7cf8bf3fe000 r--p 0008f000 08:03 1411099                    /usr/lib/x86_64-linux-gnu/libm.so.6
7cf8bf3fe000-7cf8bf3ff000 r--p 000e7000 08:03 1411099                    /usr/lib/x86_64-linux-gnu/libm.so.6
7cf8bf3ff000-7cf8bf400000 rw-p 000e8000 08:03 1411099                    /usr/lib/x86_64-linux-gnu/libm.so.6
7cf8bf400000-7cf8bf6a9000 r--p 00000000 fc:00 49676373                   /mydata/openjdk-mmtk/build/b0test/images/jdk/lib/server/libjvm.so
7cf8bf6a9000-7cf8c053c000 r-xp 002a9000 fc:00 49676373                   /mydata/openjdk-mmtk/build/b0test/images/jdk/lib/server/libjvm.so
7cf8c053c000-7cf8c0820000 r--p 0113c000 fc:00 49676373                   /mydata/openjdk-mmtk/build/b0test/images/jdk/lib/server/libjvm.so
7cf8c0820000-7cf8c08f6000 r--p 0141f000 fc:00 49676373                   /mydata/openjdk-mmtk/build/b0test/images/jdk/lib/server/libjvm.so
7cf8c08f6000-7cf8c0926000 rw-p 014f5000 fc:00 49676373                   /mydata/openjdk-mmtk/build/b0test/images/jdk/lib/server/libjvm.so
7cf8c0926000-7cf8c098c000 rw-p 00000000 00:00 0 
7cf8c098d000-7cf8c0994000 r--p 00000000 fc:00 49676362                   /mydata/openjdk-mmtk/build/b0test/images/jdk/lib/libnio.so
7cf8c0994000-7cf8c099d000 r-xp 00007000 fc:00 49676362                   /mydata/openjdk-mmtk/build/b0test/images/jdk/lib/libnio.so
7cf8c099d000-7cf8c09a1000 r--p 00010000 fc:00 49676362                   /mydata/openjdk-mmtk/build/b0test/images/jdk/lib/libnio.so
7cf8c09a1000-7cf8c09a2000 r--p 00014000 fc:00 49676362                   /mydata/openjdk-mmtk/build/b0test/images/jdk/lib/libnio.so
7cf8c09a2000-7cf8c09a3000 rw-p 00015000 fc:00 49676362                   /mydata/openjdk-mmtk/build/b0test/images/jdk/lib/libnio.so
7cf8c09a3000-7cf8c09a6000 r--p 00000000 08:03 1410420                    /usr/lib/x86_64-linux-gnu/libelf-0.190.so
7cf8c09a6000-7cf8c09bc000 r-xp 00003000 08:03 1410420                    /usr/lib/x86_64-linux-gnu/libelf-0.190.so
7cf8c09bc000-7cf8c09c0000 r--p 00019000 08:03 1410420                    /usr/lib/x86_64-linux-gnu/libelf-0.190.so
7cf8c09c0000-7cf8c09c1000 r--p 0001c000 08:03 1410420                    /usr/lib/x86_64-linux-gnu/libelf-0.190.so
7cf8c09c1000-7cf8c09c2000 rw-p 0001d000 08:03 1410420                    /usr/lib/x86_64-linux-gnu/libelf-0.190.so
7cf8c09c5000-7cf8c09cc000 r--s 00000000 08:03 1436340                    /usr/lib/x86_64-linux-gnu/gconv/gconv-modules.cache
7cf8c09cc000-7cf8c09d4000 rw-p 00000000 00:00 0 
7cf8c09d4000-7cf8c09dc000 ---p 00000000 00:00 0 
7cf8c09dc000-7cf8c09e9000 r--p 00000000 fc:00 49676354                   /mydata/openjdk-mmtk/build/b0test/images/jdk/lib/libjava.so
7cf8c09e9000-7cf8c09f8000 r-xp 0000d000 fc:00 49676354                   /mydata/openjdk-mmtk/build/b0test/images/jdk/lib/libjava.so
7cf8c09f8000-7cf8c09fd000 r--p 0001c000 fc:00 49676354                   /mydata/openjdk-mmtk/build/b0test/images/jdk/lib/libjava.so
7cf8c09fd000-7cf8c09fe000 r--p 00021000 fc:00 49676354                   /mydata/openjdk-mmtk/build/b0test/images/jdk/lib/libjava.so
7cf8c09fe000-7cf8c09ff000 rw-p 00022000 fc:00 49676354                   /mydata/openjdk-mmtk/build/b0test/images/jdk/lib/libjava.so
7cf8c09ff000-7cf8c0a00000 rw-p 00000000 00:00 0 
7cf8c0a00000-7cf8c0a28000 r--p 00000000 08:03 1410238                    /usr/lib/x86_64-linux-gnu/libc.so.6
7cf8c0a28000-7cf8c0bb0000 r-xp 00028000 08:03 1410238                    /usr/lib/x86_64-linux-gnu/libc.so.6
7cf8c0bb0000-7cf8c0bff000 r--p 001b0000 08:03 1410238                    /usr/lib/x86_64-linux-gnu/libc.so.6
7cf8c0bff000-7cf8c0c03000 r--p 001fe000 08:03 1410238                    /usr/lib/x86_64-linux-gnu/libc.so.6
7cf8c0c03000-7cf8c0c05000 rw-p 00202000 08:03 1410238                    /usr/lib/x86_64-linux-gnu/libc.so.6
7cf8c0c05000-7cf8c0c12000 rw-p 00000000 00:00 0 
7cf8c0c14000-7cf8c0c1c000 rw-s 00000000 08:03 237599                     /tmp/hsperfdata_root/312254
7cf8c0c1c000-7cf8c0c20000 r--p 00000000 fc:00 49676355                   /mydata/openjdk-mmtk/build/b0test/images/jdk/lib/libjimage.so
7cf8c0c20000-7cf8c0c37000 r-xp 00004000 fc:00 49676355                   /mydata/openjdk-mmtk/build/b0test/images/jdk/lib/libjimage.so
7cf8c0c37000-7cf8c0c3c000 r--p 0001b000 fc:00 49676355                   /mydata/openjdk-mmtk/build/b0test/images/jdk/lib/libjimage.so
7cf8c0c3c000-7cf8c0c3e000 r--p 00020000 fc:00 49676355                   /mydata/openjdk-mmtk/build/b0test/images/jdk/lib/libjimage.so
7cf8c0c3e000-7cf8c0c3f000 rw-p 00022000 fc:00 49676355                   /mydata/openjdk-mmtk/build/b0test/images/jdk/lib/libjimage.so
7cf8c0c3f000-7cf8c0c43000 r--p 00000000 08:03 1410148                    /usr/lib/x86_64-linux-gnu/libgcc_s.so.1
7cf8c0c43000-7cf8c0c67000 r-xp 00004000 08:03 1410148                    /usr/lib/x86_64-linux-gnu/libgcc_s.so.1
7cf8c0c67000-7cf8c0c6b000 r--p 00028000 08:03 1410148                    /usr/lib/x86_64-linux-gnu/libgcc_s.so.1
7cf8c0c6b000-7cf8c0c6c000 r--p 0002b000 08:03 1410148                    /usr/lib/x86_64-linux-gnu/libgcc_s.so.1
7cf8c0c6c000-7cf8c0c6d000 rw-p 0002c000 08:03 1410148                    /usr/lib/x86_64-linux-gnu/libgcc_s.so.1
7cf8c0c6d000-7cf8c0c6f000 rw-p 00000000 00:00 0 
7cf8c0c6f000-7cf8c0c71000 r--p 00000000 08:03 1409104                    /usr/lib/x86_64-linux-gnu/libz.so.1.3
7cf8c0c71000-7cf8c0c83000 r-xp 00002000 08:03 1409104                    /usr/lib/x86_64-linux-gnu/libz.so.1.3
7cf8c0c83000-7cf8c0c89000 r--p 00014000 08:03 1409104                    /usr/lib/x86_64-linux-gnu/libz.so.1.3
7cf8c0c89000-7cf8c0c8a000 r--p 0001a000 08:03 1409104                    /usr/lib/x86_64-linux-gnu/libz.so.1.3
7cf8c0c8a000-7cf8c0c8b000 rw-p 0001b000 08:03 1409104                    /usr/lib/x86_64-linux-gnu/libz.so.1.3
7cf8c0c90000-7cf8c0c91000 rw-s 00000000 00:10 68                         anon_inode:bpf-map
7cf8c0c91000-7cf8c0c92000 r--s 00000000 00:10 68                         anon_inode:bpf-map
7cf8c0c92000-7cf8c0c93000 ---p 00000000 00:00 0 
7cf8c0c93000-7cf8c0c94000 r--p 00000000 00:00 0 
7cf8c0c94000-7cf8c0c95000 ---p 00000000 00:00 0 
7cf8c0c95000-7cf8c0c97000 r--p 00000000 fc:00 49676357                   /mydata/openjdk-mmtk/build/b0test/images/jdk/lib/libjli.so
7cf8c0c97000-7cf8c0ca1000 r-xp 00002000 fc:00 49676357                   /mydata/openjdk-mmtk/build/b0test/images/jdk/lib/libjli.so
7cf8c0ca1000-7cf8c0ca4000 r--p 0000c000 fc:00 49676357                   /mydata/openjdk-mmtk/build/b0test/images/jdk/lib/libjli.so
7cf8c0ca4000-7cf8c0ca5000 r--p 0000f000 fc:00 49676357                   /mydata/openjdk-mmtk/build/b0test/images/jdk/lib/libjli.so
7cf8c0ca5000-7cf8c0ca6000 rw-p 00010000 fc:00 49676357                   /mydata/openjdk-mmtk/build/b0test/images/jdk/lib/libjli.so
7cf8c0ca6000-7cf8c0ca8000 rw-p 00000000 00:00 0 
7cf8c0ca8000-7cf8c0cac000 r--p 00000000 00:00 0                          [vvar]
7cf8c0cac000-7cf8c0cae000 r--p 00000000 00:00 0                          [vvar_vclock]
7cf8c0cae000-7cf8c0cb0000 r-xp 00000000 00:00 0                          [vdso]
7cf8c0cb0000-7cf8c0cb1000 r--p 00000000 08:03 1409763                    /usr/lib/x86_64-linux-gnu/ld-linux-x86-64.so.2
7cf8c0cb1000-7cf8c0cdc000 r-xp 00001000 08:03 1409763                    /usr/lib/x86_64-linux-gnu/ld-linux-x86-64.so.2
7cf8c0cdc000-7cf8c0ce6000 r--p 0002c000 08:03 1409763                    /usr/lib/x86_64-linux-gnu/ld-linux-x86-64.so.2
7cf8c0ce6000-7cf8c0ce8000 r--p 00036000 08:03 1409763                    /usr/lib/x86_64-linux-gnu/ld-linux-x86-64.so.2
7cf8c0ce8000-7cf8c0cea000 rw-p 00038000 08:03 1409763                    /usr/lib/x86_64-linux-gnu/ld-linux-x86-64.so.2
7ffd2317a000-7ffd2319b000 rw-p 00000000 00:00 0                          [stack]
ffffffffff600000-ffffffffff601000 --xp 00000000 00:00 0                  [vsyscall]
Total number of mappings: 536

JVMTI agents: none


VM Arguments:
jvm_args: -XX:+UseThirdPartyHeap -Xms512m -Xmx512m 
java_command: /mydata/dacapo/dacapo-23.11/dacapo-23.11-MR2-chopin.jar xalan -n 3
java_class_path (initial): /mydata/dacapo/dacapo-23.11/dacapo-23.11-MR2-chopin.jar
Launcher Type: SUN_STANDARD

[Global flags]
     intx CICompilerCount                          = 15                                        {product} {ergonomic}
   size_t InitialHeapSize                          = 536870912                                 {product} {command line}
   size_t MaxHeapSize                              = 536870912                                 {product} {command line}
   size_t MinHeapDeltaBytes                        = 524288                                    {product} {ergonomic}
   size_t MinHeapSize                              = 536870912                                 {product} {command line}
    uintx NonNMethodCodeHeapSize                   = 8192380                                {pd product} {ergonomic}
    uintx NonProfiledCodeHeapSize                  = 121732930                              {pd product} {ergonomic}
    uintx ProfiledCodeHeapSize                     = 121732930                              {pd product} {ergonomic}
    uintx ReservedCodeCacheSize                    = 251658240                              {pd product} {ergonomic}
     bool SegmentedCodeCache                       = true                                      {product} {ergonomic}
   size_t SoftMaxHeapSize                          = 536870912                              {manageable} {ergonomic}
     bool UseCompressedOops                        = true                           {product lp64_product} {ergonomic}

Logging:
Log output configuration:
 #0: stdout all=warning uptime,level,tags foldmultilines=false
 #1: stderr all=off uptime,level,tags foldmultilines=false

Release file:
IMPLEMENTOR="N/A"
JAVA_RUNTIME_VERSION="21.0.9-internal-adhoc.talzuss.openjdk-mmtk"
JAVA_VERSION="21.0.9"
JAVA_VERSION_DATE="2025-10-21"
LIBC="gnu"
MODULES="java.base java.compiler java.datatransfer java.xml java.prefs java.desktop java.instrument java.logging java.management java.security.sasl java.naming java.rmi java.management.rmi java.net.http java.scripting java.security.jgss java.transaction.xa java.sql java.sql.rowset java.xml.crypto java.se java.smartcardio jdk.accessibility jdk.internal.jvmstat jdk.attach jdk.charsets jdk.internal.opt jdk.zipfs jdk.compiler jdk.crypto.ec jdk.crypto.cryptoki jdk.dynalink jdk.internal.ed jdk.editpad jdk.hotspot.agent jdk.httpserver jdk.incubator.vector jdk.internal.le jdk.internal.vm.ci jdk.internal.vm.compiler jdk.internal.vm.compiler.management jdk.jartool jdk.javadoc jdk.jcmd jdk.management jdk.management.agent jdk.jconsole jdk.jdeps jdk.jdwp.agent jdk.jdi jdk.jfr jdk.jlink jdk.jpackage jdk.jshell jdk.jsobject jdk.jstatd jdk.localedata jdk.management.jfr jdk.naming.dns jdk.naming.rmi jdk.net jdk.nio.mapmode jdk.random jdk.sctp jdk.security.auth jdk.security.jgss jdk.unsupported jdk.unsupported.desktop jdk.xml.dom"
OS_ARCH="x86_64"
OS_NAME="Linux"
SOURCE=".:git:b557520f04b3+"

Environment Variables:
PATH=/usr/local/sbin:/usr/local/bin:/usr/sbin:/usr/bin:/sbin:/bin:/snap/bin
SHELL=/bin/bash
LANG=en_US.UTF-8
TERM=tmux-256color

Active Locale:
LC_ALL=en_US.UTF-8
LC_COLLATE=en_US.UTF-8
LC_CTYPE=en_US.UTF-8
LC_MESSAGES=en_US.UTF-8
LC_MONETARY=en_US.UTF-8
LC_NUMERIC=en_US.UTF-8
LC_TIME=en_US.UTF-8

Signal Handlers:
   SIGSEGV: crash_handler in libjvm.so, mask=11100100010111111101111111111110, flags=SA_RESTART|SA_SIGINFO, unblocked
    SIGBUS: crash_handler in libjvm.so, mask=11100100010111111101111111111110, flags=SA_RESTART|SA_SIGINFO, unblocked
    SIGFPE: crash_handler in libjvm.so, mask=11100100010111111101111111111110, flags=SA_RESTART|SA_SIGINFO, unblocked
   SIGPIPE: javaSignalHandler in libjvm.so, mask=11100100010111111101111111111110, flags=SA_RESTART|SA_SIGINFO, blocked
   SIGXFSZ: javaSignalHandler in libjvm.so, mask=11100100010111111101111111111110, flags=SA_RESTART|SA_SIGINFO, blocked
    SIGILL: crash_handler in libjvm.so, mask=11100100010111111101111111111110, flags=SA_RESTART|SA_SIGINFO, unblocked
   SIGUSR2: SR_handler in libjvm.so, mask=00000000000000000000000000000000, flags=SA_RESTART|SA_SIGINFO, blocked
    SIGHUP: UserHandler in libjvm.so, mask=11100100010111111101111111111110, flags=SA_RESTART|SA_SIGINFO, blocked
    SIGINT: UserHandler in libjvm.so, mask=11100100010111111101111111111110, flags=SA_RESTART|SA_SIGINFO, blocked
   SIGTERM: UserHandler in libjvm.so, mask=11100100010111111101111111111110, flags=SA_RESTART|SA_SIGINFO, blocked
   SIGQUIT: UserHandler in libjvm.so, mask=11100100010111111101111111111110, flags=SA_RESTART|SA_SIGINFO, blocked
   SIGTRAP: crash_handler in libjvm.so, mask=11100100010111111101111111111110, flags=SA_RESTART|SA_SIGINFO, unblocked


Periodic native trim disabled

---------------  S Y S T E M  ---------------

OS:
DISTRIB_ID=Ubuntu
DISTRIB_RELEASE=24.04
DISTRIB_CODENAME=noble
DISTRIB_DESCRIPTION="Ubuntu 24.04.4 LTS"
uname: Linux 6.17.0-bpf-fault+ #1 SMP PREEMPT_DYNAMIC Mon Jul  6 16:43:12 MDT 2026 x86_64
OS uptime: 0 days 20:59 hours
libc: glibc 2.39 NPTL 2.39 
rlimit (soft/hard): STACK 8192k/infinity , CORE 0k/0k , NPROC 513205/513205 , NOFILE 1048576/1048576 , AS infinity/infinity , CPU infinity/infinity , DATA infinity/infinity , FSIZE infinity/infinity , MEMLOCK 16436528k/16436528k
load average: 4.36 2.10 0.95

/proc/meminfo:
MemTotal:       131492232 kB
MemFree:        73586204 kB
MemAvailable:   115777960 kB
Buffers:          516524 kB
Cached:         41071048 kB
SwapCached:            0 kB
Active:          3648744 kB
Inactive:       40778136 kB
Active(anon):    2855780 kB
Inactive(anon):        0 kB
Active(file):     792964 kB
Inactive(file): 40778136 kB
Unevictable:       41912 kB
Mlocked:           38840 kB
SwapTotal:       8388604 kB
SwapFree:        8388604 kB
Zswap:                 0 kB
Zswapped:              0 kB
Dirty:            784332 kB
Writeback:             0 kB
AnonPages:       2883092 kB
Mapped:          9729408 kB
Shmem:              5316 kB
KReclaimable:    1871892 kB
Slab:            2393620 kB
SReclaimable:    1871892 kB
SUnreclaim:       521728 kB
KernelStack:       12096 kB
PageTables:        57328 kB
SecPageTables:      8776 kB
NFS_Unstable:          0 kB
Bounce:                0 kB
WritebackTmp:          0 kB
CommitLimit:    74134720 kB
Committed_AS:   163376824 kB
VmallocTotal:   34359738367 kB
VmallocUsed:       38036 kB
VmallocChunk:          0 kB
Percpu:            48896 kB
HardwareCorrupted:     0 kB
AnonHugePages:         0 kB
ShmemHugePages:        0 kB
ShmemPmdMapped:        0 kB
FileHugePages:   2168832 kB
FilePmdMapped:         0 kB
Unaccepted:            0 kB
Balloon:               0 kB
HugePages_Total:       0
HugePages_Free:        0
HugePages_Rsvd:        0
HugePages_Surp:        0
Hugepagesize:       2048 kB
Hugetlb:               0 kB
DirectMap4k:      695104 kB
DirectMap2M:    23009280 kB
DirectMap1G:    110100480 kB

/sys/kernel/mm/transparent_hugepage/enabled: always [madvise] never
/sys/kernel/mm/transparent_hugepage/hpage_pmd_size: 2097152
/sys/kernel/mm/transparent_hugepage/defrag (defrag/compaction efforts parameter): always defer defer+madvise [madvise] never

Process Memory:
Virtual Size: 13620284112K (peak: 13620284112K)
Resident Set Size: 4176476K (peak: 4176476K) (anon: 1003160K, file: 3173316K, shmem: 0K)
Swapped out: 0K
C-Heap outstanding allocations: 1402685K, retained: 38350K
glibc malloc tunables: (default)

/proc/sys/kernel/threads-max (system-wide limit on the number of threads): 1026411
/proc/sys/vm/max_map_count (maximum number of memory map areas a process may have): 1048576
/proc/sys/vm/swappiness (control to define how aggressively the kernel swaps out anonymous memory): 60
/proc/sys/kernel/pid_max (system-wide limit on number of process identifiers): 4194304

container information not found.
Steal ticks since vm start: 0
Steal ticks percentage since vm start:  0.000

CPU: total 32 (initial active 32) (32 cores per cpu, 2 threads per core) family 23 model 49 stepping 0 microcode 0x830107c, cx8, cmov, fxsr, ht, mmx, 3dnowpref, sse, sse2, sse3, ssse3, sse4a, sse4.1, sse4.2, popcnt, lzcnt, tsc, tscinvbit, avx, avx2, aes, clmul, bmi1, bmi2, adx, sha, fma, vzeroupper, clflush, clflushopt, rdtscp, rdpid, f16c
CPU Model and flags from /proc/cpuinfo:
model name	: AMD EPYC 7302P 16-Core Processor
flags		: fpu vme de pse tsc msr pae mce cx8 apic sep mtrr pge mca cmov pat pse36 clflush mmx fxsr sse sse2 ht syscall nx mmxext fxsr_opt pdpe1gb rdtscp lm constant_tsc rep_good nopl xtopology nonstop_tsc cpuid extd_apicid aperfmperf rapl pni pclmulqdq monitor ssse3 fma cx16 sse4_1 sse4_2 movbe popcnt aes xsave avx f16c rdrand lahf_lm cmp_legacy svm extapic cr8_legacy abm sse4a misalignsse 3dnowprefetch osvw ibs skinit wdt tce topoext perfctr_core perfctr_nb bpext perfctr_llc mwaitx cpb cat_l3 cdp_l3 hw_pstate ssbd mba ibrs ibpb stibp vmmcall fsgsbase bmi1 avx2 smep bmi2 cqm rdt_a rdseed adx smap clflushopt clwb sha_ni xsaveopt xsavec xgetbv1 xsaves cqm_llc cqm_occup_llc cqm_mbm_total cqm_mbm_local clzero irperf xsaveerptr rdpru wbnoinvd amd_ppin arat npt lbrv svm_lock nrip_save tsc_scale vmcb_clean flushbyasid decodeassists pausefilter pfthreshold avic v_vmsave_vmload vgif v_spec_ctrl umip rdpid overflow_recov succor smca sev sev_es

Online cpus: 0-31
Offline cpus: 
BIOS frequency limitation: <Not Available>
Frequency switch latency (ns): <Not Available>
Available cpu frequencies: <Not Available>
Current governor: <Not Available>
Core performance/turbo boost: <Not Available>

Memory: 4k page, physical 131492232k(115777960k free), swap 8388604k(8388604k free)
Page Sizes: 4k

vm_info: OpenJDK 64-Bit Server VM (21.0.9-internal-adhoc.talzuss.openjdk-mmtk) for linux-amd64 JRE (21.0.9-internal-adhoc.talzuss.openjdk-mmtk), built on 2026-07-06T23:13:08Z by "talzuss" with gcc 13.3.0
heap_info: MMTk OpenJDK 0.32.0 (a3bb9ef-dirty), using MMTk 0.32.0 (6afa497-dirty, BUILTIN_ENV_LOGGER, DEFAULT, EAGER_SWEEPING, VO_BIT)@

END.
