#
# A fatal error has been detected by the Java Runtime Environment:
#
#  SIGSEGV (0xb) at pc=0x00007038c40e0a97, pid=362214, tid=362237
#
# JRE version: OpenJDK Runtime Environment (21.0.9) (build 21.0.9-internal-adhoc.talzuss.openjdk-mmtk)
# Java VM: OpenJDK 64-Bit Server VM (21.0.9-internal-adhoc.talzuss.openjdk-mmtk, mixed mode, sharing, tiered, compressed oops, compressed class ptrs, third-party gc, linux-amd64)
# Problematic frame:
# C  [libmmtk_openjdk.so+0x2e0a97]  _$LT$mmtk..plan..concurrent..immix..gc_work..SatbFinalDrain$LT$VM$GT$$u20$as$u20$mmtk..scheduler..work..GCWork$LT$VM$GT$$GT$::do_work::h99199484dacfec84+0x457
#
# Core dump will be written. Default location: Core dumps may be processed with "/usr/share/apport/apport -p%p -s%s -c%c -d%d -P%P -u%u -g%g -F%F -- %E" (or dumping to /mydata/mmtk-core/core.362214)
#
# If you would like to submit a bug report, please visit:
#   https://bugreport.java.com/bugreport/crash.jsp
#

---------------  S U M M A R Y ------------

Command Line: -XX:+UseThirdPartyHeap -Xms512m -Xmx512m /mydata/dacapo/dacapo-23.11/dacapo-23.11-MR2-chopin.jar xalan -n 3

Host: AMD EPYC 7302P 16-Core Processor, 32 cores, 125G, Ubuntu 24.04.4 LTS
Time: Tue Jul  7 16:35:52 2026 MDT elapsed time: 3.084032 seconds (0d 0h 0m 3s)

---------------  T H R E A D  ---------------

Current thread (0x00007038bc53f800):  NamedThread "MMTk Collector Thread" [id=362237, stack(0x0000638b89df3000,0x0000638b89ef3000) (1024K)]

Stack: [0x0000638b89df3000,0x0000638b89ef3000],  sp=0x0000638b89ef18f0,  free space=1018k
Native frames: (J=compiled Java code, j=interpreted, Vv=VM code, C=native code)
C  [libmmtk_openjdk.so+0x2e0a97]  _$LT$mmtk..plan..concurrent..immix..gc_work..SatbFinalDrain$LT$VM$GT$$u20$as$u20$mmtk..scheduler..work..GCWork$LT$VM$GT$$GT$::do_work::h99199484dacfec84+0x457

siginfo: si_signo: 11 (SIGSEGV), si_code: 1 (SEGV_MAPERR), si_addr: 0x0000703a23e6e838

Registers:
RAX=0x0000000058000000, RBX=0x0000000000000053, RCX=0x00007038c3e6e838, RDX=0x0000638b8b000000
RSP=0x0000638b89ef18f0, RBP=0x00000000413a7ff8, RSI=0x00000000413a7ff8, RDI=0x0000638b8b000001
R8 =0x0000638b340008e0, R9 =0x0000000000000200, R10=0x0000638b6c000030, R11=0xcc963be679912242
R12=0x0000000000275200, R13=0x00007038c4211328, R14=0x00000000413a8fc8, R15=0x0000000000275200
RIP=0x00007038c40e0a97, EFLAGS=0x0000000000010206, CSGSFS=0x002b000000000033, ERR=0x0000000000000004
  TRAPNO=0x000000000000000e

XMM[0]=0x0000000000000000 0x0000000000000000
XMM[1]=0x0000000000000000 0x0000638b6c000090
XMM[2]=0xffffff7eff612571 0x254e367a755c1d31
XMM[3]=0x0000000000000000 0x00000000ff000000
XMM[4]=0x0000000000000000 0x0000638b6c000090
XMM[5]=0x000000008b495380 0x000000000000638b
XMM[6]=0x000000008b489c58 0x000000000000638b
XMM[7]=0x000000008b52a158 0x000000000000638b
XMM[8]=0x000000008b495380 0x000000000000638b
XMM[9]=0x0000000000000000 0x0000000000000000
XMM[10]=0x3f3f3f3f3f3f3f3f 0x3f3f3f3f3f3f3f3f
XMM[11]=0x9999999999999999 0x9999999999999999
XMM[12]=0x2020202020202020 0x2020202020202020
XMM[13]=0x0000000000000000 0x0000000000000000
XMM[14]=0x0000000000000000 0x0000000000000000
XMM[15]=0x0000000000000000 0x0000000000000000
  MXCSR=0x00001fa2


Register to memory mapping:

RAX=
[error occurred during error reporting (printing register info), id 0xe0000000, Internal Error (/mydata/mmtk-openjdk/openjdk/share/mmtkHeap.cpp:444)]
RBX=
[error occurred during error reporting (printing register info, attempt 2), id 0xe0000000, Internal Error (/mydata/mmtk-openjdk/openjdk/share/mmtkHeap.cpp:444)]
RCX=
[error occurred during error reporting (printing register info, attempt 3), id 0xe0000000, Internal Error (/mydata/mmtk-openjdk/openjdk/share/mmtkHeap.cpp:444)]
Top of Stack: (sp=0x0000638b89ef18f0)
0x0000638b89ef18f0:   0000638b34000090 0000638b8b2540c8
0x0000638b89ef1900:   00007038bc3e01b0 0000000041395f10
0x0000638b89ef1910:   0000000000010000 0000638b6c009cf0
0x0000638b89ef1920:   000000000000b55e 0000000000000080
0x0000638b89ef1930:   0000638b6c008f40 0000000000000053
0x0000638b89ef1940:   00002000013a8000 00007038c4211ab0
0x0000638b89ef1950:   00007038c4080ec0 0000638b89ef19f8
0x0000638b89ef1960:   0000000000000040 0000638b6c008f40
0x0000638b89ef1970:   00007038bc52d770 0000000000000040
0x0000638b89ef1980:   0000000000000000 0000000000000001
0x0000638b89ef1990:   00007038c4211328 0000638b89ef1a40
0x0000638b89ef19a0:   0000638b89ef1940 0000638b89ef1a30
0x0000638b89ef19b0:   0000638b89ef1a28 0000638b89ef1a0f
0x0000638b89ef19c0:   0000638b89ef1a10 0000638b89ef1910
0x0000638b89ef19d0:   00007038bc52d770 0000000000000000
0x0000638b89ef19e0:   00007038bc06d400 00007038bc52d610
0x0000638b89ef19f0:   0000638b89ef1a00 00007038c407a0f3
0x0000638b89ef1a00:   0000638b6c0091d8 0000000000000001
0x0000638b89ef1a10:   0000000000000400 0000638b6c003c90
0x0000638b89ef1a20:   000000000000039a 0000000040000000
0x0000638b89ef1a30:   00000000413a8000 0000638b6c008f40
0x0000638b89ef1a40:   00000000000013a8 0000638b89ef1970
0x0000638b89ef1a50:   00007038c4211328 00007038c4211ab0
0x0000638b89ef1a60:   0000000000000080 0000638b8b253e40
0x0000638b89ef1a70:   00007038bc06fb00 0000638b89ef19d0
0x0000638b89ef1a80:   0000638b6c005960 0000638b6c0048a0
0x0000638b89ef1a90:   00007038bc06ef00 00007038bc06ec00
0x0000638b89ef1aa0:   00007038bc06e900 00007038bc06e600
0x0000638b89ef1ab0:   00007038bc06e300 00007038bc06e000
0x0000638b89ef1ac0:   00007038bc06dd00 00007038bc06da00
0x0000638b89ef1ad0:   00007038bc06d700 00007038bc046210
0x0000638b89ef1ae0:   00007038bc06d080 0000000000000001 

Instructions: (pc=0x00007038c40e0a97)
0x00007038c40e0997:   44 24 78 4c 8b ac 24 60 01 00 00 48 8b 44 24 38
0x00007038c40e09a7:   48 89 84 24 70 01 00 00 48 85 db 0f 84 08 0b 00
0x00007038c40e09b7:   00 48 8b 44 24 78 48 8d 0c d8 48 89 8c 24 10 01
0x00007038c40e09c7:   00 00 eb 2c 0f 1f 44 00 00 48 8d 94 24 a0 00 00
0x00007038c40e09d7:   00 e8 a3 f2 fa ff 48 8b 84 24 48 01 00 00 48 83
0x00007038c40e09e7:   c0 08 48 3b 84 24 10 01 00 00 0f 84 c9 0a 00 00
0x00007038c40e09f7:   48 89 84 24 48 01 00 00 48 8b 30 4c 89 ac 24 a0
0x00007038c40e0a07:   00 00 00 48 8d 84 24 50 01 00 00 48 89 84 24 a8
0x00007038c40e0a17:   00 00 00 48 8d 44 24 50 48 89 84 24 b0 00 00 00
0x00007038c40e0a27:   48 8d 84 24 40 01 00 00 48 89 84 24 b8 00 00 00
0x00007038c40e0a37:   48 8d 84 24 38 01 00 00 48 89 84 24 c0 00 00 00
0x00007038c40e0a47:   48 8d 84 24 1f 01 00 00 48 89 84 24 c8 00 00 00
0x00007038c40e0a57:   48 8d 84 24 20 01 00 00 48 89 84 24 d0 00 00 00
0x00007038c40e0a67:   48 8d 44 24 20 48 89 84 24 d8 00 00 00 8b 46 08
0x00007038c40e0a77:   48 8b 15 32 21 13 00 48 8b 0d 33 21 13 00 48 d3
0x00007038c40e0a87:   e0 48 8d 3c 10 8b 44 10 0c 48 8d 0d a1 dd d8 ff
0x00007038c40e0a97:   48 63 04 81 48 01 c8 ff e0 48 89 74 24 18 48 89
0x00007038c40e0aa7:   bc 24 78 01 00 00 48 63 87 28 01 00 00 48 85 c0
0x00007038c40e0ab7:   0f 84 5e 07 00 00 48 8b 94 24 78 01 00 00 48 63
0x00007038c40e0ac7:   8a ac 00 00 00 48 8d 0c ca 48 63 92 2c 01 00 00
0x00007038c40e0ad7:   48 8d 34 d1 48 8d 1c d1 48 81 c3 d8 01 00 00 48
0x00007038c40e0ae7:   8d 04 c6 48 05 d8 01 00 00 48 89 44 24 08 eb 18
0x00007038c40e0af7:   66 0f 1f 84 00 00 00 00 00 48 83 c3 08 48 3b 5c
0x00007038c40e0b07:   24 08 0f 84 0c 07 00 00 44 8b 63 04 4d 85 e4 74
0x00007038c40e0b17:   e8 4c 63 2b 4c 03 6c 24 18 45 31 ff eb 24 66 66
0x00007038c40e0b27:   2e 0f 1f 84 00 00 00 00 00 48 8b 44 24 28 4a 89
0x00007038c40e0b37:   2c f0 49 ff c6 4c 89 74 24 30 49 ff c7 4d 39 e7
0x00007038c40e0b47:   74 b7 4a 8d 34 bd 00 00 00 00 4c 01 ee 48 89 f0
0x00007038c40e0b57:   48 b9 ff ff ff ff ff ff ff 7f 48 21 c8 48 89 c1
0x00007038c40e0b67:   48 2b 0d 12 08 13 00 48 89 cf 48 c1 ef 0c 48 3b
0x00007038c40e0b77:   bc 24 50 01 00 00 75 31 48 8b 4c 24 50 48 8b 94
0x00007038c40e0b87:   24 40 01 00 00 48 29 d0 8b 2c 01 48 85 ed 74 aa 


Stack slot to memory mapping:

stack at sp + 0 slots: 
[error occurred during error reporting (inspecting top of stack), id 0xe0000000, Internal Error (/mydata/mmtk-openjdk/openjdk/share/mmtkHeap.cpp:444)]
stack at sp + 1 slots: 
[error occurred during error reporting (inspecting top of stack, attempt 2), id 0xe0000000, Internal Error (/mydata/mmtk-openjdk/openjdk/share/mmtkHeap.cpp:444)]
stack at sp + 2 slots: 
[error occurred during error reporting (inspecting top of stack, attempt 3), id 0xe0000000, Internal Error (/mydata/mmtk-openjdk/openjdk/share/mmtkHeap.cpp:444)]

---------------  P R O C E S S  ---------------

Threads class SMR info:
_java_thread_list=0x0000638a58081040, length=56, elements={
0x00007038bc02b240, 0x00007038bc526fb0, 0x00007038bc528840, 0x00007038bc52a330,
0x00007038bc548b80, 0x00007038bc54a4d0, 0x00007038bc54bd90, 0x00007038bc54dbd0,
0x00007038bc5575a0, 0x0000638b040558f0, 0x0000638af80016a0, 0x00007038bc5a6430,
0x00007038bc5a9430, 0x0000638afc014620, 0x0000638ae80217c0, 0x00007038bc7d7660,
0x00007038bc7d8080, 0x00007038bc7d9120, 0x00007038bc7da590, 0x00007038bc7dba10,
0x00007038bc7dce90, 0x00007038bc7de260, 0x00007038bc7df700, 0x00007038bc7e0c70,
0x00007038bc7e21e0, 0x00007038bc7e35b0, 0x00007038bc7e4a60, 0x00007038bc7e5ff0,
0x00007038bc7e7580, 0x00007038bc3e1a90, 0x00007038bc3e2aa0, 0x00007038bc3e3e40,
0x00007038bc7cf930, 0x00007038bc7d10f0, 0x00007038bc7d2650, 0x00007038bc7d3af0,
0x00007038bc7d50c0, 0x00007038bc7d6560, 0x00007038bc5c1c40, 0x00007038bc5c2f90,
0x00007038bc5c4430, 0x00007038bc5c5cc0, 0x00007038bc5c7550, 0x00007038bc5d7430,
0x00007038bc5d8340, 0x00007038bc5d9bd0, 0x00007038bc5db5e0, 0x0000638afc0c5a20,
0x0000638b040ff530, 0x0000638b04101000, 0x0000638afc106c10, 0x0000638afc107d10,
0x0000638a58035290, 0x0000638a4c0547f0, 0x0000638a4c055f50, 0x0000638a5807fba0
}

Java Threads: ( => current thread )
  0x00007038bc02b240 JavaThread "main"                              [_thread_blocked, id=362215, stack(0x00007038c4217000,0x00007038c4317000) (1024K)]
  0x00007038bc526fb0 JavaThread "Reference Handler"          daemon [_thread_blocked, id=362219, stack(0x00007038844fd000,0x00007038845fd000) (1024K)]
  0x00007038bc528840 JavaThread "Finalizer"                  daemon [_thread_blocked, id=362220, stack(0x0000638bd02fc000,0x0000638bd03fc000) (1024K)]
  0x00007038bc52a330 JavaThread "MMTk Finalizer Thread"      daemon [_thread_blocked, id=362221, stack(0x0000638bd01fc000,0x0000638bd02fc000) (1024K)]
  0x00007038bc548b80 JavaThread "Signal Dispatcher"          daemon [_thread_blocked, id=362245, stack(0x0000638b895eb000,0x0000638b896eb000) (1024K)]
  0x00007038bc54a4d0 JavaThread "Service Thread"             daemon [_thread_blocked, id=362246, stack(0x0000638b894eb000,0x0000638b895eb000) (1024K)]
  0x00007038bc54bd90 JavaThread "Monitor Deflation Thread"   daemon [_thread_blocked, id=362247, stack(0x0000638b893eb000,0x0000638b894eb000) (1024K)]
  0x00007038bc54dbd0 JavaThread "C2 CompilerThread0"         daemon [_thread_blocked, id=362248, stack(0x0000638b892eb000,0x0000638b893eb000) (1024K)]
  0x00007038bc5575a0 JavaThread "C1 CompilerThread0"         daemon [_thread_blocked, id=362249, stack(0x0000638b891eb000,0x0000638b892eb000) (1024K)]
  0x0000638b040558f0 JavaThread "C1 CompilerThread1"         daemon [_thread_blocked, id=362250, stack(0x0000638b890eb000,0x0000638b891eb000) (1024K)]
  0x0000638af80016a0 JavaThread "C1 CompilerThread2"         daemon [_thread_blocked, id=362251, stack(0x0000638b88feb000,0x0000638b890eb000) (1024K)]
  0x00007038bc5a6430 JavaThread "Notification Thread"        daemon [_thread_blocked, id=362252, stack(0x0000638b88eeb000,0x0000638b88feb000) (1024K)]
  0x00007038bc5a9430 JavaThread "Common-Cleaner"             daemon [_thread_blocked, id=362253, stack(0x0000638b88deb000,0x0000638b88eeb000) (1024K)]
  0x0000638afc014620 JavaThread "C2 CompilerThread1"         daemon [_thread_in_native, id=362254, stack(0x0000638b88ceb000,0x0000638b88deb000) (1024K)]
  0x0000638ae80217c0 JavaThread "C2 CompilerThread2"         daemon [_thread_in_native, id=362255, stack(0x0000638b88beb000,0x0000638b88ceb000) (1024K)]
  0x00007038bc7d7660 JavaThread "Thread-0"                          [_thread_blocked, id=362256, stack(0x0000638b88aeb000,0x0000638b88beb000) (1024K)]
  0x00007038bc7d8080 JavaThread "Thread-1"                          [_thread_blocked, id=362257, stack(0x0000638b889eb000,0x0000638b88aeb000) (1024K)]
  0x00007038bc7d9120 JavaThread "Thread-2"                          [_thread_blocked, id=362258, stack(0x0000638b888eb000,0x0000638b889eb000) (1024K)]
  0x00007038bc7da590 JavaThread "Thread-3"                          [_thread_blocked, id=362259, stack(0x0000638b887eb000,0x0000638b888eb000) (1024K)]
  0x00007038bc7dba10 JavaThread "Thread-4"                          [_thread_blocked, id=362260, stack(0x0000638b886eb000,0x0000638b887eb000) (1024K)]
  0x00007038bc7dce90 JavaThread "Thread-5"                          [_thread_blocked, id=362261, stack(0x0000638b885eb000,0x0000638b886eb000) (1024K)]
  0x00007038bc7de260 JavaThread "Thread-6"                          [_thread_blocked, id=362262, stack(0x0000638b884eb000,0x0000638b885eb000) (1024K)]
  0x00007038bc7df700 JavaThread "Thread-7"                          [_thread_blocked, id=362263, stack(0x0000638b883eb000,0x0000638b884eb000) (1024K)]
  0x00007038bc7e0c70 JavaThread "Thread-8"                          [_thread_blocked, id=362264, stack(0x0000638b882eb000,0x0000638b883eb000) (1024K)]
  0x00007038bc7e21e0 JavaThread "Thread-9"                          [_thread_blocked, id=362265, stack(0x0000638b881eb000,0x0000638b882eb000) (1024K)]
  0x00007038bc7e35b0 JavaThread "Thread-10"                         [_thread_blocked, id=362266, stack(0x0000638b880eb000,0x0000638b881eb000) (1024K)]
  0x00007038bc7e4a60 JavaThread "Thread-11"                         [_thread_blocked, id=362267, stack(0x0000638abff00000,0x0000638ac0000000) (1024K)]
  0x00007038bc7e5ff0 JavaThread "Thread-12"                         [_thread_blocked, id=362268, stack(0x0000638abfe00000,0x0000638abff00000) (1024K)]
  0x00007038bc7e7580 JavaThread "Thread-13"                         [_thread_blocked, id=362269, stack(0x0000638abfd00000,0x0000638abfe00000) (1024K)]
  0x00007038bc3e1a90 JavaThread "Thread-14"                         [_thread_blocked, id=362270, stack(0x0000638abfc00000,0x0000638abfd00000) (1024K)]
  0x00007038bc3e2aa0 JavaThread "Thread-15"                         [_thread_blocked, id=362271, stack(0x0000638abfb00000,0x0000638abfc00000) (1024K)]
  0x00007038bc3e3e40 JavaThread "Thread-16"                         [_thread_blocked, id=362272, stack(0x0000638abfa00000,0x0000638abfb00000) (1024K)]
  0x00007038bc7cf930 JavaThread "Thread-17"                         [_thread_blocked, id=362273, stack(0x0000638abf900000,0x0000638abfa00000) (1024K)]
  0x00007038bc7d10f0 JavaThread "Thread-18"                         [_thread_blocked, id=362274, stack(0x0000638abf800000,0x0000638abf900000) (1024K)]
  0x00007038bc7d2650 JavaThread "Thread-19"                         [_thread_blocked, id=362275, stack(0x0000638abf700000,0x0000638abf800000) (1024K)]
  0x00007038bc7d3af0 JavaThread "Thread-20"                         [_thread_blocked, id=362276, stack(0x0000638abf600000,0x0000638abf700000) (1024K)]
  0x00007038bc7d50c0 JavaThread "Thread-21"                         [_thread_blocked, id=362277, stack(0x0000638abf500000,0x0000638abf600000) (1024K)]
  0x00007038bc7d6560 JavaThread "Thread-22"                         [_thread_blocked, id=362278, stack(0x0000638abf400000,0x0000638abf500000) (1024K)]
  0x00007038bc5c1c40 JavaThread "Thread-23"                         [_thread_blocked, id=362279, stack(0x0000638abf300000,0x0000638abf400000) (1024K)]
  0x00007038bc5c2f90 JavaThread "Thread-24"                         [_thread_blocked, id=362280, stack(0x0000638abf200000,0x0000638abf300000) (1024K)]
  0x00007038bc5c4430 JavaThread "Thread-25"                         [_thread_blocked, id=362281, stack(0x0000638abf100000,0x0000638abf200000) (1024K)]
  0x00007038bc5c5cc0 JavaThread "Thread-26"                         [_thread_blocked, id=362282, stack(0x0000638abf000000,0x0000638abf100000) (1024K)]
  0x00007038bc5c7550 JavaThread "Thread-27"                         [_thread_blocked, id=362283, stack(0x0000638abef00000,0x0000638abf000000) (1024K)]
  0x00007038bc5d7430 JavaThread "Thread-28"                         [_thread_blocked, id=362284, stack(0x0000638abee00000,0x0000638abef00000) (1024K)]
  0x00007038bc5d8340 JavaThread "Thread-29"                         [_thread_blocked, id=362285, stack(0x0000638abed00000,0x0000638abee00000) (1024K)]
  0x00007038bc5d9bd0 JavaThread "Thread-30"                         [_thread_blocked, id=362286, stack(0x0000638abec00000,0x0000638abed00000) (1024K)]
  0x00007038bc5db5e0 JavaThread "Thread-31"                         [_thread_blocked, id=362287, stack(0x0000638abeb00000,0x0000638abec00000) (1024K)]
  0x0000638afc0c5a20 JavaThread "C2 CompilerThread3"         daemon [_thread_blocked, id=362288, stack(0x0000638abea00000,0x0000638abeb00000) (1024K)]
  0x0000638b040ff530 JavaThread "C2 CompilerThread4"         daemon [_thread_in_native, id=362289, stack(0x0000638abe900000,0x0000638abea00000) (1024K)]
  0x0000638b04101000 JavaThread "C2 CompilerThread5"         daemon [_thread_blocked, id=362290, stack(0x0000638abe800000,0x0000638abe900000) (1024K)]
  0x0000638afc106c10 JavaThread "C1 CompilerThread3"         daemon [_thread_blocked, id=362291, stack(0x0000638abe700000,0x0000638abe800000) (1024K)]
  0x0000638afc107d10 JavaThread "C1 CompilerThread4"         daemon [_thread_blocked, id=362292, stack(0x0000638abe600000,0x0000638abe700000) (1024K)]
  0x0000638a58035290 JavaThread "C2 CompilerThread6"         daemon [_thread_blocked, id=362293, stack(0x0000638abe500000,0x0000638abe600000) (1024K)]
  0x0000638a4c0547f0 JavaThread "C2 CompilerThread7"         daemon [_thread_blocked, id=362294, stack(0x0000638abe400000,0x0000638abe500000) (1024K)]
  0x0000638a4c055f50 JavaThread "C2 CompilerThread8"         daemon [_thread_blocked, id=362295, stack(0x0000638abe300000,0x0000638abe400000) (1024K)]
  0x0000638a5807fba0 JavaThread "C2 CompilerThread9"         daemon [_thread_in_native, id=362296, stack(0x0000638abe200000,0x0000638abe300000) (1024K)]
Total: 56

Other Threads:
  0x00007038bc51bc50 VMThread "VM Thread"                           [id=362218, stack(0x00007038845fe000,0x00007038846fe000) (1024K)]
  0x00007038bc509820 WatcherThread "VM Periodic Task Thread"        [id=362217, stack(0x00007038846ff000,0x00007038847ff000) (1024K)]

=>0x00007038bc53f800 (exited) NamedThread "MMTk Collector Thread"   [id=362237, stack(0x0000638b89df3000,0x0000638b89ef3000) (1024K)]
Total: 3

Threads with active compile tasks:
C2 CompilerThread0  3086 2611   !   4       org.apache.xpath.XPath::bool (202 bytes)
C2 CompilerThread1  3086 2348   !   4       org.apache.xalan.templates.ElemApplyTemplates::transformSelectedNodes (979 bytes)
C2 CompilerThread2  3087 2524       4       org.apache.xpath.axes.AttributeIterator::getNextNode (46 bytes)
C2 CompilerThread3  3087 2902   !   4       org.apache.xalan.templates.ElemLiteralResult::execute (312 bytes)
C2 CompilerThread4  3087 2857       4       org.apache.xerces.impl.XMLNSDocumentScannerImpl::scanStartElement (866 bytes)
C2 CompilerThread5  3087 2574       4       org.apache.xpath.axes.ChildTestIterator::setRoot (21 bytes)
C2 CompilerThread6  3087 2499       4       org.apache.xml.serializer.SerializerBase::getProp (62 bytes)
C2 CompilerThread7  3087 2285       4       org.apache.xalan.templates.TemplateList::getHead (200 bytes)
C2 CompilerThread8  3087 2659       4       org.apache.xpath.axes.LocPathIterator::asNode (38 bytes)
C2 CompilerThread9  3087 2767 % !   4       org.apache.xerces.impl.XMLDocumentFragmentScannerImpl$FragmentContentDispatcher::dispatch @ 145 (1118 bytes)
Total: 10

VM state: at safepoint (normal execution)

VM Mutex/Monitor currently owned by a thread:  ([mutex/lock_event])
[0x00007038c59580d0] Threads_lock - owner thread: 0x00007038bc51bc50
[0x00007038c5957fd0] Heap_lock - owner thread: 0x00007038bc3e50f0

Heap address: 0x0000000040000000, size: 3072 MB, Compressed Oops mode: 32-bit

CDS archive(s) mapped at: [0x0000638b8b000000-0x0000638b8bca3000-0x0000638b8bca3000), size 13250560, SharedBaseAddress: 0x0000638b8b000000, ArchiveRelocationMode: 1.
Compressed class space mapped at: 0x0000638b8c000000-0x0000638bcc000000, reserved size: 1073741824
Narrow klass base: 0x0000638b8b000000, Narrow klass shift: 0, Narrow klass range: 0x100000000

GC Precious Log:
<Empty>

Heap:

[error occurred during error reporting (printing heap information), id 0xe0000000, Internal Error (/mydata/mmtk-openjdk/openjdk/share/mmtkHeap.cpp:424)]
Metaspace:

Usage:
  Non-class:      6.99 MB used.
      Class:    965.55 KB used.
       Both:      7.93 MB used.

Virtual space:
  Non-class space:       64.00 MB reserved,       7.06 MB ( 11%) committed,  1 nodes.
      Class space:        1.00 GB reserved,       1.06 MB ( <1%) committed,  1 nodes.
             Both:        1.06 GB reserved,       8.12 MB ( <1%) committed. 

Chunk freelists:
   Non-Class:  7.38 MB
       Class:  14.99 MB
        Both:  22.37 MB

MaxMetaspaceSize: unlimited
CompressedClassSpaceSize: 1.00 GB
Initial GC threshold: 21.00 MB
Current GC threshold: 21.00 MB
CDS: on
 - commit_granule_bytes: 65536.
 - commit_granule_words: 8192.
 - virtual_space_node_default_size: 8388608.
 - enlarge_chunks_in_place: 1.
 - use_allocation_guard: 0.


Internal statistics:

num_allocs_failed_limit: 0.
num_arena_births: 120.
num_arena_deaths: 0.
num_vsnodes_births: 2.
num_vsnodes_deaths: 0.
num_space_committed: 130.
num_space_uncommitted: 0.
num_chunks_returned_to_freelist: 0.
num_chunks_taken_from_freelist: 361.
num_chunk_merges: 0.
num_chunk_splits: 258.
num_chunks_enlarged: 206.
num_inconsistent_stats: 0.

CodeHeap 'non-profiled nmethods': size=118880Kb used=1479Kb max_used=1479Kb free=117401Kb
 bounds [0x00007038ac3e8000, 0x00007038ac658000, 0x00007038b3800000]
CodeHeap 'profiled nmethods': size=118876Kb used=6286Kb max_used=6286Kb free=112589Kb
 bounds [0x00007038a4800000, 0x00007038a4e30000, 0x00007038abc17000]
CodeHeap 'non-nmethods': size=8004Kb used=3528Kb max_used=3607Kb free=4475Kb
 bounds [0x00007038abc17000, 0x00007038abfa7000, 0x00007038ac3e8000]
CodeCache: size=245760Kb, used=11293Kb, max_used=11372Kb, free=234465Kb
 total_blobs=3370, nmethods=2888, adapters=381, full_count=0
Compilation: enabled, stopped_count=0, restarted_count=0

Compilation events (20 events):
Event: 3.077 Thread 0x0000638b04101000 nmethod 2956 0x00007038ac550a90 code [0x00007038ac550ca0, 0x00007038ac551338]
Event: 3.077 Thread 0x0000638b04101000 2495       4       java.lang.CharacterDataLatin1::getType (11 bytes)
Event: 3.077 Thread 0x00007038bc54dbd0 nmethod 2476 0x00007038ac551990 code [0x00007038ac551ea0, 0x00007038ac554ba0]
Event: 3.077 Thread 0x0000638b04101000 nmethod 2495 0x00007038ac556b10 code [0x00007038ac556c80, 0x00007038ac556d40]
Event: 3.077 Thread 0x0000638b04101000 2574       4       org.apache.xpath.axes.ChildTestIterator::setRoot (21 bytes)
Event: 3.077 Thread 0x00007038bc54dbd0 2611   !   4       org.apache.xpath.XPath::bool (202 bytes)
Event: 3.077 Thread 0x0000638a4c055f50 nmethod 2494 0x00007038ac556e10 code [0x00007038ac557000, 0x00007038ac557990]
Event: 3.077 Thread 0x0000638a4c055f50 2626       4       org.apache.xpath.NodeSetDTM::runTo (55 bytes)
Event: 3.078 Thread 0x0000638a4c0547f0 nmethod 2962 0x00007038ac557e10 code [0x00007038ac557fe0, 0x00007038ac5587a8]
Event: 3.078 Thread 0x0000638a4c0547f0 2486       4       org.apache.xml.serializer.ToStream::processLineFeed (54 bytes)
Event: 3.078 Thread 0x0000638a4c055f50 nmethod 2626 0x00007038ac558b10 code [0x00007038ac558ca0, 0x00007038ac558d80]
Event: 3.078 Thread 0x0000638a4c055f50 2642       4       org.apache.xpath.axes.ChildTestIterator::detach (17 bytes)
Event: 3.078 Thread 0x0000638a4c055f50 nmethod 2642 0x00007038ac558e10 code [0x00007038ac558fa0, 0x00007038ac5590d0]
Event: 3.078 Thread 0x0000638a4c055f50 2182       4       java.io.OutputStreamWriter::write (11 bytes)
Event: 3.079 Thread 0x0000638a4c0547f0 nmethod 2486 0x00007038ac559190 code [0x00007038ac559320, 0x00007038ac559488]
Event: 3.079 Thread 0x0000638a4c0547f0 2658       4       org.apache.xpath.axes.LocPathIterator::bool (15 bytes)
Event: 3.079 Thread 0x0000638a4c055f50 nmethod 2182 0x00007038ac559590 code [0x00007038ac559720, 0x00007038ac559800]
Event: 3.079 Thread 0x0000638a4c055f50 2659       4       org.apache.xpath.axes.LocPathIterator::asNode (38 bytes)
Event: 3.079 Thread 0x0000638a4c0547f0 nmethod 2658 0x00007038ac559910 code [0x00007038ac559aa0, 0x00007038ac559b60]
Event: 3.079 Thread 0x0000638a4c0547f0 2285       4       org.apache.xalan.templates.TemplateList::getHead (200 bytes)

GC Heap History (0 events):
No events

Dll operation events (7 events):
Event: 0.001 Loaded shared library /mydata/openjdk-mmtk/build/b0test/images/jdk/lib/libjava.so
Event: 2.219 Loaded shared library /mydata/openjdk-mmtk/build/b0test/images/jdk/lib/libjsvml.so
Event: 2.233 Loaded shared library /mydata/openjdk-mmtk/build/b0test/images/jdk/lib/libnio.so
Event: 2.237 Loaded shared library /mydata/openjdk-mmtk/build/b0test/images/jdk/lib/libzip.so
Event: 2.252 Loaded shared library /mydata/openjdk-mmtk/build/b0test/images/jdk/lib/libjimage.so
Event: 2.280 Loaded shared library /mydata/openjdk-mmtk/build/b0test/images/jdk/lib/libnet.so
Event: 2.391 Loaded shared library /mydata/openjdk-mmtk/build/b0test/images/jdk/lib/libverify.so

Deoptimization events (20 events):
Event: 2.928 Thread 0x00007038bc5d7430 DEOPT PACKING pc=0x00007038ac4fa344 sp=0x0000638abeefe300
Event: 2.928 Thread 0x00007038bc5d7430 DEOPT UNPACKING pc=0x00007038abc6a899 sp=0x0000638abeefe248 mode 2
Event: 2.980 Thread 0x00007038bc7de260 DEOPT PACKING pc=0x00007038a4d3bd00 sp=0x0000638b885e9510
Event: 2.980 Thread 0x00007038bc7de260 DEOPT UNPACKING pc=0x00007038abc6b02f sp=0x0000638b885e8b00 mode 0
Event: 3.003 Thread 0x00007038bc5c2f90 DEOPT PACKING pc=0x00007038a4d63f66 sp=0x0000638abf2fe490
Event: 3.003 Thread 0x00007038bc5c2f90 DEOPT UNPACKING pc=0x00007038abc6b02f sp=0x0000638abf2fd970 mode 0
Event: 3.020 Thread 0x00007038bc5d9bd0 DEOPT PACKING pc=0x00007038a4d692be sp=0x0000638abecfe610
Event: 3.020 Thread 0x00007038bc5d9bd0 DEOPT UNPACKING pc=0x00007038abc6b02f sp=0x0000638abecfdc08 mode 0
Event: 3.026 Thread 0x00007038bc5c2f90 Uncommon trap: trap_request=0xffffff6e fr.pc=0x00007038ac529a84 relative=0x0000000000001044
Event: 3.026 Thread 0x00007038bc5c2f90 Uncommon trap: reason=loop_limit_check action=maybe_recompile pc=0x00007038ac529a84 method=org.apache.xalan.templates.ElemLiteralResult.execute(Lorg/apache/xalan/transformer/TransformerImpl;)V @ 110 c2
Event: 3.026 Thread 0x00007038bc5c2f90 DEOPT PACKING pc=0x00007038ac529a84 sp=0x0000638abf2fd1a0
Event: 3.026 Thread 0x00007038bc3e2aa0 Uncommon trap: trap_request=0xffffff6e fr.pc=0x00007038ac529a84 relative=0x0000000000001044
Event: 3.026 Thread 0x00007038bc3e2aa0 Uncommon trap: reason=loop_limit_check action=maybe_recompile pc=0x00007038ac529a84 method=org.apache.xalan.templates.ElemLiteralResult.execute(Lorg/apache/xalan/transformer/TransformerImpl;)V @ 110 c2
Event: 3.026 Thread 0x00007038bc5c2f90 DEOPT UNPACKING pc=0x00007038abc6a899 sp=0x0000638abf2fd1b0 mode 2
Event: 3.026 Thread 0x00007038bc3e2aa0 DEOPT PACKING pc=0x00007038ac529a84 sp=0x0000638abfbfd1a0
Event: 3.026 Thread 0x00007038bc7d7660 Uncommon trap: trap_request=0xffffff6e fr.pc=0x00007038ac529a84 relative=0x0000000000001044
Event: 3.026 Thread 0x00007038bc7d7660 Uncommon trap: reason=loop_limit_check action=maybe_recompile pc=0x00007038ac529a84 method=org.apache.xalan.templates.ElemLiteralResult.execute(Lorg/apache/xalan/transformer/TransformerImpl;)V @ 110 c2
Event: 3.026 Thread 0x00007038bc7d7660 DEOPT PACKING pc=0x00007038ac529a84 sp=0x0000638b88be8ec0
Event: 3.026 Thread 0x00007038bc3e2aa0 DEOPT UNPACKING pc=0x00007038abc6a899 sp=0x0000638abfbfd1b0 mode 2
Event: 3.026 Thread 0x00007038bc7d7660 DEOPT UNPACKING pc=0x00007038abc6a899 sp=0x0000638b88be8ed0 mode 2

Classes loaded (20 events):
Event: 2.674 Loading class java/util/ResourceBundle$KeyElementReference
Event: 2.674 Loading class java/util/ResourceBundle$CacheKeyReference
Event: 2.674 Loading class java/util/ResourceBundle$CacheKeyReference done
Event: 2.674 Loading class java/util/ResourceBundle$KeyElementReference done
Event: 2.675 Loading class java/util/ResourceBundle$Control$2
Event: 2.675 Loading class java/util/ResourceBundle$Control$2 done
Event: 2.676 Loading class sun/util/PropertyResourceBundleCharset
Event: 2.676 Loading class sun/util/PropertyResourceBundleCharset done
Event: 2.676 Loading class sun/util/PropertyResourceBundleCharset$PropertiesFileDecoder
Event: 2.676 Loading class sun/util/PropertyResourceBundleCharset$PropertiesFileDecoder done
Event: 2.677 Loading class java/util/ResourceBundle$BundleReference
Event: 2.677 Loading class java/util/ResourceBundle$BundleReference done
Event: 2.677 Loading class sun/util/ResourceBundleEnumeration
Event: 2.677 Loading class sun/util/ResourceBundleEnumeration done
Event: 2.692 Loading class sun/nio/cs/ISO_8859_1$Encoder
Event: 2.692 Loading class sun/nio/cs/ISO_8859_1$Encoder done
Event: 2.722 Loading class java/util/ResourceBundle$Control$1
Event: 2.722 Loading class java/util/ResourceBundle$Control$1 done
Event: 2.734 Loading class java/lang/foreign/MemorySegment
Event: 2.735 Loading class java/lang/foreign/MemorySegment done

Classes unloaded (0 events):
No events

Classes redefined (0 events):
No events

Internal exceptions (13 events):
Event: 2.244 Thread 0x00007038bc02b240 Exception <a 'java/lang/NoSuchMethodError'{0x0000000040334090}: 'java.lang.Object java.lang.invoke.DirectMethodHandle$Holder.newInvokeSpecial(java.lang.Object, int, java.lang.Object)'> (0x0000000040334090) 
thrown [src/hotspot/share/interpreter/linkResolver.cpp, line 772]
Event: 2.255 Thread 0x00007038bc02b240 Exception <a 'java/lang/NoSuchMethodError'{0x00000000402f9e28}: 'void java.lang.invoke.DirectMethodHandle$Holder.invokeStatic(java.lang.Object, java.lang.Object)'> (0x00000000402f9e28) 
thrown [src/hotspot/share/interpreter/linkResolver.cpp, line 772]
Event: 2.255 Thread 0x00007038bc02b240 Exception <a 'java/lang/NoSuchMethodError'{0x00000000402fd820}: 'void java.lang.invoke.DirectMethodHandle$Holder.invokeSpecial(java.lang.Object, java.lang.Object, java.lang.Object)'> (0x00000000402fd820) 
thrown [src/hotspot/share/interpreter/linkResolver.cpp, line 772]
Event: 2.302 Thread 0x00007038bc02b240 Exception <a 'java/lang/NoSuchMethodError'{0x00000000401be078}: 'void java.lang.invoke.DirectMethodHandle$Holder.invokeVirtual(java.lang.Object, java.lang.Object)'> (0x00000000401be078) 
thrown [src/hotspot/share/interpreter/linkResolver.cpp, line 772]
Event: 2.310 Thread 0x00007038bc02b240 Exception <a 'java/io/FileNotFoundException'{0x000000004019fc58}> (0x000000004019fc58) 
thrown [src/hotspot/share/prims/jni.cpp, line 520]
Event: 2.321 Thread 0x00007038bc02b240 Exception <a 'java/lang/NoSuchMethodError'{0x0000000040137c08}: 'java.lang.Object java.lang.invoke.Invokers$Holder.invokeExact_MT(java.lang.Object, java.lang.Object, java.lang.Object, java.lang.Object, java.lang.Object)'> (0x0000000040137c08) 
thrown [src/hotspot/share/interpreter/linkResolver.cpp, line 772]
Event: 2.524 Thread 0x00007038bc02b240 Exception <a 'java/lang/NoSuchMethodError'{0x0000000040ec24f8}: 'void java.lang.invoke.DirectMethodHandle$Holder.invokeVirtual(java.lang.Object, java.lang.Object, int)'> (0x0000000040ec24f8) 
thrown [src/hotspot/share/interpreter/linkResolver.cpp, line 772]
Event: 2.524 Thread 0x00007038bc02b240 Exception <a 'java/lang/NoSuchMethodError'{0x0000000040ec6c88}: 'int java.lang.invoke.DirectMethodHandle$Holder.invokeSpecial(java.lang.Object, java.lang.Object, java.lang.Object, int)'> (0x0000000040ec6c88) 
thrown [src/hotspot/share/interpreter/linkResolver.cpp, line 772]
Event: 2.526 Thread 0x00007038bc02b240 Exception <a 'java/lang/NoSuchMethodError'{0x0000000040ea00a8}: 'java.lang.Object java.lang.invoke.DirectMethodHandle$Holder.invokeStatic(java.lang.Object, java.lang.Object, java.lang.Object, java.lang.Object, int)'> (0x0000000040ea00a8) 
thrown [src/hotspot/share/interpreter/linkResolver.cpp, line 772]
Event: 2.527 Thread 0x00007038bc02b240 Exception <a 'java/lang/NoSuchMethodError'{0x0000000040e9b2d0}: 'void java.lang.invoke.DelegatingMethodHandle$Holder.reinvoke_L(java.lang.Object, java.lang.Object, int)'> (0x0000000040e9b2d0) 
thrown [src/hotspot/share/interpreter/linkResolver.cpp, line 772]
Event: 2.528 Thread 0x00007038bc02b240 Exception <a 'java/lang/NoSuchMethodError'{0x0000000040e92048}: 'int java.lang.invoke.DirectMethodHandle$Holder.invokeSpecial(java.lang.Object, java.lang.Object, java.lang.Object)'> (0x0000000040e92048) 
thrown [src/hotspot/share/interpreter/linkResolver.cpp, line 772]
Event: 2.605 Thread 0x00007038bc02b240 Exception <a 'java/lang/NoSuchMethodError'{0x00000000413c6268}: 'void java.lang.invoke.DelegatingMethodHandle$Holder.reinvoke_L(java.lang.Object, java.lang.Object, int, int)'> (0x00000000413c6268) 
thrown [src/hotspot/share/interpreter/linkResolver.cpp, line 772]
Event: 2.673 Thread 0x00007038bc5d9bd0 Exception <a 'java/lang/NoSuchMethodError'{0x0000000040b8dc90}: 'java.lang.Object java.lang.invoke.DirectMethodHandle$Holder.invokeInterface(java.lang.Object, java.lang.Object)'> (0x0000000040b8dc90) 
thrown [src/hotspot/share/interpreter/linkResolver.cpp, line 772]

ZGC Phase Switch (0 events):
No events

VM Operations (20 events):
Event: 2.783 Executing VM operation: ICBufferFull done
Event: 2.784 Executing VM operation: ICBufferFull
Event: 2.785 Executing VM operation: ICBufferFull done
Event: 2.788 Executing VM operation: ICBufferFull
Event: 2.788 Executing VM operation: ICBufferFull done
Event: 2.790 Executing VM operation: ICBufferFull
Event: 2.790 Executing VM operation: ICBufferFull done
Event: 2.795 Executing VM operation: ICBufferFull
Event: 2.795 Executing VM operation: ICBufferFull done
Event: 2.799 Executing VM operation: ICBufferFull
Event: 2.801 Executing VM operation: ICBufferFull done
Event: 2.803 Executing VM operation: ICBufferFull
Event: 2.803 Executing VM operation: ICBufferFull done
Event: 2.808 Executing VM operation: HandshakeAllThreads (Deoptimize)
Event: 2.814 Executing VM operation: HandshakeAllThreads (Deoptimize) done
Event: 2.952 Executing VM operation: ICBufferFull
Event: 2.953 Executing VM operation: ICBufferFull done
Event: 3.059 Executing VM operation: ThirdPartyHeapOperation
Event: 3.076 Executing VM operation: ThirdPartyHeapOperation done
Event: 3.080 Executing VM operation: ThirdPartyHeapOperation

Memory protections (20 events):
Event: 2.642 Protecting memory [0x0000638abf500000,0x0000638abf504000] with protection modes 0
Event: 2.642 Protecting memory [0x0000638abf400000,0x0000638abf404000] with protection modes 0
Event: 2.642 Protecting memory [0x0000638abf300000,0x0000638abf304000] with protection modes 0
Event: 2.642 Protecting memory [0x0000638abf200000,0x0000638abf204000] with protection modes 0
Event: 2.642 Protecting memory [0x0000638abf100000,0x0000638abf104000] with protection modes 0
Event: 2.642 Protecting memory [0x0000638abf000000,0x0000638abf004000] with protection modes 0
Event: 2.642 Protecting memory [0x0000638abef00000,0x0000638abef04000] with protection modes 0
Event: 2.642 Protecting memory [0x0000638abee00000,0x0000638abee04000] with protection modes 0
Event: 2.642 Protecting memory [0x0000638abed00000,0x0000638abed04000] with protection modes 0
Event: 2.642 Protecting memory [0x0000638abec00000,0x0000638abec04000] with protection modes 0
Event: 2.642 Protecting memory [0x0000638abeb00000,0x0000638abeb04000] with protection modes 0
Event: 2.687 Protecting memory [0x0000638abea00000,0x0000638abea04000] with protection modes 0
Event: 2.689 Protecting memory [0x0000638abe900000,0x0000638abe904000] with protection modes 0
Event: 2.689 Protecting memory [0x0000638abe800000,0x0000638abe804000] with protection modes 0
Event: 2.717 Protecting memory [0x0000638abe700000,0x0000638abe704000] with protection modes 0
Event: 2.717 Protecting memory [0x0000638abe600000,0x0000638abe604000] with protection modes 0
Event: 2.740 Protecting memory [0x0000638abe500000,0x0000638abe504000] with protection modes 0
Event: 2.745 Protecting memory [0x0000638abe400000,0x0000638abe404000] with protection modes 0
Event: 2.747 Protecting memory [0x0000638abe300000,0x0000638abe304000] with protection modes 0
Event: 2.758 Protecting memory [0x0000638abe200000,0x0000638abe204000] with protection modes 0

Nmethod flushes (0 events):
No events

Events (20 events):
Event: 2.641 Thread 0x00007038bc02b240 Thread added: 0x00007038bc7d50c0
Event: 2.642 Thread 0x00007038bc02b240 Thread added: 0x00007038bc7d6560
Event: 2.642 Thread 0x00007038bc02b240 Thread added: 0x00007038bc5c1c40
Event: 2.642 Thread 0x00007038bc02b240 Thread added: 0x00007038bc5c2f90
Event: 2.642 Thread 0x00007038bc02b240 Thread added: 0x00007038bc5c4430
Event: 2.642 Thread 0x00007038bc02b240 Thread added: 0x00007038bc5c5cc0
Event: 2.642 Thread 0x00007038bc02b240 Thread added: 0x00007038bc5c7550
Event: 2.642 Thread 0x00007038bc02b240 Thread added: 0x00007038bc5d7430
Event: 2.642 Thread 0x00007038bc02b240 Thread added: 0x00007038bc5d8340
Event: 2.642 Thread 0x00007038bc02b240 Thread added: 0x00007038bc5d9bd0
Event: 2.642 Thread 0x00007038bc02b240 Thread added: 0x00007038bc5db5e0
Event: 2.687 Thread 0x0000638af80016a0 Thread added: 0x0000638afc0c5a20
Event: 2.688 Thread 0x00007038bc5575a0 Thread added: 0x0000638b040ff530
Event: 2.689 Thread 0x00007038bc5575a0 Thread added: 0x0000638b04101000
Event: 2.717 Thread 0x0000638af80016a0 Thread added: 0x0000638afc106c10
Event: 2.717 Thread 0x0000638af80016a0 Thread added: 0x0000638afc107d10
Event: 2.740 Thread 0x0000638afc106c10 Thread added: 0x0000638a58035290
Event: 2.745 Thread 0x0000638afc107d10 Thread added: 0x0000638a4c0547f0
Event: 2.747 Thread 0x0000638afc107d10 Thread added: 0x0000638a4c055f50
Event: 2.757 Thread 0x0000638afc106c10 Thread added: 0x0000638a5807fba0


Dynamic libraries:
40000000-40400000 rw-p 00000000 00:00 0                                  [anon:mmtk:space:immix]
40400000-40800000 rw-p 00000000 00:00 0                                  [anon:mmtk:space:los]
40800000-41400000 rw-p 00000000 00:00 0                                  [anon:mmtk:space:immix]
41400000-41c00000 rw-p 00000000 00:00 0                                  [anon:mmtk:space:los]
41c00000-42400000 rw-p 00000000 00:00 0                                  [anon:mmtk:space:immix]
42400000-42800000 rw-p 00000000 00:00 0                                  [anon:mmtk:space:los]
42800000-43000000 rw-p 00000000 00:00 0                                  [anon:mmtk:space:immix]
43000000-43400000 rw-p 00000000 00:00 0                                  [anon:mmtk:space:los]
43400000-43800000 rw-p 00000000 00:00 0                                  [anon:mmtk:space:immix]
43800000-43c00000 rw-p 00000000 00:00 0                                  [anon:mmtk:space:los]
43c00000-44800000 rw-p 00000000 00:00 0                                  [anon:mmtk:space:immix]
44800000-44c00000 rw-p 00000000 00:00 0                                  [anon:mmtk:space:los]
44c00000-45000000 rw-p 00000000 00:00 0                                  [anon:mmtk:space:immix]
45000000-45400000 rw-p 00000000 00:00 0                                  [anon:mmtk:space:los]
45400000-45c00000 rw-p 00000000 00:00 0                                  [anon:mmtk:space:immix]
45c00000-46000000 rw-p 00000000 00:00 0                                  [anon:mmtk:space:los]
46000000-46400000 rw-p 00000000 00:00 0                                  [anon:mmtk:space:immix]
46400000-46800000 rw-p 00000000 00:00 0                                  [anon:mmtk:space:los]
46800000-46c00000 rw-p 00000000 00:00 0                                  [anon:mmtk:space:immix]
46c00000-47000000 rw-p 00000000 00:00 0                                  [anon:mmtk:space:los]
47000000-47800000 rw-p 00000000 00:00 0                                  [anon:mmtk:space:immix]
47800000-47c00000 rw-p 00000000 00:00 0                                  [anon:mmtk:space:los]
47c00000-48400000 rw-p 00000000 00:00 0                                  [anon:mmtk:space:immix]
48400000-48800000 rw-p 00000000 00:00 0                                  [anon:mmtk:space:los]
48800000-48c00000 rw-p 00000000 00:00 0                                  [anon:mmtk:space:immix]
48c00000-49000000 rw-p 00000000 00:00 0                                  [anon:mmtk:space:los]
49000000-49800000 rw-p 00000000 00:00 0                                  [anon:mmtk:space:immix]
49800000-49c00000 rw-p 00000000 00:00 0                                  [anon:mmtk:space:los]
49c00000-4a000000 rw-p 00000000 00:00 0                                  [anon:mmtk:space:immix]
4a000000-4a400000 rw-p 00000000 00:00 0                                  [anon:mmtk:space:los]
4a400000-4ac00000 rw-p 00000000 00:00 0                                  [anon:mmtk:space:immix]
4ac00000-4b000000 rw-p 00000000 00:00 0                                  [anon:mmtk:space:los]
4b000000-4b400000 rw-p 00000000 00:00 0                                  [anon:mmtk:space:immix]
4b400000-4b800000 rw-p 00000000 00:00 0                                  [anon:mmtk:space:los]
4b800000-4c000000 rw-p 00000000 00:00 0                                  [anon:mmtk:space:immix]
4c000000-4c400000 rw-p 00000000 00:00 0                                  [anon:mmtk:space:los]
4c400000-4cc00000 rw-p 00000000 00:00 0                                  [anon:mmtk:space:immix]
4cc00000-4d000000 rw-p 00000000 00:00 0                                  [anon:mmtk:space:los]
4d000000-4d400000 rw-p 00000000 00:00 0                                  [anon:mmtk:space:immix]
4d400000-4d800000 rw-p 00000000 00:00 0                                  [anon:mmtk:space:los]
4d800000-4e000000 rw-p 00000000 00:00 0                                  [anon:mmtk:space:immix]
4e000000-4e400000 rw-p 00000000 00:00 0                                  [anon:mmtk:space:los]
4e400000-4ec00000 rw-p 00000000 00:00 0                                  [anon:mmtk:space:immix]
4ec00000-4f000000 rw-p 00000000 00:00 0                                  [anon:mmtk:space:los]
4f000000-4f800000 rw-p 00000000 00:00 0                                  [anon:mmtk:space:immix]
4f800000-4fc00000 rw-p 00000000 00:00 0                                  [anon:mmtk:space:los]
4fc00000-50000000 rw-p 00000000 00:00 0                                  [anon:mmtk:space:immix]
50000000-50400000 rw-p 00000000 00:00 0                                  [anon:mmtk:space:los]
50400000-50800000 rw-p 00000000 00:00 0                                  [anon:mmtk:space:immix]
200000000000-2000c00c0000 rw-s 00000000 00:10 68                         anon_inode:bpf-map
5efc8c35a000-5efc8c35b000 r--p 00000000 fc:00 49676337                   /mydata/openjdk-mmtk/build/b0test/images/jdk/bin/java
5efc8c35b000-5efc8c35c000 r-xp 00001000 fc:00 49676337                   /mydata/openjdk-mmtk/build/b0test/images/jdk/bin/java
5efc8c35c000-5efc8c35d000 r--p 00002000 fc:00 49676337                   /mydata/openjdk-mmtk/build/b0test/images/jdk/bin/java
5efc8c35d000-5efc8c35e000 r--p 00002000 fc:00 49676337                   /mydata/openjdk-mmtk/build/b0test/images/jdk/bin/java
5efc8c35e000-5efc8c35f000 rw-p 00003000 fc:00 49676337                   /mydata/openjdk-mmtk/build/b0test/images/jdk/bin/java
5efc96b81000-5efc96bc9000 rw-p 00000000 00:00 0                          [heap]
638a3c000000-638a3cc66000 rw-p 00000000 00:00 0 
638a3cc66000-638a40000000 ---p 00000000 00:00 0 
638a44000000-638a446b4000 rw-p 00000000 00:00 0 
638a446b4000-638a48000000 ---p 00000000 00:00 0 
638a48000000-638a487ab000 rw-p 00000000 00:00 0 
638a487ab000-638a4c000000 ---p 00000000 00:00 0 
638a4c000000-638a4c1c1000 rw-p 00000000 00:00 0 
638a4c1c1000-638a50000000 ---p 00000000 00:00 0 
638a50000000-638a5058e000 rw-p 00000000 00:00 0 
638a5058e000-638a54000000 ---p 00000000 00:00 0 
638a54000000-638a54afc000 rw-p 00000000 00:00 0 
638a54afc000-638a58000000 ---p 00000000 00:00 0 
638a58000000-638a580eb000 rw-p 00000000 00:00 0 
638a580eb000-638a5c000000 ---p 00000000 00:00 0 
638a5c000000-638a5c9ab000 rw-p 00000000 00:00 0 
638a5c9ab000-638a60000000 ---p 00000000 00:00 0 
638a60000000-638a60a89000 rw-p 00000000 00:00 0 
638a60a89000-638a64000000 ---p 00000000 00:00 0 
638a64000000-638a64056000 rw-p 00000000 00:00 0 
638a64056000-638a68000000 ---p 00000000 00:00 0 
638a68000000-638a68021000 rw-p 00000000 00:00 0 
638a68021000-638a6c000000 ---p 00000000 00:00 0 
638a6c000000-638a6c027000 rw-p 00000000 00:00 0 
638a6c027000-638a70000000 ---p 00000000 00:00 0 
638a70000000-638a7002b000 rw-p 00000000 00:00 0 
638a7002b000-638a74000000 ---p 00000000 00:00 0 
638a74000000-638a74059000 rw-p 00000000 00:00 0 
638a74059000-638a78000000 ---p 00000000 00:00 0 
638a78000000-638a78021000 rw-p 00000000 00:00 0 
638a78021000-638a7c000000 ---p 00000000 00:00 0 
638a7c000000-638a7c021000 rw-p 00000000 00:00 0 
638a7c021000-638a80000000 ---p 00000000 00:00 0 
638a80000000-638a80021000 rw-p 00000000 00:00 0 
638a80021000-638a84000000 ---p 00000000 00:00 0 
638a84000000-638a8404a000 rw-p 00000000 00:00 0 
638a8404a000-638a88000000 ---p 00000000 00:00 0 
638a88000000-638a8802f000 rw-p 00000000 00:00 0 
638a8802f000-638a8c000000 ---p 00000000 00:00 0 
638a8c000000-638a8c021000 rw-p 00000000 00:00 0 
638a8c021000-638a90000000 ---p 00000000 00:00 0 
638a90000000-638a90021000 rw-p 00000000 00:00 0 
638a90021000-638a94000000 ---p 00000000 00:00 0 
638a94000000-638a94029000 rw-p 00000000 00:00 0 
638a94029000-638a98000000 ---p 00000000 00:00 0 
638a98000000-638a98021000 rw-p 00000000 00:00 0 
638a98021000-638a9c000000 ---p 00000000 00:00 0 
638a9c000000-638a9c02d000 rw-p 00000000 00:00 0 
638a9c02d000-638aa0000000 ---p 00000000 00:00 0 
638aa0000000-638aa0021000 rw-p 00000000 00:00 0 
638aa0021000-638aa4000000 ---p 00000000 00:00 0 
638aa4000000-638aa4021000 rw-p 00000000 00:00 0 
638aa4021000-638aa8000000 ---p 00000000 00:00 0 
638aa8000000-638aa8021000 rw-p 00000000 00:00 0 
638aa8021000-638aac000000 ---p 00000000 00:00 0 
638aac000000-638aac02e000 rw-p 00000000 00:00 0 
638aac02e000-638ab0000000 ---p 00000000 00:00 0 
638ab0000000-638ab0021000 rw-p 00000000 00:00 0 
638ab0021000-638ab4000000 ---p 00000000 00:00 0 
638ab4000000-638ab4021000 rw-p 00000000 00:00 0 
638ab4021000-638ab8000000 ---p 00000000 00:00 0 
638ab8000000-638ab8021000 rw-p 00000000 00:00 0 
638ab8021000-638abc000000 ---p 00000000 00:00 0 
638abe200000-638abe204000 ---p 00000000 00:00 0 
638abe204000-638abe300000 rw-p 00000000 00:00 0 
638abe300000-638abe304000 ---p 00000000 00:00 0 
638abe304000-638abe400000 rw-p 00000000 00:00 0 
638abe400000-638abe404000 ---p 00000000 00:00 0 
638abe404000-638abe500000 rw-p 00000000 00:00 0 
638abe500000-638abe504000 ---p 00000000 00:00 0 
638abe504000-638abe600000 rw-p 00000000 00:00 0 
638abe600000-638abe604000 ---p 00000000 00:00 0 
638abe604000-638abe700000 rw-p 00000000 00:00 0 
638abe700000-638abe704000 ---p 00000000 00:00 0 
638abe704000-638abe800000 rw-p 00000000 00:00 0 
638abe800000-638abe804000 ---p 00000000 00:00 0 
638abe804000-638abe900000 rw-p 00000000 00:00 0 
638abe900000-638abe904000 ---p 00000000 00:00 0 
638abe904000-638abea00000 rw-p 00000000 00:00 0 
638abea00000-638abea04000 ---p 00000000 00:00 0 
638abea04000-638abeb00000 rw-p 00000000 00:00 0 
638abeb00000-638abeb04000 ---p 00000000 00:00 0 
638abeb04000-638abec00000 rw-p 00000000 00:00 0 
638abec00000-638abec04000 ---p 00000000 00:00 0 
638abec04000-638abed00000 rw-p 00000000 00:00 0 
638abed00000-638abed04000 ---p 00000000 00:00 0 
638abed04000-638abee00000 rw-p 00000000 00:00 0 
638abee00000-638abee04000 ---p 00000000 00:00 0 
638abee04000-638abef00000 rw-p 00000000 00:00 0 
638abef00000-638abef04000 ---p 00000000 00:00 0 
638abef04000-638abf000000 rw-p 00000000 00:00 0 
638abf000000-638abf004000 ---p 00000000 00:00 0 
638abf004000-638abf100000 rw-p 00000000 00:00 0 
638abf100000-638abf104000 ---p 00000000 00:00 0 
638abf104000-638abf200000 rw-p 00000000 00:00 0 
638abf200000-638abf204000 ---p 00000000 00:00 0 
638abf204000-638abf300000 rw-p 00000000 00:00 0 
638abf300000-638abf304000 ---p 00000000 00:00 0 
638abf304000-638abf400000 rw-p 00000000 00:00 0 
638abf400000-638abf404000 ---p 00000000 00:00 0 
638abf404000-638abf500000 rw-p 00000000 00:00 0 
638abf500000-638abf504000 ---p 00000000 00:00 0 
638abf504000-638abf600000 rw-p 00000000 00:00 0 
638abf600000-638abf604000 ---p 00000000 00:00 0 
638abf604000-638abf700000 rw-p 00000000 00:00 0 
638abf700000-638abf704000 ---p 00000000 00:00 0 
638abf704000-638abf800000 rw-p 00000000 00:00 0 
638abf800000-638abf804000 ---p 00000000 00:00 0 
638abf804000-638abf900000 rw-p 00000000 00:00 0 
638abf900000-638abf904000 ---p 00000000 00:00 0 
638abf904000-638abfa00000 rw-p 00000000 00:00 0 
638abfa00000-638abfa04000 ---p 00000000 00:00 0 
638abfa04000-638abfb00000 rw-p 00000000 00:00 0 
638abfb00000-638abfb04000 ---p 00000000 00:00 0 
638abfb04000-638abfc00000 rw-p 00000000 00:00 0 
638abfc00000-638abfc04000 ---p 00000000 00:00 0 
638abfc04000-638abfd00000 rw-p 00000000 00:00 0 
638abfd00000-638abfd04000 ---p 00000000 00:00 0 
638abfd04000-638abfe00000 rw-p 00000000 00:00 0 
638abfe00000-638abfe04000 ---p 00000000 00:00 0 
638abfe04000-638abff00000 rw-p 00000000 00:00 0 
638abff00000-638abff04000 ---p 00000000 00:00 0 
638abff04000-638ac0000000 rw-p 00000000 00:00 0 
638ac0000000-638ac0021000 rw-p 00000000 00:00 0 
638ac0021000-638ac4000000 ---p 00000000 00:00 0 
638ac4000000-638ac4021000 rw-p 00000000 00:00 0 
638ac4021000-638ac8000000 ---p 00000000 00:00 0 
638ac8000000-638ac8049000 rw-p 00000000 00:00 0 
638ac8049000-638acc000000 ---p 00000000 00:00 0 
638acc000000-638acc04a000 rw-p 00000000 00:00 0 
638acc04a000-638ad0000000 ---p 00000000 00:00 0 
638ad0000000-638ad0027000 rw-p 00000000 00:00 0 
638ad0027000-638ad4000000 ---p 00000000 00:00 0 
638ad4000000-638ad4027000 rw-p 00000000 00:00 0 
638ad4027000-638ad8000000 ---p 00000000 00:00 0 
638ad8000000-638ad8021000 rw-p 00000000 00:00 0 
638ad8021000-638adc000000 ---p 00000000 00:00 0 
638adc000000-638adc021000 rw-p 00000000 00:00 0 
638adc021000-638ae0000000 ---p 00000000 00:00 0 
638ae0000000-638ae0026000 rw-p 00000000 00:00 0 
638ae0026000-638ae4000000 ---p 00000000 00:00 0 
638ae4000000-638ae4036000 rw-p 00000000 00:00 0 
638ae4036000-638ae8000000 ---p 00000000 00:00 0 
638ae8000000-638ae8f41000 rw-p 00000000 00:00 0 
638ae8f41000-638aec000000 ---p 00000000 00:00 0 
638aec000000-638aec81d000 rw-p 00000000 00:00 0 
638aec81d000-638af0000000 ---p 00000000 00:00 0 
638af0000000-638af0021000 rw-p 00000000 00:00 0 
638af0021000-638af4000000 ---p 00000000 00:00 0 
638af4000000-638af4021000 rw-p 00000000 00:00 0 
638af4021000-638af8000000 ---p 00000000 00:00 0 
638af8000000-638af8313000 rw-p 00000000 00:00 0 
638af8313000-638afc000000 ---p 00000000 00:00 0 
638afc000000-638afc437000 rw-p 00000000 00:00 0 
638afc437000-638b00000000 ---p 00000000 00:00 0 
638b00000000-638b00890000 rw-p 00000000 00:00 0 
638b00890000-638b04000000 ---p 00000000 00:00 0 
638b04000000-638b0427f000 rw-p 00000000 00:00 0 
638b0427f000-638b08000000 ---p 00000000 00:00 0 
638b08000000-638b08021000 rw-p 00000000 00:00 0 
638b08021000-638b0c000000 ---p 00000000 00:00 0 
638b0c000000-638b0c021000 rw-p 00000000 00:00 0 
638b0c021000-638b10000000 ---p 00000000 00:00 0 
638b10000000-638b10021000 rw-p 00000000 00:00 0 
638b10021000-638b14000000 ---p 00000000 00:00 0 
638b14000000-638b14021000 rw-p 00000000 00:00 0 
638b14021000-638b18000000 ---p 00000000 00:00 0 
638b18000000-638b1802b000 rw-p 00000000 00:00 0 
638b1802b000-638b1c000000 ---p 00000000 00:00 0 
638b1c000000-638b1c021000 rw-p 00000000 00:00 0 
638b1c021000-638b20000000 ---p 00000000 00:00 0 
638b20000000-638b20023000 rw-p 00000000 00:00 0 
638b20023000-638b24000000 ---p 00000000 00:00 0 
638b24000000-638b24043000 rw-p 00000000 00:00 0 
638b24043000-638b28000000 ---p 00000000 00:00 0 
638b28000000-638b2802b000 rw-p 00000000 00:00 0 
638b2802b000-638b2c000000 ---p 00000000 00:00 0 
638b2c000000-638b2c021000 rw-p 00000000 00:00 0 
638b2c021000-638b30000000 ---p 00000000 00:00 0 
638b30000000-638b3003a000 rw-p 00000000 00:00 0 
638b3003a000-638b34000000 ---p 00000000 00:00 0 
638b34000000-638b34108000 rw-p 00000000 00:00 0 
638b34108000-638b38000000 ---p 00000000 00:00 0 
638b38000000-638b3803a000 rw-p 00000000 00:00 0 
638b3803a000-638b3c000000 ---p 00000000 00:00 0 
638b3c000000-638b3c04b000 rw-p 00000000 00:00 0 
638b3c04b000-638b40000000 ---p 00000000 00:00 0 
638b40000000-638b40021000 rw-p 00000000 00:00 0 
638b40021000-638b44000000 ---p 00000000 00:00 0 
638b44000000-638b44033000 rw-p 00000000 00:00 0 
638b44033000-638b48000000 ---p 00000000 00:00 0 
638b48000000-638b4802b000 rw-p 00000000 00:00 0 
638b4802b000-638b4c000000 ---p 00000000 00:00 0 
638b4c000000-638b4c021000 rw-p 00000000 00:00 0 
638b4c021000-638b50000000 ---p 00000000 00:00 0 
638b50000000-638b50033000 rw-p 00000000 00:00 0 
638b50033000-638b54000000 ---p 00000000 00:00 0 
638b54000000-638b54038000 rw-p 00000000 00:00 0 
638b54038000-638b58000000 ---p 00000000 00:00 0 
638b58000000-638b5802b000 rw-p 00000000 00:00 0 
638b5802b000-638b5c000000 ---p 00000000 00:00 0 
638b5c000000-638b5c032000 rw-p 00000000 00:00 0 
638b5c032000-638b60000000 ---p 00000000 00:00 0 
638b60000000-638b60023000 rw-p 00000000 00:00 0 
638b60023000-638b64000000 ---p 00000000 00:00 0 
638b64000000-638b64022000 rw-p 00000000 00:00 0 
638b64022000-638b68000000 ---p 00000000 00:00 0 
638b68000000-638b68033000 rw-p 00000000 00:00 0 
638b68033000-638b6c000000 ---p 00000000 00:00 0 
638b6c000000-638b6c0ca000 rw-p 00000000 00:00 0 
638b6c0ca000-638b70000000 ---p 00000000 00:00 0 
638b70000000-638b70021000 rw-p 00000000 00:00 0 
638b70021000-638b74000000 ---p 00000000 00:00 0 
638b74000000-638b74021000 rw-p 00000000 00:00 0 
638b74021000-638b78000000 ---p 00000000 00:00 0 
638b78000000-638b78021000 rw-p 00000000 00:00 0 
638b78021000-638b7c000000 ---p 00000000 00:00 0 
638b7c000000-638b7c021000 rw-p 00000000 00:00 0 
638b7c021000-638b80000000 ---p 00000000 00:00 0 
638b80000000-638b80270000 rw-p 00000000 00:00 0 
638b80270000-638b80400000 ---p 00000000 00:00 0 
638b80400000-638b808a0000 rw-p 00000000 00:00 0 
638b808a0000-638b84000000 ---p 00000000 00:00 0 
638b84000000-638b84021000 rw-p 00000000 00:00 0 
638b84021000-638b88000000 ---p 00000000 00:00 0 
638b880eb000-638b880ef000 ---p 00000000 00:00 0 
638b880ef000-638b881eb000 rw-p 00000000 00:00 0 
638b881eb000-638b881ef000 ---p 00000000 00:00 0 
638b881ef000-638b882eb000 rw-p 00000000 00:00 0 
638b882eb000-638b882ef000 ---p 00000000 00:00 0 
638b882ef000-638b883eb000 rw-p 00000000 00:00 0 
638b883eb000-638b883ef000 ---p 00000000 00:00 0 
638b883ef000-638b884eb000 rw-p 00000000 00:00 0 
638b884eb000-638b884ef000 ---p 00000000 00:00 0 
638b884ef000-638b885eb000 rw-p 00000000 00:00 0 
638b885eb000-638b885ef000 ---p 00000000 00:00 0 
638b885ef000-638b886eb000 rw-p 00000000 00:00 0 
638b886eb000-638b886ef000 ---p 00000000 00:00 0 
638b886ef000-638b887eb000 rw-p 00000000 00:00 0 
638b887eb000-638b887ef000 ---p 00000000 00:00 0 
638b887ef000-638b888eb000 rw-p 00000000 00:00 0 
638b888eb000-638b888ef000 ---p 00000000 00:00 0 
638b888ef000-638b889eb000 rw-p 00000000 00:00 0 
638b889eb000-638b889ef000 ---p 00000000 00:00 0 
638b889ef000-638b88aeb000 rw-p 00000000 00:00 0 
638b88aeb000-638b88aef000 ---p 00000000 00:00 0 
638b88aef000-638b88beb000 rw-p 00000000 00:00 0 
638b88beb000-638b88bef000 ---p 00000000 00:00 0 
638b88bef000-638b88ceb000 rw-p 00000000 00:00 0 
638b88ceb000-638b88cef000 ---p 00000000 00:00 0 
638b88cef000-638b88deb000 rw-p 00000000 00:00 0 
638b88deb000-638b88def000 ---p 00000000 00:00 0 
638b88def000-638b88eeb000 rw-p 00000000 00:00 0 
638b88eeb000-638b88eef000 ---p 00000000 00:00 0 
638b88eef000-638b88feb000 rw-p 00000000 00:00 0 
638b88feb000-638b88fef000 ---p 00000000 00:00 0 
638b88fef000-638b890eb000 rw-p 00000000 00:00 0 
638b890eb000-638b890ef000 ---p 00000000 00:00 0 
638b890ef000-638b891eb000 rw-p 00000000 00:00 0 
638b891eb000-638b891ef000 ---p 00000000 00:00 0 
638b891ef000-638b892eb000 rw-p 00000000 00:00 0 
638b892eb000-638b892ef000 ---p 00000000 00:00 0 
638b892ef000-638b893eb000 rw-p 00000000 00:00 0 
638b893eb000-638b893ef000 ---p 00000000 00:00 0 
638b893ef000-638b894eb000 rw-p 00000000 00:00 0 
638b894eb000-638b894ef000 ---p 00000000 00:00 0 
638b894ef000-638b895eb000 rw-p 00000000 00:00 0 
638b895eb000-638b895ef000 ---p 00000000 00:00 0 
638b895ef000-638b896eb000 rw-p 00000000 00:00 0 
638b896eb000-638b896ec000 ---p 00000000 00:00 0 
638b896ec000-638b897ec000 rw-p 00000000 00:00 0 
638b897ec000-638b897ed000 ---p 00000000 00:00 0 
638b897ed000-638b898ed000 rw-p 00000000 00:00 0 
638b898ed000-638b898ee000 ---p 00000000 00:00 0 
638b898ee000-638b899ee000 rw-p 00000000 00:00 0 
638b899ee000-638b899ef000 ---p 00000000 00:00 0 
638b899ef000-638b89aef000 rw-p 00000000 00:00 0 
638b89aef000-638b89af0000 ---p 00000000 00:00 0 
638b89af0000-638b89bf0000 rw-p 00000000 00:00 0 
638b89bf0000-638b89bf1000 ---p 00000000 00:00 0 
638b89bf1000-638b89cf1000 rw-p 00000000 00:00 0 
638b89cf1000-638b89cf2000 ---p 00000000 00:00 0 
638b89cf2000-638b89df2000 rw-p 00000000 00:00 0 
638b89df2000-638b89df3000 ---p 00000000 00:00 0 
638b89df3000-638b89ef3000 rw-p 00000000 00:00 0 
638b89ef3000-638b89ef4000 ---p 00000000 00:00 0 
638b89ef4000-638b89ff4000 rw-p 00000000 00:00 0 
638b89ff4000-638b89ff5000 ---p 00000000 00:00 0 
638b89ff5000-638b8a0f5000 rw-p 00000000 00:00 0 
638b8a0f5000-638b8a0f6000 ---p 00000000 00:00 0 
638b8a0f6000-638b8a1f6000 rw-p 00000000 00:00 0 
638b8a1f6000-638b8a1f7000 ---p 00000000 00:00 0 
638b8a1f7000-638b8a2f7000 rw-p 00000000 00:00 0 
638b8a2f7000-638b8a2f8000 ---p 00000000 00:00 0 
638b8a2f8000-638b8a3f8000 rw-p 00000000 00:00 0 
638b8a3f8000-638b8a3f9000 ---p 00000000 00:00 0 
638b8a3f9000-638b8a4f9000 rw-p 00000000 00:00 0 
638b8a4f9000-638b8a4fa000 ---p 00000000 00:00 0 
638b8a4fa000-638b8a5fa000 rw-p 00000000 00:00 0 
638b8a5fa000-638b8a5fb000 ---p 00000000 00:00 0 
638b8a5fb000-638b8a6fb000 rw-p 00000000 00:00 0 
638b8a6fb000-638b8a6fc000 ---p 00000000 00:00 0 
638b8a6fc000-638b8a7fc000 rw-p 00000000 00:00 0 
638b8a7fc000-638b8a7fd000 ---p 00000000 00:00 0 
638b8a7fd000-638b8a8fd000 rw-p 00000000 00:00 0 
638b8a8fd000-638b8a8fe000 ---p 00000000 00:00 0 
638b8a8fe000-638b8a9fe000 rw-p 00000000 00:00 0 
638b8a9fe000-638b8a9ff000 ---p 00000000 00:00 0 
638b8a9ff000-638b8aaff000 rw-p 00000000 00:00 0 
638b8aaff000-638b8ab00000 ---p 00000000 00:00 0 
638b8ab00000-638b8ac00000 rw-p 00000000 00:00 0 
638b8ac00000-638b8aeeb000 r--p 00000000 08:03 1410552                    /usr/lib/locale/locale-archive
638b8aeff000-638b8af00000 ---p 00000000 00:00 0 
638b8af00000-638b8b000000 rw-p 00000000 00:00 0 
638b8b000000-638b8bca3000 rw-p 00001000 fc:00 49677042                   /mydata/openjdk-mmtk/build/b0test/images/jdk/lib/server/classes.jsa
638b8bca3000-638b8c000000 ---p 00000000 00:00 0 
638b8c000000-638b8c040000 rw-p 00000000 00:00 0 
638b8c040000-638b8c110000 rw-p 00000000 00:00 0 
638b8c110000-638bcc000000 ---p 00000000 00:00 0 
638bcc000000-638bcc021000 rw-p 00000000 00:00 0 
638bcc021000-638bd0000000 ---p 00000000 00:00 0 
638bd00fb000-638bd00fc000 ---p 00000000 00:00 0 
638bd00fc000-638bd01fc000 rw-p 00000000 00:00 0 
638bd01fc000-638bd0200000 ---p 00000000 00:00 0 
638bd0200000-638bd02fc000 rw-p 00000000 00:00 0 
638bd02fc000-638bd0300000 ---p 00000000 00:00 0 
638bd0300000-638bd03fc000 rw-p 00000000 00:00 0 
638bd03fc000-638c00400000 rw-p 00000000 00:00 0 
638c00400000-638c01400000 ---p 00000000 00:00 0                          [anon:mmtk:sidemeta:all:all-quarantined]
638c01400000-638c01800000 rw-p 00000000 00:00 0                          [anon:mmtk:sidemeta:immix:VO_BIT]
638c01800000-638c01c00000 rw-p 00000000 00:00 0                          [anon:mmtk:sidemeta:los:VO_BIT]
638c01c00000-658c02400000 ---p 00000000 00:00 0                          [anon:mmtk:sidemeta:all:all-quarantined]
658c02400000-658c02800000 rw-p 00000000 00:00 0                          [anon:mmtk:sidemeta:immix:CHUNK_MARK]
658c02800000-658c05400000 ---p 00000000 00:00 0                          [anon:mmtk:sidemeta:all:all-quarantined]
658c05400000-658c05800000 rw-p 00000000 00:00 0                          [anon:mmtk:sidemeta:immix:VMGlobalLogBitSpec]
658c05800000-658c05c00000 rw-p 00000000 00:00 0                          [anon:mmtk:sidemeta:los:VMGlobalLogBitSpec]
658c05c00000-679404800000 ---p 00000000 00:00 0                          [anon:mmtk:sidemeta:all:all-quarantined]
679404800000-679404c00000 rw-p 00000000 00:00 0                          [anon:mmtk:sidemeta:immix:IX_LINE_MARK]
679404c00000-681404400000 ---p 00000000 00:00 0                          [anon:mmtk:sidemeta:all:all-quarantined]
681404400000-681404800000 rw-p 00000000 00:00 0                          [anon:mmtk:sidemeta:immix:IX_BLOCK_DEFRAG]
681404800000-681504400000 ---p 00000000 00:00 0                          [anon:mmtk:sidemeta:all:all-quarantined]
681504400000-681504800000 rw-p 00000000 00:00 0                          [anon:mmtk:sidemeta:immix:IX_BLOCK_MARK]
681504800000-6e3684400000 ---p 00000000 00:00 0                          [anon:mmtk:sidemeta:all:all-quarantined]
6e3684400000-6e3684800000 rw-p 00000000 00:00 0                          [anon:mmtk:sidemeta:los:VMLocalLOSMarkNurserySpec]
6e3684800000-6e3885400000 ---p 00000000 00:00 0                          [anon:mmtk:sidemeta:all:all-quarantined]
6e3885400000-6e3885c00000 rw-p 00000000 00:00 0                          [anon:mmtk:sidemeta:immix:VMLocalMarkBitSpec]
6e3885c00000-703884400000 ---p 00000000 00:00 0                          [anon:mmtk:sidemeta:all:all-quarantined]
7038844fd000-703884501000 ---p 00000000 00:00 0 
703884501000-7038845fd000 rw-p 00000000 00:00 0 
7038845fd000-7038845fe000 ---p 00000000 00:00 0 
7038845fe000-7038846fe000 rw-p 00000000 00:00 0 
7038846fe000-7038846ff000 ---p 00000000 00:00 0 
7038846ff000-7038847ff000 rw-p 00000000 00:00 0 
7038847ff000-7038a4800000 rw-p 00000000 00:00 0 
7038a4800000-7038a4e30000 rwxp 00000000 00:00 0 
7038a4e30000-7038abc17000 ---p 00000000 00:00 0 
7038abc17000-7038abfa7000 rwxp 00000000 00:00 0 
7038abfa7000-7038ac3e8000 ---p 00000000 00:00 0 
7038ac3e8000-7038ac658000 rwxp 00000000 00:00 0 
7038ac658000-7038b3800000 ---p 00000000 00:00 0 
7038b3800000-7038bbfa0000 r--s 00000000 fc:00 49676297                   /mydata/openjdk-mmtk/build/b0test/images/jdk/lib/modules
7038bc000000-7038bc7eb000 rw-p 00000000 00:00 0 
7038bc7eb000-7038c0000000 ---p 00000000 00:00 0 
7038c002d000-7038c0032000 r--p 00000000 fc:00 49676417                   /mydata/openjdk-mmtk/build/b0test/images/jdk/lib/libjsvml.so
7038c0032000-7038c0073000 r-xp 00005000 fc:00 49676417                   /mydata/openjdk-mmtk/build/b0test/images/jdk/lib/libjsvml.so
7038c0073000-7038c00fc000 r--p 00046000 fc:00 49676417                   /mydata/openjdk-mmtk/build/b0test/images/jdk/lib/libjsvml.so
7038c00fc000-7038c00fd000 r--p 000ce000 fc:00 49676417                   /mydata/openjdk-mmtk/build/b0test/images/jdk/lib/libjsvml.so
7038c00fd000-7038c00fe000 rw-p 000cf000 fc:00 49676417                   /mydata/openjdk-mmtk/build/b0test/images/jdk/lib/libjsvml.so
7038c00fe000-7038c00ff000 ---p 00000000 00:00 0 
7038c00ff000-7038c01ff000 rw-p 00000000 00:00 0 
7038c01ff000-7038c0800000 rw-p 00000000 00:00 0 
7038c0800000-7038c3800000 rw-p 00000000 00:00 0 
7038c3800000-7038c380c000 r--p 00000000 fc:00 13107796                   /mydata/gc-bpf-fault/shim/libgcbpf.so
7038c380c000-7038c386e000 r-xp 0000c000 fc:00 13107796                   /mydata/gc-bpf-fault/shim/libgcbpf.so
7038c386e000-7038c3ade000 r--p 0006e000 fc:00 13107796                   /mydata/gc-bpf-fault/shim/libgcbpf.so
7038c3ade000-7038c3ae0000 r--p 002de000 fc:00 13107796                   /mydata/gc-bpf-fault/shim/libgcbpf.so
7038c3ae0000-7038c3ae1000 rw-p 002e0000 fc:00 13107796                   /mydata/gc-bpf-fault/shim/libgcbpf.so
7038c3ae1000-7038c3ae2000 rw-p 00000000 00:00 0 
7038c3b74000-7038c3b78000 r--p 00000000 08:03 1410107                    /usr/lib/x86_64-linux-gnu/libzstd.so.1.5.5
7038c3b78000-7038c3c1f000 r-xp 00004000 08:03 1410107                    /usr/lib/x86_64-linux-gnu/libzstd.so.1.5.5
7038c3c1f000-7038c3c2c000 r--p 000ab000 08:03 1410107                    /usr/lib/x86_64-linux-gnu/libzstd.so.1.5.5
7038c3c2c000-7038c3c2d000 r--p 000b7000 08:03 1410107                    /usr/lib/x86_64-linux-gnu/libzstd.so.1.5.5
7038c3c2d000-7038c3c2e000 rw-p 000b8000 08:03 1410107                    /usr/lib/x86_64-linux-gnu/libzstd.so.1.5.5
7038c3c2e000-7038c3c33000 rw-p 00000000 00:00 0 
7038c3c33000-7038c3d17000 ---p 00000000 00:00 0 
7038c3d17000-7038c3d24000 rw-p 00000000 00:00 0 
7038c3d24000-7038c3e00000 ---p 00000000 00:00 0 
7038c3e00000-7038c3f4e000 r--p 00000000 fc:00 49676374                   /mydata/openjdk-mmtk/build/b0test/images/jdk/lib/server/libmmtk_openjdk.so
7038c3f4e000-7038c41ce000 r-xp 0014d000 fc:00 49676374                   /mydata/openjdk-mmtk/build/b0test/images/jdk/lib/server/libmmtk_openjdk.so
7038c41ce000-7038c4211000 r--p 003cc000 fc:00 49676374                   /mydata/openjdk-mmtk/build/b0test/images/jdk/lib/server/libmmtk_openjdk.so
7038c4211000-7038c4213000 rw-p 0040e000 fc:00 49676374                   /mydata/openjdk-mmtk/build/b0test/images/jdk/lib/server/libmmtk_openjdk.so
7038c4213000-7038c4215000 rw-p 00000000 00:00 0 
7038c4217000-7038c421b000 ---p 00000000 00:00 0 
7038c421b000-7038c4317000 rw-p 00000000 00:00 0 
7038c4317000-7038c4327000 r--p 00000000 08:03 1411099                    /usr/lib/x86_64-linux-gnu/libm.so.6
7038c4327000-7038c43a6000 r-xp 00010000 08:03 1411099                    /usr/lib/x86_64-linux-gnu/libm.so.6
7038c43a6000-7038c43fe000 r--p 0008f000 08:03 1411099                    /usr/lib/x86_64-linux-gnu/libm.so.6
7038c43fe000-7038c43ff000 r--p 000e7000 08:03 1411099                    /usr/lib/x86_64-linux-gnu/libm.so.6
7038c43ff000-7038c4400000 rw-p 000e8000 08:03 1411099                    /usr/lib/x86_64-linux-gnu/libm.so.6
7038c4400000-7038c46a9000 r--p 00000000 fc:00 49676373                   /mydata/openjdk-mmtk/build/b0test/images/jdk/lib/server/libjvm.so
7038c46a9000-7038c553c000 r-xp 002a9000 fc:00 49676373                   /mydata/openjdk-mmtk/build/b0test/images/jdk/lib/server/libjvm.so
7038c553c000-7038c5820000 r--p 0113c000 fc:00 49676373                   /mydata/openjdk-mmtk/build/b0test/images/jdk/lib/server/libjvm.so
7038c5820000-7038c58f6000 r--p 0141f000 fc:00 49676373                   /mydata/openjdk-mmtk/build/b0test/images/jdk/lib/server/libjvm.so
7038c58f6000-7038c5926000 rw-p 014f5000 fc:00 49676373                   /mydata/openjdk-mmtk/build/b0test/images/jdk/lib/server/libjvm.so
7038c5926000-7038c598c000 rw-p 00000000 00:00 0 
7038c59d6000-7038c59da000 r--p 00000000 fc:00 49676364                   /mydata/openjdk-mmtk/build/b0test/images/jdk/lib/libverify.so
7038c59da000-7038c59e1000 r-xp 00004000 fc:00 49676364                   /mydata/openjdk-mmtk/build/b0test/images/jdk/lib/libverify.so
7038c59e1000-7038c59e3000 r--p 0000b000 fc:00 49676364                   /mydata/openjdk-mmtk/build/b0test/images/jdk/lib/libverify.so
7038c59e3000-7038c59e5000 r--p 0000c000 fc:00 49676364                   /mydata/openjdk-mmtk/build/b0test/images/jdk/lib/libverify.so
7038c59e5000-7038c59e6000 rw-p 0000e000 fc:00 49676364                   /mydata/openjdk-mmtk/build/b0test/images/jdk/lib/libverify.so
7038c59e6000-7038c59e8000 r--p 00000000 fc:00 49676365                   /mydata/openjdk-mmtk/build/b0test/images/jdk/lib/libzip.so
7038c59e8000-7038c59ed000 r-xp 00002000 fc:00 49676365                   /mydata/openjdk-mmtk/build/b0test/images/jdk/lib/libzip.so
7038c59ed000-7038c59ef000 r--p 00007000 fc:00 49676365                   /mydata/openjdk-mmtk/build/b0test/images/jdk/lib/libzip.so
7038c59ef000-7038c59f0000 r--p 00008000 fc:00 49676365                   /mydata/openjdk-mmtk/build/b0test/images/jdk/lib/libzip.so
7038c59f0000-7038c59f1000 rw-p 00009000 fc:00 49676365                   /mydata/openjdk-mmtk/build/b0test/images/jdk/lib/libzip.so
7038c59f1000-7038c59f4000 r--p 00000000 fc:00 49676361                   /mydata/openjdk-mmtk/build/b0test/images/jdk/lib/libnet.so
7038c59f4000-7038c59fc000 r-xp 00003000 fc:00 49676361                   /mydata/openjdk-mmtk/build/b0test/images/jdk/lib/libnet.so
7038c59fc000-7038c59fe000 r--p 0000b000 fc:00 49676361                   /mydata/openjdk-mmtk/build/b0test/images/jdk/lib/libnet.so
7038c59fe000-7038c59ff000 r--p 0000c000 fc:00 49676361                   /mydata/openjdk-mmtk/build/b0test/images/jdk/lib/libnet.so
7038c59ff000-7038c5a00000 rw-p 0000d000 fc:00 49676361                   /mydata/openjdk-mmtk/build/b0test/images/jdk/lib/libnet.so
7038c5a00000-7038c5a28000 r--p 00000000 08:03 1410238                    /usr/lib/x86_64-linux-gnu/libc.so.6
7038c5a28000-7038c5bb0000 r-xp 00028000 08:03 1410238                    /usr/lib/x86_64-linux-gnu/libc.so.6
7038c5bb0000-7038c5bff000 r--p 001b0000 08:03 1410238                    /usr/lib/x86_64-linux-gnu/libc.so.6
7038c5bff000-7038c5c03000 r--p 001fe000 08:03 1410238                    /usr/lib/x86_64-linux-gnu/libc.so.6
7038c5c03000-7038c5c05000 rw-p 00202000 08:03 1410238                    /usr/lib/x86_64-linux-gnu/libc.so.6
7038c5c05000-7038c5c12000 rw-p 00000000 00:00 0 
7038c5c19000-7038c5c20000 r--p 00000000 fc:00 49676362                   /mydata/openjdk-mmtk/build/b0test/images/jdk/lib/libnio.so
7038c5c20000-7038c5c29000 r-xp 00007000 fc:00 49676362                   /mydata/openjdk-mmtk/build/b0test/images/jdk/lib/libnio.so
7038c5c29000-7038c5c2d000 r--p 00010000 fc:00 49676362                   /mydata/openjdk-mmtk/build/b0test/images/jdk/lib/libnio.so
7038c5c2d000-7038c5c2e000 r--p 00014000 fc:00 49676362                   /mydata/openjdk-mmtk/build/b0test/images/jdk/lib/libnio.so
7038c5c2e000-7038c5c2f000 rw-p 00015000 fc:00 49676362                   /mydata/openjdk-mmtk/build/b0test/images/jdk/lib/libnio.so
7038c5c2f000-7038c5c32000 r--p 00000000 08:03 1410420                    /usr/lib/x86_64-linux-gnu/libelf-0.190.so
7038c5c32000-7038c5c48000 r-xp 00003000 08:03 1410420                    /usr/lib/x86_64-linux-gnu/libelf-0.190.so
7038c5c48000-7038c5c4c000 r--p 00019000 08:03 1410420                    /usr/lib/x86_64-linux-gnu/libelf-0.190.so
7038c5c4c000-7038c5c4d000 r--p 0001c000 08:03 1410420                    /usr/lib/x86_64-linux-gnu/libelf-0.190.so
7038c5c4d000-7038c5c4e000 rw-p 0001d000 08:03 1410420                    /usr/lib/x86_64-linux-gnu/libelf-0.190.so
7038c5c51000-7038c5c58000 r--s 00000000 08:03 1436340                    /usr/lib/x86_64-linux-gnu/gconv/gconv-modules.cache
7038c5c58000-7038c5c60000 rw-p 00000000 00:00 0 
7038c5c60000-7038c5c68000 ---p 00000000 00:00 0 
7038c5c68000-7038c5c75000 r--p 00000000 fc:00 49676354                   /mydata/openjdk-mmtk/build/b0test/images/jdk/lib/libjava.so
7038c5c75000-7038c5c84000 r-xp 0000d000 fc:00 49676354                   /mydata/openjdk-mmtk/build/b0test/images/jdk/lib/libjava.so
7038c5c84000-7038c5c89000 r--p 0001c000 fc:00 49676354                   /mydata/openjdk-mmtk/build/b0test/images/jdk/lib/libjava.so
7038c5c89000-7038c5c8a000 r--p 00021000 fc:00 49676354                   /mydata/openjdk-mmtk/build/b0test/images/jdk/lib/libjava.so
7038c5c8a000-7038c5c8b000 rw-p 00022000 fc:00 49676354                   /mydata/openjdk-mmtk/build/b0test/images/jdk/lib/libjava.so
7038c5c8b000-7038c5c8c000 rw-p 00000000 00:00 0 
7038c5c8c000-7038c5c94000 rw-s 00000000 08:03 237599                     /tmp/hsperfdata_root/362214
7038c5c94000-7038c5c98000 r--p 00000000 fc:00 49676355                   /mydata/openjdk-mmtk/build/b0test/images/jdk/lib/libjimage.so
7038c5c98000-7038c5caf000 r-xp 00004000 fc:00 49676355                   /mydata/openjdk-mmtk/build/b0test/images/jdk/lib/libjimage.so
7038c5caf000-7038c5cb4000 r--p 0001b000 fc:00 49676355                   /mydata/openjdk-mmtk/build/b0test/images/jdk/lib/libjimage.so
7038c5cb4000-7038c5cb6000 r--p 00020000 fc:00 49676355                   /mydata/openjdk-mmtk/build/b0test/images/jdk/lib/libjimage.so
7038c5cb6000-7038c5cb7000 rw-p 00022000 fc:00 49676355                   /mydata/openjdk-mmtk/build/b0test/images/jdk/lib/libjimage.so
7038c5cb7000-7038c5cbb000 r--p 00000000 08:03 1410148                    /usr/lib/x86_64-linux-gnu/libgcc_s.so.1
7038c5cbb000-7038c5cdf000 r-xp 00004000 08:03 1410148                    /usr/lib/x86_64-linux-gnu/libgcc_s.so.1
7038c5cdf000-7038c5ce3000 r--p 00028000 08:03 1410148                    /usr/lib/x86_64-linux-gnu/libgcc_s.so.1
7038c5ce3000-7038c5ce4000 r--p 0002b000 08:03 1410148                    /usr/lib/x86_64-linux-gnu/libgcc_s.so.1
7038c5ce4000-7038c5ce5000 rw-p 0002c000 08:03 1410148                    /usr/lib/x86_64-linux-gnu/libgcc_s.so.1
7038c5ce5000-7038c5ce7000 rw-p 00000000 00:00 0 
7038c5ce7000-7038c5ce9000 r--p 00000000 08:03 1409104                    /usr/lib/x86_64-linux-gnu/libz.so.1.3
7038c5ce9000-7038c5cfb000 r-xp 00002000 08:03 1409104                    /usr/lib/x86_64-linux-gnu/libz.so.1.3
7038c5cfb000-7038c5d01000 r--p 00014000 08:03 1409104                    /usr/lib/x86_64-linux-gnu/libz.so.1.3
7038c5d01000-7038c5d02000 r--p 0001a000 08:03 1409104                    /usr/lib/x86_64-linux-gnu/libz.so.1.3
7038c5d02000-7038c5d03000 rw-p 0001b000 08:03 1409104                    /usr/lib/x86_64-linux-gnu/libz.so.1.3
7038c5d08000-7038c5d09000 rw-s 00000000 00:10 68                         anon_inode:bpf-map
7038c5d09000-7038c5d0a000 r--s 00000000 00:10 68                         anon_inode:bpf-map
7038c5d0a000-7038c5d0b000 ---p 00000000 00:00 0 
7038c5d0b000-7038c5d0c000 r--p 00000000 00:00 0 
7038c5d0c000-7038c5d0d000 ---p 00000000 00:00 0 
7038c5d0d000-7038c5d0f000 r--p 00000000 fc:00 49676357                   /mydata/openjdk-mmtk/build/b0test/images/jdk/lib/libjli.so
7038c5d0f000-7038c5d19000 r-xp 00002000 fc:00 49676357                   /mydata/openjdk-mmtk/build/b0test/images/jdk/lib/libjli.so
7038c5d19000-7038c5d1c000 r--p 0000c000 fc:00 49676357                   /mydata/openjdk-mmtk/build/b0test/images/jdk/lib/libjli.so
7038c5d1c000-7038c5d1d000 r--p 0000f000 fc:00 49676357                   /mydata/openjdk-mmtk/build/b0test/images/jdk/lib/libjli.so
7038c5d1d000-7038c5d1e000 rw-p 00010000 fc:00 49676357                   /mydata/openjdk-mmtk/build/b0test/images/jdk/lib/libjli.so
7038c5d1e000-7038c5d20000 rw-p 00000000 00:00 0 
7038c5d20000-7038c5d24000 r--p 00000000 00:00 0                          [vvar]
7038c5d24000-7038c5d26000 r--p 00000000 00:00 0                          [vvar_vclock]
7038c5d26000-7038c5d28000 r-xp 00000000 00:00 0                          [vdso]
7038c5d28000-7038c5d29000 r--p 00000000 08:03 1409763                    /usr/lib/x86_64-linux-gnu/ld-linux-x86-64.so.2
7038c5d29000-7038c5d54000 r-xp 00001000 08:03 1409763                    /usr/lib/x86_64-linux-gnu/ld-linux-x86-64.so.2
7038c5d54000-7038c5d5e000 r--p 0002c000 08:03 1409763                    /usr/lib/x86_64-linux-gnu/ld-linux-x86-64.so.2
7038c5d5e000-7038c5d60000 r--p 00036000 08:03 1409763                    /usr/lib/x86_64-linux-gnu/ld-linux-x86-64.so.2
7038c5d60000-7038c5d62000 rw-p 00038000 08:03 1409763                    /usr/lib/x86_64-linux-gnu/ld-linux-x86-64.so.2
7ffd72fc9000-7ffd72fea000 rw-p 00000000 00:00 0                          [stack]
ffffffffff600000-ffffffffff601000 --xp 00000000 00:00 0                  [vsyscall]
Total number of mappings: 538

JVMTI agents: none


VM Arguments:
jvm_args: -XX:+UseThirdPartyHeap -Xms512m -Xmx512m 
java_command: /mydata/dacapo/dacapo-23.11/dacapo-23.11-MR2-chopin.jar xalan -n 3
java_class_path (initial): /mydata/dacapo/dacapo-23.11/dacapo-23.11-MR2-chopin.jar
Launcher Type: SUN_STANDARD

[Global flags]
     intx CICompilerCount                          = 15                                        {product} {ergonomic}
   size_t InitialHeapSize                          = 536870912                                 {product} {command line}
   size_t MaxHeapSize                              = 536870912                                 {product} {command line}
   size_t MinHeapDeltaBytes                        = 524288                                    {product} {ergonomic}
   size_t MinHeapSize                              = 536870912                                 {product} {command line}
    uintx NonNMethodCodeHeapSize                   = 8192380                                {pd product} {ergonomic}
    uintx NonProfiledCodeHeapSize                  = 121732930                              {pd product} {ergonomic}
    uintx ProfiledCodeHeapSize                     = 121732930                              {pd product} {ergonomic}
    uintx ReservedCodeCacheSize                    = 251658240                              {pd product} {ergonomic}
     bool SegmentedCodeCache                       = true                                      {product} {ergonomic}
   size_t SoftMaxHeapSize                          = 536870912                              {manageable} {ergonomic}
     bool UseCompressedOops                        = true                           {product lp64_product} {ergonomic}

Logging:
Log output configuration:
 #0: stdout all=warning uptime,level,tags foldmultilines=false
 #1: stderr all=off uptime,level,tags foldmultilines=false

Release file:
IMPLEMENTOR="N/A"
JAVA_RUNTIME_VERSION="21.0.9-internal-adhoc.talzuss.openjdk-mmtk"
JAVA_VERSION="21.0.9"
JAVA_VERSION_DATE="2025-10-21"
LIBC="gnu"
MODULES="java.base java.compiler java.datatransfer java.xml java.prefs java.desktop java.instrument java.logging java.management java.security.sasl java.naming java.rmi java.management.rmi java.net.http java.scripting java.security.jgss java.transaction.xa java.sql java.sql.rowset java.xml.crypto java.se java.smartcardio jdk.accessibility jdk.internal.jvmstat jdk.attach jdk.charsets jdk.internal.opt jdk.zipfs jdk.compiler jdk.crypto.ec jdk.crypto.cryptoki jdk.dynalink jdk.internal.ed jdk.editpad jdk.hotspot.agent jdk.httpserver jdk.incubator.vector jdk.internal.le jdk.internal.vm.ci jdk.internal.vm.compiler jdk.internal.vm.compiler.management jdk.jartool jdk.javadoc jdk.jcmd jdk.management jdk.management.agent jdk.jconsole jdk.jdeps jdk.jdwp.agent jdk.jdi jdk.jfr jdk.jlink jdk.jpackage jdk.jshell jdk.jsobject jdk.jstatd jdk.localedata jdk.management.jfr jdk.naming.dns jdk.naming.rmi jdk.net jdk.nio.mapmode jdk.random jdk.sctp jdk.security.auth jdk.security.jgss jdk.unsupported jdk.unsupported.desktop jdk.xml.dom"
OS_ARCH="x86_64"
OS_NAME="Linux"
SOURCE=".:git:b557520f04b3+"

Environment Variables:
PATH=/usr/local/sbin:/usr/local/bin:/usr/sbin:/usr/bin:/sbin:/bin:/snap/bin
SHELL=/bin/bash
LANG=en_US.UTF-8
TERM=tmux-256color

Active Locale:
LC_ALL=en_US.UTF-8
LC_COLLATE=en_US.UTF-8
LC_CTYPE=en_US.UTF-8
LC_MESSAGES=en_US.UTF-8
LC_MONETARY=en_US.UTF-8
LC_NUMERIC=en_US.UTF-8
LC_TIME=en_US.UTF-8

Signal Handlers:
   SIGSEGV: crash_handler in libjvm.so, mask=11100100010111111101111111111110, flags=SA_RESTART|SA_SIGINFO, unblocked
    SIGBUS: crash_handler in libjvm.so, mask=11100100010111111101111111111110, flags=SA_RESTART|SA_SIGINFO, unblocked
    SIGFPE: crash_handler in libjvm.so, mask=11100100010111111101111111111110, flags=SA_RESTART|SA_SIGINFO, unblocked
   SIGPIPE: javaSignalHandler in libjvm.so, mask=11100100010111111101111111111110, flags=SA_RESTART|SA_SIGINFO, blocked
   SIGXFSZ: javaSignalHandler in libjvm.so, mask=11100100010111111101111111111110, flags=SA_RESTART|SA_SIGINFO, blocked
    SIGILL: crash_handler in libjvm.so, mask=11100100010111111101111111111110, flags=SA_RESTART|SA_SIGINFO, unblocked
   SIGUSR2: SR_handler in libjvm.so, mask=00000000000000000000000000000000, flags=SA_RESTART|SA_SIGINFO, blocked
    SIGHUP: UserHandler in libjvm.so, mask=11100100010111111101111111111110, flags=SA_RESTART|SA_SIGINFO, blocked
    SIGINT: UserHandler in libjvm.so, mask=11100100010111111101111111111110, flags=SA_RESTART|SA_SIGINFO, blocked
   SIGTERM: UserHandler in libjvm.so, mask=11100100010111111101111111111110, flags=SA_RESTART|SA_SIGINFO, blocked
   SIGQUIT: UserHandler in libjvm.so, mask=11100100010111111101111111111110, flags=SA_RESTART|SA_SIGINFO, blocked
   SIGTRAP: crash_handler in libjvm.so, mask=11100100010111111101111111111110, flags=SA_RESTART|SA_SIGINFO, unblocked


Periodic native trim disabled

---------------  S Y S T E M  ---------------

OS:
DISTRIB_ID=Ubuntu
DISTRIB_RELEASE=24.04
DISTRIB_CODENAME=noble
DISTRIB_DESCRIPTION="Ubuntu 24.04.4 LTS"
uname: Linux 6.17.0-bpf-fault+ #1 SMP PREEMPT_DYNAMIC Mon Jul  6 16:43:12 MDT 2026 x86_64
OS uptime: 0 days 23:38 hours
libc: glibc 2.39 NPTL 2.39 
rlimit (soft/hard): STACK 8192k/infinity , CORE 0k/0k , NPROC 513205/513205 , NOFILE 1048576/1048576 , AS infinity/infinity , CPU infinity/infinity , DATA infinity/infinity , FSIZE infinity/infinity , MEMLOCK 16436528k/16436528k
load average: 1.56 2.61 1.59

/proc/meminfo:
MemTotal:       131492232 kB
MemFree:        73353116 kB
MemAvailable:   116012184 kB
Buffers:          533864 kB
Cached:         41508264 kB
SwapCached:            0 kB
Active:          3683180 kB
Inactive:       41221336 kB
Active(anon):    2878856 kB
Inactive(anon):        0 kB
Active(file):     804324 kB
Inactive(file): 41221336 kB
Unevictable:       41912 kB
Mlocked:           38840 kB
SwapTotal:       8388604 kB
SwapFree:        8388604 kB
Zswap:                 0 kB
Zswapped:              0 kB
Dirty:              4996 kB
Writeback:             0 kB
AnonPages:       2906184 kB
Mapped:          9734032 kB
Shmem:              5316 kB
KReclaimable:    1885092 kB
Slab:            2410880 kB
SReclaimable:    1885092 kB
SUnreclaim:       525788 kB
KernelStack:       12176 kB
PageTables:        57432 kB
SecPageTables:      8956 kB
NFS_Unstable:          0 kB
Bounce:                0 kB
WritebackTmp:          0 kB
CommitLimit:    74134720 kB
Committed_AS:   163223308 kB
VmallocTotal:   34359738367 kB
VmallocUsed:       38068 kB
VmallocChunk:          0 kB
Percpu:            51072 kB
HardwareCorrupted:     0 kB
AnonHugePages:         0 kB
ShmemHugePages:        0 kB
ShmemPmdMapped:        0 kB
FileHugePages:   2168832 kB
FilePmdMapped:         0 kB
Unaccepted:            0 kB
Balloon:               0 kB
HugePages_Total:       0
HugePages_Free:        0
HugePages_Rsvd:        0
HugePages_Surp:        0
Hugepagesize:       2048 kB
Hugetlb:               0 kB
DirectMap4k:      797504 kB
DirectMap2M:    25004032 kB
DirectMap1G:    108003328 kB

/sys/kernel/mm/transparent_hugepage/enabled: always [madvise] never
/sys/kernel/mm/transparent_hugepage/hpage_pmd_size: 2097152
/sys/kernel/mm/transparent_hugepage/defrag (defrag/compaction efforts parameter): always defer defer+madvise [madvise] never

Process Memory:
Virtual Size: 13620284476K (peak: 13620284476K)
Resident Set Size: 4184532K (peak: 4184532K) (anon: 1011316K, file: 3173216K, shmem: 0K)
Swapped out: 0K
C-Heap outstanding allocations: 1408264K, retained: 42731K
glibc malloc tunables: (default)

/proc/sys/kernel/threads-max (system-wide limit on the number of threads): 1026411
/proc/sys/vm/max_map_count (maximum number of memory map areas a process may have): 1048576
/proc/sys/vm/swappiness (control to define how aggressively the kernel swaps out anonymous memory): 60
/proc/sys/kernel/pid_max (system-wide limit on number of process identifiers): 4194304

container information not found.
Steal ticks since vm start: 0
Steal ticks percentage since vm start:  0.000

CPU: total 32 (initial active 32) (32 cores per cpu, 2 threads per core) family 23 model 49 stepping 0 microcode 0x830107c, cx8, cmov, fxsr, ht, mmx, 3dnowpref, sse, sse2, sse3, ssse3, sse4a, sse4.1, sse4.2, popcnt, lzcnt, tsc, tscinvbit, avx, avx2, aes, clmul, bmi1, bmi2, adx, sha, fma, vzeroupper, clflush, clflushopt, rdtscp, rdpid, f16c
CPU Model and flags from /proc/cpuinfo:
model name	: AMD EPYC 7302P 16-Core Processor
flags		: fpu vme de pse tsc msr pae mce cx8 apic sep mtrr pge mca cmov pat pse36 clflush mmx fxsr sse sse2 ht syscall nx mmxext fxsr_opt pdpe1gb rdtscp lm constant_tsc rep_good nopl xtopology nonstop_tsc cpuid extd_apicid aperfmperf rapl pni pclmulqdq monitor ssse3 fma cx16 sse4_1 sse4_2 movbe popcnt aes xsave avx f16c rdrand lahf_lm cmp_legacy svm extapic cr8_legacy abm sse4a misalignsse 3dnowprefetch osvw ibs skinit wdt tce topoext perfctr_core perfctr_nb bpext perfctr_llc mwaitx cpb cat_l3 cdp_l3 hw_pstate ssbd mba ibrs ibpb stibp vmmcall fsgsbase bmi1 avx2 smep bmi2 cqm rdt_a rdseed adx smap clflushopt clwb sha_ni xsaveopt xsavec xgetbv1 xsaves cqm_llc cqm_occup_llc cqm_mbm_total cqm_mbm_local clzero irperf xsaveerptr rdpru wbnoinvd amd_ppin arat npt lbrv svm_lock nrip_save tsc_scale vmcb_clean flushbyasid decodeassists pausefilter pfthreshold avic v_vmsave_vmload vgif v_spec_ctrl umip rdpid overflow_recov succor smca sev sev_es

Online cpus: 0-31
Offline cpus: 
BIOS frequency limitation: <Not Available>
Frequency switch latency (ns): <Not Available>
Available cpu frequencies: <Not Available>
Current governor: <Not Available>
Core performance/turbo boost: <Not Available>

Memory: 4k page, physical 131492232k(116012184k free), swap 8388604k(8388604k free)
Page Sizes: 4k

vm_info: OpenJDK 64-Bit Server VM (21.0.9-internal-adhoc.talzuss.openjdk-mmtk) for linux-amd64 JRE (21.0.9-internal-adhoc.talzuss.openjdk-mmtk), built on 2026-07-06T23:13:08Z by "talzuss" with gcc 13.3.0
heap_info: MMTk OpenJDK 0.32.0 (a3bb9ef-dirty), using MMTk 0.32.0 (ceb6a76-dirty, BUILTIN_ENV_LOGGER, DEFAULT, EAGER_SWEEPING, VO_BIT)

END.
