#
# A fatal error has been detected by the Java Runtime Environment:
#
#  SIGSEGV (0xb) at pc=0x000077e2f6c83c77, pid=257515, tid=257530
#
# JRE version: OpenJDK Runtime Environment (21.0.9) (build 21.0.9-internal-adhoc.talzuss.openjdk-mmtk)
# Java VM: OpenJDK 64-Bit Server VM (21.0.9-internal-adhoc.talzuss.openjdk-mmtk, mixed mode, sharing, tiered, compressed oops, compressed class ptrs, third-party gc, linux-amd64)
# Problematic frame:
# C  [libmmtk_openjdk.so+0x283c77]  _$LT$mmtk..plan..concurrent..concurrent_marking_work..ConcurrentTraceObjects$LT$VM$C$P$C$_$GT$$u20$as$u20$mmtk..plan..tracing..ObjectQueue$GT$::enqueue::h756425954db6a439+0x37
#
# Core dump will be written. Default location: Core dumps may be processed with "/usr/share/apport/apport -p%p -s%s -c%c -d%d -P%P -u%u -g%g -F%F -- %E" (or dumping to /mydata/mmtk-core/core.257515)
#
# If you would like to submit a bug report, please visit:
#   https://bugreport.java.com/bugreport/crash.jsp
#

---------------  S U M M A R Y ------------

Command Line: -XX:+UseThirdPartyHeap -Xms512m -Xmx512m /mydata/dacapo/dacapo-23.11/dacapo-23.11-MR2-chopin.jar xalan -n 3

Host: AMD EPYC 7302P 16-Core Processor, 32 cores, 125G, Ubuntu 24.04.4 LTS
Time: Tue Jul  7 11:18:45 2026 MDT elapsed time: 3.852324 seconds (0d 0h 0m 3s)

---------------  T H R E A D  ---------------

Current thread (0x000077e2f05319a0):  NamedThread "MMTk Collector Thread" [id=257530, stack(0x000077e2f4dfa000,0x000077e2f4efa000) (1024K)]

Stack: [0x000077e2f4dfa000,0x000077e2f4efa000],  sp=0x000077e2f4ef8910,  free space=1018k
Native frames: (J=compiled Java code, j=interpreted, Vv=VM code, C=native code)
C  [libmmtk_openjdk.so+0x283c77]  _$LT$mmtk..plan..concurrent..concurrent_marking_work..ConcurrentTraceObjects$LT$VM$C$P$C$_$GT$$u20$as$u20$mmtk..plan..tracing..ObjectQueue$GT$::enqueue::h756425954db6a439+0x37

siginfo: si_signo: 11 (SIGSEGV), si_code: 1 (SEGV_MAPERR), si_addr: 0x000077e456a797ac

Registers:
RAX=0x0000000058000000, RBX=0x0000000058494b50, RCX=0x000077e2f6a797ac, RDX=0x00006b35bf000000
RSP=0x000077e2f4ef8910, RBP=0x0000000000000001, RSI=0x0000000058494b50, RDI=0x00006b35bf000001
R8 =0x0000000000000004, R9 =0x0000000000000000, R10=0x0000000000000004, R11=0x10111f3c4366ea89
R12=0x0000000058494b50, R13=0x000077e2f4ef89cb, R14=0x000077e2f4ef8aa0, R15=0x000077e2f4ef89d0
RIP=0x000077e2f6c83c77, EFLAGS=0x0000000000010202, CSGSFS=0x002b000000000033, ERR=0x0000000000000004
  TRAPNO=0x000000000000000e

XMM[0]=0x000000000000031c 0x0000000000000064
XMM[1]=0xffffffffffffffff 0x0000000000000001
XMM[2]=0x000000ff00000000 0x000000000000ff00
XMM[3]=0x0000000000000000 0x0000000000000000
XMM[4]=0x0000000000000000 0x00006b3584000090
XMM[5]=0x000000000000001e 0x00000000000000f6
XMM[6]=0x0000000000000010 0x0000000000000016
XMM[7]=0x0000000000000000 0x0000000000000000
XMM[8]=0x0000000000000000 0x0000000000000000
XMM[9]=0x0000000000000000 0x0000000000000000
XMM[10]=0x3f3f3f3f3f3f3f3f 0x3f3f3f3f3f3f3f3f
XMM[11]=0x9999999999999999 0x9999999999999999
XMM[12]=0x2020202020202020 0x2020202020202020
XMM[13]=0x0000000000000000 0x0000000000000000
XMM[14]=0x0000000000000000 0x0000000000000000
XMM[15]=0x0000000000000000 0x0000000000000000
  MXCSR=0x00001fa2


Register to memory mapping:

RAX=
[error occurred during error reporting (printing register info), id 0xe0000000, Internal Error (/mydata/mmtk-openjdk/openjdk/share/mmtkHeap.cpp:444)]
RBX=
[error occurred during error reporting (printing register info, attempt 2), id 0xe0000000, Internal Error (/mydata/mmtk-openjdk/openjdk/share/mmtkHeap.cpp:444)]
RCX=
[error occurred during error reporting (printing register info, attempt 3), id 0xe0000000, Internal Error (/mydata/mmtk-openjdk/openjdk/share/mmtkHeap.cpp:444)]
Top of Stack: (sp=0x000077e2f4ef8910)
0x000077e2f4ef8910:   000077e2f6dfbb00 00000000400ae3d8
0x000077e2f4ef8920:   0000000059a2d998 000077e2f6c6331c
0x000077e2f4ef8930:   0000000000000000 0000000059a2da40
0x000077e2f4ef8940:   00006b35c00f32c0 0000000059a2da40
0x000077e2f4ef8950:   0000000059a2da40 000077e2f4ef8a3b
0x000077e2f4ef8960:   00006b3550002ae0 000077e2f6c7df2d
0x000077e2f4ef8970:   00006b35bf37bd88 0000000000000040
0x000077e2f4ef8980:   00006b35bf37bb18 0000000058494b50
0x000077e2f4ef8990:   000077e2f4ef89d8 000077e2f4ef89cb
0x000077e2f4ef89a0:   000077e2f6dd6d30 000077e2f4ef89d0
0x000077e2f4ef89b0:   0000000000000001 000077e2f6cd0cc8
0x000077e2f4ef89c0:   0000000000000000 0001000404000000
0x000077e2f4ef89d0:   0000000058494b50 000077e2f6dd6d30
0x000077e2f4ef89e0:   000077e2f4ef89d0 000077e2f4ef89cc
0x000077e2f4ef89f0:   000077e2f4ef89cd 000077e2f4ef89ce
0x000077e2f4ef8a00:   000077e2f4ef89cb 000077e2f03dc950
0x000077e2f4ef8a10:   000077e2f4ef8aa0 000077e2f4ef8aa0
0x000077e2f4ef8a20:   000000000007d388 000000000000a4e0
0x000077e2f4ef8a30:   00006b346c000d20 0000000000010000
0x000077e2f4ef8a40:   000000000000fa71 000077e2f6c84b60
0x000077e2f4ef8a50:   000077e2f0070500 000077e2f0070200
0x000077e2f4ef8a60:   000077e2f006ff00 00006b346c000d20
0x000077e2f4ef8a70:   0000000000010000 000000000000fa71
0x000077e2f4ef8a80:   000077e2f0528e70 000077e2f03dc950
0x000077e2f4ef8a90:   0000000000000002 000077e2f6c84a62
0x000077e2f4ef8aa0:   0000000000001000 00006b3584012ae0
0x000077e2f4ef8ab0:   0000000000000854 8000000000000000
0x000077e2f4ef8ac0:   00006b346c000d20 000000000000fa71
0x000077e2f4ef8ad0:   000077e2f03dc950 000077e2f0528e70
0x000077e2f4ef8ae0:   000077e2f0046210 000077e2f006ce80
0x000077e2f4ef8af0:   00006b346c080ff0 000077e2f6dbed98
0x000077e2f4ef8b00:   0000000000000007 000077e2f6ceab3d 

Instructions: (pc=0x000077e2f6c83c77)
0x000077e2f6c83b77:   00 10 00 00 b9 08 00 00 00 41 b8 08 00 00 00 4c
0x000077e2f6c83b87:   89 f7 31 f6 e8 40 2e 00 00 4c 8b 04 24 49 8b 06
0x000077e2f6c83b97:   49 8b 5e 10 48 39 c3 0f 85 da fb ff ff e9 11 fc
0x000077e2f6c83ba7:   ff ff 48 8d 05 00 bb 14 00 48 89 44 24 10 48 c7
0x000077e2f6c83bb7:   44 24 18 01 00 00 00 48 c7 44 24 20 08 00 00 00
0x000077e2f6c83bc7:   0f 57 c0 0f 11 44 24 28 48 8d 35 ea ba 14 00 48
0x000077e2f6c83bd7:   8d 7c 24 10 e8 00 03 f1 ff 48 8d 44 24 08 48 89
0x000077e2f6c83be7:   44 24 40 48 8d 44 24 40 48 89 44 24 10 48 8d 3d
0x000077e2f6c83bf7:   e9 87 17 00 48 8d 0d 86 ba 14 00 4c 8d 05 2f ea
0x000077e2f6c83c07:   14 00 48 8d 54 24 10 31 f6 e8 7b 23 13 00 4c 8b
0x000077e2f6c83c17:   04 24 48 63 05 c0 87 17 00 4d 8b 3c 00 4d 85 ff
0x000077e2f6c83c27:   0f 85 76 fe ff ff e9 ec f6 ff ff cc cc cc cc cc
0x000077e2f6c83c37:   cc cc cc cc cc cc cc cc cc 55 41 57 41 56 41 55
0x000077e2f6c83c47:   41 54 53 48 83 ec 78 49 89 f4 49 89 fe 8b 46 08
0x000077e2f6c83c57:   48 8b 15 32 95 17 00 48 8b 0d 33 95 17 00 48 d3
0x000077e2f6c83c67:   e0 48 8d 3c 10 8b 44 10 0c 48 8d 0d 35 5b df ff
0x000077e2f6c83c77:   48 63 04 81 48 01 c8 ff e0 4c 89 e6 4c 89 f2 e8
0x000077e2f6c83c87:   f5 f5 fd ff e9 f5 03 00 00 49 63 5c 24 0c 48 85
0x000077e2f6c83c97:   db 0f 84 e7 03 00 00 4d 8d 7c 24 10 48 c1 e3 02
0x000077e2f6c83ca7:   66 0f 1f 84 00 00 00 00 00 4c 89 f7 4c 89 fe e8
0x000077e2f6c83cb7:   95 2d 00 00 49 83 c7 04 48 83 c3 fc 75 eb e9 bb
0x000077e2f6c83cc7:   03 00 00 4c 89 64 24 08 48 63 87 28 01 00 00 48
0x000077e2f6c83cd7:   85 c0 0f 84 3a 01 00 00 48 63 8f ac 00 00 00 48
0x000077e2f6c83ce7:   8d 0c cf 48 63 97 2c 01 00 00 48 8d 34 d1 4c 8d
0x000077e2f6c83cf7:   3c d1 49 81 c7 d8 01 00 00 48 8d 04 c6 48 05 d8
0x000077e2f6c83d07:   01 00 00 48 89 44 24 60 48 ba ff ff ff ff ff ff
0x000077e2f6c83d17:   ff 7f eb 14 0f 1f 44 00 00 49 83 c7 08 4c 3b 7c
0x000077e2f6c83d27:   24 60 0f 84 ea 00 00 00 41 8b 6f 04 48 85 ed 74
0x000077e2f6c83d37:   e8 49 63 1f 48 03 5c 24 08 eb 54 ba 00 10 00 00
0x000077e2f6c83d47:   b9 08 00 00 00 41 b8 08 00 00 00 4c 89 f7 31 f6
0x000077e2f6c83d57:   e8 74 2c 00 00 48 ba ff ff ff ff ff ff ff 7f 49
0x000077e2f6c83d67:   8b 06 4d 8b 6e 10 0f 1f 00 49 39 c5 74 76 49 8b 


Stack slot to memory mapping:

stack at sp + 0 slots: 
[error occurred during error reporting (inspecting top of stack), id 0xe0000000, Internal Error (/mydata/mmtk-openjdk/openjdk/share/mmtkHeap.cpp:444)]
stack at sp + 1 slots: 
[error occurred during error reporting (inspecting top of stack, attempt 2), id 0xe0000000, Internal Error (/mydata/mmtk-openjdk/openjdk/share/mmtkHeap.cpp:444)]
stack at sp + 2 slots: 
[error occurred during error reporting (inspecting top of stack, attempt 3), id 0xe0000000, Internal Error (/mydata/mmtk-openjdk/openjdk/share/mmtkHeap.cpp:444)]

---------------  P R O C E S S  ---------------

Threads class SMR info:
_java_thread_list=0x00006b3474000c40, length=56, elements={
0x000077e2f002b240, 0x000077e2f0523740, 0x000077e2f0524fd0, 0x000077e2f0526ae0,
0x000077e2f0545310, 0x000077e2f0546c60, 0x000077e2f0548520, 0x000077e2f054a360,
0x000077e2f0553d30, 0x00006b35380459f0, 0x00006b352c0015f0, 0x000077e2f059af50,
0x000077e2f059df50, 0x00006b3530003e90, 0x00006b352c027730, 0x00006b352c028d60,
0x00006b3534098fb0, 0x000077e2f07b9850, 0x000077e2f07ba6a0, 0x000077e2f07bb900,
0x000077e2f07bcd50, 0x000077e2f07be120, 0x000077e2f07bf4f0, 0x000077e2f07c0990,
0x000077e2f07c1f00, 0x000077e2f07c32d0, 0x000077e2f07c4780, 0x000077e2f07c5d10,
0x000077e2f07c72a0, 0x000077e2f07c8750, 0x000077e2f07c9c00, 0x000077e2f03de230,
0x000077e2f03df0d0, 0x000077e2f03e0910, 0x000077e2f05c7a40, 0x000077e2f05c8ee0,
0x000077e2f05ca4b0, 0x000077e2f05cb950, 0x000077e2f05ccdf0, 0x000077e2f05ce290,
0x000077e2f05cfb20, 0x000077e2f05d1610, 0x000077e2f05d2ea0, 0x000077e2f05d4730,
0x000077e2f05d5fc0, 0x000077e2f05d7850, 0x000077e2f05d9260, 0x000077e2f03d1330,
0x000077e2f03d2520, 0x00006b351c1597a0, 0x00006b3530099630, 0x00006b351405c640,
0x00006b352c0c9510, 0x00006b3488029e10, 0x00006b35341f8320, 0x00006b3474029630
}

Java Threads: ( => current thread )
  0x000077e2f002b240 JavaThread "main"                              [_thread_blocked, id=257516, stack(0x000077e2f6900000,0x000077e2f6a00000) (1024K)]
  0x000077e2f0523740 JavaThread "Reference Handler"          daemon [_thread_blocked, id=257521, stack(0x000077e2f5700000,0x000077e2f5800000) (1024K)]
  0x000077e2f0524fd0 JavaThread "Finalizer"                  daemon [_thread_blocked, id=257522, stack(0x000077e2f5600000,0x000077e2f5700000) (1024K)]
  0x000077e2f0526ae0 JavaThread "MMTk Finalizer Thread"      daemon [_thread_blocked, id=257523, stack(0x000077e2f5500000,0x000077e2f5600000) (1024K)]
  0x000077e2f0545310 JavaThread "Signal Dispatcher"          daemon [_thread_blocked, id=257547, stack(0x00006b36042fc000,0x00006b36043fc000) (1024K)]
  0x000077e2f0546c60 JavaThread "Service Thread"             daemon [_thread_blocked, id=257548, stack(0x00006b36041fc000,0x00006b36042fc000) (1024K)]
  0x000077e2f0548520 JavaThread "Monitor Deflation Thread"   daemon [_thread_blocked, id=257549, stack(0x00006b36040fc000,0x00006b36041fc000) (1024K)]
  0x000077e2f054a360 JavaThread "C2 CompilerThread0"         daemon [_thread_in_native, id=257550, stack(0x00006b35bef00000,0x00006b35bf000000) (1024K)]
  0x000077e2f0553d30 JavaThread "C1 CompilerThread0"         daemon [_thread_blocked, id=257551, stack(0x00006b35bee00000,0x00006b35bef00000) (1024K)]
  0x00006b35380459f0 JavaThread "C1 CompilerThread1"         daemon [_thread_blocked, id=257552, stack(0x00006b35bed00000,0x00006b35bee00000) (1024K)]
  0x00006b352c0015f0 JavaThread "C1 CompilerThread2"         daemon [_thread_blocked, id=257553, stack(0x00006b35bec00000,0x00006b35bed00000) (1024K)]
  0x000077e2f059af50 JavaThread "Notification Thread"        daemon [_thread_blocked, id=257554, stack(0x00006b35beb00000,0x00006b35bec00000) (1024K)]
  0x000077e2f059df50 JavaThread "Common-Cleaner"             daemon [_thread_blocked, id=257555, stack(0x00006b35bea00000,0x00006b35beb00000) (1024K)]
  0x00006b3530003e90 JavaThread "C2 CompilerThread1"         daemon [_thread_in_native, id=257556, stack(0x00006b35be900000,0x00006b35bea00000) (1024K)]
  0x00006b352c027730 JavaThread "C1 CompilerThread3"         daemon [_thread_blocked, id=257557, stack(0x00006b35be800000,0x00006b35be900000) (1024K)]
  0x00006b352c028d60 JavaThread "C1 CompilerThread4"         daemon [_thread_blocked, id=257558, stack(0x00006b35be700000,0x00006b35be800000) (1024K)]
  0x00006b3534098fb0 JavaThread "C2 CompilerThread2"         daemon [_thread_in_native, id=257559, stack(0x00006b35be600000,0x00006b35be700000) (1024K)]
  0x000077e2f07b9850 JavaThread "Thread-0"                          [_thread_blocked, id=257561, stack(0x00006b35be2ff000,0x00006b35be3ff000) (1024K)]
  0x000077e2f07ba6a0 JavaThread "Thread-1"                          [_thread_blocked, id=257562, stack(0x00006b35be1ff000,0x00006b35be2ff000) (1024K)]
  0x000077e2f07bb900 JavaThread "Thread-2"                          [_thread_blocked, id=257563, stack(0x00006b35be0ff000,0x00006b35be1ff000) (1024K)]
  0x000077e2f07bcd50 JavaThread "Thread-3"                          [_thread_blocked, id=257564, stack(0x00006b35bdfff000,0x00006b35be0ff000) (1024K)]
  0x000077e2f07be120 JavaThread "Thread-4"                          [_thread_blocked, id=257565, stack(0x00006b35bdeff000,0x00006b35bdfff000) (1024K)]
  0x000077e2f07bf4f0 JavaThread "Thread-5"                          [_thread_blocked, id=257566, stack(0x00006b35bddff000,0x00006b35bdeff000) (1024K)]
  0x000077e2f07c0990 JavaThread "Thread-6"                          [_thread_blocked, id=257567, stack(0x00006b35bdcff000,0x00006b35bddff000) (1024K)]
  0x000077e2f07c1f00 JavaThread "Thread-7"                          [_thread_blocked, id=257568, stack(0x00006b35bdbff000,0x00006b35bdcff000) (1024K)]
  0x000077e2f07c32d0 JavaThread "Thread-8"                          [_thread_blocked, id=257569, stack(0x00006b35bdaff000,0x00006b35bdbff000) (1024K)]
  0x000077e2f07c4780 JavaThread "Thread-9"                          [_thread_blocked, id=257570, stack(0x00006b35bd9ff000,0x00006b35bdaff000) (1024K)]
  0x000077e2f07c5d10 JavaThread "Thread-10"                         [_thread_blocked, id=257571, stack(0x00006b35bd8ff000,0x00006b35bd9ff000) (1024K)]
  0x000077e2f07c72a0 JavaThread "Thread-11"                         [_thread_blocked, id=257572, stack(0x00006b35bd7ff000,0x00006b35bd8ff000) (1024K)]
  0x000077e2f07c8750 JavaThread "Thread-12"                         [_thread_blocked, id=257573, stack(0x00006b35bd6ff000,0x00006b35bd7ff000) (1024K)]
  0x000077e2f07c9c00 JavaThread "Thread-13"                         [_thread_blocked, id=257574, stack(0x00006b35bd5ff000,0x00006b35bd6ff000) (1024K)]
  0x000077e2f03de230 JavaThread "Thread-14"                         [_thread_blocked, id=257575, stack(0x00006b35be400000,0x00006b35be600000) (2048K)]
  0x000077e2f03df0d0 JavaThread "Thread-15"                         [_thread_blocked, id=257576, stack(0x00006b35bd4ff000,0x00006b35bd5ff000) (1024K)]
  0x000077e2f03e0910 JavaThread "Thread-16"                         [_thread_blocked, id=257577, stack(0x00006b35bd3ff000,0x00006b35bd4ff000) (1024K)]
  0x000077e2f05c7a40 JavaThread "Thread-17"                         [_thread_blocked, id=257578, stack(0x00006b35bd2ff000,0x00006b35bd3ff000) (1024K)]
  0x000077e2f05c8ee0 JavaThread "Thread-18"                         [_thread_blocked, id=257579, stack(0x00006b35bd1ff000,0x00006b35bd2ff000) (1024K)]
  0x000077e2f05ca4b0 JavaThread "Thread-19"                         [_thread_blocked, id=257580, stack(0x00006b35bd0ff000,0x00006b35bd1ff000) (1024K)]
  0x000077e2f05cb950 JavaThread "Thread-20"                         [_thread_blocked, id=257581, stack(0x00006b35bcfff000,0x00006b35bd0ff000) (1024K)]
  0x000077e2f05ccdf0 JavaThread "Thread-21"                         [_thread_blocked, id=257582, stack(0x00006b35bceff000,0x00006b35bcfff000) (1024K)]
  0x000077e2f05ce290 JavaThread "Thread-22"                         [_thread_blocked, id=257583, stack(0x00006b35bcdff000,0x00006b35bceff000) (1024K)]
  0x000077e2f05cfb20 JavaThread "Thread-23"                         [_thread_blocked, id=257584, stack(0x00006b35bccff000,0x00006b35bcdff000) (1024K)]
  0x000077e2f05d1610 JavaThread "Thread-24"                         [_thread_blocked, id=257585, stack(0x00006b35bcbff000,0x00006b35bccff000) (1024K)]
  0x000077e2f05d2ea0 JavaThread "Thread-25"                         [_thread_blocked, id=257586, stack(0x00006b35bcaff000,0x00006b35bcbff000) (1024K)]
  0x000077e2f05d4730 JavaThread "Thread-26"                         [_thread_blocked, id=257587, stack(0x00006b35bc9ff000,0x00006b35bcaff000) (1024K)]
  0x000077e2f05d5fc0 JavaThread "Thread-27"                         [_thread_blocked, id=257588, stack(0x00006b35bc8ff000,0x00006b35bc9ff000) (1024K)]
  0x000077e2f05d7850 JavaThread "Thread-28"                         [_thread_blocked, id=257589, stack(0x00006b35bc7ff000,0x00006b35bc8ff000) (1024K)]
  0x000077e2f05d9260 JavaThread "Thread-29"                         [_thread_blocked, id=257590, stack(0x00006b35bc6ff000,0x00006b35bc7ff000) (1024K)]
  0x000077e2f03d1330 JavaThread "Thread-30"                         [_thread_blocked, id=257591, stack(0x00006b35bc5ff000,0x00006b35bc6ff000) (1024K)]
  0x000077e2f03d2520 JavaThread "Thread-31"                         [_thread_blocked, id=257592, stack(0x00006b35bc4ff000,0x00006b35bc5ff000) (1024K)]
  0x00006b351c1597a0 JavaThread "C2 CompilerThread3"         daemon [_thread_in_native, id=257593, stack(0x00006b35bc3ff000,0x00006b35bc4ff000) (1024K)]
  0x00006b3530099630 JavaThread "C2 CompilerThread4"         daemon [_thread_in_native, id=257594, stack(0x00006b35bc2ff000,0x00006b35bc3ff000) (1024K)]
  0x00006b351405c640 JavaThread "C2 CompilerThread5"         daemon [_thread_in_native, id=257595, stack(0x00006b35bc1ff000,0x00006b35bc2ff000) (1024K)]
  0x00006b352c0c9510 JavaThread "C2 CompilerThread6"         daemon [_thread_in_native, id=257596, stack(0x00006b35bc0ff000,0x00006b35bc1ff000) (1024K)]
  0x00006b3488029e10 JavaThread "C2 CompilerThread7"         daemon [_thread_in_native, id=257597, stack(0x00006b3483f00000,0x00006b3484000000) (1024K)]
  0x00006b35341f8320 JavaThread "C2 CompilerThread8"         daemon [_thread_in_native, id=257598, stack(0x00006b3483e00000,0x00006b3483f00000) (1024K)]
  0x00006b3474029630 JavaThread "C2 CompilerThread9"         daemon [_thread_in_native, id=257599, stack(0x00006b3483d00000,0x00006b3483e00000) (1024K)]
Total: 56

Other Threads:
  0x000077e2f0518290 VMThread "VM Thread"                           [id=257520, stack(0x000077e2f5afd000,0x000077e2f5bfd000) (1024K)]
  0x000077e2f0505ee0 WatcherThread "VM Periodic Task Thread"        [id=257519, stack(0x000077e2f5bfe000,0x000077e2f5cfe000) (1024K)]

=>0x000077e2f05319a0 (exited) NamedThread "MMTk Collector Thread"   [id=257530, stack(0x000077e2f4dfa000,0x000077e2f4efa000) (1024K)]
Total: 3

Threads with active compile tasks:
C2 CompilerThread0  3855 3437       4       sun.net.www.protocol.jar.Handler::openConnection (10 bytes)
C2 CompilerThread1  3855 3435   !   4       java.net.URLClassLoader::getResourceAsStream (142 bytes)
C2 CompilerThread2  3855 3464       4       org.apache.xerces.impl.XMLVersionDetector::reset (72 bytes)
C2 CompilerThread3  3855 3445   !   4       org.apache.xml.dtm.DTMManager::newInstance (61 bytes)
C2 CompilerThread4  3855 3449   !   4       org.apache.xml.dtm.ObjectFactory::findJarServiceProviderName (254 bytes)
C2 CompilerThread5  3855 3459       4       org.apache.xml.dtm.SecuritySupport$6::run (32 bytes)
C2 CompilerThread6  3855 3462       4       org.apache.xerces.impl.XMLEntityManager::setupCurrentEntity (1240 bytes)
C2 CompilerThread7  3855 3446   !   4       org.apache.xml.dtm.ObjectFactory::lookUpFactoryClass (140 bytes)
C2 CompilerThread8  3855 3448   !   4       org.apache.xml.dtm.ObjectFactory::createObject (116 bytes)
C2 CompilerThread9  3855 3447   !   4       org.apache.xml.dtm.ObjectFactory::lookUpFactoryClassName (494 bytes)
Total: 10

VM state: not at safepoint (normal execution)

VM Mutex/Monitor currently owned by a thread: None

Heap address: 0x0000000040000000, size: 3072 MB, Compressed Oops mode: 32-bit

CDS archive(s) mapped at: [0x00006b35bf000000-0x00006b35bfca3000-0x00006b35bfca3000), size 13250560, SharedBaseAddress: 0x00006b35bf000000, ArchiveRelocationMode: 1.
Compressed class space mapped at: 0x00006b35c0000000-0x00006b3600000000, reserved size: 1073741824
Narrow klass base: 0x00006b35bf000000, Narrow klass shift: 0, Narrow klass range: 0x100000000

GC Precious Log:
<Empty>

Heap:

[error occurred during error reporting (printing heap information), id 0xe0000000, Internal Error (/mydata/mmtk-openjdk/openjdk/share/mmtkHeap.cpp:424)]
Metaspace:

Usage:
  Non-class:      7.13 MB used.
      Class:    970.21 KB used.
       Both:      8.08 MB used.

Virtual space:
  Non-class space:       64.00 MB reserved,       7.25 MB ( 11%) committed,  1 nodes.
      Class space:        1.00 GB reserved,       1.06 MB ( <1%) committed,  1 nodes.
             Both:        1.06 GB reserved,       8.31 MB ( <1%) committed. 

Chunk freelists:
   Non-Class:  7.26 MB
       Class:  14.99 MB
        Both:  22.25 MB

MaxMetaspaceSize: unlimited
CompressedClassSpaceSize: 1.00 GB
Initial GC threshold: 21.00 MB
Current GC threshold: 21.00 MB
CDS: on
 - commit_granule_bytes: 65536.
 - commit_granule_words: 8192.
 - virtual_space_node_default_size: 8388608.
 - enlarge_chunks_in_place: 1.
 - use_allocation_guard: 0.


Internal statistics:

num_allocs_failed_limit: 0.
num_arena_births: 130.
num_arena_deaths: 0.
num_vsnodes_births: 2.
num_vsnodes_deaths: 0.
num_space_committed: 133.
num_space_uncommitted: 0.
num_chunks_returned_to_freelist: 0.
num_chunks_taken_from_freelist: 378.
num_chunk_merges: 0.
num_chunk_splits: 269.
num_chunks_enlarged: 212.
num_inconsistent_stats: 0.

CodeHeap 'non-profiled nmethods': size=118880Kb used=3779Kb max_used=3779Kb free=115100Kb
 bounds [0x000077e2e03e8000, 0x000077e2e07a8000, 0x000077e2e7800000]
CodeHeap 'profiled nmethods': size=118876Kb used=7015Kb max_used=7015Kb free=111860Kb
 bounds [0x000077e2d8800000, 0x000077e2d8ee0000, 0x000077e2dfc17000]
CodeHeap 'non-nmethods': size=8004Kb used=3463Kb max_used=3583Kb free=4540Kb
 bounds [0x000077e2dfc17000, 0x000077e2dffa7000, 0x000077e2e03e8000]
CodeCache: size=245760Kb, used=14257Kb, max_used=14377Kb, free=231500Kb
 total_blobs=3932, nmethods=3450, adapters=381, full_count=0
Compilation: enabled, stopped_count=0, restarted_count=0

Compilation events (20 events):
Event: 3.812 Thread 0x00006b351405c640 nmethod 3454 0x000077e2e078f790 code [0x000077e2e078fa40, 0x000077e2e07903e8]
Event: 3.812 Thread 0x00006b351405c640 3456   !   4       sun.nio.cs.StreamDecoder::forInputStreamReader (24 bytes)
Event: 3.818 Thread 0x00006b352c0c9510 nmethod 3453 0x000077e2e0790d10 code [0x000077e2e0791040, 0x000077e2e0791e38]
Event: 3.818 Thread 0x00006b352c0c9510 3457   !   4       java.io.BufferedReader::implClose (42 bytes)
Event: 3.819 Thread 0x00006b3534098fb0 nmethod 3455 0x000077e2e0792b90 code [0x000077e2e0792e40, 0x000077e2e07937e0]
Event: 3.819 Thread 0x00006b3534098fb0 3458   !   4       org.apache.xml.serializer.SecuritySupport$3::run (28 bytes)
Event: 3.820 Thread 0x00006b3534098fb0 nmethod 3458 0x000077e2e0794110 code [0x000077e2e07942a0, 0x000077e2e0794368]
Event: 3.820 Thread 0x00006b3534098fb0 3460   !   4       org.apache.xerces.parsers.AbstractSAXParser::setProperty (311 bytes)
Event: 3.820 Thread 0x00006b351405c640 nmethod 3456 0x000077e2e0794410 code [0x000077e2e07946a0, 0x000077e2e07953e8]
Event: 3.821 Thread 0x00006b351405c640 3459       4       org.apache.xml.dtm.SecuritySupport$6::run (32 bytes)
Event: 3.826 Thread 0x00006b3534098fb0 nmethod 3460 0x000077e2e0795e10 code [0x000077e2e0795fe0, 0x000077e2e0796478]
Event: 3.826 Thread 0x00006b3534098fb0 3451       4       org.apache.xml.utils.NodeVector::RemoveAllNoClear (15 bytes)
Event: 3.826 Thread 0x00006b3534098fb0 nmethod 3451 0x000077e2e0796810 code [0x000077e2e0796980, 0x000077e2e0796a28]
Event: 3.826 Thread 0x00006b3534098fb0 3461       4       java.lang.invoke.LambdaForm$DMH/0x00006b35c0101c00::newInvokeSpecial (27 bytes)
Event: 3.827 Thread 0x00006b352c0c9510 nmethod 3457 0x000077e2e0796b10 code [0x000077e2e0796de0, 0x000077e2e0797848]
Event: 3.828 Thread 0x00006b3534098fb0 nmethod 3461 0x000077e2e0798290 code [0x000077e2e0798420, 0x000077e2e07985a0]
Event: 3.830 Thread 0x00006b352c0c9510 3462       4       org.apache.xerces.impl.XMLEntityManager::setupCurrentEntity (1240 bytes)
Event: 3.832 Thread 0x00006b3534098fb0 3463       4       org.apache.xerces.parsers.XML11Configuration::reset (41 bytes)
Event: 3.834 Thread 0x00006b3534098fb0 nmethod 3463 0x000077e2e0798690 code [0x000077e2e0798840, 0x000077e2e0798ad8]
Event: 3.834 Thread 0x00006b3534098fb0 3464       4       org.apache.xerces.impl.XMLVersionDetector::reset (72 bytes)

GC Heap History (0 events):
No events

Dll operation events (7 events):
Event: 0.001 Loaded shared library /mydata/openjdk-mmtk/build/b0test/images/jdk/lib/libjava.so
Event: 2.238 Loaded shared library /mydata/openjdk-mmtk/build/b0test/images/jdk/lib/libjsvml.so
Event: 2.251 Loaded shared library /mydata/openjdk-mmtk/build/b0test/images/jdk/lib/libnio.so
Event: 2.254 Loaded shared library /mydata/openjdk-mmtk/build/b0test/images/jdk/lib/libzip.so
Event: 2.268 Loaded shared library /mydata/openjdk-mmtk/build/b0test/images/jdk/lib/libjimage.so
Event: 2.294 Loaded shared library /mydata/openjdk-mmtk/build/b0test/images/jdk/lib/libnet.so
Event: 2.394 Loaded shared library /mydata/openjdk-mmtk/build/b0test/images/jdk/lib/libverify.so

Deoptimization events (20 events):
Event: 3.551 Thread 0x000077e2f05cfb20 Uncommon trap: reason=profile_predicate action=maybe_recompile pc=0x000077e2e06d81cc method=java.util.concurrent.ConcurrentHashMap$Traverser.advance()Ljava/util/concurrent/ConcurrentHashMap$Node; @ 15 c2
Event: 3.551 Thread 0x000077e2f07c72a0 DEOPT UNPACKING pc=0x000077e2dfc6a399 sp=0x00006b35bd8fd138 mode 2
Event: 3.551 Thread 0x000077e2f05cfb20 DEOPT PACKING pc=0x000077e2e06d81cc sp=0x00006b35bcdfd460
Event: 3.551 Thread 0x000077e2f05cfb20 DEOPT UNPACKING pc=0x000077e2dfc6a399 sp=0x00006b35bcdfd138 mode 2
Event: 3.555 Thread 0x000077e2f03e0910 Uncommon trap: trap_request=0xffffffde fr.pc=0x000077e2e06e8778 relative=0x0000000000000158
Event: 3.555 Thread 0x000077e2f03e0910 Uncommon trap: reason=class_check action=maybe_recompile pc=0x000077e2e06e8778 method=jdk.internal.misc.Unsafe.allocateUninitializedArray(Ljava/lang/Class;I)Ljava/lang/Object; @ 51 c2
Event: 3.555 Thread 0x000077e2f03e0910 DEOPT PACKING pc=0x000077e2e06e8778 sp=0x00006b35bd4fd300
Event: 3.555 Thread 0x000077e2f03e0910 DEOPT UNPACKING pc=0x000077e2dfc6a399 sp=0x00006b35bd4fd298 mode 2
Event: 3.555 Thread 0x000077e2f03e0910 Uncommon trap: trap_request=0xffffffde fr.pc=0x000077e2e06e8778 relative=0x0000000000000158
Event: 3.555 Thread 0x000077e2f03e0910 Uncommon trap: reason=class_check action=maybe_recompile pc=0x000077e2e06e8778 method=jdk.internal.misc.Unsafe.allocateUninitializedArray(Ljava/lang/Class;I)Ljava/lang/Object; @ 51 c2
Event: 3.555 Thread 0x000077e2f03e0910 DEOPT PACKING pc=0x000077e2e06e8778 sp=0x00006b35bd4fd390
Event: 3.555 Thread 0x000077e2f03e0910 DEOPT UNPACKING pc=0x000077e2dfc6a399 sp=0x00006b35bd4fd328 mode 2
Event: 3.555 Thread 0x000077e2f07c5d10 Uncommon trap: trap_request=0xffffffde fr.pc=0x000077e2e06e8778 relative=0x0000000000000158
Event: 3.555 Thread 0x000077e2f07c5d10 Uncommon trap: reason=class_check action=maybe_recompile pc=0x000077e2e06e8778 method=jdk.internal.misc.Unsafe.allocateUninitializedArray(Ljava/lang/Class;I)Ljava/lang/Object; @ 51 c2
Event: 3.555 Thread 0x000077e2f07c5d10 DEOPT PACKING pc=0x000077e2e06e8778 sp=0x00006b35bd9fd300
Event: 3.555 Thread 0x000077e2f07c5d10 DEOPT UNPACKING pc=0x000077e2dfc6a399 sp=0x00006b35bd9fd298 mode 2
Event: 3.555 Thread 0x000077e2f07ba6a0 Uncommon trap: trap_request=0xffffffde fr.pc=0x000077e2e06e8778 relative=0x0000000000000158
Event: 3.555 Thread 0x000077e2f07ba6a0 Uncommon trap: reason=class_check action=maybe_recompile pc=0x000077e2e06e8778 method=jdk.internal.misc.Unsafe.allocateUninitializedArray(Ljava/lang/Class;I)Ljava/lang/Object; @ 51 c2
Event: 3.555 Thread 0x000077e2f07ba6a0 DEOPT PACKING pc=0x000077e2e06e8778 sp=0x00006b35be2fd300
Event: 3.555 Thread 0x000077e2f07ba6a0 DEOPT UNPACKING pc=0x000077e2dfc6a399 sp=0x00006b35be2fd298 mode 2

Classes loaded (20 events):
Event: 2.652 Loading class java/util/ResourceBundle$CacheKeyReference done
Event: 2.652 Loading class java/util/ResourceBundle$KeyElementReference done
Event: 2.653 Loading class java/util/ResourceBundle$Control$2
Event: 2.653 Loading class java/util/ResourceBundle$Control$2 done
Event: 2.653 Loading class sun/util/PropertyResourceBundleCharset
Event: 2.653 Loading class sun/util/PropertyResourceBundleCharset done
Event: 2.653 Loading class sun/util/PropertyResourceBundleCharset$PropertiesFileDecoder
Event: 2.654 Loading class sun/util/PropertyResourceBundleCharset$PropertiesFileDecoder done
Event: 2.654 Loading class java/util/ResourceBundle$BundleReference
Event: 2.654 Loading class java/util/ResourceBundle$BundleReference done
Event: 2.655 Loading class sun/util/ResourceBundleEnumeration
Event: 2.655 Loading class sun/util/ResourceBundleEnumeration done
Event: 2.663 Loading class sun/nio/cs/ISO_8859_1$Encoder
Event: 2.663 Loading class sun/nio/cs/ISO_8859_1$Encoder done
Event: 2.697 Loading class java/util/ResourceBundle$Control$1
Event: 2.697 Loading class java/util/ResourceBundle$Control$1 done
Event: 2.721 Loading class java/lang/foreign/MemorySegment
Event: 2.721 Loading class java/lang/foreign/MemorySegment done
Event: 3.573 Loading class java/net/Proxy
Event: 3.573 Loading class java/net/Proxy done

Classes unloaded (0 events):
No events

Classes redefined (0 events):
No events

Internal exceptions (17 events):
Event: 2.261 Thread 0x000077e2f002b240 Exception <a 'java/lang/NoSuchMethodError'{0x0000000040334090}: 'java.lang.Object java.lang.invoke.DirectMethodHandle$Holder.newInvokeSpecial(java.lang.Object, int, java.lang.Object)'> (0x0000000040334090) 
thrown [src/hotspot/share/interpreter/linkResolver.cpp, line 772]
Event: 2.270 Thread 0x000077e2f002b240 Exception <a 'java/lang/NoSuchMethodError'{0x00000000402f9e28}: 'void java.lang.invoke.DirectMethodHandle$Holder.invokeStatic(java.lang.Object, java.lang.Object)'> (0x00000000402f9e28) 
thrown [src/hotspot/share/interpreter/linkResolver.cpp, line 772]
Event: 2.271 Thread 0x000077e2f002b240 Exception <a 'java/lang/NoSuchMethodError'{0x00000000402fd820}: 'void java.lang.invoke.DirectMethodHandle$Holder.invokeSpecial(java.lang.Object, java.lang.Object, java.lang.Object)'> (0x00000000402fd820) 
thrown [src/hotspot/share/interpreter/linkResolver.cpp, line 772]
Event: 2.313 Thread 0x000077e2f002b240 Exception <a 'java/lang/NoSuchMethodError'{0x00000000401b5ca8}: 'void java.lang.invoke.DirectMethodHandle$Holder.invokeVirtual(java.lang.Object, java.lang.Object)'> (0x00000000401b5ca8) 
thrown [src/hotspot/share/interpreter/linkResolver.cpp, line 772]
Event: 2.318 Thread 0x000077e2f002b240 Exception <a 'java/io/FileNotFoundException'{0x000000004018ec88}> (0x000000004018ec88) 
thrown [src/hotspot/share/prims/jni.cpp, line 520]
Event: 2.329 Thread 0x000077e2f002b240 Exception <a 'java/lang/NoSuchMethodError'{0x00000000401218b0}: 'java.lang.Object java.lang.invoke.Invokers$Holder.invokeExact_MT(java.lang.Object, java.lang.Object, java.lang.Object, java.lang.Object, java.lang.Object)'> (0x00000000401218b0) 
thrown [src/hotspot/share/interpreter/linkResolver.cpp, line 772]
Event: 2.524 Thread 0x000077e2f002b240 Exception <a 'java/lang/NoSuchMethodError'{0x0000000040eb24f8}: 'void java.lang.invoke.DirectMethodHandle$Holder.invokeVirtual(java.lang.Object, java.lang.Object, int)'> (0x0000000040eb24f8) 
thrown [src/hotspot/share/interpreter/linkResolver.cpp, line 772]
Event: 2.524 Thread 0x000077e2f002b240 Exception <a 'java/lang/NoSuchMethodError'{0x0000000040eb6c20}: 'int java.lang.invoke.DirectMethodHandle$Holder.invokeSpecial(java.lang.Object, java.lang.Object, java.lang.Object, int)'> (0x0000000040eb6c20) 
thrown [src/hotspot/share/interpreter/linkResolver.cpp, line 772]
Event: 2.526 Thread 0x000077e2f002b240 Exception <a 'java/lang/NoSuchMethodError'{0x0000000040e989e0}: 'java.lang.Object java.lang.invoke.DirectMethodHandle$Holder.invokeStatic(java.lang.Object, java.lang.Object, java.lang.Object, java.lang.Object, int)'> (0x0000000040e989e0) 
thrown [src/hotspot/share/interpreter/linkResolver.cpp, line 772]
Event: 2.527 Thread 0x000077e2f002b240 Exception <a 'java/lang/NoSuchMethodError'{0x0000000040e93be0}: 'void java.lang.invoke.DelegatingMethodHandle$Holder.reinvoke_L(java.lang.Object, java.lang.Object, int)'> (0x0000000040e93be0) 
thrown [src/hotspot/share/interpreter/linkResolver.cpp, line 772]
Event: 2.528 Thread 0x000077e2f002b240 Exception <a 'java/lang/NoSuchMethodError'{0x0000000040e8a938}: 'int java.lang.invoke.DirectMethodHandle$Holder.invokeSpecial(java.lang.Object, java.lang.Object, java.lang.Object)'> (0x0000000040e8a938) 
thrown [src/hotspot/share/interpreter/linkResolver.cpp, line 772]
Event: 2.606 Thread 0x000077e2f002b240 Exception <a 'java/lang/NoSuchMethodError'{0x00000000413b4670}: 'void java.lang.invoke.DelegatingMethodHandle$Holder.reinvoke_L(java.lang.Object, java.lang.Object, int, int)'> (0x00000000413b4670) 
thrown [src/hotspot/share/interpreter/linkResolver.cpp, line 772]
Event: 2.650 Thread 0x000077e2f07bcd50 Exception <a 'java/lang/NoSuchMethodError'{0x0000000040a06870}: 'java.lang.Object java.lang.invoke.DirectMethodHandle$Holder.invokeInterface(java.lang.Object, java.lang.Object)'> (0x0000000040a06870) 
thrown [src/hotspot/share/interpreter/linkResolver.cpp, line 772]
Event: 3.550 Thread 0x000077e2f05d9260 Implicit null exception at 0x000077e2e06d5c0e to 0x000077e2e06d81b4
Event: 3.550 Thread 0x000077e2f07bb900 Implicit null exception at 0x000077e2e06d5c0e to 0x000077e2e06d81b4
Event: 3.550 Thread 0x000077e2f07c72a0 Implicit null exception at 0x000077e2e06d5c0e to 0x000077e2e06d81b4
Event: 3.551 Thread 0x000077e2f05cfb20 Implicit null exception at 0x000077e2e06d5c0e to 0x000077e2e06d81b4

ZGC Phase Switch (0 events):
No events

VM Operations (20 events):
Event: 3.300 Executing VM operation: ThirdPartyHeapOperation
Event: 3.313 Executing VM operation: ThirdPartyHeapOperation done
Event: 3.381 Executing VM operation: ThirdPartyHeapOperation
Event: 3.392 Executing VM operation: ThirdPartyHeapOperation done
Event: 3.409 Executing VM operation: ThirdPartyHeapOperation
Event: 3.424 Executing VM operation: ThirdPartyHeapOperation done
Event: 3.508 Executing VM operation: ThirdPartyHeapOperation
Event: 3.519 Executing VM operation: ThirdPartyHeapOperation done
Event: 3.533 Executing VM operation: ThirdPartyHeapOperation
Event: 3.550 Executing VM operation: ThirdPartyHeapOperation done
Event: 3.613 Executing VM operation: ThirdPartyHeapOperation
Event: 3.623 Executing VM operation: ThirdPartyHeapOperation done
Event: 3.639 Executing VM operation: ThirdPartyHeapOperation
Event: 3.656 Executing VM operation: ThirdPartyHeapOperation done
Event: 3.721 Executing VM operation: ThirdPartyHeapOperation
Event: 3.732 Executing VM operation: ThirdPartyHeapOperation done
Event: 3.735 Executing VM operation: ThirdPartyHeapOperation
Event: 3.769 Executing VM operation: ThirdPartyHeapOperation done
Event: 3.836 Executing VM operation: ThirdPartyHeapOperation
Event: 3.847 Executing VM operation: ThirdPartyHeapOperation done

Memory protections (20 events):
Event: 2.617 Protecting memory [0x00006b35bd0ff000,0x00006b35bd103000] with protection modes 0
Event: 2.617 Protecting memory [0x00006b35bcfff000,0x00006b35bd003000] with protection modes 0
Event: 2.617 Protecting memory [0x00006b35bceff000,0x00006b35bcf03000] with protection modes 0
Event: 2.617 Protecting memory [0x00006b35bcdff000,0x00006b35bce03000] with protection modes 0
Event: 2.617 Protecting memory [0x00006b35bccff000,0x00006b35bcd03000] with protection modes 0
Event: 2.617 Protecting memory [0x00006b35bcbff000,0x00006b35bcc03000] with protection modes 0
Event: 2.617 Protecting memory [0x00006b35bcaff000,0x00006b35bcb03000] with protection modes 0
Event: 2.617 Protecting memory [0x00006b35bc9ff000,0x00006b35bca03000] with protection modes 0
Event: 2.617 Protecting memory [0x00006b35bc8ff000,0x00006b35bc903000] with protection modes 0
Event: 2.617 Protecting memory [0x00006b35bc7ff000,0x00006b35bc803000] with protection modes 0
Event: 2.618 Protecting memory [0x00006b35bc6ff000,0x00006b35bc703000] with protection modes 0
Event: 2.618 Protecting memory [0x00006b35bc5ff000,0x00006b35bc603000] with protection modes 0
Event: 2.618 Protecting memory [0x00006b35bc4ff000,0x00006b35bc503000] with protection modes 0
Event: 2.666 Protecting memory [0x00006b35bc3ff000,0x00006b35bc403000] with protection modes 0
Event: 2.699 Protecting memory [0x00006b35bc2ff000,0x00006b35bc303000] with protection modes 0
Event: 2.702 Protecting memory [0x00006b35bc1ff000,0x00006b35bc203000] with protection modes 0
Event: 2.720 Protecting memory [0x00006b35bc0ff000,0x00006b35bc103000] with protection modes 0
Event: 2.723 Protecting memory [0x00006b3483f00000,0x00006b3483f04000] with protection modes 0
Event: 2.724 Protecting memory [0x00006b3483e00000,0x00006b3483e04000] with protection modes 0
Event: 2.725 Protecting memory [0x00006b3483d00000,0x00006b3483d04000] with protection modes 0

Nmethod flushes (0 events):
No events

Events (20 events):
Event: 2.617 Thread 0x000077e2f002b240 Thread added: 0x000077e2f05ca4b0
Event: 2.617 Thread 0x000077e2f002b240 Thread added: 0x000077e2f05cb950
Event: 2.617 Thread 0x000077e2f002b240 Thread added: 0x000077e2f05ccdf0
Event: 2.617 Thread 0x000077e2f002b240 Thread added: 0x000077e2f05ce290
Event: 2.617 Thread 0x000077e2f002b240 Thread added: 0x000077e2f05cfb20
Event: 2.617 Thread 0x000077e2f002b240 Thread added: 0x000077e2f05d1610
Event: 2.617 Thread 0x000077e2f002b240 Thread added: 0x000077e2f05d2ea0
Event: 2.617 Thread 0x000077e2f002b240 Thread added: 0x000077e2f05d4730
Event: 2.617 Thread 0x000077e2f002b240 Thread added: 0x000077e2f05d5fc0
Event: 2.617 Thread 0x000077e2f002b240 Thread added: 0x000077e2f05d7850
Event: 2.618 Thread 0x000077e2f002b240 Thread added: 0x000077e2f05d9260
Event: 2.618 Thread 0x000077e2f002b240 Thread added: 0x000077e2f03d1330
Event: 2.618 Thread 0x000077e2f002b240 Thread added: 0x000077e2f03d2520
Event: 2.666 Thread 0x00006b3530003e90 Thread added: 0x00006b351c1597a0
Event: 2.698 Thread 0x00006b352c0015f0 Thread added: 0x00006b3530099630
Event: 2.702 Thread 0x00006b352c028d60 Thread added: 0x00006b351405c640
Event: 2.720 Thread 0x00006b35380459f0 Thread added: 0x00006b352c0c9510
Event: 2.723 Thread 0x00006b352c0c9510 Thread added: 0x00006b3488029e10
Event: 2.724 Thread 0x000077e2f054a360 Thread added: 0x00006b35341f8320
Event: 2.725 Thread 0x00006b35341f8320 Thread added: 0x00006b3474029630


Dynamic libraries:
40000000-40400000 rw-p 00000000 00:00 0                                  [anon:mmtk:space:immix]
40400000-40800000 rw-p 00000000 00:00 0                                  [anon:mmtk:space:los]
40800000-41400000 rw-p 00000000 00:00 0                                  [anon:mmtk:space:immix]
41400000-41800000 rw-p 00000000 00:00 0                                  [anon:mmtk:space:los]
41800000-41c00000 rw-p 00000000 00:00 0                                  [anon:mmtk:space:immix]
41c00000-42000000 rw-p 00000000 00:00 0                                  [anon:mmtk:space:los]
42000000-42400000 rw-p 00000000 00:00 0                                  [anon:mmtk:space:immix]
42400000-42800000 rw-p 00000000 00:00 0                                  [anon:mmtk:space:los]
42800000-43000000 rw-p 00000000 00:00 0                                  [anon:mmtk:space:immix]
43000000-43400000 rw-p 00000000 00:00 0                                  [anon:mmtk:space:los]
43400000-43c00000 rw-p 00000000 00:00 0                                  [anon:mmtk:space:immix]
43c00000-44000000 rw-p 00000000 00:00 0                                  [anon:mmtk:space:los]
44000000-44800000 rw-p 00000000 00:00 0                                  [anon:mmtk:space:immix]
44800000-44c00000 rw-p 00000000 00:00 0                                  [anon:mmtk:space:los]
44c00000-45000000 rw-p 00000000 00:00 0                                  [anon:mmtk:space:immix]
45000000-45400000 rw-p 00000000 00:00 0                                  [anon:mmtk:space:los]
45400000-45c00000 rw-p 00000000 00:00 0                                  [anon:mmtk:space:immix]
45c00000-46000000 rw-p 00000000 00:00 0                                  [anon:mmtk:space:los]
46000000-46800000 rw-p 00000000 00:00 0                                  [anon:mmtk:space:immix]
46800000-46c00000 rw-p 00000000 00:00 0                                  [anon:mmtk:space:los]
46c00000-47000000 rw-p 00000000 00:00 0                                  [anon:mmtk:space:immix]
47000000-47400000 rw-p 00000000 00:00 0                                  [anon:mmtk:space:los]
47400000-47800000 rw-p 00000000 00:00 0                                  [anon:mmtk:space:immix]
47800000-47c00000 rw-p 00000000 00:00 0                                  [anon:mmtk:space:los]
47c00000-48400000 rw-p 00000000 00:00 0                                  [anon:mmtk:space:immix]
48400000-48800000 rw-p 00000000 00:00 0                                  [anon:mmtk:space:los]
48800000-48c00000 rw-p 00000000 00:00 0                                  [anon:mmtk:space:immix]
48c00000-49000000 rw-p 00000000 00:00 0                                  [anon:mmtk:space:los]
49000000-49400000 rw-p 00000000 00:00 0                                  [anon:mmtk:space:immix]
49400000-49800000 rw-p 00000000 00:00 0                                  [anon:mmtk:space:los]
49800000-4a000000 rw-p 00000000 00:00 0                                  [anon:mmtk:space:immix]
4a000000-4a400000 rw-p 00000000 00:00 0                                  [anon:mmtk:space:los]
4a400000-4ac00000 rw-p 00000000 00:00 0                                  [anon:mmtk:space:immix]
4ac00000-4b000000 rw-p 00000000 00:00 0                                  [anon:mmtk:space:los]
4b000000-4b800000 rw-p 00000000 00:00 0                                  [anon:mmtk:space:immix]
4b800000-4bc00000 rw-p 00000000 00:00 0                                  [anon:mmtk:space:los]
4bc00000-4c000000 rw-p 00000000 00:00 0                                  [anon:mmtk:space:immix]
4c000000-4c400000 rw-p 00000000 00:00 0                                  [anon:mmtk:space:los]
4c400000-4c800000 rw-p 00000000 00:00 0                                  [anon:mmtk:space:immix]
4c800000-4cc00000 rw-p 00000000 00:00 0                                  [anon:mmtk:space:los]
4cc00000-4d400000 rw-p 00000000 00:00 0                                  [anon:mmtk:space:immix]
4d400000-4d800000 rw-p 00000000 00:00 0                                  [anon:mmtk:space:los]
4d800000-4e000000 rw-p 00000000 00:00 0                                  [anon:mmtk:space:immix]
4e000000-4e400000 rw-p 00000000 00:00 0                                  [anon:mmtk:space:los]
4e400000-4e800000 rw-p 00000000 00:00 0                                  [anon:mmtk:space:immix]
4e800000-4ec00000 rw-p 00000000 00:00 0                                  [anon:mmtk:space:los]
4ec00000-4f400000 rw-p 00000000 00:00 0                                  [anon:mmtk:space:immix]
4f400000-4f800000 rw-p 00000000 00:00 0                                  [anon:mmtk:space:los]
4f800000-4fc00000 rw-p 00000000 00:00 0                                  [anon:mmtk:space:immix]
4fc00000-50000000 rw-p 00000000 00:00 0                                  [anon:mmtk:space:los]
50000000-50400000 rw-p 00000000 00:00 0                                  [anon:mmtk:space:immix]
50400000-50c00000 rw-p 00000000 00:00 0                                  [anon:mmtk:space:los]
50c00000-51000000 rw-p 00000000 00:00 0                                  [anon:mmtk:space:immix]
51000000-51400000 rw-p 00000000 00:00 0                                  [anon:mmtk:space:los]
51400000-51c00000 rw-p 00000000 00:00 0                                  [anon:mmtk:space:immix]
51c00000-52000000 rw-p 00000000 00:00 0                                  [anon:mmtk:space:los]
52000000-52400000 rw-p 00000000 00:00 0                                  [anon:mmtk:space:immix]
52400000-52800000 rw-p 00000000 00:00 0                                  [anon:mmtk:space:los]
52800000-53000000 rw-p 00000000 00:00 0                                  [anon:mmtk:space:immix]
53000000-53400000 rw-p 00000000 00:00 0                                  [anon:mmtk:space:los]
53400000-53c00000 rw-p 00000000 00:00 0                                  [anon:mmtk:space:immix]
53c00000-54800000 rw-p 00000000 00:00 0                                  [anon:mmtk:space:los]
54800000-54c00000 rw-p 00000000 00:00 0                                  [anon:mmtk:space:immix]
54c00000-55800000 rw-p 00000000 00:00 0                                  [anon:mmtk:space:los]
55800000-56000000 rw-p 00000000 00:00 0                                  [anon:mmtk:space:immix]
56000000-56400000 rw-p 00000000 00:00 0                                  [anon:mmtk:space:los]
56400000-56800000 rw-p 00000000 00:00 0                                  [anon:mmtk:space:immix]
56800000-57000000 rw-p 00000000 00:00 0                                  [anon:mmtk:space:los]
57000000-57400000 rw-p 00000000 00:00 0                                  [anon:mmtk:space:immix]
57400000-57c00000 rw-p 00000000 00:00 0                                  [anon:mmtk:space:los]
57c00000-58000000 rw-p 00000000 00:00 0                                  [anon:mmtk:space:immix]
58000000-58400000 rw-p 00000000 00:00 0                                  [anon:mmtk:space:los]
58400000-58800000 rw-p 00000000 00:00 0                                  [anon:mmtk:space:immix]
58800000-58c00000 rw-p 00000000 00:00 0                                  [anon:mmtk:space:immix]
58c00000-59800000 rw-p 00000000 00:00 0                                  [anon:mmtk:space:los]
59800000-59c00000 rw-p 00000000 00:00 0                                  [anon:mmtk:space:immix]
59c00000-5a000000 rw-p 00000000 00:00 0                                  [anon:mmtk:space:los]
5a000000-5a400000 rw-p 00000000 00:00 0                                  [anon:mmtk:space:immix]
200000000000-2000c00c0000 rw-s 00000000 00:10 68                         anon_inode:bpf-map
5e95e9a1d000-5e95e9a1e000 r--p 00000000 fc:00 49676320                   /mydata/openjdk-mmtk/build/b0test/images/jdk/bin/java
5e95e9a1e000-5e95e9a1f000 r-xp 00001000 fc:00 49676320                   /mydata/openjdk-mmtk/build/b0test/images/jdk/bin/java
5e95e9a1f000-5e95e9a20000 r--p 00002000 fc:00 49676320                   /mydata/openjdk-mmtk/build/b0test/images/jdk/bin/java
5e95e9a20000-5e95e9a21000 r--p 00002000 fc:00 49676320                   /mydata/openjdk-mmtk/build/b0test/images/jdk/bin/java
5e95e9a21000-5e95e9a22000 rw-p 00003000 fc:00 49676320                   /mydata/openjdk-mmtk/build/b0test/images/jdk/bin/java
5e9613a5b000-5e9613aa3000 rw-p 00000000 00:00 0                          [heap]
6b346c000000-6b346c202000 rw-p 00000000 00:00 0 
6b346c202000-6b3470000000 ---p 00000000 00:00 0 
6b3474000000-6b3474776000 rw-p 00000000 00:00 0 
6b3474776000-6b3478000000 ---p 00000000 00:00 0 
6b3478000000-6b3478880000 rw-p 00000000 00:00 0 
6b3478880000-6b347c000000 ---p 00000000 00:00 0 
6b347c000000-6b347c74d000 rw-p 00000000 00:00 0 
6b347c74d000-6b3480000000 ---p 00000000 00:00 0 
6b3483aff000-6b3483b00000 ---p 00000000 00:00 0 
6b3483b00000-6b3483d00000 rw-p 00000000 00:00 0 
6b3483d00000-6b3483d04000 ---p 00000000 00:00 0 
6b3483d04000-6b3483e00000 rw-p 00000000 00:00 0 
6b3483e00000-6b3483e04000 ---p 00000000 00:00 0 
6b3483e04000-6b3483f00000 rw-p 00000000 00:00 0 
6b3483f00000-6b3483f04000 ---p 00000000 00:00 0 
6b3483f04000-6b3484000000 rw-p 00000000 00:00 0 
6b3484000000-6b3484e64000 rw-p 00000000 00:00 0 
6b3484e64000-6b3488000000 ---p 00000000 00:00 0 
6b3488000000-6b3488abf000 rw-p 00000000 00:00 0 
6b3488abf000-6b348c000000 ---p 00000000 00:00 0 
6b348c000000-6b348ca25000 rw-p 00000000 00:00 0 
6b348ca25000-6b3490000000 ---p 00000000 00:00 0 
6b3490000000-6b349080f000 rw-p 00000000 00:00 0 
6b349080f000-6b3494000000 ---p 00000000 00:00 0 
6b3494000000-6b3494021000 rw-p 00000000 00:00 0 
6b3494021000-6b3498000000 ---p 00000000 00:00 0 
6b3498000000-6b3498021000 rw-p 00000000 00:00 0 
6b3498021000-6b349c000000 ---p 00000000 00:00 0 
6b349c000000-6b349c021000 rw-p 00000000 00:00 0 
6b349c021000-6b34a0000000 ---p 00000000 00:00 0 
6b34a0000000-6b34a005a000 rw-p 00000000 00:00 0 
6b34a005a000-6b34a4000000 ---p 00000000 00:00 0 
6b34a4000000-6b34a402b000 rw-p 00000000 00:00 0 
6b34a402b000-6b34a8000000 ---p 00000000 00:00 0 
6b34a8000000-6b34a8023000 rw-p 00000000 00:00 0 
6b34a8023000-6b34ac000000 ---p 00000000 00:00 0 
6b34ac000000-6b34ac021000 rw-p 00000000 00:00 0 
6b34ac021000-6b34b0000000 ---p 00000000 00:00 0 
6b34b0000000-6b34b0022000 rw-p 00000000 00:00 0 
6b34b0022000-6b34b4000000 ---p 00000000 00:00 0 
6b34b4000000-6b34b4021000 rw-p 00000000 00:00 0 
6b34b4021000-6b34b8000000 ---p 00000000 00:00 0 
6b34b8000000-6b34b8021000 rw-p 00000000 00:00 0 
6b34b8021000-6b34bc000000 ---p 00000000 00:00 0 
6b34bc000000-6b34bc021000 rw-p 00000000 00:00 0 
6b34bc021000-6b34c0000000 ---p 00000000 00:00 0 
6b34c0000000-6b34c0021000 rw-p 00000000 00:00 0 
6b34c0021000-6b34c4000000 ---p 00000000 00:00 0 
6b34c4000000-6b34c4029000 rw-p 00000000 00:00 0 
6b34c4029000-6b34c8000000 ---p 00000000 00:00 0 
6b34c8000000-6b34c8021000 rw-p 00000000 00:00 0 
6b34c8021000-6b34cc000000 ---p 00000000 00:00 0 
6b34cc000000-6b34cc023000 rw-p 00000000 00:00 0 
6b34cc023000-6b34d0000000 ---p 00000000 00:00 0 
6b34d0000000-6b34d0021000 rw-p 00000000 00:00 0 
6b34d0021000-6b34d4000000 ---p 00000000 00:00 0 
6b34d4000000-6b34d4021000 rw-p 00000000 00:00 0 
6b34d4021000-6b34d8000000 ---p 00000000 00:00 0 
6b34d8000000-6b34d802d000 rw-p 00000000 00:00 0 
6b34d802d000-6b34dc000000 ---p 00000000 00:00 0 
6b34dc000000-6b34dc021000 rw-p 00000000 00:00 0 
6b34dc021000-6b34e0000000 ---p 00000000 00:00 0 
6b34e0000000-6b34e0025000 rw-p 00000000 00:00 0 
6b34e0025000-6b34e4000000 ---p 00000000 00:00 0 
6b34e4000000-6b34e4022000 rw-p 00000000 00:00 0 
6b34e4022000-6b34e8000000 ---p 00000000 00:00 0 
6b34e8000000-6b34e805c000 rw-p 00000000 00:00 0 
6b34e805c000-6b34ec000000 ---p 00000000 00:00 0 
6b34ec000000-6b34ec032000 rw-p 00000000 00:00 0 
6b34ec032000-6b34f0000000 ---p 00000000 00:00 0 
6b34f0000000-6b34f0021000 rw-p 00000000 00:00 0 
6b34f0021000-6b34f4000000 ---p 00000000 00:00 0 
6b34f4000000-6b34f4021000 rw-p 00000000 00:00 0 
6b34f4021000-6b34f8000000 ---p 00000000 00:00 0 
6b34f8000000-6b34f8021000 rw-p 00000000 00:00 0 
6b34f8021000-6b34fc000000 ---p 00000000 00:00 0 
6b34fc000000-6b34fc021000 rw-p 00000000 00:00 0 
6b34fc021000-6b3500000000 ---p 00000000 00:00 0 
6b3500000000-6b3500021000 rw-p 00000000 00:00 0 
6b3500021000-6b3504000000 ---p 00000000 00:00 0 
6b3504000000-6b3504022000 rw-p 00000000 00:00 0 
6b3504022000-6b3508000000 ---p 00000000 00:00 0 
6b3508000000-6b3508021000 rw-p 00000000 00:00 0 
6b3508021000-6b350c000000 ---p 00000000 00:00 0 
6b350c000000-6b350c021000 rw-p 00000000 00:00 0 
6b350c021000-6b3510000000 ---p 00000000 00:00 0 
6b3510000000-6b3510021000 rw-p 00000000 00:00 0 
6b3510021000-6b3514000000 ---p 00000000 00:00 0 
6b3514000000-6b3514280000 rw-p 00000000 00:00 0 
6b3514280000-6b3518000000 ---p 00000000 00:00 0 
6b3518000000-6b3518a58000 rw-p 00000000 00:00 0 
6b3518a58000-6b351c000000 ---p 00000000 00:00 0 
6b351c000000-6b351cd57000 rw-p 00000000 00:00 0 
6b351cd57000-6b3520000000 ---p 00000000 00:00 0 
6b3520000000-6b3520243000 rw-p 00000000 00:00 0 
6b3520243000-6b3524000000 ---p 00000000 00:00 0 
6b3524000000-6b3524021000 rw-p 00000000 00:00 0 
6b3524021000-6b3528000000 ---p 00000000 00:00 0 
6b3528000000-6b3528021000 rw-p 00000000 00:00 0 
6b3528021000-6b352c000000 ---p 00000000 00:00 0 
6b352c000000-6b352c305000 rw-p 00000000 00:00 0 
6b352c305000-6b3530000000 ---p 00000000 00:00 0 
6b3530000000-6b3530322000 rw-p 00000000 00:00 0 
6b3530322000-6b3534000000 ---p 00000000 00:00 0 
6b3534000000-6b3534bd0000 rw-p 00000000 00:00 0 
6b3534bd0000-6b3538000000 ---p 00000000 00:00 0 
6b3538000000-6b353829c000 rw-p 00000000 00:00 0 
6b353829c000-6b353c000000 ---p 00000000 00:00 0 
6b353c000000-6b353c021000 rw-p 00000000 00:00 0 
6b353c021000-6b3540000000 ---p 00000000 00:00 0 
6b3540000000-6b3540021000 rw-p 00000000 00:00 0 
6b3540021000-6b3544000000 ---p 00000000 00:00 0 
6b3544000000-6b3544052000 rw-p 00000000 00:00 0 
6b3544052000-6b3548000000 ---p 00000000 00:00 0 
6b3548000000-6b3548021000 rw-p 00000000 00:00 0 
6b3548021000-6b354c000000 ---p 00000000 00:00 0 
6b354c000000-6b354c062000 rw-p 00000000 00:00 0 
6b354c062000-6b3550000000 ---p 00000000 00:00 0 
6b3550000000-6b35500d2000 rw-p 00000000 00:00 0 
6b35500d2000-6b3554000000 ---p 00000000 00:00 0 
6b3554000000-6b3554056000 rw-p 00000000 00:00 0 
6b3554056000-6b3558000000 ---p 00000000 00:00 0 
6b3558000000-6b3558073000 rw-p 00000000 00:00 0 
6b3558073000-6b355c000000 ---p 00000000 00:00 0 
6b355c000000-6b355c05c000 rw-p 00000000 00:00 0 
6b355c05c000-6b3560000000 ---p 00000000 00:00 0 
6b3560000000-6b356006a000 rw-p 00000000 00:00 0 
6b356006a000-6b3564000000 ---p 00000000 00:00 0 
6b3564000000-6b3564027000 rw-p 00000000 00:00 0 
6b3564027000-6b3568000000 ---p 00000000 00:00 0 
6b3568000000-6b3568038000 rw-p 00000000 00:00 0 
6b3568038000-6b356c000000 ---p 00000000 00:00 0 
6b356c000000-6b356c064000 rw-p 00000000 00:00 0 
6b356c064000-6b3570000000 ---p 00000000 00:00 0 
6b3570000000-6b3570033000 rw-p 00000000 00:00 0 
6b3570033000-6b3574000000 ---p 00000000 00:00 0 
6b3574000000-6b357404b000 rw-p 00000000 00:00 0 
6b357404b000-6b3578000000 ---p 00000000 00:00 0 
6b3578000000-6b3578043000 rw-p 00000000 00:00 0 
6b3578043000-6b357c000000 ---p 00000000 00:00 0 
6b357c000000-6b357c05c000 rw-p 00000000 00:00 0 
6b357c05c000-6b3580000000 ---p 00000000 00:00 0 
6b3580000000-6b35800a3000 rw-p 00000000 00:00 0 
6b35800a3000-6b3584000000 ---p 00000000 00:00 0 
6b3584000000-6b35840fb000 rw-p 00000000 00:00 0 
6b35840fb000-6b3588000000 ---p 00000000 00:00 0 
6b3588000000-6b358803a000 rw-p 00000000 00:00 0 
6b358803a000-6b358c000000 ---p 00000000 00:00 0 
6b358c000000-6b358c093000 rw-p 00000000 00:00 0 
6b358c093000-6b3590000000 ---p 00000000 00:00 0 
6b3590000000-6b3590032000 rw-p 00000000 00:00 0 
6b3590032000-6b3594000000 ---p 00000000 00:00 0 
6b3594000000-6b3594043000 rw-p 00000000 00:00 0 
6b3594043000-6b3598000000 ---p 00000000 00:00 0 
6b3598000000-6b3598087000 rw-p 00000000 00:00 0 
6b3598087000-6b359c000000 ---p 00000000 00:00 0 
6b359c000000-6b359c06b000 rw-p 00000000 00:00 0 
6b359c06b000-6b35a0000000 ---p 00000000 00:00 0 
6b35a0000000-6b35a005a000 rw-p 00000000 00:00 0 
6b35a005a000-6b35a4000000 ---p 00000000 00:00 0 
6b35a4000000-6b35a4021000 rw-p 00000000 00:00 0 
6b35a4021000-6b35a8000000 ---p 00000000 00:00 0 
6b35a8000000-6b35a8021000 rw-p 00000000 00:00 0 
6b35a8021000-6b35ac000000 ---p 00000000 00:00 0 
6b35ac000000-6b35ac021000 rw-p 00000000 00:00 0 
6b35ac021000-6b35b0000000 ---p 00000000 00:00 0 
6b35b0000000-6b35b0021000 rw-p 00000000 00:00 0 
6b35b0021000-6b35b4000000 ---p 00000000 00:00 0 
6b35b4000000-6b35b4280000 rw-p 00000000 00:00 0 
6b35b4280000-6b35b4400000 ---p 00000000 00:00 0 
6b35b4400000-6b35b48c0000 rw-p 00000000 00:00 0 
6b35b48c0000-6b35b8000000 ---p 00000000 00:00 0 
6b35b8000000-6b35b8021000 rw-p 00000000 00:00 0 
6b35b8021000-6b35bc000000 ---p 00000000 00:00 0 
6b35bc0ff000-6b35bc103000 ---p 00000000 00:00 0 
6b35bc103000-6b35bc1ff000 rw-p 00000000 00:00 0 
6b35bc1ff000-6b35bc203000 ---p 00000000 00:00 0 
6b35bc203000-6b35bc2ff000 rw-p 00000000 00:00 0 
6b35bc2ff000-6b35bc303000 ---p 00000000 00:00 0 
6b35bc303000-6b35bc3ff000 rw-p 00000000 00:00 0 
6b35bc3ff000-6b35bc403000 ---p 00000000 00:00 0 
6b35bc403000-6b35bc4ff000 rw-p 00000000 00:00 0 
6b35bc4ff000-6b35bc503000 ---p 00000000 00:00 0 
6b35bc503000-6b35bc5ff000 rw-p 00000000 00:00 0 
6b35bc5ff000-6b35bc603000 ---p 00000000 00:00 0 
6b35bc603000-6b35bc6ff000 rw-p 00000000 00:00 0 
6b35bc6ff000-6b35bc703000 ---p 00000000 00:00 0 
6b35bc703000-6b35bc7ff000 rw-p 00000000 00:00 0 
6b35bc7ff000-6b35bc803000 ---p 00000000 00:00 0 
6b35bc803000-6b35bc8ff000 rw-p 00000000 00:00 0 
6b35bc8ff000-6b35bc903000 ---p 00000000 00:00 0 
6b35bc903000-6b35bc9ff000 rw-p 00000000 00:00 0 
6b35bc9ff000-6b35bca03000 ---p 00000000 00:00 0 
6b35bca03000-6b35bcaff000 rw-p 00000000 00:00 0 
6b35bcaff000-6b35bcb03000 ---p 00000000 00:00 0 
6b35bcb03000-6b35bcbff000 rw-p 00000000 00:00 0 
6b35bcbff000-6b35bcc03000 ---p 00000000 00:00 0 
6b35bcc03000-6b35bccff000 rw-p 00000000 00:00 0 
6b35bccff000-6b35bcd03000 ---p 00000000 00:00 0 
6b35bcd03000-6b35bcdff000 rw-p 00000000 00:00 0 
6b35bcdff000-6b35bce03000 ---p 00000000 00:00 0 
6b35bce03000-6b35bceff000 rw-p 00000000 00:00 0 
6b35bceff000-6b35bcf03000 ---p 00000000 00:00 0 
6b35bcf03000-6b35bcfff000 rw-p 00000000 00:00 0 
6b35bcfff000-6b35bd003000 ---p 00000000 00:00 0 
6b35bd003000-6b35bd0ff000 rw-p 00000000 00:00 0 
6b35bd0ff000-6b35bd103000 ---p 00000000 00:00 0 
6b35bd103000-6b35bd1ff000 rw-p 00000000 00:00 0 
6b35bd1ff000-6b35bd203000 ---p 00000000 00:00 0 
6b35bd203000-6b35bd2ff000 rw-p 00000000 00:00 0 
6b35bd2ff000-6b35bd303000 ---p 00000000 00:00 0 
6b35bd303000-6b35bd3ff000 rw-p 00000000 00:00 0 
6b35bd3ff000-6b35bd403000 ---p 00000000 00:00 0 
6b35bd403000-6b35bd4ff000 rw-p 00000000 00:00 0 
6b35bd4ff000-6b35bd503000 ---p 00000000 00:00 0 
6b35bd503000-6b35bd5ff000 rw-p 00000000 00:00 0 
6b35bd5ff000-6b35bd603000 ---p 00000000 00:00 0 
6b35bd603000-6b35bd6ff000 rw-p 00000000 00:00 0 
6b35bd6ff000-6b35bd703000 ---p 00000000 00:00 0 
6b35bd703000-6b35bd7ff000 rw-p 00000000 00:00 0 
6b35bd7ff000-6b35bd803000 ---p 00000000 00:00 0 
6b35bd803000-6b35bd8ff000 rw-p 00000000 00:00 0 
6b35bd8ff000-6b35bd903000 ---p 00000000 00:00 0 
6b35bd903000-6b35bd9ff000 rw-p 00000000 00:00 0 
6b35bd9ff000-6b35bda03000 ---p 00000000 00:00 0 
6b35bda03000-6b35bdaff000 rw-p 00000000 00:00 0 
6b35bdaff000-6b35bdb03000 ---p 00000000 00:00 0 
6b35bdb03000-6b35bdbff000 rw-p 00000000 00:00 0 
6b35bdbff000-6b35bdc03000 ---p 00000000 00:00 0 
6b35bdc03000-6b35bdcff000 rw-p 00000000 00:00 0 
6b35bdcff000-6b35bdd03000 ---p 00000000 00:00 0 
6b35bdd03000-6b35bddff000 rw-p 00000000 00:00 0 
6b35bddff000-6b35bde03000 ---p 00000000 00:00 0 
6b35bde03000-6b35bdeff000 rw-p 00000000 00:00 0 
6b35bdeff000-6b35bdf03000 ---p 00000000 00:00 0 
6b35bdf03000-6b35bdfff000 rw-p 00000000 00:00 0 
6b35bdfff000-6b35be003000 ---p 00000000 00:00 0 
6b35be003000-6b35be0ff000 rw-p 00000000 00:00 0 
6b35be0ff000-6b35be103000 ---p 00000000 00:00 0 
6b35be103000-6b35be1ff000 rw-p 00000000 00:00 0 
6b35be1ff000-6b35be203000 ---p 00000000 00:00 0 
6b35be203000-6b35be2ff000 rw-p 00000000 00:00 0 
6b35be2ff000-6b35be303000 ---p 00000000 00:00 0 
6b35be303000-6b35be3ff000 rw-p 00000000 00:00 0 
6b35be3ff000-6b35be400000 ---p 00000000 00:00 0 
6b35be400000-6b35be404000 ---p 00000000 00:00 0 
6b35be404000-6b35be600000 rw-p 00000000 00:00 0 
6b35be600000-6b35be604000 ---p 00000000 00:00 0 
6b35be604000-6b35be700000 rw-p 00000000 00:00 0 
6b35be700000-6b35be704000 ---p 00000000 00:00 0 
6b35be704000-6b35be800000 rw-p 00000000 00:00 0 
6b35be800000-6b35be804000 ---p 00000000 00:00 0 
6b35be804000-6b35be900000 rw-p 00000000 00:00 0 
6b35be900000-6b35be904000 ---p 00000000 00:00 0 
6b35be904000-6b35bea00000 rw-p 00000000 00:00 0 
6b35bea00000-6b35bea04000 ---p 00000000 00:00 0 
6b35bea04000-6b35beb00000 rw-p 00000000 00:00 0 
6b35beb00000-6b35beb04000 ---p 00000000 00:00 0 
6b35beb04000-6b35bec00000 rw-p 00000000 00:00 0 
6b35bec00000-6b35bec04000 ---p 00000000 00:00 0 
6b35bec04000-6b35bed00000 rw-p 00000000 00:00 0 
6b35bed00000-6b35bed04000 ---p 00000000 00:00 0 
6b35bed04000-6b35bee00000 rw-p 00000000 00:00 0 
6b35bee00000-6b35bee04000 ---p 00000000 00:00 0 
6b35bee04000-6b35bef00000 rw-p 00000000 00:00 0 
6b35bef00000-6b35bef04000 ---p 00000000 00:00 0 
6b35bef04000-6b35bf000000 rw-p 00000000 00:00 0 
6b35bf000000-6b35bfca3000 rw-p 00001000 fc:00 49677003                   /mydata/openjdk-mmtk/build/b0test/images/jdk/lib/server/classes.jsa
6b35bfca3000-6b35c0000000 ---p 00000000 00:00 0 
6b35c0000000-6b35c0040000 rw-p 00000000 00:00 0 
6b35c0040000-6b35c0110000 rw-p 00000000 00:00 0 
6b35c0110000-6b3600000000 ---p 00000000 00:00 0 
6b3600000000-6b3600021000 rw-p 00000000 00:00 0 
6b3600021000-6b3604000000 ---p 00000000 00:00 0 
6b36040fc000-6b3604100000 ---p 00000000 00:00 0 
6b3604100000-6b36041fc000 rw-p 00000000 00:00 0 
6b36041fc000-6b3604200000 ---p 00000000 00:00 0 
6b3604200000-6b36042fc000 rw-p 00000000 00:00 0 
6b36042fc000-6b3604300000 ---p 00000000 00:00 0 
6b3604300000-6b36043fc000 rw-p 00000000 00:00 0 
6b36043fc000-6b3634400000 rw-p 00000000 00:00 0 
6b3634400000-6b3635400000 ---p 00000000 00:00 0                          [anon:mmtk:sidemeta:all:all-quarantined]
6b3635400000-6b3635c00000 rw-p 00000000 00:00 0                          [anon:mmtk:sidemeta:immix:VO_BIT]
6b3635c00000-6d3636400000 ---p 00000000 00:00 0                          [anon:mmtk:sidemeta:all:all-quarantined]
6d3636400000-6d3636800000 rw-p 00000000 00:00 0                          [anon:mmtk:sidemeta:immix:CHUNK_MARK]
6d3636800000-6d3639400000 ---p 00000000 00:00 0                          [anon:mmtk:sidemeta:all:all-quarantined]
6d3639400000-6d3639c00000 rw-p 00000000 00:00 0                          [anon:mmtk:sidemeta:immix:VMGlobalLogBitSpec]
6d3639c00000-6f3e38800000 ---p 00000000 00:00 0                          [anon:mmtk:sidemeta:all:all-quarantined]
6f3e38800000-6f3e38c00000 rw-p 00000000 00:00 0                          [anon:mmtk:sidemeta:immix:IX_LINE_MARK]
6f3e38c00000-6fbe38400000 ---p 00000000 00:00 0                          [anon:mmtk:sidemeta:all:all-quarantined]
6fbe38400000-6fbe38800000 rw-p 00000000 00:00 0                          [anon:mmtk:sidemeta:immix:IX_BLOCK_DEFRAG]
6fbe38800000-6fbf38400000 ---p 00000000 00:00 0                          [anon:mmtk:sidemeta:all:all-quarantined]
6fbf38400000-6fbf38800000 rw-p 00000000 00:00 0                          [anon:mmtk:sidemeta:immix:IX_BLOCK_MARK]
6fbf38800000-75e0b8400000 ---p 00000000 00:00 0                          [anon:mmtk:sidemeta:all:all-quarantined]
75e0b8400000-75e0b8800000 rw-p 00000000 00:00 0                          [anon:mmtk:sidemeta:los:VMLocalLOSMarkNurserySpec]
75e0b8800000-75e2b9400000 ---p 00000000 00:00 0                          [anon:mmtk:sidemeta:all:all-quarantined]
75e2b9400000-75e2b9c00000 rw-p 00000000 00:00 0                          [anon:mmtk:sidemeta:immix:VMLocalMarkBitSpec]
75e2b9c00000-77e2b8400000 ---p 00000000 00:00 0                          [anon:mmtk:sidemeta:all:all-quarantined]
77e2b84fc000-77e2b84fd000 ---p 00000000 00:00 0 
77e2b84fd000-77e2b85fd000 rw-p 00000000 00:00 0 
77e2b85fd000-77e2b85fe000 ---p 00000000 00:00 0 
77e2b85fe000-77e2b86fe000 rw-p 00000000 00:00 0 
77e2b86fe000-77e2b86ff000 ---p 00000000 00:00 0 
77e2b86ff000-77e2b87ff000 rw-p 00000000 00:00 0 
77e2b87ff000-77e2d8800000 rw-p 00000000 00:00 0 
77e2d8800000-77e2d8ee0000 rwxp 00000000 00:00 0 
77e2d8ee0000-77e2dfc17000 ---p 00000000 00:00 0 
77e2dfc17000-77e2dffa7000 rwxp 00000000 00:00 0 
77e2dffa7000-77e2e03e8000 ---p 00000000 00:00 0 
77e2e03e8000-77e2e07a8000 rwxp 00000000 00:00 0 
77e2e07a8000-77e2e7800000 ---p 00000000 00:00 0 
77e2e7800000-77e2effa0000 r--s 00000000 fc:00 49676291                   /mydata/openjdk-mmtk/build/b0test/images/jdk/lib/modules
77e2f0000000-77e2f07ef000 rw-p 00000000 00:00 0 
77e2f07ef000-77e2f4000000 ---p 00000000 00:00 0 
77e2f401b000-77e2f4020000 r--p 00000000 fc:00 49676385                   /mydata/openjdk-mmtk/build/b0test/images/jdk/lib/libjsvml.so
77e2f4020000-77e2f4061000 r-xp 00005000 fc:00 49676385                   /mydata/openjdk-mmtk/build/b0test/images/jdk/lib/libjsvml.so
77e2f4061000-77e2f40ea000 r--p 00046000 fc:00 49676385                   /mydata/openjdk-mmtk/build/b0test/images/jdk/lib/libjsvml.so
77e2f40ea000-77e2f40eb000 r--p 000ce000 fc:00 49676385                   /mydata/openjdk-mmtk/build/b0test/images/jdk/lib/libjsvml.so
77e2f40eb000-77e2f40ec000 rw-p 000cf000 fc:00 49676385                   /mydata/openjdk-mmtk/build/b0test/images/jdk/lib/libjsvml.so
77e2f40ec000-77e2f40ed000 ---p 00000000 00:00 0 
77e2f40ed000-77e2f41ed000 rw-p 00000000 00:00 0 
77e2f41ed000-77e2f41ee000 ---p 00000000 00:00 0 
77e2f41ee000-77e2f42ee000 rw-p 00000000 00:00 0 
77e2f42ee000-77e2f42ef000 ---p 00000000 00:00 0 
77e2f42ef000-77e2f43ef000 rw-p 00000000 00:00 0 
77e2f43ef000-77e2f43f0000 ---p 00000000 00:00 0 
77e2f43f0000-77e2f44f0000 rw-p 00000000 00:00 0 
77e2f44f0000-77e2f44f1000 ---p 00000000 00:00 0 
77e2f44f1000-77e2f45f1000 rw-p 00000000 00:00 0 
77e2f45f1000-77e2f45f2000 ---p 00000000 00:00 0 
77e2f45f2000-77e2f46f2000 rw-p 00000000 00:00 0 
77e2f46f2000-77e2f46f3000 ---p 00000000 00:00 0 
77e2f46f3000-77e2f47f3000 rw-p 00000000 00:00 0 
77e2f47f3000-77e2f47f4000 ---p 00000000 00:00 0 
77e2f47f4000-77e2f48f4000 rw-p 00000000 00:00 0 
77e2f48f4000-77e2f48f5000 ---p 00000000 00:00 0 
77e2f48f5000-77e2f49f5000 rw-p 00000000 00:00 0 
77e2f49f5000-77e2f49f6000 ---p 00000000 00:00 0 
77e2f49f6000-77e2f4af6000 rw-p 00000000 00:00 0 
77e2f4af6000-77e2f4af7000 ---p 00000000 00:00 0 
77e2f4af7000-77e2f4bf7000 rw-p 00000000 00:00 0 
77e2f4bf7000-77e2f4bf8000 ---p 00000000 00:00 0 
77e2f4bf8000-77e2f4cf8000 rw-p 00000000 00:00 0 
77e2f4cf8000-77e2f4cf9000 ---p 00000000 00:00 0 
77e2f4cf9000-77e2f4df9000 rw-p 00000000 00:00 0 
77e2f4df9000-77e2f4dfa000 ---p 00000000 00:00 0 
77e2f4dfa000-77e2f4efa000 rw-p 00000000 00:00 0 
77e2f4efa000-77e2f4efb000 ---p 00000000 00:00 0 
77e2f4efb000-77e2f4ffb000 rw-p 00000000 00:00 0 
77e2f4ffb000-77e2f4ffc000 ---p 00000000 00:00 0 
77e2f4ffc000-77e2f50fc000 rw-p 00000000 00:00 0 
77e2f50fc000-77e2f50fd000 ---p 00000000 00:00 0 
77e2f50fd000-77e2f51fd000 rw-p 00000000 00:00 0 
77e2f51fd000-77e2f51fe000 ---p 00000000 00:00 0 
77e2f51fe000-77e2f52fe000 rw-p 00000000 00:00 0 
77e2f52fe000-77e2f52ff000 ---p 00000000 00:00 0 
77e2f52ff000-77e2f53ff000 rw-p 00000000 00:00 0 
77e2f53ff000-77e2f5400000 ---p 00000000 00:00 0 
77e2f5400000-77e2f5500000 rw-p 00000000 00:00 0 
77e2f5500000-77e2f5504000 ---p 00000000 00:00 0 
77e2f5504000-77e2f5600000 rw-p 00000000 00:00 0 
77e2f5600000-77e2f5604000 ---p 00000000 00:00 0 
77e2f5604000-77e2f5700000 rw-p 00000000 00:00 0 
77e2f5700000-77e2f5704000 ---p 00000000 00:00 0 
77e2f5704000-77e2f5800000 rw-p 00000000 00:00 0 
77e2f5800000-77e2f5aeb000 r--p 00000000 08:03 1410552                    /usr/lib/locale/locale-archive
77e2f5aec000-77e2f5af0000 r--p 00000000 fc:00 49676334                   /mydata/openjdk-mmtk/build/b0test/images/jdk/lib/libverify.so
77e2f5af0000-77e2f5af7000 r-xp 00004000 fc:00 49676334                   /mydata/openjdk-mmtk/build/b0test/images/jdk/lib/libverify.so
77e2f5af7000-77e2f5af9000 r--p 0000b000 fc:00 49676334                   /mydata/openjdk-mmtk/build/b0test/images/jdk/lib/libverify.so
77e2f5af9000-77e2f5afb000 r--p 0000c000 fc:00 49676334                   /mydata/openjdk-mmtk/build/b0test/images/jdk/lib/libverify.so
77e2f5afb000-77e2f5afc000 rw-p 0000e000 fc:00 49676334                   /mydata/openjdk-mmtk/build/b0test/images/jdk/lib/libverify.so
77e2f5afc000-77e2f5afd000 ---p 00000000 00:00 0 
77e2f5afd000-77e2f5bfd000 rw-p 00000000 00:00 0 
77e2f5bfd000-77e2f5bfe000 ---p 00000000 00:00 0 
77e2f5bfe000-77e2f5cfe000 rw-p 00000000 00:00 0 
77e2f5cfe000-77e2f5cff000 ---p 00000000 00:00 0 
77e2f5cff000-77e2f5dff000 rw-p 00000000 00:00 0 
77e2f5dff000-77e2f6400000 rw-p 00000000 00:00 0 
77e2f6400000-77e2f640c000 r--p 00000000 fc:00 13107225                   /mydata/gc-bpf-fault/shim/libgcbpf.so
77e2f640c000-77e2f646e000 r-xp 0000c000 fc:00 13107225                   /mydata/gc-bpf-fault/shim/libgcbpf.so
77e2f646e000-77e2f661b000 r--p 0006e000 fc:00 13107225                   /mydata/gc-bpf-fault/shim/libgcbpf.so
77e2f661b000-77e2f661d000 r--p 0021b000 fc:00 13107225                   /mydata/gc-bpf-fault/shim/libgcbpf.so
77e2f661d000-77e2f661e000 rw-p 0021d000 fc:00 13107225                   /mydata/gc-bpf-fault/shim/libgcbpf.so
77e2f661e000-77e2f661f000 rw-p 00000000 00:00 0 
77e2f6625000-77e2f6627000 r--p 00000000 fc:00 49676335                   /mydata/openjdk-mmtk/build/b0test/images/jdk/lib/libzip.so
77e2f6627000-77e2f662c000 r-xp 00002000 fc:00 49676335                   /mydata/openjdk-mmtk/build/b0test/images/jdk/lib/libzip.so
77e2f662c000-77e2f662e000 r--p 00007000 fc:00 49676335                   /mydata/openjdk-mmtk/build/b0test/images/jdk/lib/libzip.so
77e2f662e000-77e2f662f000 r--p 00008000 fc:00 49676335                   /mydata/openjdk-mmtk/build/b0test/images/jdk/lib/libzip.so
77e2f662f000-77e2f6630000 rw-p 00009000 fc:00 49676335                   /mydata/openjdk-mmtk/build/b0test/images/jdk/lib/libzip.so
77e2f6630000-77e2f6633000 r--p 00000000 fc:00 49676331                   /mydata/openjdk-mmtk/build/b0test/images/jdk/lib/libnet.so
77e2f6633000-77e2f663b000 r-xp 00003000 fc:00 49676331                   /mydata/openjdk-mmtk/build/b0test/images/jdk/lib/libnet.so
77e2f663b000-77e2f663d000 r--p 0000b000 fc:00 49676331                   /mydata/openjdk-mmtk/build/b0test/images/jdk/lib/libnet.so
77e2f663d000-77e2f663e000 r--p 0000c000 fc:00 49676331                   /mydata/openjdk-mmtk/build/b0test/images/jdk/lib/libnet.so
77e2f663e000-77e2f663f000 rw-p 0000d000 fc:00 49676331                   /mydata/openjdk-mmtk/build/b0test/images/jdk/lib/libnet.so
77e2f663f000-77e2f6646000 r--p 00000000 fc:00 49676332                   /mydata/openjdk-mmtk/build/b0test/images/jdk/lib/libnio.so
77e2f6646000-77e2f664f000 r-xp 00007000 fc:00 49676332                   /mydata/openjdk-mmtk/build/b0test/images/jdk/lib/libnio.so
77e2f664f000-77e2f6653000 r--p 00010000 fc:00 49676332                   /mydata/openjdk-mmtk/build/b0test/images/jdk/lib/libnio.so
77e2f6653000-77e2f6654000 r--p 00014000 fc:00 49676332                   /mydata/openjdk-mmtk/build/b0test/images/jdk/lib/libnio.so
77e2f6654000-77e2f6655000 rw-p 00015000 fc:00 49676332                   /mydata/openjdk-mmtk/build/b0test/images/jdk/lib/libnio.so
77e2f6655000-77e2f6659000 r--p 00000000 08:03 1410107                    /usr/lib/x86_64-linux-gnu/libzstd.so.1.5.5
77e2f6659000-77e2f6700000 r-xp 00004000 08:03 1410107                    /usr/lib/x86_64-linux-gnu/libzstd.so.1.5.5
77e2f6700000-77e2f670d000 r--p 000ab000 08:03 1410107                    /usr/lib/x86_64-linux-gnu/libzstd.so.1.5.5
77e2f670d000-77e2f670e000 r--p 000b7000 08:03 1410107                    /usr/lib/x86_64-linux-gnu/libzstd.so.1.5.5
77e2f670e000-77e2f670f000 rw-p 000b8000 08:03 1410107                    /usr/lib/x86_64-linux-gnu/libzstd.so.1.5.5
77e2f670f000-77e2f6712000 r--p 00000000 08:03 1410420                    /usr/lib/x86_64-linux-gnu/libelf-0.190.so
77e2f6712000-77e2f6728000 r-xp 00003000 08:03 1410420                    /usr/lib/x86_64-linux-gnu/libelf-0.190.so
77e2f6728000-77e2f672c000 r--p 00019000 08:03 1410420                    /usr/lib/x86_64-linux-gnu/libelf-0.190.so
77e2f672c000-77e2f672d000 r--p 0001c000 08:03 1410420                    /usr/lib/x86_64-linux-gnu/libelf-0.190.so
77e2f672d000-77e2f672e000 rw-p 0001d000 08:03 1410420                    /usr/lib/x86_64-linux-gnu/libelf-0.190.so
77e2f672e000-77e2f6736000 rw-p 00000000 00:00 0 
77e2f6736000-77e2f6817000 ---p 00000000 00:00 0 
77e2f6817000-77e2f6825000 rw-p 00000000 00:00 0 
77e2f6825000-77e2f6900000 ---p 00000000 00:00 0 
77e2f6900000-77e2f6904000 ---p 00000000 00:00 0 
77e2f6904000-77e2f6a00000 rw-p 00000000 00:00 0 
77e2f6a00000-77e2f6b45000 r--p 00000000 fc:00 49676344                   /mydata/openjdk-mmtk/build/b0test/images/jdk/lib/server/libmmtk_openjdk.so
77e2f6b45000-77e2f6dbb000 r-xp 00144000 fc:00 49676344                   /mydata/openjdk-mmtk/build/b0test/images/jdk/lib/server/libmmtk_openjdk.so
77e2f6dbb000-77e2f6dfb000 r--p 003b9000 fc:00 49676344                   /mydata/openjdk-mmtk/build/b0test/images/jdk/lib/server/libmmtk_openjdk.so
77e2f6dfb000-77e2f6dfd000 rw-p 003f8000 fc:00 49676344                   /mydata/openjdk-mmtk/build/b0test/images/jdk/lib/server/libmmtk_openjdk.so
77e2f6dfd000-77e2f6e00000 rw-p 00000000 00:00 0 
77e2f6e00000-77e2f70a9000 r--p 00000000 fc:00 49676343                   /mydata/openjdk-mmtk/build/b0test/images/jdk/lib/server/libjvm.so
77e2f70a9000-77e2f7f3c000 r-xp 002a9000 fc:00 49676343                   /mydata/openjdk-mmtk/build/b0test/images/jdk/lib/server/libjvm.so
77e2f7f3c000-77e2f8220000 r--p 0113c000 fc:00 49676343                   /mydata/openjdk-mmtk/build/b0test/images/jdk/lib/server/libjvm.so
77e2f8220000-77e2f82f6000 r--p 0141f000 fc:00 49676343                   /mydata/openjdk-mmtk/build/b0test/images/jdk/lib/server/libjvm.so
77e2f82f6000-77e2f8326000 rw-p 014f5000 fc:00 49676343                   /mydata/openjdk-mmtk/build/b0test/images/jdk/lib/server/libjvm.so
77e2f8326000-77e2f838c000 rw-p 00000000 00:00 0 
77e2f8396000-77e2f839e000 rw-p 00000000 00:00 0 
77e2f839e000-77e2f83a6000 ---p 00000000 00:00 0 
77e2f83a6000-77e2f83b3000 r--p 00000000 fc:00 49676327                   /mydata/openjdk-mmtk/build/b0test/images/jdk/lib/libjava.so
77e2f83b3000-77e2f83c2000 r-xp 0000d000 fc:00 49676327                   /mydata/openjdk-mmtk/build/b0test/images/jdk/lib/libjava.so
77e2f83c2000-77e2f83c7000 r--p 0001c000 fc:00 49676327                   /mydata/openjdk-mmtk/build/b0test/images/jdk/lib/libjava.so
77e2f83c7000-77e2f83c8000 r--p 00021000 fc:00 49676327                   /mydata/openjdk-mmtk/build/b0test/images/jdk/lib/libjava.so
77e2f83c8000-77e2f83c9000 rw-p 00022000 fc:00 49676327                   /mydata/openjdk-mmtk/build/b0test/images/jdk/lib/libjava.so
77e2f83c9000-77e2f83ca000 rw-p 00000000 00:00 0 
77e2f83ca000-77e2f83d2000 rw-s 00000000 08:03 237590                     /tmp/hsperfdata_root/257515
77e2f83d2000-77e2f83d6000 r--p 00000000 08:03 1410148                    /usr/lib/x86_64-linux-gnu/libgcc_s.so.1
77e2f83d6000-77e2f83fa000 r-xp 00004000 08:03 1410148                    /usr/lib/x86_64-linux-gnu/libgcc_s.so.1
77e2f83fa000-77e2f83fe000 r--p 00028000 08:03 1410148                    /usr/lib/x86_64-linux-gnu/libgcc_s.so.1
77e2f83fe000-77e2f83ff000 r--p 0002b000 08:03 1410148                    /usr/lib/x86_64-linux-gnu/libgcc_s.so.1
77e2f83ff000-77e2f8400000 rw-p 0002c000 08:03 1410148                    /usr/lib/x86_64-linux-gnu/libgcc_s.so.1
77e2f8400000-77e2f8428000 r--p 00000000 08:03 1410238                    /usr/lib/x86_64-linux-gnu/libc.so.6
77e2f8428000-77e2f85b0000 r-xp 00028000 08:03 1410238                    /usr/lib/x86_64-linux-gnu/libc.so.6
77e2f85b0000-77e2f85ff000 r--p 001b0000 08:03 1410238                    /usr/lib/x86_64-linux-gnu/libc.so.6
77e2f85ff000-77e2f8603000 r--p 001fe000 08:03 1410238                    /usr/lib/x86_64-linux-gnu/libc.so.6
77e2f8603000-77e2f8605000 rw-p 00202000 08:03 1410238                    /usr/lib/x86_64-linux-gnu/libc.so.6
77e2f8605000-77e2f8612000 rw-p 00000000 00:00 0 
77e2f8612000-77e2f8619000 r--s 00000000 08:03 1436340                    /usr/lib/x86_64-linux-gnu/gconv/gconv-modules.cache
77e2f8619000-77e2f861d000 r--p 00000000 fc:00 49676328                   /mydata/openjdk-mmtk/build/b0test/images/jdk/lib/libjimage.so
77e2f861d000-77e2f8634000 r-xp 00004000 fc:00 49676328                   /mydata/openjdk-mmtk/build/b0test/images/jdk/lib/libjimage.so
77e2f8634000-77e2f8639000 r--p 0001b000 fc:00 49676328                   /mydata/openjdk-mmtk/build/b0test/images/jdk/lib/libjimage.so
77e2f8639000-77e2f863b000 r--p 00020000 fc:00 49676328                   /mydata/openjdk-mmtk/build/b0test/images/jdk/lib/libjimage.so
77e2f863b000-77e2f863c000 rw-p 00022000 fc:00 49676328                   /mydata/openjdk-mmtk/build/b0test/images/jdk/lib/libjimage.so
77e2f863c000-77e2f864c000 r--p 00000000 08:03 1411099                    /usr/lib/x86_64-linux-gnu/libm.so.6
77e2f864c000-77e2f86cb000 r-xp 00010000 08:03 1411099                    /usr/lib/x86_64-linux-gnu/libm.so.6
77e2f86cb000-77e2f8723000 r--p 0008f000 08:03 1411099                    /usr/lib/x86_64-linux-gnu/libm.so.6
77e2f8723000-77e2f8724000 r--p 000e7000 08:03 1411099                    /usr/lib/x86_64-linux-gnu/libm.so.6
77e2f8724000-77e2f8725000 rw-p 000e8000 08:03 1411099                    /usr/lib/x86_64-linux-gnu/libm.so.6
77e2f8725000-77e2f8727000 rw-p 00000000 00:00 0 
77e2f8727000-77e2f8729000 r--p 00000000 08:03 1409104                    /usr/lib/x86_64-linux-gnu/libz.so.1.3
77e2f8729000-77e2f873b000 r-xp 00002000 08:03 1409104                    /usr/lib/x86_64-linux-gnu/libz.so.1.3
77e2f873b000-77e2f8741000 r--p 00014000 08:03 1409104                    /usr/lib/x86_64-linux-gnu/libz.so.1.3
77e2f8741000-77e2f8742000 r--p 0001a000 08:03 1409104                    /usr/lib/x86_64-linux-gnu/libz.so.1.3
77e2f8742000-77e2f8743000 rw-p 0001b000 08:03 1409104                    /usr/lib/x86_64-linux-gnu/libz.so.1.3
77e2f8748000-77e2f8749000 rw-s 00000000 00:10 68                         anon_inode:bpf-map
77e2f8749000-77e2f874a000 r--s 00000000 00:10 68                         anon_inode:bpf-map
77e2f874a000-77e2f874b000 ---p 00000000 00:00 0 
77e2f874b000-77e2f874c000 r--p 00000000 00:00 0 
77e2f874c000-77e2f874d000 ---p 00000000 00:00 0 
77e2f874d000-77e2f874f000 r--p 00000000 fc:00 49676329                   /mydata/openjdk-mmtk/build/b0test/images/jdk/lib/libjli.so
77e2f874f000-77e2f8759000 r-xp 00002000 fc:00 49676329                   /mydata/openjdk-mmtk/build/b0test/images/jdk/lib/libjli.so
77e2f8759000-77e2f875c000 r--p 0000c000 fc:00 49676329                   /mydata/openjdk-mmtk/build/b0test/images/jdk/lib/libjli.so
77e2f875c000-77e2f875d000 r--p 0000f000 fc:00 49676329                   /mydata/openjdk-mmtk/build/b0test/images/jdk/lib/libjli.so
77e2f875d000-77e2f875e000 rw-p 00010000 fc:00 49676329                   /mydata/openjdk-mmtk/build/b0test/images/jdk/lib/libjli.so
77e2f875e000-77e2f8760000 rw-p 00000000 00:00 0 
77e2f8760000-77e2f8764000 r--p 00000000 00:00 0                          [vvar]
77e2f8764000-77e2f8766000 r--p 00000000 00:00 0                          [vvar_vclock]
77e2f8766000-77e2f8768000 r-xp 00000000 00:00 0                          [vdso]
77e2f8768000-77e2f8769000 r--p 00000000 08:03 1409763                    /usr/lib/x86_64-linux-gnu/ld-linux-x86-64.so.2
77e2f8769000-77e2f8794000 r-xp 00001000 08:03 1409763                    /usr/lib/x86_64-linux-gnu/ld-linux-x86-64.so.2
77e2f8794000-77e2f879e000 r--p 0002c000 08:03 1409763                    /usr/lib/x86_64-linux-gnu/ld-linux-x86-64.so.2
77e2f879e000-77e2f87a0000 r--p 00036000 08:03 1409763                    /usr/lib/x86_64-linux-gnu/ld-linux-x86-64.so.2
77e2f87a0000-77e2f87a2000 rw-p 00038000 08:03 1409763                    /usr/lib/x86_64-linux-gnu/ld-linux-x86-64.so.2
7ffd1579a000-7ffd157bb000 rw-p 00000000 00:00 0                          [stack]
ffffffffff600000-ffffffffff601000 --xp 00000000 00:00 0                  [vsyscall]
Total number of mappings: 569

JVMTI agents: none


VM Arguments:
jvm_args: -XX:+UseThirdPartyHeap -Xms512m -Xmx512m 
java_command: /mydata/dacapo/dacapo-23.11/dacapo-23.11-MR2-chopin.jar xalan -n 3
java_class_path (initial): /mydata/dacapo/dacapo-23.11/dacapo-23.11-MR2-chopin.jar
Launcher Type: SUN_STANDARD

[Global flags]
     intx CICompilerCount                          = 15                                        {product} {ergonomic}
   size_t InitialHeapSize                          = 536870912                                 {product} {command line}
   size_t MaxHeapSize                              = 536870912                                 {product} {command line}
   size_t MinHeapDeltaBytes                        = 524288                                    {product} {ergonomic}
   size_t MinHeapSize                              = 536870912                                 {product} {command line}
    uintx NonNMethodCodeHeapSize                   = 8192380                                {pd product} {ergonomic}
    uintx NonProfiledCodeHeapSize                  = 121732930                              {pd product} {ergonomic}
    uintx ProfiledCodeHeapSize                     = 121732930                              {pd product} {ergonomic}
    uintx ReservedCodeCacheSize                    = 251658240                              {pd product} {ergonomic}
     bool SegmentedCodeCache                       = true                                      {product} {ergonomic}
   size_t SoftMaxHeapSize                          = 536870912                              {manageable} {ergonomic}
     bool UseCompressedOops                        = true                           {product lp64_product} {ergonomic}

Logging:
Log output configuration:
 #0: stdout all=warning uptime,level,tags foldmultilines=false
 #1: stderr all=off uptime,level,tags foldmultilines=false

Release file:
IMPLEMENTOR="N/A"
JAVA_RUNTIME_VERSION="21.0.9-internal-adhoc.talzuss.openjdk-mmtk"
JAVA_VERSION="21.0.9"
JAVA_VERSION_DATE="2025-10-21"
LIBC="gnu"
MODULES="java.base java.compiler java.datatransfer java.xml java.prefs java.desktop java.instrument java.logging java.management java.security.sasl java.naming java.rmi java.management.rmi java.net.http java.scripting java.security.jgss java.transaction.xa java.sql java.sql.rowset java.xml.crypto java.se java.smartcardio jdk.accessibility jdk.internal.jvmstat jdk.attach jdk.charsets jdk.internal.opt jdk.zipfs jdk.compiler jdk.crypto.ec jdk.crypto.cryptoki jdk.dynalink jdk.internal.ed jdk.editpad jdk.hotspot.agent jdk.httpserver jdk.incubator.vector jdk.internal.le jdk.internal.vm.ci jdk.internal.vm.compiler jdk.internal.vm.compiler.management jdk.jartool jdk.javadoc jdk.jcmd jdk.management jdk.management.agent jdk.jconsole jdk.jdeps jdk.jdwp.agent jdk.jdi jdk.jfr jdk.jlink jdk.jpackage jdk.jshell jdk.jsobject jdk.jstatd jdk.localedata jdk.management.jfr jdk.naming.dns jdk.naming.rmi jdk.net jdk.nio.mapmode jdk.random jdk.sctp jdk.security.auth jdk.security.jgss jdk.unsupported jdk.unsupported.desktop jdk.xml.dom"
OS_ARCH="x86_64"
OS_NAME="Linux"
SOURCE=".:git:b557520f04b3+"

Environment Variables:
PATH=/usr/local/sbin:/usr/local/bin:/usr/sbin:/usr/bin:/sbin:/bin:/snap/bin
SHELL=/bin/bash
LANG=en_US.UTF-8
TERM=tmux-256color

Active Locale:
LC_ALL=en_US.UTF-8
LC_COLLATE=en_US.UTF-8
LC_CTYPE=en_US.UTF-8
LC_MESSAGES=en_US.UTF-8
LC_MONETARY=en_US.UTF-8
LC_NUMERIC=en_US.UTF-8
LC_TIME=en_US.UTF-8

Signal Handlers:
   SIGSEGV: crash_handler in libjvm.so, mask=11100100010111111101111111111110, flags=SA_RESTART|SA_SIGINFO, unblocked
    SIGBUS: crash_handler in libjvm.so, mask=11100100010111111101111111111110, flags=SA_RESTART|SA_SIGINFO, unblocked
    SIGFPE: crash_handler in libjvm.so, mask=11100100010111111101111111111110, flags=SA_RESTART|SA_SIGINFO, unblocked
   SIGPIPE: javaSignalHandler in libjvm.so, mask=11100100010111111101111111111110, flags=SA_RESTART|SA_SIGINFO, blocked
   SIGXFSZ: javaSignalHandler in libjvm.so, mask=11100100010111111101111111111110, flags=SA_RESTART|SA_SIGINFO, blocked
    SIGILL: crash_handler in libjvm.so, mask=11100100010111111101111111111110, flags=SA_RESTART|SA_SIGINFO, unblocked
   SIGUSR2: SR_handler in libjvm.so, mask=00000000000000000000000000000000, flags=SA_RESTART|SA_SIGINFO, blocked
    SIGHUP: UserHandler in libjvm.so, mask=11100100010111111101111111111110, flags=SA_RESTART|SA_SIGINFO, blocked
    SIGINT: UserHandler in libjvm.so, mask=11100100010111111101111111111110, flags=SA_RESTART|SA_SIGINFO, blocked
   SIGTERM: UserHandler in libjvm.so, mask=11100100010111111101111111111110, flags=SA_RESTART|SA_SIGINFO, blocked
   SIGQUIT: UserHandler in libjvm.so, mask=11100100010111111101111111111110, flags=SA_RESTART|SA_SIGINFO, blocked
   SIGTRAP: crash_handler in libjvm.so, mask=11100100010111111101111111111110, flags=SA_RESTART|SA_SIGINFO, unblocked


Periodic native trim disabled

---------------  S Y S T E M  ---------------

OS:
DISTRIB_ID=Ubuntu
DISTRIB_RELEASE=24.04
DISTRIB_CODENAME=noble
DISTRIB_DESCRIPTION="Ubuntu 24.04.4 LTS"
uname: Linux 6.17.0-bpf-fault+ #1 SMP PREEMPT_DYNAMIC Mon Jul  6 16:43:12 MDT 2026 x86_64
OS uptime: 0 days 18:21 hours
libc: glibc 2.39 NPTL 2.39 
rlimit (soft/hard): STACK 8192k/infinity , CORE 0k/0k , NPROC 513205/513205 , NOFILE 1048576/1048576 , AS infinity/infinity , CPU infinity/infinity , DATA infinity/infinity , FSIZE infinity/infinity , MEMLOCK 16436528k/16436528k
load average: 3.78 1.34 0.78

/proc/meminfo:
MemTotal:       131492232 kB
MemFree:        81986660 kB
MemAvailable:   123749756 kB
Buffers:          501088 kB
Cached:         40670504 kB
SwapCached:            0 kB
Active:          2437856 kB
Inactive:       40363068 kB
Active(anon):    1646188 kB
Inactive(anon):        0 kB
Active(file):     791668 kB
Inactive(file): 40363068 kB
Unevictable:       41912 kB
Mlocked:           38840 kB
SwapTotal:       8388604 kB
SwapFree:        8388604 kB
Zswap:                 0 kB
Zswapped:              0 kB
Dirty:             48408 kB
Writeback:             0 kB
AnonPages:       1673880 kB
Mapped:          3375948 kB
Shmem:              5324 kB
KReclaimable:    1859596 kB
Slab:            2375212 kB
SReclaimable:    1859596 kB
SUnreclaim:       515616 kB
KernelStack:       10656 kB
PageTables:        28616 kB
SecPageTables:      8616 kB
NFS_Unstable:          0 kB
Bounce:                0 kB
WritebackTmp:          0 kB
CommitLimit:    74134720 kB
Committed_AS:   160214656 kB
VmallocTotal:   34359738367 kB
VmallocUsed:       36492 kB
VmallocChunk:          0 kB
Percpu:            48896 kB
HardwareCorrupted:     0 kB
AnonHugePages:         0 kB
ShmemHugePages:        0 kB
ShmemPmdMapped:        0 kB
FileHugePages:   2152448 kB
FilePmdMapped:         0 kB
Unaccepted:            0 kB
Balloon:               0 kB
HugePages_Total:       0
HugePages_Free:        0
HugePages_Rsvd:        0
HugePages_Surp:        0
Hugepagesize:       2048 kB
Hugetlb:               0 kB
DirectMap4k:      564032 kB
DirectMap2M:    18946048 kB
DirectMap1G:    114294784 kB

/sys/kernel/mm/transparent_hugepage/enabled: always [madvise] never
/sys/kernel/mm/transparent_hugepage/hpage_pmd_size: 2097152
/sys/kernel/mm/transparent_hugepage/defrag (defrag/compaction efforts parameter): always defer defer+madvise [madvise] never

Process Memory:
Virtual Size: 13620462820K (peak: 13620462820K)
Resident Set Size: 4321376K (peak: 4321376K) (anon: 1148172K, file: 3173204K, shmem: 0K)
Swapped out: 0K
C-Heap outstanding allocations: 1412576K, retained: 47887K
glibc malloc tunables: (default)

/proc/sys/kernel/threads-max (system-wide limit on the number of threads): 1026411
/proc/sys/vm/max_map_count (maximum number of memory map areas a process may have): 1048576
/proc/sys/vm/swappiness (control to define how aggressively the kernel swaps out anonymous memory): 60
/proc/sys/kernel/pid_max (system-wide limit on number of process identifiers): 4194304

container information not found.
Steal ticks since vm start: 0
Steal ticks percentage since vm start:  0.000

CPU: total 32 (initial active 32) (32 cores per cpu, 2 threads per core) family 23 model 49 stepping 0 microcode 0x830107c, cx8, cmov, fxsr, ht, mmx, 3dnowpref, sse, sse2, sse3, ssse3, sse4a, sse4.1, sse4.2, popcnt, lzcnt, tsc, tscinvbit, avx, avx2, aes, clmul, bmi1, bmi2, adx, sha, fma, vzeroupper, clflush, clflushopt, rdtscp, rdpid, f16c
CPU Model and flags from /proc/cpuinfo:
model name	: AMD EPYC 7302P 16-Core Processor
flags		: fpu vme de pse tsc msr pae mce cx8 apic sep mtrr pge mca cmov pat pse36 clflush mmx fxsr sse sse2 ht syscall nx mmxext fxsr_opt pdpe1gb rdtscp lm constant_tsc rep_good nopl xtopology nonstop_tsc cpuid extd_apicid aperfmperf rapl pni pclmulqdq monitor ssse3 fma cx16 sse4_1 sse4_2 movbe popcnt aes xsave avx f16c rdrand lahf_lm cmp_legacy svm extapic cr8_legacy abm sse4a misalignsse 3dnowprefetch osvw ibs skinit wdt tce topoext perfctr_core perfctr_nb bpext perfctr_llc mwaitx cpb cat_l3 cdp_l3 hw_pstate ssbd mba ibrs ibpb stibp vmmcall fsgsbase bmi1 avx2 smep bmi2 cqm rdt_a rdseed adx smap clflushopt clwb sha_ni xsaveopt xsavec xgetbv1 xsaves cqm_llc cqm_occup_llc cqm_mbm_total cqm_mbm_local clzero irperf xsaveerptr rdpru wbnoinvd amd_ppin arat npt lbrv svm_lock nrip_save tsc_scale vmcb_clean flushbyasid decodeassists pausefilter pfthreshold avic v_vmsave_vmload vgif v_spec_ctrl umip rdpid overflow_recov succor smca sev sev_es

Online cpus: 0-31
Offline cpus: 
BIOS frequency limitation: <Not Available>
Frequency switch latency (ns): <Not Available>
Available cpu frequencies: <Not Available>
Current governor: <Not Available>
Core performance/turbo boost: <Not Available>

Memory: 4k page, physical 131492232k(123749756k free), swap 8388604k(8388604k free)
Page Sizes: 4k

vm_info: OpenJDK 64-Bit Server VM (21.0.9-internal-adhoc.talzuss.openjdk-mmtk) for linux-amd64 JRE (21.0.9-internal-adhoc.talzuss.openjdk-mmtk), built on 2026-07-06T23:13:08Z by "talzuss" with gcc 13.3.0
heap_info: MMTk OpenJDK 0.32.0 (15c0350-dirty), using MMTk 0.32.0 (e989ca8-dirty, BUILTIN_ENV_LOGGER, DEFAULT, EAGER_SWEEPING, VO_BIT)

END.
