#
# A fatal error has been detected by the Java Runtime Environment:
#
#  SIGSEGV (0xb) at pc=0x00007cb1766f5d77, pid=367740, tid=367768
#
# JRE version: OpenJDK Runtime Environment (21.0.9) (build 21.0.9-internal-adhoc.talzuss.openjdk-mmtk)
# Java VM: OpenJDK 64-Bit Server VM (21.0.9-internal-adhoc.talzuss.openjdk-mmtk, mixed mode, sharing, tiered, compressed oops, compressed class ptrs, third-party gc, linux-amd64)
# Problematic frame:
# C  [libmmtk_openjdk.so+0x2f5d77]  _$LT$mmtk..plan..concurrent..immix..gc_work..SatbFinalDrain$LT$VM$GT$$u20$as$u20$mmtk..scheduler..work..GCWork$LT$VM$GT$$GT$::do_work::h99199484dacfec84+0x487
#
# Core dump will be written. Default location: Core dumps may be processed with "/usr/share/apport/apport -p%p -s%s -c%c -d%d -P%P -u%u -g%g -F%F -- %E" (or dumping to /mydata/mmtk-core/core.367740)
#
# If you would like to submit a bug report, please visit:
#   https://bugreport.java.com/bugreport/crash.jsp
#

---------------  S U M M A R Y ------------

Command Line: -XX:+UseThirdPartyHeap -Xms512m -Xmx512m /mydata/dacapo/dacapo-23.11/dacapo-23.11-MR2-chopin.jar xalan -n 3

Host: AMD EPYC 7302P 16-Core Processor, 32 cores, 125G, Ubuntu 24.04.4 LTS
Time: Tue Jul  7 16:42:33 2026 MDT elapsed time: 3.003283 seconds (0d 0h 0m 3s)

---------------  T H R E A D  ---------------

Current thread (0x00007cb170541c20):  NamedThread "MMTk Collector Thread" [id=367768, stack(0x0000700481100000,0x0000700481200000) (1024K)]

Stack: [0x0000700481100000,0x0000700481200000],  sp=0x00007004811fe8f0,  free space=1018k
Native frames: (J=compiled Java code, j=interpreted, Vv=VM code, C=native code)
C  [libmmtk_openjdk.so+0x2f5d77]  _$LT$mmtk..plan..concurrent..immix..gc_work..SatbFinalDrain$LT$VM$GT$$u20$as$u20$mmtk..scheduler..work..GCWork$LT$VM$GT$$GT$::do_work::h99199484dacfec84+0x487

siginfo: si_signo: 11 (SIGSEGV), si_code: 1 (SEGV_MAPERR), si_addr: 0x00007cb2d647c2d4

Registers:
RAX=0x0000000058000000, RBX=0x0000000000000053, RCX=0x00007cb17647c2d4, RDX=0x000070043b000000
RSP=0x00007004811fe8f0, RBP=0x000000004139fff8, RSI=0x000000004139fff8, RDI=0x000070043b000001
R8 =0x00007003dc0008e0, R9 =0x0000000000000200, R10=0x000070041c000030, R11=0x31a91f806b357bdc
R12=0x0000000000274200, R13=0x00007cb176808c08, R14=0x00000000413a0fc8, R15=0x0000000000274200
RIP=0x00007cb1766f5d77, EFLAGS=0x0000000000010206, CSGSFS=0x002b000000000033, ERR=0x0000000000000004
  TRAPNO=0x000000000000000e

XMM[0]=0x0000000000000000 0x0000000000000000
XMM[1]=0x0000000000000000 0x000070041c000090
XMM[2]=0xffffff4a39ff0772 0x15ffffffffff6558
XMM[3]=0x0000000000000000 0x00000000000000ff
XMM[4]=0x0000000000000000 0x000070041c000090
XMM[5]=0x0000000040076258 0x0000000040076238
XMM[6]=0x00000000400761d8 0x00000000400761b0
XMM[7]=0x0000000040076110 0x00000000400760b0
XMM[8]=0x0000000008b90008 0x00000000b80008b7
XMM[9]=0x0000000000000000 0x0000000000000000
XMM[10]=0x3f3f3f3f3f3f3f3f 0x3f3f3f3f3f3f3f3f
XMM[11]=0x9999999999999999 0x9999999999999999
XMM[12]=0x2020202020202020 0x2020202020202020
XMM[13]=0x0000000000000000 0x0000000000000000
XMM[14]=0x0000000000000000 0x0000000000000000
XMM[15]=0x0000000000000000 0x0000000000000000
  MXCSR=0x00001fa2


Register to memory mapping:

RAX=
[error occurred during error reporting (printing register info), id 0xe0000000, Internal Error (/mydata/mmtk-openjdk/openjdk/share/mmtkHeap.cpp:444)]
RBX=
[error occurred during error reporting (printing register info, attempt 2), id 0xe0000000, Internal Error (/mydata/mmtk-openjdk/openjdk/share/mmtkHeap.cpp:444)]
RCX=
[error occurred during error reporting (printing register info, attempt 3), id 0xe0000000, Internal Error (/mydata/mmtk-openjdk/openjdk/share/mmtkHeap.cpp:444)]
Top of Stack: (sp=0x00007004811fe8f0)
0x00007004811fe8f0:   000070043c0faa68 000070043b2540c8
0x00007004811fe900:   00007cb176808fc0 00007004811fe9f8
0x00007004811fe910:   00007004811feaa0 00007cb1703e0320
0x00007004811fe920:   000000004133def0 0000000000010000
0x00007004811fe930:   000070041c010dd0 000000000000b933
0x00007004811fe940:   0000000000000080 000070041c00cbf0
0x00007004811fe950:   0000000000000053 00002000013a0000
0x00007004811fe960:   000070043c0f32c0 00007003cc002380
0x00007004811fe970:   00007cb17052da10 0000000000000040
0x00007004811fe980:   0000000000000000 000070041c00cbf0
0x00007004811fe990:   00007cb176808c08 00007004811fea40
0x00007004811fe9a0:   00007004811fe958 00007004811fea38
0x00007004811fe9b0:   00007004811fea30 00007004811fea0f
0x00007004811fe9c0:   00007004811fea18 00007004811fe928
0x00007004811fe9d0:   00007cb17052da10 0000000000000000
0x00007004811fe9e0:   00007cb17006d400 00007cb17052d8b0
0x00007004811fe9f0:   00007004811fea00 00007cb1766f1e63
0x00007004811fea00:   000070041c00cbf0 0000000000000001
0x00007004811fea10:   000070041c00ce88 0000000000000400
0x00007004811fea20:   000070041c008010 0000000000000339
0x00007004811fea30:   0000000040000000 00000000413a0000
0x00007004811fea40:   00000000000013a0 00007004811fe960
0x00007004811fea50:   00007cb176808c08 00007cb176808fc0
0x00007004811fea60:   0000000000000080 000070043b253e40
0x00007004811fea70:   00007cb17006fb00 00007004811fe9d0
0x00007004811fea80:   000070041c0099d8 000070041c008bd8
0x00007004811fea90:   00007cb17006ef00 00007cb17006ec00
0x00007004811feaa0:   00007cb17006e900 00007cb17006e600
0x00007004811feab0:   00007cb17006e300 00007cb17006e000
0x00007004811feac0:   00007cb17006dd00 00007cb17006da00
0x00007004811fead0:   00007cb17006d700 00007cb170046210
0x00007004811feae0:   00007cb17006d080 0000000000000001 

Instructions: (pc=0x00007cb1766f5d77)
0x00007cb1766f5c77:   44 24 50 48 89 84 24 70 01 00 00 48 85 db 0f 84
0x00007cb1766f5c87:   f5 0a 00 00 48 8b 84 24 98 00 00 00 48 8d 0c d8
0x00007cb1766f5c97:   48 89 8c 24 20 01 00 00 eb 36 66 66 66 66 66 66
0x00007cb1766f5ca7:   2e 0f 1f 84 00 00 00 00 00 48 8d 94 24 a0 00 00
0x00007cb1766f5cb7:   00 e8 43 0d f8 ff 48 8b 84 24 10 01 00 00 48 83
0x00007cb1766f5cc7:   c0 08 48 3b 84 24 20 01 00 00 0f 84 a9 0a 00 00
0x00007cb1766f5cd7:   48 89 84 24 10 01 00 00 48 8b 30 4c 89 ac 24 a0
0x00007cb1766f5ce7:   00 00 00 48 8d 84 24 50 01 00 00 48 89 84 24 a8
0x00007cb1766f5cf7:   00 00 00 48 8d 44 24 68 48 89 84 24 b0 00 00 00
0x00007cb1766f5d07:   48 8d 84 24 48 01 00 00 48 89 84 24 b8 00 00 00
0x00007cb1766f5d17:   48 8d 84 24 40 01 00 00 48 89 84 24 c0 00 00 00
0x00007cb1766f5d27:   48 8d 84 24 1f 01 00 00 48 89 84 24 c8 00 00 00
0x00007cb1766f5d37:   48 8d 84 24 28 01 00 00 48 89 84 24 d0 00 00 00
0x00007cb1766f5d47:   48 8d 44 24 38 48 89 84 24 d8 00 00 00 8b 46 08
0x00007cb1766f5d57:   48 8b 15 ca 43 11 00 48 8b 0d cb 43 11 00 48 d3
0x00007cb1766f5d67:   e0 48 8d 3c 10 8b 44 10 0c 48 8d 0d 5d 65 d8 ff
0x00007cb1766f5d77:   48 63 04 81 48 01 c8 ff e0 48 89 74 24 30 48 89
0x00007cb1766f5d87:   bc 24 78 01 00 00 48 63 87 28 01 00 00 48 85 c0
0x00007cb1766f5d97:   0f 84 5e 07 00 00 48 8b 94 24 78 01 00 00 48 63
0x00007cb1766f5da7:   8a ac 00 00 00 48 8d 0c ca 48 63 92 2c 01 00 00
0x00007cb1766f5db7:   48 8d 34 d1 48 8d 1c d1 48 81 c3 d8 01 00 00 48
0x00007cb1766f5dc7:   8d 04 c6 48 05 d8 01 00 00 48 89 44 24 08 eb 18
0x00007cb1766f5dd7:   66 0f 1f 84 00 00 00 00 00 48 83 c3 08 48 3b 5c
0x00007cb1766f5de7:   24 08 0f 84 0c 07 00 00 44 8b 63 04 4d 85 e4 74
0x00007cb1766f5df7:   e8 4c 63 2b 4c 03 6c 24 30 45 31 ff eb 24 66 66
0x00007cb1766f5e07:   2e 0f 1f 84 00 00 00 00 00 48 8b 44 24 40 4a 89
0x00007cb1766f5e17:   2c f0 49 ff c6 4c 89 74 24 48 49 ff c7 4d 39 e7
0x00007cb1766f5e27:   74 b7 4a 8d 34 bd 00 00 00 00 4c 01 ee 48 89 f0
0x00007cb1766f5e37:   48 b9 ff ff ff ff ff ff ff 7f 48 21 c8 48 89 c1
0x00007cb1766f5e47:   48 2b 0d 12 2e 11 00 48 89 cf 48 c1 ef 0c 48 3b
0x00007cb1766f5e57:   bc 24 50 01 00 00 75 31 48 8b 4c 24 68 48 8b 94
0x00007cb1766f5e67:   24 48 01 00 00 48 29 d0 8b 2c 01 48 85 ed 74 aa 


Stack slot to memory mapping:

stack at sp + 0 slots: 
[error occurred during error reporting (inspecting top of stack), id 0xe0000000, Internal Error (/mydata/mmtk-openjdk/openjdk/share/mmtkHeap.cpp:444)]
stack at sp + 1 slots: 
[error occurred during error reporting (inspecting top of stack, attempt 2), id 0xe0000000, Internal Error (/mydata/mmtk-openjdk/openjdk/share/mmtkHeap.cpp:444)]
stack at sp + 2 slots: 
[error occurred during error reporting (inspecting top of stack, attempt 3), id 0xe0000000, Internal Error (/mydata/mmtk-openjdk/openjdk/share/mmtkHeap.cpp:444)]

---------------  P R O C E S S  ---------------

Threads class SMR info:
_java_thread_list=0x00007003b41931a0, length=56, elements={
0x00007cb17002b240, 0x00007cb170526f10, 0x00007cb1705287a0, 0x00007cb17052a290,
0x00007cb170548ac0, 0x00007cb17054a410, 0x00007cb17054bcd0, 0x00007cb17054db10,
0x00007cb1705574e0, 0x00007003b4055dc0, 0x00007003b40573c0, 0x00007cb1705a6700,
0x00007cb1705a9700, 0x00007003ac015830, 0x00007003b408d5a0, 0x00007003b00a0360,
0x00007cb1707bc2c0, 0x00007cb1707c63c0, 0x00007cb1707c6de0, 0x00007cb1707b7640,
0x00007cb1707d4040, 0x00007cb1707d4be0, 0x00007cb1707d5ed0, 0x00007cb1707d7440,
0x00007cb1707d89b0, 0x00007cb1707d9d80, 0x00007cb1707db230, 0x00007cb1707dc7c0,
0x00007cb1707ddd50, 0x00007cb1707df200, 0x00007cb1707e06b0, 0x00007cb1707e1a50,
0x00007cb1707e2f00, 0x00007cb1707e4740, 0x00007cb1707e5d00, 0x00007cb1707e71a0,
0x00007cb1707e8770, 0x00007cb1707e9d50, 0x00007cb1707eb330, 0x00007cb1707ec7d0,
0x00007cb1707ee060, 0x00007cb1703e1c00, 0x00007cb1703e2ff0, 0x00007cb1707bd880,
0x00007cb1707be790, 0x00007cb1707bfbd0, 0x00007cb1707c11f0, 0x00007cb1707c2690,
0x000070039c079640, 0x00007003ac10a7c0, 0x000070039c08eea0, 0x000070039c0e3860,
0x00007003ac10c090, 0x00007003b418e160, 0x00007003b4190920, 0x00007003b4191ed0
}

Java Threads: ( => current thread )
  0x00007cb17002b240 JavaThread "main"                              [_thread_blocked, id=367741, stack(0x00007cb176817000,0x00007cb176917000) (1024K)]
  0x00007cb170526f10 JavaThread "Reference Handler"          daemon [_thread_blocked, id=367748, stack(0x00007cb1752fc000,0x00007cb1753fc000) (1024K)]
  0x00007cb1705287a0 JavaThread "Finalizer"                  daemon [_thread_blocked, id=367749, stack(0x00007cb174f00000,0x00007cb175000000) (1024K)]
  0x00007cb17052a290 JavaThread "MMTk Finalizer Thread"      daemon [_thread_blocked, id=367750, stack(0x00007cb174e00000,0x00007cb174f00000) (1024K)]
  0x00007cb170548ac0 JavaThread "Signal Dispatcher"          daemon [_thread_blocked, id=367774, stack(0x0000700480afa000,0x0000700480bfa000) (1024K)]
  0x00007cb17054a410 JavaThread "Service Thread"             daemon [_thread_blocked, id=367775, stack(0x00007004809fa000,0x0000700480afa000) (1024K)]
  0x00007cb17054bcd0 JavaThread "Monitor Deflation Thread"   daemon [_thread_blocked, id=367776, stack(0x00007004808fa000,0x00007004809fa000) (1024K)]
  0x00007cb17054db10 JavaThread "C2 CompilerThread0"         daemon [_thread_blocked, id=367777, stack(0x00007004807fa000,0x00007004808fa000) (1024K)]
  0x00007cb1705574e0 JavaThread "C1 CompilerThread0"         daemon [_thread_blocked, id=367778, stack(0x00007004806fa000,0x00007004807fa000) (1024K)]
  0x00007003b4055dc0 JavaThread "C1 CompilerThread1"         daemon [_thread_blocked, id=367779, stack(0x00007004805fa000,0x00007004806fa000) (1024K)]
  0x00007003b40573c0 JavaThread "C1 CompilerThread2"         daemon [_thread_blocked, id=367780, stack(0x00007004804fa000,0x00007004805fa000) (1024K)]
  0x00007cb1705a6700 JavaThread "Notification Thread"        daemon [_thread_blocked, id=367781, stack(0x00007004803fa000,0x00007004804fa000) (1024K)]
  0x00007cb1705a9700 JavaThread "Common-Cleaner"             daemon [_thread_blocked, id=367782, stack(0x00007004802fa000,0x00007004803fa000) (1024K)]
  0x00007003ac015830 JavaThread "C2 CompilerThread1"         daemon [_thread_blocked, id=367783, stack(0x00007004801fa000,0x00007004802fa000) (1024K)]
  0x00007003b408d5a0 JavaThread "C1 CompilerThread3"         daemon [_thread_blocked, id=367784, stack(0x00007004800fa000,0x00007004801fa000) (1024K)]
  0x00007003b00a0360 JavaThread "C2 CompilerThread2"         daemon [_thread_in_native, id=367785, stack(0x000070043af00000,0x000070043b000000) (1024K)]
  0x00007cb1707bc2c0 JavaThread "Thread-0"                          [_thread_blocked, id=367786, stack(0x000070043ae00000,0x000070043af00000) (1024K)]
  0x00007cb1707c63c0 JavaThread "Thread-1"                          [_thread_blocked, id=367787, stack(0x000070043ad00000,0x000070043ae00000) (1024K)]
  0x00007cb1707c6de0 JavaThread "Thread-2"                          [_thread_blocked, id=367788, stack(0x000070043ac00000,0x000070043ad00000) (1024K)]
  0x00007cb1707b7640 JavaThread "Thread-3"                          [_thread_blocked, id=367789, stack(0x000070043ab00000,0x000070043ac00000) (1024K)]
  0x00007cb1707d4040 JavaThread "Thread-4"                          [_thread_blocked, id=367790, stack(0x000070043aa00000,0x000070043ab00000) (1024K)]
  0x00007cb1707d4be0 JavaThread "Thread-5"                          [_thread_blocked, id=367791, stack(0x000070043a900000,0x000070043aa00000) (1024K)]
  0x00007cb1707d5ed0 JavaThread "Thread-6"                          [_thread_blocked, id=367792, stack(0x000070043a800000,0x000070043a900000) (1024K)]
  0x00007cb1707d7440 JavaThread "Thread-7"                          [_thread_blocked, id=367793, stack(0x000070043a700000,0x000070043a800000) (1024K)]
  0x00007cb1707d89b0 JavaThread "Thread-8"                          [_thread_blocked, id=367794, stack(0x000070043a600000,0x000070043a700000) (1024K)]
  0x00007cb1707d9d80 JavaThread "Thread-9"                          [_thread_blocked, id=367795, stack(0x000070043a500000,0x000070043a600000) (1024K)]
  0x00007cb1707db230 JavaThread "Thread-10"                         [_thread_blocked, id=367796, stack(0x000070043a400000,0x000070043a500000) (1024K)]
  0x00007cb1707dc7c0 JavaThread "Thread-11"                         [_thread_blocked, id=367797, stack(0x000070043a300000,0x000070043a400000) (1024K)]
  0x00007cb1707ddd50 JavaThread "Thread-12"                         [_thread_blocked, id=367798, stack(0x000070043a200000,0x000070043a300000) (1024K)]
  0x00007cb1707df200 JavaThread "Thread-13"                         [_thread_blocked, id=367799, stack(0x000070043a100000,0x000070043a200000) (1024K)]
  0x00007cb1707e06b0 JavaThread "Thread-14"                         [_thread_blocked, id=367800, stack(0x000070043a000000,0x000070043a100000) (1024K)]
  0x00007cb1707e1a50 JavaThread "Thread-15"                         [_thread_blocked, id=367801, stack(0x0000700439f00000,0x000070043a000000) (1024K)]
  0x00007cb1707e2f00 JavaThread "Thread-16"                         [_thread_blocked, id=367802, stack(0x0000700439e00000,0x0000700439f00000) (1024K)]
  0x00007cb1707e4740 JavaThread "Thread-17"                         [_thread_blocked, id=367803, stack(0x0000700439d00000,0x0000700439e00000) (1024K)]
  0x00007cb1707e5d00 JavaThread "Thread-18"                         [_thread_blocked, id=367804, stack(0x0000700439c00000,0x0000700439d00000) (1024K)]
  0x00007cb1707e71a0 JavaThread "Thread-19"                         [_thread_blocked, id=367805, stack(0x0000700439b00000,0x0000700439c00000) (1024K)]
  0x00007cb1707e8770 JavaThread "Thread-20"                         [_thread_blocked, id=367806, stack(0x0000700439a00000,0x0000700439b00000) (1024K)]
  0x00007cb1707e9d50 JavaThread "Thread-21"                         [_thread_blocked, id=367807, stack(0x0000700439900000,0x0000700439a00000) (1024K)]
  0x00007cb1707eb330 JavaThread "Thread-22"                         [_thread_blocked, id=367808, stack(0x0000700439800000,0x0000700439900000) (1024K)]
  0x00007cb1707ec7d0 JavaThread "Thread-23"                         [_thread_blocked, id=367809, stack(0x0000700439700000,0x0000700439800000) (1024K)]
  0x00007cb1707ee060 JavaThread "Thread-24"                         [_thread_blocked, id=367810, stack(0x0000700439600000,0x0000700439700000) (1024K)]
  0x00007cb1703e1c00 JavaThread "Thread-25"                         [_thread_blocked, id=367811, stack(0x0000700439500000,0x0000700439600000) (1024K)]
  0x00007cb1703e2ff0 JavaThread "Thread-26"                         [_thread_blocked, id=367812, stack(0x0000700439400000,0x0000700439500000) (1024K)]
  0x00007cb1707bd880 JavaThread "Thread-27"                         [_thread_blocked, id=367813, stack(0x0000700439300000,0x0000700439400000) (1024K)]
  0x00007cb1707be790 JavaThread "Thread-28"                         [_thread_blocked, id=367814, stack(0x0000700439200000,0x0000700439300000) (1024K)]
  0x00007cb1707bfbd0 JavaThread "Thread-29"                         [_thread_blocked, id=367815, stack(0x0000700439100000,0x0000700439200000) (1024K)]
  0x00007cb1707c11f0 JavaThread "Thread-30"                         [_thread_blocked, id=367816, stack(0x0000700439000000,0x0000700439100000) (1024K)]
  0x00007cb1707c2690 JavaThread "Thread-31"                         [_thread_blocked, id=367817, stack(0x0000700438f00000,0x0000700439000000) (1024K)]
  0x000070039c079640 JavaThread "C2 CompilerThread3"         daemon [_thread_blocked, id=367818, stack(0x0000700438e00000,0x0000700438f00000) (1024K)]
  0x00007003ac10a7c0 JavaThread "C2 CompilerThread4"         daemon [_thread_blocked, id=367819, stack(0x0000700438d00000,0x0000700438e00000) (1024K)]
  0x000070039c08eea0 JavaThread "C2 CompilerThread5"         daemon [_thread_blocked, id=367820, stack(0x0000700438c00000,0x0000700438d00000) (1024K)]
  0x000070039c0e3860 JavaThread "C1 CompilerThread4"         daemon [_thread_blocked, id=367821, stack(0x0000700438b00000,0x0000700438c00000) (1024K)]
  0x00007003ac10c090 JavaThread "C2 CompilerThread6"         daemon [_thread_in_native, id=367822, stack(0x0000700438a00000,0x0000700438b00000) (1024K)]
  0x00007003b418e160 JavaThread "C2 CompilerThread7"         daemon [_thread_blocked, id=367823, stack(0x0000700438900000,0x0000700438a00000) (1024K)]
  0x00007003b4190920 JavaThread "C2 CompilerThread8"         daemon [_thread_blocked, id=367824, stack(0x0000700438800000,0x0000700438900000) (1024K)]
  0x00007003b4191ed0 JavaThread "C2 CompilerThread9"         daemon [_thread_blocked, id=367825, stack(0x0000700438700000,0x0000700438800000) (1024K)]
Total: 56

Other Threads:
  0x00007cb17051bc50 VMThread "VM Thread"                           [id=367747, stack(0x00007cb1753fd000,0x00007cb1754fd000) (1024K)]
  0x00007cb170509840 WatcherThread "VM Periodic Task Thread"        [id=367746, stack(0x00007cb1754fe000,0x00007cb1755fe000) (1024K)]

=>0x00007cb170541c20 (exited) NamedThread "MMTk Collector Thread"   [id=367768, stack(0x0000700481100000,0x0000700481200000) (1024K)]
Total: 3

Threads with active compile tasks:
C2 CompilerThread0  3006 2823 % !   4       org.apache.xerces.impl.XMLDocumentFragmentScannerImpl$FragmentContentDispatcher::dispatch @ 0 (1118 bytes)
C2 CompilerThread1  3006 2958       4       org.apache.xerces.impl.XMLNSDocumentScannerImpl::scanStartElement (866 bytes)
C2 CompilerThread2  3006 2259   !   4       org.apache.xalan.templates.ElemApplyTemplates::transformSelectedNodes (979 bytes)
C2 CompilerThread3  3006 2467       4       org.apache.xpath.axes.ChildTestIterator::setRoot (21 bytes)
C2 CompilerThread4  3006 2529   !   4       org.apache.xpath.XPath::bool (202 bytes)
C2 CompilerThread5  3006 2975   !   4       org.apache.xalan.templates.ElemLiteralResult::execute (312 bytes)
C2 CompilerThread6  3006 2380       4       org.apache.xml.serializer.ToStream::startPrefixMapping (128 bytes)
C2 CompilerThread7  3006 2386       4       org.apache.xml.serializer.ToStream::startPrefixMapping (9 bytes)
C2 CompilerThread8  3006 2683   !   4       org.apache.xalan.templates.AVT::evaluate (112 bytes)
C2 CompilerThread9  3006 2417       4       org.apache.xpath.axes.AttributeIterator::getNextNode (46 bytes)
Total: 10

VM state: at safepoint (normal execution)

VM Mutex/Monitor currently owned by a thread:  ([mutex/lock_event])
[0x00007cb177f580d0] Threads_lock - owner thread: 0x00007cb17051bc50
[0x00007cb177f57fd0] Heap_lock - owner thread: 0x00007cb1703e5260

Heap address: 0x0000000040000000, size: 3072 MB, Compressed Oops mode: 32-bit

CDS archive(s) mapped at: [0x000070043b000000-0x000070043bca3000-0x000070043bca3000), size 13250560, SharedBaseAddress: 0x000070043b000000, ArchiveRelocationMode: 1.
Compressed class space mapped at: 0x000070043c000000-0x000070047c000000, reserved size: 1073741824
Narrow klass base: 0x000070043b000000, Narrow klass shift: 0, Narrow klass range: 0x100000000

GC Precious Log:
<Empty>

Heap:

[error occurred during error reporting (printing heap information), id 0xe0000000, Internal Error (/mydata/mmtk-openjdk/openjdk/share/mmtkHeap.cpp:424)]
Metaspace:

Usage:
  Non-class:      7.00 MB used.
      Class:    966.09 KB used.
       Both:      7.94 MB used.

Virtual space:
  Non-class space:       64.00 MB reserved,       7.12 MB ( 11%) committed,  1 nodes.
      Class space:        1.00 GB reserved,       1.06 MB ( <1%) committed,  1 nodes.
             Both:        1.06 GB reserved,       8.19 MB ( <1%) committed. 

Chunk freelists:
   Non-Class:  7.36 MB
       Class:  14.99 MB
        Both:  22.35 MB

MaxMetaspaceSize: unlimited
CompressedClassSpaceSize: 1.00 GB
Initial GC threshold: 21.00 MB
Current GC threshold: 21.00 MB
CDS: on
 - commit_granule_bytes: 65536.
 - commit_granule_words: 8192.
 - virtual_space_node_default_size: 8388608.
 - enlarge_chunks_in_place: 1.
 - use_allocation_guard: 0.


Internal statistics:

num_allocs_failed_limit: 0.
num_arena_births: 120.
num_arena_deaths: 0.
num_vsnodes_births: 2.
num_vsnodes_deaths: 0.
num_space_committed: 131.
num_space_uncommitted: 0.
num_chunks_returned_to_freelist: 0.
num_chunks_taken_from_freelist: 370.
num_chunk_merges: 0.
num_chunk_splits: 261.
num_chunks_enlarged: 201.
num_inconsistent_stats: 0.

CodeHeap 'non-profiled nmethods': size=118880Kb used=1346Kb max_used=1346Kb free=117533Kb
 bounds [0x00007cb1603e8000, 0x00007cb160658000, 0x00007cb167800000]
CodeHeap 'profiled nmethods': size=118876Kb used=6219Kb max_used=6219Kb free=112656Kb
 bounds [0x00007cb158800000, 0x00007cb158e20000, 0x00007cb15fc17000]
CodeHeap 'non-nmethods': size=8004Kb used=3533Kb max_used=3663Kb free=4470Kb
 bounds [0x00007cb15fc17000, 0x00007cb15ffb7000, 0x00007cb1603e8000]
CodeCache: size=245760Kb, used=11098Kb, max_used=11228Kb, free=234659Kb
 total_blobs=3378, nmethods=2897, adapters=379, full_count=0
Compilation: enabled, stopped_count=0, restarted_count=0

Compilation events (20 events):
Event: 2.970 Thread 0x00007003b4055dc0 nmethod 2978 0x00007cb160525f10 code [0x00007cb1605260a0, 0x00007cb160526160]
Event: 2.970 Thread 0x00007003b4191ed0 nmethod 2415 0x00007cb160524b10 code [0x00007cb160524d40, 0x00007cb160525648]
Event: 2.970 Thread 0x00007003b4191ed0 2976       4       java.util.HashMap::clear (50 bytes)
Event: 2.970 Thread 0x00007003b408d5a0 nmethod 2973 0x00007cb158e10190 code [0x00007cb158e10520, 0x00007cb158e123f8]
Event: 2.971 Thread 0x00007003b4191ed0 nmethod 2976 0x00007cb160526210 code [0x00007cb160526380, 0x00007cb160526430]
Event: 2.971 Thread 0x00007003b4191ed0 2979       4       org.apache.xalan.templates.ElemTemplateElement::unexecuteNSDecls (7 bytes)
Event: 2.972 Thread 0x00007cb1705574e0 nmethod 2974 0x00007cb160526510 code [0x00007cb1605266a0, 0x00007cb160526760]
Event: 2.975 Thread 0x00007003b4191ed0 nmethod 2979 0x00007cb160526810 code [0x00007cb1605269c0, 0x00007cb160526c58]
Event: 2.975 Thread 0x00007003b4191ed0 2980       4       org.apache.xml.serializer.ToStream::endPrefixMapping (1 bytes)
Event: 2.975 Thread 0x00007003b4191ed0 nmethod 2980 0x00007cb160526e90 code [0x00007cb160527000, 0x00007cb160527088]
Event: 2.976 Thread 0x00007003b4191ed0 2981       4       org.apache.xalan.templates.ElemTemplateElement::executeNSDecls (7 bytes)
Event: 2.978 Thread 0x00007003b4191ed0 nmethod 2981 0x00007cb160527190 code [0x00007cb160527340, 0x00007cb160527550]
Event: 2.995 Thread 0x00007003b4191ed0 2412       4       java.lang.CharacterDataLatin1::getType (11 bytes)
Event: 2.996 Thread 0x00007003b4191ed0 nmethod 2412 0x00007cb160527790 code [0x00007cb160527900, 0x00007cb1605279c0]
Event: 2.996 Thread 0x00007003b4191ed0 2417       4       org.apache.xpath.axes.AttributeIterator::getNextNode (46 bytes)
Event: 2.997 Thread 0x000070039c079640 nmethod 2904 0x00007cb160527a90 code [0x00007cb160527e60, 0x00007cb160529d08]
Event: 2.997 Thread 0x000070039c079640 2467       4       org.apache.xpath.axes.ChildTestIterator::setRoot (21 bytes)
Event: 2.998 Thread 0x00007003ac10a7c0 nmethod 2354 0x00007cb16052b210 code [0x00007cb16052b780, 0x00007cb16052ea18]
Event: 2.998 Thread 0x00007003ac10a7c0 2529   !   4       org.apache.xpath.XPath::bool (202 bytes)
Event: 2.999 Thread 0x00007003b4190920 nmethod 2683 0x00007cb160530990 code [0x00007cb160530ea0, 0x00007cb160535a60]

GC Heap History (0 events):
No events

Dll operation events (7 events):
Event: 0.001 Loaded shared library /mydata/openjdk-mmtk/build/b0test/images/jdk/lib/libjava.so
Event: 2.212 Loaded shared library /mydata/openjdk-mmtk/build/b0test/images/jdk/lib/libjsvml.so
Event: 2.225 Loaded shared library /mydata/openjdk-mmtk/build/b0test/images/jdk/lib/libnio.so
Event: 2.229 Loaded shared library /mydata/openjdk-mmtk/build/b0test/images/jdk/lib/libzip.so
Event: 2.242 Loaded shared library /mydata/openjdk-mmtk/build/b0test/images/jdk/lib/libjimage.so
Event: 2.268 Loaded shared library /mydata/openjdk-mmtk/build/b0test/images/jdk/lib/libnet.so
Event: 2.368 Loaded shared library /mydata/openjdk-mmtk/build/b0test/images/jdk/lib/libverify.so

Deoptimization events (20 events):
Event: 2.969 Thread 0x00007cb1707c11f0 Uncommon trap: reason=loop_limit_check action=maybe_recompile pc=0x00007cb1605183c8 method=org.apache.xalan.templates.ElemLiteralResult.execute(Lorg/apache/xalan/transformer/TransformerImpl;)V @ 110 c2
Event: 2.969 Thread 0x00007cb1707bfbd0 Uncommon trap: trap_request=0xffffff6e fr.pc=0x00007cb1605183c8 relative=0x0000000000001008
Event: 2.969 Thread 0x00007cb1707e9d50 Uncommon trap: reason=loop_limit_check action=maybe_recompile pc=0x00007cb1605183c8 method=org.apache.xalan.templates.ElemLiteralResult.execute(Lorg/apache/xalan/transformer/TransformerImpl;)V @ 110 c2
Event: 2.969 Thread 0x00007cb1707c11f0 DEOPT PACKING pc=0x00007cb1605183c8 sp=0x00007004390fcd20
Event: 2.969 Thread 0x00007cb1707bfbd0 Uncommon trap: reason=loop_limit_check action=maybe_recompile pc=0x00007cb1605183c8 method=org.apache.xalan.templates.ElemLiteralResult.execute(Lorg/apache/xalan/transformer/TransformerImpl;)V @ 110 c2
Event: 2.969 Thread 0x00007cb1707c2690 Uncommon trap: reason=loop_limit_check action=maybe_recompile pc=0x00007cb1605183c8 method=org.apache.xalan.templates.ElemLiteralResult.execute(Lorg/apache/xalan/transformer/TransformerImpl;)V @ 110 c2
Event: 2.969 Thread 0x00007cb1707c2690 DEOPT PACKING pc=0x00007cb1605183c8 sp=0x0000700438ffd8b0
Event: 2.969 Thread 0x00007cb1707bfbd0 DEOPT PACKING pc=0x00007cb1605183c8 sp=0x00007004391fcd30
Event: 2.969 Thread 0x00007cb1707e9d50 DEOPT PACKING pc=0x00007cb1605183c8 sp=0x00007004399fce70
Event: 2.969 Thread 0x00007cb1707c11f0 DEOPT UNPACKING pc=0x00007cb15fc6a899 sp=0x00007004390fcd20 mode 2
Event: 2.969 Thread 0x00007cb1707d4040 Uncommon trap: reason=loop_limit_check action=maybe_recompile pc=0x00007cb1605183c8 method=org.apache.xalan.templates.ElemLiteralResult.execute(Lorg/apache/xalan/transformer/TransformerImpl;)V @ 110 c2
Event: 2.969 Thread 0x00007cb1707e9d50 DEOPT UNPACKING pc=0x00007cb15fc6a899 sp=0x00007004399fce70 mode 2
Event: 2.969 Thread 0x00007cb1707bfbd0 DEOPT UNPACKING pc=0x00007cb15fc6a899 sp=0x00007004391fcd30 mode 2
Event: 2.969 Thread 0x00007cb1707d4040 DEOPT PACKING pc=0x00007cb1605183c8 sp=0x000070043aafd2f0
Event: 2.969 Thread 0x00007cb1707c2690 DEOPT UNPACKING pc=0x00007cb15fc6a899 sp=0x0000700438ffd8b0 mode 2
Event: 2.969 Thread 0x00007cb1707d4040 DEOPT UNPACKING pc=0x00007cb15fc6a899 sp=0x000070043aafd2f0 mode 2
Event: 2.969 Thread 0x00007cb1703e1c00 Uncommon trap: trap_request=0xffffff6e fr.pc=0x00007cb1605183c8 relative=0x0000000000001008
Event: 2.969 Thread 0x00007cb1703e1c00 Uncommon trap: reason=loop_limit_check action=maybe_recompile pc=0x00007cb1605183c8 method=org.apache.xalan.templates.ElemLiteralResult.execute(Lorg/apache/xalan/transformer/TransformerImpl;)V @ 110 c2
Event: 2.969 Thread 0x00007cb1703e1c00 DEOPT PACKING pc=0x00007cb1605183c8 sp=0x00007004395fbaf0
Event: 2.969 Thread 0x00007cb1703e1c00 DEOPT UNPACKING pc=0x00007cb15fc6a899 sp=0x00007004395fbaf0 mode 2

Classes loaded (20 events):
Event: 2.632 Loading class java/util/ResourceBundle$KeyElementReference
Event: 2.632 Loading class java/util/ResourceBundle$CacheKeyReference
Event: 2.632 Loading class java/util/ResourceBundle$CacheKeyReference done
Event: 2.632 Loading class java/util/ResourceBundle$KeyElementReference done
Event: 2.632 Loading class java/util/ResourceBundle$Control$2
Event: 2.632 Loading class java/util/ResourceBundle$Control$2 done
Event: 2.633 Loading class sun/util/PropertyResourceBundleCharset
Event: 2.633 Loading class sun/util/PropertyResourceBundleCharset done
Event: 2.633 Loading class sun/util/PropertyResourceBundleCharset$PropertiesFileDecoder
Event: 2.633 Loading class sun/util/PropertyResourceBundleCharset$PropertiesFileDecoder done
Event: 2.634 Loading class java/util/ResourceBundle$BundleReference
Event: 2.634 Loading class java/util/ResourceBundle$BundleReference done
Event: 2.635 Loading class sun/util/ResourceBundleEnumeration
Event: 2.635 Loading class sun/util/ResourceBundleEnumeration done
Event: 2.640 Loading class sun/nio/cs/ISO_8859_1$Encoder
Event: 2.640 Loading class sun/nio/cs/ISO_8859_1$Encoder done
Event: 2.670 Loading class java/util/ResourceBundle$Control$1
Event: 2.670 Loading class java/util/ResourceBundle$Control$1 done
Event: 2.689 Loading class java/lang/foreign/MemorySegment
Event: 2.690 Loading class java/lang/foreign/MemorySegment done

Classes unloaded (0 events):
No events

Classes redefined (0 events):
No events

Internal exceptions (13 events):
Event: 2.236 Thread 0x00007cb17002b240 Exception <a 'java/lang/NoSuchMethodError'{0x000000004033c090}: 'java.lang.Object java.lang.invoke.DirectMethodHandle$Holder.newInvokeSpecial(java.lang.Object, int, java.lang.Object)'> (0x000000004033c090) 
thrown [src/hotspot/share/interpreter/linkResolver.cpp, line 772]
Event: 2.245 Thread 0x00007cb17002b240 Exception <a 'java/lang/NoSuchMethodError'{0x0000000040301e28}: 'void java.lang.invoke.DirectMethodHandle$Holder.invokeStatic(java.lang.Object, java.lang.Object)'> (0x0000000040301e28) 
thrown [src/hotspot/share/interpreter/linkResolver.cpp, line 772]
Event: 2.245 Thread 0x00007cb17002b240 Exception <a 'java/lang/NoSuchMethodError'{0x0000000040305820}: 'void java.lang.invoke.DirectMethodHandle$Holder.invokeSpecial(java.lang.Object, java.lang.Object, java.lang.Object)'> (0x0000000040305820) 
thrown [src/hotspot/share/interpreter/linkResolver.cpp, line 772]
Event: 2.287 Thread 0x00007cb17002b240 Exception <a 'java/lang/NoSuchMethodError'{0x00000000401b5ca8}: 'void java.lang.invoke.DirectMethodHandle$Holder.invokeVirtual(java.lang.Object, java.lang.Object)'> (0x00000000401b5ca8) 
thrown [src/hotspot/share/interpreter/linkResolver.cpp, line 772]
Event: 2.294 Thread 0x00007cb17002b240 Exception <a 'java/io/FileNotFoundException'{0x0000000040180bc0}> (0x0000000040180bc0) 
thrown [src/hotspot/share/prims/jni.cpp, line 520]
Event: 2.305 Thread 0x00007cb17002b240 Exception <a 'java/lang/NoSuchMethodError'{0x00000000401218c8}: 'java.lang.Object java.lang.invoke.Invokers$Holder.invokeExact_MT(java.lang.Object, java.lang.Object, java.lang.Object, java.lang.Object, java.lang.Object)'> (0x00000000401218c8) 
thrown [src/hotspot/share/interpreter/linkResolver.cpp, line 772]
Event: 2.489 Thread 0x00007cb17002b240 Exception <a 'java/lang/NoSuchMethodError'{0x0000000040eb2518}: 'void java.lang.invoke.DirectMethodHandle$Holder.invokeVirtual(java.lang.Object, java.lang.Object, int)'> (0x0000000040eb2518) 
thrown [src/hotspot/share/interpreter/linkResolver.cpp, line 772]
Event: 2.489 Thread 0x00007cb17002b240 Exception <a 'java/lang/NoSuchMethodError'{0x0000000040eb6c40}: 'int java.lang.invoke.DirectMethodHandle$Holder.invokeSpecial(java.lang.Object, java.lang.Object, java.lang.Object, int)'> (0x0000000040eb6c40) 
thrown [src/hotspot/share/interpreter/linkResolver.cpp, line 772]
Event: 2.491 Thread 0x00007cb17002b240 Exception <a 'java/lang/NoSuchMethodError'{0x0000000040e989e0}: 'java.lang.Object java.lang.invoke.DirectMethodHandle$Holder.invokeStatic(java.lang.Object, java.lang.Object, java.lang.Object, java.lang.Object, int)'> (0x0000000040e989e0) 
thrown [src/hotspot/share/interpreter/linkResolver.cpp, line 772]
Event: 2.492 Thread 0x00007cb17002b240 Exception <a 'java/lang/NoSuchMethodError'{0x0000000040e93be0}: 'void java.lang.invoke.DelegatingMethodHandle$Holder.reinvoke_L(java.lang.Object, java.lang.Object, int)'> (0x0000000040e93be0) 
thrown [src/hotspot/share/interpreter/linkResolver.cpp, line 772]
Event: 2.492 Thread 0x00007cb17002b240 Exception <a 'java/lang/NoSuchMethodError'{0x0000000040e8a938}: 'int java.lang.invoke.DirectMethodHandle$Holder.invokeSpecial(java.lang.Object, java.lang.Object, java.lang.Object)'> (0x0000000040e8a938) 
thrown [src/hotspot/share/interpreter/linkResolver.cpp, line 772]
Event: 2.561 Thread 0x00007cb17002b240 Exception <a 'java/lang/NoSuchMethodError'{0x00000000413be268}: 'void java.lang.invoke.DelegatingMethodHandle$Holder.reinvoke_L(java.lang.Object, java.lang.Object, int, int)'> (0x00000000413be268) 
thrown [src/hotspot/share/interpreter/linkResolver.cpp, line 772]
Event: 2.630 Thread 0x00007cb1707e06b0 Exception <a 'java/lang/NoSuchMethodError'{0x0000000040bf41d0}: 'java.lang.Object java.lang.invoke.DirectMethodHandle$Holder.invokeInterface(java.lang.Object, java.lang.Object)'> (0x0000000040bf41d0) 
thrown [src/hotspot/share/interpreter/linkResolver.cpp, line 772]

ZGC Phase Switch (0 events):
No events

VM Operations (20 events):
Event: 2.590 Executing VM operation: ThirdPartyHeapOperation done
Event: 2.592 Executing VM operation: ThirdPartyHeapOperation
Event: 2.597 Executing VM operation: ThirdPartyHeapOperation done
Event: 2.608 Executing VM operation: HandshakeAllThreads (Deoptimize)
Event: 2.608 Executing VM operation: HandshakeAllThreads (Deoptimize) done
Event: 2.627 Executing VM operation: HandshakeAllThreads (Deoptimize)
Event: 2.628 Executing VM operation: HandshakeAllThreads (Deoptimize) done
Event: 2.668 Executing VM operation: HandshakeAllThreads (Deoptimize)
Event: 2.668 Executing VM operation: HandshakeAllThreads (Deoptimize) done
Event: 2.729 Executing VM operation: ICBufferFull
Event: 2.729 Executing VM operation: ICBufferFull done
Event: 2.730 Executing VM operation: ICBufferFull
Event: 2.730 Executing VM operation: ICBufferFull done
Event: 2.819 Executing VM operation: ICBufferFull
Event: 2.819 Executing VM operation: ICBufferFull done
Event: 2.820 Executing VM operation: ICBufferFull
Event: 2.820 Executing VM operation: ICBufferFull done
Event: 2.978 Executing VM operation: ThirdPartyHeapOperation
Event: 2.995 Executing VM operation: ThirdPartyHeapOperation done
Event: 2.999 Executing VM operation: ThirdPartyHeapOperation

Memory protections (20 events):
Event: 2.593 Protecting memory [0x0000700439a00000,0x0000700439a04000] with protection modes 0
Event: 2.593 Protecting memory [0x0000700439900000,0x0000700439904000] with protection modes 0
Event: 2.593 Protecting memory [0x0000700439800000,0x0000700439804000] with protection modes 0
Event: 2.593 Protecting memory [0x0000700439700000,0x0000700439704000] with protection modes 0
Event: 2.593 Protecting memory [0x0000700439600000,0x0000700439604000] with protection modes 0
Event: 2.597 Protecting memory [0x0000700439500000,0x0000700439504000] with protection modes 0
Event: 2.597 Protecting memory [0x0000700439400000,0x0000700439404000] with protection modes 0
Event: 2.597 Protecting memory [0x0000700439300000,0x0000700439304000] with protection modes 0
Event: 2.598 Protecting memory [0x0000700439200000,0x0000700439204000] with protection modes 0
Event: 2.598 Protecting memory [0x0000700439100000,0x0000700439104000] with protection modes 0
Event: 2.598 Protecting memory [0x0000700439000000,0x0000700439004000] with protection modes 0
Event: 2.598 Protecting memory [0x0000700438f00000,0x0000700438f04000] with protection modes 0
Event: 2.645 Protecting memory [0x0000700438e00000,0x0000700438e04000] with protection modes 0
Event: 2.670 Protecting memory [0x0000700438d00000,0x0000700438d04000] with protection modes 0
Event: 2.670 Protecting memory [0x0000700438c00000,0x0000700438c04000] with protection modes 0
Event: 2.670 Protecting memory [0x0000700438b00000,0x0000700438b04000] with protection modes 0
Event: 2.671 Protecting memory [0x0000700438a00000,0x0000700438a04000] with protection modes 0
Event: 2.682 Protecting memory [0x0000700438900000,0x0000700438904000] with protection modes 0
Event: 2.696 Protecting memory [0x0000700438700000,0x0000700438704000] with protection modes 0
Event: 2.696 Protecting memory [0x0000700438800000,0x0000700438804000] with protection modes 0

Nmethod flushes (0 events):
No events

Events (20 events):
Event: 2.593 Thread 0x00007cb17002b240 Thread added: 0x00007cb1707e8770
Event: 2.593 Thread 0x00007cb17002b240 Thread added: 0x00007cb1707e9d50
Event: 2.593 Thread 0x00007cb17002b240 Thread added: 0x00007cb1707eb330
Event: 2.593 Thread 0x00007cb17002b240 Thread added: 0x00007cb1707ec7d0
Event: 2.593 Thread 0x00007cb17002b240 Thread added: 0x00007cb1707ee060
Event: 2.597 Thread 0x00007cb17002b240 Thread added: 0x00007cb1703e1c00
Event: 2.597 Thread 0x00007cb17002b240 Thread added: 0x00007cb1703e2ff0
Event: 2.597 Thread 0x00007cb17002b240 Thread added: 0x00007cb1707bd880
Event: 2.597 Thread 0x00007cb17002b240 Thread added: 0x00007cb1707be790
Event: 2.598 Thread 0x00007cb17002b240 Thread added: 0x00007cb1707bfbd0
Event: 2.598 Thread 0x00007cb17002b240 Thread added: 0x00007cb1707c11f0
Event: 2.598 Thread 0x00007cb17002b240 Thread added: 0x00007cb1707c2690
Event: 2.645 Thread 0x00007003b408d5a0 Thread added: 0x000070039c079640
Event: 2.670 Thread 0x00007003b40573c0 Thread added: 0x00007003ac10a7c0
Event: 2.670 Thread 0x00007003b408d5a0 Thread added: 0x000070039c08eea0
Event: 2.670 Thread 0x00007003b408d5a0 Thread added: 0x000070039c0e3860
Event: 2.671 Thread 0x00007003b40573c0 Thread added: 0x00007003ac10c090
Event: 2.682 Thread 0x00007cb1705574e0 Thread added: 0x00007003b418e160
Event: 2.693 Thread 0x00007cb1705574e0 Thread added: 0x00007003b4190920
Event: 2.693 Thread 0x00007cb1705574e0 Thread added: 0x00007003b4191ed0


Dynamic libraries:
40000000-40400000 rw-p 00000000 00:00 0                                  [anon:mmtk:space:immix]
40400000-40800000 rw-p 00000000 00:00 0                                  [anon:mmtk:space:los]
40800000-41400000 rw-p 00000000 00:00 0                                  [anon:mmtk:space:immix]
41400000-41800000 rw-p 00000000 00:00 0                                  [anon:mmtk:space:los]
41800000-41c00000 rw-p 00000000 00:00 0                                  [anon:mmtk:space:immix]
41c00000-42000000 rw-p 00000000 00:00 0                                  [anon:mmtk:space:los]
42000000-42400000 rw-p 00000000 00:00 0                                  [anon:mmtk:space:immix]
42400000-42800000 rw-p 00000000 00:00 0                                  [anon:mmtk:space:los]
42800000-43000000 rw-p 00000000 00:00 0                                  [anon:mmtk:space:immix]
43000000-43400000 rw-p 00000000 00:00 0                                  [anon:mmtk:space:los]
43400000-43800000 rw-p 00000000 00:00 0                                  [anon:mmtk:space:immix]
43800000-43c00000 rw-p 00000000 00:00 0                                  [anon:mmtk:space:los]
43c00000-44400000 rw-p 00000000 00:00 0                                  [anon:mmtk:space:immix]
44400000-44800000 rw-p 00000000 00:00 0                                  [anon:mmtk:space:los]
44800000-45000000 rw-p 00000000 00:00 0                                  [anon:mmtk:space:immix]
45000000-45400000 rw-p 00000000 00:00 0                                  [anon:mmtk:space:los]
45400000-45800000 rw-p 00000000 00:00 0                                  [anon:mmtk:space:immix]
45800000-45c00000 rw-p 00000000 00:00 0                                  [anon:mmtk:space:los]
45c00000-46400000 rw-p 00000000 00:00 0                                  [anon:mmtk:space:immix]
46400000-46800000 rw-p 00000000 00:00 0                                  [anon:mmtk:space:los]
46800000-46c00000 rw-p 00000000 00:00 0                                  [anon:mmtk:space:immix]
46c00000-47000000 rw-p 00000000 00:00 0                                  [anon:mmtk:space:los]
47000000-47400000 rw-p 00000000 00:00 0                                  [anon:mmtk:space:immix]
47400000-47800000 rw-p 00000000 00:00 0                                  [anon:mmtk:space:los]
47800000-48000000 rw-p 00000000 00:00 0                                  [anon:mmtk:space:immix]
48000000-48400000 rw-p 00000000 00:00 0                                  [anon:mmtk:space:los]
48400000-48c00000 rw-p 00000000 00:00 0                                  [anon:mmtk:space:immix]
48c00000-49000000 rw-p 00000000 00:00 0                                  [anon:mmtk:space:los]
49000000-49400000 rw-p 00000000 00:00 0                                  [anon:mmtk:space:immix]
49400000-49800000 rw-p 00000000 00:00 0                                  [anon:mmtk:space:los]
49800000-4a000000 rw-p 00000000 00:00 0                                  [anon:mmtk:space:immix]
4a000000-4a400000 rw-p 00000000 00:00 0                                  [anon:mmtk:space:los]
4a400000-4ac00000 rw-p 00000000 00:00 0                                  [anon:mmtk:space:immix]
4ac00000-4b000000 rw-p 00000000 00:00 0                                  [anon:mmtk:space:los]
4b000000-4b400000 rw-p 00000000 00:00 0                                  [anon:mmtk:space:immix]
4b400000-4b800000 rw-p 00000000 00:00 0                                  [anon:mmtk:space:los]
4b800000-4c000000 rw-p 00000000 00:00 0                                  [anon:mmtk:space:immix]
4c000000-4c400000 rw-p 00000000 00:00 0                                  [anon:mmtk:space:los]
4c400000-4c800000 rw-p 00000000 00:00 0                                  [anon:mmtk:space:immix]
4c800000-4cc00000 rw-p 00000000 00:00 0                                  [anon:mmtk:space:los]
4cc00000-4d400000 rw-p 00000000 00:00 0                                  [anon:mmtk:space:immix]
4d400000-4d800000 rw-p 00000000 00:00 0                                  [anon:mmtk:space:los]
4d800000-4dc00000 rw-p 00000000 00:00 0                                  [anon:mmtk:space:immix]
4dc00000-4e000000 rw-p 00000000 00:00 0                                  [anon:mmtk:space:los]
4e000000-4e800000 rw-p 00000000 00:00 0                                  [anon:mmtk:space:immix]
4e800000-4ec00000 rw-p 00000000 00:00 0                                  [anon:mmtk:space:los]
4ec00000-4f400000 rw-p 00000000 00:00 0                                  [anon:mmtk:space:immix]
4f400000-4f800000 rw-p 00000000 00:00 0                                  [anon:mmtk:space:los]
4f800000-4fc00000 rw-p 00000000 00:00 0                                  [anon:mmtk:space:immix]
4fc00000-50000000 rw-p 00000000 00:00 0                                  [anon:mmtk:space:los]
50000000-50400000 rw-p 00000000 00:00 0                                  [anon:mmtk:space:immix]
200000000000-2000c00c0000 rw-s 00000000 00:10 68                         anon_inode:bpf-map
6413d17d5000-6413d17d6000 r--p 00000000 fc:00 49676337                   /mydata/openjdk-mmtk/build/b0test/images/jdk/bin/java
6413d17d6000-6413d17d7000 r-xp 00001000 fc:00 49676337                   /mydata/openjdk-mmtk/build/b0test/images/jdk/bin/java
6413d17d7000-6413d17d8000 r--p 00002000 fc:00 49676337                   /mydata/openjdk-mmtk/build/b0test/images/jdk/bin/java
6413d17d8000-6413d17d9000 r--p 00002000 fc:00 49676337                   /mydata/openjdk-mmtk/build/b0test/images/jdk/bin/java
6413d17d9000-6413d17da000 rw-p 00003000 fc:00 49676337                   /mydata/openjdk-mmtk/build/b0test/images/jdk/bin/java
6413ebfa9000-6413ebff1000 rw-p 00000000 00:00 0                          [heap]
7002f0000000-7002f04c2000 rw-p 00000000 00:00 0 
7002f04c2000-7002f4000000 ---p 00000000 00:00 0 
7002f8000000-7002f8859000 rw-p 00000000 00:00 0 
7002f8859000-7002fc000000 ---p 00000000 00:00 0 
7002fc000000-7002fc769000 rw-p 00000000 00:00 0 
7002fc769000-700300000000 ---p 00000000 00:00 0 
700300000000-70030015f000 rw-p 00000000 00:00 0 
70030015f000-700304000000 ---p 00000000 00:00 0 
700304000000-70030473f000 rw-p 00000000 00:00 0 
70030473f000-700308000000 ---p 00000000 00:00 0 
700308000000-70030860e000 rw-p 00000000 00:00 0 
70030860e000-70030c000000 ---p 00000000 00:00 0 
70030c000000-70030c725000 rw-p 00000000 00:00 0 
70030c725000-700310000000 ---p 00000000 00:00 0 
700310000000-700310024000 rw-p 00000000 00:00 0 
700310024000-700314000000 ---p 00000000 00:00 0 
700314000000-700314718000 rw-p 00000000 00:00 0 
700314718000-700318000000 ---p 00000000 00:00 0 
700318000000-700318021000 rw-p 00000000 00:00 0 
700318021000-70031c000000 ---p 00000000 00:00 0 
70031c000000-70031c023000 rw-p 00000000 00:00 0 
70031c023000-700320000000 ---p 00000000 00:00 0 
700320000000-700320027000 rw-p 00000000 00:00 0 
700320027000-700324000000 ---p 00000000 00:00 0 
700324000000-700324047000 rw-p 00000000 00:00 0 
700324047000-700328000000 ---p 00000000 00:00 0 
700328000000-700328026000 rw-p 00000000 00:00 0 
700328026000-70032c000000 ---p 00000000 00:00 0 
70032c000000-70032c021000 rw-p 00000000 00:00 0 
70032c021000-700330000000 ---p 00000000 00:00 0 
700330000000-700330025000 rw-p 00000000 00:00 0 
700330025000-700334000000 ---p 00000000 00:00 0 
700334000000-700334032000 rw-p 00000000 00:00 0 
700334032000-700338000000 ---p 00000000 00:00 0 
700338000000-70033805c000 rw-p 00000000 00:00 0 
70033805c000-70033c000000 ---p 00000000 00:00 0 
70033c000000-70033c021000 rw-p 00000000 00:00 0 
70033c021000-700340000000 ---p 00000000 00:00 0 
700340000000-700340025000 rw-p 00000000 00:00 0 
700340025000-700344000000 ---p 00000000 00:00 0 
700344000000-700344021000 rw-p 00000000 00:00 0 
700344021000-700348000000 ---p 00000000 00:00 0 
700348000000-700348028000 rw-p 00000000 00:00 0 
700348028000-70034c000000 ---p 00000000 00:00 0 
70034c000000-70034c021000 rw-p 00000000 00:00 0 
70034c021000-700350000000 ---p 00000000 00:00 0 
700350000000-700350024000 rw-p 00000000 00:00 0 
700350024000-700354000000 ---p 00000000 00:00 0 
700354000000-700354021000 rw-p 00000000 00:00 0 
700354021000-700358000000 ---p 00000000 00:00 0 
700358000000-70035802a000 rw-p 00000000 00:00 0 
70035802a000-70035c000000 ---p 00000000 00:00 0 
70035c000000-70035c065000 rw-p 00000000 00:00 0 
70035c065000-700360000000 ---p 00000000 00:00 0 
700360000000-700360028000 rw-p 00000000 00:00 0 
700360028000-700364000000 ---p 00000000 00:00 0 
700364000000-70036402a000 rw-p 00000000 00:00 0 
70036402a000-700368000000 ---p 00000000 00:00 0 
700368000000-70036805b000 rw-p 00000000 00:00 0 
70036805b000-70036c000000 ---p 00000000 00:00 0 
70036c000000-70036c021000 rw-p 00000000 00:00 0 
70036c021000-700370000000 ---p 00000000 00:00 0 
700370000000-700370023000 rw-p 00000000 00:00 0 
700370023000-700374000000 ---p 00000000 00:00 0 
700374000000-700374021000 rw-p 00000000 00:00 0 
700374021000-700378000000 ---p 00000000 00:00 0 
700378000000-70037802d000 rw-p 00000000 00:00 0 
70037802d000-70037c000000 ---p 00000000 00:00 0 
70037c000000-70037c02d000 rw-p 00000000 00:00 0 
70037c02d000-700380000000 ---p 00000000 00:00 0 
700380000000-700380023000 rw-p 00000000 00:00 0 
700380023000-700384000000 ---p 00000000 00:00 0 
700384000000-700384022000 rw-p 00000000 00:00 0 
700384022000-700388000000 ---p 00000000 00:00 0 
700388000000-700388021000 rw-p 00000000 00:00 0 
700388021000-70038c000000 ---p 00000000 00:00 0 
70038c000000-70038c04a000 rw-p 00000000 00:00 0 
70038c04a000-700390000000 ---p 00000000 00:00 0 
700390000000-7003909a0000 rw-p 00000000 00:00 0 
7003909a0000-700394000000 ---p 00000000 00:00 0 
700394000000-700394021000 rw-p 00000000 00:00 0 
700394021000-700398000000 ---p 00000000 00:00 0 
700398000000-7003989f4000 rw-p 00000000 00:00 0 
7003989f4000-70039c000000 ---p 00000000 00:00 0 
70039c000000-70039c334000 rw-p 00000000 00:00 0 
70039c334000-7003a0000000 ---p 00000000 00:00 0 
7003a0000000-7003a0021000 rw-p 00000000 00:00 0 
7003a0021000-7003a4000000 ---p 00000000 00:00 0 
7003a4000000-7003a4021000 rw-p 00000000 00:00 0 
7003a4021000-7003a8000000 ---p 00000000 00:00 0 
7003a8000000-7003a837f000 rw-p 00000000 00:00 0 
7003a837f000-7003ac000000 ---p 00000000 00:00 0 
7003ac000000-7003ac2ae000 rw-p 00000000 00:00 0 
7003ac2ae000-7003b0000000 ---p 00000000 00:00 0 
7003b0000000-7003b09ea000 rw-p 00000000 00:00 0 
7003b09ea000-7003b4000000 ---p 00000000 00:00 0 
7003b4000000-7003b42ac000 rw-p 00000000 00:00 0 
7003b42ac000-7003b8000000 ---p 00000000 00:00 0 
7003b8000000-7003b8021000 rw-p 00000000 00:00 0 
7003b8021000-7003bc000000 ---p 00000000 00:00 0 
7003bc000000-7003bc021000 rw-p 00000000 00:00 0 
7003bc021000-7003c0000000 ---p 00000000 00:00 0 
7003c0000000-7003c002a000 rw-p 00000000 00:00 0 
7003c002a000-7003c4000000 ---p 00000000 00:00 0 
7003c4000000-7003c4021000 rw-p 00000000 00:00 0 
7003c4021000-7003c8000000 ---p 00000000 00:00 0 
7003c8000000-7003c8025000 rw-p 00000000 00:00 0 
7003c8025000-7003cc000000 ---p 00000000 00:00 0 
7003cc000000-7003cc023000 rw-p 00000000 00:00 0 
7003cc023000-7003d0000000 ---p 00000000 00:00 0 
7003d0000000-7003d002b000 rw-p 00000000 00:00 0 
7003d002b000-7003d4000000 ---p 00000000 00:00 0 
7003d4000000-7003d402c000 rw-p 00000000 00:00 0 
7003d402c000-7003d8000000 ---p 00000000 00:00 0 
7003d8000000-7003d8033000 rw-p 00000000 00:00 0 
7003d8033000-7003dc000000 ---p 00000000 00:00 0 
7003dc000000-7003dc104000 rw-p 00000000 00:00 0 
7003dc104000-7003e0000000 ---p 00000000 00:00 0 
7003e0000000-7003e0023000 rw-p 00000000 00:00 0 
7003e0023000-7003e4000000 ---p 00000000 00:00 0 
7003e4000000-7003e402b000 rw-p 00000000 00:00 0 
7003e402b000-7003e8000000 ---p 00000000 00:00 0 
7003e8000000-7003e8023000 rw-p 00000000 00:00 0 
7003e8023000-7003ec000000 ---p 00000000 00:00 0 
7003ec000000-7003ec042000 rw-p 00000000 00:00 0 
7003ec042000-7003f0000000 ---p 00000000 00:00 0 
7003f0000000-7003f0022000 rw-p 00000000 00:00 0 
7003f0022000-7003f4000000 ---p 00000000 00:00 0 
7003f4000000-7003f4021000 rw-p 00000000 00:00 0 
7003f4021000-7003f8000000 ---p 00000000 00:00 0 
7003f8000000-7003f8021000 rw-p 00000000 00:00 0 
7003f8021000-7003fc000000 ---p 00000000 00:00 0 
7003fc000000-7003fc03b000 rw-p 00000000 00:00 0 
7003fc03b000-700400000000 ---p 00000000 00:00 0 
700400000000-700400021000 rw-p 00000000 00:00 0 
700400021000-700404000000 ---p 00000000 00:00 0 
700404000000-70040402b000 rw-p 00000000 00:00 0 
70040402b000-700408000000 ---p 00000000 00:00 0 
700408000000-70040802a000 rw-p 00000000 00:00 0 
70040802a000-70040c000000 ---p 00000000 00:00 0 
70040c000000-70040c021000 rw-p 00000000 00:00 0 
70040c021000-700410000000 ---p 00000000 00:00 0 
700410000000-700410033000 rw-p 00000000 00:00 0 
700410033000-700414000000 ---p 00000000 00:00 0 
700414000000-700414032000 rw-p 00000000 00:00 0 
700414032000-700418000000 ---p 00000000 00:00 0 
700418000000-700418023000 rw-p 00000000 00:00 0 
700418023000-70041c000000 ---p 00000000 00:00 0 
70041c000000-70041c0d1000 rw-p 00000000 00:00 0 
70041c0d1000-700420000000 ---p 00000000 00:00 0 
700420000000-700420021000 rw-p 00000000 00:00 0 
700420021000-700424000000 ---p 00000000 00:00 0 
700424000000-700424021000 rw-p 00000000 00:00 0 
700424021000-700428000000 ---p 00000000 00:00 0 
700428000000-700428021000 rw-p 00000000 00:00 0 
700428021000-70042c000000 ---p 00000000 00:00 0 
70042c000000-70042c021000 rw-p 00000000 00:00 0 
70042c021000-700430000000 ---p 00000000 00:00 0 
700430000000-700430270000 rw-p 00000000 00:00 0 
700430270000-700430400000 ---p 00000000 00:00 0 
700430400000-7004308b0000 rw-p 00000000 00:00 0 
7004308b0000-700434000000 ---p 00000000 00:00 0 
700434000000-700434021000 rw-p 00000000 00:00 0 
700434021000-700438000000 ---p 00000000 00:00 0 
700438361000-700438700000 rw-p 00000000 00:00 0 
700438700000-700438704000 ---p 00000000 00:00 0 
700438704000-700438800000 rw-p 00000000 00:00 0 
700438800000-700438804000 ---p 00000000 00:00 0 
700438804000-700438900000 rw-p 00000000 00:00 0 
700438900000-700438904000 ---p 00000000 00:00 0 
700438904000-700438a00000 rw-p 00000000 00:00 0 
700438a00000-700438a04000 ---p 00000000 00:00 0 
700438a04000-700438b00000 rw-p 00000000 00:00 0 
700438b00000-700438b04000 ---p 00000000 00:00 0 
700438b04000-700438c00000 rw-p 00000000 00:00 0 
700438c00000-700438c04000 ---p 00000000 00:00 0 
700438c04000-700438d00000 rw-p 00000000 00:00 0 
700438d00000-700438d04000 ---p 00000000 00:00 0 
700438d04000-700438e00000 rw-p 00000000 00:00 0 
700438e00000-700438e04000 ---p 00000000 00:00 0 
700438e04000-700438f00000 rw-p 00000000 00:00 0 
700438f00000-700438f04000 ---p 00000000 00:00 0 
700438f04000-700439000000 rw-p 00000000 00:00 0 
700439000000-700439004000 ---p 00000000 00:00 0 
700439004000-700439100000 rw-p 00000000 00:00 0 
700439100000-700439104000 ---p 00000000 00:00 0 
700439104000-700439200000 rw-p 00000000 00:00 0 
700439200000-700439204000 ---p 00000000 00:00 0 
700439204000-700439300000 rw-p 00000000 00:00 0 
700439300000-700439304000 ---p 00000000 00:00 0 
700439304000-700439400000 rw-p 00000000 00:00 0 
700439400000-700439404000 ---p 00000000 00:00 0 
700439404000-700439500000 rw-p 00000000 00:00 0 
700439500000-700439504000 ---p 00000000 00:00 0 
700439504000-700439600000 rw-p 00000000 00:00 0 
700439600000-700439604000 ---p 00000000 00:00 0 
700439604000-700439700000 rw-p 00000000 00:00 0 
700439700000-700439704000 ---p 00000000 00:00 0 
700439704000-700439800000 rw-p 00000000 00:00 0 
700439800000-700439804000 ---p 00000000 00:00 0 
700439804000-700439900000 rw-p 00000000 00:00 0 
700439900000-700439904000 ---p 00000000 00:00 0 
700439904000-700439a00000 rw-p 00000000 00:00 0 
700439a00000-700439a04000 ---p 00000000 00:00 0 
700439a04000-700439b00000 rw-p 00000000 00:00 0 
700439b00000-700439b04000 ---p 00000000 00:00 0 
700439b04000-700439c00000 rw-p 00000000 00:00 0 
700439c00000-700439c04000 ---p 00000000 00:00 0 
700439c04000-700439d00000 rw-p 00000000 00:00 0 
700439d00000-700439d04000 ---p 00000000 00:00 0 
700439d04000-700439e00000 rw-p 00000000 00:00 0 
700439e00000-700439e04000 ---p 00000000 00:00 0 
700439e04000-700439f00000 rw-p 00000000 00:00 0 
700439f00000-700439f04000 ---p 00000000 00:00 0 
700439f04000-70043a000000 rw-p 00000000 00:00 0 
70043a000000-70043a004000 ---p 00000000 00:00 0 
70043a004000-70043a100000 rw-p 00000000 00:00 0 
70043a100000-70043a104000 ---p 00000000 00:00 0 
70043a104000-70043a200000 rw-p 00000000 00:00 0 
70043a200000-70043a204000 ---p 00000000 00:00 0 
70043a204000-70043a300000 rw-p 00000000 00:00 0 
70043a300000-70043a304000 ---p 00000000 00:00 0 
70043a304000-70043a400000 rw-p 00000000 00:00 0 
70043a400000-70043a404000 ---p 00000000 00:00 0 
70043a404000-70043a500000 rw-p 00000000 00:00 0 
70043a500000-70043a504000 ---p 00000000 00:00 0 
70043a504000-70043a600000 rw-p 00000000 00:00 0 
70043a600000-70043a604000 ---p 00000000 00:00 0 
70043a604000-70043a700000 rw-p 00000000 00:00 0 
70043a700000-70043a704000 ---p 00000000 00:00 0 
70043a704000-70043a800000 rw-p 00000000 00:00 0 
70043a800000-70043a804000 ---p 00000000 00:00 0 
70043a804000-70043a900000 rw-p 00000000 00:00 0 
70043a900000-70043a904000 ---p 00000000 00:00 0 
70043a904000-70043aa00000 rw-p 00000000 00:00 0 
70043aa00000-70043aa04000 ---p 00000000 00:00 0 
70043aa04000-70043ab00000 rw-p 00000000 00:00 0 
70043ab00000-70043ab04000 ---p 00000000 00:00 0 
70043ab04000-70043ac00000 rw-p 00000000 00:00 0 
70043ac00000-70043ac04000 ---p 00000000 00:00 0 
70043ac04000-70043ad00000 rw-p 00000000 00:00 0 
70043ad00000-70043ad04000 ---p 00000000 00:00 0 
70043ad04000-70043ae00000 rw-p 00000000 00:00 0 
70043ae00000-70043ae04000 ---p 00000000 00:00 0 
70043ae04000-70043af00000 rw-p 00000000 00:00 0 
70043af00000-70043af04000 ---p 00000000 00:00 0 
70043af04000-70043b000000 rw-p 00000000 00:00 0 
70043b000000-70043bca3000 rw-p 00001000 fc:00 49677042                   /mydata/openjdk-mmtk/build/b0test/images/jdk/lib/server/classes.jsa
70043bca3000-70043c000000 ---p 00000000 00:00 0 
70043c000000-70043c040000 rw-p 00000000 00:00 0 
70043c040000-70043c110000 rw-p 00000000 00:00 0 
70043c110000-70047c000000 ---p 00000000 00:00 0 
70047c000000-70047c021000 rw-p 00000000 00:00 0 
70047c021000-700480000000 ---p 00000000 00:00 0 
7004800fa000-7004800fe000 ---p 00000000 00:00 0 
7004800fe000-7004801fa000 rw-p 00000000 00:00 0 
7004801fa000-7004801fe000 ---p 00000000 00:00 0 
7004801fe000-7004802fa000 rw-p 00000000 00:00 0 
7004802fa000-7004802fe000 ---p 00000000 00:00 0 
7004802fe000-7004803fa000 rw-p 00000000 00:00 0 
7004803fa000-7004803fe000 ---p 00000000 00:00 0 
7004803fe000-7004804fa000 rw-p 00000000 00:00 0 
7004804fa000-7004804fe000 ---p 00000000 00:00 0 
7004804fe000-7004805fa000 rw-p 00000000 00:00 0 
7004805fa000-7004805fe000 ---p 00000000 00:00 0 
7004805fe000-7004806fa000 rw-p 00000000 00:00 0 
7004806fa000-7004806fe000 ---p 00000000 00:00 0 
7004806fe000-7004807fa000 rw-p 00000000 00:00 0 
7004807fa000-7004807fe000 ---p 00000000 00:00 0 
7004807fe000-7004808fa000 rw-p 00000000 00:00 0 
7004808fa000-7004808fe000 ---p 00000000 00:00 0 
7004808fe000-7004809fa000 rw-p 00000000 00:00 0 
7004809fa000-7004809fe000 ---p 00000000 00:00 0 
7004809fe000-700480afa000 rw-p 00000000 00:00 0 
700480afa000-700480afe000 ---p 00000000 00:00 0 
700480afe000-700480bfa000 rw-p 00000000 00:00 0 
700480bfa000-700480bfb000 ---p 00000000 00:00 0 
700480bfb000-700480cfb000 rw-p 00000000 00:00 0 
700480cfb000-700480cfc000 ---p 00000000 00:00 0 
700480cfc000-700480dfc000 rw-p 00000000 00:00 0 
700480dfc000-700480dfd000 ---p 00000000 00:00 0 
700480dfd000-700480efd000 rw-p 00000000 00:00 0 
700480efd000-700480efe000 ---p 00000000 00:00 0 
700480efe000-700480ffe000 rw-p 00000000 00:00 0 
700480ffe000-700480fff000 ---p 00000000 00:00 0 
700480fff000-7004810ff000 rw-p 00000000 00:00 0 
7004810ff000-700481100000 ---p 00000000 00:00 0 
700481100000-700481200000 rw-p 00000000 00:00 0 
700481200000-700484200000 rw-p 00000000 00:00 0 
7004842fb000-7004842fc000 ---p 00000000 00:00 0 
7004842fc000-7004843fc000 rw-p 00000000 00:00 0 
7004843fc000-7004b4400000 rw-p 00000000 00:00 0 
7004b4400000-7004b5400000 ---p 00000000 00:00 0                          [anon:mmtk:sidemeta:all:all-quarantined]
7004b5400000-7004b5c00000 rw-p 00000000 00:00 0                          [anon:mmtk:sidemeta:immix:VO_BIT]
7004b5c00000-7204b6400000 ---p 00000000 00:00 0                          [anon:mmtk:sidemeta:all:all-quarantined]
7204b6400000-7204b6800000 rw-p 00000000 00:00 0                          [anon:mmtk:sidemeta:immix:CHUNK_MARK]
7204b6800000-7204b9400000 ---p 00000000 00:00 0                          [anon:mmtk:sidemeta:all:all-quarantined]
7204b9400000-7204b9c00000 rw-p 00000000 00:00 0                          [anon:mmtk:sidemeta:immix:VMGlobalLogBitSpec]
7204b9c00000-740cb8800000 ---p 00000000 00:00 0                          [anon:mmtk:sidemeta:all:all-quarantined]
740cb8800000-740cb8c00000 rw-p 00000000 00:00 0                          [anon:mmtk:sidemeta:immix:IX_LINE_MARK]
740cb8c00000-748cb8400000 ---p 00000000 00:00 0                          [anon:mmtk:sidemeta:all:all-quarantined]
748cb8400000-748cb8800000 rw-p 00000000 00:00 0                          [anon:mmtk:sidemeta:immix:IX_BLOCK_DEFRAG]
748cb8800000-748db8400000 ---p 00000000 00:00 0                          [anon:mmtk:sidemeta:all:all-quarantined]
748db8400000-748db8800000 rw-p 00000000 00:00 0                          [anon:mmtk:sidemeta:immix:IX_BLOCK_MARK]
748db8800000-7aaf38400000 ---p 00000000 00:00 0                          [anon:mmtk:sidemeta:all:all-quarantined]
7aaf38400000-7aaf38800000 rw-p 00000000 00:00 0                          [anon:mmtk:sidemeta:los:VMLocalLOSMarkNurserySpec]
7aaf38800000-7ab139400000 ---p 00000000 00:00 0                          [anon:mmtk:sidemeta:all:all-quarantined]
7ab139400000-7ab139c00000 rw-p 00000000 00:00 0                          [anon:mmtk:sidemeta:immix:VMLocalMarkBitSpec]
7ab139c00000-7cb138400000 ---p 00000000 00:00 0                          [anon:mmtk:sidemeta:all:all-quarantined]
7cb1384fc000-7cb1384fd000 ---p 00000000 00:00 0 
7cb1384fd000-7cb1385fd000 rw-p 00000000 00:00 0 
7cb1385fd000-7cb1385fe000 ---p 00000000 00:00 0 
7cb1385fe000-7cb1386fe000 rw-p 00000000 00:00 0 
7cb1386fe000-7cb1386ff000 ---p 00000000 00:00 0 
7cb1386ff000-7cb1387ff000 rw-p 00000000 00:00 0 
7cb1387ff000-7cb158800000 rw-p 00000000 00:00 0 
7cb158800000-7cb158e20000 rwxp 00000000 00:00 0 
7cb158e20000-7cb15fc17000 ---p 00000000 00:00 0 
7cb15fc17000-7cb15ffb7000 rwxp 00000000 00:00 0 
7cb15ffb7000-7cb1603e8000 ---p 00000000 00:00 0 
7cb1603e8000-7cb160658000 rwxp 00000000 00:00 0 
7cb160658000-7cb167800000 ---p 00000000 00:00 0 
7cb167800000-7cb16ffa0000 r--s 00000000 fc:00 49676297                   /mydata/openjdk-mmtk/build/b0test/images/jdk/lib/modules
7cb170000000-7cb1707f2000 rw-p 00000000 00:00 0 
7cb1707f2000-7cb174000000 ---p 00000000 00:00 0 
7cb174022000-7cb174027000 r--p 00000000 fc:00 49676417                   /mydata/openjdk-mmtk/build/b0test/images/jdk/lib/libjsvml.so
7cb174027000-7cb174068000 r-xp 00005000 fc:00 49676417                   /mydata/openjdk-mmtk/build/b0test/images/jdk/lib/libjsvml.so
7cb174068000-7cb1740f1000 r--p 00046000 fc:00 49676417                   /mydata/openjdk-mmtk/build/b0test/images/jdk/lib/libjsvml.so
7cb1740f1000-7cb1740f2000 r--p 000ce000 fc:00 49676417                   /mydata/openjdk-mmtk/build/b0test/images/jdk/lib/libjsvml.so
7cb1740f2000-7cb1740f3000 rw-p 000cf000 fc:00 49676417                   /mydata/openjdk-mmtk/build/b0test/images/jdk/lib/libjsvml.so
7cb1740f3000-7cb1740f4000 ---p 00000000 00:00 0 
7cb1740f4000-7cb1741f4000 rw-p 00000000 00:00 0 
7cb1741f4000-7cb1741f5000 ---p 00000000 00:00 0 
7cb1741f5000-7cb1742f5000 rw-p 00000000 00:00 0 
7cb1742f5000-7cb1742f6000 ---p 00000000 00:00 0 
7cb1742f6000-7cb1743f6000 rw-p 00000000 00:00 0 
7cb1743f6000-7cb1743f7000 ---p 00000000 00:00 0 
7cb1743f7000-7cb1744f7000 rw-p 00000000 00:00 0 
7cb1744f7000-7cb1744f8000 ---p 00000000 00:00 0 
7cb1744f8000-7cb1745f8000 rw-p 00000000 00:00 0 
7cb1745f8000-7cb1745f9000 ---p 00000000 00:00 0 
7cb1745f9000-7cb1746f9000 rw-p 00000000 00:00 0 
7cb1746f9000-7cb1746fa000 ---p 00000000 00:00 0 
7cb1746fa000-7cb1747fa000 rw-p 00000000 00:00 0 
7cb1747fa000-7cb1747fb000 ---p 00000000 00:00 0 
7cb1747fb000-7cb1748fb000 rw-p 00000000 00:00 0 
7cb1748fb000-7cb1748fc000 ---p 00000000 00:00 0 
7cb1748fc000-7cb1749fc000 rw-p 00000000 00:00 0 
7cb1749fc000-7cb1749fd000 ---p 00000000 00:00 0 
7cb1749fd000-7cb174afd000 rw-p 00000000 00:00 0 
7cb174afd000-7cb174afe000 ---p 00000000 00:00 0 
7cb174afe000-7cb174bfe000 rw-p 00000000 00:00 0 
7cb174bfe000-7cb174bff000 ---p 00000000 00:00 0 
7cb174bff000-7cb174cff000 rw-p 00000000 00:00 0 
7cb174cff000-7cb174d00000 ---p 00000000 00:00 0 
7cb174d00000-7cb174e00000 rw-p 00000000 00:00 0 
7cb174e00000-7cb174e04000 ---p 00000000 00:00 0 
7cb174e04000-7cb174f00000 rw-p 00000000 00:00 0 
7cb174f00000-7cb174f04000 ---p 00000000 00:00 0 
7cb174f04000-7cb175000000 rw-p 00000000 00:00 0 
7cb175000000-7cb1752eb000 r--p 00000000 08:03 1410552                    /usr/lib/locale/locale-archive
7cb1752fc000-7cb175300000 ---p 00000000 00:00 0 
7cb175300000-7cb1753fc000 rw-p 00000000 00:00 0 
7cb1753fc000-7cb1753fd000 ---p 00000000 00:00 0 
7cb1753fd000-7cb1754fd000 rw-p 00000000 00:00 0 
7cb1754fd000-7cb1754fe000 ---p 00000000 00:00 0 
7cb1754fe000-7cb1755fe000 rw-p 00000000 00:00 0 
7cb1755fe000-7cb175bff000 rw-p 00000000 00:00 0 
7cb175bff000-7cb175c00000 ---p 00000000 00:00 0 
7cb175c00000-7cb175e00000 rw-p 00000000 00:00 0 
7cb175e00000-7cb175e0c000 r--p 00000000 fc:00 13107796                   /mydata/gc-bpf-fault/shim/libgcbpf.so
7cb175e0c000-7cb175e6e000 r-xp 0000c000 fc:00 13107796                   /mydata/gc-bpf-fault/shim/libgcbpf.so
7cb175e6e000-7cb1760de000 r--p 0006e000 fc:00 13107796                   /mydata/gc-bpf-fault/shim/libgcbpf.so
7cb1760de000-7cb1760e0000 r--p 002de000 fc:00 13107796                   /mydata/gc-bpf-fault/shim/libgcbpf.so
7cb1760e0000-7cb1760e1000 rw-p 002e0000 fc:00 13107796                   /mydata/gc-bpf-fault/shim/libgcbpf.so
7cb1760e1000-7cb1760e2000 rw-p 00000000 00:00 0 
7cb176174000-7cb176178000 r--p 00000000 08:03 1410107                    /usr/lib/x86_64-linux-gnu/libzstd.so.1.5.5
7cb176178000-7cb17621f000 r-xp 00004000 08:03 1410107                    /usr/lib/x86_64-linux-gnu/libzstd.so.1.5.5
7cb17621f000-7cb17622c000 r--p 000ab000 08:03 1410107                    /usr/lib/x86_64-linux-gnu/libzstd.so.1.5.5
7cb17622c000-7cb17622d000 r--p 000b7000 08:03 1410107                    /usr/lib/x86_64-linux-gnu/libzstd.so.1.5.5
7cb17622d000-7cb17622e000 rw-p 000b8000 08:03 1410107                    /usr/lib/x86_64-linux-gnu/libzstd.so.1.5.5
7cb17622e000-7cb176233000 rw-p 00000000 00:00 0 
7cb176233000-7cb176317000 ---p 00000000 00:00 0 
7cb176317000-7cb176324000 rw-p 00000000 00:00 0 
7cb176324000-7cb176400000 ---p 00000000 00:00 0 
7cb176400000-7cb176548000 r--p 00000000 fc:00 49676374                   /mydata/openjdk-mmtk/build/b0test/images/jdk/lib/server/libmmtk_openjdk.so
7cb176548000-7cb1767c7000 r-xp 00147000 fc:00 49676374                   /mydata/openjdk-mmtk/build/b0test/images/jdk/lib/server/libmmtk_openjdk.so
7cb1767c7000-7cb176808000 r--p 003c5000 fc:00 49676374                   /mydata/openjdk-mmtk/build/b0test/images/jdk/lib/server/libmmtk_openjdk.so
7cb176808000-7cb17680a000 rw-p 00405000 fc:00 49676374                   /mydata/openjdk-mmtk/build/b0test/images/jdk/lib/server/libmmtk_openjdk.so
7cb17680a000-7cb17680d000 rw-p 00000000 00:00 0 
7cb176817000-7cb17681b000 ---p 00000000 00:00 0 
7cb17681b000-7cb176917000 rw-p 00000000 00:00 0 
7cb176917000-7cb176927000 r--p 00000000 08:03 1411099                    /usr/lib/x86_64-linux-gnu/libm.so.6
7cb176927000-7cb1769a6000 r-xp 00010000 08:03 1411099                    /usr/lib/x86_64-linux-gnu/libm.so.6
7cb1769a6000-7cb1769fe000 r--p 0008f000 08:03 1411099                    /usr/lib/x86_64-linux-gnu/libm.so.6
7cb1769fe000-7cb1769ff000 r--p 000e7000 08:03 1411099                    /usr/lib/x86_64-linux-gnu/libm.so.6
7cb1769ff000-7cb176a00000 rw-p 000e8000 08:03 1411099                    /usr/lib/x86_64-linux-gnu/libm.so.6
7cb176a00000-7cb176ca9000 r--p 00000000 fc:00 49676373                   /mydata/openjdk-mmtk/build/b0test/images/jdk/lib/server/libjvm.so
7cb176ca9000-7cb177b3c000 r-xp 002a9000 fc:00 49676373                   /mydata/openjdk-mmtk/build/b0test/images/jdk/lib/server/libjvm.so
7cb177b3c000-7cb177e20000 r--p 0113c000 fc:00 49676373                   /mydata/openjdk-mmtk/build/b0test/images/jdk/lib/server/libjvm.so
7cb177e20000-7cb177ef6000 r--p 0141f000 fc:00 49676373                   /mydata/openjdk-mmtk/build/b0test/images/jdk/lib/server/libjvm.so
7cb177ef6000-7cb177f26000 rw-p 014f5000 fc:00 49676373                   /mydata/openjdk-mmtk/build/b0test/images/jdk/lib/server/libjvm.so
7cb177f26000-7cb177f8c000 rw-p 00000000 00:00 0 
7cb177fa9000-7cb177fb0000 r--s 00000000 08:03 1436340                    /usr/lib/x86_64-linux-gnu/gconv/gconv-modules.cache
7cb177fb0000-7cb177fb4000 r--p 00000000 fc:00 49676364                   /mydata/openjdk-mmtk/build/b0test/images/jdk/lib/libverify.so
7cb177fb4000-7cb177fbb000 r-xp 00004000 fc:00 49676364                   /mydata/openjdk-mmtk/build/b0test/images/jdk/lib/libverify.so
7cb177fbb000-7cb177fbd000 r--p 0000b000 fc:00 49676364                   /mydata/openjdk-mmtk/build/b0test/images/jdk/lib/libverify.so
7cb177fbd000-7cb177fbf000 r--p 0000c000 fc:00 49676364                   /mydata/openjdk-mmtk/build/b0test/images/jdk/lib/libverify.so
7cb177fbf000-7cb177fc0000 rw-p 0000e000 fc:00 49676364                   /mydata/openjdk-mmtk/build/b0test/images/jdk/lib/libverify.so
7cb177fc0000-7cb177fc2000 r--p 00000000 fc:00 49676365                   /mydata/openjdk-mmtk/build/b0test/images/jdk/lib/libzip.so
7cb177fc2000-7cb177fc7000 r-xp 00002000 fc:00 49676365                   /mydata/openjdk-mmtk/build/b0test/images/jdk/lib/libzip.so
7cb177fc7000-7cb177fc9000 r--p 00007000 fc:00 49676365                   /mydata/openjdk-mmtk/build/b0test/images/jdk/lib/libzip.so
7cb177fc9000-7cb177fca000 r--p 00008000 fc:00 49676365                   /mydata/openjdk-mmtk/build/b0test/images/jdk/lib/libzip.so
7cb177fca000-7cb177fcb000 rw-p 00009000 fc:00 49676365                   /mydata/openjdk-mmtk/build/b0test/images/jdk/lib/libzip.so
7cb177fcb000-7cb177fd2000 r--p 00000000 fc:00 49676362                   /mydata/openjdk-mmtk/build/b0test/images/jdk/lib/libnio.so
7cb177fd2000-7cb177fdb000 r-xp 00007000 fc:00 49676362                   /mydata/openjdk-mmtk/build/b0test/images/jdk/lib/libnio.so
7cb177fdb000-7cb177fdf000 r--p 00010000 fc:00 49676362                   /mydata/openjdk-mmtk/build/b0test/images/jdk/lib/libnio.so
7cb177fdf000-7cb177fe0000 r--p 00014000 fc:00 49676362                   /mydata/openjdk-mmtk/build/b0test/images/jdk/lib/libnio.so
7cb177fe0000-7cb177fe1000 rw-p 00015000 fc:00 49676362                   /mydata/openjdk-mmtk/build/b0test/images/jdk/lib/libnio.so
7cb177fe1000-7cb177fe4000 r--p 00000000 08:03 1410420                    /usr/lib/x86_64-linux-gnu/libelf-0.190.so
7cb177fe4000-7cb177ffa000 r-xp 00003000 08:03 1410420                    /usr/lib/x86_64-linux-gnu/libelf-0.190.so
7cb177ffa000-7cb177ffe000 r--p 00019000 08:03 1410420                    /usr/lib/x86_64-linux-gnu/libelf-0.190.so
7cb177ffe000-7cb177fff000 r--p 0001c000 08:03 1410420                    /usr/lib/x86_64-linux-gnu/libelf-0.190.so
7cb177fff000-7cb178000000 rw-p 0001d000 08:03 1410420                    /usr/lib/x86_64-linux-gnu/libelf-0.190.so
7cb178000000-7cb178028000 r--p 00000000 08:03 1410238                    /usr/lib/x86_64-linux-gnu/libc.so.6
7cb178028000-7cb1781b0000 r-xp 00028000 08:03 1410238                    /usr/lib/x86_64-linux-gnu/libc.so.6
7cb1781b0000-7cb1781ff000 r--p 001b0000 08:03 1410238                    /usr/lib/x86_64-linux-gnu/libc.so.6
7cb1781ff000-7cb178203000 r--p 001fe000 08:03 1410238                    /usr/lib/x86_64-linux-gnu/libc.so.6
7cb178203000-7cb178205000 rw-p 00202000 08:03 1410238                    /usr/lib/x86_64-linux-gnu/libc.so.6
7cb178205000-7cb178212000 rw-p 00000000 00:00 0 
7cb178215000-7cb178218000 r--p 00000000 fc:00 49676361                   /mydata/openjdk-mmtk/build/b0test/images/jdk/lib/libnet.so
7cb178218000-7cb178220000 r-xp 00003000 fc:00 49676361                   /mydata/openjdk-mmtk/build/b0test/images/jdk/lib/libnet.so
7cb178220000-7cb178222000 r--p 0000b000 fc:00 49676361                   /mydata/openjdk-mmtk/build/b0test/images/jdk/lib/libnet.so
7cb178222000-7cb178223000 r--p 0000c000 fc:00 49676361                   /mydata/openjdk-mmtk/build/b0test/images/jdk/lib/libnet.so
7cb178223000-7cb178224000 rw-p 0000d000 fc:00 49676361                   /mydata/openjdk-mmtk/build/b0test/images/jdk/lib/libnet.so
7cb178224000-7cb17822c000 rw-p 00000000 00:00 0 
7cb17822c000-7cb178234000 ---p 00000000 00:00 0 
7cb178234000-7cb178241000 r--p 00000000 fc:00 49676354                   /mydata/openjdk-mmtk/build/b0test/images/jdk/lib/libjava.so
7cb178241000-7cb178250000 r-xp 0000d000 fc:00 49676354                   /mydata/openjdk-mmtk/build/b0test/images/jdk/lib/libjava.so
7cb178250000-7cb178255000 r--p 0001c000 fc:00 49676354                   /mydata/openjdk-mmtk/build/b0test/images/jdk/lib/libjava.so
7cb178255000-7cb178256000 r--p 00021000 fc:00 49676354                   /mydata/openjdk-mmtk/build/b0test/images/jdk/lib/libjava.so
7cb178256000-7cb178257000 rw-p 00022000 fc:00 49676354                   /mydata/openjdk-mmtk/build/b0test/images/jdk/lib/libjava.so
7cb178257000-7cb178258000 rw-p 00000000 00:00 0 
7cb178258000-7cb178260000 rw-s 00000000 08:03 237599                     /tmp/hsperfdata_root/367740
7cb178260000-7cb178264000 r--p 00000000 fc:00 49676355                   /mydata/openjdk-mmtk/build/b0test/images/jdk/lib/libjimage.so
7cb178264000-7cb17827b000 r-xp 00004000 fc:00 49676355                   /mydata/openjdk-mmtk/build/b0test/images/jdk/lib/libjimage.so
7cb17827b000-7cb178280000 r--p 0001b000 fc:00 49676355                   /mydata/openjdk-mmtk/build/b0test/images/jdk/lib/libjimage.so
7cb178280000-7cb178282000 r--p 00020000 fc:00 49676355                   /mydata/openjdk-mmtk/build/b0test/images/jdk/lib/libjimage.so
7cb178282000-7cb178283000 rw-p 00022000 fc:00 49676355                   /mydata/openjdk-mmtk/build/b0test/images/jdk/lib/libjimage.so
7cb178283000-7cb178287000 r--p 00000000 08:03 1410148                    /usr/lib/x86_64-linux-gnu/libgcc_s.so.1
7cb178287000-7cb1782ab000 r-xp 00004000 08:03 1410148                    /usr/lib/x86_64-linux-gnu/libgcc_s.so.1
7cb1782ab000-7cb1782af000 r--p 00028000 08:03 1410148                    /usr/lib/x86_64-linux-gnu/libgcc_s.so.1
7cb1782af000-7cb1782b0000 r--p 0002b000 08:03 1410148                    /usr/lib/x86_64-linux-gnu/libgcc_s.so.1
7cb1782b0000-7cb1782b1000 rw-p 0002c000 08:03 1410148                    /usr/lib/x86_64-linux-gnu/libgcc_s.so.1
7cb1782b1000-7cb1782b3000 rw-p 00000000 00:00 0 
7cb1782b3000-7cb1782b5000 r--p 00000000 08:03 1409104                    /usr/lib/x86_64-linux-gnu/libz.so.1.3
7cb1782b5000-7cb1782c7000 r-xp 00002000 08:03 1409104                    /usr/lib/x86_64-linux-gnu/libz.so.1.3
7cb1782c7000-7cb1782cd000 r--p 00014000 08:03 1409104                    /usr/lib/x86_64-linux-gnu/libz.so.1.3
7cb1782cd000-7cb1782ce000 r--p 0001a000 08:03 1409104                    /usr/lib/x86_64-linux-gnu/libz.so.1.3
7cb1782ce000-7cb1782cf000 rw-p 0001b000 08:03 1409104                    /usr/lib/x86_64-linux-gnu/libz.so.1.3
7cb1782d4000-7cb1782d5000 rw-s 00000000 00:10 68                         anon_inode:bpf-map
7cb1782d5000-7cb1782d6000 r--s 00000000 00:10 68                         anon_inode:bpf-map
7cb1782d6000-7cb1782d7000 ---p 00000000 00:00 0 
7cb1782d7000-7cb1782d8000 r--p 00000000 00:00 0 
7cb1782d8000-7cb1782d9000 ---p 00000000 00:00 0 
7cb1782d9000-7cb1782db000 r--p 00000000 fc:00 49676357                   /mydata/openjdk-mmtk/build/b0test/images/jdk/lib/libjli.so
7cb1782db000-7cb1782e5000 r-xp 00002000 fc:00 49676357                   /mydata/openjdk-mmtk/build/b0test/images/jdk/lib/libjli.so
7cb1782e5000-7cb1782e8000 r--p 0000c000 fc:00 49676357                   /mydata/openjdk-mmtk/build/b0test/images/jdk/lib/libjli.so
7cb1782e8000-7cb1782e9000 r--p 0000f000 fc:00 49676357                   /mydata/openjdk-mmtk/build/b0test/images/jdk/lib/libjli.so
7cb1782e9000-7cb1782ea000 rw-p 00010000 fc:00 49676357                   /mydata/openjdk-mmtk/build/b0test/images/jdk/lib/libjli.so
7cb1782ea000-7cb1782ec000 rw-p 00000000 00:00 0 
7cb1782ec000-7cb1782f0000 r--p 00000000 00:00 0                          [vvar]
7cb1782f0000-7cb1782f2000 r--p 00000000 00:00 0                          [vvar_vclock]
7cb1782f2000-7cb1782f4000 r-xp 00000000 00:00 0                          [vdso]
7cb1782f4000-7cb1782f5000 r--p 00000000 08:03 1409763                    /usr/lib/x86_64-linux-gnu/ld-linux-x86-64.so.2
7cb1782f5000-7cb178320000 r-xp 00001000 08:03 1409763                    /usr/lib/x86_64-linux-gnu/ld-linux-x86-64.so.2
7cb178320000-7cb17832a000 r--p 0002c000 08:03 1409763                    /usr/lib/x86_64-linux-gnu/ld-linux-x86-64.so.2
7cb17832a000-7cb17832c000 r--p 00036000 08:03 1409763                    /usr/lib/x86_64-linux-gnu/ld-linux-x86-64.so.2
7cb17832c000-7cb17832e000 rw-p 00038000 08:03 1409763                    /usr/lib/x86_64-linux-gnu/ld-linux-x86-64.so.2
7ffce73c7000-7ffce73e8000 rw-p 00000000 00:00 0                          [stack]
ffffffffff600000-ffffffffff601000 --xp 00000000 00:00 0                  [vsyscall]
Total number of mappings: 539

JVMTI agents: none


VM Arguments:
jvm_args: -XX:+UseThirdPartyHeap -Xms512m -Xmx512m 
java_command: /mydata/dacapo/dacapo-23.11/dacapo-23.11-MR2-chopin.jar xalan -n 3
java_class_path (initial): /mydata/dacapo/dacapo-23.11/dacapo-23.11-MR2-chopin.jar
Launcher Type: SUN_STANDARD

[Global flags]
     intx CICompilerCount                          = 15                                        {product} {ergonomic}
   size_t InitialHeapSize                          = 536870912                                 {product} {command line}
   size_t MaxHeapSize                              = 536870912                                 {product} {command line}
   size_t MinHeapDeltaBytes                        = 524288                                    {product} {ergonomic}
   size_t MinHeapSize                              = 536870912                                 {product} {command line}
    uintx NonNMethodCodeHeapSize                   = 8192380                                {pd product} {ergonomic}
    uintx NonProfiledCodeHeapSize                  = 121732930                              {pd product} {ergonomic}
    uintx ProfiledCodeHeapSize                     = 121732930                              {pd product} {ergonomic}
    uintx ReservedCodeCacheSize                    = 251658240                              {pd product} {ergonomic}
     bool SegmentedCodeCache                       = true                                      {product} {ergonomic}
   size_t SoftMaxHeapSize                          = 536870912                              {manageable} {ergonomic}
     bool UseCompressedOops                        = true                           {product lp64_product} {ergonomic}

Logging:
Log output configuration:
 #0: stdout all=warning uptime,level,tags foldmultilines=false
 #1: stderr all=off uptime,level,tags foldmultilines=false

Release file:
IMPLEMENTOR="N/A"
JAVA_RUNTIME_VERSION="21.0.9-internal-adhoc.talzuss.openjdk-mmtk"
JAVA_VERSION="21.0.9"
JAVA_VERSION_DATE="2025-10-21"
LIBC="gnu"
MODULES="java.base java.compiler java.datatransfer java.xml java.prefs java.desktop java.instrument java.logging java.management java.security.sasl java.naming java.rmi java.management.rmi java.net.http java.scripting java.security.jgss java.transaction.xa java.sql java.sql.rowset java.xml.crypto java.se java.smartcardio jdk.accessibility jdk.internal.jvmstat jdk.attach jdk.charsets jdk.internal.opt jdk.zipfs jdk.compiler jdk.crypto.ec jdk.crypto.cryptoki jdk.dynalink jdk.internal.ed jdk.editpad jdk.hotspot.agent jdk.httpserver jdk.incubator.vector jdk.internal.le jdk.internal.vm.ci jdk.internal.vm.compiler jdk.internal.vm.compiler.management jdk.jartool jdk.javadoc jdk.jcmd jdk.management jdk.management.agent jdk.jconsole jdk.jdeps jdk.jdwp.agent jdk.jdi jdk.jfr jdk.jlink jdk.jpackage jdk.jshell jdk.jsobject jdk.jstatd jdk.localedata jdk.management.jfr jdk.naming.dns jdk.naming.rmi jdk.net jdk.nio.mapmode jdk.random jdk.sctp jdk.security.auth jdk.security.jgss jdk.unsupported jdk.unsupported.desktop jdk.xml.dom"
OS_ARCH="x86_64"
OS_NAME="Linux"
SOURCE=".:git:b557520f04b3+"

Environment Variables:
PATH=/usr/local/sbin:/usr/local/bin:/usr/sbin:/usr/bin:/sbin:/bin:/snap/bin
SHELL=/bin/bash
LANG=en_US.UTF-8
TERM=tmux-256color

Active Locale:
LC_ALL=en_US.UTF-8
LC_COLLATE=en_US.UTF-8
LC_CTYPE=en_US.UTF-8
LC_MESSAGES=en_US.UTF-8
LC_MONETARY=en_US.UTF-8
LC_NUMERIC=en_US.UTF-8
LC_TIME=en_US.UTF-8

Signal Handlers:
   SIGSEGV: crash_handler in libjvm.so, mask=11100100010111111101111111111110, flags=SA_RESTART|SA_SIGINFO, unblocked
    SIGBUS: crash_handler in libjvm.so, mask=11100100010111111101111111111110, flags=SA_RESTART|SA_SIGINFO, unblocked
    SIGFPE: crash_handler in libjvm.so, mask=11100100010111111101111111111110, flags=SA_RESTART|SA_SIGINFO, unblocked
   SIGPIPE: javaSignalHandler in libjvm.so, mask=11100100010111111101111111111110, flags=SA_RESTART|SA_SIGINFO, blocked
   SIGXFSZ: javaSignalHandler in libjvm.so, mask=11100100010111111101111111111110, flags=SA_RESTART|SA_SIGINFO, blocked
    SIGILL: crash_handler in libjvm.so, mask=11100100010111111101111111111110, flags=SA_RESTART|SA_SIGINFO, unblocked
   SIGUSR2: SR_handler in libjvm.so, mask=00000000000000000000000000000000, flags=SA_RESTART|SA_SIGINFO, blocked
    SIGHUP: UserHandler in libjvm.so, mask=11100100010111111101111111111110, flags=SA_RESTART|SA_SIGINFO, blocked
    SIGINT: UserHandler in libjvm.so, mask=11100100010111111101111111111110, flags=SA_RESTART|SA_SIGINFO, blocked
   SIGTERM: UserHandler in libjvm.so, mask=11100100010111111101111111111110, flags=SA_RESTART|SA_SIGINFO, blocked
   SIGQUIT: UserHandler in libjvm.so, mask=11100100010111111101111111111110, flags=SA_RESTART|SA_SIGINFO, blocked
   SIGTRAP: crash_handler in libjvm.so, mask=11100100010111111101111111111110, flags=SA_RESTART|SA_SIGINFO, unblocked


Periodic native trim disabled

---------------  S Y S T E M  ---------------

OS:
DISTRIB_ID=Ubuntu
DISTRIB_RELEASE=24.04
DISTRIB_CODENAME=noble
DISTRIB_DESCRIPTION="Ubuntu 24.04.4 LTS"
uname: Linux 6.17.0-bpf-fault+ #1 SMP PREEMPT_DYNAMIC Mon Jul  6 16:43:12 MDT 2026 x86_64
OS uptime: 0 days 23:45 hours
libc: glibc 2.39 NPTL 2.39 
rlimit (soft/hard): STACK 8192k/infinity , CORE 0k/0k , NPROC 513205/513205 , NOFILE 1048576/1048576 , AS infinity/infinity , CPU infinity/infinity , DATA infinity/infinity , FSIZE infinity/infinity , MEMLOCK 16436528k/16436528k
load average: 0.85 1.47 1.46

/proc/meminfo:
MemTotal:       131492232 kB
MemFree:        73455004 kB
MemAvailable:   116124316 kB
Buffers:          534700 kB
Cached:         41517824 kB
SwapCached:            0 kB
Active:          3655300 kB
Inactive:       41231768 kB
Active(anon):    2851028 kB
Inactive(anon):        0 kB
Active(file):     804272 kB
Inactive(file): 41231768 kB
Unevictable:       41912 kB
Mlocked:           38840 kB
SwapTotal:       8388604 kB
SwapFree:        8388604 kB
Zswap:                 0 kB
Zswapped:              0 kB
Dirty:           1254500 kB
Writeback:             0 kB
AnonPages:       2878488 kB
Mapped:          9734032 kB
Shmem:              5316 kB
KReclaimable:    1884956 kB
Slab:            2411256 kB
SReclaimable:    1884956 kB
SUnreclaim:       526300 kB
KernelStack:       12032 kB
PageTables:        57624 kB
SecPageTables:      8956 kB
NFS_Unstable:          0 kB
Bounce:                0 kB
WritebackTmp:          0 kB
CommitLimit:    74134720 kB
Committed_AS:   163206532 kB
VmallocTotal:   34359738367 kB
VmallocUsed:       37908 kB
VmallocChunk:          0 kB
Percpu:            51072 kB
HardwareCorrupted:     0 kB
AnonHugePages:         0 kB
ShmemHugePages:        0 kB
ShmemPmdMapped:        0 kB
FileHugePages:   2168832 kB
FilePmdMapped:         0 kB
Unaccepted:            0 kB
Balloon:               0 kB
HugePages_Total:       0
HugePages_Free:        0
HugePages_Rsvd:        0
HugePages_Surp:        0
Hugepagesize:       2048 kB
Hugetlb:               0 kB
DirectMap4k:      799552 kB
DirectMap2M:    25001984 kB
DirectMap1G:    108003328 kB

/sys/kernel/mm/transparent_hugepage/enabled: always [madvise] never
/sys/kernel/mm/transparent_hugepage/hpage_pmd_size: 2097152
/sys/kernel/mm/transparent_hugepage/defrag (defrag/compaction efforts parameter): always defer defer+madvise [madvise] never

Process Memory:
Virtual Size: 13620286640K (peak: 13620286640K)
Resident Set Size: 4173040K (peak: 4173040K) (anon: 999828K, file: 3173212K, shmem: 0K)
Swapped out: 0K
C-Heap outstanding allocations: 1404239K, retained: 33228K
glibc malloc tunables: (default)

/proc/sys/kernel/threads-max (system-wide limit on the number of threads): 1026411
/proc/sys/vm/max_map_count (maximum number of memory map areas a process may have): 1048576
/proc/sys/vm/swappiness (control to define how aggressively the kernel swaps out anonymous memory): 60
/proc/sys/kernel/pid_max (system-wide limit on number of process identifiers): 4194304

container information not found.
Steal ticks since vm start: 0
Steal ticks percentage since vm start:  0.000

CPU: total 32 (initial active 32) (32 cores per cpu, 2 threads per core) family 23 model 49 stepping 0 microcode 0x830107c, cx8, cmov, fxsr, ht, mmx, 3dnowpref, sse, sse2, sse3, ssse3, sse4a, sse4.1, sse4.2, popcnt, lzcnt, tsc, tscinvbit, avx, avx2, aes, clmul, bmi1, bmi2, adx, sha, fma, vzeroupper, clflush, clflushopt, rdtscp, rdpid, f16c
CPU Model and flags from /proc/cpuinfo:
model name	: AMD EPYC 7302P 16-Core Processor
flags		: fpu vme de pse tsc msr pae mce cx8 apic sep mtrr pge mca cmov pat pse36 clflush mmx fxsr sse sse2 ht syscall nx mmxext fxsr_opt pdpe1gb rdtscp lm constant_tsc rep_good nopl xtopology nonstop_tsc cpuid extd_apicid aperfmperf rapl pni pclmulqdq monitor ssse3 fma cx16 sse4_1 sse4_2 movbe popcnt aes xsave avx f16c rdrand lahf_lm cmp_legacy svm extapic cr8_legacy abm sse4a misalignsse 3dnowprefetch osvw ibs skinit wdt tce topoext perfctr_core perfctr_nb bpext perfctr_llc mwaitx cpb cat_l3 cdp_l3 hw_pstate ssbd mba ibrs ibpb stibp vmmcall fsgsbase bmi1 avx2 smep bmi2 cqm rdt_a rdseed adx smap clflushopt clwb sha_ni xsaveopt xsavec xgetbv1 xsaves cqm_llc cqm_occup_llc cqm_mbm_total cqm_mbm_local clzero irperf xsaveerptr rdpru wbnoinvd amd_ppin arat npt lbrv svm_lock nrip_save tsc_scale vmcb_clean flushbyasid decodeassists pausefilter pfthreshold avic v_vmsave_vmload vgif v_spec_ctrl umip rdpid overflow_recov succor smca sev sev_es

Online cpus: 0-31
Offline cpus: 
BIOS frequency limitation: <Not Available>
Frequency switch latency (ns): <Not Available>
Available cpu frequencies: <Not Available>
Current governor: <Not Available>
Core performance/turbo boost: <Not Available>

Memory: 4k page, physical 131492232k(116124316k free), swap 8388604k(8388604k free)
Page Sizes: 4k

vm_info: OpenJDK 64-Bit Server VM (21.0.9-internal-adhoc.talzuss.openjdk-mmtk) for linux-amd64 JRE (21.0.9-internal-adhoc.talzuss.openjdk-mmtk), built on 2026-07-06T23:13:08Z by "talzuss" with gcc 13.3.0
heap_info: MMTk OpenJDK 0.32.0 (a3bb9ef-dirty), using MMTk 0.32.0 (ceb6a76-dirty, BUILTIN_ENV_LOGGER, DEFAULT, EAGER_SWEEPING, VO_BIT)@

END.
