#
# A fatal error has been detected by the Java Runtime Environment:
#
#  SIGSEGV (0xb) at pc=0x00007bab7129b077, pid=371975, tid=371999
#
# JRE version: OpenJDK Runtime Environment (21.0.9) (build 21.0.9-internal-adhoc.talzuss.openjdk-mmtk)
# Java VM: OpenJDK 64-Bit Server VM (21.0.9-internal-adhoc.talzuss.openjdk-mmtk, mixed mode, sharing, tiered, compressed oops, compressed class ptrs, third-party gc, linux-amd64)
# Problematic frame:
# C  [libmmtk_openjdk.so+0x29b077]  _$LT$mmtk..plan..concurrent..immix..gc_work..SatbFinalDrain$LT$VM$GT$$u20$as$u20$mmtk..scheduler..work..GCWork$LT$VM$GT$$GT$::do_work::h99199484dacfec84+0x477
#
# Core dump will be written. Default location: Core dumps may be processed with "/usr/share/apport/apport -p%p -s%s -c%c -d%d -P%P -u%u -g%g -F%F -- %E" (or dumping to /mydata/mmtk-core/core.371975)
#
# If you would like to submit a bug report, please visit:
#   https://bugreport.java.com/bugreport/crash.jsp
#

---------------  S U M M A R Y ------------

Command Line: -XX:+UseThirdPartyHeap -Xms512m -Xmx512m /mydata/dacapo/dacapo-23.11/dacapo-23.11-MR2-chopin.jar xalan -n 3

Host: AMD EPYC 7302P 16-Core Processor, 32 cores, 125G, Ubuntu 24.04.4 LTS
Time: Tue Jul  7 16:45:53 2026 MDT elapsed time: 3.095876 seconds (0d 0h 0m 3s)

---------------  T H R E A D  ---------------

Current thread (0x00007bab6c540be0):  NamedThread "MMTk Collector Thread" [id=371999, stack(0x00006efe36dff000,0x00006efe36eff000) (1024K)]

Stack: [0x00006efe36dff000,0x00006efe36eff000],  sp=0x00006efe36efd8f0,  free space=1018k
Native frames: (J=compiled Java code, j=interpreted, Vv=VM code, C=native code)
C  [libmmtk_openjdk.so+0x29b077]  _$LT$mmtk..plan..concurrent..immix..gc_work..SatbFinalDrain$LT$VM$GT$$u20$as$u20$mmtk..scheduler..work..GCWork$LT$VM$GT$$GT$::do_work::h99199484dacfec84+0x477

siginfo: si_signo: 11 (SIGSEGV), si_code: 1 (SEGV_MAPERR), si_addr: 0x00007bacd107ae64

Registers:
RAX=0x0000000058000000, RBX=0x0000000000000053, RCX=0x00007bab7107ae64, RDX=0x00006efe37000000
RSP=0x00006efe36efd8f0, RBP=0x000000004139fff8, RSI=0x000000004139fff8, RDI=0x00006efe37000001
R8 =0x00006efdd40008e0, R9 =0x0000000000000200, R10=0x00006efdd4000030, R11=0x6e44f671b5c15df4
R12=0x0000000000274200, R13=0x00007bab714074c8, R14=0x00000000413a0fc8, R15=0x0000000000274200
RIP=0x00007bab7129b077, EFLAGS=0x0000000000010206, CSGSFS=0x002b000000000033, ERR=0x0000000000000004
  TRAPNO=0x000000000000000e

XMM[0]=0x0000000000000000 0x0000000000000000
XMM[1]=0x0000000000000000 0x00006efdd4000090
XMM[2]=0x00000000413a0110 0x00000000413a0090
XMM[3]=0x00000000413a0038 0x00000000413a0020
XMM[4]=0x0000000000000000 0x00006efdd4000090
XMM[5]=0x0000000040134d48 0x0000000040356fe0
XMM[6]=0x0000000000092608 0x0000000000000002
XMM[7]=0x0000000000000001 0x0000000040a7df20
XMM[8]=0x00000000403533c0 0x0000000040dd13f8
XMM[9]=0x0000000000000000 0x0000000000000000
XMM[10]=0x3f3f3f3f3f3f3f3f 0x3f3f3f3f3f3f3f3f
XMM[11]=0x9999999999999999 0x9999999999999999
XMM[12]=0x2020202020202020 0x2020202020202020
XMM[13]=0x0000000000000000 0x0000000000000000
XMM[14]=0x0000000000000000 0x0000000000000000
XMM[15]=0x0000000000000000 0x0000000000000000
  MXCSR=0x00001fa2


Register to memory mapping:

RAX=
[error occurred during error reporting (printing register info), id 0xe0000000, Internal Error (/mydata/mmtk-openjdk/openjdk/share/mmtkHeap.cpp:444)]
RBX=
[error occurred during error reporting (printing register info, attempt 2), id 0xe0000000, Internal Error (/mydata/mmtk-openjdk/openjdk/share/mmtkHeap.cpp:444)]
RCX=
[error occurred during error reporting (printing register info, attempt 3), id 0xe0000000, Internal Error (/mydata/mmtk-openjdk/openjdk/share/mmtkHeap.cpp:444)]
Top of Stack: (sp=0x00006efe36efd8f0)
0x00006efe36efd8f0:   00007bab6c3e0210 00006efe372540c8
0x00006efe36efd900:   00002000013a0000 0000000000000080
0x00006efe36efd910:   00006efdd400bf10 0000000000000053
0x00006efe36efd920:   000000004134dec8 0000000000010000
0x00006efe36efd930:   00006efdd404d1c0 000000000000b3f1
0x00006efe36efd940:   0000000000000000 00007bab71407880
0x00006efe36efd950:   0000000000000200 00006efe36efda50
0x00006efe36efd960:   0000000000000020 00007bab712ba850
0x00006efe36efd970:   00007bab6c3e41f8 00006efe36efda50
0x00006efe36efd980:   00007bab714074c8 00006efe36efda40
0x00006efe36efd990:   00006efe36efd900 00006efe36efda38
0x00006efe36efd9a0:   00006efe36efda30 00006efe36efda0f
0x00006efe36efd9b0:   00006efe36efda18 00006efe36efd928
0x00006efe36efd9c0:   00007bab6c05b110 00006efdd400bf10
0x00006efe36efd9d0:   0000000000000001 00007bab713c9b08
0x00006efe36efd9e0:   00006efdd4001380 00007bab6c52d930
0x00006efe36efd9f0:   0000000000000000 0000000000000000
0x00006efe36efda00:   00006efdd400c1a8 00007bab6c52da90
0x00006efe36efda10:   00006efdd400bf10 0000000000000400
0x00006efe36efda20:   00006efdd4009050 000000000000031c
0x00006efe36efda30:   0000000040000000 00000000413a0000
0x00006efe36efda40:   00000000000013a0 00006efe37253e40
0x00006efe36efda50:   00006efe36efd960 00007bab714074c8
0x00006efe36efda60:   00007bab71407880 0000000000000080
0x00006efe36efda70:   00007bab6c06f800 00006efe36efd9d0
0x00006efe36efda80:   00006efdd400a930 00006efdd4009bf0
0x00006efe36efda90:   00007bab6c06ec00 00007bab6c06e900
0x00006efe36efdaa0:   00007bab6c06e600 00007bab6c06e300
0x00006efe36efdab0:   00007bab6c06e000 00007bab6c06dd00
0x00006efe36efdac0:   00007bab6c06da00 00007bab6c06d700
0x00006efe36efdad0:   00007bab6c06d400 00007bab6c046210
0x00006efe36efdae0:   00007bab6c06d080 0000000000000001 

Instructions: (pc=0x00007bab7129b077)
0x00007bab7129af77:   44 24 18 48 89 84 24 78 01 00 00 48 85 db 0f 84
0x00007bab7129af87:   f5 0a 00 00 48 8b 84 24 d8 00 00 00 48 8d 0c d8
0x00007bab7129af97:   48 89 8c 24 10 01 00 00 eb 36 66 66 66 66 66 66
0x00007bab7129afa7:   2e 0f 1f 84 00 00 00 00 00 48 8d 94 24 90 00 00
0x00007bab7129afb7:   00 e8 f3 9d fd ff 48 8b 84 24 20 01 00 00 48 83
0x00007bab7129afc7:   c0 08 48 3b 84 24 10 01 00 00 0f 84 a9 0a 00 00
0x00007bab7129afd7:   48 89 84 24 20 01 00 00 48 8b 30 4c 89 ac 24 90
0x00007bab7129afe7:   00 00 00 48 8d 84 24 50 01 00 00 48 89 84 24 98
0x00007bab7129aff7:   00 00 00 48 8d 44 24 10 48 89 84 24 a0 00 00 00
0x00007bab7129b007:   48 8d 84 24 48 01 00 00 48 89 84 24 a8 00 00 00
0x00007bab7129b017:   48 8d 84 24 40 01 00 00 48 89 84 24 b0 00 00 00
0x00007bab7129b027:   48 8d 84 24 1f 01 00 00 48 89 84 24 b8 00 00 00
0x00007bab7129b037:   48 8d 84 24 28 01 00 00 48 89 84 24 c0 00 00 00
0x00007bab7129b047:   48 8d 44 24 38 48 89 84 24 c8 00 00 00 8b 46 08
0x00007bab7129b057:   48 8b 15 4a d9 16 00 48 8b 0d 4b d9 16 00 48 d3
0x00007bab7129b067:   e0 48 8d 3c 10 8b 44 10 0c 48 8d 0d ed fd dd ff
0x00007bab7129b077:   48 63 04 81 48 01 c8 ff e0 48 89 74 24 30 48 89
0x00007bab7129b087:   bc 24 58 01 00 00 48 63 87 28 01 00 00 48 85 c0
0x00007bab7129b097:   0f 84 5e 07 00 00 48 8b 94 24 58 01 00 00 48 63
0x00007bab7129b0a7:   8a ac 00 00 00 48 8d 0c ca 48 63 92 2c 01 00 00
0x00007bab7129b0b7:   48 8d 34 d1 48 8d 1c d1 48 81 c3 d8 01 00 00 48
0x00007bab7129b0c7:   8d 04 c6 48 05 d8 01 00 00 48 89 44 24 08 eb 18
0x00007bab7129b0d7:   66 0f 1f 84 00 00 00 00 00 48 83 c3 08 48 3b 5c
0x00007bab7129b0e7:   24 08 0f 84 0c 07 00 00 44 8b 63 04 4d 85 e4 74
0x00007bab7129b0f7:   e8 4c 63 2b 4c 03 6c 24 30 45 31 ff eb 24 66 66
0x00007bab7129b107:   2e 0f 1f 84 00 00 00 00 00 48 8b 44 24 40 4a 89
0x00007bab7129b117:   2c f0 49 ff c6 4c 89 74 24 48 49 ff c7 4d 39 e7
0x00007bab7129b127:   74 b7 4a 8d 34 bd 00 00 00 00 4c 01 ee 48 89 f0
0x00007bab7129b137:   48 b9 ff ff ff ff ff ff ff 7f 48 21 c8 48 89 c1
0x00007bab7129b147:   48 2b 0d d2 c3 16 00 48 89 cf 48 c1 ef 0c 48 3b
0x00007bab7129b157:   bc 24 50 01 00 00 75 31 48 8b 4c 24 10 48 8b 94
0x00007bab7129b167:   24 48 01 00 00 48 29 d0 8b 2c 01 48 85 ed 74 aa 


Stack slot to memory mapping:

stack at sp + 0 slots: 
[error occurred during error reporting (inspecting top of stack), id 0xe0000000, Internal Error (/mydata/mmtk-openjdk/openjdk/share/mmtkHeap.cpp:444)]
stack at sp + 1 slots: 
[error occurred during error reporting (inspecting top of stack, attempt 2), id 0xe0000000, Internal Error (/mydata/mmtk-openjdk/openjdk/share/mmtkHeap.cpp:444)]
stack at sp + 2 slots: 
[error occurred during error reporting (inspecting top of stack, attempt 3), id 0xe0000000, Internal Error (/mydata/mmtk-openjdk/openjdk/share/mmtkHeap.cpp:444)]

---------------  P R O C E S S  ---------------

Threads class SMR info:
_java_thread_list=0x00006efd98053050, length=56, elements={
0x00007bab6c02b240, 0x00007bab6c527120, 0x00007bab6c5289b0, 0x00007bab6c52a4c0,
0x00007bab6c548cf0, 0x00007bab6c54a640, 0x00007bab6c54bf00, 0x00007bab6c54dd40,
0x00007bab6c557710, 0x00006efdb0045620, 0x00006efdb0046c20, 0x00007bab6c5a6a10,
0x00007bab6c5a9a10, 0x00006efda4023800, 0x00006efdb007cc00, 0x00006efd9402a770,
0x00007bab6c7c9a80, 0x00007bab6c780d40, 0x00007bab6c7819d0, 0x00007bab6c7cb3c0,
0x00007bab6c7cc590, 0x00007bab6c7cd920, 0x00007bab6c7cecf0, 0x00007bab6c7d0260,
0x00007bab6c7d2200, 0x00007bab6c7d2c20, 0x00007bab6c7d3fb0, 0x00007bab6c7d5540,
0x00007bab6c7d6ad0, 0x00007bab6c7d7f80, 0x00007bab6c3e1af0, 0x00007bab6c3e2a00,
0x00007bab6c3e3eb0, 0x00007bab6c5c2330, 0x00007bab6c5c3890, 0x00007bab6c5c4d30,
0x00007bab6c5c6300, 0x00007bab6c5c78e0, 0x00007bab6c5c8ec0, 0x00007bab6c7c1b40,
0x00007bab6c7c2e30, 0x00007bab6c7c42d0, 0x00007bab6c7c5770, 0x00007bab6c7c6c10,
0x00007bab6c7c84a0, 0x00007bab6c5d8410, 0x00007bab6c5d9de0, 0x00007bab6c5db670,
0x00006efd8c15ff20, 0x00006efda40ae100, 0x00006efdb00f1150, 0x00006efd98043d60,
0x00006efd98045670, 0x00006efdb012d6a0, 0x00006efd98050b20, 0x00006efd98051db0
}

Java Threads: ( => current thread )
  0x00007bab6c02b240 JavaThread "main"                              [_thread_blocked, id=371976, stack(0x00007bab71417000,0x00007bab71517000) (1024K)]
  0x00007bab6c527120 JavaThread "Reference Handler"          daemon [_thread_blocked, id=371980, stack(0x00007bab346ff000,0x00007bab347ff000) (1024K)]
  0x00007bab6c5289b0 JavaThread "Finalizer"                  daemon [_thread_blocked, id=371981, stack(0x00007bab345ff000,0x00007bab346ff000) (1024K)]
  0x00007bab6c52a4c0 JavaThread "MMTk Finalizer Thread"      daemon [_thread_blocked, id=371982, stack(0x00007bab344ff000,0x00007bab345ff000) (1024K)]
  0x00007bab6c548cf0 JavaThread "Signal Dispatcher"          daemon [_thread_blocked, id=372006, stack(0x00006efe366f8000,0x00006efe367f8000) (1024K)]
  0x00007bab6c54a640 JavaThread "Service Thread"             daemon [_thread_blocked, id=372007, stack(0x00006efe365f8000,0x00006efe366f8000) (1024K)]
  0x00007bab6c54bf00 JavaThread "Monitor Deflation Thread"   daemon [_thread_blocked, id=372008, stack(0x00006efe364f8000,0x00006efe365f8000) (1024K)]
  0x00007bab6c54dd40 JavaThread "C2 CompilerThread0"         daemon [_thread_blocked, id=372009, stack(0x00006efe363f8000,0x00006efe364f8000) (1024K)]
  0x00007bab6c557710 JavaThread "C1 CompilerThread0"         daemon [_thread_blocked, id=372010, stack(0x00006efe362f8000,0x00006efe363f8000) (1024K)]
  0x00006efdb0045620 JavaThread "C1 CompilerThread1"         daemon [_thread_blocked, id=372011, stack(0x00006efe361f8000,0x00006efe362f8000) (1024K)]
  0x00006efdb0046c20 JavaThread "C1 CompilerThread2"         daemon [_thread_blocked, id=372012, stack(0x00006efe360f8000,0x00006efe361f8000) (1024K)]
  0x00007bab6c5a6a10 JavaThread "Notification Thread"        daemon [_thread_blocked, id=372013, stack(0x00006efe35ff8000,0x00006efe360f8000) (1024K)]
  0x00007bab6c5a9a10 JavaThread "Common-Cleaner"             daemon [_thread_blocked, id=372014, stack(0x00006efe35ef8000,0x00006efe35ff8000) (1024K)]
  0x00006efda4023800 JavaThread "C2 CompilerThread1"         daemon [_thread_blocked, id=372015, stack(0x00006efe35df8000,0x00006efe35ef8000) (1024K)]
  0x00006efdb007cc00 JavaThread "C1 CompilerThread3"         daemon [_thread_blocked, id=372016, stack(0x00006efe35cf8000,0x00006efe35df8000) (1024K)]
  0x00006efd9402a770 JavaThread "C2 CompilerThread2"         daemon [_thread_in_native, id=372017, stack(0x00006efe35bf8000,0x00006efe35cf8000) (1024K)]
  0x00007bab6c7c9a80 JavaThread "Thread-0"                          [_thread_blocked, id=372018, stack(0x00006efe35af8000,0x00006efe35bf8000) (1024K)]
  0x00007bab6c780d40 JavaThread "Thread-1"                          [_thread_blocked, id=372019, stack(0x00006efe359f8000,0x00006efe35af8000) (1024K)]
  0x00007bab6c7819d0 JavaThread "Thread-2"                          [_thread_blocked, id=372020, stack(0x00006efe358f8000,0x00006efe359f8000) (1024K)]
  0x00007bab6c7cb3c0 JavaThread "Thread-3"                          [_thread_blocked, id=372021, stack(0x00006efe357f8000,0x00006efe358f8000) (1024K)]
  0x00007bab6c7cc590 JavaThread "Thread-4"                          [_thread_blocked, id=372022, stack(0x00006efe356f8000,0x00006efe357f8000) (1024K)]
  0x00007bab6c7cd920 JavaThread "Thread-5"                          [_thread_blocked, id=372023, stack(0x00006efe355f8000,0x00006efe356f8000) (1024K)]
  0x00007bab6c7cecf0 JavaThread "Thread-6"                          [_thread_blocked, id=372024, stack(0x00006efe354f8000,0x00006efe355f8000) (1024K)]
  0x00007bab6c7d0260 JavaThread "Thread-7"                          [_thread_blocked, id=372025, stack(0x00006efe353f8000,0x00006efe354f8000) (1024K)]
  0x00007bab6c7d2200 JavaThread "Thread-8"                          [_thread_blocked, id=372026, stack(0x00006efe352f8000,0x00006efe353f8000) (1024K)]
  0x00007bab6c7d2c20 JavaThread "Thread-9"                          [_thread_blocked, id=372027, stack(0x00006efe351f8000,0x00006efe352f8000) (1024K)]
  0x00007bab6c7d3fb0 JavaThread "Thread-10"                         [_thread_blocked, id=372028, stack(0x00006efe350f8000,0x00006efe351f8000) (1024K)]
  0x00007bab6c7d5540 JavaThread "Thread-11"                         [_thread_blocked, id=372029, stack(0x00006efe34ff8000,0x00006efe350f8000) (1024K)]
  0x00007bab6c7d6ad0 JavaThread "Thread-12"                         [_thread_blocked, id=372030, stack(0x00006efe34ef8000,0x00006efe34ff8000) (1024K)]
  0x00007bab6c7d7f80 JavaThread "Thread-13"                         [_thread_blocked, id=372031, stack(0x00006efe34df8000,0x00006efe34ef8000) (1024K)]
  0x00007bab6c3e1af0 JavaThread "Thread-14"                         [_thread_blocked, id=372032, stack(0x00006efe34cf8000,0x00006efe34df8000) (1024K)]
  0x00007bab6c3e2a00 JavaThread "Thread-15"                         [_thread_blocked, id=372033, stack(0x00006efe34bf8000,0x00006efe34cf8000) (1024K)]
  0x00007bab6c3e3eb0 JavaThread "Thread-16"                         [_thread_blocked, id=372034, stack(0x00006efe34af8000,0x00006efe34bf8000) (1024K)]
  0x00007bab6c5c2330 JavaThread "Thread-17"                         [_thread_blocked, id=372035, stack(0x00006efe349f8000,0x00006efe34af8000) (1024K)]
  0x00007bab6c5c3890 JavaThread "Thread-18"                         [_thread_blocked, id=372036, stack(0x00006efe348f8000,0x00006efe349f8000) (1024K)]
  0x00007bab6c5c4d30 JavaThread "Thread-19"                         [_thread_blocked, id=372037, stack(0x00006efe347f8000,0x00006efe348f8000) (1024K)]
  0x00007bab6c5c6300 JavaThread "Thread-20"                         [_thread_blocked, id=372038, stack(0x00006efe346f8000,0x00006efe347f8000) (1024K)]
  0x00007bab6c5c78e0 JavaThread "Thread-21"                         [_thread_blocked, id=372039, stack(0x00006efe345f8000,0x00006efe346f8000) (1024K)]
  0x00007bab6c5c8ec0 JavaThread "Thread-22"                         [_thread_blocked, id=372040, stack(0x00006efe344f8000,0x00006efe345f8000) (1024K)]
  0x00007bab6c7c1b40 JavaThread "Thread-23"                         [_thread_blocked, id=372041, stack(0x00006efe343f8000,0x00006efe344f8000) (1024K)]
  0x00007bab6c7c2e30 JavaThread "Thread-24"                         [_thread_blocked, id=372042, stack(0x00006efe342f8000,0x00006efe343f8000) (1024K)]
  0x00007bab6c7c42d0 JavaThread "Thread-25"                         [_thread_blocked, id=372043, stack(0x00006efe341f8000,0x00006efe342f8000) (1024K)]
  0x00007bab6c7c5770 JavaThread "Thread-26"                         [_thread_blocked, id=372044, stack(0x00006efe340f8000,0x00006efe341f8000) (1024K)]
  0x00007bab6c7c6c10 JavaThread "Thread-27"                         [_thread_blocked, id=372045, stack(0x00006efd23f00000,0x00006efd24000000) (1024K)]
  0x00007bab6c7c84a0 JavaThread "Thread-28"                         [_thread_blocked, id=372046, stack(0x00006efd23e00000,0x00006efd23f00000) (1024K)]
  0x00007bab6c5d8410 JavaThread "Thread-29"                         [_thread_blocked, id=372047, stack(0x00006efd23d00000,0x00006efd23e00000) (1024K)]
  0x00007bab6c5d9de0 JavaThread "Thread-30"                         [_thread_blocked, id=372048, stack(0x00006efd23c00000,0x00006efd23d00000) (1024K)]
  0x00007bab6c5db670 JavaThread "Thread-31"                         [_thread_blocked, id=372049, stack(0x00006efd23b00000,0x00006efd23c00000) (1024K)]
  0x00006efd8c15ff20 JavaThread "C2 CompilerThread3"         daemon [_thread_in_native, id=372050, stack(0x00006efd23a00000,0x00006efd23b00000) (1024K)]
  0x00006efda40ae100 JavaThread "C1 CompilerThread4"         daemon [_thread_blocked, id=372051, stack(0x00006efd23900000,0x00006efd23a00000) (1024K)]
  0x00006efdb00f1150 JavaThread "C2 CompilerThread4"         daemon [_thread_blocked, id=372052, stack(0x00006efd23800000,0x00006efd23900000) (1024K)]
  0x00006efd98043d60 JavaThread "C2 CompilerThread5"         daemon [_thread_blocked, id=372053, stack(0x00006efd23700000,0x00006efd23800000) (1024K)]
  0x00006efd98045670 JavaThread "C2 CompilerThread6"         daemon [_thread_blocked, id=372054, stack(0x00006efd23600000,0x00006efd23700000) (1024K)]
  0x00006efdb012d6a0 JavaThread "C2 CompilerThread7"         daemon [_thread_blocked, id=372055, stack(0x00006efd23500000,0x00006efd23600000) (1024K)]
  0x00006efd98050b20 JavaThread "C2 CompilerThread8"         daemon [_thread_blocked, id=372056, stack(0x00006efd23400000,0x00006efd23500000) (1024K)]
  0x00006efd98051db0 JavaThread "C2 CompilerThread9"         daemon [_thread_blocked, id=372057, stack(0x00006efd23300000,0x00006efd23400000) (1024K)]
Total: 56

Other Threads:
  0x00007bab6c51bc90 VMThread "VM Thread"                           [id=371979, stack(0x00007bab700fd000,0x00007bab701fd000) (1024K)]
  0x00007bab6c509860 WatcherThread "VM Periodic Task Thread"        [id=371978, stack(0x00007bab701fe000,0x00007bab702fe000) (1024K)]

=>0x00007bab6c540be0 (exited) NamedThread "MMTk Collector Thread"   [id=371999, stack(0x00006efe36dff000,0x00006efe36eff000) (1024K)]
Total: 3

Threads with active compile tasks:
C2 CompilerThread0  3098 2838       4       java.lang.AbstractStringBuilder::append (37 bytes)
C2 CompilerThread1  3098 2806       4       java.util.Properties::getProperty (50 bytes)
C2 CompilerThread2  3098 2294   !   4       org.apache.xalan.templates.ElemApplyTemplates::transformSelectedNodes (979 bytes)
C2 CompilerThread3  3098 2068       4       org.apache.xml.dtm.ref.sax2dtm.SAX2DTM::startElement (621 bytes)
C2 CompilerThread4  3098 2849   !   4       org.apache.xalan.templates.ElemTextLiteral::execute (166 bytes)
C2 CompilerThread5  3098 2978       4       org.apache.xerces.impl.XMLScanner::scanAttributeValue (995 bytes)
C2 CompilerThread6  3098 2971 % !   4       org.apache.xerces.impl.XMLDocumentFragmentScannerImpl$FragmentContentDispatcher::dispatch @ 0 (1118 bytes)
C2 CompilerThread7  3098 2866       4       org.apache.xml.utils.NodeVector::addElement (104 bytes)
C2 CompilerThread8  3098 2847       4       org.apache.xpath.axes.AxesWalker::setRoot (78 bytes)
C2 CompilerThread9  3098 2805       4       java.lang.AbstractStringBuilder::<init> (39 bytes)
Total: 10

VM state: at safepoint (normal execution)

VM Mutex/Monitor currently owned by a thread:  ([mutex/lock_event])
[0x00007bab72b580d0] Threads_lock - owner thread: 0x00007bab6c51bc90
[0x00007bab72b57fd0] Heap_lock - owner thread: 0x00007bab6c3e5150

Heap address: 0x0000000040000000, size: 3072 MB, Compressed Oops mode: 32-bit

CDS archive(s) mapped at: [0x00006efe37000000-0x00006efe37ca3000-0x00006efe37ca3000), size 13250560, SharedBaseAddress: 0x00006efe37000000, ArchiveRelocationMode: 1.
Compressed class space mapped at: 0x00006efe38000000-0x00006efe78000000, reserved size: 1073741824
Narrow klass base: 0x00006efe37000000, Narrow klass shift: 0, Narrow klass range: 0x100000000

GC Precious Log:
<Empty>

Heap:

[error occurred during error reporting (printing heap information), id 0xe0000000, Internal Error (/mydata/mmtk-openjdk/openjdk/share/mmtkHeap.cpp:424)]
Metaspace:

Usage:
  Non-class:      7.02 MB used.
      Class:    968.16 KB used.
       Both:      7.97 MB used.

Virtual space:
  Non-class space:       64.00 MB reserved,       7.19 MB ( 11%) committed,  1 nodes.
      Class space:        1.00 GB reserved,       1.06 MB ( <1%) committed,  1 nodes.
             Both:        1.06 GB reserved,       8.25 MB ( <1%) committed. 

Chunk freelists:
   Non-Class:  7.35 MB
       Class:  14.99 MB
        Both:  22.34 MB

MaxMetaspaceSize: unlimited
CompressedClassSpaceSize: 1.00 GB
Initial GC threshold: 21.00 MB
Current GC threshold: 21.00 MB
CDS: on
 - commit_granule_bytes: 65536.
 - commit_granule_words: 8192.
 - virtual_space_node_default_size: 8388608.
 - enlarge_chunks_in_place: 1.
 - use_allocation_guard: 0.


Internal statistics:

num_allocs_failed_limit: 0.
num_arena_births: 128.
num_arena_deaths: 0.
num_vsnodes_births: 2.
num_vsnodes_deaths: 0.
num_space_committed: 132.
num_space_uncommitted: 0.
num_chunks_returned_to_freelist: 0.
num_chunks_taken_from_freelist: 379.
num_chunk_merges: 0.
num_chunk_splits: 263.
num_chunks_enlarged: 204.
num_inconsistent_stats: 0.

CodeHeap 'non-profiled nmethods': size=118880Kb used=1522Kb max_used=1522Kb free=117357Kb
 bounds [0x00007bab5c3e8000, 0x00007bab5c658000, 0x00007bab63800000]
CodeHeap 'profiled nmethods': size=118876Kb used=6624Kb max_used=6624Kb free=112251Kb
 bounds [0x00007bab54800000, 0x00007bab54e80000, 0x00007bab5bc17000]
CodeHeap 'non-nmethods': size=8004Kb used=3528Kb max_used=3603Kb free=4475Kb
 bounds [0x00007bab5bc17000, 0x00007bab5bfa7000, 0x00007bab5c3e8000]
CodeCache: size=245760Kb, used=11674Kb, max_used=11749Kb, free=234083Kb
 total_blobs=3410, nmethods=2928, adapters=381, full_count=0
Compilation: enabled, stopped_count=0, restarted_count=0

Compilation events (20 events):
Event: 3.072 Thread 0x00006efdb012d6a0 2592       4       org.apache.xml.dtm.ref.DTMDefaultBaseTraversers$AncestorTraverser::next (9 bytes)
Event: 3.072 Thread 0x00006efda4023800 2806       4       java.util.Properties::getProperty (50 bytes)
Event: 3.072 Thread 0x00006efda40ae100 nmethod 2967 0x00007bab54e76a90 code [0x00007bab54e76ca0, 0x00007bab54e77288]
Event: 3.072 Thread 0x00006efdb007cc00 nmethod 2950 0x00007bab54e77890 code [0x00007bab54e77a60, 0x00007bab54e78080]
Event: 3.072 Thread 0x00006efdb0045620 2980       1       org.apache.xml.serializer.SerializerBase::getTransformer (5 bytes)
Event: 3.089 Thread 0x00006efdb0045620 nmethod 2980 0x00007bab5c55af10 code [0x00007bab5c55b0a0, 0x00007bab5c55b160]
Event: 3.089 Thread 0x00006efd98051db0 nmethod 2790 0x00007bab5c55b210 code [0x00007bab5c55b3e0, 0x00007bab5c55bc98]
Event: 3.089 Thread 0x00006efd98051db0 2840  s!   4       org.apache.xml.utils.ObjectPool::getInstance (56 bytes)
Event: 3.091 Thread 0x00006efdb00f1150 nmethod 2765 0x00007bab5c55bf90 code [0x00007bab5c55c2c0, 0x00007bab5c55ddb0]
Event: 3.091 Thread 0x00007bab6c54dd40 nmethod 2896 0x00007bab5c55ef90 code [0x00007bab5c55f320, 0x00007bab5c561140]
Event: 3.091 Thread 0x00006efdb00f1150 2849   !   4       org.apache.xalan.templates.ElemTextLiteral::execute (166 bytes)
Event: 3.091 Thread 0x00007bab6c54dd40 2838       4       java.lang.AbstractStringBuilder::append (37 bytes)
Event: 3.091 Thread 0x00006efd98050b20 nmethod 2976 0x00007bab5c562890 code [0x00007bab5c562a40, 0x00007bab5c562f20]
Event: 3.091 Thread 0x00006efd98050b20 2847       4       org.apache.xpath.axes.AxesWalker::setRoot (78 bytes)
Event: 3.092 Thread 0x00006efd98051db0 nmethod 2840 0x00007bab5c563190 code [0x00007bab5c563340, 0x00007bab5c563878]
Event: 3.092 Thread 0x00006efd98051db0 2575       4       java.nio.Buffer::remaining (20 bytes)
Event: 3.092 Thread 0x00006efd98051db0 nmethod 2575 0x00007bab5c563b10 code [0x00007bab5c563c80, 0x00007bab5c563d18]
Event: 3.092 Thread 0x00006efd98051db0 2805       4       java.lang.AbstractStringBuilder::<init> (39 bytes)
Event: 3.092 Thread 0x00006efdb012d6a0 nmethod 2592 0x00007bab5c563e10 code [0x00007bab5c563fe0, 0x00007bab5c564400]
Event: 3.092 Thread 0x00006efdb012d6a0 2866       4       org.apache.xml.utils.NodeVector::addElement (104 bytes)

GC Heap History (0 events):
No events

Dll operation events (7 events):
Event: 0.001 Loaded shared library /mydata/openjdk-mmtk/build/b0test/images/jdk/lib/libjava.so
Event: 2.213 Loaded shared library /mydata/openjdk-mmtk/build/b0test/images/jdk/lib/libjsvml.so
Event: 2.227 Loaded shared library /mydata/openjdk-mmtk/build/b0test/images/jdk/lib/libnio.so
Event: 2.230 Loaded shared library /mydata/openjdk-mmtk/build/b0test/images/jdk/lib/libzip.so
Event: 2.244 Loaded shared library /mydata/openjdk-mmtk/build/b0test/images/jdk/lib/libjimage.so
Event: 2.271 Loaded shared library /mydata/openjdk-mmtk/build/b0test/images/jdk/lib/libnet.so
Event: 2.374 Loaded shared library /mydata/openjdk-mmtk/build/b0test/images/jdk/lib/libverify.so

Deoptimization events (20 events):
Event: 2.947 Thread 0x00007bab6c7cd920 Uncommon trap: trap_request=0xffffff6e fr.pc=0x00007bab5c501ba8 relative=0x0000000000002f28
Event: 2.947 Thread 0x00007bab6c7cd920 Uncommon trap: reason=loop_limit_check action=maybe_recompile pc=0x00007bab5c501ba8 method=org.apache.xerces.parsers.AbstractSAXParser.startElement(Lorg/apache/xerces/xni/QName;Lorg/apache/xerces/xni/XMLAttributes;Lorg/apache/xerces/xni/Augmentations;)V @
Event: 2.947 Thread 0x00007bab6c7cd920 DEOPT PACKING pc=0x00007bab5c501ba8 sp=0x00006efe356f6290
Event: 2.948 Thread 0x00007bab6c7cd920 DEOPT UNPACKING pc=0x00007bab5bc6a899 sp=0x00006efe356f61e0 mode 2
Event: 3.029 Thread 0x00007bab6c5c8ec0 Uncommon trap: trap_request=0xffffff6e fr.pc=0x00007bab5c533e58 relative=0x0000000000001098
Event: 3.029 Thread 0x00007bab6c5c8ec0 Uncommon trap: reason=loop_limit_check action=maybe_recompile pc=0x00007bab5c533e58 method=org.apache.xalan.templates.ElemLiteralResult.execute(Lorg/apache/xalan/transformer/TransformerImpl;)V @ 110 c2
Event: 3.029 Thread 0x00007bab6c5c8ec0 DEOPT PACKING pc=0x00007bab5c533e58 sp=0x00006efe345f4190
Event: 3.029 Thread 0x00007bab6c5c8ec0 DEOPT UNPACKING pc=0x00007bab5bc6a899 sp=0x00006efe345f4180 mode 2
Event: 3.041 Thread 0x00007bab6c5db670 DEOPT PACKING pc=0x00007bab54ce173d sp=0x00006efd23bfe0a0
Event: 3.041 Thread 0x00007bab6c5db670 DEOPT UNPACKING pc=0x00007bab5bc6b02f sp=0x00006efd23bfd598 mode 0
Event: 3.051 Thread 0x00007bab6c7cecf0 DEOPT PACKING pc=0x00007bab54ce173d sp=0x00006efe355f60a0
Event: 3.051 Thread 0x00007bab6c7cecf0 DEOPT UNPACKING pc=0x00007bab5bc6b02f sp=0x00006efe355f5598 mode 0
Event: 3.060 Thread 0x00007bab6c7c9a80 Uncommon trap: trap_request=0xffffffde fr.pc=0x00007bab5c480dcc relative=0x000000000000030c
Event: 3.060 Thread 0x00007bab6c7c9a80 Uncommon trap: reason=class_check action=maybe_recompile pc=0x00007bab5c480dcc method=java.io.Writer.write(Ljava/lang/String;)V @ 7 c2
Event: 3.060 Thread 0x00007bab6c7c9a80 DEOPT PACKING pc=0x00007bab5c480dcc sp=0x00006efe35bf6810
Event: 3.060 Thread 0x00007bab6c7c9a80 DEOPT UNPACKING pc=0x00007bab5bc6a899 sp=0x00006efe35bf67c8 mode 2
Event: 3.060 Thread 0x00007bab6c7c9a80 Uncommon trap: trap_request=0xffffffde fr.pc=0x00007bab5c47b41c relative=0x000000000000089c
Event: 3.060 Thread 0x00007bab6c7c9a80 Uncommon trap: reason=class_check action=maybe_recompile pc=0x00007bab5c47b41c method=java.nio.charset.CharsetEncoder.encode(Ljava/nio/CharBuffer;Ljava/nio/ByteBuffer;Z)Ljava/nio/charset/CoderResult; @ 57 c2
Event: 3.060 Thread 0x00007bab6c7c9a80 DEOPT PACKING pc=0x00007bab5c47b41c sp=0x00006efe35bf66c0
Event: 3.060 Thread 0x00007bab6c7c9a80 DEOPT UNPACKING pc=0x00007bab5bc6a899 sp=0x00006efe35bf6478 mode 2

Classes loaded (20 events):
Event: 2.645 Loading class java/util/ResourceBundle$KeyElementReference
Event: 2.645 Loading class java/util/ResourceBundle$CacheKeyReference
Event: 2.645 Loading class java/util/ResourceBundle$CacheKeyReference done
Event: 2.645 Loading class java/util/ResourceBundle$KeyElementReference done
Event: 2.645 Loading class java/util/ResourceBundle$Control$2
Event: 2.645 Loading class java/util/ResourceBundle$Control$2 done
Event: 2.646 Loading class sun/util/PropertyResourceBundleCharset
Event: 2.646 Loading class sun/util/PropertyResourceBundleCharset done
Event: 2.646 Loading class sun/util/PropertyResourceBundleCharset$PropertiesFileDecoder
Event: 2.646 Loading class sun/util/PropertyResourceBundleCharset$PropertiesFileDecoder done
Event: 2.648 Loading class java/util/ResourceBundle$BundleReference
Event: 2.648 Loading class java/util/ResourceBundle$BundleReference done
Event: 2.648 Loading class sun/util/ResourceBundleEnumeration
Event: 2.648 Loading class sun/util/ResourceBundleEnumeration done
Event: 2.654 Loading class sun/nio/cs/ISO_8859_1$Encoder
Event: 2.654 Loading class sun/nio/cs/ISO_8859_1$Encoder done
Event: 2.688 Loading class java/util/ResourceBundle$Control$1
Event: 2.688 Loading class java/util/ResourceBundle$Control$1 done
Event: 2.706 Loading class java/lang/foreign/MemorySegment
Event: 2.706 Loading class java/lang/foreign/MemorySegment done

Classes unloaded (0 events):
No events

Classes redefined (0 events):
No events

Internal exceptions (13 events):
Event: 2.237 Thread 0x00007bab6c02b240 Exception <a 'java/lang/NoSuchMethodError'{0x000000004033c090}: 'java.lang.Object java.lang.invoke.DirectMethodHandle$Holder.newInvokeSpecial(java.lang.Object, int, java.lang.Object)'> (0x000000004033c090) 
thrown [src/hotspot/share/interpreter/linkResolver.cpp, line 772]
Event: 2.247 Thread 0x00007bab6c02b240 Exception <a 'java/lang/NoSuchMethodError'{0x0000000040301e28}: 'void java.lang.invoke.DirectMethodHandle$Holder.invokeStatic(java.lang.Object, java.lang.Object)'> (0x0000000040301e28) 
thrown [src/hotspot/share/interpreter/linkResolver.cpp, line 772]
Event: 2.248 Thread 0x00007bab6c02b240 Exception <a 'java/lang/NoSuchMethodError'{0x0000000040305820}: 'void java.lang.invoke.DirectMethodHandle$Holder.invokeSpecial(java.lang.Object, java.lang.Object, java.lang.Object)'> (0x0000000040305820) 
thrown [src/hotspot/share/interpreter/linkResolver.cpp, line 772]
Event: 2.291 Thread 0x00007bab6c02b240 Exception <a 'java/lang/NoSuchMethodError'{0x00000000401b5ca8}: 'void java.lang.invoke.DirectMethodHandle$Holder.invokeVirtual(java.lang.Object, java.lang.Object)'> (0x00000000401b5ca8) 
thrown [src/hotspot/share/interpreter/linkResolver.cpp, line 772]
Event: 2.299 Thread 0x00007bab6c02b240 Exception <a 'java/io/FileNotFoundException'{0x0000000040188bc0}> (0x0000000040188bc0) 
thrown [src/hotspot/share/prims/jni.cpp, line 520]
Event: 2.309 Thread 0x00007bab6c02b240 Exception <a 'java/lang/NoSuchMethodError'{0x00000000401298c8}: 'java.lang.Object java.lang.invoke.Invokers$Holder.invokeExact_MT(java.lang.Object, java.lang.Object, java.lang.Object, java.lang.Object, java.lang.Object)'> (0x00000000401298c8) 
thrown [src/hotspot/share/interpreter/linkResolver.cpp, line 772]
Event: 2.499 Thread 0x00007bab6c02b240 Exception <a 'java/lang/NoSuchMethodError'{0x0000000040eb0f50}: 'void java.lang.invoke.DirectMethodHandle$Holder.invokeVirtual(java.lang.Object, java.lang.Object, int)'> (0x0000000040eb0f50) 
thrown [src/hotspot/share/interpreter/linkResolver.cpp, line 772]
Event: 2.500 Thread 0x00007bab6c02b240 Exception <a 'java/lang/NoSuchMethodError'{0x0000000040eb5678}: 'int java.lang.invoke.DirectMethodHandle$Holder.invokeSpecial(java.lang.Object, java.lang.Object, java.lang.Object, int)'> (0x0000000040eb5678) 
thrown [src/hotspot/share/interpreter/linkResolver.cpp, line 772]
Event: 2.501 Thread 0x00007bab6c02b240 Exception <a 'java/lang/NoSuchMethodError'{0x0000000040e98428}: 'java.lang.Object java.lang.invoke.DirectMethodHandle$Holder.invokeStatic(java.lang.Object, java.lang.Object, java.lang.Object, java.lang.Object, int)'> (0x0000000040e98428) 
thrown [src/hotspot/share/interpreter/linkResolver.cpp, line 772]
Event: 2.502 Thread 0x00007bab6c02b240 Exception <a 'java/lang/NoSuchMethodError'{0x0000000040e93638}: 'void java.lang.invoke.DelegatingMethodHandle$Holder.reinvoke_L(java.lang.Object, java.lang.Object, int)'> (0x0000000040e93638) 
thrown [src/hotspot/share/interpreter/linkResolver.cpp, line 772]
Event: 2.503 Thread 0x00007bab6c02b240 Exception <a 'java/lang/NoSuchMethodError'{0x0000000040e8a3a0}: 'int java.lang.invoke.DirectMethodHandle$Holder.invokeSpecial(java.lang.Object, java.lang.Object, java.lang.Object)'> (0x0000000040e8a3a0) 
thrown [src/hotspot/share/interpreter/linkResolver.cpp, line 772]
Event: 2.574 Thread 0x00007bab6c02b240 Exception <a 'java/lang/NoSuchMethodError'{0x00000000413be268}: 'void java.lang.invoke.DelegatingMethodHandle$Holder.reinvoke_L(java.lang.Object, java.lang.Object, int, int)'> (0x00000000413be268) 
thrown [src/hotspot/share/interpreter/linkResolver.cpp, line 772]
Event: 2.643 Thread 0x00007bab6c7c42d0 Exception <a 'java/lang/NoSuchMethodError'{0x0000000040973a48}: 'java.lang.Object java.lang.invoke.DirectMethodHandle$Holder.invokeInterface(java.lang.Object, java.lang.Object)'> (0x0000000040973a48) 
thrown [src/hotspot/share/interpreter/linkResolver.cpp, line 772]

ZGC Phase Switch (0 events):
No events

VM Operations (20 events):
Event: 2.728 Executing VM operation: ICBufferFull done
Event: 2.730 Executing VM operation: ICBufferFull
Event: 2.734 Executing VM operation: ICBufferFull done
Event: 2.737 Executing VM operation: ICBufferFull
Event: 2.737 Executing VM operation: ICBufferFull done
Event: 2.739 Executing VM operation: ICBufferFull
Event: 2.742 Executing VM operation: ICBufferFull done
Event: 2.743 Executing VM operation: ICBufferFull
Event: 2.743 Executing VM operation: ICBufferFull done
Event: 2.745 Executing VM operation: ICBufferFull
Event: 2.745 Executing VM operation: ICBufferFull done
Event: 2.750 Executing VM operation: ICBufferFull
Event: 2.754 Executing VM operation: ICBufferFull done
Event: 2.931 Executing VM operation: ICBufferFull
Event: 2.931 Executing VM operation: ICBufferFull done
Event: 2.932 Executing VM operation: ICBufferFull
Event: 2.939 Executing VM operation: ICBufferFull done
Event: 3.072 Executing VM operation: ThirdPartyHeapOperation
Event: 3.090 Executing VM operation: ThirdPartyHeapOperation done
Event: 3.092 Executing VM operation: ThirdPartyHeapOperation

Memory protections (20 events):
Event: 2.610 Protecting memory [0x00006efe346f8000,0x00006efe346fc000] with protection modes 0
Event: 2.610 Protecting memory [0x00006efe345f8000,0x00006efe345fc000] with protection modes 0
Event: 2.611 Protecting memory [0x00006efe344f8000,0x00006efe344fc000] with protection modes 0
Event: 2.611 Protecting memory [0x00006efe343f8000,0x00006efe343fc000] with protection modes 0
Event: 2.611 Protecting memory [0x00006efe342f8000,0x00006efe342fc000] with protection modes 0
Event: 2.611 Protecting memory [0x00006efe341f8000,0x00006efe341fc000] with protection modes 0
Event: 2.611 Protecting memory [0x00006efe340f8000,0x00006efe340fc000] with protection modes 0
Event: 2.611 Protecting memory [0x00006efd23f00000,0x00006efd23f04000] with protection modes 0
Event: 2.611 Protecting memory [0x00006efd23e00000,0x00006efd23e04000] with protection modes 0
Event: 2.611 Protecting memory [0x00006efd23d00000,0x00006efd23d04000] with protection modes 0
Event: 2.611 Protecting memory [0x00006efd23c00000,0x00006efd23c04000] with protection modes 0
Event: 2.611 Protecting memory [0x00006efd23b00000,0x00006efd23b04000] with protection modes 0
Event: 2.663 Protecting memory [0x00006efd23a00000,0x00006efd23a04000] with protection modes 0
Event: 2.668 Protecting memory [0x00006efd23900000,0x00006efd23904000] with protection modes 0
Event: 2.685 Protecting memory [0x00006efd23800000,0x00006efd23804000] with protection modes 0
Event: 2.705 Protecting memory [0x00006efd23700000,0x00006efd23704000] with protection modes 0
Event: 2.706 Protecting memory [0x00006efd23600000,0x00006efd23604000] with protection modes 0
Event: 2.708 Protecting memory [0x00006efd23500000,0x00006efd23504000] with protection modes 0
Event: 2.714 Protecting memory [0x00006efd23400000,0x00006efd23404000] with protection modes 0
Event: 2.714 Protecting memory [0x00006efd23300000,0x00006efd23304000] with protection modes 0

Nmethod flushes (0 events):
No events

Events (20 events):
Event: 2.610 Thread 0x00007bab6c02b240 Thread added: 0x00007bab6c5c6300
Event: 2.610 Thread 0x00007bab6c02b240 Thread added: 0x00007bab6c5c78e0
Event: 2.611 Thread 0x00007bab6c02b240 Thread added: 0x00007bab6c5c8ec0
Event: 2.611 Thread 0x00007bab6c02b240 Thread added: 0x00007bab6c7c1b40
Event: 2.611 Thread 0x00007bab6c02b240 Thread added: 0x00007bab6c7c2e30
Event: 2.611 Thread 0x00007bab6c02b240 Thread added: 0x00007bab6c7c42d0
Event: 2.611 Thread 0x00007bab6c02b240 Thread added: 0x00007bab6c7c5770
Event: 2.611 Thread 0x00007bab6c02b240 Thread added: 0x00007bab6c7c6c10
Event: 2.611 Thread 0x00007bab6c02b240 Thread added: 0x00007bab6c7c84a0
Event: 2.611 Thread 0x00007bab6c02b240 Thread added: 0x00007bab6c5d8410
Event: 2.611 Thread 0x00007bab6c02b240 Thread added: 0x00007bab6c5d9de0
Event: 2.611 Thread 0x00007bab6c02b240 Thread added: 0x00007bab6c5db670
Event: 2.663 Thread 0x00006efd9402a770 Thread added: 0x00006efd8c15ff20
Event: 2.668 Thread 0x00006efdb0045620 Thread added: 0x00006efda40ae100
Event: 2.685 Thread 0x00007bab6c557710 Thread added: 0x00006efdb00f1150
Event: 2.705 Thread 0x00006efdb007cc00 Thread added: 0x00006efd98043d60
Event: 2.705 Thread 0x00006efdb007cc00 Thread added: 0x00006efd98045670
Event: 2.707 Thread 0x00007bab6c557710 Thread added: 0x00006efdb012d6a0
Event: 2.714 Thread 0x00006efdb007cc00 Thread added: 0x00006efd98050b20
Event: 2.714 Thread 0x00006efdb007cc00 Thread added: 0x00006efd98051db0


Dynamic libraries:
40000000-40400000 rw-p 00000000 00:00 0                                  [anon:mmtk:space:immix]
40400000-40800000 rw-p 00000000 00:00 0                                  [anon:mmtk:space:los]
40800000-41400000 rw-p 00000000 00:00 0                                  [anon:mmtk:space:immix]
41400000-41c00000 rw-p 00000000 00:00 0                                  [anon:mmtk:space:los]
41c00000-42400000 rw-p 00000000 00:00 0                                  [anon:mmtk:space:immix]
42400000-42800000 rw-p 00000000 00:00 0                                  [anon:mmtk:space:los]
42800000-42c00000 rw-p 00000000 00:00 0                                  [anon:mmtk:space:immix]
42c00000-43000000 rw-p 00000000 00:00 0                                  [anon:mmtk:space:los]
43000000-43800000 rw-p 00000000 00:00 0                                  [anon:mmtk:space:immix]
43800000-43c00000 rw-p 00000000 00:00 0                                  [anon:mmtk:space:los]
43c00000-44400000 rw-p 00000000 00:00 0                                  [anon:mmtk:space:immix]
44400000-44800000 rw-p 00000000 00:00 0                                  [anon:mmtk:space:los]
44800000-45000000 rw-p 00000000 00:00 0                                  [anon:mmtk:space:immix]
45000000-45400000 rw-p 00000000 00:00 0                                  [anon:mmtk:space:los]
45400000-45800000 rw-p 00000000 00:00 0                                  [anon:mmtk:space:immix]
45800000-45c00000 rw-p 00000000 00:00 0                                  [anon:mmtk:space:los]
45c00000-46400000 rw-p 00000000 00:00 0                                  [anon:mmtk:space:immix]
46400000-46800000 rw-p 00000000 00:00 0                                  [anon:mmtk:space:los]
46800000-46c00000 rw-p 00000000 00:00 0                                  [anon:mmtk:space:immix]
46c00000-47000000 rw-p 00000000 00:00 0                                  [anon:mmtk:space:los]
47000000-47800000 rw-p 00000000 00:00 0                                  [anon:mmtk:space:immix]
47800000-47c00000 rw-p 00000000 00:00 0                                  [anon:mmtk:space:los]
47c00000-48400000 rw-p 00000000 00:00 0                                  [anon:mmtk:space:immix]
48400000-48800000 rw-p 00000000 00:00 0                                  [anon:mmtk:space:los]
48800000-48c00000 rw-p 00000000 00:00 0                                  [anon:mmtk:space:immix]
48c00000-49000000 rw-p 00000000 00:00 0                                  [anon:mmtk:space:los]
49000000-49400000 rw-p 00000000 00:00 0                                  [anon:mmtk:space:immix]
49400000-49800000 rw-p 00000000 00:00 0                                  [anon:mmtk:space:los]
49800000-4a000000 rw-p 00000000 00:00 0                                  [anon:mmtk:space:immix]
4a000000-4a400000 rw-p 00000000 00:00 0                                  [anon:mmtk:space:los]
4a400000-4ac00000 rw-p 00000000 00:00 0                                  [anon:mmtk:space:immix]
4ac00000-4b000000 rw-p 00000000 00:00 0                                  [anon:mmtk:space:los]
4b000000-4b400000 rw-p 00000000 00:00 0                                  [anon:mmtk:space:immix]
4b400000-4b800000 rw-p 00000000 00:00 0                                  [anon:mmtk:space:los]
4b800000-4bc00000 rw-p 00000000 00:00 0                                  [anon:mmtk:space:immix]
4bc00000-4c000000 rw-p 00000000 00:00 0                                  [anon:mmtk:space:los]
4c000000-4c800000 rw-p 00000000 00:00 0                                  [anon:mmtk:space:immix]
4c800000-4cc00000 rw-p 00000000 00:00 0                                  [anon:mmtk:space:los]
4cc00000-4d800000 rw-p 00000000 00:00 0                                  [anon:mmtk:space:immix]
4d800000-4dc00000 rw-p 00000000 00:00 0                                  [anon:mmtk:space:los]
4dc00000-4e000000 rw-p 00000000 00:00 0                                  [anon:mmtk:space:immix]
4e000000-4e400000 rw-p 00000000 00:00 0                                  [anon:mmtk:space:los]
4e400000-4e800000 rw-p 00000000 00:00 0                                  [anon:mmtk:space:immix]
4e800000-4ec00000 rw-p 00000000 00:00 0                                  [anon:mmtk:space:los]
4ec00000-4f400000 rw-p 00000000 00:00 0                                  [anon:mmtk:space:immix]
4f400000-4f800000 rw-p 00000000 00:00 0                                  [anon:mmtk:space:los]
4f800000-4fc00000 rw-p 00000000 00:00 0                                  [anon:mmtk:space:immix]
4fc00000-50000000 rw-p 00000000 00:00 0                                  [anon:mmtk:space:los]
50000000-50400000 rw-p 00000000 00:00 0                                  [anon:mmtk:space:immix]
200000000000-2000c00c0000 rw-s 00000000 00:10 68                         anon_inode:bpf-map
605272518000-605272519000 r--p 00000000 fc:00 49676337                   /mydata/openjdk-mmtk/build/b0test/images/jdk/bin/java
605272519000-60527251a000 r-xp 00001000 fc:00 49676337                   /mydata/openjdk-mmtk/build/b0test/images/jdk/bin/java
60527251a000-60527251b000 r--p 00002000 fc:00 49676337                   /mydata/openjdk-mmtk/build/b0test/images/jdk/bin/java
60527251b000-60527251c000 r--p 00002000 fc:00 49676337                   /mydata/openjdk-mmtk/build/b0test/images/jdk/bin/java
60527251c000-60527251d000 rw-p 00003000 fc:00 49676337                   /mydata/openjdk-mmtk/build/b0test/images/jdk/bin/java
6052ada01000-6052ada49000 rw-p 00000000 00:00 0                          [heap]
6efcec000000-6efcec428000 rw-p 00000000 00:00 0 
6efcec428000-6efcf0000000 ---p 00000000 00:00 0 
6efcf0000000-6efcf0690000 rw-p 00000000 00:00 0 
6efcf0690000-6efcf4000000 ---p 00000000 00:00 0 
6efcf4000000-6efcf46af000 rw-p 00000000 00:00 0 
6efcf46af000-6efcf8000000 ---p 00000000 00:00 0 
6efcf8000000-6efcf87a9000 rw-p 00000000 00:00 0 
6efcf87a9000-6efcfc000000 ---p 00000000 00:00 0 
6efcfc000000-6efcfc95e000 rw-p 00000000 00:00 0 
6efcfc95e000-6efd00000000 ---p 00000000 00:00 0 
6efd00000000-6efd0079b000 rw-p 00000000 00:00 0 
6efd0079b000-6efd04000000 ---p 00000000 00:00 0 
6efd04000000-6efd04cd5000 rw-p 00000000 00:00 0 
6efd04cd5000-6efd08000000 ---p 00000000 00:00 0 
6efd08000000-6efd08171000 rw-p 00000000 00:00 0 
6efd08171000-6efd0c000000 ---p 00000000 00:00 0 
6efd0c000000-6efd0c021000 rw-p 00000000 00:00 0 
6efd0c021000-6efd10000000 ---p 00000000 00:00 0 
6efd10000000-6efd1002b000 rw-p 00000000 00:00 0 
6efd1002b000-6efd14000000 ---p 00000000 00:00 0 
6efd14000000-6efd14021000 rw-p 00000000 00:00 0 
6efd14021000-6efd18000000 ---p 00000000 00:00 0 
6efd18000000-6efd18021000 rw-p 00000000 00:00 0 
6efd18021000-6efd1c000000 ---p 00000000 00:00 0 
6efd1c000000-6efd1c021000 rw-p 00000000 00:00 0 
6efd1c021000-6efd20000000 ---p 00000000 00:00 0 
6efd23300000-6efd23304000 ---p 00000000 00:00 0 
6efd23304000-6efd23400000 rw-p 00000000 00:00 0 
6efd23400000-6efd23404000 ---p 00000000 00:00 0 
6efd23404000-6efd23500000 rw-p 00000000 00:00 0 
6efd23500000-6efd23504000 ---p 00000000 00:00 0 
6efd23504000-6efd23600000 rw-p 00000000 00:00 0 
6efd23600000-6efd23604000 ---p 00000000 00:00 0 
6efd23604000-6efd23700000 rw-p 00000000 00:00 0 
6efd23700000-6efd23704000 ---p 00000000 00:00 0 
6efd23704000-6efd23800000 rw-p 00000000 00:00 0 
6efd23800000-6efd23804000 ---p 00000000 00:00 0 
6efd23804000-6efd23900000 rw-p 00000000 00:00 0 
6efd23900000-6efd23904000 ---p 00000000 00:00 0 
6efd23904000-6efd23a00000 rw-p 00000000 00:00 0 
6efd23a00000-6efd23a04000 ---p 00000000 00:00 0 
6efd23a04000-6efd23b00000 rw-p 00000000 00:00 0 
6efd23b00000-6efd23b04000 ---p 00000000 00:00 0 
6efd23b04000-6efd23c00000 rw-p 00000000 00:00 0 
6efd23c00000-6efd23c04000 ---p 00000000 00:00 0 
6efd23c04000-6efd23d00000 rw-p 00000000 00:00 0 
6efd23d00000-6efd23d04000 ---p 00000000 00:00 0 
6efd23d04000-6efd23e00000 rw-p 00000000 00:00 0 
6efd23e00000-6efd23e04000 ---p 00000000 00:00 0 
6efd23e04000-6efd23f00000 rw-p 00000000 00:00 0 
6efd23f00000-6efd23f04000 ---p 00000000 00:00 0 
6efd23f04000-6efd24000000 rw-p 00000000 00:00 0 
6efd24000000-6efd24050000 rw-p 00000000 00:00 0 
6efd24050000-6efd28000000 ---p 00000000 00:00 0 
6efd28000000-6efd28021000 rw-p 00000000 00:00 0 
6efd28021000-6efd2c000000 ---p 00000000 00:00 0 
6efd2c000000-6efd2c026000 rw-p 00000000 00:00 0 
6efd2c026000-6efd30000000 ---p 00000000 00:00 0 
6efd30000000-6efd30022000 rw-p 00000000 00:00 0 
6efd30022000-6efd34000000 ---p 00000000 00:00 0 
6efd34000000-6efd34028000 rw-p 00000000 00:00 0 
6efd34028000-6efd38000000 ---p 00000000 00:00 0 
6efd38000000-6efd38021000 rw-p 00000000 00:00 0 
6efd38021000-6efd3c000000 ---p 00000000 00:00 0 
6efd3c000000-6efd3c021000 rw-p 00000000 00:00 0 
6efd3c021000-6efd40000000 ---p 00000000 00:00 0 
6efd40000000-6efd40021000 rw-p 00000000 00:00 0 
6efd40021000-6efd44000000 ---p 00000000 00:00 0 
6efd44000000-6efd44021000 rw-p 00000000 00:00 0 
6efd44021000-6efd48000000 ---p 00000000 00:00 0 
6efd48000000-6efd48021000 rw-p 00000000 00:00 0 
6efd48021000-6efd4c000000 ---p 00000000 00:00 0 
6efd4c000000-6efd4c068000 rw-p 00000000 00:00 0 
6efd4c068000-6efd50000000 ---p 00000000 00:00 0 
6efd50000000-6efd5003e000 rw-p 00000000 00:00 0 
6efd5003e000-6efd54000000 ---p 00000000 00:00 0 
6efd54000000-6efd54021000 rw-p 00000000 00:00 0 
6efd54021000-6efd58000000 ---p 00000000 00:00 0 
6efd58000000-6efd58021000 rw-p 00000000 00:00 0 
6efd58021000-6efd5c000000 ---p 00000000 00:00 0 
6efd5c000000-6efd5c021000 rw-p 00000000 00:00 0 
6efd5c021000-6efd60000000 ---p 00000000 00:00 0 
6efd60000000-6efd60021000 rw-p 00000000 00:00 0 
6efd60021000-6efd64000000 ---p 00000000 00:00 0 
6efd64000000-6efd64026000 rw-p 00000000 00:00 0 
6efd64026000-6efd68000000 ---p 00000000 00:00 0 
6efd68000000-6efd68021000 rw-p 00000000 00:00 0 
6efd68021000-6efd6c000000 ---p 00000000 00:00 0 
6efd6c000000-6efd6c05a000 rw-p 00000000 00:00 0 
6efd6c05a000-6efd70000000 ---p 00000000 00:00 0 
6efd70000000-6efd7004b000 rw-p 00000000 00:00 0 
6efd7004b000-6efd74000000 ---p 00000000 00:00 0 
6efd74000000-6efd74021000 rw-p 00000000 00:00 0 
6efd74021000-6efd78000000 ---p 00000000 00:00 0 
6efd78000000-6efd78021000 rw-p 00000000 00:00 0 
6efd78021000-6efd7c000000 ---p 00000000 00:00 0 
6efd7c000000-6efd7c021000 rw-p 00000000 00:00 0 
6efd7c021000-6efd80000000 ---p 00000000 00:00 0 
6efd80000000-6efd80021000 rw-p 00000000 00:00 0 
6efd80021000-6efd84000000 ---p 00000000 00:00 0 
6efd84000000-6efd84021000 rw-p 00000000 00:00 0 
6efd84021000-6efd88000000 ---p 00000000 00:00 0 
6efd88000000-6efd88028000 rw-p 00000000 00:00 0 
6efd88028000-6efd8c000000 ---p 00000000 00:00 0 
6efd8c000000-6efd8cc6c000 rw-p 00000000 00:00 0 
6efd8cc6c000-6efd90000000 ---p 00000000 00:00 0 
6efd90000000-6efd9004d000 rw-p 00000000 00:00 0 
6efd9004d000-6efd94000000 ---p 00000000 00:00 0 
6efd94000000-6efd947fd000 rw-p 00000000 00:00 0 
6efd947fd000-6efd98000000 ---p 00000000 00:00 0 
6efd98000000-6efd9835d000 rw-p 00000000 00:00 0 
6efd9835d000-6efd9c000000 ---p 00000000 00:00 0 
6efd9c000000-6efd9c021000 rw-p 00000000 00:00 0 
6efd9c021000-6efda0000000 ---p 00000000 00:00 0 
6efda0000000-6efda0021000 rw-p 00000000 00:00 0 
6efda0021000-6efda4000000 ---p 00000000 00:00 0 
6efda4000000-6efda4337000 rw-p 00000000 00:00 0 
6efda4337000-6efda8000000 ---p 00000000 00:00 0 
6efda8000000-6efda8212000 rw-p 00000000 00:00 0 
6efda8212000-6efdac000000 ---p 00000000 00:00 0 
6efdac000000-6efdac757000 rw-p 00000000 00:00 0 
6efdac757000-6efdb0000000 ---p 00000000 00:00 0 
6efdb0000000-6efdb0221000 rw-p 00000000 00:00 0 
6efdb0221000-6efdb4000000 ---p 00000000 00:00 0 
6efdb4000000-6efdb4021000 rw-p 00000000 00:00 0 
6efdb4021000-6efdb8000000 ---p 00000000 00:00 0 
6efdb8000000-6efdb8021000 rw-p 00000000 00:00 0 
6efdb8021000-6efdbc000000 ---p 00000000 00:00 0 
6efdbc000000-6efdbc02d000 rw-p 00000000 00:00 0 
6efdbc02d000-6efdc0000000 ---p 00000000 00:00 0 
6efdc0000000-6efdc0021000 rw-p 00000000 00:00 0 
6efdc0021000-6efdc4000000 ---p 00000000 00:00 0 
6efdc4000000-6efdc403a000 rw-p 00000000 00:00 0 
6efdc403a000-6efdc8000000 ---p 00000000 00:00 0 
6efdc8000000-6efdc803a000 rw-p 00000000 00:00 0 
6efdc803a000-6efdcc000000 ---p 00000000 00:00 0 
6efdcc000000-6efdcc032000 rw-p 00000000 00:00 0 
6efdcc032000-6efdd0000000 ---p 00000000 00:00 0 
6efdd0000000-6efdd0044000 rw-p 00000000 00:00 0 
6efdd0044000-6efdd4000000 ---p 00000000 00:00 0 
6efdd4000000-6efdd417f000 rw-p 00000000 00:00 0 
6efdd417f000-6efdd8000000 ---p 00000000 00:00 0 
6efdd8000000-6efdd802b000 rw-p 00000000 00:00 0 
6efdd802b000-6efddc000000 ---p 00000000 00:00 0 
6efddc000000-6efddc021000 rw-p 00000000 00:00 0 
6efddc021000-6efde0000000 ---p 00000000 00:00 0 
6efde0000000-6efde0032000 rw-p 00000000 00:00 0 
6efde0032000-6efde4000000 ---p 00000000 00:00 0 
6efde4000000-6efde4021000 rw-p 00000000 00:00 0 
6efde4021000-6efde8000000 ---p 00000000 00:00 0 
6efde8000000-6efde8022000 rw-p 00000000 00:00 0 
6efde8022000-6efdec000000 ---p 00000000 00:00 0 
6efdec000000-6efdec04b000 rw-p 00000000 00:00 0 
6efdec04b000-6efdf0000000 ---p 00000000 00:00 0 
6efdf0000000-6efdf0021000 rw-p 00000000 00:00 0 
6efdf0021000-6efdf4000000 ---p 00000000 00:00 0 
6efdf4000000-6efdf4021000 rw-p 00000000 00:00 0 
6efdf4021000-6efdf8000000 ---p 00000000 00:00 0 
6efdf8000000-6efdf8033000 rw-p 00000000 00:00 0 
6efdf8033000-6efdfc000000 ---p 00000000 00:00 0 
6efdfc000000-6efdfc021000 rw-p 00000000 00:00 0 
6efdfc021000-6efe00000000 ---p 00000000 00:00 0 
6efe00000000-6efe0003a000 rw-p 00000000 00:00 0 
6efe0003a000-6efe04000000 ---p 00000000 00:00 0 
6efe04000000-6efe0403b000 rw-p 00000000 00:00 0 
6efe0403b000-6efe08000000 ---p 00000000 00:00 0 
6efe08000000-6efe08042000 rw-p 00000000 00:00 0 
6efe08042000-6efe0c000000 ---p 00000000 00:00 0 
6efe0c000000-6efe0c021000 rw-p 00000000 00:00 0 
6efe0c021000-6efe10000000 ---p 00000000 00:00 0 
6efe10000000-6efe10023000 rw-p 00000000 00:00 0 
6efe10023000-6efe14000000 ---p 00000000 00:00 0 
6efe14000000-6efe1403b000 rw-p 00000000 00:00 0 
6efe1403b000-6efe18000000 ---p 00000000 00:00 0 
6efe18000000-6efe18040000 rw-p 00000000 00:00 0 
6efe18040000-6efe1c000000 ---p 00000000 00:00 0 
6efe1c000000-6efe1c021000 rw-p 00000000 00:00 0 
6efe1c021000-6efe20000000 ---p 00000000 00:00 0 
6efe20000000-6efe20021000 rw-p 00000000 00:00 0 
6efe20021000-6efe24000000 ---p 00000000 00:00 0 
6efe24000000-6efe24021000 rw-p 00000000 00:00 0 
6efe24021000-6efe28000000 ---p 00000000 00:00 0 
6efe28000000-6efe28021000 rw-p 00000000 00:00 0 
6efe28021000-6efe2c000000 ---p 00000000 00:00 0 
6efe2c000000-6efe2c280000 rw-p 00000000 00:00 0 
6efe2c280000-6efe2c400000 ---p 00000000 00:00 0 
6efe2c400000-6efe2c8b0000 rw-p 00000000 00:00 0 
6efe2c8b0000-6efe30000000 ---p 00000000 00:00 0 
6efe30000000-6efe30021000 rw-p 00000000 00:00 0 
6efe30021000-6efe34000000 ---p 00000000 00:00 0 
6efe340f8000-6efe340fc000 ---p 00000000 00:00 0 
6efe340fc000-6efe341f8000 rw-p 00000000 00:00 0 
6efe341f8000-6efe341fc000 ---p 00000000 00:00 0 
6efe341fc000-6efe342f8000 rw-p 00000000 00:00 0 
6efe342f8000-6efe342fc000 ---p 00000000 00:00 0 
6efe342fc000-6efe343f8000 rw-p 00000000 00:00 0 
6efe343f8000-6efe343fc000 ---p 00000000 00:00 0 
6efe343fc000-6efe344f8000 rw-p 00000000 00:00 0 
6efe344f8000-6efe344fc000 ---p 00000000 00:00 0 
6efe344fc000-6efe345f8000 rw-p 00000000 00:00 0 
6efe345f8000-6efe345fc000 ---p 00000000 00:00 0 
6efe345fc000-6efe346f8000 rw-p 00000000 00:00 0 
6efe346f8000-6efe346fc000 ---p 00000000 00:00 0 
6efe346fc000-6efe347f8000 rw-p 00000000 00:00 0 
6efe347f8000-6efe347fc000 ---p 00000000 00:00 0 
6efe347fc000-6efe348f8000 rw-p 00000000 00:00 0 
6efe348f8000-6efe348fc000 ---p 00000000 00:00 0 
6efe348fc000-6efe349f8000 rw-p 00000000 00:00 0 
6efe349f8000-6efe349fc000 ---p 00000000 00:00 0 
6efe349fc000-6efe34af8000 rw-p 00000000 00:00 0 
6efe34af8000-6efe34afc000 ---p 00000000 00:00 0 
6efe34afc000-6efe34bf8000 rw-p 00000000 00:00 0 
6efe34bf8000-6efe34bfc000 ---p 00000000 00:00 0 
6efe34bfc000-6efe34cf8000 rw-p 00000000 00:00 0 
6efe34cf8000-6efe34cfc000 ---p 00000000 00:00 0 
6efe34cfc000-6efe34df8000 rw-p 00000000 00:00 0 
6efe34df8000-6efe34dfc000 ---p 00000000 00:00 0 
6efe34dfc000-6efe34ef8000 rw-p 00000000 00:00 0 
6efe34ef8000-6efe34efc000 ---p 00000000 00:00 0 
6efe34efc000-6efe34ff8000 rw-p 00000000 00:00 0 
6efe34ff8000-6efe34ffc000 ---p 00000000 00:00 0 
6efe34ffc000-6efe350f8000 rw-p 00000000 00:00 0 
6efe350f8000-6efe350fc000 ---p 00000000 00:00 0 
6efe350fc000-6efe351f8000 rw-p 00000000 00:00 0 
6efe351f8000-6efe351fc000 ---p 00000000 00:00 0 
6efe351fc000-6efe352f8000 rw-p 00000000 00:00 0 
6efe352f8000-6efe352fc000 ---p 00000000 00:00 0 
6efe352fc000-6efe353f8000 rw-p 00000000 00:00 0 
6efe353f8000-6efe353fc000 ---p 00000000 00:00 0 
6efe353fc000-6efe354f8000 rw-p 00000000 00:00 0 
6efe354f8000-6efe354fc000 ---p 00000000 00:00 0 
6efe354fc000-6efe355f8000 rw-p 00000000 00:00 0 
6efe355f8000-6efe355fc000 ---p 00000000 00:00 0 
6efe355fc000-6efe356f8000 rw-p 00000000 00:00 0 
6efe356f8000-6efe356fc000 ---p 00000000 00:00 0 
6efe356fc000-6efe357f8000 rw-p 00000000 00:00 0 
6efe357f8000-6efe357fc000 ---p 00000000 00:00 0 
6efe357fc000-6efe358f8000 rw-p 00000000 00:00 0 
6efe358f8000-6efe358fc000 ---p 00000000 00:00 0 
6efe358fc000-6efe359f8000 rw-p 00000000 00:00 0 
6efe359f8000-6efe359fc000 ---p 00000000 00:00 0 
6efe359fc000-6efe35af8000 rw-p 00000000 00:00 0 
6efe35af8000-6efe35afc000 ---p 00000000 00:00 0 
6efe35afc000-6efe35bf8000 rw-p 00000000 00:00 0 
6efe35bf8000-6efe35bfc000 ---p 00000000 00:00 0 
6efe35bfc000-6efe35cf8000 rw-p 00000000 00:00 0 
6efe35cf8000-6efe35cfc000 ---p 00000000 00:00 0 
6efe35cfc000-6efe35df8000 rw-p 00000000 00:00 0 
6efe35df8000-6efe35dfc000 ---p 00000000 00:00 0 
6efe35dfc000-6efe35ef8000 rw-p 00000000 00:00 0 
6efe35ef8000-6efe35efc000 ---p 00000000 00:00 0 
6efe35efc000-6efe35ff8000 rw-p 00000000 00:00 0 
6efe35ff8000-6efe35ffc000 ---p 00000000 00:00 0 
6efe35ffc000-6efe360f8000 rw-p 00000000 00:00 0 
6efe360f8000-6efe360fc000 ---p 00000000 00:00 0 
6efe360fc000-6efe361f8000 rw-p 00000000 00:00 0 
6efe361f8000-6efe361fc000 ---p 00000000 00:00 0 
6efe361fc000-6efe362f8000 rw-p 00000000 00:00 0 
6efe362f8000-6efe362fc000 ---p 00000000 00:00 0 
6efe362fc000-6efe363f8000 rw-p 00000000 00:00 0 
6efe363f8000-6efe363fc000 ---p 00000000 00:00 0 
6efe363fc000-6efe364f8000 rw-p 00000000 00:00 0 
6efe364f8000-6efe364fc000 ---p 00000000 00:00 0 
6efe364fc000-6efe365f8000 rw-p 00000000 00:00 0 
6efe365f8000-6efe365fc000 ---p 00000000 00:00 0 
6efe365fc000-6efe366f8000 rw-p 00000000 00:00 0 
6efe366f8000-6efe366fc000 ---p 00000000 00:00 0 
6efe366fc000-6efe367f8000 rw-p 00000000 00:00 0 
6efe367f8000-6efe367f9000 ---p 00000000 00:00 0 
6efe367f9000-6efe368f9000 rw-p 00000000 00:00 0 
6efe368f9000-6efe368fa000 ---p 00000000 00:00 0 
6efe368fa000-6efe369fa000 rw-p 00000000 00:00 0 
6efe369fa000-6efe369fb000 ---p 00000000 00:00 0 
6efe369fb000-6efe36afb000 rw-p 00000000 00:00 0 
6efe36afb000-6efe36afc000 ---p 00000000 00:00 0 
6efe36afc000-6efe36bfc000 rw-p 00000000 00:00 0 
6efe36bfc000-6efe36bfd000 ---p 00000000 00:00 0 
6efe36bfd000-6efe36cfd000 rw-p 00000000 00:00 0 
6efe36cfd000-6efe36cfe000 ---p 00000000 00:00 0 
6efe36cfe000-6efe36dfe000 rw-p 00000000 00:00 0 
6efe36dfe000-6efe36dff000 ---p 00000000 00:00 0 
6efe36dff000-6efe36eff000 rw-p 00000000 00:00 0 
6efe36eff000-6efe36f00000 ---p 00000000 00:00 0 
6efe36f00000-6efe37000000 rw-p 00000000 00:00 0 
6efe37000000-6efe37ca3000 rw-p 00001000 fc:00 49677042                   /mydata/openjdk-mmtk/build/b0test/images/jdk/lib/server/classes.jsa
6efe37ca3000-6efe38000000 ---p 00000000 00:00 0 
6efe38000000-6efe38040000 rw-p 00000000 00:00 0 
6efe38040000-6efe38110000 rw-p 00000000 00:00 0 
6efe38110000-6efe78000000 ---p 00000000 00:00 0 
6efe78000000-6efe78021000 rw-p 00000000 00:00 0 
6efe78021000-6efe7c000000 ---p 00000000 00:00 0 
6efe7c0f3000-6efe7c0f4000 ---p 00000000 00:00 0 
6efe7c0f4000-6efe7c1f4000 rw-p 00000000 00:00 0 
6efe7c1f4000-6efe7c1f5000 ---p 00000000 00:00 0 
6efe7c1f5000-6efe7c2f5000 rw-p 00000000 00:00 0 
6efe7c2f5000-6efe7c2f6000 ---p 00000000 00:00 0 
6efe7c2f6000-6efe7c3f6000 rw-p 00000000 00:00 0 
6efe7c3f6000-6efe7c3f7000 ---p 00000000 00:00 0 
6efe7c3f7000-6efe7c4f7000 rw-p 00000000 00:00 0 
6efe7c4f7000-6efe7c4f8000 ---p 00000000 00:00 0 
6efe7c4f8000-6efe7c5f8000 rw-p 00000000 00:00 0 
6efe7c5f8000-6efe7c5f9000 ---p 00000000 00:00 0 
6efe7c5f9000-6efe7c6f9000 rw-p 00000000 00:00 0 
6efe7c6f9000-6efe7c6fa000 ---p 00000000 00:00 0 
6efe7c6fa000-6efe7c7fa000 rw-p 00000000 00:00 0 
6efe7c7fa000-6efe7c7fb000 ---p 00000000 00:00 0 
6efe7c7fb000-6efe7c8fb000 rw-p 00000000 00:00 0 
6efe7c8fb000-6efe7c8fc000 ---p 00000000 00:00 0 
6efe7c8fc000-6efe7c9fc000 rw-p 00000000 00:00 0 
6efe7c9fc000-6efe7c9fd000 ---p 00000000 00:00 0 
6efe7c9fd000-6efe7cafd000 rw-p 00000000 00:00 0 
6efe7cafd000-6efe7cafe000 ---p 00000000 00:00 0 
6efe7cafe000-6efe7cbfe000 rw-p 00000000 00:00 0 
6efe7cbfe000-6efe7cbff000 ---p 00000000 00:00 0 
6efe7cbff000-6efe7ccff000 rw-p 00000000 00:00 0 
6efe7ccff000-6efe7cd00000 ---p 00000000 00:00 0 
6efe7cd00000-6efe7ce00000 rw-p 00000000 00:00 0 
6efe7ce00000-6efe7d0eb000 r--p 00000000 08:03 1410552                    /usr/lib/locale/locale-archive
6efe7d0ff000-6efe7d100000 ---p 00000000 00:00 0 
6efe7d100000-6efe7d200000 rw-p 00000000 00:00 0 
6efe7d200000-6efe80200000 rw-p 00000000 00:00 0 
6efe802fb000-6efe802fc000 ---p 00000000 00:00 0 
6efe802fc000-6efe803fc000 rw-p 00000000 00:00 0 
6efe803fc000-6efeb0400000 rw-p 00000000 00:00 0 
6efeb0400000-6efeb1400000 ---p 00000000 00:00 0                          [anon:mmtk:sidemeta:all:all-quarantined]
6efeb1400000-6efeb1c00000 rw-p 00000000 00:00 0                          [anon:mmtk:sidemeta:immix:VO_BIT]
6efeb1c00000-70feb2400000 ---p 00000000 00:00 0                          [anon:mmtk:sidemeta:all:all-quarantined]
70feb2400000-70feb2800000 rw-p 00000000 00:00 0                          [anon:mmtk:sidemeta:immix:CHUNK_MARK]
70feb2800000-70feb5400000 ---p 00000000 00:00 0                          [anon:mmtk:sidemeta:all:all-quarantined]
70feb5400000-70feb5c00000 rw-p 00000000 00:00 0                          [anon:mmtk:sidemeta:immix:VMGlobalLogBitSpec]
70feb5c00000-7306b4800000 ---p 00000000 00:00 0                          [anon:mmtk:sidemeta:all:all-quarantined]
7306b4800000-7306b4c00000 rw-p 00000000 00:00 0                          [anon:mmtk:sidemeta:immix:IX_LINE_MARK]
7306b4c00000-7386b4400000 ---p 00000000 00:00 0                          [anon:mmtk:sidemeta:all:all-quarantined]
7386b4400000-7386b4800000 rw-p 00000000 00:00 0                          [anon:mmtk:sidemeta:immix:IX_BLOCK_DEFRAG]
7386b4800000-7387b4400000 ---p 00000000 00:00 0                          [anon:mmtk:sidemeta:all:all-quarantined]
7387b4400000-7387b4800000 rw-p 00000000 00:00 0                          [anon:mmtk:sidemeta:immix:IX_BLOCK_MARK]
7387b4800000-79a934400000 ---p 00000000 00:00 0                          [anon:mmtk:sidemeta:all:all-quarantined]
79a934400000-79a934800000 rw-p 00000000 00:00 0                          [anon:mmtk:sidemeta:los:VMLocalLOSMarkNurserySpec]
79a934800000-79ab35400000 ---p 00000000 00:00 0                          [anon:mmtk:sidemeta:all:all-quarantined]
79ab35400000-79ab35c00000 rw-p 00000000 00:00 0                          [anon:mmtk:sidemeta:immix:VMLocalMarkBitSpec]
79ab35c00000-7bab34400000 ---p 00000000 00:00 0                          [anon:mmtk:sidemeta:all:all-quarantined]
7bab344ff000-7bab34503000 ---p 00000000 00:00 0 
7bab34503000-7bab345ff000 rw-p 00000000 00:00 0 
7bab345ff000-7bab34603000 ---p 00000000 00:00 0 
7bab34603000-7bab346ff000 rw-p 00000000 00:00 0 
7bab346ff000-7bab34703000 ---p 00000000 00:00 0 
7bab34703000-7bab347ff000 rw-p 00000000 00:00 0 
7bab347ff000-7bab54800000 rw-p 00000000 00:00 0 
7bab54800000-7bab54e80000 rwxp 00000000 00:00 0 
7bab54e80000-7bab5bc17000 ---p 00000000 00:00 0 
7bab5bc17000-7bab5bfa7000 rwxp 00000000 00:00 0 
7bab5bfa7000-7bab5c3e8000 ---p 00000000 00:00 0 
7bab5c3e8000-7bab5c658000 rwxp 00000000 00:00 0 
7bab5c658000-7bab63800000 ---p 00000000 00:00 0 
7bab63800000-7bab6bfa0000 r--s 00000000 fc:00 49676297                   /mydata/openjdk-mmtk/build/b0test/images/jdk/lib/modules
7bab6c000000-7bab6c7f2000 rw-p 00000000 00:00 0 
7bab6c7f2000-7bab70000000 ---p 00000000 00:00 0 
7bab7002b000-7bab70030000 r--p 00000000 fc:00 49676417                   /mydata/openjdk-mmtk/build/b0test/images/jdk/lib/libjsvml.so
7bab70030000-7bab70071000 r-xp 00005000 fc:00 49676417                   /mydata/openjdk-mmtk/build/b0test/images/jdk/lib/libjsvml.so
7bab70071000-7bab700fa000 r--p 00046000 fc:00 49676417                   /mydata/openjdk-mmtk/build/b0test/images/jdk/lib/libjsvml.so
7bab700fa000-7bab700fb000 r--p 000ce000 fc:00 49676417                   /mydata/openjdk-mmtk/build/b0test/images/jdk/lib/libjsvml.so
7bab700fb000-7bab700fc000 rw-p 000cf000 fc:00 49676417                   /mydata/openjdk-mmtk/build/b0test/images/jdk/lib/libjsvml.so
7bab700fc000-7bab700fd000 ---p 00000000 00:00 0 
7bab700fd000-7bab701fd000 rw-p 00000000 00:00 0 
7bab701fd000-7bab701fe000 ---p 00000000 00:00 0 
7bab701fe000-7bab702fe000 rw-p 00000000 00:00 0 
7bab702fe000-7bab702ff000 ---p 00000000 00:00 0 
7bab702ff000-7bab703ff000 rw-p 00000000 00:00 0 
7bab703ff000-7bab70a00000 rw-p 00000000 00:00 0 
7bab70a00000-7bab70a0c000 r--p 00000000 fc:00 13107796                   /mydata/gc-bpf-fault/shim/libgcbpf.so
7bab70a0c000-7bab70a6e000 r-xp 0000c000 fc:00 13107796                   /mydata/gc-bpf-fault/shim/libgcbpf.so
7bab70a6e000-7bab70cde000 r--p 0006e000 fc:00 13107796                   /mydata/gc-bpf-fault/shim/libgcbpf.so
7bab70cde000-7bab70ce0000 r--p 002de000 fc:00 13107796                   /mydata/gc-bpf-fault/shim/libgcbpf.so
7bab70ce0000-7bab70ce1000 rw-p 002e0000 fc:00 13107796                   /mydata/gc-bpf-fault/shim/libgcbpf.so
7bab70ce1000-7bab70ce2000 rw-p 00000000 00:00 0 
7bab70d74000-7bab70d78000 r--p 00000000 08:03 1410107                    /usr/lib/x86_64-linux-gnu/libzstd.so.1.5.5
7bab70d78000-7bab70e1f000 r-xp 00004000 08:03 1410107                    /usr/lib/x86_64-linux-gnu/libzstd.so.1.5.5
7bab70e1f000-7bab70e2c000 r--p 000ab000 08:03 1410107                    /usr/lib/x86_64-linux-gnu/libzstd.so.1.5.5
7bab70e2c000-7bab70e2d000 r--p 000b7000 08:03 1410107                    /usr/lib/x86_64-linux-gnu/libzstd.so.1.5.5
7bab70e2d000-7bab70e2e000 rw-p 000b8000 08:03 1410107                    /usr/lib/x86_64-linux-gnu/libzstd.so.1.5.5
7bab70e2e000-7bab70e33000 rw-p 00000000 00:00 0 
7bab70e33000-7bab70f17000 ---p 00000000 00:00 0 
7bab70f17000-7bab70f24000 rw-p 00000000 00:00 0 
7bab70f24000-7bab71000000 ---p 00000000 00:00 0 
7bab71000000-7bab71146000 r--p 00000000 fc:00 49676374                   /mydata/openjdk-mmtk/build/b0test/images/jdk/lib/server/libmmtk_openjdk.so
7bab71146000-7bab713c6000 r-xp 00145000 fc:00 49676374                   /mydata/openjdk-mmtk/build/b0test/images/jdk/lib/server/libmmtk_openjdk.so
7bab713c6000-7bab71406000 r--p 003c4000 fc:00 49676374                   /mydata/openjdk-mmtk/build/b0test/images/jdk/lib/server/libmmtk_openjdk.so
7bab71406000-7bab71409000 rw-p 00403000 fc:00 49676374                   /mydata/openjdk-mmtk/build/b0test/images/jdk/lib/server/libmmtk_openjdk.so
7bab71409000-7bab7140b000 rw-p 00000000 00:00 0 
7bab71417000-7bab7141b000 ---p 00000000 00:00 0 
7bab7141b000-7bab71517000 rw-p 00000000 00:00 0 
7bab71517000-7bab71527000 r--p 00000000 08:03 1411099                    /usr/lib/x86_64-linux-gnu/libm.so.6
7bab71527000-7bab715a6000 r-xp 00010000 08:03 1411099                    /usr/lib/x86_64-linux-gnu/libm.so.6
7bab715a6000-7bab715fe000 r--p 0008f000 08:03 1411099                    /usr/lib/x86_64-linux-gnu/libm.so.6
7bab715fe000-7bab715ff000 r--p 000e7000 08:03 1411099                    /usr/lib/x86_64-linux-gnu/libm.so.6
7bab715ff000-7bab71600000 rw-p 000e8000 08:03 1411099                    /usr/lib/x86_64-linux-gnu/libm.so.6
7bab71600000-7bab718a9000 r--p 00000000 fc:00 49676373                   /mydata/openjdk-mmtk/build/b0test/images/jdk/lib/server/libjvm.so
7bab718a9000-7bab7273c000 r-xp 002a9000 fc:00 49676373                   /mydata/openjdk-mmtk/build/b0test/images/jdk/lib/server/libjvm.so
7bab7273c000-7bab72a20000 r--p 0113c000 fc:00 49676373                   /mydata/openjdk-mmtk/build/b0test/images/jdk/lib/server/libjvm.so
7bab72a20000-7bab72af6000 r--p 0141f000 fc:00 49676373                   /mydata/openjdk-mmtk/build/b0test/images/jdk/lib/server/libjvm.so
7bab72af6000-7bab72b26000 rw-p 014f5000 fc:00 49676373                   /mydata/openjdk-mmtk/build/b0test/images/jdk/lib/server/libjvm.so
7bab72b26000-7bab72b8c000 rw-p 00000000 00:00 0 
7bab72b97000-7bab72b9b000 r--p 00000000 fc:00 49676364                   /mydata/openjdk-mmtk/build/b0test/images/jdk/lib/libverify.so
7bab72b9b000-7bab72ba2000 r-xp 00004000 fc:00 49676364                   /mydata/openjdk-mmtk/build/b0test/images/jdk/lib/libverify.so
7bab72ba2000-7bab72ba4000 r--p 0000b000 fc:00 49676364                   /mydata/openjdk-mmtk/build/b0test/images/jdk/lib/libverify.so
7bab72ba4000-7bab72ba6000 r--p 0000c000 fc:00 49676364                   /mydata/openjdk-mmtk/build/b0test/images/jdk/lib/libverify.so
7bab72ba6000-7bab72ba7000 rw-p 0000e000 fc:00 49676364                   /mydata/openjdk-mmtk/build/b0test/images/jdk/lib/libverify.so
7bab72ba7000-7bab72ba9000 r--p 00000000 fc:00 49676365                   /mydata/openjdk-mmtk/build/b0test/images/jdk/lib/libzip.so
7bab72ba9000-7bab72bae000 r-xp 00002000 fc:00 49676365                   /mydata/openjdk-mmtk/build/b0test/images/jdk/lib/libzip.so
7bab72bae000-7bab72bb0000 r--p 00007000 fc:00 49676365                   /mydata/openjdk-mmtk/build/b0test/images/jdk/lib/libzip.so
7bab72bb0000-7bab72bb1000 r--p 00008000 fc:00 49676365                   /mydata/openjdk-mmtk/build/b0test/images/jdk/lib/libzip.so
7bab72bb1000-7bab72bb2000 rw-p 00009000 fc:00 49676365                   /mydata/openjdk-mmtk/build/b0test/images/jdk/lib/libzip.so
7bab72bb2000-7bab72bb5000 r--p 00000000 fc:00 49676361                   /mydata/openjdk-mmtk/build/b0test/images/jdk/lib/libnet.so
7bab72bb5000-7bab72bbd000 r-xp 00003000 fc:00 49676361                   /mydata/openjdk-mmtk/build/b0test/images/jdk/lib/libnet.so
7bab72bbd000-7bab72bbf000 r--p 0000b000 fc:00 49676361                   /mydata/openjdk-mmtk/build/b0test/images/jdk/lib/libnet.so
7bab72bbf000-7bab72bc0000 r--p 0000c000 fc:00 49676361                   /mydata/openjdk-mmtk/build/b0test/images/jdk/lib/libnet.so
7bab72bc0000-7bab72bc1000 rw-p 0000d000 fc:00 49676361                   /mydata/openjdk-mmtk/build/b0test/images/jdk/lib/libnet.so
7bab72bc1000-7bab72bc8000 r--p 00000000 fc:00 49676362                   /mydata/openjdk-mmtk/build/b0test/images/jdk/lib/libnio.so
7bab72bc8000-7bab72bd1000 r-xp 00007000 fc:00 49676362                   /mydata/openjdk-mmtk/build/b0test/images/jdk/lib/libnio.so
7bab72bd1000-7bab72bd5000 r--p 00010000 fc:00 49676362                   /mydata/openjdk-mmtk/build/b0test/images/jdk/lib/libnio.so
7bab72bd5000-7bab72bd6000 r--p 00014000 fc:00 49676362                   /mydata/openjdk-mmtk/build/b0test/images/jdk/lib/libnio.so
7bab72bd6000-7bab72bd7000 rw-p 00015000 fc:00 49676362                   /mydata/openjdk-mmtk/build/b0test/images/jdk/lib/libnio.so
7bab72bd7000-7bab72bda000 r--p 00000000 08:03 1410420                    /usr/lib/x86_64-linux-gnu/libelf-0.190.so
7bab72bda000-7bab72bf0000 r-xp 00003000 08:03 1410420                    /usr/lib/x86_64-linux-gnu/libelf-0.190.so
7bab72bf0000-7bab72bf4000 r--p 00019000 08:03 1410420                    /usr/lib/x86_64-linux-gnu/libelf-0.190.so
7bab72bf4000-7bab72bf5000 r--p 0001c000 08:03 1410420                    /usr/lib/x86_64-linux-gnu/libelf-0.190.so
7bab72bf5000-7bab72bf6000 rw-p 0001d000 08:03 1410420                    /usr/lib/x86_64-linux-gnu/libelf-0.190.so
7bab72bf9000-7bab72c00000 r--s 00000000 08:03 1436340                    /usr/lib/x86_64-linux-gnu/gconv/gconv-modules.cache
7bab72c00000-7bab72c28000 r--p 00000000 08:03 1410238                    /usr/lib/x86_64-linux-gnu/libc.so.6
7bab72c28000-7bab72db0000 r-xp 00028000 08:03 1410238                    /usr/lib/x86_64-linux-gnu/libc.so.6
7bab72db0000-7bab72dff000 r--p 001b0000 08:03 1410238                    /usr/lib/x86_64-linux-gnu/libc.so.6
7bab72dff000-7bab72e03000 r--p 001fe000 08:03 1410238                    /usr/lib/x86_64-linux-gnu/libc.so.6
7bab72e03000-7bab72e05000 rw-p 00202000 08:03 1410238                    /usr/lib/x86_64-linux-gnu/libc.so.6
7bab72e05000-7bab72e12000 rw-p 00000000 00:00 0 
7bab72e14000-7bab72e1c000 rw-p 00000000 00:00 0 
7bab72e1c000-7bab72e24000 ---p 00000000 00:00 0 
7bab72e24000-7bab72e31000 r--p 00000000 fc:00 49676354                   /mydata/openjdk-mmtk/build/b0test/images/jdk/lib/libjava.so
7bab72e31000-7bab72e40000 r-xp 0000d000 fc:00 49676354                   /mydata/openjdk-mmtk/build/b0test/images/jdk/lib/libjava.so
7bab72e40000-7bab72e45000 r--p 0001c000 fc:00 49676354                   /mydata/openjdk-mmtk/build/b0test/images/jdk/lib/libjava.so
7bab72e45000-7bab72e46000 r--p 00021000 fc:00 49676354                   /mydata/openjdk-mmtk/build/b0test/images/jdk/lib/libjava.so
7bab72e46000-7bab72e47000 rw-p 00022000 fc:00 49676354                   /mydata/openjdk-mmtk/build/b0test/images/jdk/lib/libjava.so
7bab72e47000-7bab72e48000 rw-p 00000000 00:00 0 
7bab72e48000-7bab72e50000 rw-s 00000000 08:03 237599                     /tmp/hsperfdata_root/371975
7bab72e50000-7bab72e54000 r--p 00000000 fc:00 49676355                   /mydata/openjdk-mmtk/build/b0test/images/jdk/lib/libjimage.so
7bab72e54000-7bab72e6b000 r-xp 00004000 fc:00 49676355                   /mydata/openjdk-mmtk/build/b0test/images/jdk/lib/libjimage.so
7bab72e6b000-7bab72e70000 r--p 0001b000 fc:00 49676355                   /mydata/openjdk-mmtk/build/b0test/images/jdk/lib/libjimage.so
7bab72e70000-7bab72e72000 r--p 00020000 fc:00 49676355                   /mydata/openjdk-mmtk/build/b0test/images/jdk/lib/libjimage.so
7bab72e72000-7bab72e73000 rw-p 00022000 fc:00 49676355                   /mydata/openjdk-mmtk/build/b0test/images/jdk/lib/libjimage.so
7bab72e73000-7bab72e77000 r--p 00000000 08:03 1410148                    /usr/lib/x86_64-linux-gnu/libgcc_s.so.1
7bab72e77000-7bab72e9b000 r-xp 00004000 08:03 1410148                    /usr/lib/x86_64-linux-gnu/libgcc_s.so.1
7bab72e9b000-7bab72e9f000 r--p 00028000 08:03 1410148                    /usr/lib/x86_64-linux-gnu/libgcc_s.so.1
7bab72e9f000-7bab72ea0000 r--p 0002b000 08:03 1410148                    /usr/lib/x86_64-linux-gnu/libgcc_s.so.1
7bab72ea0000-7bab72ea1000 rw-p 0002c000 08:03 1410148                    /usr/lib/x86_64-linux-gnu/libgcc_s.so.1
7bab72ea1000-7bab72ea3000 rw-p 00000000 00:00 0 
7bab72ea3000-7bab72ea5000 r--p 00000000 08:03 1409104                    /usr/lib/x86_64-linux-gnu/libz.so.1.3
7bab72ea5000-7bab72eb7000 r-xp 00002000 08:03 1409104                    /usr/lib/x86_64-linux-gnu/libz.so.1.3
7bab72eb7000-7bab72ebd000 r--p 00014000 08:03 1409104                    /usr/lib/x86_64-linux-gnu/libz.so.1.3
7bab72ebd000-7bab72ebe000 r--p 0001a000 08:03 1409104                    /usr/lib/x86_64-linux-gnu/libz.so.1.3
7bab72ebe000-7bab72ebf000 rw-p 0001b000 08:03 1409104                    /usr/lib/x86_64-linux-gnu/libz.so.1.3
7bab72ec4000-7bab72ec5000 rw-s 00000000 00:10 68                         anon_inode:bpf-map
7bab72ec5000-7bab72ec6000 r--s 00000000 00:10 68                         anon_inode:bpf-map
7bab72ec6000-7bab72ec7000 ---p 00000000 00:00 0 
7bab72ec7000-7bab72ec8000 r--p 00000000 00:00 0 
7bab72ec8000-7bab72ec9000 ---p 00000000 00:00 0 
7bab72ec9000-7bab72ecb000 r--p 00000000 fc:00 49676357                   /mydata/openjdk-mmtk/build/b0test/images/jdk/lib/libjli.so
7bab72ecb000-7bab72ed5000 r-xp 00002000 fc:00 49676357                   /mydata/openjdk-mmtk/build/b0test/images/jdk/lib/libjli.so
7bab72ed5000-7bab72ed8000 r--p 0000c000 fc:00 49676357                   /mydata/openjdk-mmtk/build/b0test/images/jdk/lib/libjli.so
7bab72ed8000-7bab72ed9000 r--p 0000f000 fc:00 49676357                   /mydata/openjdk-mmtk/build/b0test/images/jdk/lib/libjli.so
7bab72ed9000-7bab72eda000 rw-p 00010000 fc:00 49676357                   /mydata/openjdk-mmtk/build/b0test/images/jdk/lib/libjli.so
7bab72eda000-7bab72edc000 rw-p 00000000 00:00 0 
7bab72edc000-7bab72ee0000 r--p 00000000 00:00 0                          [vvar]
7bab72ee0000-7bab72ee2000 r--p 00000000 00:00 0                          [vvar_vclock]
7bab72ee2000-7bab72ee4000 r-xp 00000000 00:00 0                          [vdso]
7bab72ee4000-7bab72ee5000 r--p 00000000 08:03 1409763                    /usr/lib/x86_64-linux-gnu/ld-linux-x86-64.so.2
7bab72ee5000-7bab72f10000 r-xp 00001000 08:03 1409763                    /usr/lib/x86_64-linux-gnu/ld-linux-x86-64.so.2
7bab72f10000-7bab72f1a000 r--p 0002c000 08:03 1409763                    /usr/lib/x86_64-linux-gnu/ld-linux-x86-64.so.2
7bab72f1a000-7bab72f1c000 r--p 00036000 08:03 1409763                    /usr/lib/x86_64-linux-gnu/ld-linux-x86-64.so.2
7bab72f1c000-7bab72f1e000 rw-p 00038000 08:03 1409763                    /usr/lib/x86_64-linux-gnu/ld-linux-x86-64.so.2
7fffbbcc8000-7fffbbce9000 rw-p 00000000 00:00 0                          [stack]
ffffffffff600000-ffffffffff601000 --xp 00000000 00:00 0                  [vsyscall]
Total number of mappings: 536

JVMTI agents: none


VM Arguments:
jvm_args: -XX:+UseThirdPartyHeap -Xms512m -Xmx512m 
java_command: /mydata/dacapo/dacapo-23.11/dacapo-23.11-MR2-chopin.jar xalan -n 3
java_class_path (initial): /mydata/dacapo/dacapo-23.11/dacapo-23.11-MR2-chopin.jar
Launcher Type: SUN_STANDARD

[Global flags]
     intx CICompilerCount                          = 15                                        {product} {ergonomic}
   size_t InitialHeapSize                          = 536870912                                 {product} {command line}
   size_t MaxHeapSize                              = 536870912                                 {product} {command line}
   size_t MinHeapDeltaBytes                        = 524288                                    {product} {ergonomic}
   size_t MinHeapSize                              = 536870912                                 {product} {command line}
    uintx NonNMethodCodeHeapSize                   = 8192380                                {pd product} {ergonomic}
    uintx NonProfiledCodeHeapSize                  = 121732930                              {pd product} {ergonomic}
    uintx ProfiledCodeHeapSize                     = 121732930                              {pd product} {ergonomic}
    uintx ReservedCodeCacheSize                    = 251658240                              {pd product} {ergonomic}
     bool SegmentedCodeCache                       = true                                      {product} {ergonomic}
   size_t SoftMaxHeapSize                          = 536870912                              {manageable} {ergonomic}
     bool UseCompressedOops                        = true                           {product lp64_product} {ergonomic}

Logging:
Log output configuration:
 #0: stdout all=warning uptime,level,tags foldmultilines=false
 #1: stderr all=off uptime,level,tags foldmultilines=false

Release file:
IMPLEMENTOR="N/A"
JAVA_RUNTIME_VERSION="21.0.9-internal-adhoc.talzuss.openjdk-mmtk"
JAVA_VERSION="21.0.9"
JAVA_VERSION_DATE="2025-10-21"
LIBC="gnu"
MODULES="java.base java.compiler java.datatransfer java.xml java.prefs java.desktop java.instrument java.logging java.management java.security.sasl java.naming java.rmi java.management.rmi java.net.http java.scripting java.security.jgss java.transaction.xa java.sql java.sql.rowset java.xml.crypto java.se java.smartcardio jdk.accessibility jdk.internal.jvmstat jdk.attach jdk.charsets jdk.internal.opt jdk.zipfs jdk.compiler jdk.crypto.ec jdk.crypto.cryptoki jdk.dynalink jdk.internal.ed jdk.editpad jdk.hotspot.agent jdk.httpserver jdk.incubator.vector jdk.internal.le jdk.internal.vm.ci jdk.internal.vm.compiler jdk.internal.vm.compiler.management jdk.jartool jdk.javadoc jdk.jcmd jdk.management jdk.management.agent jdk.jconsole jdk.jdeps jdk.jdwp.agent jdk.jdi jdk.jfr jdk.jlink jdk.jpackage jdk.jshell jdk.jsobject jdk.jstatd jdk.localedata jdk.management.jfr jdk.naming.dns jdk.naming.rmi jdk.net jdk.nio.mapmode jdk.random jdk.sctp jdk.security.auth jdk.security.jgss jdk.unsupported jdk.unsupported.desktop jdk.xml.dom"
OS_ARCH="x86_64"
OS_NAME="Linux"
SOURCE=".:git:b557520f04b3+"

Environment Variables:
PATH=/usr/local/sbin:/usr/local/bin:/usr/sbin:/usr/bin:/sbin:/bin:/snap/bin
SHELL=/bin/bash
LANG=en_US.UTF-8
TERM=tmux-256color

Active Locale:
LC_ALL=en_US.UTF-8
LC_COLLATE=en_US.UTF-8
LC_CTYPE=en_US.UTF-8
LC_MESSAGES=en_US.UTF-8
LC_MONETARY=en_US.UTF-8
LC_NUMERIC=en_US.UTF-8
LC_TIME=en_US.UTF-8

Signal Handlers:
   SIGSEGV: crash_handler in libjvm.so, mask=11100100010111111101111111111110, flags=SA_RESTART|SA_SIGINFO, unblocked
    SIGBUS: crash_handler in libjvm.so, mask=11100100010111111101111111111110, flags=SA_RESTART|SA_SIGINFO, unblocked
    SIGFPE: crash_handler in libjvm.so, mask=11100100010111111101111111111110, flags=SA_RESTART|SA_SIGINFO, unblocked
   SIGPIPE: javaSignalHandler in libjvm.so, mask=11100100010111111101111111111110, flags=SA_RESTART|SA_SIGINFO, blocked
   SIGXFSZ: javaSignalHandler in libjvm.so, mask=11100100010111111101111111111110, flags=SA_RESTART|SA_SIGINFO, blocked
    SIGILL: crash_handler in libjvm.so, mask=11100100010111111101111111111110, flags=SA_RESTART|SA_SIGINFO, unblocked
   SIGUSR2: SR_handler in libjvm.so, mask=00000000000000000000000000000000, flags=SA_RESTART|SA_SIGINFO, blocked
    SIGHUP: UserHandler in libjvm.so, mask=11100100010111111101111111111110, flags=SA_RESTART|SA_SIGINFO, blocked
    SIGINT: UserHandler in libjvm.so, mask=11100100010111111101111111111110, flags=SA_RESTART|SA_SIGINFO, blocked
   SIGTERM: UserHandler in libjvm.so, mask=11100100010111111101111111111110, flags=SA_RESTART|SA_SIGINFO, blocked
   SIGQUIT: UserHandler in libjvm.so, mask=11100100010111111101111111111110, flags=SA_RESTART|SA_SIGINFO, blocked
   SIGTRAP: crash_handler in libjvm.so, mask=11100100010111111101111111111110, flags=SA_RESTART|SA_SIGINFO, unblocked


Periodic native trim disabled

---------------  S Y S T E M  ---------------

OS:
DISTRIB_ID=Ubuntu
DISTRIB_RELEASE=24.04
DISTRIB_CODENAME=noble
DISTRIB_DESCRIPTION="Ubuntu 24.04.4 LTS"
uname: Linux 6.17.0-bpf-fault+ #1 SMP PREEMPT_DYNAMIC Mon Jul  6 16:43:12 MDT 2026 x86_64
OS uptime: 0 days 23:48 hours
libc: glibc 2.39 NPTL 2.39 
rlimit (soft/hard): STACK 8192k/infinity , CORE 0k/0k , NPROC 513205/513205 , NOFILE 1048576/1048576 , AS infinity/infinity , CPU infinity/infinity , DATA infinity/infinity , FSIZE infinity/infinity , MEMLOCK 16436528k/16436528k
load average: 1.67 1.37 1.40

/proc/meminfo:
MemTotal:       131492232 kB
MemFree:        72482540 kB
MemAvailable:   115153096 kB
Buffers:          535144 kB
Cached:         41518668 kB
SwapCached:            0 kB
Active:          3661224 kB
Inactive:       41233068 kB
Active(anon):    2856960 kB
Inactive(anon):        0 kB
Active(file):     804264 kB
Inactive(file): 41233068 kB
Unevictable:       41912 kB
Mlocked:           38840 kB
SwapTotal:       8388604 kB
SwapFree:        8388604 kB
Zswap:                 0 kB
Zswapped:              0 kB
Dirty:           1253716 kB
Writeback:             0 kB
AnonPages:       2884340 kB
Mapped:          9734188 kB
Shmem:              5316 kB
KReclaimable:    1884908 kB
Slab:            2411252 kB
SReclaimable:    1884908 kB
SUnreclaim:       526344 kB
KernelStack:       12160 kB
PageTables:        57820 kB
SecPageTables:      8956 kB
NFS_Unstable:          0 kB
Bounce:                0 kB
WritebackTmp:          0 kB
CommitLimit:    74134720 kB
Committed_AS:   163380452 kB
VmallocTotal:   34359738367 kB
VmallocUsed:       38132 kB
VmallocChunk:          0 kB
Percpu:            51072 kB
HardwareCorrupted:     0 kB
AnonHugePages:         0 kB
ShmemHugePages:        0 kB
ShmemPmdMapped:        0 kB
FileHugePages:   2168832 kB
FilePmdMapped:         0 kB
Unaccepted:            0 kB
Balloon:               0 kB
HugePages_Total:       0
HugePages_Free:        0
HugePages_Rsvd:        0
HugePages_Surp:        0
Hugepagesize:       2048 kB
Hugetlb:               0 kB
DirectMap4k:      815936 kB
DirectMap2M:    24985600 kB
DirectMap1G:    108003328 kB

/sys/kernel/mm/transparent_hugepage/enabled: always [madvise] never
/sys/kernel/mm/transparent_hugepage/hpage_pmd_size: 2097152
/sys/kernel/mm/transparent_hugepage/defrag (defrag/compaction efforts parameter): always defer defer+madvise [madvise] never

Process Memory:
Virtual Size: 13620280340K (peak: 13620280340K)
Resident Set Size: 4174576K (peak: 4174576K) (anon: 1001296K, file: 3173280K, shmem: 0K)
Swapped out: 0K
C-Heap outstanding allocations: 1398656K, retained: 41079K
glibc malloc tunables: (default)

/proc/sys/kernel/threads-max (system-wide limit on the number of threads): 1026411
/proc/sys/vm/max_map_count (maximum number of memory map areas a process may have): 1048576
/proc/sys/vm/swappiness (control to define how aggressively the kernel swaps out anonymous memory): 60
/proc/sys/kernel/pid_max (system-wide limit on number of process identifiers): 4194304

container information not found.
Steal ticks since vm start: 0
Steal ticks percentage since vm start:  0.000

CPU: total 32 (initial active 32) (32 cores per cpu, 2 threads per core) family 23 model 49 stepping 0 microcode 0x830107c, cx8, cmov, fxsr, ht, mmx, 3dnowpref, sse, sse2, sse3, ssse3, sse4a, sse4.1, sse4.2, popcnt, lzcnt, tsc, tscinvbit, avx, avx2, aes, clmul, bmi1, bmi2, adx, sha, fma, vzeroupper, clflush, clflushopt, rdtscp, rdpid, f16c
CPU Model and flags from /proc/cpuinfo:
model name	: AMD EPYC 7302P 16-Core Processor
flags		: fpu vme de pse tsc msr pae mce cx8 apic sep mtrr pge mca cmov pat pse36 clflush mmx fxsr sse sse2 ht syscall nx mmxext fxsr_opt pdpe1gb rdtscp lm constant_tsc rep_good nopl xtopology nonstop_tsc cpuid extd_apicid aperfmperf rapl pni pclmulqdq monitor ssse3 fma cx16 sse4_1 sse4_2 movbe popcnt aes xsave avx f16c rdrand lahf_lm cmp_legacy svm extapic cr8_legacy abm sse4a misalignsse 3dnowprefetch osvw ibs skinit wdt tce topoext perfctr_core perfctr_nb bpext perfctr_llc mwaitx cpb cat_l3 cdp_l3 hw_pstate ssbd mba ibrs ibpb stibp vmmcall fsgsbase bmi1 avx2 smep bmi2 cqm rdt_a rdseed adx smap clflushopt clwb sha_ni xsaveopt xsavec xgetbv1 xsaves cqm_llc cqm_occup_llc cqm_mbm_total cqm_mbm_local clzero irperf xsaveerptr rdpru wbnoinvd amd_ppin arat npt lbrv svm_lock nrip_save tsc_scale vmcb_clean flushbyasid decodeassists pausefilter pfthreshold avic v_vmsave_vmload vgif v_spec_ctrl umip rdpid overflow_recov succor smca sev sev_es

Online cpus: 0-31
Offline cpus: 
BIOS frequency limitation: <Not Available>
Frequency switch latency (ns): <Not Available>
Available cpu frequencies: <Not Available>
Current governor: <Not Available>
Core performance/turbo boost: <Not Available>

Memory: 4k page, physical 131492232k(115153096k free), swap 8388604k(8388604k free)
Page Sizes: 4k

vm_info: OpenJDK 64-Bit Server VM (21.0.9-internal-adhoc.talzuss.openjdk-mmtk) for linux-amd64 JRE (21.0.9-internal-adhoc.talzuss.openjdk-mmtk), built on 2026-07-06T23:13:08Z by "talzuss" with gcc 13.3.0
heap_info: MMTk OpenJDK 0.32.0 (a3bb9ef-dirty), using MMTk 0.32.0 (ceb6a76-dirty, BUILTIN_ENV_LOGGER, DEFAULT, EAGER_SWEEPING, VO_BIT)@

END.
