#
# A fatal error has been detected by the Java Runtime Environment:
#
#  SIGSEGV (0xb) at pc=0x000072a79109f02a, pid=274414, tid=274436
#
# JRE version: OpenJDK Runtime Environment (21.0.9) (build 21.0.9-internal-adhoc.talzuss.openjdk-mmtk)
# Java VM: OpenJDK 64-Bit Server VM (21.0.9-internal-adhoc.talzuss.openjdk-mmtk, mixed mode, sharing, tiered, compressed oops, compressed class ptrs, third-party gc, linux-amd64)
# Problematic frame:
# C  [libmmtk_openjdk.so+0x29f02a]  _$LT$mmtk..plan..concurrent..immix..gc_work..SatbValidatingTrace$LT$VM$GT$$u20$as$u20$mmtk..scheduler..work..GCWork$LT$VM$GT$$GT$::do_work::hcb61fcda66e0921a+0x37a
#
# Core dump will be written. Default location: Core dumps may be processed with "/usr/share/apport/apport -p%p -s%s -c%c -d%d -P%P -u%u -g%g -F%F -- %E" (or dumping to /mydata/mmtk-core/core.274414)
#
# If you would like to submit a bug report, please visit:
#   https://bugreport.java.com/bugreport/crash.jsp
#

---------------  S U M M A R Y ------------

Command Line: -XX:+UseThirdPartyHeap -Xms512m -Xmx512m /mydata/dacapo/dacapo-23.11/dacapo-23.11-MR2-chopin.jar xalan -n 3

Host: AMD EPYC 7302P 16-Core Processor, 32 cores, 125G, Ubuntu 24.04.4 LTS
Time: Tue Jul  7 11:59:17 2026 MDT elapsed time: 3.310639 seconds (0d 0h 0m 3s)

---------------  T H R E A D  ---------------

Current thread (0x000072a78c53bd20):  NamedThread "MMTk Collector Thread" [id=274436, stack(0x000065fa5a0f6000,0x000065fa5a1f6000) (1024K)]

Stack: [0x000065fa5a0f6000,0x000065fa5a1f6000],  sp=0x000065fa5a1f4a10,  free space=1018k
Native frames: (J=compiled Java code, j=interpreted, Vv=VM code, C=native code)
C  [libmmtk_openjdk.so+0x29f02a]  _$LT$mmtk..plan..concurrent..immix..gc_work..SatbValidatingTrace$LT$VM$GT$$u20$as$u20$mmtk..scheduler..work..GCWork$LT$VM$GT$$GT$::do_work::hcb61fcda66e0921a+0x37a

siginfo: si_signo: 11 (SIGSEGV), si_code: 1 (SEGV_MAPERR), si_addr: 0x0000000053000000

Registers:
RAX=0x000065f90dfff010, RBX=0x000072a78c3dd950, RCX=0x0000000000000000, RDX=0x0000000000000000
RSP=0x000065fa5a1f4a10, RBP=0x00000000003bbcb0, RSI=0x0000000001001000, RDI=0x000065f984373000
R8 =0x0000000002000010, R9 =0x0000000001000ff0, R10=0x0000000001000000, R11=0x0000000000000000
R12=0x0000000052fffffd, R13=0x0000000000000000, R14=0x000065fa5b072c48, R15=0x00000000ff48eefb
RIP=0x000072a79109f02a, EFLAGS=0x0000000000010202, CSGSFS=0x002b000000000033, ERR=0x0000000000000004
  TRAPNO=0x000000000000000e

XMM[0]=0x00000000005023bb 0x00000000b0000000
XMM[1]=0x0000000001000000 0x000000000040e009
XMM[2]=0x00000000780597b0 0x0000000001000000
XMM[3]=0x0000000008000000 0x0000000001000000
XMM[4]=0x0000000001503f7d 0x00000000d0000000
XMM[5]=0x000000000100001d 0x0000000070000000
XMM[6]=0x00000000d0000000 0x0000000001000000
XMM[7]=0x000000000065636e 0x0000000065726566
XMM[8]=0x0000000053000000 0x0000000010000023
XMM[9]=0x0000000000000000 0x0000000000000000
XMM[10]=0x3f3f3f3f3f3f3f3f 0x3f3f3f3f3f3f3f3f
XMM[11]=0x9999999999999999 0x9999999999999999
XMM[12]=0x2020202020202020 0x2020202020202020
XMM[13]=0x0000000000000000 0x0000000000000000
XMM[14]=0x0000000000000000 0x0000000000000000
XMM[15]=0x0000000000000000 0x0000000000000000
  MXCSR=0x00001fa2


Register to memory mapping:

RAX=
[error occurred during error reporting (printing register info), id 0xe0000000, Internal Error (/mydata/mmtk-openjdk/openjdk/share/mmtkHeap.cpp:444)]
RBX=
[error occurred during error reporting (printing register info, attempt 2), id 0xe0000000, Internal Error (/mydata/mmtk-openjdk/openjdk/share/mmtkHeap.cpp:444)]
RCX=0x0 is null
RDX=0x0 is null
RSP=
[error occurred during error reporting (printing register info, attempt 3), id 0xe0000000, Internal Error (/mydata/mmtk-openjdk/openjdk/share/mmtkHeap.cpp:444)]
Top of Stack: (sp=0x000065fa5a1f4a10)
0x000065fa5a1f4a10:   000072a7911ff704 0000000000400000
0x000065fa5a1f4a20:   000065f90dfff010 00000000003bbcb0
0x000065fa5a1f4a30:   010072a78c52ad00 000000005023bbe8
0x000065fa5a1f4a40:   000065f6e988e6c8 000072048c070800
0x000065fa5a1f4a50:   000072a7911d9fd0 000065fa5a1f4a98
0x000065fa5a1f4a60:   000065fa5a1f4a10 000065fa5a1f4a36
0x000065fa5a1f4a70:   000065fa5a1f4a37 000065fa5a1f4a10
0x000065fa5a1f4a80:   0000000000004000 000065fa1810aea0
0x000065fa5a1f4a90:   0000000000000fca 0000000040caab00
0x000065fa5a1f4aa0:   000072a78c06e700 000072a78c06e400
0x000065fa5a1f4ab0:   000072a78c06e100 000065fa5a1f4a98
0x000065fa5a1f4ac0:   000065fa5b03f4b0 000072a78c3ddbd0
0x000065fa5a1f4ad0:   000065fa5a1f4a50 000072a78c046210
0x000065fa5a1f4ae0:   000072a78c06ce80 000065fa2c002010
0x000065fa5a1f4af0:   000072a7911c0408 0000000000000007
0x000065fa5a1f4b00:   0000000000000000 000072a79108cd1d
0x000065fa5a1f4b10:   000065faffffffff 000065fa5a1f4b60
0x000065fa5a1f4b20:   000072a78c52abf0 000072a78c046220
0x000065fa5a1f4b30:   000072a78c06d200 000072a78c52ad50
0x000065fa5a1f4b40:   000072a78c06cf00 000072a700000000
0x000065fa5a1f4b50:   0000000000010bbd a5148d6c371ade0e
0x000065fa5a1f4b60:   0000000000000000 0000000000000000
0x000065fa5a1f4b70:   0000000000000000 000072a78c3ddbd0
0x000065fa5a1f4b80:   0000000000010bbd 000065fa3682b6c7
0x000065fa5a1f4b90:   0000000000000001 0003000300030001
0x000065fa5a1f4ba0:   000072a790e78340 0000000000000000
0x000065fa5a1f4bb0:   0000000000000000 000072a78c046238
0x000065fa5a1f4bc0:   0000000000000000 0000000000000000
0x000065fa5a1f4bd0:   0000000000982747 000072a78c044a90
0x000065fa5a1f4be0:   000072a78c058320 0000000000000000
0x000065fa5a1f4bf0:   0000000000010100 000065fa5a1f4c00
0x000065fa5a1f4c00:   000065fa5a1f4e00 0000000000100000 

Instructions: (pc=0x000072a79109f02a)
0x000072a79109ef2a:   c0 0f 84 62 0c 00 00 48 8d 48 ff 48 89 8c 24 80
0x000072a79109ef3a:   00 00 00 48 8b 4c 24 78 48 8b 44 c1 f8 48 c7 44
0x000072a79109ef4a:   24 08 00 00 00 00 48 c7 44 24 10 08 00 00 00 48
0x000072a79109ef5a:   c7 44 24 18 00 00 00 00 48 89 44 24 28 8b 40 08
0x000072a79109ef6a:   48 8b 15 a7 1e 16 00 48 8b 0d a8 1e 16 00 48 d3
0x000072a79109ef7a:   e0 48 8d 34 10 8b 44 10 0c 48 8d 0d 8e bc dd ff
0x000072a79109ef8a:   48 63 04 81 48 01 c8 ff e0 48 63 86 28 01 00 00
0x000072a79109ef9a:   48 85 c0 0f 84 2d 07 00 00 48 63 8e ac 00 00 00
0x000072a79109efaa:   48 8d 0c ce 48 63 96 2c 01 00 00 48 8d 34 d1 4c
0x000072a79109efba:   8d 34 d1 49 81 c6 d8 01 00 00 48 8d 04 c6 48 05
0x000072a79109efca:   d8 01 00 00 48 89 44 24 30 b8 08 00 00 00 31 ed
0x000072a79109efda:   eb 13 0f 1f 40 00 49 83 c6 08 4c 3b 74 24 30 0f
0x000072a79109efea:   84 e1 06 00 00 45 8b 7e 04 4d 85 ff 74 e8 4d 63
0x000072a79109effa:   26 4c 03 64 24 28 eb 23 66 66 66 66 66 2e 0f 1f
0x000072a79109f00a:   84 00 00 00 00 00 4c 89 2c e8 48 ff c5 48 89 6c
0x000072a79109f01a:   24 18 49 83 c4 04 49 ff cf 74 bb 4d 85 e4 78 26
0x000072a79109f02a:   45 8b 2c 24 4d 85 ed 74 e9 48 8b 15 1e 1e 16 00
0x000072a79109f03a:   48 8b 0d 1f 1e 16 00 49 d3 e5 49 01 d5 eb 1f 0f
0x000072a79109f04a:   1f 80 00 00 00 00 4c 89 e1 48 ba ff ff ff ff ff
0x000072a79109f05a:   ff ff 7f 48 21 d1 4c 8b 29 4d 85 ed 74 b4 48 3b
0x000072a79109f06a:   6c 24 08 75 a1 48 8d 7c 24 08 e8 07 be f1 ff 48
0x000072a79109f07a:   8b 44 24 10 eb 90 48 8b 44 24 28 4c 63 70 0c 4d
0x000072a79109f08a:   85 f6 0f 84 3e 06 00 00 48 8b 44 24 28 4c 8d 78
0x000072a79109f09a:   10 49 c1 e6 02 b8 08 00 00 00 45 31 e4 4c 89 fd
0x000072a79109f0aa:   eb 27 0f 1f 40 00 48 8b 44 24 10 4e 89 2c e0 49
0x000072a79109f0ba:   ff c4 4c 89 64 24 18 48 83 c5 04 49 83 c7 04 49
0x000072a79109f0ca:   83 c6 fc 0f 84 fd 05 00 00 48 85 ed 78 28 44 8b
0x000072a79109f0da:   6d 00 4d 85 ed 74 e0 48 8b 15 70 1d 16 00 48 8b
0x000072a79109f0ea:   0d 71 1d 16 00 49 d3 e5 49 01 d5 eb 21 66 0f 1f
0x000072a79109f0fa:   84 00 00 00 00 00 4c 89 f9 48 ba ff ff ff ff ff
0x000072a79109f10a:   ff ff 7f 48 21 d1 4c 8b 29 4d 85 ed 74 a9 4c 3b
0x000072a79109f11a:   64 24 08 75 96 48 8d 7c 24 08 e8 57 bd f1 ff eb 


Stack slot to memory mapping:

stack at sp + 0 slots: 
[error occurred during error reporting (inspecting top of stack), id 0xe0000000, Internal Error (/mydata/mmtk-openjdk/openjdk/share/mmtkHeap.cpp:444)]
stack at sp + 1 slots: 
[error occurred during error reporting (inspecting top of stack, attempt 2), id 0xe0000000, Internal Error (/mydata/mmtk-openjdk/openjdk/share/mmtkHeap.cpp:444)]
stack at sp + 2 slots: 
[error occurred during error reporting (inspecting top of stack, attempt 3), id 0xe0000000, Internal Error (/mydata/mmtk-openjdk/openjdk/share/mmtkHeap.cpp:444)]

---------------  P R O C E S S  ---------------

Threads class SMR info:
_java_thread_list=0x000065f9d41ae070, length=56, elements={
0x000072a78c02b240, 0x000072a78c524740, 0x000072a78c525fd0, 0x000072a78c527ae0,
0x000072a78c546310, 0x000072a78c547c60, 0x000072a78c549520, 0x000072a78c54b360,
0x000072a78c554d30, 0x000065f9d403d9c0, 0x000065f9c80015f0, 0x000072a78c59c0e0,
0x000072a78c59f0e0, 0x000065f9c801dc00, 0x000065f9d00bb2a0, 0x000072a78c7ac6e0,
0x000072a78c7ad530, 0x000072a78c7ae8a0, 0x000072a78c7afd10, 0x000072a78c7b10d0,
0x000072a78c7b2550, 0x000072a78c7b3920, 0x000072a78c7b4dc0, 0x000072a78c7b6330,
0x000072a78c7b78a0, 0x000072a78c7b9040, 0x000072a78c7ba300, 0x000072a78c7bb890,
0x000072a78c7bce20, 0x000072a78c3df230, 0x000072a78c3e00c0, 0x000072a78c3e1460,
0x000072a78c5c5200, 0x000072a78c5c6990, 0x000072a78c5c8340, 0x000072a78c5c97e0,
0x000072a78c5cb1a0, 0x000072a78c5ccb70, 0x000072a78c5cef40, 0x000072a78c5d0030,
0x000072a78c5d18c0, 0x000072a78c5d3150, 0x000072a78c5d49e0, 0x000072a78c5d6270,
0x000072a78c5d7b00, 0x000072a78c3d2820, 0x000072a78c3d4230, 0x000065f9c80bf0f0,
0x000065f9d40fb880, 0x000065f9cc0d3f40, 0x000065f9c813c850, 0x000065f9c813e650,
0x000065f9c813fcd0, 0x000065f9280040a0, 0x000065f9cc120cf0, 0x000065f9d41acca0
}

Java Threads: ( => current thread )
  0x000072a78c02b240 JavaThread "main"                              [_thread_blocked, id=274415, stack(0x000072a791217000,0x000072a791317000) (1024K)]
  0x000072a78c524740 JavaThread "Reference Handler"          daemon [_thread_blocked, id=274419, stack(0x000072a7546ff000,0x000072a7547ff000) (1024K)]
  0x000072a78c525fd0 JavaThread "Finalizer"                  daemon [_thread_blocked, id=274420, stack(0x000072a7545ff000,0x000072a7546ff000) (1024K)]
  0x000072a78c527ae0 JavaThread "MMTk Finalizer Thread"      daemon [_thread_blocked, id=274421, stack(0x000072a7544ff000,0x000072a7545ff000) (1024K)]
  0x000072a78c546310 JavaThread "Signal Dispatcher"          daemon [_thread_blocked, id=274445, stack(0x000065fa597ed000,0x000065fa598ed000) (1024K)]
  0x000072a78c547c60 JavaThread "Service Thread"             daemon [_thread_blocked, id=274446, stack(0x000065fa596ed000,0x000065fa597ed000) (1024K)]
  0x000072a78c549520 JavaThread "Monitor Deflation Thread"   daemon [_thread_blocked, id=274447, stack(0x000065fa595ed000,0x000065fa596ed000) (1024K)]
  0x000072a78c54b360 JavaThread "C2 CompilerThread0"         daemon [_thread_blocked, id=274448, stack(0x000065fa594ed000,0x000065fa595ed000) (1024K)]
  0x000072a78c554d30 JavaThread "C1 CompilerThread0"         daemon [_thread_blocked, id=274449, stack(0x000065fa593ed000,0x000065fa594ed000) (1024K)]
  0x000065f9d403d9c0 JavaThread "C1 CompilerThread1"         daemon [_thread_blocked, id=274450, stack(0x000065fa592ed000,0x000065fa593ed000) (1024K)]
  0x000065f9c80015f0 JavaThread "C1 CompilerThread2"         daemon [_thread_blocked, id=274451, stack(0x000065fa591ed000,0x000065fa592ed000) (1024K)]
  0x000072a78c59c0e0 JavaThread "Notification Thread"        daemon [_thread_blocked, id=274452, stack(0x000065fa590ed000,0x000065fa591ed000) (1024K)]
  0x000072a78c59f0e0 JavaThread "Common-Cleaner"             daemon [_thread_blocked, id=274453, stack(0x000065fa58fed000,0x000065fa590ed000) (1024K)]
  0x000065f9c801dc00 JavaThread "C2 CompilerThread1"         daemon [_thread_blocked, id=274454, stack(0x000065fa58eed000,0x000065fa58fed000) (1024K)]
  0x000065f9d00bb2a0 JavaThread "C2 CompilerThread2"         daemon [_thread_blocked, id=274455, stack(0x000065fa58ded000,0x000065fa58eed000) (1024K)]
  0x000072a78c7ac6e0 JavaThread "Thread-0"                          [_thread_blocked, id=274457, stack(0x000065fa58aec000,0x000065fa58bec000) (1024K)]
  0x000072a78c7ad530 JavaThread "Thread-1"                          [_thread_blocked, id=274458, stack(0x000065fa589ec000,0x000065fa58aec000) (1024K)]
  0x000072a78c7ae8a0 JavaThread "Thread-2"                          [_thread_blocked, id=274459, stack(0x000065fa588ec000,0x000065fa589ec000) (1024K)]
  0x000072a78c7afd10 JavaThread "Thread-3"                          [_thread_blocked, id=274460, stack(0x000065fa587ec000,0x000065fa588ec000) (1024K)]
  0x000072a78c7b10d0 JavaThread "Thread-4"                          [_thread_blocked, id=274461, stack(0x000065fa586ec000,0x000065fa587ec000) (1024K)]
  0x000072a78c7b2550 JavaThread "Thread-5"                          [_thread_blocked, id=274462, stack(0x000065fa585ec000,0x000065fa586ec000) (1024K)]
  0x000072a78c7b3920 JavaThread "Thread-6"                          [_thread_blocked, id=274463, stack(0x000065fa584ec000,0x000065fa585ec000) (1024K)]
  0x000072a78c7b4dc0 JavaThread "Thread-7"                          [_thread_blocked, id=274464, stack(0x000065fa583ec000,0x000065fa584ec000) (1024K)]
  0x000072a78c7b6330 JavaThread "Thread-8"                          [_thread_blocked, id=274465, stack(0x000065fa582ec000,0x000065fa583ec000) (1024K)]
  0x000072a78c7b78a0 JavaThread "Thread-9"                          [_thread_blocked, id=274466, stack(0x000065fa581ec000,0x000065fa582ec000) (1024K)]
  0x000072a78c7b9040 JavaThread "Thread-10"                         [_thread_blocked, id=274467, stack(0x000065fa580ec000,0x000065fa581ec000) (1024K)]
  0x000072a78c7ba300 JavaThread "Thread-11"                         [_thread_blocked, id=274468, stack(0x000065f987f00000,0x000065f988000000) (1024K)]
  0x000072a78c7bb890 JavaThread "Thread-12"                         [_thread_blocked, id=274469, stack(0x000065f987e00000,0x000065f987f00000) (1024K)]
  0x000072a78c7bce20 JavaThread "Thread-13"                         [_thread_blocked, id=274470, stack(0x000065f987d00000,0x000065f987e00000) (1024K)]
  0x000072a78c3df230 JavaThread "Thread-14"                         [_thread_blocked, id=274471, stack(0x000065fa58bed000,0x000065fa58ded000) (2048K)]
  0x000072a78c3e00c0 JavaThread "Thread-15"                         [_thread_blocked, id=274472, stack(0x000065f987c00000,0x000065f987d00000) (1024K)]
  0x000072a78c3e1460 JavaThread "Thread-16"                         [_thread_blocked, id=274473, stack(0x000065f987b00000,0x000065f987c00000) (1024K)]
  0x000072a78c5c5200 JavaThread "Thread-17"                         [_thread_blocked, id=274474, stack(0x000065f987a00000,0x000065f987b00000) (1024K)]
  0x000072a78c5c6990 JavaThread "Thread-18"                         [_thread_blocked, id=274475, stack(0x000065f987900000,0x000065f987a00000) (1024K)]
  0x000072a78c5c8340 JavaThread "Thread-19"                         [_thread_blocked, id=274476, stack(0x000065f987800000,0x000065f987900000) (1024K)]
  0x000072a78c5c97e0 JavaThread "Thread-20"                         [_thread_blocked, id=274477, stack(0x000065f987700000,0x000065f987800000) (1024K)]
  0x000072a78c5cb1a0 JavaThread "Thread-21"                         [_thread_blocked, id=274478, stack(0x000065f987600000,0x000065f987700000) (1024K)]
  0x000072a78c5ccb70 JavaThread "Thread-22"                         [_thread_blocked, id=274479, stack(0x000065f987500000,0x000065f987600000) (1024K)]
  0x000072a78c5cef40 JavaThread "Thread-23"                         [_thread_blocked, id=274480, stack(0x000065f987400000,0x000065f987500000) (1024K)]
  0x000072a78c5d0030 JavaThread "Thread-24"                         [_thread_blocked, id=274481, stack(0x000065f987300000,0x000065f987400000) (1024K)]
  0x000072a78c5d18c0 JavaThread "Thread-25"                         [_thread_blocked, id=274482, stack(0x000065f987200000,0x000065f987300000) (1024K)]
  0x000072a78c5d3150 JavaThread "Thread-26"                         [_thread_blocked, id=274483, stack(0x000065f987100000,0x000065f987200000) (1024K)]
  0x000072a78c5d49e0 JavaThread "Thread-27"                         [_thread_blocked, id=274484, stack(0x000065f987000000,0x000065f987100000) (1024K)]
  0x000072a78c5d6270 JavaThread "Thread-28"                         [_thread_blocked, id=274485, stack(0x000065f986f00000,0x000065f987000000) (1024K)]
  0x000072a78c5d7b00 JavaThread "Thread-29"                         [_thread_blocked, id=274486, stack(0x000065f986e00000,0x000065f986f00000) (1024K)]
  0x000072a78c3d2820 JavaThread "Thread-30"                         [_thread_blocked, id=274487, stack(0x000065f986d00000,0x000065f986e00000) (1024K)]
  0x000072a78c3d4230 JavaThread "Thread-31"                         [_thread_blocked, id=274488, stack(0x000065f986c00000,0x000065f986d00000) (1024K)]
  0x000065f9c80bf0f0 JavaThread "C2 CompilerThread3"         daemon [_thread_blocked, id=274489, stack(0x000065f986b00000,0x000065f986c00000) (1024K)]
  0x000065f9d40fb880 JavaThread "C1 CompilerThread3"         daemon [_thread_blocked, id=274490, stack(0x000065f986a00000,0x000065f986b00000) (1024K)]
  0x000065f9cc0d3f40 JavaThread "C2 CompilerThread4"         daemon [_thread_blocked, id=274491, stack(0x000065f986900000,0x000065f986a00000) (1024K)]
  0x000065f9c813c850 JavaThread "C2 CompilerThread5"         daemon [_thread_blocked, id=274492, stack(0x000065f986800000,0x000065f986900000) (1024K)]
  0x000065f9c813e650 JavaThread "C2 CompilerThread6"         daemon [_thread_blocked, id=274493, stack(0x000065f986700000,0x000065f986800000) (1024K)]
  0x000065f9c813fcd0 JavaThread "C1 CompilerThread4"         daemon [_thread_blocked, id=274494, stack(0x000065f986600000,0x000065f986700000) (1024K)]
  0x000065f9280040a0 JavaThread "C2 CompilerThread7"         daemon [_thread_blocked, id=274495, stack(0x000065f986500000,0x000065f986600000) (1024K)]
  0x000065f9cc120cf0 JavaThread "C2 CompilerThread8"         daemon [_thread_blocked, id=274496, stack(0x000065f986400000,0x000065f986500000) (1024K)]
  0x000065f9d41acca0 JavaThread "C2 CompilerThread9"         daemon [_thread_in_native, id=274497, stack(0x000065f986300000,0x000065f986400000) (1024K)]
Total: 56

Other Threads:
  0x000072a78c519290 VMThread "VM Thread"                           [id=274418, stack(0x000072a790043000,0x000072a790143000) (1024K)]
  0x000072a78c506ee0 WatcherThread "VM Periodic Task Thread"        [id=274417, stack(0x000072a790144000,0x000072a790244000) (1024K)]

=>0x000072a78c53bd20 (exited) NamedThread "MMTk Collector Thread"   [id=274436, stack(0x000065fa5a0f6000,0x000065fa5a1f6000) (1024K)]
Total: 3

Threads with active compile tasks:
C2 CompilerThread0  3313 3124 % !   4       org.apache.xalan.transformer.TransformerImpl::transformNode @ 108 (489 bytes)
C2 CompilerThread1  3313 3197   !   4       org.apache.xalan.templates.ElemNumber::formatNumberList (421 bytes)
C2 CompilerThread2  3313 3187       4       org.apache.xalan.transformer.CountersTable::getCounters (24 bytes)
C2 CompilerThread3  3313 3125       4       org.apache.xpath.functions.FuncId::execute (202 bytes)
C2 CompilerThread4  3313 3201       4       org.apache.xerces.impl.XMLDocumentFragmentScannerImpl::scanCDATASection (457 bytes)
C2 CompilerThread5  3313 3035   !   4       org.apache.xalan.templates.ElemElement::execute (371 bytes)
C2 CompilerThread6  3313 3135       4       java.io.BufferedReader::implReadLine (301 bytes)
C2 CompilerThread7  3313 3036   !   4       org.apache.xalan.templates.ElemAttribute::constructNode (86 bytes)
C2 CompilerThread8  3313 3181       4       org.apache.xalan.transformer.CountersTable::countNode (300 bytes)
C2 CompilerThread9  3313 2911       4       org.apache.xpath.axes.WalkingIterator::setRoot (31 bytes)
Total: 10

VM state: at safepoint (normal execution)

VM Mutex/Monitor currently owned by a thread:  ([mutex/lock_event])
[0x000072a7929580d0] Threads_lock - owner thread: 0x000072a78c519290
[0x000072a792957fd0] Heap_lock - owner thread: 0x000072a78c3e2890

Heap address: 0x0000000040000000, size: 3072 MB, Compressed Oops mode: 32-bit

CDS archive(s) mapped at: [0x000065fa5b000000-0x000065fa5bca3000-0x000065fa5bca3000), size 13250560, SharedBaseAddress: 0x000065fa5b000000, ArchiveRelocationMode: 1.
Compressed class space mapped at: 0x000065fa5c000000-0x000065fa9c000000, reserved size: 1073741824
Narrow klass base: 0x000065fa5b000000, Narrow klass shift: 0, Narrow klass range: 0x100000000

GC Precious Log:
<Empty>

Heap:

[error occurred during error reporting (printing heap information), id 0xe0000000, Internal Error (/mydata/mmtk-openjdk/openjdk/share/mmtkHeap.cpp:424)]
Metaspace:

Usage:
  Non-class:      7.11 MB used.
      Class:    969.72 KB used.
       Both:      8.06 MB used.

Virtual space:
  Non-class space:       64.00 MB reserved,       7.25 MB ( 11%) committed,  1 nodes.
      Class space:        1.00 GB reserved,       1.06 MB ( <1%) committed,  1 nodes.
             Both:        1.06 GB reserved,       8.31 MB ( <1%) committed. 

Chunk freelists:
   Non-Class:  7.26 MB
       Class:  14.99 MB
        Both:  22.25 MB

MaxMetaspaceSize: unlimited
CompressedClassSpaceSize: 1.00 GB
Initial GC threshold: 21.00 MB
Current GC threshold: 21.00 MB
CDS: on
 - commit_granule_bytes: 65536.
 - commit_granule_words: 8192.
 - virtual_space_node_default_size: 8388608.
 - enlarge_chunks_in_place: 1.
 - use_allocation_guard: 0.


Internal statistics:

num_allocs_failed_limit: 0.
num_arena_births: 130.
num_arena_deaths: 0.
num_vsnodes_births: 2.
num_vsnodes_deaths: 0.
num_space_committed: 133.
num_space_uncommitted: 0.
num_chunks_returned_to_freelist: 0.
num_chunks_taken_from_freelist: 388.
num_chunk_merges: 0.
num_chunk_splits: 271.
num_chunks_enlarged: 207.
num_inconsistent_stats: 0.

CodeHeap 'non-profiled nmethods': size=118880Kb used=2123Kb max_used=2123Kb free=116756Kb
 bounds [0x000072a77c3e8000, 0x000072a77c658000, 0x000072a783800000]
CodeHeap 'profiled nmethods': size=118876Kb used=6976Kb max_used=6976Kb free=111899Kb
 bounds [0x000072a774800000, 0x000072a774ee0000, 0x000072a77bc17000]
CodeHeap 'non-nmethods': size=8004Kb used=3463Kb max_used=3570Kb free=4540Kb
 bounds [0x000072a77bc17000, 0x000072a77bfa7000, 0x000072a77c3e8000]
CodeCache: size=245760Kb, used=12562Kb, max_used=12669Kb, free=233195Kb
 total_blobs=3640, nmethods=3158, adapters=381, full_count=0
Compilation: enabled, stopped_count=0, restarted_count=0

Compilation events (20 events):
Event: 3.253 Thread 0x000065f9c80015f0 nmethod 3207 0x000072a774ec7810 code [0x000072a774ec7a40, 0x000072a774ec8280]
Event: 3.253 Thread 0x000065f9c80015f0 3208       3       org.apache.xpath.axes.OneStepIterator::getNextNode (15 bytes)
Event: 3.253 Thread 0x000065f9c80015f0 nmethod 3208 0x000072a774ec8610 code [0x000072a774ec87c0, 0x000072a774ec89a0]
Event: 3.253 Thread 0x000065f9c80015f0 3209       3       org.apache.xml.dtm.ref.DTMDefaultBaseIterators$PrecedingSiblingIterator::next (51 bytes)
Event: 3.253 Thread 0x000065f9c80015f0 nmethod 3209 0x000072a774ec8a90 code [0x000072a774ec8c60, 0x000072a774ec9030]
Event: 3.253 Thread 0x000065f9c80015f0 3210       3       org.apache.xpath.axes.OneStepIterator::detach (25 bytes)
Event: 3.253 Thread 0x000065f9d403d9c0 3211   !   3       org.apache.xpath.objects.XNodeSet::equals (19 bytes)
Event: 3.253 Thread 0x000065f9c80015f0 nmethod 3210 0x000072a774ec9210 code [0x000072a774ec93c0, 0x000072a774ec95f8]
Event: 3.253 Thread 0x000065f9c80015f0 3213       3       org.apache.xpath.objects.XNodeSet::iterRaw (2 bytes)
Event: 3.253 Thread 0x000065f9c80015f0 nmethod 3213 0x000072a774ec9710 code [0x000072a774ec98a0, 0x000072a774ec99a8]
Event: 3.253 Thread 0x000065f9c80015f0 3214       3       org.apache.xpath.objects.EqualComparator::compareStrings (8 bytes)
Event: 3.253 Thread 0x000065f9d403d9c0 nmethod 3211 0x000072a774ec9a10 code [0x000072a774ec9be0, 0x000072a774ec9e90]
Event: 3.253 Thread 0x000065f9d403d9c0 3215       3       org.apache.xpath.axes.NodeSequence::reset (6 bytes)
Event: 3.253 Thread 0x000065f9d403d9c0 nmethod 3215 0x000072a774eca010 code [0x000072a774eca1a0, 0x000072a774eca2a8]
Event: 3.254 Thread 0x000065f9c80015f0 nmethod 3214 0x000072a774eca310 code [0x000072a774eca4c0, 0x000072a774eca660]
Event: 3.265 Thread 0x000065f9d00bb2a0 nmethod 3122 0x000072a77c5f6d90 code [0x000072a77c5f70a0, 0x000072a77c5f92e8]
Event: 3.266 Thread 0x000065f9d00bb2a0 3196       4       org.apache.xpath.NodeSetDTM::addElement (27 bytes)
Event: 3.267 Thread 0x000065f9d40fb880 nmethod 3212 0x000072a774eca790 code [0x000072a774ecae00, 0x000072a774ecef78]
Event: 3.267 Thread 0x000065f9d00bb2a0 nmethod 3196 0x000072a77c5fa710 code [0x000072a77c5fa8a0, 0x000072a77c5fab68]
Event: 3.268 Thread 0x000065f9d00bb2a0 3187       4       org.apache.xalan.transformer.CountersTable::getCounters (24 bytes)

GC Heap History (0 events):
No events

Dll operation events (7 events):
Event: 0.001 Loaded shared library /mydata/openjdk-mmtk/build/b0test/images/jdk/lib/libjava.so
Event: 2.212 Loaded shared library /mydata/openjdk-mmtk/build/b0test/images/jdk/lib/libjsvml.so
Event: 2.225 Loaded shared library /mydata/openjdk-mmtk/build/b0test/images/jdk/lib/libnio.so
Event: 2.229 Loaded shared library /mydata/openjdk-mmtk/build/b0test/images/jdk/lib/libzip.so
Event: 2.242 Loaded shared library /mydata/openjdk-mmtk/build/b0test/images/jdk/lib/libjimage.so
Event: 2.270 Loaded shared library /mydata/openjdk-mmtk/build/b0test/images/jdk/lib/libnet.so
Event: 2.372 Loaded shared library /mydata/openjdk-mmtk/build/b0test/images/jdk/lib/libverify.so

Deoptimization events (20 events):
Event: 3.216 Thread 0x000072a78c7b78a0 Uncommon trap: trap_request=0xffffff6e fr.pc=0x000072a77c5e8348 relative=0x0000000000003068
Event: 3.216 Thread 0x000072a78c7b6330 Uncommon trap: trap_request=0xffffff6e fr.pc=0x000072a77c5e8348 relative=0x0000000000003068
Event: 3.216 Thread 0x000072a78c3d2820 Uncommon trap: trap_request=0xffffff6e fr.pc=0x000072a77c5e8348 relative=0x0000000000003068
Event: 3.216 Thread 0x000072a78c7b6330 Uncommon trap: reason=loop_limit_check action=maybe_recompile pc=0x000072a77c5e8348 method=org.apache.xalan.transformer.CountersTable.appendBtoFList(Lorg/apache/xpath/NodeSetDTM;Lorg/apache/xpath/NodeSetDTM;)V @ 12 c2
Event: 3.216 Thread 0x000072a78c3d2820 Uncommon trap: reason=loop_limit_check action=maybe_recompile pc=0x000072a77c5e8348 method=org.apache.xalan.transformer.CountersTable.appendBtoFList(Lorg/apache/xpath/NodeSetDTM;Lorg/apache/xpath/NodeSetDTM;)V @ 12 c2
Event: 3.216 Thread 0x000072a78c7b78a0 Uncommon trap: reason=loop_limit_check action=maybe_recompile pc=0x000072a77c5e8348 method=org.apache.xalan.transformer.CountersTable.appendBtoFList(Lorg/apache/xpath/NodeSetDTM;Lorg/apache/xpath/NodeSetDTM;)V @ 12 c2
Event: 3.216 Thread 0x000072a78c5cb1a0 Uncommon trap: trap_request=0xffffff6e fr.pc=0x000072a77c5e8348 relative=0x0000000000003068
Event: 3.216 Thread 0x000072a78c7b6330 DEOPT PACKING pc=0x000072a77c5e8348 sp=0x000065fa583e8eb0
Event: 3.216 Thread 0x000072a78c5cb1a0 Uncommon trap: reason=loop_limit_check action=maybe_recompile pc=0x000072a77c5e8348 method=org.apache.xalan.transformer.CountersTable.appendBtoFList(Lorg/apache/xpath/NodeSetDTM;Lorg/apache/xpath/NodeSetDTM;)V @ 12 c2
Event: 3.216 Thread 0x000072a78c7b9040 Uncommon trap: trap_request=0xffffff6e fr.pc=0x000072a77c5e8348 relative=0x0000000000003068
Event: 3.216 Thread 0x000072a78c5cb1a0 DEOPT PACKING pc=0x000072a77c5e8348 sp=0x000065f9876fd390
Event: 3.216 Thread 0x000072a78c7b9040 Uncommon trap: reason=loop_limit_check action=maybe_recompile pc=0x000072a77c5e8348 method=org.apache.xalan.transformer.CountersTable.appendBtoFList(Lorg/apache/xpath/NodeSetDTM;Lorg/apache/xpath/NodeSetDTM;)V @ 12 c2
Event: 3.216 Thread 0x000072a78c7b9040 DEOPT PACKING pc=0x000072a77c5e8348 sp=0x000065fa581e9190
Event: 3.216 Thread 0x000072a78c7b6330 DEOPT UNPACKING pc=0x000072a77bc6a399 sp=0x000065fa583e8df8 mode 2
Event: 3.216 Thread 0x000072a78c5cb1a0 DEOPT UNPACKING pc=0x000072a77bc6a399 sp=0x000065f9876fd2d8 mode 2
Event: 3.216 Thread 0x000072a78c7b9040 DEOPT UNPACKING pc=0x000072a77bc6a399 sp=0x000065fa581e90d8 mode 2
Event: 3.216 Thread 0x000072a78c3d2820 DEOPT PACKING pc=0x000072a77c5e8348 sp=0x000065f986dfceb0
Event: 3.216 Thread 0x000072a78c3d2820 DEOPT UNPACKING pc=0x000072a77bc6a399 sp=0x000065f986dfcdf8 mode 2
Event: 3.216 Thread 0x000072a78c7b78a0 DEOPT PACKING pc=0x000072a77c5e8348 sp=0x000065fa582e9390
Event: 3.216 Thread 0x000072a78c7b78a0 DEOPT UNPACKING pc=0x000072a77bc6a399 sp=0x000065fa582e92d8 mode 2

Classes loaded (20 events):
Event: 2.633 Loading class java/util/ResourceBundle$KeyElementReference
Event: 2.633 Loading class java/util/ResourceBundle$CacheKeyReference
Event: 2.633 Loading class java/util/ResourceBundle$CacheKeyReference done
Event: 2.633 Loading class java/util/ResourceBundle$KeyElementReference done
Event: 2.634 Loading class java/util/ResourceBundle$Control$2
Event: 2.634 Loading class java/util/ResourceBundle$Control$2 done
Event: 2.635 Loading class sun/util/PropertyResourceBundleCharset
Event: 2.635 Loading class sun/util/PropertyResourceBundleCharset done
Event: 2.635 Loading class sun/util/PropertyResourceBundleCharset$PropertiesFileDecoder
Event: 2.635 Loading class sun/util/PropertyResourceBundleCharset$PropertiesFileDecoder done
Event: 2.637 Loading class java/util/ResourceBundle$BundleReference
Event: 2.637 Loading class java/util/ResourceBundle$BundleReference done
Event: 2.638 Loading class sun/util/ResourceBundleEnumeration
Event: 2.638 Loading class sun/util/ResourceBundleEnumeration done
Event: 2.644 Loading class sun/nio/cs/ISO_8859_1$Encoder
Event: 2.644 Loading class sun/nio/cs/ISO_8859_1$Encoder done
Event: 2.678 Loading class java/util/ResourceBundle$Control$1
Event: 2.678 Loading class java/util/ResourceBundle$Control$1 done
Event: 2.698 Loading class java/lang/foreign/MemorySegment
Event: 2.699 Loading class java/lang/foreign/MemorySegment done

Classes unloaded (0 events):
No events

Classes redefined (0 events):
No events

Internal exceptions (13 events):
Event: 2.236 Thread 0x000072a78c02b240 Exception <a 'java/lang/NoSuchMethodError'{0x0000000040334090}: 'java.lang.Object java.lang.invoke.DirectMethodHandle$Holder.newInvokeSpecial(java.lang.Object, int, java.lang.Object)'> (0x0000000040334090) 
thrown [src/hotspot/share/interpreter/linkResolver.cpp, line 772]
Event: 2.245 Thread 0x000072a78c02b240 Exception <a 'java/lang/NoSuchMethodError'{0x00000000402f9e28}: 'void java.lang.invoke.DirectMethodHandle$Holder.invokeStatic(java.lang.Object, java.lang.Object)'> (0x00000000402f9e28) 
thrown [src/hotspot/share/interpreter/linkResolver.cpp, line 772]
Event: 2.246 Thread 0x000072a78c02b240 Exception <a 'java/lang/NoSuchMethodError'{0x00000000402fd820}: 'void java.lang.invoke.DirectMethodHandle$Holder.invokeSpecial(java.lang.Object, java.lang.Object, java.lang.Object)'> (0x00000000402fd820) 
thrown [src/hotspot/share/interpreter/linkResolver.cpp, line 772]
Event: 2.290 Thread 0x000072a78c02b240 Exception <a 'java/lang/NoSuchMethodError'{0x00000000401be078}: 'void java.lang.invoke.DirectMethodHandle$Holder.invokeVirtual(java.lang.Object, java.lang.Object)'> (0x00000000401be078) 
thrown [src/hotspot/share/interpreter/linkResolver.cpp, line 772]
Event: 2.295 Thread 0x000072a78c02b240 Exception <a 'java/io/FileNotFoundException'{0x000000004019ed48}> (0x000000004019ed48) 
thrown [src/hotspot/share/prims/jni.cpp, line 520]
Event: 2.307 Thread 0x000072a78c02b240 Exception <a 'java/lang/NoSuchMethodError'{0x0000000040137b28}: 'java.lang.Object java.lang.invoke.Invokers$Holder.invokeExact_MT(java.lang.Object, java.lang.Object, java.lang.Object, java.lang.Object, java.lang.Object)'> (0x0000000040137b28) 
thrown [src/hotspot/share/interpreter/linkResolver.cpp, line 772]
Event: 2.502 Thread 0x000072a78c02b240 Exception <a 'java/lang/NoSuchMethodError'{0x0000000040ebb8e0}: 'void java.lang.invoke.DirectMethodHandle$Holder.invokeVirtual(java.lang.Object, java.lang.Object, int)'> (0x0000000040ebb8e0) 
thrown [src/hotspot/share/interpreter/linkResolver.cpp, line 772]
Event: 2.502 Thread 0x000072a78c02b240 Exception <a 'java/lang/NoSuchMethodError'{0x0000000040eb0090}: 'int java.lang.invoke.DirectMethodHandle$Holder.invokeSpecial(java.lang.Object, java.lang.Object, java.lang.Object, int)'> (0x0000000040eb0090) 
thrown [src/hotspot/share/interpreter/linkResolver.cpp, line 772]
Event: 2.504 Thread 0x000072a78c02b240 Exception <a 'java/lang/NoSuchMethodError'{0x0000000040ea2e40}: 'java.lang.Object java.lang.invoke.DirectMethodHandle$Holder.invokeStatic(java.lang.Object, java.lang.Object, java.lang.Object, java.lang.Object, int)'> (0x0000000040ea2e40) 
thrown [src/hotspot/share/interpreter/linkResolver.cpp, line 772]
Event: 2.505 Thread 0x000072a78c02b240 Exception <a 'java/lang/NoSuchMethodError'{0x0000000040e9e050}: 'void java.lang.invoke.DelegatingMethodHandle$Holder.reinvoke_L(java.lang.Object, java.lang.Object, int)'> (0x0000000040e9e050) 
thrown [src/hotspot/share/interpreter/linkResolver.cpp, line 772]
Event: 2.506 Thread 0x000072a78c02b240 Exception <a 'java/lang/NoSuchMethodError'{0x0000000040e94da8}: 'int java.lang.invoke.DirectMethodHandle$Holder.invokeSpecial(java.lang.Object, java.lang.Object, java.lang.Object)'> (0x0000000040e94da8) 
thrown [src/hotspot/share/interpreter/linkResolver.cpp, line 772]
Event: 2.587 Thread 0x000072a78c02b240 Exception <a 'java/lang/NoSuchMethodError'{0x00000000413c6268}: 'void java.lang.invoke.DelegatingMethodHandle$Holder.reinvoke_L(java.lang.Object, java.lang.Object, int, int)'> (0x00000000413c6268) 
thrown [src/hotspot/share/interpreter/linkResolver.cpp, line 772]
Event: 2.632 Thread 0x000072a78c7ad530 Exception <a 'java/lang/NoSuchMethodError'{0x000000004094fd88}: 'java.lang.Object java.lang.invoke.DirectMethodHandle$Holder.invokeInterface(java.lang.Object, java.lang.Object)'> (0x000000004094fd88) 
thrown [src/hotspot/share/interpreter/linkResolver.cpp, line 772]

ZGC Phase Switch (0 events):
No events

VM Operations (20 events):
Event: 3.072 Executing VM operation: ICBufferFull done
Event: 3.075 Executing VM operation: ICBufferFull
Event: 3.077 Executing VM operation: ICBufferFull done
Event: 3.080 Executing VM operation: ICBufferFull
Event: 3.081 Executing VM operation: ICBufferFull done
Event: 3.083 Executing VM operation: ICBufferFull
Event: 3.083 Executing VM operation: ICBufferFull done
Event: 3.086 Executing VM operation: ICBufferFull
Event: 3.086 Executing VM operation: ICBufferFull done
Event: 3.086 Executing VM operation: ICBufferFull
Event: 3.086 Executing VM operation: ICBufferFull done
Event: 3.086 Executing VM operation: ThirdPartyHeapOperation
Event: 3.096 Executing VM operation: ThirdPartyHeapOperation done
Event: 3.096 Executing VM operation: ICBufferFull
Event: 3.096 Executing VM operation: ICBufferFull done
Event: 3.100 Executing VM operation: ThirdPartyHeapOperation
Event: 3.121 Executing VM operation: ThirdPartyHeapOperation done
Event: 3.254 Executing VM operation: ThirdPartyHeapOperation
Event: 3.264 Executing VM operation: ThirdPartyHeapOperation done
Event: 3.269 Executing VM operation: ThirdPartyHeapOperation

Memory protections (20 events):
Event: 2.600 Protecting memory [0x000065f987600000,0x000065f987604000] with protection modes 0
Event: 2.600 Protecting memory [0x000065f987500000,0x000065f987504000] with protection modes 0
Event: 2.600 Protecting memory [0x000065f987400000,0x000065f987404000] with protection modes 0
Event: 2.600 Protecting memory [0x000065f987300000,0x000065f987304000] with protection modes 0
Event: 2.601 Protecting memory [0x000065f987200000,0x000065f987204000] with protection modes 0
Event: 2.601 Protecting memory [0x000065f987100000,0x000065f987104000] with protection modes 0
Event: 2.601 Protecting memory [0x000065f987000000,0x000065f987004000] with protection modes 0
Event: 2.601 Protecting memory [0x000065f986f00000,0x000065f986f04000] with protection modes 0
Event: 2.601 Protecting memory [0x000065f986e00000,0x000065f986e04000] with protection modes 0
Event: 2.601 Protecting memory [0x000065f986d00000,0x000065f986d04000] with protection modes 0
Event: 2.601 Protecting memory [0x000065f986c00000,0x000065f986c04000] with protection modes 0
Event: 2.647 Protecting memory [0x000065f986b00000,0x000065f986b04000] with protection modes 0
Event: 2.663 Protecting memory [0x000065f986a00000,0x000065f986a04000] with protection modes 0
Event: 2.677 Protecting memory [0x000065f986900000,0x000065f986904000] with protection modes 0
Event: 2.678 Protecting memory [0x000065f986800000,0x000065f986804000] with protection modes 0
Event: 2.681 Protecting memory [0x000065f986700000,0x000065f986704000] with protection modes 0
Event: 2.681 Protecting memory [0x000065f986600000,0x000065f986604000] with protection modes 0
Event: 2.688 Protecting memory [0x000065f986500000,0x000065f986504000] with protection modes 0
Event: 2.708 Protecting memory [0x000065f986400000,0x000065f986404000] with protection modes 0
Event: 2.708 Protecting memory [0x000065f986300000,0x000065f986304000] with protection modes 0

Nmethod flushes (0 events):
No events

Events (20 events):
Event: 2.600 Thread 0x000072a78c02b240 Thread added: 0x000072a78c5cb1a0
Event: 2.600 Thread 0x000072a78c02b240 Thread added: 0x000072a78c5ccb70
Event: 2.600 Thread 0x000072a78c02b240 Thread added: 0x000072a78c5cef40
Event: 2.600 Thread 0x000072a78c02b240 Thread added: 0x000072a78c5d0030
Event: 2.601 Thread 0x000072a78c02b240 Thread added: 0x000072a78c5d18c0
Event: 2.601 Thread 0x000072a78c02b240 Thread added: 0x000072a78c5d3150
Event: 2.601 Thread 0x000072a78c02b240 Thread added: 0x000072a78c5d49e0
Event: 2.601 Thread 0x000072a78c02b240 Thread added: 0x000072a78c5d6270
Event: 2.601 Thread 0x000072a78c02b240 Thread added: 0x000072a78c5d7b00
Event: 2.601 Thread 0x000072a78c02b240 Thread added: 0x000072a78c3d2820
Event: 2.601 Thread 0x000072a78c02b240 Thread added: 0x000072a78c3d4230
Event: 2.647 Thread 0x000065f9d403d9c0 Thread added: 0x000065f9c80bf0f0
Event: 2.663 Thread 0x000072a78c554d30 Thread added: 0x000065f9d40fb880
Event: 2.677 Thread 0x000065f9c80015f0 Thread added: 0x000065f9cc0d3f40
Event: 2.678 Thread 0x000065f9d403d9c0 Thread added: 0x000065f9c813c850
Event: 2.681 Thread 0x000065f9d403d9c0 Thread added: 0x000065f9c813e650
Event: 2.681 Thread 0x000065f9d403d9c0 Thread added: 0x000065f9c813fcd0
Event: 2.688 Thread 0x000065f9d40fb880 Thread added: 0x000065f9280040a0
Event: 2.705 Thread 0x000065f9c80015f0 Thread added: 0x000065f9cc120cf0
Event: 2.708 Thread 0x000072a78c554d30 Thread added: 0x000065f9d41acca0


Dynamic libraries:
40000000-40400000 rw-p 00000000 00:00 0                                  [anon:mmtk:space:immix]
40400000-40800000 rw-p 00000000 00:00 0                                  [anon:mmtk:space:los]
40800000-41400000 rw-p 00000000 00:00 0                                  [anon:mmtk:space:immix]
41400000-41800000 rw-p 00000000 00:00 0                                  [anon:mmtk:space:los]
41800000-41c00000 rw-p 00000000 00:00 0                                  [anon:mmtk:space:immix]
41c00000-42000000 rw-p 00000000 00:00 0                                  [anon:mmtk:space:los]
42000000-42400000 rw-p 00000000 00:00 0                                  [anon:mmtk:space:immix]
42400000-42800000 rw-p 00000000 00:00 0                                  [anon:mmtk:space:los]
42800000-43000000 rw-p 00000000 00:00 0                                  [anon:mmtk:space:immix]
43000000-43400000 rw-p 00000000 00:00 0                                  [anon:mmtk:space:los]
43400000-43c00000 rw-p 00000000 00:00 0                                  [anon:mmtk:space:immix]
43c00000-44000000 rw-p 00000000 00:00 0                                  [anon:mmtk:space:los]
44000000-44800000 rw-p 00000000 00:00 0                                  [anon:mmtk:space:immix]
44800000-44c00000 rw-p 00000000 00:00 0                                  [anon:mmtk:space:los]
44c00000-45000000 rw-p 00000000 00:00 0                                  [anon:mmtk:space:immix]
45000000-45400000 rw-p 00000000 00:00 0                                  [anon:mmtk:space:los]
45400000-45c00000 rw-p 00000000 00:00 0                                  [anon:mmtk:space:immix]
45c00000-46000000 rw-p 00000000 00:00 0                                  [anon:mmtk:space:los]
46000000-46400000 rw-p 00000000 00:00 0                                  [anon:mmtk:space:immix]
46400000-46800000 rw-p 00000000 00:00 0                                  [anon:mmtk:space:los]
46800000-47000000 rw-p 00000000 00:00 0                                  [anon:mmtk:space:immix]
47000000-47400000 rw-p 00000000 00:00 0                                  [anon:mmtk:space:los]
47400000-47800000 rw-p 00000000 00:00 0                                  [anon:mmtk:space:immix]
47800000-47c00000 rw-p 00000000 00:00 0                                  [anon:mmtk:space:los]
47c00000-48400000 rw-p 00000000 00:00 0                                  [anon:mmtk:space:immix]
48400000-48800000 rw-p 00000000 00:00 0                                  [anon:mmtk:space:los]
48800000-48c00000 rw-p 00000000 00:00 0                                  [anon:mmtk:space:immix]
48c00000-49000000 rw-p 00000000 00:00 0                                  [anon:mmtk:space:los]
49000000-49400000 rw-p 00000000 00:00 0                                  [anon:mmtk:space:immix]
49400000-49800000 rw-p 00000000 00:00 0                                  [anon:mmtk:space:los]
49800000-4a000000 rw-p 00000000 00:00 0                                  [anon:mmtk:space:immix]
4a000000-4a400000 rw-p 00000000 00:00 0                                  [anon:mmtk:space:los]
4a400000-4ac00000 rw-p 00000000 00:00 0                                  [anon:mmtk:space:immix]
4ac00000-4b000000 rw-p 00000000 00:00 0                                  [anon:mmtk:space:los]
4b000000-4b400000 rw-p 00000000 00:00 0                                  [anon:mmtk:space:immix]
4b400000-4b800000 rw-p 00000000 00:00 0                                  [anon:mmtk:space:los]
4b800000-4c000000 rw-p 00000000 00:00 0                                  [anon:mmtk:space:immix]
4c000000-4c400000 rw-p 00000000 00:00 0                                  [anon:mmtk:space:los]
4c400000-4c800000 rw-p 00000000 00:00 0                                  [anon:mmtk:space:immix]
4c800000-4cc00000 rw-p 00000000 00:00 0                                  [anon:mmtk:space:los]
4cc00000-4d400000 rw-p 00000000 00:00 0                                  [anon:mmtk:space:immix]
4d400000-4d800000 rw-p 00000000 00:00 0                                  [anon:mmtk:space:los]
4d800000-4dc00000 rw-p 00000000 00:00 0                                  [anon:mmtk:space:immix]
4dc00000-4e000000 rw-p 00000000 00:00 0                                  [anon:mmtk:space:los]
4e000000-4e800000 rw-p 00000000 00:00 0                                  [anon:mmtk:space:immix]
4e800000-4ec00000 rw-p 00000000 00:00 0                                  [anon:mmtk:space:los]
4ec00000-4f400000 rw-p 00000000 00:00 0                                  [anon:mmtk:space:immix]
4f400000-4f800000 rw-p 00000000 00:00 0                                  [anon:mmtk:space:los]
4f800000-4fc00000 rw-p 00000000 00:00 0                                  [anon:mmtk:space:immix]
4fc00000-50000000 rw-p 00000000 00:00 0                                  [anon:mmtk:space:los]
50000000-50400000 rw-p 00000000 00:00 0                                  [anon:mmtk:space:immix]
50400000-50800000 rw-p 00000000 00:00 0                                  [anon:mmtk:space:immix]
50800000-50c00000 rw-p 00000000 00:00 0                                  [anon:mmtk:space:los]
50c00000-51000000 rw-p 00000000 00:00 0                                  [anon:mmtk:space:immix]
51000000-51400000 rw-p 00000000 00:00 0                                  [anon:mmtk:space:los]
51400000-51c00000 rw-p 00000000 00:00 0                                  [anon:mmtk:space:immix]
51c00000-52000000 rw-p 00000000 00:00 0                                  [anon:mmtk:space:los]
52000000-52400000 rw-p 00000000 00:00 0                                  [anon:mmtk:space:immix]
52400000-52800000 rw-p 00000000 00:00 0                                  [anon:mmtk:space:los]
52800000-52c00000 rw-p 00000000 00:00 0                                  [anon:mmtk:space:immix]
52c00000-53000000 rw-p 00000000 00:00 0                                  [anon:mmtk:space:immix]
200000000000-2000c00c0000 rw-s 00000000 00:10 68                         anon_inode:bpf-map
5cf33110b000-5cf33110c000 r--p 00000000 fc:00 49676320                   /mydata/openjdk-mmtk/build/b0test/images/jdk/bin/java
5cf33110c000-5cf33110d000 r-xp 00001000 fc:00 49676320                   /mydata/openjdk-mmtk/build/b0test/images/jdk/bin/java
5cf33110d000-5cf33110e000 r--p 00002000 fc:00 49676320                   /mydata/openjdk-mmtk/build/b0test/images/jdk/bin/java
5cf33110e000-5cf33110f000 r--p 00002000 fc:00 49676320                   /mydata/openjdk-mmtk/build/b0test/images/jdk/bin/java
5cf33110f000-5cf331110000 rw-p 00003000 fc:00 49676320                   /mydata/openjdk-mmtk/build/b0test/images/jdk/bin/java
5cf36d18b000-5cf36d1d3000 rw-p 00000000 00:00 0                          [heap]
65f908000000-65f908021000 rw-p 00000000 00:00 0 
65f908021000-65f90c000000 ---p 00000000 00:00 0 
65f90dfff000-65f910000000 rw-p 00000000 00:00 0 
65f910000000-65f91086e000 rw-p 00000000 00:00 0 
65f91086e000-65f914000000 ---p 00000000 00:00 0 
65f914000000-65f914c52000 rw-p 00000000 00:00 0 
65f914c52000-65f918000000 ---p 00000000 00:00 0 
65f918000000-65f918214000 rw-p 00000000 00:00 0 
65f918214000-65f91c000000 ---p 00000000 00:00 0 
65f91c000000-65f91c86c000 rw-p 00000000 00:00 0 
65f91c86c000-65f920000000 ---p 00000000 00:00 0 
65f920000000-65f920785000 rw-p 00000000 00:00 0 
65f920785000-65f924000000 ---p 00000000 00:00 0 
65f924000000-65f9248eb000 rw-p 00000000 00:00 0 
65f9248eb000-65f928000000 ---p 00000000 00:00 0 
65f928000000-65f9281c1000 rw-p 00000000 00:00 0 
65f9281c1000-65f92c000000 ---p 00000000 00:00 0 
65f92c000000-65f92c6a8000 rw-p 00000000 00:00 0 
65f92c6a8000-65f930000000 ---p 00000000 00:00 0 
65f930000000-65f930021000 rw-p 00000000 00:00 0 
65f930021000-65f934000000 ---p 00000000 00:00 0 
65f934000000-65f934b54000 rw-p 00000000 00:00 0 
65f934b54000-65f938000000 ---p 00000000 00:00 0 
65f938000000-65f938021000 rw-p 00000000 00:00 0 
65f938021000-65f93c000000 ---p 00000000 00:00 0 
65f93c000000-65f93c021000 rw-p 00000000 00:00 0 
65f93c021000-65f940000000 ---p 00000000 00:00 0 
65f940000000-65f940021000 rw-p 00000000 00:00 0 
65f940021000-65f944000000 ---p 00000000 00:00 0 
65f944000000-65f944021000 rw-p 00000000 00:00 0 
65f944021000-65f948000000 ---p 00000000 00:00 0 
65f948000000-65f94805c000 rw-p 00000000 00:00 0 
65f94805c000-65f94c000000 ---p 00000000 00:00 0 
65f94c000000-65f94c038000 rw-p 00000000 00:00 0 
65f94c038000-65f950000000 ---p 00000000 00:00 0 
65f950000000-65f950021000 rw-p 00000000 00:00 0 
65f950021000-65f954000000 ---p 00000000 00:00 0 
65f954000000-65f954021000 rw-p 00000000 00:00 0 
65f954021000-65f958000000 ---p 00000000 00:00 0 
65f958000000-65f958021000 rw-p 00000000 00:00 0 
65f958021000-65f95c000000 ---p 00000000 00:00 0 
65f95c000000-65f95c021000 rw-p 00000000 00:00 0 
65f95c021000-65f960000000 ---p 00000000 00:00 0 
65f960000000-65f960021000 rw-p 00000000 00:00 0 
65f960021000-65f964000000 ---p 00000000 00:00 0 
65f964000000-65f964021000 rw-p 00000000 00:00 0 
65f964021000-65f968000000 ---p 00000000 00:00 0 
65f968000000-65f968021000 rw-p 00000000 00:00 0 
65f968021000-65f96c000000 ---p 00000000 00:00 0 
65f96c000000-65f96c021000 rw-p 00000000 00:00 0 
65f96c021000-65f970000000 ---p 00000000 00:00 0 
65f970000000-65f970021000 rw-p 00000000 00:00 0 
65f970021000-65f974000000 ---p 00000000 00:00 0 
65f974000000-65f97404a000 rw-p 00000000 00:00 0 
65f97404a000-65f978000000 ---p 00000000 00:00 0 
65f978000000-65f978021000 rw-p 00000000 00:00 0 
65f978021000-65f97c000000 ---p 00000000 00:00 0 
65f97c000000-65f97c021000 rw-p 00000000 00:00 0 
65f97c021000-65f980000000 ---p 00000000 00:00 0 
65f980000000-65f980037000 rw-p 00000000 00:00 0 
65f980037000-65f984000000 ---p 00000000 00:00 0 
65f985f76000-65f985f77000 ---p 00000000 00:00 0 
65f985f77000-65f986177000 rw-p 00000000 00:00 0 
65f986300000-65f986304000 ---p 00000000 00:00 0 
65f986304000-65f986400000 rw-p 00000000 00:00 0 
65f986400000-65f986404000 ---p 00000000 00:00 0 
65f986404000-65f986500000 rw-p 00000000 00:00 0 
65f986500000-65f986504000 ---p 00000000 00:00 0 
65f986504000-65f986600000 rw-p 00000000 00:00 0 
65f986600000-65f986604000 ---p 00000000 00:00 0 
65f986604000-65f986700000 rw-p 00000000 00:00 0 
65f986700000-65f986704000 ---p 00000000 00:00 0 
65f986704000-65f986800000 rw-p 00000000 00:00 0 
65f986800000-65f986804000 ---p 00000000 00:00 0 
65f986804000-65f986900000 rw-p 00000000 00:00 0 
65f986900000-65f986904000 ---p 00000000 00:00 0 
65f986904000-65f986a00000 rw-p 00000000 00:00 0 
65f986a00000-65f986a04000 ---p 00000000 00:00 0 
65f986a04000-65f986b00000 rw-p 00000000 00:00 0 
65f986b00000-65f986b04000 ---p 00000000 00:00 0 
65f986b04000-65f986c00000 rw-p 00000000 00:00 0 
65f986c00000-65f986c04000 ---p 00000000 00:00 0 
65f986c04000-65f986d00000 rw-p 00000000 00:00 0 
65f986d00000-65f986d04000 ---p 00000000 00:00 0 
65f986d04000-65f986e00000 rw-p 00000000 00:00 0 
65f986e00000-65f986e04000 ---p 00000000 00:00 0 
65f986e04000-65f986f00000 rw-p 00000000 00:00 0 
65f986f00000-65f986f04000 ---p 00000000 00:00 0 
65f986f04000-65f987000000 rw-p 00000000 00:00 0 
65f987000000-65f987004000 ---p 00000000 00:00 0 
65f987004000-65f987100000 rw-p 00000000 00:00 0 
65f987100000-65f987104000 ---p 00000000 00:00 0 
65f987104000-65f987200000 rw-p 00000000 00:00 0 
65f987200000-65f987204000 ---p 00000000 00:00 0 
65f987204000-65f987300000 rw-p 00000000 00:00 0 
65f987300000-65f987304000 ---p 00000000 00:00 0 
65f987304000-65f987400000 rw-p 00000000 00:00 0 
65f987400000-65f987404000 ---p 00000000 00:00 0 
65f987404000-65f987500000 rw-p 00000000 00:00 0 
65f987500000-65f987504000 ---p 00000000 00:00 0 
65f987504000-65f987600000 rw-p 00000000 00:00 0 
65f987600000-65f987604000 ---p 00000000 00:00 0 
65f987604000-65f987700000 rw-p 00000000 00:00 0 
65f987700000-65f987704000 ---p 00000000 00:00 0 
65f987704000-65f987800000 rw-p 00000000 00:00 0 
65f987800000-65f987804000 ---p 00000000 00:00 0 
65f987804000-65f987900000 rw-p 00000000 00:00 0 
65f987900000-65f987904000 ---p 00000000 00:00 0 
65f987904000-65f987a00000 rw-p 00000000 00:00 0 
65f987a00000-65f987a04000 ---p 00000000 00:00 0 
65f987a04000-65f987b00000 rw-p 00000000 00:00 0 
65f987b00000-65f987b04000 ---p 00000000 00:00 0 
65f987b04000-65f987c00000 rw-p 00000000 00:00 0 
65f987c00000-65f987c04000 ---p 00000000 00:00 0 
65f987c04000-65f987d00000 rw-p 00000000 00:00 0 
65f987d00000-65f987d04000 ---p 00000000 00:00 0 
65f987d04000-65f987e00000 rw-p 00000000 00:00 0 
65f987e00000-65f987e04000 ---p 00000000 00:00 0 
65f987e04000-65f987f00000 rw-p 00000000 00:00 0 
65f987f00000-65f987f04000 ---p 00000000 00:00 0 
65f987f04000-65f988000000 rw-p 00000000 00:00 0 
65f988000000-65f988021000 rw-p 00000000 00:00 0 
65f988021000-65f98c000000 ---p 00000000 00:00 0 
65f98c000000-65f98c021000 rw-p 00000000 00:00 0 
65f98c021000-65f990000000 ---p 00000000 00:00 0 
65f990000000-65f990061000 rw-p 00000000 00:00 0 
65f990061000-65f994000000 ---p 00000000 00:00 0 
65f994000000-65f994021000 rw-p 00000000 00:00 0 
65f994021000-65f998000000 ---p 00000000 00:00 0 
65f998000000-65f998021000 rw-p 00000000 00:00 0 
65f998021000-65f99c000000 ---p 00000000 00:00 0 
65f99c000000-65f99c021000 rw-p 00000000 00:00 0 
65f99c021000-65f9a0000000 ---p 00000000 00:00 0 
65f9a0000000-65f9a0021000 rw-p 00000000 00:00 0 
65f9a0021000-65f9a4000000 ---p 00000000 00:00 0 
65f9a4000000-65f9a4021000 rw-p 00000000 00:00 0 
65f9a4021000-65f9a8000000 ---p 00000000 00:00 0 
65f9a8000000-65f9a8021000 rw-p 00000000 00:00 0 
65f9a8021000-65f9ac000000 ---p 00000000 00:00 0 
65f9ac000000-65f9ac021000 rw-p 00000000 00:00 0 
65f9ac021000-65f9b0000000 ---p 00000000 00:00 0 
65f9b0000000-65f9b005a000 rw-p 00000000 00:00 0 
65f9b005a000-65f9b4000000 ---p 00000000 00:00 0 
65f9b4000000-65f9b4021000 rw-p 00000000 00:00 0 
65f9b4021000-65f9b8000000 ---p 00000000 00:00 0 
65f9b8000000-65f9b8993000 rw-p 00000000 00:00 0 
65f9b8993000-65f9bc000000 ---p 00000000 00:00 0 
65f9bc000000-65f9bc749000 rw-p 00000000 00:00 0 
65f9bc749000-65f9c0000000 ---p 00000000 00:00 0 
65f9c0000000-65f9c0021000 rw-p 00000000 00:00 0 
65f9c0021000-65f9c4000000 ---p 00000000 00:00 0 
65f9c4000000-65f9c4021000 rw-p 00000000 00:00 0 
65f9c4021000-65f9c8000000 ---p 00000000 00:00 0 
65f9c8000000-65f9c838a000 rw-p 00000000 00:00 0 
65f9c838a000-65f9cc000000 ---p 00000000 00:00 0 
65f9cc000000-65f9cc3c4000 rw-p 00000000 00:00 0 
65f9cc3c4000-65f9d0000000 ---p 00000000 00:00 0 
65f9d0000000-65f9d091d000 rw-p 00000000 00:00 0 
65f9d091d000-65f9d4000000 ---p 00000000 00:00 0 
65f9d4000000-65f9d426b000 rw-p 00000000 00:00 0 
65f9d426b000-65f9d8000000 ---p 00000000 00:00 0 
65f9d8000000-65f9d8021000 rw-p 00000000 00:00 0 
65f9d8021000-65f9dc000000 ---p 00000000 00:00 0 
65f9dc000000-65f9dc021000 rw-p 00000000 00:00 0 
65f9dc021000-65f9e0000000 ---p 00000000 00:00 0 
65f9e0000000-65f9e003b000 rw-p 00000000 00:00 0 
65f9e003b000-65f9e4000000 ---p 00000000 00:00 0 
65f9e4000000-65f9e4021000 rw-p 00000000 00:00 0 
65f9e4021000-65f9e8000000 ---p 00000000 00:00 0 
65f9e8000000-65f9e802b000 rw-p 00000000 00:00 0 
65f9e802b000-65f9ec000000 ---p 00000000 00:00 0 
65f9ec000000-65f9ec022000 rw-p 00000000 00:00 0 
65f9ec022000-65f9f0000000 ---p 00000000 00:00 0 
65f9f0000000-65f9f002b000 rw-p 00000000 00:00 0 
65f9f002b000-65f9f4000000 ---p 00000000 00:00 0 
65f9f4000000-65f9f402b000 rw-p 00000000 00:00 0 
65f9f402b000-65f9f8000000 ---p 00000000 00:00 0 
65f9f8000000-65f9f8023000 rw-p 00000000 00:00 0 
65f9f8023000-65f9fc000000 ---p 00000000 00:00 0 
65f9fc000000-65f9fc02a000 rw-p 00000000 00:00 0 
65f9fc02a000-65fa00000000 ---p 00000000 00:00 0 
65fa00000000-65fa000fb000 rw-p 00000000 00:00 0 
65fa000fb000-65fa04000000 ---p 00000000 00:00 0 
65fa04000000-65fa0402a000 rw-p 00000000 00:00 0 
65fa0402a000-65fa08000000 ---p 00000000 00:00 0 
65fa08000000-65fa0804a000 rw-p 00000000 00:00 0 
65fa0804a000-65fa0c000000 ---p 00000000 00:00 0 
65fa0c000000-65fa0c025000 rw-p 00000000 00:00 0 
65fa0c025000-65fa10000000 ---p 00000000 00:00 0 
65fa10000000-65fa10026000 rw-p 00000000 00:00 0 
65fa10026000-65fa14000000 ---p 00000000 00:00 0 
65fa14000000-65fa1402b000 rw-p 00000000 00:00 0 
65fa1402b000-65fa18000000 ---p 00000000 00:00 0 
65fa18000000-65fa1832b000 rw-p 00000000 00:00 0 
65fa1832b000-65fa1c000000 ---p 00000000 00:00 0 
65fa1c000000-65fa1c024000 rw-p 00000000 00:00 0 
65fa1c024000-65fa20000000 ---p 00000000 00:00 0 
65fa20000000-65fa2004b000 rw-p 00000000 00:00 0 
65fa2004b000-65fa24000000 ---p 00000000 00:00 0 
65fa24000000-65fa2418a000 rw-p 00000000 00:00 0 
65fa2418a000-65fa28000000 ---p 00000000 00:00 0 
65fa28000000-65fa28023000 rw-p 00000000 00:00 0 
65fa28023000-65fa2c000000 ---p 00000000 00:00 0 
65fa2c000000-65fa2c03c000 rw-p 00000000 00:00 0 
65fa2c03c000-65fa30000000 ---p 00000000 00:00 0 
65fa30000000-65fa3004e000 rw-p 00000000 00:00 0 
65fa3004e000-65fa34000000 ---p 00000000 00:00 0 
65fa34000000-65fa34023000 rw-p 00000000 00:00 0 
65fa34023000-65fa38000000 ---p 00000000 00:00 0 
65fa38000000-65fa38043000 rw-p 00000000 00:00 0 
65fa38043000-65fa3c000000 ---p 00000000 00:00 0 
65fa3c000000-65fa3c053000 rw-p 00000000 00:00 0 
65fa3c053000-65fa40000000 ---p 00000000 00:00 0 
65fa40000000-65fa40021000 rw-p 00000000 00:00 0 
65fa40021000-65fa44000000 ---p 00000000 00:00 0 
65fa44000000-65fa44021000 rw-p 00000000 00:00 0 
65fa44021000-65fa48000000 ---p 00000000 00:00 0 
65fa48000000-65fa48021000 rw-p 00000000 00:00 0 
65fa48021000-65fa4c000000 ---p 00000000 00:00 0 
65fa4c000000-65fa4c021000 rw-p 00000000 00:00 0 
65fa4c021000-65fa50000000 ---p 00000000 00:00 0 
65fa50000000-65fa50280000 rw-p 00000000 00:00 0 
65fa50280000-65fa50400000 ---p 00000000 00:00 0 
65fa50400000-65fa508c0000 rw-p 00000000 00:00 0 
65fa508c0000-65fa54000000 ---p 00000000 00:00 0 
65fa54000000-65fa54021000 rw-p 00000000 00:00 0 
65fa54021000-65fa58000000 ---p 00000000 00:00 0 
65fa580ec000-65fa580f0000 ---p 00000000 00:00 0 
65fa580f0000-65fa581ec000 rw-p 00000000 00:00 0 
65fa581ec000-65fa581f0000 ---p 00000000 00:00 0 
65fa581f0000-65fa582ec000 rw-p 00000000 00:00 0 
65fa582ec000-65fa582f0000 ---p 00000000 00:00 0 
65fa582f0000-65fa583ec000 rw-p 00000000 00:00 0 
65fa583ec000-65fa583f0000 ---p 00000000 00:00 0 
65fa583f0000-65fa584ec000 rw-p 00000000 00:00 0 
65fa584ec000-65fa584f0000 ---p 00000000 00:00 0 
65fa584f0000-65fa585ec000 rw-p 00000000 00:00 0 
65fa585ec000-65fa585f0000 ---p 00000000 00:00 0 
65fa585f0000-65fa586ec000 rw-p 00000000 00:00 0 
65fa586ec000-65fa586f0000 ---p 00000000 00:00 0 
65fa586f0000-65fa587ec000 rw-p 00000000 00:00 0 
65fa587ec000-65fa587f0000 ---p 00000000 00:00 0 
65fa587f0000-65fa588ec000 rw-p 00000000 00:00 0 
65fa588ec000-65fa588f0000 ---p 00000000 00:00 0 
65fa588f0000-65fa589ec000 rw-p 00000000 00:00 0 
65fa589ec000-65fa589f0000 ---p 00000000 00:00 0 
65fa589f0000-65fa58aec000 rw-p 00000000 00:00 0 
65fa58aec000-65fa58af0000 ---p 00000000 00:00 0 
65fa58af0000-65fa58bec000 rw-p 00000000 00:00 0 
65fa58bec000-65fa58bed000 ---p 00000000 00:00 0 
65fa58bed000-65fa58bf1000 ---p 00000000 00:00 0 
65fa58bf1000-65fa58ded000 rw-p 00000000 00:00 0 
65fa58ded000-65fa58df1000 ---p 00000000 00:00 0 
65fa58df1000-65fa58eed000 rw-p 00000000 00:00 0 
65fa58eed000-65fa58ef1000 ---p 00000000 00:00 0 
65fa58ef1000-65fa58fed000 rw-p 00000000 00:00 0 
65fa58fed000-65fa58ff1000 ---p 00000000 00:00 0 
65fa58ff1000-65fa590ed000 rw-p 00000000 00:00 0 
65fa590ed000-65fa590f1000 ---p 00000000 00:00 0 
65fa590f1000-65fa591ed000 rw-p 00000000 00:00 0 
65fa591ed000-65fa591f1000 ---p 00000000 00:00 0 
65fa591f1000-65fa592ed000 rw-p 00000000 00:00 0 
65fa592ed000-65fa592f1000 ---p 00000000 00:00 0 
65fa592f1000-65fa593ed000 rw-p 00000000 00:00 0 
65fa593ed000-65fa593f1000 ---p 00000000 00:00 0 
65fa593f1000-65fa594ed000 rw-p 00000000 00:00 0 
65fa594ed000-65fa594f1000 ---p 00000000 00:00 0 
65fa594f1000-65fa595ed000 rw-p 00000000 00:00 0 
65fa595ed000-65fa595f1000 ---p 00000000 00:00 0 
65fa595f1000-65fa596ed000 rw-p 00000000 00:00 0 
65fa596ed000-65fa596f1000 ---p 00000000 00:00 0 
65fa596f1000-65fa597ed000 rw-p 00000000 00:00 0 
65fa597ed000-65fa597f1000 ---p 00000000 00:00 0 
65fa597f1000-65fa598ed000 rw-p 00000000 00:00 0 
65fa598ed000-65fa598ee000 ---p 00000000 00:00 0 
65fa598ee000-65fa599ee000 rw-p 00000000 00:00 0 
65fa599ee000-65fa599ef000 ---p 00000000 00:00 0 
65fa599ef000-65fa59aef000 rw-p 00000000 00:00 0 
65fa59aef000-65fa59af0000 ---p 00000000 00:00 0 
65fa59af0000-65fa59bf0000 rw-p 00000000 00:00 0 
65fa59bf0000-65fa59bf1000 ---p 00000000 00:00 0 
65fa59bf1000-65fa59cf1000 rw-p 00000000 00:00 0 
65fa59cf1000-65fa59cf2000 ---p 00000000 00:00 0 
65fa59cf2000-65fa59df2000 rw-p 00000000 00:00 0 
65fa59df2000-65fa59df3000 ---p 00000000 00:00 0 
65fa59df3000-65fa59ef3000 rw-p 00000000 00:00 0 
65fa59ef3000-65fa59ef4000 ---p 00000000 00:00 0 
65fa59ef4000-65fa59ff4000 rw-p 00000000 00:00 0 
65fa59ff4000-65fa59ff5000 ---p 00000000 00:00 0 
65fa59ff5000-65fa5a0f5000 rw-p 00000000 00:00 0 
65fa5a0f5000-65fa5a0f6000 ---p 00000000 00:00 0 
65fa5a0f6000-65fa5a1f6000 rw-p 00000000 00:00 0 
65fa5a1f6000-65fa5a1f7000 ---p 00000000 00:00 0 
65fa5a1f7000-65fa5a2f7000 rw-p 00000000 00:00 0 
65fa5a2f7000-65fa5a2f8000 ---p 00000000 00:00 0 
65fa5a2f8000-65fa5a3f8000 rw-p 00000000 00:00 0 
65fa5a3f8000-65fa5a3f9000 ---p 00000000 00:00 0 
65fa5a3f9000-65fa5a4f9000 rw-p 00000000 00:00 0 
65fa5a4f9000-65fa5a4fa000 ---p 00000000 00:00 0 
65fa5a4fa000-65fa5a5fa000 rw-p 00000000 00:00 0 
65fa5a5fa000-65fa5a5fb000 ---p 00000000 00:00 0 
65fa5a5fb000-65fa5a6fb000 rw-p 00000000 00:00 0 
65fa5a6fb000-65fa5a6fc000 ---p 00000000 00:00 0 
65fa5a6fc000-65fa5a7fc000 rw-p 00000000 00:00 0 
65fa5a7fc000-65fa5a7fd000 ---p 00000000 00:00 0 
65fa5a7fd000-65fa5a8fd000 rw-p 00000000 00:00 0 
65fa5a8fd000-65fa5a8fe000 ---p 00000000 00:00 0 
65fa5a8fe000-65fa5a9fe000 rw-p 00000000 00:00 0 
65fa5a9fe000-65fa5a9ff000 ---p 00000000 00:00 0 
65fa5a9ff000-65fa5aaff000 rw-p 00000000 00:00 0 
65fa5aaff000-65fa5ab00000 ---p 00000000 00:00 0 
65fa5ab00000-65fa5ac00000 rw-p 00000000 00:00 0 
65fa5ac00000-65fa5aeeb000 r--p 00000000 08:03 1410552                    /usr/lib/locale/locale-archive
65fa5aeff000-65fa5af00000 ---p 00000000 00:00 0 
65fa5af00000-65fa5b000000 rw-p 00000000 00:00 0 
65fa5b000000-65fa5bca3000 rw-p 00001000 fc:00 49677003                   /mydata/openjdk-mmtk/build/b0test/images/jdk/lib/server/classes.jsa
65fa5bca3000-65fa5c000000 ---p 00000000 00:00 0 
65fa5c000000-65fa5c040000 rw-p 00000000 00:00 0 
65fa5c040000-65fa5c110000 rw-p 00000000 00:00 0 
65fa5c110000-65fa9c000000 ---p 00000000 00:00 0 
65fa9c000000-65fa9c021000 rw-p 00000000 00:00 0 
65fa9c021000-65faa0000000 ---p 00000000 00:00 0 
65faa00f9000-65faa00fa000 ---p 00000000 00:00 0 
65faa00fa000-65faa01fa000 rw-p 00000000 00:00 0 
65faa01fa000-65faa01fb000 ---p 00000000 00:00 0 
65faa01fb000-65faa02fb000 rw-p 00000000 00:00 0 
65faa02fb000-65faa02fc000 ---p 00000000 00:00 0 
65faa02fc000-65faa03fc000 rw-p 00000000 00:00 0 
65faa03fc000-65fad0400000 rw-p 00000000 00:00 0 
65fad0400000-65fad1400000 ---p 00000000 00:00 0                          [anon:mmtk:sidemeta:all:all-quarantined]
65fad1400000-65fad1c00000 rw-p 00000000 00:00 0                          [anon:mmtk:sidemeta:immix:VO_BIT]
65fad1c00000-67fad2400000 ---p 00000000 00:00 0                          [anon:mmtk:sidemeta:all:all-quarantined]
67fad2400000-67fad2800000 rw-p 00000000 00:00 0                          [anon:mmtk:sidemeta:immix:CHUNK_MARK]
67fad2800000-67fad5400000 ---p 00000000 00:00 0                          [anon:mmtk:sidemeta:all:all-quarantined]
67fad5400000-67fad5c00000 rw-p 00000000 00:00 0                          [anon:mmtk:sidemeta:immix:VMGlobalLogBitSpec]
67fad5c00000-6a02d4800000 ---p 00000000 00:00 0                          [anon:mmtk:sidemeta:all:all-quarantined]
6a02d4800000-6a02d4c00000 rw-p 00000000 00:00 0                          [anon:mmtk:sidemeta:immix:IX_LINE_MARK]
6a02d4c00000-6a82d4400000 ---p 00000000 00:00 0                          [anon:mmtk:sidemeta:all:all-quarantined]
6a82d4400000-6a82d4800000 rw-p 00000000 00:00 0                          [anon:mmtk:sidemeta:immix:IX_BLOCK_DEFRAG]
6a82d4800000-6a83d4400000 ---p 00000000 00:00 0                          [anon:mmtk:sidemeta:all:all-quarantined]
6a83d4400000-6a83d4800000 rw-p 00000000 00:00 0                          [anon:mmtk:sidemeta:immix:IX_BLOCK_MARK]
6a83d4800000-70a554400000 ---p 00000000 00:00 0                          [anon:mmtk:sidemeta:all:all-quarantined]
70a554400000-70a554800000 rw-p 00000000 00:00 0                          [anon:mmtk:sidemeta:los:VMLocalLOSMarkNurserySpec]
70a554800000-70a755400000 ---p 00000000 00:00 0                          [anon:mmtk:sidemeta:all:all-quarantined]
70a755400000-70a755c00000 rw-p 00000000 00:00 0                          [anon:mmtk:sidemeta:immix:VMLocalMarkBitSpec]
70a755c00000-72a754400000 ---p 00000000 00:00 0                          [anon:mmtk:sidemeta:all:all-quarantined]
72a75442e000-72a754433000 r--p 00000000 fc:00 49676385                   /mydata/openjdk-mmtk/build/b0test/images/jdk/lib/libjsvml.so
72a754433000-72a754474000 r-xp 00005000 fc:00 49676385                   /mydata/openjdk-mmtk/build/b0test/images/jdk/lib/libjsvml.so
72a754474000-72a7544fd000 r--p 00046000 fc:00 49676385                   /mydata/openjdk-mmtk/build/b0test/images/jdk/lib/libjsvml.so
72a7544fd000-72a7544fe000 r--p 000ce000 fc:00 49676385                   /mydata/openjdk-mmtk/build/b0test/images/jdk/lib/libjsvml.so
72a7544fe000-72a7544ff000 rw-p 000cf000 fc:00 49676385                   /mydata/openjdk-mmtk/build/b0test/images/jdk/lib/libjsvml.so
72a7544ff000-72a754503000 ---p 00000000 00:00 0 
72a754503000-72a7545ff000 rw-p 00000000 00:00 0 
72a7545ff000-72a754603000 ---p 00000000 00:00 0 
72a754603000-72a7546ff000 rw-p 00000000 00:00 0 
72a7546ff000-72a754703000 ---p 00000000 00:00 0 
72a754703000-72a7547ff000 rw-p 00000000 00:00 0 
72a7547ff000-72a774800000 rw-p 00000000 00:00 0 
72a774800000-72a774ee0000 rwxp 00000000 00:00 0 
72a774ee0000-72a77bc17000 ---p 00000000 00:00 0 
72a77bc17000-72a77bfa7000 rwxp 00000000 00:00 0 
72a77bfa7000-72a77c3e8000 ---p 00000000 00:00 0 
72a77c3e8000-72a77c658000 rwxp 00000000 00:00 0 
72a77c658000-72a783800000 ---p 00000000 00:00 0 
72a783800000-72a78bfa0000 r--s 00000000 fc:00 49676291                   /mydata/openjdk-mmtk/build/b0test/images/jdk/lib/modules
72a78c000000-72a78c7c7000 rw-p 00000000 00:00 0 
72a78c7c7000-72a790000000 ---p 00000000 00:00 0 
72a79001c000-72a790020000 r--p 00000000 fc:00 49676334                   /mydata/openjdk-mmtk/build/b0test/images/jdk/lib/libverify.so
72a790020000-72a790027000 r-xp 00004000 fc:00 49676334                   /mydata/openjdk-mmtk/build/b0test/images/jdk/lib/libverify.so
72a790027000-72a790029000 r--p 0000b000 fc:00 49676334                   /mydata/openjdk-mmtk/build/b0test/images/jdk/lib/libverify.so
72a790029000-72a79002b000 r--p 0000c000 fc:00 49676334                   /mydata/openjdk-mmtk/build/b0test/images/jdk/lib/libverify.so
72a79002b000-72a79002c000 rw-p 0000e000 fc:00 49676334                   /mydata/openjdk-mmtk/build/b0test/images/jdk/lib/libverify.so
72a79002c000-72a790033000 r--p 00000000 fc:00 49676332                   /mydata/openjdk-mmtk/build/b0test/images/jdk/lib/libnio.so
72a790033000-72a79003c000 r-xp 00007000 fc:00 49676332                   /mydata/openjdk-mmtk/build/b0test/images/jdk/lib/libnio.so
72a79003c000-72a790040000 r--p 00010000 fc:00 49676332                   /mydata/openjdk-mmtk/build/b0test/images/jdk/lib/libnio.so
72a790040000-72a790041000 r--p 00014000 fc:00 49676332                   /mydata/openjdk-mmtk/build/b0test/images/jdk/lib/libnio.so
72a790041000-72a790042000 rw-p 00015000 fc:00 49676332                   /mydata/openjdk-mmtk/build/b0test/images/jdk/lib/libnio.so
72a790042000-72a790043000 ---p 00000000 00:00 0 
72a790043000-72a790143000 rw-p 00000000 00:00 0 
72a790143000-72a790144000 ---p 00000000 00:00 0 
72a790144000-72a790244000 rw-p 00000000 00:00 0 
72a790244000-72a790245000 ---p 00000000 00:00 0 
72a790245000-72a790345000 rw-p 00000000 00:00 0 
72a790345000-72a790946000 rw-p 00000000 00:00 0 
72a790946000-72a79094a000 r--p 00000000 08:03 1410107                    /usr/lib/x86_64-linux-gnu/libzstd.so.1.5.5
72a79094a000-72a7909f1000 r-xp 00004000 08:03 1410107                    /usr/lib/x86_64-linux-gnu/libzstd.so.1.5.5
72a7909f1000-72a7909fe000 r--p 000ab000 08:03 1410107                    /usr/lib/x86_64-linux-gnu/libzstd.so.1.5.5
72a7909fe000-72a7909ff000 r--p 000b7000 08:03 1410107                    /usr/lib/x86_64-linux-gnu/libzstd.so.1.5.5
72a7909ff000-72a790a00000 rw-p 000b8000 08:03 1410107                    /usr/lib/x86_64-linux-gnu/libzstd.so.1.5.5
72a790a00000-72a790a0c000 r--p 00000000 fc:00 13107225                   /mydata/gc-bpf-fault/shim/libgcbpf.so
72a790a0c000-72a790a6e000 r-xp 0000c000 fc:00 13107225                   /mydata/gc-bpf-fault/shim/libgcbpf.so
72a790a6e000-72a790c1b000 r--p 0006e000 fc:00 13107225                   /mydata/gc-bpf-fault/shim/libgcbpf.so
72a790c1b000-72a790c1d000 r--p 0021b000 fc:00 13107225                   /mydata/gc-bpf-fault/shim/libgcbpf.so
72a790c1d000-72a790c1e000 rw-p 0021d000 fc:00 13107225                   /mydata/gc-bpf-fault/shim/libgcbpf.so
72a790c1e000-72a790c1f000 rw-p 00000000 00:00 0 
72a790c2e000-72a790c33000 rw-p 00000000 00:00 0 
72a790c33000-72a790d17000 ---p 00000000 00:00 0 
72a790d17000-72a790d25000 rw-p 00000000 00:00 0 
72a790d25000-72a790e00000 ---p 00000000 00:00 0 
72a790e00000-72a790f46000 r--p 00000000 fc:00 49676344                   /mydata/openjdk-mmtk/build/b0test/images/jdk/lib/server/libmmtk_openjdk.so
72a790f46000-72a7911bf000 r-xp 00145000 fc:00 49676344                   /mydata/openjdk-mmtk/build/b0test/images/jdk/lib/server/libmmtk_openjdk.so
72a7911bf000-72a7911ff000 r--p 003bd000 fc:00 49676344                   /mydata/openjdk-mmtk/build/b0test/images/jdk/lib/server/libmmtk_openjdk.so
72a7911ff000-72a791201000 rw-p 003fc000 fc:00 49676344                   /mydata/openjdk-mmtk/build/b0test/images/jdk/lib/server/libmmtk_openjdk.so
72a791201000-72a791204000 rw-p 00000000 00:00 0 
72a79120c000-72a79120e000 r--p 00000000 fc:00 49676335                   /mydata/openjdk-mmtk/build/b0test/images/jdk/lib/libzip.so
72a79120e000-72a791213000 r-xp 00002000 fc:00 49676335                   /mydata/openjdk-mmtk/build/b0test/images/jdk/lib/libzip.so
72a791213000-72a791215000 r--p 00007000 fc:00 49676335                   /mydata/openjdk-mmtk/build/b0test/images/jdk/lib/libzip.so
72a791215000-72a791216000 r--p 00008000 fc:00 49676335                   /mydata/openjdk-mmtk/build/b0test/images/jdk/lib/libzip.so
72a791216000-72a791217000 rw-p 00009000 fc:00 49676335                   /mydata/openjdk-mmtk/build/b0test/images/jdk/lib/libzip.so
72a791217000-72a79121b000 ---p 00000000 00:00 0 
72a79121b000-72a791317000 rw-p 00000000 00:00 0 
72a791317000-72a791327000 r--p 00000000 08:03 1411099                    /usr/lib/x86_64-linux-gnu/libm.so.6
72a791327000-72a7913a6000 r-xp 00010000 08:03 1411099                    /usr/lib/x86_64-linux-gnu/libm.so.6
72a7913a6000-72a7913fe000 r--p 0008f000 08:03 1411099                    /usr/lib/x86_64-linux-gnu/libm.so.6
72a7913fe000-72a7913ff000 r--p 000e7000 08:03 1411099                    /usr/lib/x86_64-linux-gnu/libm.so.6
72a7913ff000-72a791400000 rw-p 000e8000 08:03 1411099                    /usr/lib/x86_64-linux-gnu/libm.so.6
72a791400000-72a7916a9000 r--p 00000000 fc:00 49676343                   /mydata/openjdk-mmtk/build/b0test/images/jdk/lib/server/libjvm.so
72a7916a9000-72a79253c000 r-xp 002a9000 fc:00 49676343                   /mydata/openjdk-mmtk/build/b0test/images/jdk/lib/server/libjvm.so
72a79253c000-72a792820000 r--p 0113c000 fc:00 49676343                   /mydata/openjdk-mmtk/build/b0test/images/jdk/lib/server/libjvm.so
72a792820000-72a7928f6000 r--p 0141f000 fc:00 49676343                   /mydata/openjdk-mmtk/build/b0test/images/jdk/lib/server/libjvm.so
72a7928f6000-72a792926000 rw-p 014f5000 fc:00 49676343                   /mydata/openjdk-mmtk/build/b0test/images/jdk/lib/server/libjvm.so
72a792926000-72a79298c000 rw-p 00000000 00:00 0 
72a79298c000-72a79298f000 r--p 00000000 fc:00 49676331                   /mydata/openjdk-mmtk/build/b0test/images/jdk/lib/libnet.so
72a79298f000-72a792997000 r-xp 00003000 fc:00 49676331                   /mydata/openjdk-mmtk/build/b0test/images/jdk/lib/libnet.so
72a792997000-72a792999000 r--p 0000b000 fc:00 49676331                   /mydata/openjdk-mmtk/build/b0test/images/jdk/lib/libnet.so
72a792999000-72a79299a000 r--p 0000c000 fc:00 49676331                   /mydata/openjdk-mmtk/build/b0test/images/jdk/lib/libnet.so
72a79299a000-72a79299b000 rw-p 0000d000 fc:00 49676331                   /mydata/openjdk-mmtk/build/b0test/images/jdk/lib/libnet.so
72a79299b000-72a79299e000 r--p 00000000 08:03 1410420                    /usr/lib/x86_64-linux-gnu/libelf-0.190.so
72a79299e000-72a7929b4000 r-xp 00003000 08:03 1410420                    /usr/lib/x86_64-linux-gnu/libelf-0.190.so
72a7929b4000-72a7929b8000 r--p 00019000 08:03 1410420                    /usr/lib/x86_64-linux-gnu/libelf-0.190.so
72a7929b8000-72a7929b9000 r--p 0001c000 08:03 1410420                    /usr/lib/x86_64-linux-gnu/libelf-0.190.so
72a7929b9000-72a7929ba000 rw-p 0001d000 08:03 1410420                    /usr/lib/x86_64-linux-gnu/libelf-0.190.so
72a7929bd000-72a7929c4000 r--s 00000000 08:03 1436340                    /usr/lib/x86_64-linux-gnu/gconv/gconv-modules.cache
72a7929c4000-72a7929cc000 rw-p 00000000 00:00 0 
72a7929cc000-72a7929d4000 ---p 00000000 00:00 0 
72a7929d4000-72a7929e1000 r--p 00000000 fc:00 49676327                   /mydata/openjdk-mmtk/build/b0test/images/jdk/lib/libjava.so
72a7929e1000-72a7929f0000 r-xp 0000d000 fc:00 49676327                   /mydata/openjdk-mmtk/build/b0test/images/jdk/lib/libjava.so
72a7929f0000-72a7929f5000 r--p 0001c000 fc:00 49676327                   /mydata/openjdk-mmtk/build/b0test/images/jdk/lib/libjava.so
72a7929f5000-72a7929f6000 r--p 00021000 fc:00 49676327                   /mydata/openjdk-mmtk/build/b0test/images/jdk/lib/libjava.so
72a7929f6000-72a7929f7000 rw-p 00022000 fc:00 49676327                   /mydata/openjdk-mmtk/build/b0test/images/jdk/lib/libjava.so
72a7929f7000-72a7929f8000 rw-p 00000000 00:00 0 
72a7929f8000-72a792a00000 rw-s 00000000 08:03 237590                     /tmp/hsperfdata_root/274414
72a792a00000-72a792a28000 r--p 00000000 08:03 1410238                    /usr/lib/x86_64-linux-gnu/libc.so.6
72a792a28000-72a792bb0000 r-xp 00028000 08:03 1410238                    /usr/lib/x86_64-linux-gnu/libc.so.6
72a792bb0000-72a792bff000 r--p 001b0000 08:03 1410238                    /usr/lib/x86_64-linux-gnu/libc.so.6
72a792bff000-72a792c03000 r--p 001fe000 08:03 1410238                    /usr/lib/x86_64-linux-gnu/libc.so.6
72a792c03000-72a792c05000 rw-p 00202000 08:03 1410238                    /usr/lib/x86_64-linux-gnu/libc.so.6
72a792c05000-72a792c12000 rw-p 00000000 00:00 0 
72a792c15000-72a792c19000 r--p 00000000 fc:00 49676328                   /mydata/openjdk-mmtk/build/b0test/images/jdk/lib/libjimage.so
72a792c19000-72a792c30000 r-xp 00004000 fc:00 49676328                   /mydata/openjdk-mmtk/build/b0test/images/jdk/lib/libjimage.so
72a792c30000-72a792c35000 r--p 0001b000 fc:00 49676328                   /mydata/openjdk-mmtk/build/b0test/images/jdk/lib/libjimage.so
72a792c35000-72a792c37000 r--p 00020000 fc:00 49676328                   /mydata/openjdk-mmtk/build/b0test/images/jdk/lib/libjimage.so
72a792c37000-72a792c38000 rw-p 00022000 fc:00 49676328                   /mydata/openjdk-mmtk/build/b0test/images/jdk/lib/libjimage.so
72a792c38000-72a792c3c000 r--p 00000000 08:03 1410148                    /usr/lib/x86_64-linux-gnu/libgcc_s.so.1
72a792c3c000-72a792c60000 r-xp 00004000 08:03 1410148                    /usr/lib/x86_64-linux-gnu/libgcc_s.so.1
72a792c60000-72a792c64000 r--p 00028000 08:03 1410148                    /usr/lib/x86_64-linux-gnu/libgcc_s.so.1
72a792c64000-72a792c65000 r--p 0002b000 08:03 1410148                    /usr/lib/x86_64-linux-gnu/libgcc_s.so.1
72a792c65000-72a792c66000 rw-p 0002c000 08:03 1410148                    /usr/lib/x86_64-linux-gnu/libgcc_s.so.1
72a792c66000-72a792c68000 rw-p 00000000 00:00 0 
72a792c68000-72a792c6a000 r--p 00000000 08:03 1409104                    /usr/lib/x86_64-linux-gnu/libz.so.1.3
72a792c6a000-72a792c7c000 r-xp 00002000 08:03 1409104                    /usr/lib/x86_64-linux-gnu/libz.so.1.3
72a792c7c000-72a792c82000 r--p 00014000 08:03 1409104                    /usr/lib/x86_64-linux-gnu/libz.so.1.3
72a792c82000-72a792c83000 r--p 0001a000 08:03 1409104                    /usr/lib/x86_64-linux-gnu/libz.so.1.3
72a792c83000-72a792c84000 rw-p 0001b000 08:03 1409104                    /usr/lib/x86_64-linux-gnu/libz.so.1.3
72a792c89000-72a792c8a000 rw-s 00000000 00:10 68                         anon_inode:bpf-map
72a792c8a000-72a792c8b000 r--s 00000000 00:10 68                         anon_inode:bpf-map
72a792c8b000-72a792c8c000 ---p 00000000 00:00 0 
72a792c8c000-72a792c8d000 r--p 00000000 00:00 0 
72a792c8d000-72a792c8e000 ---p 00000000 00:00 0 
72a792c8e000-72a792c90000 r--p 00000000 fc:00 49676329                   /mydata/openjdk-mmtk/build/b0test/images/jdk/lib/libjli.so
72a792c90000-72a792c9a000 r-xp 00002000 fc:00 49676329                   /mydata/openjdk-mmtk/build/b0test/images/jdk/lib/libjli.so
72a792c9a000-72a792c9d000 r--p 0000c000 fc:00 49676329                   /mydata/openjdk-mmtk/build/b0test/images/jdk/lib/libjli.so
72a792c9d000-72a792c9e000 r--p 0000f000 fc:00 49676329                   /mydata/openjdk-mmtk/build/b0test/images/jdk/lib/libjli.so
72a792c9e000-72a792c9f000 rw-p 00010000 fc:00 49676329                   /mydata/openjdk-mmtk/build/b0test/images/jdk/lib/libjli.so
72a792c9f000-72a792ca1000 rw-p 00000000 00:00 0 
72a792ca1000-72a792ca5000 r--p 00000000 00:00 0                          [vvar]
72a792ca5000-72a792ca7000 r--p 00000000 00:00 0                          [vvar_vclock]
72a792ca7000-72a792ca9000 r-xp 00000000 00:00 0                          [vdso]
72a792ca9000-72a792caa000 r--p 00000000 08:03 1409763                    /usr/lib/x86_64-linux-gnu/ld-linux-x86-64.so.2
72a792caa000-72a792cd5000 r-xp 00001000 08:03 1409763                    /usr/lib/x86_64-linux-gnu/ld-linux-x86-64.so.2
72a792cd5000-72a792cdf000 r--p 0002c000 08:03 1409763                    /usr/lib/x86_64-linux-gnu/ld-linux-x86-64.so.2
72a792cdf000-72a792ce1000 r--p 00036000 08:03 1409763                    /usr/lib/x86_64-linux-gnu/ld-linux-x86-64.so.2
72a792ce1000-72a792ce3000 rw-p 00038000 08:03 1409763                    /usr/lib/x86_64-linux-gnu/ld-linux-x86-64.so.2
7ffe26049000-7ffe2606a000 rw-p 00000000 00:00 0                          [stack]
ffffffffff600000-ffffffffff601000 --xp 00000000 00:00 0                  [vsyscall]
Total number of mappings: 553

JVMTI agents: none


VM Arguments:
jvm_args: -XX:+UseThirdPartyHeap -Xms512m -Xmx512m 
java_command: /mydata/dacapo/dacapo-23.11/dacapo-23.11-MR2-chopin.jar xalan -n 3
java_class_path (initial): /mydata/dacapo/dacapo-23.11/dacapo-23.11-MR2-chopin.jar
Launcher Type: SUN_STANDARD

[Global flags]
     intx CICompilerCount                          = 15                                        {product} {ergonomic}
   size_t InitialHeapSize                          = 536870912                                 {product} {command line}
   size_t MaxHeapSize                              = 536870912                                 {product} {command line}
   size_t MinHeapDeltaBytes                        = 524288                                    {product} {ergonomic}
   size_t MinHeapSize                              = 536870912                                 {product} {command line}
    uintx NonNMethodCodeHeapSize                   = 8192380                                {pd product} {ergonomic}
    uintx NonProfiledCodeHeapSize                  = 121732930                              {pd product} {ergonomic}
    uintx ProfiledCodeHeapSize                     = 121732930                              {pd product} {ergonomic}
    uintx ReservedCodeCacheSize                    = 251658240                              {pd product} {ergonomic}
     bool SegmentedCodeCache                       = true                                      {product} {ergonomic}
   size_t SoftMaxHeapSize                          = 536870912                              {manageable} {ergonomic}
     bool UseCompressedOops                        = true                           {product lp64_product} {ergonomic}

Logging:
Log output configuration:
 #0: stdout all=warning uptime,level,tags foldmultilines=false
 #1: stderr all=off uptime,level,tags foldmultilines=false

Release file:
IMPLEMENTOR="N/A"
JAVA_RUNTIME_VERSION="21.0.9-internal-adhoc.talzuss.openjdk-mmtk"
JAVA_VERSION="21.0.9"
JAVA_VERSION_DATE="2025-10-21"
LIBC="gnu"
MODULES="java.base java.compiler java.datatransfer java.xml java.prefs java.desktop java.instrument java.logging java.management java.security.sasl java.naming java.rmi java.management.rmi java.net.http java.scripting java.security.jgss java.transaction.xa java.sql java.sql.rowset java.xml.crypto java.se java.smartcardio jdk.accessibility jdk.internal.jvmstat jdk.attach jdk.charsets jdk.internal.opt jdk.zipfs jdk.compiler jdk.crypto.ec jdk.crypto.cryptoki jdk.dynalink jdk.internal.ed jdk.editpad jdk.hotspot.agent jdk.httpserver jdk.incubator.vector jdk.internal.le jdk.internal.vm.ci jdk.internal.vm.compiler jdk.internal.vm.compiler.management jdk.jartool jdk.javadoc jdk.jcmd jdk.management jdk.management.agent jdk.jconsole jdk.jdeps jdk.jdwp.agent jdk.jdi jdk.jfr jdk.jlink jdk.jpackage jdk.jshell jdk.jsobject jdk.jstatd jdk.localedata jdk.management.jfr jdk.naming.dns jdk.naming.rmi jdk.net jdk.nio.mapmode jdk.random jdk.sctp jdk.security.auth jdk.security.jgss jdk.unsupported jdk.unsupported.desktop jdk.xml.dom"
OS_ARCH="x86_64"
OS_NAME="Linux"
SOURCE=".:git:b557520f04b3+"

Environment Variables:
PATH=/usr/local/sbin:/usr/local/bin:/usr/sbin:/usr/bin:/sbin:/bin:/snap/bin
SHELL=/bin/bash
LANG=en_US.UTF-8
TERM=tmux-256color

Active Locale:
LC_ALL=en_US.UTF-8
LC_COLLATE=en_US.UTF-8
LC_CTYPE=en_US.UTF-8
LC_MESSAGES=en_US.UTF-8
LC_MONETARY=en_US.UTF-8
LC_NUMERIC=en_US.UTF-8
LC_TIME=en_US.UTF-8

Signal Handlers:
   SIGSEGV: crash_handler in libjvm.so, mask=11100100010111111101111111111110, flags=SA_RESTART|SA_SIGINFO, unblocked
    SIGBUS: crash_handler in libjvm.so, mask=11100100010111111101111111111110, flags=SA_RESTART|SA_SIGINFO, unblocked
    SIGFPE: crash_handler in libjvm.so, mask=11100100010111111101111111111110, flags=SA_RESTART|SA_SIGINFO, unblocked
   SIGPIPE: javaSignalHandler in libjvm.so, mask=11100100010111111101111111111110, flags=SA_RESTART|SA_SIGINFO, blocked
   SIGXFSZ: javaSignalHandler in libjvm.so, mask=11100100010111111101111111111110, flags=SA_RESTART|SA_SIGINFO, blocked
    SIGILL: crash_handler in libjvm.so, mask=11100100010111111101111111111110, flags=SA_RESTART|SA_SIGINFO, unblocked
   SIGUSR2: SR_handler in libjvm.so, mask=00000000000000000000000000000000, flags=SA_RESTART|SA_SIGINFO, blocked
    SIGHUP: UserHandler in libjvm.so, mask=11100100010111111101111111111110, flags=SA_RESTART|SA_SIGINFO, blocked
    SIGINT: UserHandler in libjvm.so, mask=11100100010111111101111111111110, flags=SA_RESTART|SA_SIGINFO, blocked
   SIGTERM: UserHandler in libjvm.so, mask=11100100010111111101111111111110, flags=SA_RESTART|SA_SIGINFO, blocked
   SIGQUIT: UserHandler in libjvm.so, mask=11100100010111111101111111111110, flags=SA_RESTART|SA_SIGINFO, blocked
   SIGTRAP: crash_handler in libjvm.so, mask=11100100010111111101111111111110, flags=SA_RESTART|SA_SIGINFO, unblocked


Periodic native trim disabled

---------------  S Y S T E M  ---------------

OS:
DISTRIB_ID=Ubuntu
DISTRIB_RELEASE=24.04
DISTRIB_CODENAME=noble
DISTRIB_DESCRIPTION="Ubuntu 24.04.4 LTS"
uname: Linux 6.17.0-bpf-fault+ #1 SMP PREEMPT_DYNAMIC Mon Jul  6 16:43:12 MDT 2026 x86_64
OS uptime: 0 days 19:02 hours
libc: glibc 2.39 NPTL 2.39 
rlimit (soft/hard): STACK 8192k/infinity , CORE 0k/0k , NPROC 513205/513205 , NOFILE 1048576/1048576 , AS infinity/infinity , CPU infinity/infinity , DATA infinity/infinity , FSIZE infinity/infinity , MEMLOCK 16436528k/16436528k
load average: 1.18 0.60 0.53

/proc/meminfo:
MemTotal:       131492232 kB
MemFree:        81996896 kB
MemAvailable:   123759700 kB
Buffers:          506580 kB
Cached:         40664092 kB
SwapCached:            0 kB
Active:          2351000 kB
Inactive:       40362512 kB
Active(anon):    1559312 kB
Inactive(anon):        0 kB
Active(file):     791688 kB
Inactive(file): 40362512 kB
Unevictable:       41912 kB
Mlocked:           38840 kB
SwapTotal:       8388604 kB
SwapFree:        8388604 kB
Zswap:                 0 kB
Zswapped:              0 kB
Dirty:             12588 kB
Writeback:             0 kB
AnonPages:       1586804 kB
Mapped:          3390748 kB
Shmem:              5316 kB
KReclaimable:    1859840 kB
Slab:            2377144 kB
SReclaimable:    1859840 kB
SUnreclaim:       517304 kB
KernelStack:       10512 kB
PageTables:        27880 kB
SecPageTables:      8668 kB
NFS_Unstable:          0 kB
Bounce:                0 kB
WritebackTmp:          0 kB
CommitLimit:    74134720 kB
Committed_AS:   159931364 kB
VmallocTotal:   34359738367 kB
VmallocUsed:       36308 kB
VmallocChunk:          0 kB
Percpu:            48896 kB
HardwareCorrupted:     0 kB
AnonHugePages:         0 kB
ShmemHugePages:        0 kB
ShmemPmdMapped:        0 kB
FileHugePages:   2152448 kB
FilePmdMapped:         0 kB
Unaccepted:            0 kB
Balloon:               0 kB
HugePages_Total:       0
HugePages_Free:        0
HugePages_Rsvd:        0
HugePages_Surp:        0
Hugepagesize:       2048 kB
Hugetlb:               0 kB
DirectMap4k:      617280 kB
DirectMap2M:    18892800 kB
DirectMap1G:    114294784 kB

/sys/kernel/mm/transparent_hugepage/enabled: always [madvise] never
/sys/kernel/mm/transparent_hugepage/hpage_pmd_size: 2097152
/sys/kernel/mm/transparent_hugepage/defrag (defrag/compaction efforts parameter): always defer defer+madvise [madvise] never

Process Memory:
Virtual Size: 13620376824K (peak: 13620376824K)
Resident Set Size: 4209684K (peak: 4209684K) (anon: 1036248K, file: 3173436K, shmem: 0K)
Swapped out: 0K
C-Heap outstanding allocations: 1442326K, retained: 37721K
glibc malloc tunables: (default)

/proc/sys/kernel/threads-max (system-wide limit on the number of threads): 1026411
/proc/sys/vm/max_map_count (maximum number of memory map areas a process may have): 1048576
/proc/sys/vm/swappiness (control to define how aggressively the kernel swaps out anonymous memory): 60
/proc/sys/kernel/pid_max (system-wide limit on number of process identifiers): 4194304

container information not found.
Steal ticks since vm start: 0
Steal ticks percentage since vm start:  0.000

CPU: total 32 (initial active 32) (32 cores per cpu, 2 threads per core) family 23 model 49 stepping 0 microcode 0x830107c, cx8, cmov, fxsr, ht, mmx, 3dnowpref, sse, sse2, sse3, ssse3, sse4a, sse4.1, sse4.2, popcnt, lzcnt, tsc, tscinvbit, avx, avx2, aes, clmul, bmi1, bmi2, adx, sha, fma, vzeroupper, clflush, clflushopt, rdtscp, rdpid, f16c
CPU Model and flags from /proc/cpuinfo:
model name	: AMD EPYC 7302P 16-Core Processor
flags		: fpu vme de pse tsc msr pae mce cx8 apic sep mtrr pge mca cmov pat pse36 clflush mmx fxsr sse sse2 ht syscall nx mmxext fxsr_opt pdpe1gb rdtscp lm constant_tsc rep_good nopl xtopology nonstop_tsc cpuid extd_apicid aperfmperf rapl pni pclmulqdq monitor ssse3 fma cx16 sse4_1 sse4_2 movbe popcnt aes xsave avx f16c rdrand lahf_lm cmp_legacy svm extapic cr8_legacy abm sse4a misalignsse 3dnowprefetch osvw ibs skinit wdt tce topoext perfctr_core perfctr_nb bpext perfctr_llc mwaitx cpb cat_l3 cdp_l3 hw_pstate ssbd mba ibrs ibpb stibp vmmcall fsgsbase bmi1 avx2 smep bmi2 cqm rdt_a rdseed adx smap clflushopt clwb sha_ni xsaveopt xsavec xgetbv1 xsaves cqm_llc cqm_occup_llc cqm_mbm_total cqm_mbm_local clzero irperf xsaveerptr rdpru wbnoinvd amd_ppin arat npt lbrv svm_lock nrip_save tsc_scale vmcb_clean flushbyasid decodeassists pausefilter pfthreshold avic v_vmsave_vmload vgif v_spec_ctrl umip rdpid overflow_recov succor smca sev sev_es

Online cpus: 0-31
Offline cpus: 
BIOS frequency limitation: <Not Available>
Frequency switch latency (ns): <Not Available>
Available cpu frequencies: <Not Available>
Current governor: <Not Available>
Core performance/turbo boost: <Not Available>

Memory: 4k page, physical 131492232k(123759700k free), swap 8388604k(8388604k free)
Page Sizes: 4k

vm_info: OpenJDK 64-Bit Server VM (21.0.9-internal-adhoc.talzuss.openjdk-mmtk) for linux-amd64 JRE (21.0.9-internal-adhoc.talzuss.openjdk-mmtk), built on 2026-07-06T23:13:08Z by "talzuss" with gcc 13.3.0
heap_info: MMTk OpenJDK 0.32.0 (15c0350-dirty), using MMTk 0.32.0 (06c0b68-dirty, BUILTIN_ENV_LOGGER, DEFAULT, EAGER_SWEEPING, VO_BIT)

END.
