#
# A fatal error has been detected by the Java Runtime Environment:
#
#  SIGSEGV (0xb) at pc=0x0000755756a7c24a, pid=282963, tid=282975
#
# JRE version: OpenJDK Runtime Environment (21.0.9) (build 21.0.9-internal-adhoc.talzuss.openjdk-mmtk)
# Java VM: OpenJDK 64-Bit Server VM (21.0.9-internal-adhoc.talzuss.openjdk-mmtk, mixed mode, sharing, tiered, compressed oops, compressed class ptrs, third-party gc, linux-amd64)
# Problematic frame:
# C  [libmmtk_openjdk.so+0x27c24a]  _$LT$mmtk..plan..concurrent..immix..gc_work..SatbValidatingTrace$LT$VM$GT$$u20$as$u20$mmtk..scheduler..work..GCWork$LT$VM$GT$$GT$::do_work::hcb61fcda66e0921a+0x2ca
#
# Core dump will be written. Default location: Core dumps may be processed with "/usr/share/apport/apport -p%p -s%s -c%c -d%d -P%P -u%u -g%g -F%F -- %E" (or dumping to /mydata/mmtk-core/core.282963)
#
# If you would like to submit a bug report, please visit:
#   https://bugreport.java.com/bugreport/crash.jsp
#

---------------  S U M M A R Y ------------

Command Line: -XX:+UseThirdPartyHeap -Xms512m -Xmx512m /mydata/dacapo/dacapo-23.11/dacapo-23.11-MR2-chopin.jar xalan -n 3

Host: AMD EPYC 7302P 16-Core Processor, 32 cores, 125G, Ubuntu 24.04.4 LTS
Time: Tue Jul  7 12:09:35 2026 MDT elapsed time: 3.201294 seconds (0d 0h 0m 3s)

---------------  T H R E A D  ---------------

Current thread (0x000075575052f230):  NamedThread "MMTk Collector Thread" [id=282975, stack(0x00007557550fd000,0x00007557551fd000) (1024K)]

Stack: [0x00007557550fd000,0x00007557551fd000],  sp=0x00007557551fb9f0,  free space=1018k
Native frames: (J=compiled Java code, j=interpreted, Vv=VM code, C=native code)
C  [libmmtk_openjdk.so+0x27c24a]  _$LT$mmtk..plan..concurrent..immix..gc_work..SatbValidatingTrace$LT$VM$GT$$u20$as$u20$mmtk..scheduler..work..GCWork$LT$VM$GT$$GT$::do_work::hcb61fcda66e0921a+0x2ca

siginfo: si_signo: 11 (SIGSEGV), si_code: 1 (SEGV_MAPERR), si_addr: 0x00007558b68689c8

Registers:
RAX=0x0000000058000000, RBX=0x00007557503dd950, RCX=0x00007557568689c8, RDX=0x000068aa1b000000
RSP=0x00007557551fb9f0, RBP=0x0000000000000008, RSI=0x000068aa1b000001, RDI=0x00000000413aae00
R8 =0x000068a9f40008e0, R9 =0x0000000000000007, R10=0x000068a9ac02b2f0, R11=0x89681d2cd90a6c62
R12=0x00000000413aad40, R13=0x0000000000000008, R14=0x0000000000000000, R15=0x0000020002000000
RIP=0x0000755756a7c24a, EFLAGS=0x0000000000010246, CSGSFS=0x002b000000000033, ERR=0x0000000000000004
  TRAPNO=0x000000000000000e

XMM[0]=0x00000000403ffed0 0x00000000403a5f28
XMM[1]=0x00000000413ac5b8 0x00000000403ffed0
XMM[2]=0xff00ffffffffff00 0xffffffffffffff00
XMM[3]=0x0000000000000000 0x0000000000000000
XMM[4]=0x0000000000000000 0x000068a9ac000090
XMM[5]=0x00000000411b0000 0x0000000040de2720
XMM[6]=0x0000000040de1ca8 0x0000000040de1bd0
XMM[7]=0x0000000040de1bb8 0x0000000040de1c10
XMM[8]=0x0000000040de1760 0x0000000040de0088
XMM[9]=0x0000000000000000 0x0000000000000000
XMM[10]=0x3f3f3f3f3f3f3f3f 0x3f3f3f3f3f3f3f3f
XMM[11]=0x9999999999999999 0x9999999999999999
XMM[12]=0x2020202020202020 0x2020202020202020
XMM[13]=0x0000000000000000 0x0000000000000000
XMM[14]=0x0000000000000000 0x0000000000000000
XMM[15]=0x0000000000000000 0x0000000000000000
  MXCSR=0x00001fa2


Register to memory mapping:

RAX=
[error occurred during error reporting (printing register info), id 0xe0000000, Internal Error (/mydata/mmtk-openjdk/openjdk/share/mmtkHeap.cpp:444)]
RBX=
[error occurred during error reporting (printing register info, attempt 2), id 0xe0000000, Internal Error (/mydata/mmtk-openjdk/openjdk/share/mmtkHeap.cpp:444)]
RCX=
[error occurred during error reporting (printing register info, attempt 3), id 0xe0000000, Internal Error (/mydata/mmtk-openjdk/openjdk/share/mmtkHeap.cpp:444)]
Top of Stack: (sp=0x00007557551fb9f0)
0x00007557551fb9f0:   0000000000000000 0000000000000008
0x00007557551fba00:   0000000000000000 0000755756c028c0
0x00007557551fba10:   00000000507e7dc0 000068aa1b25fd40
0x00007557551fba20:   8000000000000000 00007557584addce
0x00007557551fba30:   00007557551fba58 000068a9f40011e0
0x00007557551fba40:   0000000000000100 0000755750070800
0x00007557551fba50:   00000000507e7dc0 0000000000008000
0x00007557551fba60:   000068a9ac13e0a0 0000000000002a39
0x00007557551fba70:   000075575006f900 000075575006f600
0x00007557551fba80:   000075575006f300 000075575006f000
0x00007557551fba90:   000075575006ed00 000075575006ea00
0x00007557551fbaa0:   00007557551fba70 000075575006e400
0x00007557551fbab0:   000068aa1b253e40 8000000000000000
0x00007557551fbac0:   00007557551fba20 00007557503ddbd0
0x00007557551fbad0:   8000000000000000 0000755750046210
0x00007557551fbae0:   000075575006ce80 000068a9f80027d0
0x00007557551fbaf0:   0000755756bc2d28 0000000000000007
0x00007557551fbb00:   0000000000000000 0000755756aa891d
0x00007557551fbb10:   000068a9ffffffff 00007557551fbb60
0x00007557551fbb20:   0000755750529940 0000755750046220
0x00007557551fbb30:   000075575006d200 0000755750529aa0
0x00007557551fbb40:   000075575006cf00 0000755700000000
0x00007557551fbb50:   00007557551fbd60 588c5ee28da6c400
0x00007557551fbb60:   0000000000000000 0000000000000000
0x00007557551fbb70:   0000000000000000 00007557503ddbd0
0x00007557551fbb80:   0000000000000001 000068a9f4001250
0x00007557551fbb90:   0000000000000001 0003000300030001
0x00007557551fbba0:   0000755756863f60 0000000000000000
0x00007557551fbbb0:   0000000000000000 0000755750046238
0x00007557551fbbc0:   0000000000000000 0000000000000000
0x00007557551fbbd0:   0000000000000000 0000755750044a90
0x00007557551fbbe0:   0000755750058320 0000000000000000 

Instructions: (pc=0x0000755756a7c24a)
0x0000755756a7c14a:   ff ff ff ff ff ff ff 7f 48 8b 4c 24 30 48 ff c0
0x0000755756a7c15a:   48 89 8c 24 c8 00 00 00 48 89 84 24 e0 00 00 00
0x0000755756a7c16a:   48 39 c1 74 16 48 83 bc 24 c8 00 00 00 00 74 0b
0x0000755756a7c17a:   48 8b 7c 24 38 ff 15 03 52 18 00 48 8b 44 24 78
0x0000755756a7c18a:   48 85 c0 0f 84 aa 0c 00 00 48 89 d9 48 81 c1 80
0x0000755756a7c19a:   02 00 00 48 89 8c 24 d8 00 00 00 48 8d 8c 24 80
0x0000755756a7c1aa:   00 00 00 48 89 8c 24 b0 00 00 00 eb 27 66 0f 1f
0x0000755756a7c1ba:   84 00 00 00 00 00 48 8b bc 24 d8 00 00 00 4c 89
0x0000755756a7c1ca:   e6 e8 10 c2 05 00 48 8b 44 24 78 48 85 c0 0f 84
0x0000755756a7c1da:   5f 0c 00 00 48 8d 48 ff 48 89 4c 24 78 48 8b 4c
0x0000755756a7c1ea:   24 70 48 8b 4c c1 f8 48 89 4c 24 60 48 8b 84 24
0x0000755756a7c1fa:   e0 00 00 00 48 39 84 24 c8 00 00 00 75 58 48 c7
0x0000755756a7c20a:   04 24 00 00 00 00 48 c7 44 24 08 08 00 00 00 48
0x0000755756a7c21a:   c7 44 24 10 00 00 00 00 48 89 4c 24 20 8b 41 08
0x0000755756a7c22a:   48 8b 15 5f 7d 18 00 48 8b 0d 60 7d 18 00 48 d3
0x0000755756a7c23a:   e0 48 8d 34 10 8b 44 10 0c 48 8d 0d 7e c7 de ff
0x0000755756a7c24a:   48 63 04 81 48 01 c8 ff e0 66 66 66 66 2e 0f 1f
0x0000755756a7c25a:   84 00 00 00 00 00 48 89 8c 24 80 00 00 00 c6 04
0x0000755756a7c26a:   24 04 48 8d 05 bd 24 16 00 48 89 44 24 30 48 8d
0x0000755756a7c27a:   84 24 80 00 00 00 48 89 44 24 38 48 89 e0 48 89
0x0000755756a7c28a:   44 24 40 48 8d 7c 24 30 e8 39 7f f3 ff 3c 01 0f
0x0000755756a7c29a:   94 44 24 18 48 8b 74 24 60 f6 83 90 00 00 00 01
0x0000755756a7c2aa:   75 24 48 8b 7b 58 48 8b 43 60 ff 90 80 00 00 00
0x0000755756a7c2ba:   48 3b 83 90 00 00 00 0f 94 c0 eb 27 66 2e 0f 1f
0x0000755756a7c2ca:   84 00 00 00 00 00 48 8b 83 98 00 00 00 48 39 c6
0x0000755756a7c2da:   73 04 31 c0 eb 0d 48 03 83 a0 00 00 00 48 39 c6
0x0000755756a7c2ea:   0f 92 c0 88 04 24 48 8d 44 24 60 48 89 44 24 30
0x0000755756a7c2fa:   48 8d 05 ef 96 f3 ff 48 89 44 24 38 48 8d 44 24
0x0000755756a7c30a:   18 48 89 44 24 40 48 8d 0d 29 7e f1 ff 48 89 4c
0x0000755756a7c31a:   24 48 48 89 e0 48 89 44 24 50 48 89 4c 24 58 48
0x0000755756a7c32a:   8d 05 f8 52 15 00 48 89 84 24 80 00 00 00 48 c7
0x0000755756a7c33a:   84 24 88 00 00 00 04 00 00 00 48 c7 84 24 a0 00 


Stack slot to memory mapping:

stack at sp + 0 slots: 0x0 is null
stack at sp + 1 slots: 
[error occurred during error reporting (inspecting top of stack), id 0xe0000000, Internal Error (/mydata/mmtk-openjdk/openjdk/share/mmtkHeap.cpp:444)]
stack at sp + 2 slots: 0x0 is null
stack at sp + 3 slots: 
[error occurred during error reporting (inspecting top of stack, attempt 2), id 0xe0000000, Internal Error (/mydata/mmtk-openjdk/openjdk/share/mmtkHeap.cpp:444)]
stack at sp + 4 slots: 
[error occurred during error reporting (inspecting top of stack, attempt 3), id 0xe0000000, Internal Error (/mydata/mmtk-openjdk/openjdk/share/mmtkHeap.cpp:444)]

---------------  P R O C E S S  ---------------

Threads class SMR info:
_java_thread_list=0x000068a97c1216b0, length=56, elements={
0x000075575002b240, 0x0000755750524740, 0x0000755750525fd0, 0x0000755750527ac0,
0x00007557505462f0, 0x0000755750547c40, 0x0000755750549500, 0x000075575054b340,
0x0000755750554d10, 0x000068a99403d490, 0x000068a988001640, 0x00007557505a3f00,
0x00007557505a6f00, 0x000068a98c01be10, 0x000068a99406ae40, 0x00007557507d4ee0,
0x00007557507d5b30, 0x00007557507d6f60, 0x00007557507d8470, 0x00007557507d98f0,
0x00007557507dad70, 0x00007557507dc140, 0x00007557507dd5e0, 0x00007557507deb50,
0x00007557507e00c0, 0x00007557507e1490, 0x00007557507e2940, 0x00007557507e3ed0,
0x00007557507e5460, 0x00007557507e6910, 0x00007557507e7dc0, 0x00007557507e9160,
0x00007557507ea610, 0x00007557503df230, 0x00007557503e05c0, 0x00007557503e1e50,
0x00007557505d9900, 0x00007557505db2d0, 0x00007557505d6f10, 0x00007557505dcb10,
0x00007557505de360, 0x00007557505dfbb0, 0x00007557505cdd40, 0x00007557505cf590,
0x00007557505d0de0, 0x00007557505d2630, 0x00007557505d3fe0, 0x000068a97c058760,
0x000068a98c0e7fc0, 0x000068a97c0bd990, 0x000068a97c0bf970, 0x000068a97c0c1170,
0x000068a97c0c2df0, 0x000068a98c0f3530, 0x000068a97c0d4820, 0x000068a97c1203d0
}

Java Threads: ( => current thread )
  0x000075575002b240 JavaThread "main"                              [_thread_blocked, id=282964, stack(0x0000755756d00000,0x0000755756e00000) (1024K)]
  0x0000755750524740 JavaThread "Reference Handler"          daemon [_thread_blocked, id=282969, stack(0x0000755755700000,0x0000755755800000) (1024K)]
  0x0000755750525fd0 JavaThread "Finalizer"                  daemon [_thread_blocked, id=282970, stack(0x0000755755600000,0x0000755755700000) (1024K)]
  0x0000755750527ac0 JavaThread "MMTk Finalizer Thread"      daemon [_thread_blocked, id=282971, stack(0x0000755755500000,0x0000755755600000) (1024K)]
  0x00007557505462f0 JavaThread "Signal Dispatcher"          daemon [_thread_blocked, id=282995, stack(0x000068aa642fc000,0x000068aa643fc000) (1024K)]
  0x0000755750547c40 JavaThread "Service Thread"             daemon [_thread_blocked, id=282996, stack(0x000068aa61100000,0x000068aa61200000) (1024K)]
  0x0000755750549500 JavaThread "Monitor Deflation Thread"   daemon [_thread_blocked, id=282997, stack(0x000068aa61000000,0x000068aa61100000) (1024K)]
  0x000075575054b340 JavaThread "C2 CompilerThread0"         daemon [_thread_blocked, id=282998, stack(0x000068aa60f00000,0x000068aa61000000) (1024K)]
  0x0000755750554d10 JavaThread "C1 CompilerThread0"         daemon [_thread_blocked, id=282999, stack(0x000068aa60e00000,0x000068aa60f00000) (1024K)]
  0x000068a99403d490 JavaThread "C1 CompilerThread1"         daemon [_thread_blocked, id=283000, stack(0x000068aa60d00000,0x000068aa60e00000) (1024K)]
  0x000068a988001640 JavaThread "C1 CompilerThread2"         daemon [_thread_blocked, id=283001, stack(0x000068aa60c00000,0x000068aa60d00000) (1024K)]
  0x00007557505a3f00 JavaThread "Notification Thread"        daemon [_thread_blocked, id=283002, stack(0x000068aa60b00000,0x000068aa60c00000) (1024K)]
  0x00007557505a6f00 JavaThread "Common-Cleaner"             daemon [_thread_blocked, id=283003, stack(0x000068aa60a00000,0x000068aa60b00000) (1024K)]
  0x000068a98c01be10 JavaThread "C2 CompilerThread1"         daemon [_thread_blocked, id=283004, stack(0x000068aa60900000,0x000068aa60a00000) (1024K)]
  0x000068a99406ae40 JavaThread "C1 CompilerThread3"         daemon [_thread_blocked, id=283005, stack(0x000068aa60800000,0x000068aa60900000) (1024K)]
  0x00007557507d4ee0 JavaThread "Thread-0"                          [_thread_blocked, id=283007, stack(0x000068aa604ff000,0x000068aa605ff000) (1024K)]
  0x00007557507d5b30 JavaThread "Thread-1"                          [_thread_blocked, id=283008, stack(0x000068aa603ff000,0x000068aa604ff000) (1024K)]
  0x00007557507d6f60 JavaThread "Thread-2"                          [_thread_blocked, id=283009, stack(0x000068aa602ff000,0x000068aa603ff000) (1024K)]
  0x00007557507d8470 JavaThread "Thread-3"                          [_thread_blocked, id=283010, stack(0x000068aa601ff000,0x000068aa602ff000) (1024K)]
  0x00007557507d98f0 JavaThread "Thread-4"                          [_thread_blocked, id=283011, stack(0x000068aa600ff000,0x000068aa601ff000) (1024K)]
  0x00007557507dad70 JavaThread "Thread-5"                          [_thread_blocked, id=283012, stack(0x000068aa1af00000,0x000068aa1b000000) (1024K)]
  0x00007557507dc140 JavaThread "Thread-6"                          [_thread_blocked, id=283013, stack(0x000068aa1ae00000,0x000068aa1af00000) (1024K)]
  0x00007557507dd5e0 JavaThread "Thread-7"                          [_thread_blocked, id=283014, stack(0x000068aa1ad00000,0x000068aa1ae00000) (1024K)]
  0x00007557507deb50 JavaThread "Thread-8"                          [_thread_blocked, id=283015, stack(0x000068aa1ac00000,0x000068aa1ad00000) (1024K)]
  0x00007557507e00c0 JavaThread "Thread-9"                          [_thread_blocked, id=283016, stack(0x000068aa1ab00000,0x000068aa1ac00000) (1024K)]
  0x00007557507e1490 JavaThread "Thread-10"                         [_thread_blocked, id=283017, stack(0x000068aa1aa00000,0x000068aa1ab00000) (1024K)]
  0x00007557507e2940 JavaThread "Thread-11"                         [_thread_blocked, id=283018, stack(0x000068aa1a900000,0x000068aa1aa00000) (1024K)]
  0x00007557507e3ed0 JavaThread "Thread-12"                         [_thread_blocked, id=283019, stack(0x000068aa1a800000,0x000068aa1a900000) (1024K)]
  0x00007557507e5460 JavaThread "Thread-13"                         [_thread_blocked, id=283020, stack(0x000068aa1a700000,0x000068aa1a800000) (1024K)]
  0x00007557507e6910 JavaThread "Thread-14"                         [_thread_blocked, id=283021, stack(0x000068aa1a600000,0x000068aa1a700000) (1024K)]
  0x00007557507e7dc0 JavaThread "Thread-15"                         [_thread_blocked, id=283022, stack(0x000068aa1a500000,0x000068aa1a600000) (1024K)]
  0x00007557507e9160 JavaThread "Thread-16"                         [_thread_blocked, id=283023, stack(0x000068aa1a400000,0x000068aa1a500000) (1024K)]
  0x00007557507ea610 JavaThread "Thread-17"                         [_thread_blocked, id=283024, stack(0x000068aa1a300000,0x000068aa1a400000) (1024K)]
  0x00007557503df230 JavaThread "Thread-18"                         [_thread_blocked, id=283025, stack(0x000068aa60600000,0x000068aa60800000) (2048K)]
  0x00007557503e05c0 JavaThread "Thread-19"                         [_thread_blocked, id=283026, stack(0x000068aa1a200000,0x000068aa1a300000) (1024K)]
  0x00007557503e1e50 JavaThread "Thread-20"                         [_thread_blocked, id=283027, stack(0x000068aa1a100000,0x000068aa1a200000) (1024K)]
  0x00007557505d9900 JavaThread "Thread-21"                         [_thread_blocked, id=283028, stack(0x000068aa1a000000,0x000068aa1a100000) (1024K)]
  0x00007557505db2d0 JavaThread "Thread-22"                         [_thread_blocked, id=283029, stack(0x000068aa19f00000,0x000068aa1a000000) (1024K)]
  0x00007557505d6f10 JavaThread "Thread-23"                         [_thread_blocked, id=283030, stack(0x000068aa19e00000,0x000068aa19f00000) (1024K)]
  0x00007557505dcb10 JavaThread "Thread-24"                         [_thread_blocked, id=283031, stack(0x000068aa19d00000,0x000068aa19e00000) (1024K)]
  0x00007557505de360 JavaThread "Thread-25"                         [_thread_blocked, id=283032, stack(0x000068aa19c00000,0x000068aa19d00000) (1024K)]
  0x00007557505dfbb0 JavaThread "Thread-26"                         [_thread_blocked, id=283033, stack(0x000068aa19b00000,0x000068aa19c00000) (1024K)]
  0x00007557505cdd40 JavaThread "Thread-27"                         [_thread_blocked, id=283034, stack(0x000068aa19a00000,0x000068aa19b00000) (1024K)]
  0x00007557505cf590 JavaThread "Thread-28"                         [_thread_blocked, id=283035, stack(0x000068aa19900000,0x000068aa19a00000) (1024K)]
  0x00007557505d0de0 JavaThread "Thread-29"                         [_thread_blocked, id=283036, stack(0x000068aa19800000,0x000068aa19900000) (1024K)]
  0x00007557505d2630 JavaThread "Thread-30"                         [_thread_blocked, id=283037, stack(0x000068aa19700000,0x000068aa19800000) (1024K)]
  0x00007557505d3fe0 JavaThread "Thread-31"                         [_thread_blocked, id=283038, stack(0x000068aa19600000,0x000068aa19700000) (1024K)]
  0x000068a97c058760 JavaThread "C2 CompilerThread2"         daemon [_thread_blocked, id=283039, stack(0x000068aa19500000,0x000068aa19600000) (1024K)]
  0x000068a98c0e7fc0 JavaThread "C2 CompilerThread3"         daemon [_thread_blocked, id=283040, stack(0x000068aa19400000,0x000068aa19500000) (1024K)]
  0x000068a97c0bd990 JavaThread "C2 CompilerThread4"         daemon [_thread_blocked, id=283041, stack(0x000068aa19300000,0x000068aa19400000) (1024K)]
  0x000068a97c0bf970 JavaThread "C2 CompilerThread5"         daemon [_thread_blocked, id=283042, stack(0x000068aa19200000,0x000068aa19300000) (1024K)]
  0x000068a97c0c1170 JavaThread "C2 CompilerThread6"         daemon [_thread_blocked, id=283043, stack(0x000068aa19100000,0x000068aa19200000) (1024K)]
  0x000068a97c0c2df0 JavaThread "C1 CompilerThread4"         daemon [_thread_blocked, id=283044, stack(0x000068aa19000000,0x000068aa19100000) (1024K)]
  0x000068a98c0f3530 JavaThread "C2 CompilerThread7"         daemon [_thread_blocked, id=283045, stack(0x000068aa18f00000,0x000068aa19000000) (1024K)]
  0x000068a97c0d4820 JavaThread "C2 CompilerThread8"         daemon [_thread_in_native, id=283046, stack(0x000068aa18e00000,0x000068aa18f00000) (1024K)]
  0x000068a97c1203d0 JavaThread "C2 CompilerThread9"         daemon [_thread_blocked, id=283048, stack(0x000068aa18d00000,0x000068aa18e00000) (1024K)]
Total: 56

Other Threads:
  0x0000755750519290 VMThread "VM Thread"                           [id=282968, stack(0x0000755755afd000,0x0000755755bfd000) (1024K)]
  0x0000755750506ee0 WatcherThread "VM Periodic Task Thread"        [id=282967, stack(0x0000755755bfe000,0x0000755755cfe000) (1024K)]

=>0x000075575052f230 (exited) NamedThread "MMTk Collector Thread"   [id=282975, stack(0x00007557550fd000,0x00007557551fd000) (1024K)]
Total: 3

Threads with active compile tasks:
C2 CompilerThread0  3204 3140       4       org.apache.xpath.functions.FuncId::getNodesByID (143 bytes)
C2 CompilerThread1  3204 3107   !   4       org.apache.xalan.templates.ElemAttribute::constructNode (86 bytes)
C2 CompilerThread2  3204 3137       4       org.apache.xpath.functions.FuncId::execute (202 bytes)
C2 CompilerThread3  3204 2936       4       org.apache.xpath.axes.WalkingIterator::setRoot (31 bytes)
C2 CompilerThread4  3204 3105   !   4       org.apache.xalan.templates.ElemElement::execute (371 bytes)
C2 CompilerThread5  3204 3113       4       org.apache.xpath.axes.AxesWalker::getNextNode (84 bytes)
C2 CompilerThread6  3204 3049   !   4       org.apache.xalan.transformer.TransformerImpl::transformToString (269 bytes)
C2 CompilerThread7  3204 3128 % !   4       org.apache.xalan.transformer.TransformerImpl::transformNode @ 108 (489 bytes)
C2 CompilerThread8  3204 3031       4       org.apache.xalan.transformer.CountersTable::countNode (300 bytes)
C2 CompilerThread9  3204 3110       4       org.apache.xpath.axes.ReverseAxesWalker::setRoot (35 bytes)
Total: 10

VM state: at safepoint (normal execution)

VM Mutex/Monitor currently owned by a thread:  ([mutex/lock_event])
[0x00007557583580d0] Threads_lock - owner thread: 0x0000755750519290
[0x0000755758357fd0] Heap_lock - owner thread: 0x00007557503e2890

Heap address: 0x0000000040000000, size: 3072 MB, Compressed Oops mode: 32-bit

CDS archive(s) mapped at: [0x000068aa1b000000-0x000068aa1bca3000-0x000068aa1bca3000), size 13250560, SharedBaseAddress: 0x000068aa1b000000, ArchiveRelocationMode: 1.
Compressed class space mapped at: 0x000068aa1c000000-0x000068aa5c000000, reserved size: 1073741824
Narrow klass base: 0x000068aa1b000000, Narrow klass shift: 0, Narrow klass range: 0x100000000

GC Precious Log:
<Empty>

Heap:

[error occurred during error reporting (printing heap information), id 0xe0000000, Internal Error (/mydata/mmtk-openjdk/openjdk/share/mmtkHeap.cpp:424)]
Metaspace:

Usage:
  Non-class:      7.12 MB used.
      Class:    967.69 KB used.
       Both:      8.06 MB used.

Virtual space:
  Non-class space:       64.00 MB reserved,       7.25 MB ( 11%) committed,  1 nodes.
      Class space:        1.00 GB reserved,       1.06 MB ( <1%) committed,  1 nodes.
             Both:        1.06 GB reserved,       8.31 MB ( <1%) committed. 

Chunk freelists:
   Non-Class:  7.27 MB
       Class:  14.99 MB
        Both:  22.26 MB

MaxMetaspaceSize: unlimited
CompressedClassSpaceSize: 1.00 GB
Initial GC threshold: 21.00 MB
Current GC threshold: 21.00 MB
CDS: on
 - commit_granule_bytes: 65536.
 - commit_granule_words: 8192.
 - virtual_space_node_default_size: 8388608.
 - enlarge_chunks_in_place: 1.
 - use_allocation_guard: 0.


Internal statistics:

num_allocs_failed_limit: 0.
num_arena_births: 120.
num_arena_deaths: 0.
num_vsnodes_births: 2.
num_vsnodes_deaths: 0.
num_space_committed: 133.
num_space_uncommitted: 0.
num_chunks_returned_to_freelist: 0.
num_chunks_taken_from_freelist: 376.
num_chunk_merges: 0.
num_chunk_splits: 264.
num_chunks_enlarged: 204.
num_inconsistent_stats: 0.

CodeHeap 'non-profiled nmethods': size=118880Kb used=1999Kb max_used=1999Kb free=116880Kb
 bounds [0x00007557403e8000, 0x0000755740658000, 0x0000755747800000]
CodeHeap 'profiled nmethods': size=118876Kb used=6565Kb max_used=6565Kb free=112311Kb
 bounds [0x0000755738800000, 0x0000755738e70000, 0x000075573fc17000]
CodeHeap 'non-nmethods': size=8004Kb used=3463Kb max_used=3597Kb free=4540Kb
 bounds [0x000075573fc17000, 0x000075573ffa7000, 0x00007557403e8000]
CodeCache: size=245760Kb, used=12027Kb, max_used=12161Kb, free=233731Kb
 total_blobs=3589, nmethods=3107, adapters=381, full_count=0
Compilation: enabled, stopped_count=0, restarted_count=0

Compilation events (20 events):
Event: 3.188 Thread 0x000068a97c1203d0 3103       4       org.apache.xml.dtm.ref.DTMDefaultBaseIterators::getAxisIterator (284 bytes)
Event: 3.188 Thread 0x000068a98c01be10 nmethod 3092 0x00007557405d9210 code [0x00007557405d9440, 0x00007557405d9ee8]
Event: 3.188 Thread 0x000068a98c01be10 3109       4       org.apache.xml.dtm.ref.DTMAxisIteratorBase::<init> (30 bytes)
Event: 3.189 Thread 0x000068a988001640 nmethod 3148 0x0000755738e62990 code [0x0000755738e63000, 0x0000755738e67178]
Event: 3.189 Thread 0x000068a99406ae40 3157       3       java.lang.invoke.LambdaForm$MH/0x000068aa1c100c00::invoke (42 bytes)
Event: 3.189 Thread 0x000068a98c01be10 nmethod 3109 0x00007557405da610 code [0x00007557405da780, 0x00007557405da820]
Event: 3.189 Thread 0x000068a98c01be10 3107   !   4       org.apache.xalan.templates.ElemAttribute::constructNode (86 bytes)
Event: 3.189 Thread 0x000068a97c0bf970 nmethod 3094 0x00007557405da910 code [0x00007557405daaa0, 0x00007557405dabb8]
Event: 3.189 Thread 0x000068a97c0bf970 3106       4       org.apache.xml.dtm.ref.DTMDefaultBaseIterators$ParentIterator::next (76 bytes)
Event: 3.190 Thread 0x000068a99406ae40 nmethod 3157 0x0000755738e68490 code [0x0000755738e686c0, 0x0000755738e69158]
Event: 3.190 Thread 0x000068a97c1203d0 nmethod 3103 0x00007557405dac90 code [0x00007557405dae20, 0x00007557405db048]
Event: 3.190 Thread 0x000068a97c1203d0 3108       4       org.apache.xpath.axes.ReverseAxesWalker::getNextNode (43 bytes)
Event: 3.190 Thread 0x000068a97c0bf970 nmethod 3106 0x00007557405db190 code [0x00007557405db320, 0x00007557405db400]
Event: 3.190 Thread 0x000068a97c0bf970 3104       4       org.apache.xml.serializer.ToStream::ensureAttributesNamespaceIsDeclared (189 bytes)
Event: 3.191 Thread 0x000068a97c0bf970 nmethod 3104 0x00007557405db490 code [0x00007557405db620, 0x00007557405db710]
Event: 3.191 Thread 0x000068a97c0bf970 3111       4       org.apache.xpath.axes.ReverseAxesWalker::detach (10 bytes)
Event: 3.191 Thread 0x000068a97c0bf970 nmethod 3111 0x00007557405db810 code [0x00007557405db980, 0x00007557405dba28]
Event: 3.191 Thread 0x000068a97c1203d0 nmethod 3108 0x00007557405dbb10 code [0x00007557405dbca0, 0x00007557405dbe00]
Event: 3.191 Thread 0x000068a97c1203d0 3110       4       org.apache.xpath.axes.ReverseAxesWalker::setRoot (35 bytes)
Event: 3.191 Thread 0x000068a97c0bf970 3113       4       org.apache.xpath.axes.AxesWalker::getNextNode (84 bytes)

GC Heap History (0 events):
No events

Dll operation events (7 events):
Event: 0.001 Loaded shared library /mydata/openjdk-mmtk/build/b0test/images/jdk/lib/libjava.so
Event: 2.218 Loaded shared library /mydata/openjdk-mmtk/build/b0test/images/jdk/lib/libjsvml.so
Event: 2.231 Loaded shared library /mydata/openjdk-mmtk/build/b0test/images/jdk/lib/libnio.so
Event: 2.235 Loaded shared library /mydata/openjdk-mmtk/build/b0test/images/jdk/lib/libzip.so
Event: 2.248 Loaded shared library /mydata/openjdk-mmtk/build/b0test/images/jdk/lib/libjimage.so
Event: 2.274 Loaded shared library /mydata/openjdk-mmtk/build/b0test/images/jdk/lib/libnet.so
Event: 2.371 Loaded shared library /mydata/openjdk-mmtk/build/b0test/images/jdk/lib/libverify.so

Deoptimization events (20 events):
Event: 3.109 Thread 0x00007557507d5b30 DEOPT UNPACKING pc=0x000075573fc6ab2f sp=0x000068aa604fc838 mode 0
Event: 3.109 Thread 0x00007557505d6f10 DEOPT UNPACKING pc=0x000075573fc6ab2f sp=0x000068aa19efd838 mode 0
Event: 3.138 Thread 0x00007557507dad70 DEOPT PACKING pc=0x0000755738d3c139 sp=0x000068aa1affd5f0
Event: 3.138 Thread 0x00007557507dad70 DEOPT UNPACKING pc=0x000075573fc6ab2f sp=0x000068aa1affca38 mode 0
Event: 3.176 Thread 0x00007557507d4ee0 Uncommon trap: trap_request=0xffffff45 fr.pc=0x000075574059b664 relative=0x0000000000000064
Event: 3.176 Thread 0x00007557507d4ee0 Uncommon trap: reason=unstable_if action=reinterpret pc=0x000075574059b664 method=java.lang.Integer.stringSize(I)I @ 24 c2
Event: 3.176 Thread 0x00007557507d4ee0 DEOPT PACKING pc=0x000075574059b664 sp=0x000068aa605fd890
Event: 3.176 Thread 0x00007557507d4ee0 DEOPT UNPACKING pc=0x000075573fc6a399 sp=0x000068aa605fd830 mode 2
Event: 3.176 Thread 0x00007557507d4ee0 Uncommon trap: trap_request=0xffffff45 fr.pc=0x000075574058d430 relative=0x0000000000000110
Event: 3.176 Thread 0x00007557507d4ee0 Uncommon trap: reason=unstable_if action=reinterpret pc=0x000075574058d430 method=java.lang.Integer.getChars(II[B)I @ 88 c2
Event: 3.176 Thread 0x00007557507d4ee0 DEOPT PACKING pc=0x000075574058d430 sp=0x000068aa605fd880
Event: 3.176 Thread 0x00007557507d4ee0 DEOPT UNPACKING pc=0x000075573fc6a399 sp=0x000068aa605fd828 mode 2
Event: 3.176 Thread 0x00007557507d4ee0 Uncommon trap: trap_request=0xffffffde fr.pc=0x0000755740489d94 relative=0x0000000000000994
Event: 3.176 Thread 0x00007557507d4ee0 Uncommon trap: reason=class_check action=maybe_recompile pc=0x0000755740489d94 method=java.io.Writer.write(Ljava/lang/String;)V @ 7 c2
Event: 3.176 Thread 0x00007557507d4ee0 DEOPT PACKING pc=0x0000755740489d94 sp=0x000068aa605fd7f0
Event: 3.176 Thread 0x00007557507d4ee0 DEOPT UNPACKING pc=0x000075573fc6a399 sp=0x000068aa605fd7c8 mode 2
Event: 3.176 Thread 0x00007557507d4ee0 Uncommon trap: trap_request=0xffffffde fr.pc=0x000075574048049c relative=0x000000000000071c
Event: 3.176 Thread 0x00007557507d4ee0 Uncommon trap: reason=class_check action=maybe_recompile pc=0x000075574048049c method=java.nio.charset.CharsetEncoder.encode(Ljava/nio/CharBuffer;Ljava/nio/ByteBuffer;Z)Ljava/nio/charset/CoderResult; @ 57 c2
Event: 3.176 Thread 0x00007557507d4ee0 DEOPT PACKING pc=0x000075574048049c sp=0x000068aa605fd6b0
Event: 3.176 Thread 0x00007557507d4ee0 DEOPT UNPACKING pc=0x000075573fc6a399 sp=0x000068aa605fd478 mode 2

Classes loaded (20 events):
Event: 2.612 Loading class java/util/ResourceBundle$KeyElementReference
Event: 2.612 Loading class java/util/ResourceBundle$CacheKeyReference
Event: 2.612 Loading class java/util/ResourceBundle$CacheKeyReference done
Event: 2.612 Loading class java/util/ResourceBundle$KeyElementReference done
Event: 2.612 Loading class java/util/ResourceBundle$Control$2
Event: 2.612 Loading class java/util/ResourceBundle$Control$2 done
Event: 2.613 Loading class sun/util/PropertyResourceBundleCharset
Event: 2.613 Loading class sun/util/PropertyResourceBundleCharset done
Event: 2.613 Loading class sun/util/PropertyResourceBundleCharset$PropertiesFileDecoder
Event: 2.613 Loading class sun/util/PropertyResourceBundleCharset$PropertiesFileDecoder done
Event: 2.614 Loading class java/util/ResourceBundle$BundleReference
Event: 2.614 Loading class java/util/ResourceBundle$BundleReference done
Event: 2.615 Loading class sun/util/ResourceBundleEnumeration
Event: 2.615 Loading class sun/util/ResourceBundleEnumeration done
Event: 2.621 Loading class sun/nio/cs/ISO_8859_1$Encoder
Event: 2.621 Loading class sun/nio/cs/ISO_8859_1$Encoder done
Event: 2.657 Loading class java/util/ResourceBundle$Control$1
Event: 2.657 Loading class java/util/ResourceBundle$Control$1 done
Event: 2.676 Loading class java/lang/foreign/MemorySegment
Event: 2.676 Loading class java/lang/foreign/MemorySegment done

Classes unloaded (0 events):
No events

Classes redefined (0 events):
No events

Internal exceptions (13 events):
Event: 2.241 Thread 0x000075575002b240 Exception <a 'java/lang/NoSuchMethodError'{0x0000000040334090}: 'java.lang.Object java.lang.invoke.DirectMethodHandle$Holder.newInvokeSpecial(java.lang.Object, int, java.lang.Object)'> (0x0000000040334090) 
thrown [src/hotspot/share/interpreter/linkResolver.cpp, line 772]
Event: 2.251 Thread 0x000075575002b240 Exception <a 'java/lang/NoSuchMethodError'{0x00000000402f9e28}: 'void java.lang.invoke.DirectMethodHandle$Holder.invokeStatic(java.lang.Object, java.lang.Object)'> (0x00000000402f9e28) 
thrown [src/hotspot/share/interpreter/linkResolver.cpp, line 772]
Event: 2.251 Thread 0x000075575002b240 Exception <a 'java/lang/NoSuchMethodError'{0x00000000402fd820}: 'void java.lang.invoke.DirectMethodHandle$Holder.invokeSpecial(java.lang.Object, java.lang.Object, java.lang.Object)'> (0x00000000402fd820) 
thrown [src/hotspot/share/interpreter/linkResolver.cpp, line 772]
Event: 2.293 Thread 0x000075575002b240 Exception <a 'java/lang/NoSuchMethodError'{0x00000000401b5c58}: 'void java.lang.invoke.DirectMethodHandle$Holder.invokeVirtual(java.lang.Object, java.lang.Object)'> (0x00000000401b5c58) 
thrown [src/hotspot/share/interpreter/linkResolver.cpp, line 772]
Event: 2.298 Thread 0x000075575002b240 Exception <a 'java/io/FileNotFoundException'{0x000000004018ec38}> (0x000000004018ec38) 
thrown [src/hotspot/share/prims/jni.cpp, line 520]
Event: 2.308 Thread 0x000075575002b240 Exception <a 'java/lang/NoSuchMethodError'{0x00000000401217c8}: 'java.lang.Object java.lang.invoke.Invokers$Holder.invokeExact_MT(java.lang.Object, java.lang.Object, java.lang.Object, java.lang.Object, java.lang.Object)'> (0x00000000401217c8) 
thrown [src/hotspot/share/interpreter/linkResolver.cpp, line 772]
Event: 2.491 Thread 0x000075575002b240 Exception <a 'java/lang/NoSuchMethodError'{0x0000000040ebb668}: 'void java.lang.invoke.DirectMethodHandle$Holder.invokeVirtual(java.lang.Object, java.lang.Object, int)'> (0x0000000040ebb668) 
thrown [src/hotspot/share/interpreter/linkResolver.cpp, line 772]
Event: 2.492 Thread 0x000075575002b240 Exception <a 'java/lang/NoSuchMethodError'{0x0000000040ebfd90}: 'int java.lang.invoke.DirectMethodHandle$Holder.invokeSpecial(java.lang.Object, java.lang.Object, java.lang.Object, int)'> (0x0000000040ebfd90) 
thrown [src/hotspot/share/interpreter/linkResolver.cpp, line 772]
Event: 2.493 Thread 0x000075575002b240 Exception <a 'java/lang/NoSuchMethodError'{0x0000000040ea2a40}: 'java.lang.Object java.lang.invoke.DirectMethodHandle$Holder.invokeStatic(java.lang.Object, java.lang.Object, java.lang.Object, java.lang.Object, int)'> (0x0000000040ea2a40) 
thrown [src/hotspot/share/interpreter/linkResolver.cpp, line 772]
Event: 2.494 Thread 0x000075575002b240 Exception <a 'java/lang/NoSuchMethodError'{0x0000000040e9dc48}: 'void java.lang.invoke.DelegatingMethodHandle$Holder.reinvoke_L(java.lang.Object, java.lang.Object, int)'> (0x0000000040e9dc48) 
thrown [src/hotspot/share/interpreter/linkResolver.cpp, line 772]
Event: 2.495 Thread 0x000075575002b240 Exception <a 'java/lang/NoSuchMethodError'{0x0000000040e945a8}: 'int java.lang.invoke.DirectMethodHandle$Holder.invokeSpecial(java.lang.Object, java.lang.Object, java.lang.Object)'> (0x0000000040e945a8) 
thrown [src/hotspot/share/interpreter/linkResolver.cpp, line 772]
Event: 2.563 Thread 0x000075575002b240 Exception <a 'java/lang/NoSuchMethodError'{0x00000000413b99f0}: 'void java.lang.invoke.DelegatingMethodHandle$Holder.reinvoke_L(java.lang.Object, java.lang.Object, int, int)'> (0x00000000413b99f0) 
thrown [src/hotspot/share/interpreter/linkResolver.cpp, line 772]
Event: 2.610 Thread 0x00007557505dcb10 Exception <a 'java/lang/NoSuchMethodError'{0x0000000040de9638}: 'java.lang.Object java.lang.invoke.DirectMethodHandle$Holder.invokeInterface(java.lang.Object, java.lang.Object)'> (0x0000000040de9638) 
thrown [src/hotspot/share/interpreter/linkResolver.cpp, line 772]

ZGC Phase Switch (0 events):
No events

VM Operations (20 events):
Event: 2.802 Executing VM operation: ICBufferFull done
Event: 2.806 Executing VM operation: ICBufferFull
Event: 2.808 Executing VM operation: ICBufferFull done
Event: 2.811 Executing VM operation: ICBufferFull
Event: 2.813 Executing VM operation: ICBufferFull done
Event: 2.813 Executing VM operation: ICBufferFull
Event: 2.814 Executing VM operation: ICBufferFull done
Event: 2.817 Executing VM operation: ICBufferFull
Event: 2.818 Executing VM operation: ICBufferFull done
Event: 2.818 Executing VM operation: ICBufferFull
Event: 2.819 Executing VM operation: ICBufferFull done
Event: 2.822 Executing VM operation: ICBufferFull
Event: 2.822 Executing VM operation: ICBufferFull done
Event: 2.975 Executing VM operation: ThirdPartyHeapOperation
Event: 2.990 Executing VM operation: ThirdPartyHeapOperation done
Event: 2.993 Executing VM operation: ThirdPartyHeapOperation
Event: 3.021 Executing VM operation: ThirdPartyHeapOperation done
Event: 3.177 Executing VM operation: ThirdPartyHeapOperation
Event: 3.188 Executing VM operation: ThirdPartyHeapOperation done
Event: 3.192 Executing VM operation: ThirdPartyHeapOperation

Memory protections (20 events):
Event: 2.577 Protecting memory [0x000068aa1a000000,0x000068aa1a004000] with protection modes 0
Event: 2.577 Protecting memory [0x000068aa19f00000,0x000068aa19f04000] with protection modes 0
Event: 2.577 Protecting memory [0x000068aa19e00000,0x000068aa19e04000] with protection modes 0
Event: 2.577 Protecting memory [0x000068aa19d00000,0x000068aa19d04000] with protection modes 0
Event: 2.578 Protecting memory [0x000068aa19c00000,0x000068aa19c04000] with protection modes 0
Event: 2.578 Protecting memory [0x000068aa19b00000,0x000068aa19b04000] with protection modes 0
Event: 2.578 Protecting memory [0x000068aa19a00000,0x000068aa19a04000] with protection modes 0
Event: 2.578 Protecting memory [0x000068aa19900000,0x000068aa19904000] with protection modes 0
Event: 2.578 Protecting memory [0x000068aa19800000,0x000068aa19804000] with protection modes 0
Event: 2.578 Protecting memory [0x000068aa19700000,0x000068aa19704000] with protection modes 0
Event: 2.578 Protecting memory [0x000068aa19600000,0x000068aa19604000] with protection modes 0
Event: 2.624 Protecting memory [0x000068aa19500000,0x000068aa19504000] with protection modes 0
Event: 2.636 Protecting memory [0x000068aa19400000,0x000068aa19404000] with protection modes 0
Event: 2.649 Protecting memory [0x000068aa19300000,0x000068aa19304000] with protection modes 0
Event: 2.655 Protecting memory [0x000068aa19200000,0x000068aa19204000] with protection modes 0
Event: 2.656 Protecting memory [0x000068aa19100000,0x000068aa19104000] with protection modes 0
Event: 2.657 Protecting memory [0x000068aa19000000,0x000068aa19004000] with protection modes 0
Event: 2.658 Protecting memory [0x000068aa18e00000,0x000068aa18e04000] with protection modes 0
Event: 2.659 Protecting memory [0x000068aa18f00000,0x000068aa18f04000] with protection modes 0
Event: 2.684 Protecting memory [0x000068aa18d00000,0x000068aa18d04000] with protection modes 0

Nmethod flushes (0 events):
No events

Events (20 events):
Event: 2.577 Thread 0x000075575002b240 Thread added: 0x00007557505d9900
Event: 2.577 Thread 0x000075575002b240 Thread added: 0x00007557505db2d0
Event: 2.577 Thread 0x000075575002b240 Thread added: 0x00007557505d6f10
Event: 2.577 Thread 0x000075575002b240 Thread added: 0x00007557505dcb10
Event: 2.578 Thread 0x000075575002b240 Thread added: 0x00007557505de360
Event: 2.578 Thread 0x000075575002b240 Thread added: 0x00007557505dfbb0
Event: 2.578 Thread 0x000075575002b240 Thread added: 0x00007557505cdd40
Event: 2.578 Thread 0x000075575002b240 Thread added: 0x00007557505cf590
Event: 2.578 Thread 0x000075575002b240 Thread added: 0x00007557505d0de0
Event: 2.578 Thread 0x000075575002b240 Thread added: 0x00007557505d2630
Event: 2.578 Thread 0x000075575002b240 Thread added: 0x00007557505d3fe0
Event: 2.623 Thread 0x000068a99406ae40 Thread added: 0x000068a97c058760
Event: 2.636 Thread 0x000068a988001640 Thread added: 0x000068a98c0e7fc0
Event: 2.649 Thread 0x000068a99406ae40 Thread added: 0x000068a97c0bd990
Event: 2.655 Thread 0x000068a99406ae40 Thread added: 0x000068a97c0bf970
Event: 2.656 Thread 0x000068a99406ae40 Thread added: 0x000068a97c0c1170
Event: 2.657 Thread 0x000068a99406ae40 Thread added: 0x000068a97c0c2df0
Event: 2.658 Thread 0x000068a988001640 Thread added: 0x000068a98c0f3530
Event: 2.658 Thread 0x000068a99406ae40 Thread added: 0x000068a97c0d4820
Event: 2.684 Thread 0x000068a99406ae40 Thread added: 0x000068a97c1203d0


Dynamic libraries:
40000000-40400000 rw-p 00000000 00:00 0                                  [anon:mmtk:space:immix]
40400000-40800000 rw-p 00000000 00:00 0                                  [anon:mmtk:space:los]
40800000-41400000 rw-p 00000000 00:00 0                                  [anon:mmtk:space:immix]
41400000-41800000 rw-p 00000000 00:00 0                                  [anon:mmtk:space:los]
41800000-41c00000 rw-p 00000000 00:00 0                                  [anon:mmtk:space:immix]
41c00000-42000000 rw-p 00000000 00:00 0                                  [anon:mmtk:space:los]
42000000-42400000 rw-p 00000000 00:00 0                                  [anon:mmtk:space:immix]
42400000-42800000 rw-p 00000000 00:00 0                                  [anon:mmtk:space:los]
42800000-43000000 rw-p 00000000 00:00 0                                  [anon:mmtk:space:immix]
43000000-43400000 rw-p 00000000 00:00 0                                  [anon:mmtk:space:los]
43400000-43800000 rw-p 00000000 00:00 0                                  [anon:mmtk:space:immix]
43800000-43c00000 rw-p 00000000 00:00 0                                  [anon:mmtk:space:los]
43c00000-44400000 rw-p 00000000 00:00 0                                  [anon:mmtk:space:immix]
44400000-44800000 rw-p 00000000 00:00 0                                  [anon:mmtk:space:los]
44800000-44c00000 rw-p 00000000 00:00 0                                  [anon:mmtk:space:immix]
44c00000-45000000 rw-p 00000000 00:00 0                                  [anon:mmtk:space:los]
45000000-45800000 rw-p 00000000 00:00 0                                  [anon:mmtk:space:immix]
45800000-45c00000 rw-p 00000000 00:00 0                                  [anon:mmtk:space:los]
45c00000-46400000 rw-p 00000000 00:00 0                                  [anon:mmtk:space:immix]
46400000-46800000 rw-p 00000000 00:00 0                                  [anon:mmtk:space:los]
46800000-46c00000 rw-p 00000000 00:00 0                                  [anon:mmtk:space:immix]
46c00000-47000000 rw-p 00000000 00:00 0                                  [anon:mmtk:space:los]
47000000-47800000 rw-p 00000000 00:00 0                                  [anon:mmtk:space:immix]
47800000-47c00000 rw-p 00000000 00:00 0                                  [anon:mmtk:space:los]
47c00000-48000000 rw-p 00000000 00:00 0                                  [anon:mmtk:space:immix]
48000000-48400000 rw-p 00000000 00:00 0                                  [anon:mmtk:space:los]
48400000-48c00000 rw-p 00000000 00:00 0                                  [anon:mmtk:space:immix]
48c00000-49000000 rw-p 00000000 00:00 0                                  [anon:mmtk:space:los]
49000000-49800000 rw-p 00000000 00:00 0                                  [anon:mmtk:space:immix]
49800000-49c00000 rw-p 00000000 00:00 0                                  [anon:mmtk:space:los]
49c00000-4a000000 rw-p 00000000 00:00 0                                  [anon:mmtk:space:immix]
4a000000-4a400000 rw-p 00000000 00:00 0                                  [anon:mmtk:space:los]
4a400000-4ac00000 rw-p 00000000 00:00 0                                  [anon:mmtk:space:immix]
4ac00000-4b000000 rw-p 00000000 00:00 0                                  [anon:mmtk:space:los]
4b000000-4b400000 rw-p 00000000 00:00 0                                  [anon:mmtk:space:immix]
4b400000-4b800000 rw-p 00000000 00:00 0                                  [anon:mmtk:space:los]
4b800000-4c000000 rw-p 00000000 00:00 0                                  [anon:mmtk:space:immix]
4c000000-4c400000 rw-p 00000000 00:00 0                                  [anon:mmtk:space:los]
4c400000-4cc00000 rw-p 00000000 00:00 0                                  [anon:mmtk:space:immix]
4cc00000-4d000000 rw-p 00000000 00:00 0                                  [anon:mmtk:space:los]
4d000000-4d400000 rw-p 00000000 00:00 0                                  [anon:mmtk:space:immix]
4d400000-4d800000 rw-p 00000000 00:00 0                                  [anon:mmtk:space:los]
4d800000-4e000000 rw-p 00000000 00:00 0                                  [anon:mmtk:space:immix]
4e000000-4e400000 rw-p 00000000 00:00 0                                  [anon:mmtk:space:los]
4e400000-4e800000 rw-p 00000000 00:00 0                                  [anon:mmtk:space:immix]
4e800000-4ec00000 rw-p 00000000 00:00 0                                  [anon:mmtk:space:los]
4ec00000-4f400000 rw-p 00000000 00:00 0                                  [anon:mmtk:space:immix]
4f400000-4f800000 rw-p 00000000 00:00 0                                  [anon:mmtk:space:los]
4f800000-50000000 rw-p 00000000 00:00 0                                  [anon:mmtk:space:immix]
50000000-50400000 rw-p 00000000 00:00 0                                  [anon:mmtk:space:los]
50400000-50800000 rw-p 00000000 00:00 0                                  [anon:mmtk:space:immix]
50800000-50c00000 rw-p 00000000 00:00 0                                  [anon:mmtk:space:los]
50c00000-51000000 rw-p 00000000 00:00 0                                  [anon:mmtk:space:immix]
51000000-51400000 rw-p 00000000 00:00 0                                  [anon:mmtk:space:los]
51400000-51c00000 rw-p 00000000 00:00 0                                  [anon:mmtk:space:immix]
51c00000-52000000 rw-p 00000000 00:00 0                                  [anon:mmtk:space:los]
52000000-52c00000 rw-p 00000000 00:00 0                                  [anon:mmtk:space:immix]
52c00000-53000000 rw-p 00000000 00:00 0                                  [anon:mmtk:space:los]
53000000-53400000 rw-p 00000000 00:00 0                                  [anon:mmtk:space:immix]
53400000-53800000 rw-p 00000000 00:00 0                                  [anon:mmtk:space:los]
200000000000-2000c00c0000 rw-s 00000000 00:10 68                         anon_inode:bpf-map
64ed7a0b3000-64ed7a0b4000 r--p 00000000 fc:00 49676320                   /mydata/openjdk-mmtk/build/b0test/images/jdk/bin/java
64ed7a0b4000-64ed7a0b5000 r-xp 00001000 fc:00 49676320                   /mydata/openjdk-mmtk/build/b0test/images/jdk/bin/java
64ed7a0b5000-64ed7a0b6000 r--p 00002000 fc:00 49676320                   /mydata/openjdk-mmtk/build/b0test/images/jdk/bin/java
64ed7a0b6000-64ed7a0b7000 r--p 00002000 fc:00 49676320                   /mydata/openjdk-mmtk/build/b0test/images/jdk/bin/java
64ed7a0b7000-64ed7a0b8000 rw-p 00003000 fc:00 49676320                   /mydata/openjdk-mmtk/build/b0test/images/jdk/bin/java
64eda4c19000-64eda4c61000 rw-p 00000000 00:00 0                          [heap]
68a8d0000000-68a8d0a5a000 rw-p 00000000 00:00 0 
68a8d0a5a000-68a8d4000000 ---p 00000000 00:00 0 
68a8d4000000-68a8d4021000 rw-p 00000000 00:00 0 
68a8d4021000-68a8d8000000 ---p 00000000 00:00 0 
68a8d8000000-68a8d8992000 rw-p 00000000 00:00 0 
68a8d8992000-68a8dc000000 ---p 00000000 00:00 0 
68a8dc000000-68a8dca46000 rw-p 00000000 00:00 0 
68a8dca46000-68a8e0000000 ---p 00000000 00:00 0 
68a8e0000000-68a8e0658000 rw-p 00000000 00:00 0 
68a8e0658000-68a8e4000000 ---p 00000000 00:00 0 
68a8e4000000-68a8e4158000 rw-p 00000000 00:00 0 
68a8e4158000-68a8e8000000 ---p 00000000 00:00 0 
68a8e8000000-68a8e873d000 rw-p 00000000 00:00 0 
68a8e873d000-68a8ec000000 ---p 00000000 00:00 0 
68a8ec000000-68a8ec6d5000 rw-p 00000000 00:00 0 
68a8ec6d5000-68a8f0000000 ---p 00000000 00:00 0 
68a8f0000000-68a8f070b000 rw-p 00000000 00:00 0 
68a8f070b000-68a8f4000000 ---p 00000000 00:00 0 
68a8f4000000-68a8f477b000 rw-p 00000000 00:00 0 
68a8f477b000-68a8f8000000 ---p 00000000 00:00 0 
68a8f8000000-68a8f8021000 rw-p 00000000 00:00 0 
68a8f8021000-68a8fc000000 ---p 00000000 00:00 0 
68a8fc000000-68a8fc021000 rw-p 00000000 00:00 0 
68a8fc021000-68a900000000 ---p 00000000 00:00 0 
68a900000000-68a900021000 rw-p 00000000 00:00 0 
68a900021000-68a904000000 ---p 00000000 00:00 0 
68a904000000-68a904021000 rw-p 00000000 00:00 0 
68a904021000-68a908000000 ---p 00000000 00:00 0 
68a908000000-68a908021000 rw-p 00000000 00:00 0 
68a908021000-68a90c000000 ---p 00000000 00:00 0 
68a90c000000-68a90c05a000 rw-p 00000000 00:00 0 
68a90c05a000-68a910000000 ---p 00000000 00:00 0 
68a910000000-68a910021000 rw-p 00000000 00:00 0 
68a910021000-68a914000000 ---p 00000000 00:00 0 
68a914000000-68a914027000 rw-p 00000000 00:00 0 
68a914027000-68a918000000 ---p 00000000 00:00 0 
68a918000000-68a918029000 rw-p 00000000 00:00 0 
68a918029000-68a91c000000 ---p 00000000 00:00 0 
68a91c000000-68a91c021000 rw-p 00000000 00:00 0 
68a91c021000-68a920000000 ---p 00000000 00:00 0 
68a920000000-68a920021000 rw-p 00000000 00:00 0 
68a920021000-68a924000000 ---p 00000000 00:00 0 
68a924000000-68a924051000 rw-p 00000000 00:00 0 
68a924051000-68a928000000 ---p 00000000 00:00 0 
68a928000000-68a928037000 rw-p 00000000 00:00 0 
68a928037000-68a92c000000 ---p 00000000 00:00 0 
68a92c000000-68a92c021000 rw-p 00000000 00:00 0 
68a92c021000-68a930000000 ---p 00000000 00:00 0 
68a930000000-68a930021000 rw-p 00000000 00:00 0 
68a930021000-68a934000000 ---p 00000000 00:00 0 
68a934000000-68a934053000 rw-p 00000000 00:00 0 
68a934053000-68a938000000 ---p 00000000 00:00 0 
68a938000000-68a938021000 rw-p 00000000 00:00 0 
68a938021000-68a93c000000 ---p 00000000 00:00 0 
68a93c000000-68a93c021000 rw-p 00000000 00:00 0 
68a93c021000-68a940000000 ---p 00000000 00:00 0 
68a940000000-68a940021000 rw-p 00000000 00:00 0 
68a940021000-68a944000000 ---p 00000000 00:00 0 
68a944000000-68a944021000 rw-p 00000000 00:00 0 
68a944021000-68a948000000 ---p 00000000 00:00 0 
68a948000000-68a94803e000 rw-p 00000000 00:00 0 
68a94803e000-68a94c000000 ---p 00000000 00:00 0 
68a94c000000-68a94c021000 rw-p 00000000 00:00 0 
68a94c021000-68a950000000 ---p 00000000 00:00 0 
68a950000000-68a950021000 rw-p 00000000 00:00 0 
68a950021000-68a954000000 ---p 00000000 00:00 0 
68a954000000-68a954021000 rw-p 00000000 00:00 0 
68a954021000-68a958000000 ---p 00000000 00:00 0 
68a958000000-68a958021000 rw-p 00000000 00:00 0 
68a958021000-68a95c000000 ---p 00000000 00:00 0 
68a95c000000-68a95c021000 rw-p 00000000 00:00 0 
68a95c021000-68a960000000 ---p 00000000 00:00 0 
68a960000000-68a960021000 rw-p 00000000 00:00 0 
68a960021000-68a964000000 ---p 00000000 00:00 0 
68a964000000-68a964021000 rw-p 00000000 00:00 0 
68a964021000-68a968000000 ---p 00000000 00:00 0 
68a968000000-68a968021000 rw-p 00000000 00:00 0 
68a968021000-68a96c000000 ---p 00000000 00:00 0 
68a96c000000-68a96c021000 rw-p 00000000 00:00 0 
68a96c021000-68a970000000 ---p 00000000 00:00 0 
68a970000000-68a970021000 rw-p 00000000 00:00 0 
68a970021000-68a974000000 ---p 00000000 00:00 0 
68a974000000-68a97402d000 rw-p 00000000 00:00 0 
68a97402d000-68a978000000 ---p 00000000 00:00 0 
68a978000000-68a978825000 rw-p 00000000 00:00 0 
68a978825000-68a97c000000 ---p 00000000 00:00 0 
68a97c000000-68a97c286000 rw-p 00000000 00:00 0 
68a97c286000-68a980000000 ---p 00000000 00:00 0 
68a980000000-68a980021000 rw-p 00000000 00:00 0 
68a980021000-68a984000000 ---p 00000000 00:00 0 
68a984000000-68a984021000 rw-p 00000000 00:00 0 
68a984021000-68a988000000 ---p 00000000 00:00 0 
68a988000000-68a9882c3000 rw-p 00000000 00:00 0 
68a9882c3000-68a98c000000 ---p 00000000 00:00 0 
68a98c000000-68a98c201000 rw-p 00000000 00:00 0 
68a98c201000-68a990000000 ---p 00000000 00:00 0 
68a990000000-68a990c6d000 rw-p 00000000 00:00 0 
68a990c6d000-68a994000000 ---p 00000000 00:00 0 
68a994000000-68a9943f1000 rw-p 00000000 00:00 0 
68a9943f1000-68a998000000 ---p 00000000 00:00 0 
68a998000000-68a998021000 rw-p 00000000 00:00 0 
68a998021000-68a99c000000 ---p 00000000 00:00 0 
68a99c000000-68a99c021000 rw-p 00000000 00:00 0 
68a99c021000-68a9a0000000 ---p 00000000 00:00 0 
68a9a0000000-68a9a004b000 rw-p 00000000 00:00 0 
68a9a004b000-68a9a4000000 ---p 00000000 00:00 0 
68a9a4000000-68a9a4021000 rw-p 00000000 00:00 0 
68a9a4021000-68a9a8000000 ---p 00000000 00:00 0 
68a9a8000000-68a9a803a000 rw-p 00000000 00:00 0 
68a9a803a000-68a9ac000000 ---p 00000000 00:00 0 
68a9ac000000-68a9ac1bf000 rw-p 00000000 00:00 0 
68a9ac1bf000-68a9b0000000 ---p 00000000 00:00 0 
68a9b0000000-68a9b003a000 rw-p 00000000 00:00 0 
68a9b003a000-68a9b4000000 ---p 00000000 00:00 0 
68a9b4000000-68a9b403c000 rw-p 00000000 00:00 0 
68a9b403c000-68a9b8000000 ---p 00000000 00:00 0 
68a9b8000000-68a9b8030000 rw-p 00000000 00:00 0 
68a9b8030000-68a9bc000000 ---p 00000000 00:00 0 
68a9bc000000-68a9bc03b000 rw-p 00000000 00:00 0 
68a9bc03b000-68a9c0000000 ---p 00000000 00:00 0 
68a9c0000000-68a9c0022000 rw-p 00000000 00:00 0 
68a9c0022000-68a9c4000000 ---p 00000000 00:00 0 
68a9c4000000-68a9c4023000 rw-p 00000000 00:00 0 
68a9c4023000-68a9c8000000 ---p 00000000 00:00 0 
68a9c8000000-68a9c8033000 rw-p 00000000 00:00 0 
68a9c8033000-68a9cc000000 ---p 00000000 00:00 0 
68a9cc000000-68a9cc023000 rw-p 00000000 00:00 0 
68a9cc023000-68a9d0000000 ---p 00000000 00:00 0 
68a9d0000000-68a9d0026000 rw-p 00000000 00:00 0 
68a9d0026000-68a9d4000000 ---p 00000000 00:00 0 
68a9d4000000-68a9d4042000 rw-p 00000000 00:00 0 
68a9d4042000-68a9d8000000 ---p 00000000 00:00 0 
68a9d8000000-68a9d802b000 rw-p 00000000 00:00 0 
68a9d802b000-68a9dc000000 ---p 00000000 00:00 0 
68a9dc000000-68a9dc032000 rw-p 00000000 00:00 0 
68a9dc032000-68a9e0000000 ---p 00000000 00:00 0 
68a9e0000000-68a9e0032000 rw-p 00000000 00:00 0 
68a9e0032000-68a9e4000000 ---p 00000000 00:00 0 
68a9e4000000-68a9e4022000 rw-p 00000000 00:00 0 
68a9e4022000-68a9e8000000 ---p 00000000 00:00 0 
68a9e8000000-68a9e819c000 rw-p 00000000 00:00 0 
68a9e819c000-68a9ec000000 ---p 00000000 00:00 0 
68a9ec000000-68a9ec02b000 rw-p 00000000 00:00 0 
68a9ec02b000-68a9f0000000 ---p 00000000 00:00 0 
68a9f0000000-68a9f0048000 rw-p 00000000 00:00 0 
68a9f0048000-68a9f4000000 ---p 00000000 00:00 0 
68a9f4000000-68a9f4104000 rw-p 00000000 00:00 0 
68a9f4104000-68a9f8000000 ---p 00000000 00:00 0 
68a9f8000000-68a9f802b000 rw-p 00000000 00:00 0 
68a9f802b000-68a9fc000000 ---p 00000000 00:00 0 
68a9fc000000-68a9fc022000 rw-p 00000000 00:00 0 
68a9fc022000-68aa00000000 ---p 00000000 00:00 0 
68aa00000000-68aa00021000 rw-p 00000000 00:00 0 
68aa00021000-68aa04000000 ---p 00000000 00:00 0 
68aa04000000-68aa04021000 rw-p 00000000 00:00 0 
68aa04021000-68aa08000000 ---p 00000000 00:00 0 
68aa08000000-68aa08021000 rw-p 00000000 00:00 0 
68aa08021000-68aa0c000000 ---p 00000000 00:00 0 
68aa0c000000-68aa0c021000 rw-p 00000000 00:00 0 
68aa0c021000-68aa10000000 ---p 00000000 00:00 0 
68aa10000000-68aa10280000 rw-p 00000000 00:00 0 
68aa10280000-68aa10400000 ---p 00000000 00:00 0 
68aa10400000-68aa108c0000 rw-p 00000000 00:00 0 
68aa108c0000-68aa14000000 ---p 00000000 00:00 0 
68aa14000000-68aa14021000 rw-p 00000000 00:00 0 
68aa14021000-68aa18000000 ---p 00000000 00:00 0 
68aa187e1000-68aa187e2000 ---p 00000000 00:00 0 
68aa187e2000-68aa189e2000 rw-p 00000000 00:00 0 
68aa18d00000-68aa18d04000 ---p 00000000 00:00 0 
68aa18d04000-68aa18e00000 rw-p 00000000 00:00 0 
68aa18e00000-68aa18e04000 ---p 00000000 00:00 0 
68aa18e04000-68aa18f00000 rw-p 00000000 00:00 0 
68aa18f00000-68aa18f04000 ---p 00000000 00:00 0 
68aa18f04000-68aa19000000 rw-p 00000000 00:00 0 
68aa19000000-68aa19004000 ---p 00000000 00:00 0 
68aa19004000-68aa19100000 rw-p 00000000 00:00 0 
68aa19100000-68aa19104000 ---p 00000000 00:00 0 
68aa19104000-68aa19200000 rw-p 00000000 00:00 0 
68aa19200000-68aa19204000 ---p 00000000 00:00 0 
68aa19204000-68aa19300000 rw-p 00000000 00:00 0 
68aa19300000-68aa19304000 ---p 00000000 00:00 0 
68aa19304000-68aa19400000 rw-p 00000000 00:00 0 
68aa19400000-68aa19404000 ---p 00000000 00:00 0 
68aa19404000-68aa19500000 rw-p 00000000 00:00 0 
68aa19500000-68aa19504000 ---p 00000000 00:00 0 
68aa19504000-68aa19600000 rw-p 00000000 00:00 0 
68aa19600000-68aa19604000 ---p 00000000 00:00 0 
68aa19604000-68aa19700000 rw-p 00000000 00:00 0 
68aa19700000-68aa19704000 ---p 00000000 00:00 0 
68aa19704000-68aa19800000 rw-p 00000000 00:00 0 
68aa19800000-68aa19804000 ---p 00000000 00:00 0 
68aa19804000-68aa19900000 rw-p 00000000 00:00 0 
68aa19900000-68aa19904000 ---p 00000000 00:00 0 
68aa19904000-68aa19a00000 rw-p 00000000 00:00 0 
68aa19a00000-68aa19a04000 ---p 00000000 00:00 0 
68aa19a04000-68aa19b00000 rw-p 00000000 00:00 0 
68aa19b00000-68aa19b04000 ---p 00000000 00:00 0 
68aa19b04000-68aa19c00000 rw-p 00000000 00:00 0 
68aa19c00000-68aa19c04000 ---p 00000000 00:00 0 
68aa19c04000-68aa19d00000 rw-p 00000000 00:00 0 
68aa19d00000-68aa19d04000 ---p 00000000 00:00 0 
68aa19d04000-68aa19e00000 rw-p 00000000 00:00 0 
68aa19e00000-68aa19e04000 ---p 00000000 00:00 0 
68aa19e04000-68aa19f00000 rw-p 00000000 00:00 0 
68aa19f00000-68aa19f04000 ---p 00000000 00:00 0 
68aa19f04000-68aa1a000000 rw-p 00000000 00:00 0 
68aa1a000000-68aa1a004000 ---p 00000000 00:00 0 
68aa1a004000-68aa1a100000 rw-p 00000000 00:00 0 
68aa1a100000-68aa1a104000 ---p 00000000 00:00 0 
68aa1a104000-68aa1a200000 rw-p 00000000 00:00 0 
68aa1a200000-68aa1a204000 ---p 00000000 00:00 0 
68aa1a204000-68aa1a300000 rw-p 00000000 00:00 0 
68aa1a300000-68aa1a304000 ---p 00000000 00:00 0 
68aa1a304000-68aa1a400000 rw-p 00000000 00:00 0 
68aa1a400000-68aa1a404000 ---p 00000000 00:00 0 
68aa1a404000-68aa1a500000 rw-p 00000000 00:00 0 
68aa1a500000-68aa1a504000 ---p 00000000 00:00 0 
68aa1a504000-68aa1a600000 rw-p 00000000 00:00 0 
68aa1a600000-68aa1a604000 ---p 00000000 00:00 0 
68aa1a604000-68aa1a700000 rw-p 00000000 00:00 0 
68aa1a700000-68aa1a704000 ---p 00000000 00:00 0 
68aa1a704000-68aa1a800000 rw-p 00000000 00:00 0 
68aa1a800000-68aa1a804000 ---p 00000000 00:00 0 
68aa1a804000-68aa1a900000 rw-p 00000000 00:00 0 
68aa1a900000-68aa1a904000 ---p 00000000 00:00 0 
68aa1a904000-68aa1aa00000 rw-p 00000000 00:00 0 
68aa1aa00000-68aa1aa04000 ---p 00000000 00:00 0 
68aa1aa04000-68aa1ab00000 rw-p 00000000 00:00 0 
68aa1ab00000-68aa1ab04000 ---p 00000000 00:00 0 
68aa1ab04000-68aa1ac00000 rw-p 00000000 00:00 0 
68aa1ac00000-68aa1ac04000 ---p 00000000 00:00 0 
68aa1ac04000-68aa1ad00000 rw-p 00000000 00:00 0 
68aa1ad00000-68aa1ad04000 ---p 00000000 00:00 0 
68aa1ad04000-68aa1ae00000 rw-p 00000000 00:00 0 
68aa1ae00000-68aa1ae04000 ---p 00000000 00:00 0 
68aa1ae04000-68aa1af00000 rw-p 00000000 00:00 0 
68aa1af00000-68aa1af04000 ---p 00000000 00:00 0 
68aa1af04000-68aa1b000000 rw-p 00000000 00:00 0 
68aa1b000000-68aa1bca3000 rw-p 00001000 fc:00 49677004                   /mydata/openjdk-mmtk/build/b0test/images/jdk/lib/server/classes.jsa
68aa1bca3000-68aa1c000000 ---p 00000000 00:00 0 
68aa1c000000-68aa1c040000 rw-p 00000000 00:00 0 
68aa1c040000-68aa1c110000 rw-p 00000000 00:00 0 
68aa1c110000-68aa5c000000 ---p 00000000 00:00 0 
68aa5c000000-68aa5c021000 rw-p 00000000 00:00 0 
68aa5c021000-68aa60000000 ---p 00000000 00:00 0 
68aa600ff000-68aa60103000 ---p 00000000 00:00 0 
68aa60103000-68aa601ff000 rw-p 00000000 00:00 0 
68aa601ff000-68aa60203000 ---p 00000000 00:00 0 
68aa60203000-68aa602ff000 rw-p 00000000 00:00 0 
68aa602ff000-68aa60303000 ---p 00000000 00:00 0 
68aa60303000-68aa603ff000 rw-p 00000000 00:00 0 
68aa603ff000-68aa60403000 ---p 00000000 00:00 0 
68aa60403000-68aa604ff000 rw-p 00000000 00:00 0 
68aa604ff000-68aa60503000 ---p 00000000 00:00 0 
68aa60503000-68aa605ff000 rw-p 00000000 00:00 0 
68aa605ff000-68aa60600000 ---p 00000000 00:00 0 
68aa60600000-68aa60604000 ---p 00000000 00:00 0 
68aa60604000-68aa60800000 rw-p 00000000 00:00 0 
68aa60800000-68aa60804000 ---p 00000000 00:00 0 
68aa60804000-68aa60900000 rw-p 00000000 00:00 0 
68aa60900000-68aa60904000 ---p 00000000 00:00 0 
68aa60904000-68aa60a00000 rw-p 00000000 00:00 0 
68aa60a00000-68aa60a04000 ---p 00000000 00:00 0 
68aa60a04000-68aa60b00000 rw-p 00000000 00:00 0 
68aa60b00000-68aa60b04000 ---p 00000000 00:00 0 
68aa60b04000-68aa60c00000 rw-p 00000000 00:00 0 
68aa60c00000-68aa60c04000 ---p 00000000 00:00 0 
68aa60c04000-68aa60d00000 rw-p 00000000 00:00 0 
68aa60d00000-68aa60d04000 ---p 00000000 00:00 0 
68aa60d04000-68aa60e00000 rw-p 00000000 00:00 0 
68aa60e00000-68aa60e04000 ---p 00000000 00:00 0 
68aa60e04000-68aa60f00000 rw-p 00000000 00:00 0 
68aa60f00000-68aa60f04000 ---p 00000000 00:00 0 
68aa60f04000-68aa61000000 rw-p 00000000 00:00 0 
68aa61000000-68aa61004000 ---p 00000000 00:00 0 
68aa61004000-68aa61100000 rw-p 00000000 00:00 0 
68aa61100000-68aa61104000 ---p 00000000 00:00 0 
68aa61104000-68aa61200000 rw-p 00000000 00:00 0 
68aa61200000-68aa64200000 rw-p 00000000 00:00 0 
68aa642fc000-68aa64300000 ---p 00000000 00:00 0 
68aa64300000-68aa643fc000 rw-p 00000000 00:00 0 
68aa643fc000-68aa94400000 rw-p 00000000 00:00 0 
68aa94400000-68aa95400000 ---p 00000000 00:00 0                          [anon:mmtk:sidemeta:all:all-quarantined]
68aa95400000-68aa95800000 rw-p 00000000 00:00 0                          [anon:mmtk:sidemeta:immix:VO_BIT]
68aa95800000-68aa95c00000 rw-p 00000000 00:00 0                          [anon:mmtk:sidemeta:los:VO_BIT]
68aa95c00000-6aaa96400000 ---p 00000000 00:00 0                          [anon:mmtk:sidemeta:all:all-quarantined]
6aaa96400000-6aaa96800000 rw-p 00000000 00:00 0                          [anon:mmtk:sidemeta:immix:CHUNK_MARK]
6aaa96800000-6aaa99400000 ---p 00000000 00:00 0                          [anon:mmtk:sidemeta:all:all-quarantined]
6aaa99400000-6aaa99800000 rw-p 00000000 00:00 0                          [anon:mmtk:sidemeta:immix:VMGlobalLogBitSpec]
6aaa99800000-6aaa99c00000 rw-p 00000000 00:00 0                          [anon:mmtk:sidemeta:los:VMGlobalLogBitSpec]
6aaa99c00000-6cb298800000 ---p 00000000 00:00 0                          [anon:mmtk:sidemeta:all:all-quarantined]
6cb298800000-6cb298c00000 rw-p 00000000 00:00 0                          [anon:mmtk:sidemeta:immix:IX_LINE_MARK]
6cb298c00000-6d3298400000 ---p 00000000 00:00 0                          [anon:mmtk:sidemeta:all:all-quarantined]
6d3298400000-6d3298800000 rw-p 00000000 00:00 0                          [anon:mmtk:sidemeta:immix:IX_BLOCK_DEFRAG]
6d3298800000-6d3398400000 ---p 00000000 00:00 0                          [anon:mmtk:sidemeta:all:all-quarantined]
6d3398400000-6d3398800000 rw-p 00000000 00:00 0                          [anon:mmtk:sidemeta:immix:IX_BLOCK_MARK]
6d3398800000-735518400000 ---p 00000000 00:00 0                          [anon:mmtk:sidemeta:all:all-quarantined]
735518400000-735518800000 rw-p 00000000 00:00 0                          [anon:mmtk:sidemeta:los:VMLocalLOSMarkNurserySpec]
735518800000-735719400000 ---p 00000000 00:00 0                          [anon:mmtk:sidemeta:all:all-quarantined]
735719400000-735719c00000 rw-p 00000000 00:00 0                          [anon:mmtk:sidemeta:immix:VMLocalMarkBitSpec]
735719c00000-755718400000 ---p 00000000 00:00 0                          [anon:mmtk:sidemeta:all:all-quarantined]
7557184fc000-7557184fd000 ---p 00000000 00:00 0 
7557184fd000-7557185fd000 rw-p 00000000 00:00 0 
7557185fd000-7557185fe000 ---p 00000000 00:00 0 
7557185fe000-7557186fe000 rw-p 00000000 00:00 0 
7557186fe000-7557186ff000 ---p 00000000 00:00 0 
7557186ff000-7557187ff000 rw-p 00000000 00:00 0 
7557187ff000-755738800000 rw-p 00000000 00:00 0 
755738800000-755738e70000 rwxp 00000000 00:00 0 
755738e70000-75573fc17000 ---p 00000000 00:00 0 
75573fc17000-75573ffa7000 rwxp 00000000 00:00 0 
75573ffa7000-7557403e8000 ---p 00000000 00:00 0 
7557403e8000-755740658000 rwxp 00000000 00:00 0 
755740658000-755747800000 ---p 00000000 00:00 0 
755747800000-75574ffa0000 r--s 00000000 fc:00 49676291                   /mydata/openjdk-mmtk/build/b0test/images/jdk/lib/modules
755750000000-7557507f0000 rw-p 00000000 00:00 0 
7557507f0000-755754000000 ---p 00000000 00:00 0 
75575401b000-755754020000 r--p 00000000 fc:00 49676385                   /mydata/openjdk-mmtk/build/b0test/images/jdk/lib/libjsvml.so
755754020000-755754061000 r-xp 00005000 fc:00 49676385                   /mydata/openjdk-mmtk/build/b0test/images/jdk/lib/libjsvml.so
755754061000-7557540ea000 r--p 00046000 fc:00 49676385                   /mydata/openjdk-mmtk/build/b0test/images/jdk/lib/libjsvml.so
7557540ea000-7557540eb000 r--p 000ce000 fc:00 49676385                   /mydata/openjdk-mmtk/build/b0test/images/jdk/lib/libjsvml.so
7557540eb000-7557540ec000 rw-p 000cf000 fc:00 49676385                   /mydata/openjdk-mmtk/build/b0test/images/jdk/lib/libjsvml.so
7557540ec000-7557540ed000 ---p 00000000 00:00 0 
7557540ed000-7557541ed000 rw-p 00000000 00:00 0 
7557541ed000-7557541ee000 ---p 00000000 00:00 0 
7557541ee000-7557542ee000 rw-p 00000000 00:00 0 
7557542ee000-7557542ef000 ---p 00000000 00:00 0 
7557542ef000-7557543ef000 rw-p 00000000 00:00 0 
7557543ef000-7557543f0000 ---p 00000000 00:00 0 
7557543f0000-7557544f0000 rw-p 00000000 00:00 0 
7557544f0000-7557544f1000 ---p 00000000 00:00 0 
7557544f1000-7557545f1000 rw-p 00000000 00:00 0 
7557545f1000-7557545f2000 ---p 00000000 00:00 0 
7557545f2000-7557546f2000 rw-p 00000000 00:00 0 
7557546f2000-7557546f3000 ---p 00000000 00:00 0 
7557546f3000-7557547f3000 rw-p 00000000 00:00 0 
7557547f3000-7557547f4000 ---p 00000000 00:00 0 
7557547f4000-7557548f4000 rw-p 00000000 00:00 0 
7557548f4000-7557548f5000 ---p 00000000 00:00 0 
7557548f5000-7557549f5000 rw-p 00000000 00:00 0 
7557549f5000-7557549f6000 ---p 00000000 00:00 0 
7557549f6000-755754af6000 rw-p 00000000 00:00 0 
755754af6000-755754af7000 ---p 00000000 00:00 0 
755754af7000-755754bf7000 rw-p 00000000 00:00 0 
755754bf7000-755754bf8000 ---p 00000000 00:00 0 
755754bf8000-755754cf8000 rw-p 00000000 00:00 0 
755754cf8000-755754cf9000 ---p 00000000 00:00 0 
755754cf9000-755754df9000 rw-p 00000000 00:00 0 
755754df9000-755754dfa000 ---p 00000000 00:00 0 
755754dfa000-755754efa000 rw-p 00000000 00:00 0 
755754efa000-755754efb000 ---p 00000000 00:00 0 
755754efb000-755754ffb000 rw-p 00000000 00:00 0 
755754ffb000-755754ffc000 ---p 00000000 00:00 0 
755754ffc000-7557550fc000 rw-p 00000000 00:00 0 
7557550fc000-7557550fd000 ---p 00000000 00:00 0 
7557550fd000-7557551fd000 rw-p 00000000 00:00 0 
7557551fd000-7557551fe000 ---p 00000000 00:00 0 
7557551fe000-7557552fe000 rw-p 00000000 00:00 0 
7557552fe000-7557552ff000 ---p 00000000 00:00 0 
7557552ff000-7557553ff000 rw-p 00000000 00:00 0 
7557553ff000-755755400000 ---p 00000000 00:00 0 
755755400000-755755500000 rw-p 00000000 00:00 0 
755755500000-755755504000 ---p 00000000 00:00 0 
755755504000-755755600000 rw-p 00000000 00:00 0 
755755600000-755755604000 ---p 00000000 00:00 0 
755755604000-755755700000 rw-p 00000000 00:00 0 
755755700000-755755704000 ---p 00000000 00:00 0 
755755704000-755755800000 rw-p 00000000 00:00 0 
755755800000-755755aeb000 r--p 00000000 08:03 1410552                    /usr/lib/locale/locale-archive
755755afc000-755755afd000 ---p 00000000 00:00 0 
755755afd000-755755bfd000 rw-p 00000000 00:00 0 
755755bfd000-755755bfe000 ---p 00000000 00:00 0 
755755bfe000-755755cfe000 rw-p 00000000 00:00 0 
755755cfe000-755755cff000 ---p 00000000 00:00 0 
755755cff000-755755dff000 rw-p 00000000 00:00 0 
755755dff000-755756400000 rw-p 00000000 00:00 0 
755756400000-75575640c000 r--p 00000000 fc:00 13107225                   /mydata/gc-bpf-fault/shim/libgcbpf.so
75575640c000-75575646e000 r-xp 0000c000 fc:00 13107225                   /mydata/gc-bpf-fault/shim/libgcbpf.so
75575646e000-75575661b000 r--p 0006e000 fc:00 13107225                   /mydata/gc-bpf-fault/shim/libgcbpf.so
75575661b000-75575661d000 r--p 0021b000 fc:00 13107225                   /mydata/gc-bpf-fault/shim/libgcbpf.so
75575661d000-75575661e000 rw-p 0021d000 fc:00 13107225                   /mydata/gc-bpf-fault/shim/libgcbpf.so
75575661e000-75575661f000 rw-p 00000000 00:00 0 
75575665d000-755756661000 r--p 00000000 08:03 1410107                    /usr/lib/x86_64-linux-gnu/libzstd.so.1.5.5
755756661000-755756708000 r-xp 00004000 08:03 1410107                    /usr/lib/x86_64-linux-gnu/libzstd.so.1.5.5
755756708000-755756715000 r--p 000ab000 08:03 1410107                    /usr/lib/x86_64-linux-gnu/libzstd.so.1.5.5
755756715000-755756716000 r--p 000b7000 08:03 1410107                    /usr/lib/x86_64-linux-gnu/libzstd.so.1.5.5
755756716000-755756717000 rw-p 000b8000 08:03 1410107                    /usr/lib/x86_64-linux-gnu/libzstd.so.1.5.5
755756717000-75575671c000 rw-p 00000000 00:00 0 
75575671c000-755756800000 ---p 00000000 00:00 0 
755756800000-755756948000 r--p 00000000 fc:00 49676344                   /mydata/openjdk-mmtk/build/b0test/images/jdk/lib/server/libmmtk_openjdk.so
755756948000-755756bc1000 r-xp 00147000 fc:00 49676344                   /mydata/openjdk-mmtk/build/b0test/images/jdk/lib/server/libmmtk_openjdk.so
755756bc1000-755756c02000 r--p 003bf000 fc:00 49676344                   /mydata/openjdk-mmtk/build/b0test/images/jdk/lib/server/libmmtk_openjdk.so
755756c02000-755756c04000 rw-p 003ff000 fc:00 49676344                   /mydata/openjdk-mmtk/build/b0test/images/jdk/lib/server/libmmtk_openjdk.so
755756c04000-755756c07000 rw-p 00000000 00:00 0 
755756c10000-755756c17000 r--s 00000000 08:03 1436340                    /usr/lib/x86_64-linux-gnu/gconv/gconv-modules.cache
755756c17000-755756c24000 rw-p 00000000 00:00 0 
755756c24000-755756d00000 ---p 00000000 00:00 0 
755756d00000-755756d04000 ---p 00000000 00:00 0 
755756d04000-755756e00000 rw-p 00000000 00:00 0 
755756e00000-7557570a9000 r--p 00000000 fc:00 49676343                   /mydata/openjdk-mmtk/build/b0test/images/jdk/lib/server/libjvm.so
7557570a9000-755757f3c000 r-xp 002a9000 fc:00 49676343                   /mydata/openjdk-mmtk/build/b0test/images/jdk/lib/server/libjvm.so
755757f3c000-755758220000 r--p 0113c000 fc:00 49676343                   /mydata/openjdk-mmtk/build/b0test/images/jdk/lib/server/libjvm.so
755758220000-7557582f6000 r--p 0141f000 fc:00 49676343                   /mydata/openjdk-mmtk/build/b0test/images/jdk/lib/server/libjvm.so
7557582f6000-755758326000 rw-p 014f5000 fc:00 49676343                   /mydata/openjdk-mmtk/build/b0test/images/jdk/lib/server/libjvm.so
755758326000-75575838c000 rw-p 00000000 00:00 0 
75575838c000-755758390000 r--p 00000000 fc:00 49676334                   /mydata/openjdk-mmtk/build/b0test/images/jdk/lib/libverify.so
755758390000-755758397000 r-xp 00004000 fc:00 49676334                   /mydata/openjdk-mmtk/build/b0test/images/jdk/lib/libverify.so
755758397000-755758399000 r--p 0000b000 fc:00 49676334                   /mydata/openjdk-mmtk/build/b0test/images/jdk/lib/libverify.so
755758399000-75575839b000 r--p 0000c000 fc:00 49676334                   /mydata/openjdk-mmtk/build/b0test/images/jdk/lib/libverify.so
75575839b000-75575839c000 rw-p 0000e000 fc:00 49676334                   /mydata/openjdk-mmtk/build/b0test/images/jdk/lib/libverify.so
75575839c000-75575839e000 r--p 00000000 fc:00 49676335                   /mydata/openjdk-mmtk/build/b0test/images/jdk/lib/libzip.so
75575839e000-7557583a3000 r-xp 00002000 fc:00 49676335                   /mydata/openjdk-mmtk/build/b0test/images/jdk/lib/libzip.so
7557583a3000-7557583a5000 r--p 00007000 fc:00 49676335                   /mydata/openjdk-mmtk/build/b0test/images/jdk/lib/libzip.so
7557583a5000-7557583a6000 r--p 00008000 fc:00 49676335                   /mydata/openjdk-mmtk/build/b0test/images/jdk/lib/libzip.so
7557583a6000-7557583a7000 rw-p 00009000 fc:00 49676335                   /mydata/openjdk-mmtk/build/b0test/images/jdk/lib/libzip.so
7557583a7000-7557583ae000 r--p 00000000 fc:00 49676332                   /mydata/openjdk-mmtk/build/b0test/images/jdk/lib/libnio.so
7557583ae000-7557583b7000 r-xp 00007000 fc:00 49676332                   /mydata/openjdk-mmtk/build/b0test/images/jdk/lib/libnio.so
7557583b7000-7557583bb000 r--p 00010000 fc:00 49676332                   /mydata/openjdk-mmtk/build/b0test/images/jdk/lib/libnio.so
7557583bb000-7557583bc000 r--p 00014000 fc:00 49676332                   /mydata/openjdk-mmtk/build/b0test/images/jdk/lib/libnio.so
7557583bc000-7557583bd000 rw-p 00015000 fc:00 49676332                   /mydata/openjdk-mmtk/build/b0test/images/jdk/lib/libnio.so
7557583bd000-7557583c0000 r--p 00000000 08:03 1410420                    /usr/lib/x86_64-linux-gnu/libelf-0.190.so
7557583c0000-7557583d6000 r-xp 00003000 08:03 1410420                    /usr/lib/x86_64-linux-gnu/libelf-0.190.so
7557583d6000-7557583da000 r--p 00019000 08:03 1410420                    /usr/lib/x86_64-linux-gnu/libelf-0.190.so
7557583da000-7557583db000 r--p 0001c000 08:03 1410420                    /usr/lib/x86_64-linux-gnu/libelf-0.190.so
7557583db000-7557583dc000 rw-p 0001d000 08:03 1410420                    /usr/lib/x86_64-linux-gnu/libelf-0.190.so
7557583dc000-7557583e9000 r--p 00000000 fc:00 49676327                   /mydata/openjdk-mmtk/build/b0test/images/jdk/lib/libjava.so
7557583e9000-7557583f8000 r-xp 0000d000 fc:00 49676327                   /mydata/openjdk-mmtk/build/b0test/images/jdk/lib/libjava.so
7557583f8000-7557583fd000 r--p 0001c000 fc:00 49676327                   /mydata/openjdk-mmtk/build/b0test/images/jdk/lib/libjava.so
7557583fd000-7557583fe000 r--p 00021000 fc:00 49676327                   /mydata/openjdk-mmtk/build/b0test/images/jdk/lib/libjava.so
7557583fe000-7557583ff000 rw-p 00022000 fc:00 49676327                   /mydata/openjdk-mmtk/build/b0test/images/jdk/lib/libjava.so
7557583ff000-755758400000 rw-p 00000000 00:00 0 
755758400000-755758428000 r--p 00000000 08:03 1410238                    /usr/lib/x86_64-linux-gnu/libc.so.6
755758428000-7557585b0000 r-xp 00028000 08:03 1410238                    /usr/lib/x86_64-linux-gnu/libc.so.6
7557585b0000-7557585ff000 r--p 001b0000 08:03 1410238                    /usr/lib/x86_64-linux-gnu/libc.so.6
7557585ff000-755758603000 r--p 001fe000 08:03 1410238                    /usr/lib/x86_64-linux-gnu/libc.so.6
755758603000-755758605000 rw-p 00202000 08:03 1410238                    /usr/lib/x86_64-linux-gnu/libc.so.6
755758605000-755758612000 rw-p 00000000 00:00 0 
755758613000-755758616000 r--p 00000000 fc:00 49676331                   /mydata/openjdk-mmtk/build/b0test/images/jdk/lib/libnet.so
755758616000-75575861e000 r-xp 00003000 fc:00 49676331                   /mydata/openjdk-mmtk/build/b0test/images/jdk/lib/libnet.so
75575861e000-755758620000 r--p 0000b000 fc:00 49676331                   /mydata/openjdk-mmtk/build/b0test/images/jdk/lib/libnet.so
755758620000-755758621000 r--p 0000c000 fc:00 49676331                   /mydata/openjdk-mmtk/build/b0test/images/jdk/lib/libnet.so
755758621000-755758622000 rw-p 0000d000 fc:00 49676331                   /mydata/openjdk-mmtk/build/b0test/images/jdk/lib/libnet.so
755758622000-75575862a000 rw-p 00000000 00:00 0 
75575862a000-755758632000 ---p 00000000 00:00 0 
755758632000-75575863a000 rw-s 00000000 08:03 237590                     /tmp/hsperfdata_root/282963
75575863a000-75575863e000 r--p 00000000 fc:00 49676328                   /mydata/openjdk-mmtk/build/b0test/images/jdk/lib/libjimage.so
75575863e000-755758655000 r-xp 00004000 fc:00 49676328                   /mydata/openjdk-mmtk/build/b0test/images/jdk/lib/libjimage.so
755758655000-75575865a000 r--p 0001b000 fc:00 49676328                   /mydata/openjdk-mmtk/build/b0test/images/jdk/lib/libjimage.so
75575865a000-75575865c000 r--p 00020000 fc:00 49676328                   /mydata/openjdk-mmtk/build/b0test/images/jdk/lib/libjimage.so
75575865c000-75575865d000 rw-p 00022000 fc:00 49676328                   /mydata/openjdk-mmtk/build/b0test/images/jdk/lib/libjimage.so
75575865d000-755758661000 r--p 00000000 08:03 1410148                    /usr/lib/x86_64-linux-gnu/libgcc_s.so.1
755758661000-755758685000 r-xp 00004000 08:03 1410148                    /usr/lib/x86_64-linux-gnu/libgcc_s.so.1
755758685000-755758689000 r--p 00028000 08:03 1410148                    /usr/lib/x86_64-linux-gnu/libgcc_s.so.1
755758689000-75575868a000 r--p 0002b000 08:03 1410148                    /usr/lib/x86_64-linux-gnu/libgcc_s.so.1
75575868a000-75575868b000 rw-p 0002c000 08:03 1410148                    /usr/lib/x86_64-linux-gnu/libgcc_s.so.1
75575868b000-75575869b000 r--p 00000000 08:03 1411099                    /usr/lib/x86_64-linux-gnu/libm.so.6
75575869b000-75575871a000 r-xp 00010000 08:03 1411099                    /usr/lib/x86_64-linux-gnu/libm.so.6
75575871a000-755758772000 r--p 0008f000 08:03 1411099                    /usr/lib/x86_64-linux-gnu/libm.so.6
755758772000-755758773000 r--p 000e7000 08:03 1411099                    /usr/lib/x86_64-linux-gnu/libm.so.6
755758773000-755758774000 rw-p 000e8000 08:03 1411099                    /usr/lib/x86_64-linux-gnu/libm.so.6
755758774000-755758776000 rw-p 00000000 00:00 0 
755758776000-755758778000 r--p 00000000 08:03 1409104                    /usr/lib/x86_64-linux-gnu/libz.so.1.3
755758778000-75575878a000 r-xp 00002000 08:03 1409104                    /usr/lib/x86_64-linux-gnu/libz.so.1.3
75575878a000-755758790000 r--p 00014000 08:03 1409104                    /usr/lib/x86_64-linux-gnu/libz.so.1.3
755758790000-755758791000 r--p 0001a000 08:03 1409104                    /usr/lib/x86_64-linux-gnu/libz.so.1.3
755758791000-755758792000 rw-p 0001b000 08:03 1409104                    /usr/lib/x86_64-linux-gnu/libz.so.1.3
755758797000-755758798000 rw-s 00000000 00:10 68                         anon_inode:bpf-map
755758798000-755758799000 r--s 00000000 00:10 68                         anon_inode:bpf-map
755758799000-75575879a000 ---p 00000000 00:00 0 
75575879a000-75575879b000 r--p 00000000 00:00 0 
75575879b000-75575879c000 ---p 00000000 00:00 0 
75575879c000-75575879e000 r--p 00000000 fc:00 49676329                   /mydata/openjdk-mmtk/build/b0test/images/jdk/lib/libjli.so
75575879e000-7557587a8000 r-xp 00002000 fc:00 49676329                   /mydata/openjdk-mmtk/build/b0test/images/jdk/lib/libjli.so
7557587a8000-7557587ab000 r--p 0000c000 fc:00 49676329                   /mydata/openjdk-mmtk/build/b0test/images/jdk/lib/libjli.so
7557587ab000-7557587ac000 r--p 0000f000 fc:00 49676329                   /mydata/openjdk-mmtk/build/b0test/images/jdk/lib/libjli.so
7557587ac000-7557587ad000 rw-p 00010000 fc:00 49676329                   /mydata/openjdk-mmtk/build/b0test/images/jdk/lib/libjli.so
7557587ad000-7557587af000 rw-p 00000000 00:00 0 
7557587af000-7557587b3000 r--p 00000000 00:00 0                          [vvar]
7557587b3000-7557587b5000 r--p 00000000 00:00 0                          [vvar_vclock]
7557587b5000-7557587b7000 r-xp 00000000 00:00 0                          [vdso]
7557587b7000-7557587b8000 r--p 00000000 08:03 1409763                    /usr/lib/x86_64-linux-gnu/ld-linux-x86-64.so.2
7557587b8000-7557587e3000 r-xp 00001000 08:03 1409763                    /usr/lib/x86_64-linux-gnu/ld-linux-x86-64.so.2
7557587e3000-7557587ed000 r--p 0002c000 08:03 1409763                    /usr/lib/x86_64-linux-gnu/ld-linux-x86-64.so.2
7557587ed000-7557587ef000 r--p 00036000 08:03 1409763                    /usr/lib/x86_64-linux-gnu/ld-linux-x86-64.so.2
7557587ef000-7557587f1000 rw-p 00038000 08:03 1409763                    /usr/lib/x86_64-linux-gnu/ld-linux-x86-64.so.2
7ffef0d11000-7ffef0d32000 rw-p 00000000 00:00 0                          [stack]
ffffffffff600000-ffffffffff601000 --xp 00000000 00:00 0                  [vsyscall]
Total number of mappings: 554

JVMTI agents: none


VM Arguments:
jvm_args: -XX:+UseThirdPartyHeap -Xms512m -Xmx512m 
java_command: /mydata/dacapo/dacapo-23.11/dacapo-23.11-MR2-chopin.jar xalan -n 3
java_class_path (initial): /mydata/dacapo/dacapo-23.11/dacapo-23.11-MR2-chopin.jar
Launcher Type: SUN_STANDARD

[Global flags]
     intx CICompilerCount                          = 15                                        {product} {ergonomic}
   size_t InitialHeapSize                          = 536870912                                 {product} {command line}
   size_t MaxHeapSize                              = 536870912                                 {product} {command line}
   size_t MinHeapDeltaBytes                        = 524288                                    {product} {ergonomic}
   size_t MinHeapSize                              = 536870912                                 {product} {command line}
    uintx NonNMethodCodeHeapSize                   = 8192380                                {pd product} {ergonomic}
    uintx NonProfiledCodeHeapSize                  = 121732930                              {pd product} {ergonomic}
    uintx ProfiledCodeHeapSize                     = 121732930                              {pd product} {ergonomic}
    uintx ReservedCodeCacheSize                    = 251658240                              {pd product} {ergonomic}
     bool SegmentedCodeCache                       = true                                      {product} {ergonomic}
   size_t SoftMaxHeapSize                          = 536870912                              {manageable} {ergonomic}
     bool UseCompressedOops                        = true                           {product lp64_product} {ergonomic}

Logging:
Log output configuration:
 #0: stdout all=warning uptime,level,tags foldmultilines=false
 #1: stderr all=off uptime,level,tags foldmultilines=false

Release file:
IMPLEMENTOR="N/A"
JAVA_RUNTIME_VERSION="21.0.9-internal-adhoc.talzuss.openjdk-mmtk"
JAVA_VERSION="21.0.9"
JAVA_VERSION_DATE="2025-10-21"
LIBC="gnu"
MODULES="java.base java.compiler java.datatransfer java.xml java.prefs java.desktop java.instrument java.logging java.management java.security.sasl java.naming java.rmi java.management.rmi java.net.http java.scripting java.security.jgss java.transaction.xa java.sql java.sql.rowset java.xml.crypto java.se java.smartcardio jdk.accessibility jdk.internal.jvmstat jdk.attach jdk.charsets jdk.internal.opt jdk.zipfs jdk.compiler jdk.crypto.ec jdk.crypto.cryptoki jdk.dynalink jdk.internal.ed jdk.editpad jdk.hotspot.agent jdk.httpserver jdk.incubator.vector jdk.internal.le jdk.internal.vm.ci jdk.internal.vm.compiler jdk.internal.vm.compiler.management jdk.jartool jdk.javadoc jdk.jcmd jdk.management jdk.management.agent jdk.jconsole jdk.jdeps jdk.jdwp.agent jdk.jdi jdk.jfr jdk.jlink jdk.jpackage jdk.jshell jdk.jsobject jdk.jstatd jdk.localedata jdk.management.jfr jdk.naming.dns jdk.naming.rmi jdk.net jdk.nio.mapmode jdk.random jdk.sctp jdk.security.auth jdk.security.jgss jdk.unsupported jdk.unsupported.desktop jdk.xml.dom"
OS_ARCH="x86_64"
OS_NAME="Linux"
SOURCE=".:git:b557520f04b3+"

Environment Variables:
PATH=/usr/local/sbin:/usr/local/bin:/usr/sbin:/usr/bin:/sbin:/bin:/snap/bin
SHELL=/bin/bash
LANG=en_US.UTF-8
TERM=tmux-256color

Active Locale:
LC_ALL=en_US.UTF-8
LC_COLLATE=en_US.UTF-8
LC_CTYPE=en_US.UTF-8
LC_MESSAGES=en_US.UTF-8
LC_MONETARY=en_US.UTF-8
LC_NUMERIC=en_US.UTF-8
LC_TIME=en_US.UTF-8

Signal Handlers:
   SIGSEGV: crash_handler in libjvm.so, mask=11100100010111111101111111111110, flags=SA_RESTART|SA_SIGINFO, unblocked
    SIGBUS: crash_handler in libjvm.so, mask=11100100010111111101111111111110, flags=SA_RESTART|SA_SIGINFO, unblocked
    SIGFPE: crash_handler in libjvm.so, mask=11100100010111111101111111111110, flags=SA_RESTART|SA_SIGINFO, unblocked
   SIGPIPE: javaSignalHandler in libjvm.so, mask=11100100010111111101111111111110, flags=SA_RESTART|SA_SIGINFO, blocked
   SIGXFSZ: javaSignalHandler in libjvm.so, mask=11100100010111111101111111111110, flags=SA_RESTART|SA_SIGINFO, blocked
    SIGILL: crash_handler in libjvm.so, mask=11100100010111111101111111111110, flags=SA_RESTART|SA_SIGINFO, unblocked
   SIGUSR2: SR_handler in libjvm.so, mask=00000000000000000000000000000000, flags=SA_RESTART|SA_SIGINFO, blocked
    SIGHUP: UserHandler in libjvm.so, mask=11100100010111111101111111111110, flags=SA_RESTART|SA_SIGINFO, blocked
    SIGINT: UserHandler in libjvm.so, mask=11100100010111111101111111111110, flags=SA_RESTART|SA_SIGINFO, blocked
   SIGTERM: UserHandler in libjvm.so, mask=11100100010111111101111111111110, flags=SA_RESTART|SA_SIGINFO, blocked
   SIGQUIT: UserHandler in libjvm.so, mask=11100100010111111101111111111110, flags=SA_RESTART|SA_SIGINFO, blocked
   SIGTRAP: crash_handler in libjvm.so, mask=11100100010111111101111111111110, flags=SA_RESTART|SA_SIGINFO, unblocked


Periodic native trim disabled

---------------  S Y S T E M  ---------------

OS:
DISTRIB_ID=Ubuntu
DISTRIB_RELEASE=24.04
DISTRIB_CODENAME=noble
DISTRIB_DESCRIPTION="Ubuntu 24.04.4 LTS"
uname: Linux 6.17.0-bpf-fault+ #1 SMP PREEMPT_DYNAMIC Mon Jul  6 16:43:12 MDT 2026 x86_64
OS uptime: 0 days 19:12 hours
libc: glibc 2.39 NPTL 2.39 
rlimit (soft/hard): STACK 8192k/infinity , CORE 0k/0k , NPROC 513205/513205 , NOFILE 1048576/1048576 , AS infinity/infinity , CPU infinity/infinity , DATA infinity/infinity , FSIZE infinity/infinity , MEMLOCK 16436528k/16436528k
load average: 1.15 0.84 0.66

/proc/meminfo:
MemTotal:       131492232 kB
MemFree:        82100776 kB
MemAvailable:   123875132 kB
Buffers:          508252 kB
Cached:         40673880 kB
SwapCached:            0 kB
Active:          2333208 kB
Inactive:       40372480 kB
Active(anon):    1540236 kB
Inactive(anon):        0 kB
Active(file):     792972 kB
Inactive(file): 40372480 kB
Unevictable:       41912 kB
Mlocked:           38840 kB
SwapTotal:       8388604 kB
SwapFree:        8388604 kB
Zswap:                 0 kB
Zswapped:              0 kB
Dirty:             12004 kB
Writeback:             0 kB
AnonPages:       1567096 kB
Mapped:          3390792 kB
Shmem:              5316 kB
KReclaimable:    1860140 kB
Slab:            2378076 kB
SReclaimable:    1860140 kB
SUnreclaim:       517936 kB
KernelStack:       10688 kB
PageTables:        28064 kB
SecPageTables:      8684 kB
NFS_Unstable:          0 kB
Bounce:                0 kB
WritebackTmp:          0 kB
CommitLimit:    74134720 kB
Committed_AS:   160075960 kB
VmallocTotal:   34359738367 kB
VmallocUsed:       36468 kB
VmallocChunk:          0 kB
Percpu:            48896 kB
HardwareCorrupted:     0 kB
AnonHugePages:         0 kB
ShmemHugePages:        0 kB
ShmemPmdMapped:        0 kB
FileHugePages:   2152448 kB
FilePmdMapped:         0 kB
Unaccepted:            0 kB
Balloon:               0 kB
HugePages_Total:       0
HugePages_Free:        0
HugePages_Rsvd:        0
HugePages_Surp:        0
Hugepagesize:       2048 kB
Hugetlb:               0 kB
DirectMap4k:      621376 kB
DirectMap2M:    18888704 kB
DirectMap1G:    114294784 kB

/sys/kernel/mm/transparent_hugepage/enabled: always [madvise] never
/sys/kernel/mm/transparent_hugepage/hpage_pmd_size: 2097152
/sys/kernel/mm/transparent_hugepage/defrag (defrag/compaction efforts parameter): always defer defer+madvise [madvise] never

Process Memory:
Virtual Size: 13620401408K (peak: 13620401408K)
Resident Set Size: 4185456K (peak: 4185456K) (anon: 1012240K, file: 3173216K, shmem: 0K)
Swapped out: 0K
C-Heap outstanding allocations: 1395910K, retained: 48985K
glibc malloc tunables: (default)

/proc/sys/kernel/threads-max (system-wide limit on the number of threads): 1026411
/proc/sys/vm/max_map_count (maximum number of memory map areas a process may have): 1048576
/proc/sys/vm/swappiness (control to define how aggressively the kernel swaps out anonymous memory): 60
/proc/sys/kernel/pid_max (system-wide limit on number of process identifiers): 4194304

container information not found.
Steal ticks since vm start: 0
Steal ticks percentage since vm start:  0.000

CPU: total 32 (initial active 32) (32 cores per cpu, 2 threads per core) family 23 model 49 stepping 0 microcode 0x830107c, cx8, cmov, fxsr, ht, mmx, 3dnowpref, sse, sse2, sse3, ssse3, sse4a, sse4.1, sse4.2, popcnt, lzcnt, tsc, tscinvbit, avx, avx2, aes, clmul, bmi1, bmi2, adx, sha, fma, vzeroupper, clflush, clflushopt, rdtscp, rdpid, f16c
CPU Model and flags from /proc/cpuinfo:
model name	: AMD EPYC 7302P 16-Core Processor
flags		: fpu vme de pse tsc msr pae mce cx8 apic sep mtrr pge mca cmov pat pse36 clflush mmx fxsr sse sse2 ht syscall nx mmxext fxsr_opt pdpe1gb rdtscp lm constant_tsc rep_good nopl xtopology nonstop_tsc cpuid extd_apicid aperfmperf rapl pni pclmulqdq monitor ssse3 fma cx16 sse4_1 sse4_2 movbe popcnt aes xsave avx f16c rdrand lahf_lm cmp_legacy svm extapic cr8_legacy abm sse4a misalignsse 3dnowprefetch osvw ibs skinit wdt tce topoext perfctr_core perfctr_nb bpext perfctr_llc mwaitx cpb cat_l3 cdp_l3 hw_pstate ssbd mba ibrs ibpb stibp vmmcall fsgsbase bmi1 avx2 smep bmi2 cqm rdt_a rdseed adx smap clflushopt clwb sha_ni xsaveopt xsavec xgetbv1 xsaves cqm_llc cqm_occup_llc cqm_mbm_total cqm_mbm_local clzero irperf xsaveerptr rdpru wbnoinvd amd_ppin arat npt lbrv svm_lock nrip_save tsc_scale vmcb_clean flushbyasid decodeassists pausefilter pfthreshold avic v_vmsave_vmload vgif v_spec_ctrl umip rdpid overflow_recov succor smca sev sev_es

Online cpus: 0-31
Offline cpus: 
BIOS frequency limitation: <Not Available>
Frequency switch latency (ns): <Not Available>
Available cpu frequencies: <Not Available>
Current governor: <Not Available>
Core performance/turbo boost: <Not Available>

Memory: 4k page, physical 131492232k(123875132k free), swap 8388604k(8388604k free)
Page Sizes: 4k

vm_info: OpenJDK 64-Bit Server VM (21.0.9-internal-adhoc.talzuss.openjdk-mmtk) for linux-amd64 JRE (21.0.9-internal-adhoc.talzuss.openjdk-mmtk), built on 2026-07-06T23:13:08Z by "talzuss" with gcc 13.3.0
heap_info: MMTk OpenJDK 0.32.0 (15c0350-dirty), using MMTk 0.32.0 (06c0b68-dirty, BUILTIN_ENV_LOGGER, DEFAULT, EAGER_SWEEPING, VO_BIT)B

END.
