#
# A fatal error has been detected by the Java Runtime Environment:
#
#  SIGSEGV (0xb) at pc=0x00007ac9b32a088e, pid=298766, tid=298781
#
# JRE version: OpenJDK Runtime Environment (21.0.9) (build 21.0.9-internal-adhoc.talzuss.openjdk-mmtk)
# Java VM: OpenJDK 64-Bit Server VM (21.0.9-internal-adhoc.talzuss.openjdk-mmtk, mixed mode, sharing, tiered, compressed oops, compressed class ptrs, third-party gc, linux-amd64)
# Problematic frame:
# C  [libmmtk_openjdk.so+0x2a088e]  _$LT$mmtk..plan..concurrent..immix..gc_work..SatbFinalDrain$LT$VM$GT$$u20$as$u20$mmtk..scheduler..work..GCWork$LT$VM$GT$$GT$::do_work::h99199484dacfec84+0x59e
#
# Core dump will be written. Default location: Core dumps may be processed with "/usr/share/apport/apport -p%p -s%s -c%c -d%d -P%P -u%u -g%g -F%F -- %E" (or dumping to /mydata/mmtk-core/core.298766)
#
# If you would like to submit a bug report, please visit:
#   https://bugreport.java.com/bugreport/crash.jsp
#

---------------  S U M M A R Y ------------

Command Line: -XX:+UseThirdPartyHeap -Xms512m -Xmx512m /mydata/dacapo/dacapo-23.11/dacapo-23.11-MR2-chopin.jar xalan -n 3

Host: AMD EPYC 7302P 16-Core Processor, 32 cores, 125G, Ubuntu 24.04.4 LTS
Time: Tue Jul  7 13:03:59 2026 MDT elapsed time: 3.033133 seconds (0d 0h 0m 3s)

---------------  T H R E A D  ---------------

Current thread (0x00007ac9ac535c20):  NamedThread "MMTk Collector Thread" [id=298781, stack(0x00007ac9b13f9000,0x00007ac9b14f9000) (1024K)]

Stack: [0x00007ac9b13f9000,0x00007ac9b14f9000],  sp=0x00007ac9b14f7960,  free space=1018k
Native frames: (J=compiled Java code, j=interpreted, Vv=VM code, C=native code)
C  [libmmtk_openjdk.so+0x2a088e]  _$LT$mmtk..plan..concurrent..immix..gc_work..SatbFinalDrain$LT$VM$GT$$u20$as$u20$mmtk..scheduler..work..GCWork$LT$VM$GT$$GT$::do_work::h99199484dacfec84+0x59e

siginfo: si_signo: 11 (SIGSEGV), si_code: 1 (SEGV_MAPERR), si_addr: 0x00007acb6b799538

Registers:
RAX=0x000000006e1c7700, RBX=0x0000000000410056, RCX=0x00007ac9b307b938, RDX=0x00006e1c77000000
RSP=0x00007ac9b14f7960, RBP=0x00007ac9b3403488, RSI=0x0000000040120830, RDI=0x00006e1c7700003e
R8 =0x7fffffffffffffff, R9 =0x000000000000fe07, R10=0x00007ac9b14f7a20, R11=0x00007ac9b14f7a70
R12=0x0000000040120840, R13=0x00007ac9b14f7a20, R14=0x000000004011ffb8, R15=0x0000000040120500
RIP=0x00007ac9b32a088e, EFLAGS=0x0000000000010287, CSGSFS=0x002b000000000033, ERR=0x0000000000000004
  TRAPNO=0x000000000000000e

XMM[0]=0x00000000000001dd 0x00000000000001a3
XMM[1]=0xffffffffffffffff 0x0000000000000001
XMM[2]=0xffffffffffffff00 0x0000000000ffffff
XMM[3]=0x0000000000000000 0x0000000000000000
XMM[4]=0x0000000000000000 0x00006e1c04000090
XMM[5]=0x0000000040037158 0x0000000040037140
XMM[6]=0x00000000400370b8 0x00000000400370a0
XMM[7]=0x0000000040037018 0x0000000040037000
XMM[8]=0x0000000040c6c158 0x0000000040032300
XMM[9]=0x0000000000000000 0x0000000000000000
XMM[10]=0x3f3f3f3f3f3f3f3f 0x3f3f3f3f3f3f3f3f
XMM[11]=0x9999999999999999 0x9999999999999999
XMM[12]=0x2020202020202020 0x2020202020202020
XMM[13]=0x0000000000000000 0x0000000000000000
XMM[14]=0x0000000000000000 0x0000000000000000
XMM[15]=0x0000000000000000 0x0000000000000000
  MXCSR=0x00001fa2


Register to memory mapping:

RAX=
[error occurred during error reporting (printing register info), id 0xe0000000, Internal Error (/mydata/mmtk-openjdk/openjdk/share/mmtkHeap.cpp:444)]
RBX=
[error occurred during error reporting (printing register info, attempt 2), id 0xe0000000, Internal Error (/mydata/mmtk-openjdk/openjdk/share/mmtkHeap.cpp:444)]
RCX=
[error occurred during error reporting (printing register info, attempt 3), id 0xe0000000, Internal Error (/mydata/mmtk-openjdk/openjdk/share/mmtkHeap.cpp:444)]
Top of Stack: (sp=0x00007ac9b14f7960)
0x00007ac9b14f7960:   0000000040120360 000000004011ffb8
0x00007ac9b14f7970:   00007ac9ac3df960 0000200000120000
0x00007ac9b14f7980:   00007ac9b14f79d0 00007ac9b3403670
0x00007ac9b14f7990:   00007ac9ac52c190 0000000000000040
0x00007ac9b14f79a0:   0000000000002000 00006e1c0400ce70
0x00007ac9b14f79b0:   0000000000001c43 0000000000000080
0x00007ac9b14f79c0:   00006e1c0400b820 0000000000000057
0x00007ac9b14f79d0:   00006e1c0400b978 00006e1c0400b820
0x00007ac9b14f79e0:   00007ac9b3403488 00007ac9b14f7a20
0x00007ac9b14f79f0:   00007ac9b14f7978 00007ac9b14f7a78
0x00007ac9b14f7a00:   00007ac9b14f7a70 00007ac9b14f7a57
0x00007ac9b14f7a10:   00007ac9b14f7a58 00007ac9b14f79a0
0x00007ac9b14f7a20:   0000000000000120 0000000000000001
0x00007ac9b14f7a30:   00007ac9b33c4f78 00007ac9ac046048
0x00007ac9b14f7a40:   0000000000000000 00006e1c77006f28
0x00007ac9b14f7a50:   00007ac9ac52c190 0000000000000800
0x00007ac9b14f7a60:   00006e1c04004120 000000000000054f
0x00007ac9b14f7a70:   0000000040000000 0000000040120000
0x00007ac9b14f7a80:   00007ac9b3403488 00006e1c7737bb18
0x00007ac9b14f7a90:   00007ac9ac06f900 00007ac9ac06f600
0x00007ac9b14f7aa0:   00007ac9ac06f300 00007ac9ac06f000
0x00007ac9b14f7ab0:   00007ac9ac06ed00 00007ac9ac06ea00
0x00007ac9b14f7ac0:   00006e1c0400bad8 00007ac9b14f7a28
0x00007ac9b14f7ad0:   00007ac9b3402d20 0000000000000080
0x00007ac9b14f7ae0:   00007ac9b14f7a90 00006e1c04006b98
0x00007ac9b14f7af0:   00006e1c04004358 00007ac9b3402d20
0x00007ac9b14f7b00:   00007ac9b33c4f78 00007ac9b4cadd50
0x00007ac9b14f7b10:   00007ac9b14f7bd8 0000000000000001
0x00007ac9b14f7b20:   00007ac9ac046240 00007ac9b32f15d8
0x00007ac9b14f7b30:   00007ac9ffffffff 00007ac9ac52c030
0x00007ac9b14f7b40:   00007ac9ac046220 00007ac900000000
0x00007ac9b14f7b50:   00007ac9ac52c190 00007ac9ac06cf00 

Instructions: (pc=0x00007ac9b32a088e)
0x00007ac9b32a078e:   00 00 48 8b 44 24 60 48 89 44 24 78 4c 8d ac 24
0x00007ac9b32a079e:   c0 00 00 00 48 8b 44 24 58 48 89 84 24 78 01 00
0x00007ac9b32a07ae:   00 4d 85 e4 0f 84 18 0b 00 00 48 8b 44 24 78 4a
0x00007ac9b32a07be:   8d 0c e0 48 89 8c 24 60 01 00 00 eb 2c 0f 1f 44
0x00007ac9b32a07ce:   00 00 4c 89 e6 48 8d 94 24 80 00 00 00 e8 50 45
0x00007ac9b32a07de:   fe ff 48 8b 44 24 70 48 83 c0 08 48 3b 84 24 60
0x00007ac9b32a07ee:   01 00 00 0f 84 d9 0a 00 00 48 89 44 24 70 4c 8b
0x00007ac9b32a07fe:   20 48 89 ac 24 80 00 00 00 4c 89 ac 24 88 00 00
0x00007ac9b32a080e:   00 48 8d 44 24 18 48 89 84 24 90 00 00 00 48 8d
0x00007ac9b32a081e:   84 24 18 01 00 00 48 89 84 24 98 00 00 00 48 8d
0x00007ac9b32a082e:   84 24 10 01 00 00 48 89 84 24 a0 00 00 00 48 8d
0x00007ac9b32a083e:   84 24 f7 00 00 00 48 89 84 24 a8 00 00 00 48 8d
0x00007ac9b32a084e:   84 24 f8 00 00 00 48 89 84 24 b0 00 00 00 48 8d
0x00007ac9b32a085e:   44 24 40 48 89 84 24 b8 00 00 00 41 8b 44 24 08
0x00007ac9b32a086e:   48 8b 15 23 3b 16 00 48 8b 0d 24 3b 16 00 48 d3
0x00007ac9b32a087e:   e0 48 8d 3c 10 8b 44 10 0c 48 8d 0d aa b0 dd ff
0x00007ac9b32a088e:   48 63 04 81 48 01 c8 ff e0 4c 89 24 24 48 89 bc
0x00007ac9b32a089e:   24 28 01 00 00 48 63 87 28 01 00 00 48 85 c0 0f
0x00007ac9b32a08ae:   84 68 07 00 00 48 8b 94 24 28 01 00 00 48 63 8a
0x00007ac9b32a08be:   ac 00 00 00 48 8d 0c ca 48 63 92 2c 01 00 00 48
0x00007ac9b32a08ce:   8d 34 d1 4c 8d 24 d1 49 81 c4 d8 01 00 00 48 8d
0x00007ac9b32a08de:   04 c6 48 05 d8 01 00 00 48 89 84 24 e8 00 00 00
0x00007ac9b32a08ee:   eb 12 49 83 c4 08 4c 3b a4 24 e8 00 00 00 0f 84
0x00007ac9b32a08fe:   19 07 00 00 45 8b 7c 24 04 4d 85 ff 74 e4 4d 63
0x00007ac9b32a090e:   2c 24 4c 03 2c 24 31 ed eb 26 0f 1f 84 00 00 00
0x00007ac9b32a091e:   00 00 48 8b 44 24 48 4a 89 1c f0 49 ff c6 4c 89
0x00007ac9b32a092e:   74 24 50 4c 8b 74 24 08 48 ff c5 4c 39 fd 74 b2
0x00007ac9b32a093e:   48 8d 34 ad 00 00 00 00 4c 01 ee 48 89 f0 48 b9
0x00007ac9b32a094e:   ff ff ff ff ff ff ff 7f 48 21 c8 48 89 c1 48 2b
0x00007ac9b32a095e:   0d 7d 2b 16 00 48 89 cf 48 c1 ef 0c 48 3b bc 24
0x00007ac9b32a096e:   c0 00 00 00 75 3c 48 8b 4c 24 18 48 8b 94 24 18
0x00007ac9b32a097e:   01 00 00 48 29 d0 8b 1c 01 48 85 db 74 aa 4c 8b 


Stack slot to memory mapping:

stack at sp + 0 slots: 
[error occurred during error reporting (inspecting top of stack), id 0xe0000000, Internal Error (/mydata/mmtk-openjdk/openjdk/share/mmtkHeap.cpp:444)]
stack at sp + 1 slots: 
[error occurred during error reporting (inspecting top of stack, attempt 2), id 0xe0000000, Internal Error (/mydata/mmtk-openjdk/openjdk/share/mmtkHeap.cpp:444)]
stack at sp + 2 slots: 
[error occurred during error reporting (inspecting top of stack, attempt 3), id 0xe0000000, Internal Error (/mydata/mmtk-openjdk/openjdk/share/mmtkHeap.cpp:444)]

---------------  P R O C E S S  ---------------

Threads class SMR info:
_java_thread_list=0x00006e1be80d6960, length=56, elements={
0x00007ac9ac02b240, 0x00007ac9ac526750, 0x00007ac9ac527fe0, 0x00007ac9ac529af0,
0x00007ac9ac548320, 0x00007ac9ac549c70, 0x00007ac9ac54b530, 0x00007ac9ac54d370,
0x00007ac9ac556d40, 0x00006e1bf004d6d0, 0x00006e1be40015f0, 0x00007ac9ac5a5ea0,
0x00007ac9ac5a8ea0, 0x00006e1be40156d0, 0x00006e1bf006ba60, 0x00006e1bec0c3d60,
0x00007ac9ac7befa0, 0x00007ac9ac7c0330, 0x00007ac9ac7c1330, 0x00007ac9ac7c27b0,
0x00007ac9ac7c3c30, 0x00007ac9ac7c5000, 0x00007ac9ac7c63d0, 0x00007ac9ac7c7940,
0x00007ac9ac7c8eb0, 0x00007ac9ac7ca280, 0x00007ac9ac7cb730, 0x00007ac9ac7cccc0,
0x00007ac9ac7ce250, 0x00007ac9ac7cf700, 0x00007ac9ac7d0bb0, 0x00007ac9ac3e1730,
0x00007ac9ac3e2b60, 0x00007ac9ac5cee90, 0x00007ac9ac5cfe90, 0x00007ac9ac5d1330,
0x00007ac9ac5d2900, 0x00007ac9ac5d3ee0, 0x00007ac9ac5d58b0, 0x00007ac9ac5d7140,
0x00007ac9ac5d8d00, 0x00007ac9ac5da550, 0x00007ac9ac5dbda0, 0x00007ac9ac5dd5f0,
0x00007ac9ac5dee80, 0x00007ac9ac5e0710, 0x00007ac9ac3d3ff0, 0x00007ac9ac3d5000,
0x00006e1bd80438c0, 0x00006e1bcc0e5a60, 0x00006e1bd80797b0, 0x00006e1bf00acf40,
0x00006e1b48002530, 0x00006e1b3c019ee0, 0x00006e1b34079ac0, 0x00006e1be80d54c0
}

Java Threads: ( => current thread )
  0x00007ac9ac02b240 JavaThread "main"                              [_thread_blocked, id=298767, stack(0x00007ac9b3417000,0x00007ac9b3517000) (1024K)]
  0x00007ac9ac526750 JavaThread "Reference Handler"          daemon [_thread_blocked, id=298771, stack(0x00007ac9b20fd000,0x00007ac9b21fd000) (1024K)]
  0x00007ac9ac527fe0 JavaThread "Finalizer"                  daemon [_thread_blocked, id=298772, stack(0x00007ac9b1d00000,0x00007ac9b1e00000) (1024K)]
  0x00007ac9ac529af0 JavaThread "MMTk Finalizer Thread"      daemon [_thread_blocked, id=298773, stack(0x00007ac9b1c00000,0x00007ac9b1d00000) (1024K)]
  0x00007ac9ac548320 JavaThread "Signal Dispatcher"          daemon [_thread_blocked, id=298797, stack(0x00007ac9b03e9000,0x00007ac9b04e9000) (1024K)]
  0x00007ac9ac549c70 JavaThread "Service Thread"             daemon [_thread_blocked, id=298798, stack(0x00007ac9b02e9000,0x00007ac9b03e9000) (1024K)]
  0x00007ac9ac54b530 JavaThread "Monitor Deflation Thread"   daemon [_thread_blocked, id=298799, stack(0x00007ac9b01e9000,0x00007ac9b02e9000) (1024K)]
  0x00007ac9ac54d370 JavaThread "C2 CompilerThread0"         daemon [_thread_blocked, id=298800, stack(0x00007ac9b00e9000,0x00007ac9b01e9000) (1024K)]
  0x00007ac9ac556d40 JavaThread "C1 CompilerThread0"         daemon [_thread_blocked, id=298801, stack(0x00007ac9746ff000,0x00007ac9747ff000) (1024K)]
  0x00006e1bf004d6d0 JavaThread "C1 CompilerThread1"         daemon [_thread_blocked, id=298802, stack(0x00007ac9745ff000,0x00007ac9746ff000) (1024K)]
  0x00006e1be40015f0 JavaThread "C1 CompilerThread2"         daemon [_thread_blocked, id=298803, stack(0x00007ac9744ff000,0x00007ac9745ff000) (1024K)]
  0x00007ac9ac5a5ea0 JavaThread "Notification Thread"        daemon [_thread_blocked, id=298804, stack(0x00006e1cc02fc000,0x00006e1cc03fc000) (1024K)]
  0x00007ac9ac5a8ea0 JavaThread "Common-Cleaner"             daemon [_thread_blocked, id=298805, stack(0x00006e1cbd100000,0x00006e1cbd200000) (1024K)]
  0x00006e1be40156d0 JavaThread "C2 CompilerThread1"         daemon [_thread_blocked, id=298806, stack(0x00006e1cbd000000,0x00006e1cbd100000) (1024K)]
  0x00006e1bf006ba60 JavaThread "C1 CompilerThread3"         daemon [_thread_blocked, id=298807, stack(0x00006e1cbcf00000,0x00006e1cbd000000) (1024K)]
  0x00006e1bec0c3d60 JavaThread "C2 CompilerThread2"         daemon [_thread_blocked, id=298808, stack(0x00006e1cbce00000,0x00006e1cbcf00000) (1024K)]
  0x00007ac9ac7befa0 JavaThread "Thread-0"                          [_thread_blocked, id=298809, stack(0x00006e1cbcd00000,0x00006e1cbce00000) (1024K)]
  0x00007ac9ac7c0330 JavaThread "Thread-1"                          [_thread_blocked, id=298810, stack(0x00006e1cbcc00000,0x00006e1cbcd00000) (1024K)]
  0x00007ac9ac7c1330 JavaThread "Thread-2"                          [_thread_blocked, id=298811, stack(0x00006e1cbcb00000,0x00006e1cbcc00000) (1024K)]
  0x00007ac9ac7c27b0 JavaThread "Thread-3"                          [_thread_blocked, id=298812, stack(0x00006e1cbca00000,0x00006e1cbcb00000) (1024K)]
  0x00007ac9ac7c3c30 JavaThread "Thread-4"                          [_thread_blocked, id=298813, stack(0x00006e1cbc900000,0x00006e1cbca00000) (1024K)]
  0x00007ac9ac7c5000 JavaThread "Thread-5"                          [_thread_blocked, id=298814, stack(0x00006e1cbc800000,0x00006e1cbc900000) (1024K)]
  0x00007ac9ac7c63d0 JavaThread "Thread-6"                          [_thread_blocked, id=298815, stack(0x00006e1cbc700000,0x00006e1cbc800000) (1024K)]
  0x00007ac9ac7c7940 JavaThread "Thread-7"                          [_thread_blocked, id=298816, stack(0x00006e1cbc600000,0x00006e1cbc700000) (1024K)]
  0x00007ac9ac7c8eb0 JavaThread "Thread-8"                          [_thread_blocked, id=298817, stack(0x00006e1cbc500000,0x00006e1cbc600000) (1024K)]
  0x00007ac9ac7ca280 JavaThread "Thread-9"                          [_thread_blocked, id=298818, stack(0x00006e1cbc400000,0x00006e1cbc500000) (1024K)]
  0x00007ac9ac7cb730 JavaThread "Thread-10"                         [_thread_blocked, id=298819, stack(0x00006e1cbc300000,0x00006e1cbc400000) (1024K)]
  0x00007ac9ac7cccc0 JavaThread "Thread-11"                         [_thread_blocked, id=298820, stack(0x00006e1cbc200000,0x00006e1cbc300000) (1024K)]
  0x00007ac9ac7ce250 JavaThread "Thread-12"                         [_thread_blocked, id=298821, stack(0x00006e1cbc100000,0x00006e1cbc200000) (1024K)]
  0x00007ac9ac7cf700 JavaThread "Thread-13"                         [_thread_blocked, id=298822, stack(0x00006e1cbc000000,0x00006e1cbc100000) (1024K)]
  0x00007ac9ac7d0bb0 JavaThread "Thread-14"                         [_thread_blocked, id=298823, stack(0x00006e1c76f00000,0x00006e1c77000000) (1024K)]
  0x00007ac9ac3e1730 JavaThread "Thread-15"                         [_thread_blocked, id=298824, stack(0x00006e1c76e00000,0x00006e1c76f00000) (1024K)]
  0x00007ac9ac3e2b60 JavaThread "Thread-16"                         [_thread_blocked, id=298825, stack(0x00006e1c76d00000,0x00006e1c76e00000) (1024K)]
  0x00007ac9ac5cee90 JavaThread "Thread-17"                         [_thread_blocked, id=298826, stack(0x00006e1c76c00000,0x00006e1c76d00000) (1024K)]
  0x00007ac9ac5cfe90 JavaThread "Thread-18"                         [_thread_blocked, id=298827, stack(0x00006e1c76b00000,0x00006e1c76c00000) (1024K)]
  0x00007ac9ac5d1330 JavaThread "Thread-19"                         [_thread_blocked, id=298828, stack(0x00006e1c76a00000,0x00006e1c76b00000) (1024K)]
  0x00007ac9ac5d2900 JavaThread "Thread-20"                         [_thread_blocked, id=298829, stack(0x00006e1c76900000,0x00006e1c76a00000) (1024K)]
  0x00007ac9ac5d3ee0 JavaThread "Thread-21"                         [_thread_blocked, id=298830, stack(0x00006e1c76800000,0x00006e1c76900000) (1024K)]
  0x00007ac9ac5d58b0 JavaThread "Thread-22"                         [_thread_blocked, id=298831, stack(0x00006e1c76700000,0x00006e1c76800000) (1024K)]
  0x00007ac9ac5d7140 JavaThread "Thread-23"                         [_thread_blocked, id=298832, stack(0x00006e1c76600000,0x00006e1c76700000) (1024K)]
  0x00007ac9ac5d8d00 JavaThread "Thread-24"                         [_thread_blocked, id=298833, stack(0x00006e1c76500000,0x00006e1c76600000) (1024K)]
  0x00007ac9ac5da550 JavaThread "Thread-25"                         [_thread_blocked, id=298834, stack(0x00006e1c76400000,0x00006e1c76500000) (1024K)]
  0x00007ac9ac5dbda0 JavaThread "Thread-26"                         [_thread_blocked, id=298835, stack(0x00006e1c76300000,0x00006e1c76400000) (1024K)]
  0x00007ac9ac5dd5f0 JavaThread "Thread-27"                         [_thread_blocked, id=298836, stack(0x00006e1c76200000,0x00006e1c76300000) (1024K)]
  0x00007ac9ac5dee80 JavaThread "Thread-28"                         [_thread_blocked, id=298837, stack(0x00006e1c76100000,0x00006e1c76200000) (1024K)]
  0x00007ac9ac5e0710 JavaThread "Thread-29"                         [_thread_blocked, id=298838, stack(0x00006e1c76000000,0x00006e1c76100000) (1024K)]
  0x00007ac9ac3d3ff0 JavaThread "Thread-30"                         [_thread_blocked, id=298839, stack(0x00006e1c75f00000,0x00006e1c76000000) (1024K)]
  0x00007ac9ac3d5000 JavaThread "Thread-31"                         [_thread_blocked, id=298840, stack(0x00006e1c75e00000,0x00006e1c75f00000) (1024K)]
  0x00006e1bd80438c0 JavaThread "C2 CompilerThread3"         daemon [_thread_blocked, id=298841, stack(0x00006e1c75d00000,0x00006e1c75e00000) (1024K)]
  0x00006e1bcc0e5a60 JavaThread "C2 CompilerThread4"         daemon [_thread_blocked, id=298842, stack(0x00006e1c75c00000,0x00006e1c75d00000) (1024K)]
  0x00006e1bd80797b0 JavaThread "C1 CompilerThread4"         daemon [_thread_blocked, id=298843, stack(0x00006e1c75b00000,0x00006e1c75c00000) (1024K)]
  0x00006e1bf00acf40 JavaThread "C2 CompilerThread5"         daemon [_thread_blocked, id=298844, stack(0x00006e1c75a00000,0x00006e1c75b00000) (1024K)]
  0x00006e1b48002530 JavaThread "C2 CompilerThread6"         daemon [_thread_in_native, id=298845, stack(0x00006e1c75900000,0x00006e1c75a00000) (1024K)]
  0x00006e1b3c019ee0 JavaThread "C2 CompilerThread7"         daemon [_thread_blocked, id=298846, stack(0x00006e1c75800000,0x00006e1c75900000) (1024K)]
  0x00006e1b34079ac0 JavaThread "C2 CompilerThread8"         daemon [_thread_blocked, id=298847, stack(0x00006e1c75700000,0x00006e1c75800000) (1024K)]
  0x00006e1be80d54c0 JavaThread "C2 CompilerThread9"         daemon [_thread_blocked, id=298848, stack(0x00006e1c75600000,0x00006e1c75700000) (1024K)]
Total: 56

Other Threads:
  0x00007ac9ac51b2a0 VMThread "VM Thread"                           [id=298770, stack(0x00007ac9b21fe000,0x00007ac9b22fe000) (1024K)]
  0x00007ac9ac508ef0 WatcherThread "VM Periodic Task Thread"        [id=298769, stack(0x00007ac9b22ff000,0x00007ac9b23ff000) (1024K)]

=>0x00007ac9ac535c20 (exited) NamedThread "MMTk Collector Thread"   [id=298781, stack(0x00007ac9b13f9000,0x00007ac9b14f9000) (1024K)]
Total: 3

Threads with active compile tasks:
C2 CompilerThread0  3036 2963       4       java.util.HashMap::putMapEntries (170 bytes)
C2 CompilerThread1  3036 2411   !   4       org.apache.xalan.templates.ElemLiteralResult::execute (312 bytes)
C2 CompilerThread2  3036 2778   !   4       org.apache.xpath.XPath::getMatchScore (49 bytes)
C2 CompilerThread3  3036 2729       4       org.apache.xml.serializer.ToHTMLStream::processAttribute (101 bytes)
C2 CompilerThread4  3036 2746   !   4       org.apache.xml.serializer.ToStream::addAttributeAlways (273 bytes)
C2 CompilerThread5  3036 2639       4       java.lang.String::regionMatches (150 bytes)
C2 CompilerThread6  3036 2317   !   4       org.apache.xalan.templates.ElemApplyTemplates::transformSelectedNodes (979 bytes)
C2 CompilerThread7  3036 2737       4       org.apache.xml.serializer.SerializerBase::addAttribute (25 bytes)
C2 CompilerThread8  3036 2631       4       org.apache.xerces.impl.XMLNSDocumentScannerImpl::scanStartElement (866 bytes)
C2 CompilerThread9  3036 2976       4       org.apache.xpath.axes.AxesWalker::nextNode (89 bytes)
Total: 10

VM state: at safepoint (normal execution)

VM Mutex/Monitor currently owned by a thread:  ([mutex/lock_event])
[0x00007ac9b4b580d0] Threads_lock - owner thread: 0x00007ac9ac51b2a0
[0x00007ac9b4b57fd0] Heap_lock - owner thread: 0x00007ac9ac3e48a0

Heap address: 0x0000000040000000, size: 3072 MB, Compressed Oops mode: 32-bit

CDS archive(s) mapped at: [0x00006e1c77000000-0x00006e1c77ca3000-0x00006e1c77ca3000), size 13250560, SharedBaseAddress: 0x00006e1c77000000, ArchiveRelocationMode: 1.
Compressed class space mapped at: 0x00006e1c78000000-0x00006e1cb8000000, reserved size: 1073741824
Narrow klass base: 0x00006e1c77000000, Narrow klass shift: 0, Narrow klass range: 0x100000000

GC Precious Log:
<Empty>

Heap:

[error occurred during error reporting (printing heap information), id 0xe0000000, Internal Error (/mydata/mmtk-openjdk/openjdk/share/mmtkHeap.cpp:424)]
Metaspace:

Usage:
  Non-class:      7.01 MB used.
      Class:    968.67 KB used.
       Both:      7.96 MB used.

Virtual space:
  Non-class space:       64.00 MB reserved,       7.19 MB ( 11%) committed,  1 nodes.
      Class space:        1.00 GB reserved,       1.06 MB ( <1%) committed,  1 nodes.
             Both:        1.06 GB reserved,       8.25 MB ( <1%) committed. 

Chunk freelists:
   Non-Class:  7.36 MB
       Class:  14.99 MB
        Both:  22.35 MB

MaxMetaspaceSize: unlimited
CompressedClassSpaceSize: 1.00 GB
Initial GC threshold: 21.00 MB
Current GC threshold: 21.00 MB
CDS: on
 - commit_granule_bytes: 65536.
 - commit_granule_words: 8192.
 - virtual_space_node_default_size: 8388608.
 - enlarge_chunks_in_place: 1.
 - use_allocation_guard: 0.


Internal statistics:

num_allocs_failed_limit: 0.
num_arena_births: 130.
num_arena_deaths: 0.
num_vsnodes_births: 2.
num_vsnodes_deaths: 0.
num_space_committed: 132.
num_space_uncommitted: 0.
num_chunks_returned_to_freelist: 0.
num_chunks_taken_from_freelist: 373.
num_chunk_merges: 0.
num_chunk_splits: 267.
num_chunks_enlarged: 208.
num_inconsistent_stats: 0.

CodeHeap 'non-profiled nmethods': size=118880Kb used=1453Kb max_used=1453Kb free=117426Kb
 bounds [0x00007ac99c3e8000, 0x00007ac99c658000, 0x00007ac9a3800000]
CodeHeap 'profiled nmethods': size=118876Kb used=6194Kb max_used=6194Kb free=112681Kb
 bounds [0x00007ac994800000, 0x00007ac994e10000, 0x00007ac99bc17000]
CodeHeap 'non-nmethods': size=8004Kb used=3500Kb max_used=3541Kb free=4503Kb
 bounds [0x00007ac99bc17000, 0x00007ac99bf97000, 0x00007ac99c3e8000]
CodeCache: size=245760Kb, used=11147Kb, max_used=11188Kb, free=234610Kb
 total_blobs=3398, nmethods=2914, adapters=381, full_count=0
Compilation: enabled, stopped_count=0, restarted_count=0

Compilation events (20 events):
Event: 3.025 Thread 0x00006e1bec0c3d60 nmethod 2739 0x00007ac99c54c090 code [0x00007ac99c54c240, 0x00007ac99c54c780]
Event: 3.026 Thread 0x00006e1bec0c3d60 2753       4       org.apache.xml.serializer.AttributesImplSerializer::getIndex (45 bytes)
Event: 3.026 Thread 0x00006e1be80d54c0 nmethod 2965 0x00007ac99c54cb90 code [0x00007ac99c54cdc0, 0x00007ac99c54dae0]
Event: 3.026 Thread 0x00006e1be80d54c0 2642       4       org.apache.xml.dtm.ref.sax2dtm.SAX2DTM::getNextNodeIdentity (31 bytes)
Event: 3.027 Thread 0x00006e1be80d54c0 nmethod 2642 0x00007ac99c54e210 code [0x00007ac99c54e380, 0x00007ac99c54e430]
Event: 3.027 Thread 0x00006e1be80d54c0 2976       4       org.apache.xpath.axes.AxesWalker::nextNode (89 bytes)
Event: 3.028 Thread 0x00006e1bf006ba60 2977       2       org.apache.xalan.templates.StylesheetRoot::getTemplateComposed (15 bytes)
Event: 3.029 Thread 0x00006e1bf00acf40 nmethod 2894 0x00007ac99c54e510 code [0x00007ac99c54e8e0, 0x00007ac99c550738]
Event: 3.029 Thread 0x00006e1bf006ba60 nmethod 2977 0x00007ac994e0c190 code [0x00007ac994e0c340, 0x00007ac994e0c468]
Event: 3.029 Thread 0x00006e1bf00acf40 2639       4       java.lang.String::regionMatches (150 bytes)
Event: 3.029 Thread 0x00006e1bd80438c0 nmethod 2738 0x00007ac99c551c10 code [0x00007ac99c551dc0, 0x00007ac99c552270]
Event: 3.029 Thread 0x00006e1bd80438c0 2335   !   4       java.io.FileOutputStream::write (47 bytes)
Event: 3.029 Thread 0x00006e1bd80797b0 2979       2       org.apache.xpath.NodeSetDTM::<init> (40 bytes)
Event: 3.029 Thread 0x00006e1bec0c3d60 nmethod 2753 0x00007ac99c552510 code [0x00007ac99c5526a0, 0x00007ac99c552ac0]
Event: 3.029 Thread 0x00006e1bec0c3d60 2778   !   4       org.apache.xpath.XPath::getMatchScore (49 bytes)
Event: 3.029 Thread 0x00006e1bf006ba60 2981       1       org.apache.xml.serializer.SerializerBase::getTransformer (5 bytes)
Event: 3.029 Thread 0x00006e1bd80797b0 nmethod 2979 0x00007ac994e0c590 code [0x00007ac994e0c760, 0x00007ac994e0ca18]
Event: 3.029 Thread 0x00006e1bf006ba60 nmethod 2981 0x00007ac99c552c90 code [0x00007ac99c552e20, 0x00007ac99c552ee0]
Event: 3.030 Thread 0x00006e1bd80438c0 nmethod 2335 0x00007ac99c552f90 code [0x00007ac99c553140, 0x00007ac99c5532d0]
Event: 3.030 Thread 0x00006e1bd80438c0 2729       4       org.apache.xml.serializer.ToHTMLStream::processAttribute (101 bytes)

GC Heap History (0 events):
No events

Dll operation events (7 events):
Event: 0.001 Loaded shared library /mydata/openjdk-mmtk/build/b0test/images/jdk/lib/libjava.so
Event: 2.223 Loaded shared library /mydata/openjdk-mmtk/build/b0test/images/jdk/lib/libjsvml.so
Event: 2.237 Loaded shared library /mydata/openjdk-mmtk/build/b0test/images/jdk/lib/libnio.so
Event: 2.241 Loaded shared library /mydata/openjdk-mmtk/build/b0test/images/jdk/lib/libzip.so
Event: 2.254 Loaded shared library /mydata/openjdk-mmtk/build/b0test/images/jdk/lib/libjimage.so
Event: 2.281 Loaded shared library /mydata/openjdk-mmtk/build/b0test/images/jdk/lib/libnet.so
Event: 2.379 Loaded shared library /mydata/openjdk-mmtk/build/b0test/images/jdk/lib/libverify.so

Deoptimization events (20 events):
Event: 2.870 Thread 0x00007ac9ac7c63d0 Uncommon trap: trap_request=0xffffff6e fr.pc=0x00007ac99c4f4170 relative=0x0000000000000370
Event: 2.870 Thread 0x00007ac9ac7ce250 Uncommon trap: trap_request=0xffffff6e fr.pc=0x00007ac99c4f4170 relative=0x0000000000000370
Event: 2.870 Thread 0x00007ac9ac3d5000 Uncommon trap: trap_request=0xffffff6e fr.pc=0x00007ac99c4f4170 relative=0x0000000000000370
Event: 2.870 Thread 0x00007ac9ac5d58b0 Uncommon trap: reason=loop_limit_check action=maybe_recompile pc=0x00007ac99c4f4170 method=org.apache.xml.dtm.ref.DTMDefaultBase.getFirstAttributeIdentity(I)I @ 19 c2
Event: 2.870 Thread 0x00007ac9ac5dbda0 Uncommon trap: reason=loop_limit_check action=maybe_recompile pc=0x00007ac99c4f4170 method=org.apache.xml.dtm.ref.DTMDefaultBase.getFirstAttributeIdentity(I)I @ 19 c2
Event: 2.870 Thread 0x00007ac9ac7c63d0 Uncommon trap: reason=loop_limit_check action=maybe_recompile pc=0x00007ac99c4f4170 method=org.apache.xml.dtm.ref.DTMDefaultBase.getFirstAttributeIdentity(I)I @ 19 c2
Event: 2.870 Thread 0x00007ac9ac7ce250 Uncommon trap: reason=loop_limit_check action=maybe_recompile pc=0x00007ac99c4f4170 method=org.apache.xml.dtm.ref.DTMDefaultBase.getFirstAttributeIdentity(I)I @ 19 c2
Event: 2.870 Thread 0x00007ac9ac3d5000 Uncommon trap: reason=loop_limit_check action=maybe_recompile pc=0x00007ac99c4f4170 method=org.apache.xml.dtm.ref.DTMDefaultBase.getFirstAttributeIdentity(I)I @ 19 c2
Event: 2.870 Thread 0x00007ac9ac5dbda0 DEOPT PACKING pc=0x00007ac99c4f4170 sp=0x00006e1c763fb9b0
Event: 2.870 Thread 0x00007ac9ac7ce250 DEOPT PACKING pc=0x00007ac99c4f4170 sp=0x00006e1cbc1fceb0
Event: 2.870 Thread 0x00007ac9ac7c63d0 DEOPT PACKING pc=0x00007ac99c4f4170 sp=0x00006e1cbc7fceb0
Event: 2.870 Thread 0x00007ac9ac3d5000 DEOPT PACKING pc=0x00007ac99c4f4170 sp=0x00006e1c75efc830
Event: 2.870 Thread 0x00007ac9ac5d58b0 DEOPT PACKING pc=0x00007ac99c4f4170 sp=0x00006e1c767fade0
Event: 2.870 Thread 0x00007ac9ac5dbda0 DEOPT UNPACKING pc=0x00007ac99bc6a399 sp=0x00006e1c763fb970 mode 2
Event: 2.870 Thread 0x00007ac9ac7c63d0 DEOPT UNPACKING pc=0x00007ac99bc6a399 sp=0x00006e1cbc7fce70 mode 2
Event: 2.870 Thread 0x00007ac9ac7ce250 DEOPT UNPACKING pc=0x00007ac99bc6a399 sp=0x00006e1cbc1fce70 mode 2
Event: 2.870 Thread 0x00007ac9ac5d58b0 DEOPT UNPACKING pc=0x00007ac99bc6a399 sp=0x00006e1c767fada0 mode 2
Event: 2.870 Thread 0x00007ac9ac3d5000 DEOPT UNPACKING pc=0x00007ac99bc6a399 sp=0x00006e1c75efc7f0 mode 2
Event: 2.998 Thread 0x00007ac9ac7c7940 DEOPT PACKING pc=0x00007ac994c9a6bd sp=0x00006e1cbc6fe010
Event: 2.998 Thread 0x00007ac9ac7c7940 DEOPT UNPACKING pc=0x00007ac99bc6ab2f sp=0x00006e1cbc6fd508 mode 0

Classes loaded (20 events):
Event: 2.622 Loading class java/util/ResourceBundle$KeyElementReference
Event: 2.622 Loading class java/util/ResourceBundle$CacheKeyReference
Event: 2.622 Loading class java/util/ResourceBundle$CacheKeyReference done
Event: 2.622 Loading class java/util/ResourceBundle$KeyElementReference done
Event: 2.623 Loading class java/util/ResourceBundle$Control$2
Event: 2.623 Loading class java/util/ResourceBundle$Control$2 done
Event: 2.624 Loading class sun/util/PropertyResourceBundleCharset
Event: 2.624 Loading class sun/util/PropertyResourceBundleCharset done
Event: 2.624 Loading class sun/util/PropertyResourceBundleCharset$PropertiesFileDecoder
Event: 2.624 Loading class sun/util/PropertyResourceBundleCharset$PropertiesFileDecoder done
Event: 2.627 Loading class java/util/ResourceBundle$BundleReference
Event: 2.627 Loading class java/util/ResourceBundle$BundleReference done
Event: 2.627 Loading class sun/util/ResourceBundleEnumeration
Event: 2.627 Loading class sun/util/ResourceBundleEnumeration done
Event: 2.635 Loading class sun/nio/cs/ISO_8859_1$Encoder
Event: 2.635 Loading class sun/nio/cs/ISO_8859_1$Encoder done
Event: 2.665 Loading class java/util/ResourceBundle$Control$1
Event: 2.665 Loading class java/util/ResourceBundle$Control$1 done
Event: 2.690 Loading class java/lang/foreign/MemorySegment
Event: 2.690 Loading class java/lang/foreign/MemorySegment done

Classes unloaded (0 events):
No events

Classes redefined (0 events):
No events

Internal exceptions (13 events):
Event: 2.248 Thread 0x00007ac9ac02b240 Exception <a 'java/lang/NoSuchMethodError'{0x0000000040334090}: 'java.lang.Object java.lang.invoke.DirectMethodHandle$Holder.newInvokeSpecial(java.lang.Object, int, java.lang.Object)'> (0x0000000040334090) 
thrown [src/hotspot/share/interpreter/linkResolver.cpp, line 772]
Event: 2.257 Thread 0x00007ac9ac02b240 Exception <a 'java/lang/NoSuchMethodError'{0x00000000402f9e28}: 'void java.lang.invoke.DirectMethodHandle$Holder.invokeStatic(java.lang.Object, java.lang.Object)'> (0x00000000402f9e28) 
thrown [src/hotspot/share/interpreter/linkResolver.cpp, line 772]
Event: 2.257 Thread 0x00007ac9ac02b240 Exception <a 'java/lang/NoSuchMethodError'{0x00000000402fd820}: 'void java.lang.invoke.DirectMethodHandle$Holder.invokeSpecial(java.lang.Object, java.lang.Object, java.lang.Object)'> (0x00000000402fd820) 
thrown [src/hotspot/share/interpreter/linkResolver.cpp, line 772]
Event: 2.300 Thread 0x00007ac9ac02b240 Exception <a 'java/lang/NoSuchMethodError'{0x00000000401b5ca8}: 'void java.lang.invoke.DirectMethodHandle$Holder.invokeVirtual(java.lang.Object, java.lang.Object)'> (0x00000000401b5ca8) 
thrown [src/hotspot/share/interpreter/linkResolver.cpp, line 772]
Event: 2.305 Thread 0x00007ac9ac02b240 Exception <a 'java/io/FileNotFoundException'{0x000000004018ef60}> (0x000000004018ef60) 
thrown [src/hotspot/share/prims/jni.cpp, line 520]
Event: 2.315 Thread 0x00007ac9ac02b240 Exception <a 'java/lang/NoSuchMethodError'{0x0000000040120438}: 'java.lang.Object java.lang.invoke.Invokers$Holder.invokeExact_MT(java.lang.Object, java.lang.Object, java.lang.Object, java.lang.Object, java.lang.Object)'> (0x0000000040120438) 
thrown [src/hotspot/share/interpreter/linkResolver.cpp, line 772]
Event: 2.502 Thread 0x00007ac9ac02b240 Exception <a 'java/lang/NoSuchMethodError'{0x0000000040eb8f10}: 'void java.lang.invoke.DirectMethodHandle$Holder.invokeVirtual(java.lang.Object, java.lang.Object, int)'> (0x0000000040eb8f10) 
thrown [src/hotspot/share/interpreter/linkResolver.cpp, line 772]
Event: 2.503 Thread 0x00007ac9ac02b240 Exception <a 'java/lang/NoSuchMethodError'{0x0000000040ebd638}: 'int java.lang.invoke.DirectMethodHandle$Holder.invokeSpecial(java.lang.Object, java.lang.Object, java.lang.Object, int)'> (0x0000000040ebd638) 
thrown [src/hotspot/share/interpreter/linkResolver.cpp, line 772]
Event: 2.504 Thread 0x00007ac9ac02b240 Exception <a 'java/lang/NoSuchMethodError'{0x0000000040ea0428}: 'java.lang.Object java.lang.invoke.DirectMethodHandle$Holder.invokeStatic(java.lang.Object, java.lang.Object, java.lang.Object, java.lang.Object, int)'> (0x0000000040ea0428) 
thrown [src/hotspot/share/interpreter/linkResolver.cpp, line 772]
Event: 2.505 Thread 0x00007ac9ac02b240 Exception <a 'java/lang/NoSuchMethodError'{0x0000000040e9b638}: 'void java.lang.invoke.DelegatingMethodHandle$Holder.reinvoke_L(java.lang.Object, java.lang.Object, int)'> (0x0000000040e9b638) 
thrown [src/hotspot/share/interpreter/linkResolver.cpp, line 772]
Event: 2.506 Thread 0x00007ac9ac02b240 Exception <a 'java/lang/NoSuchMethodError'{0x0000000040e923a0}: 'int java.lang.invoke.DirectMethodHandle$Holder.invokeSpecial(java.lang.Object, java.lang.Object, java.lang.Object)'> (0x0000000040e923a0) 
thrown [src/hotspot/share/interpreter/linkResolver.cpp, line 772]
Event: 2.577 Thread 0x00007ac9ac02b240 Exception <a 'java/lang/NoSuchMethodError'{0x00000000413c6268}: 'void java.lang.invoke.DelegatingMethodHandle$Holder.reinvoke_L(java.lang.Object, java.lang.Object, int, int)'> (0x00000000413c6268) 
thrown [src/hotspot/share/interpreter/linkResolver.cpp, line 772]
Event: 2.621 Thread 0x00007ac9ac5d1330 Exception <a 'java/lang/NoSuchMethodError'{0x00000000408e1848}: 'java.lang.Object java.lang.invoke.DirectMethodHandle$Holder.invokeInterface(java.lang.Object, java.lang.Object)'> (0x00000000408e1848) 
thrown [src/hotspot/share/interpreter/linkResolver.cpp, line 772]

ZGC Phase Switch (0 events):
No events

VM Operations (20 events):
Event: 2.888 Executing VM operation: ICBufferFull done
Event: 2.889 Executing VM operation: ICBufferFull
Event: 2.889 Executing VM operation: ICBufferFull done
Event: 2.892 Executing VM operation: ICBufferFull
Event: 2.892 Executing VM operation: ICBufferFull done
Event: 2.896 Executing VM operation: ICBufferFull
Event: 2.897 Executing VM operation: ICBufferFull done
Event: 2.897 Executing VM operation: ICBufferFull
Event: 2.901 Executing VM operation: ICBufferFull done
Event: 2.902 Executing VM operation: ICBufferFull
Event: 2.906 Executing VM operation: ICBufferFull done
Event: 2.907 Executing VM operation: ICBufferFull
Event: 2.910 Executing VM operation: ICBufferFull done
Event: 2.911 Executing VM operation: ICBufferFull
Event: 2.918 Executing VM operation: ICBufferFull done
Event: 2.921 Executing VM operation: ICBufferFull
Event: 2.921 Executing VM operation: ICBufferFull done
Event: 3.006 Executing VM operation: ThirdPartyHeapOperation
Event: 3.025 Executing VM operation: ThirdPartyHeapOperation done
Event: 3.031 Executing VM operation: ThirdPartyHeapOperation

Memory protections (20 events):
Event: 2.588 Protecting memory [0x00006e1c76900000,0x00006e1c76904000] with protection modes 0
Event: 2.588 Protecting memory [0x00006e1c76800000,0x00006e1c76804000] with protection modes 0
Event: 2.588 Protecting memory [0x00006e1c76700000,0x00006e1c76704000] with protection modes 0
Event: 2.588 Protecting memory [0x00006e1c76600000,0x00006e1c76604000] with protection modes 0
Event: 2.588 Protecting memory [0x00006e1c76500000,0x00006e1c76504000] with protection modes 0
Event: 2.588 Protecting memory [0x00006e1c76400000,0x00006e1c76404000] with protection modes 0
Event: 2.588 Protecting memory [0x00006e1c76300000,0x00006e1c76304000] with protection modes 0
Event: 2.588 Protecting memory [0x00006e1c76200000,0x00006e1c76204000] with protection modes 0
Event: 2.589 Protecting memory [0x00006e1c76100000,0x00006e1c76104000] with protection modes 0
Event: 2.589 Protecting memory [0x00006e1c76000000,0x00006e1c76004000] with protection modes 0
Event: 2.589 Protecting memory [0x00006e1c75f00000,0x00006e1c75f04000] with protection modes 0
Event: 2.589 Protecting memory [0x00006e1c75e00000,0x00006e1c75e04000] with protection modes 0
Event: 2.642 Protecting memory [0x00006e1c75d00000,0x00006e1c75d04000] with protection modes 0
Event: 2.667 Protecting memory [0x00006e1c75c00000,0x00006e1c75c04000] with protection modes 0
Event: 2.667 Protecting memory [0x00006e1c75b00000,0x00006e1c75b04000] with protection modes 0
Event: 2.670 Protecting memory [0x00006e1c75a00000,0x00006e1c75a04000] with protection modes 0
Event: 2.673 Protecting memory [0x00006e1c75900000,0x00006e1c75904000] with protection modes 0
Event: 2.674 Protecting memory [0x00006e1c75800000,0x00006e1c75804000] with protection modes 0
Event: 2.690 Protecting memory [0x00006e1c75700000,0x00006e1c75704000] with protection modes 0
Event: 2.697 Protecting memory [0x00006e1c75600000,0x00006e1c75604000] with protection modes 0

Nmethod flushes (0 events):
No events

Events (20 events):
Event: 2.588 Thread 0x00007ac9ac02b240 Thread added: 0x00007ac9ac5d2900
Event: 2.588 Thread 0x00007ac9ac02b240 Thread added: 0x00007ac9ac5d3ee0
Event: 2.588 Thread 0x00007ac9ac02b240 Thread added: 0x00007ac9ac5d58b0
Event: 2.588 Thread 0x00007ac9ac02b240 Thread added: 0x00007ac9ac5d7140
Event: 2.588 Thread 0x00007ac9ac02b240 Thread added: 0x00007ac9ac5d8d00
Event: 2.588 Thread 0x00007ac9ac02b240 Thread added: 0x00007ac9ac5da550
Event: 2.588 Thread 0x00007ac9ac02b240 Thread added: 0x00007ac9ac5dbda0
Event: 2.588 Thread 0x00007ac9ac02b240 Thread added: 0x00007ac9ac5dd5f0
Event: 2.589 Thread 0x00007ac9ac02b240 Thread added: 0x00007ac9ac5dee80
Event: 2.589 Thread 0x00007ac9ac02b240 Thread added: 0x00007ac9ac5e0710
Event: 2.589 Thread 0x00007ac9ac02b240 Thread added: 0x00007ac9ac3d3ff0
Event: 2.589 Thread 0x00007ac9ac02b240 Thread added: 0x00007ac9ac3d5000
Event: 2.642 Thread 0x00006e1bf006ba60 Thread added: 0x00006e1bd80438c0
Event: 2.667 Thread 0x00006e1bec0c3d60 Thread added: 0x00006e1bcc0e5a60
Event: 2.667 Thread 0x00006e1bf006ba60 Thread added: 0x00006e1bd80797b0
Event: 2.670 Thread 0x00007ac9ac556d40 Thread added: 0x00006e1bf00acf40
Event: 2.673 Thread 0x00006e1bd80797b0 Thread added: 0x00006e1b48002530
Event: 2.674 Thread 0x00006e1bf00acf40 Thread added: 0x00006e1b3c019ee0
Event: 2.690 Thread 0x00006e1b3c019ee0 Thread added: 0x00006e1b34079ac0
Event: 2.696 Thread 0x00006e1be40015f0 Thread added: 0x00006e1be80d54c0


Dynamic libraries:
40000000-40400000 rw-p 00000000 00:00 0                                  [anon:mmtk:space:immix]
40400000-40800000 rw-p 00000000 00:00 0                                  [anon:mmtk:space:los]
40800000-41400000 rw-p 00000000 00:00 0                                  [anon:mmtk:space:immix]
41400000-41c00000 rw-p 00000000 00:00 0                                  [anon:mmtk:space:los]
41c00000-42400000 rw-p 00000000 00:00 0                                  [anon:mmtk:space:immix]
42400000-42800000 rw-p 00000000 00:00 0                                  [anon:mmtk:space:los]
42800000-43000000 rw-p 00000000 00:00 0                                  [anon:mmtk:space:immix]
43000000-43400000 rw-p 00000000 00:00 0                                  [anon:mmtk:space:los]
43400000-43c00000 rw-p 00000000 00:00 0                                  [anon:mmtk:space:immix]
43c00000-44000000 rw-p 00000000 00:00 0                                  [anon:mmtk:space:los]
44000000-44400000 rw-p 00000000 00:00 0                                  [anon:mmtk:space:immix]
44400000-44800000 rw-p 00000000 00:00 0                                  [anon:mmtk:space:los]
44800000-45000000 rw-p 00000000 00:00 0                                  [anon:mmtk:space:immix]
45000000-45400000 rw-p 00000000 00:00 0                                  [anon:mmtk:space:los]
45400000-45800000 rw-p 00000000 00:00 0                                  [anon:mmtk:space:immix]
45800000-45c00000 rw-p 00000000 00:00 0                                  [anon:mmtk:space:los]
45c00000-46400000 rw-p 00000000 00:00 0                                  [anon:mmtk:space:immix]
46400000-46800000 rw-p 00000000 00:00 0                                  [anon:mmtk:space:los]
46800000-47000000 rw-p 00000000 00:00 0                                  [anon:mmtk:space:immix]
47000000-47400000 rw-p 00000000 00:00 0                                  [anon:mmtk:space:los]
47400000-47800000 rw-p 00000000 00:00 0                                  [anon:mmtk:space:immix]
47800000-47c00000 rw-p 00000000 00:00 0                                  [anon:mmtk:space:los]
47c00000-48400000 rw-p 00000000 00:00 0                                  [anon:mmtk:space:immix]
48400000-48800000 rw-p 00000000 00:00 0                                  [anon:mmtk:space:los]
48800000-48c00000 rw-p 00000000 00:00 0                                  [anon:mmtk:space:immix]
48c00000-49000000 rw-p 00000000 00:00 0                                  [anon:mmtk:space:los]
49000000-49800000 rw-p 00000000 00:00 0                                  [anon:mmtk:space:immix]
49800000-49c00000 rw-p 00000000 00:00 0                                  [anon:mmtk:space:los]
49c00000-4a000000 rw-p 00000000 00:00 0                                  [anon:mmtk:space:immix]
4a000000-4a400000 rw-p 00000000 00:00 0                                  [anon:mmtk:space:los]
4a400000-4ac00000 rw-p 00000000 00:00 0                                  [anon:mmtk:space:immix]
4ac00000-4b000000 rw-p 00000000 00:00 0                                  [anon:mmtk:space:los]
4b000000-4b400000 rw-p 00000000 00:00 0                                  [anon:mmtk:space:immix]
4b400000-4b800000 rw-p 00000000 00:00 0                                  [anon:mmtk:space:los]
4b800000-4c000000 rw-p 00000000 00:00 0                                  [anon:mmtk:space:immix]
4c000000-4c400000 rw-p 00000000 00:00 0                                  [anon:mmtk:space:los]
4c400000-4cc00000 rw-p 00000000 00:00 0                                  [anon:mmtk:space:immix]
4cc00000-4d000000 rw-p 00000000 00:00 0                                  [anon:mmtk:space:los]
4d000000-4d400000 rw-p 00000000 00:00 0                                  [anon:mmtk:space:immix]
4d400000-4d800000 rw-p 00000000 00:00 0                                  [anon:mmtk:space:los]
4d800000-4e000000 rw-p 00000000 00:00 0                                  [anon:mmtk:space:immix]
4e000000-4e400000 rw-p 00000000 00:00 0                                  [anon:mmtk:space:los]
4e400000-4e800000 rw-p 00000000 00:00 0                                  [anon:mmtk:space:immix]
4e800000-4ec00000 rw-p 00000000 00:00 0                                  [anon:mmtk:space:los]
4ec00000-4f400000 rw-p 00000000 00:00 0                                  [anon:mmtk:space:immix]
4f400000-4f800000 rw-p 00000000 00:00 0                                  [anon:mmtk:space:los]
4f800000-4fc00000 rw-p 00000000 00:00 0                                  [anon:mmtk:space:immix]
4fc00000-50000000 rw-p 00000000 00:00 0                                  [anon:mmtk:space:los]
50000000-50400000 rw-p 00000000 00:00 0                                  [anon:mmtk:space:immix]
50400000-50800000 rw-p 00000000 00:00 0                                  [anon:mmtk:space:immix]
200000000000-2000c00c0000 rw-s 00000000 00:10 68                         anon_inode:bpf-map
5f535e6a6000-5f535e6a7000 r--p 00000000 fc:00 49676325                   /mydata/openjdk-mmtk/build/b0test/images/jdk/bin/java
5f535e6a7000-5f535e6a8000 r-xp 00001000 fc:00 49676325                   /mydata/openjdk-mmtk/build/b0test/images/jdk/bin/java
5f535e6a8000-5f535e6a9000 r--p 00002000 fc:00 49676325                   /mydata/openjdk-mmtk/build/b0test/images/jdk/bin/java
5f535e6a9000-5f535e6aa000 r--p 00002000 fc:00 49676325                   /mydata/openjdk-mmtk/build/b0test/images/jdk/bin/java
5f535e6aa000-5f535e6ab000 rw-p 00003000 fc:00 49676325                   /mydata/openjdk-mmtk/build/b0test/images/jdk/bin/java
5f537cf6a000-5f537cfb2000 rw-p 00000000 00:00 0                          [heap]
6e1b2c000000-6e1b2c9aa000 rw-p 00000000 00:00 0 
6e1b2c9aa000-6e1b30000000 ---p 00000000 00:00 0 
6e1b34000000-6e1b3479d000 rw-p 00000000 00:00 0 
6e1b3479d000-6e1b38000000 ---p 00000000 00:00 0 
6e1b38000000-6e1b38b75000 rw-p 00000000 00:00 0 
6e1b38b75000-6e1b3c000000 ---p 00000000 00:00 0 
6e1b3c000000-6e1b3c64d000 rw-p 00000000 00:00 0 
6e1b3c64d000-6e1b40000000 ---p 00000000 00:00 0 
6e1b40000000-6e1b40a2a000 rw-p 00000000 00:00 0 
6e1b40a2a000-6e1b44000000 ---p 00000000 00:00 0 
6e1b44000000-6e1b4469c000 rw-p 00000000 00:00 0 
6e1b4469c000-6e1b48000000 ---p 00000000 00:00 0 
6e1b48000000-6e1b48280000 rw-p 00000000 00:00 0 
6e1b48280000-6e1b4c000000 ---p 00000000 00:00 0 
6e1b4c000000-6e1b4c021000 rw-p 00000000 00:00 0 
6e1b4c021000-6e1b50000000 ---p 00000000 00:00 0 
6e1b50000000-6e1b50949000 rw-p 00000000 00:00 0 
6e1b50949000-6e1b54000000 ---p 00000000 00:00 0 
6e1b54000000-6e1b54021000 rw-p 00000000 00:00 0 
6e1b54021000-6e1b58000000 ---p 00000000 00:00 0 
6e1b58000000-6e1b58021000 rw-p 00000000 00:00 0 
6e1b58021000-6e1b5c000000 ---p 00000000 00:00 0 
6e1b5c000000-6e1b5c021000 rw-p 00000000 00:00 0 
6e1b5c021000-6e1b60000000 ---p 00000000 00:00 0 
6e1b60000000-6e1b60021000 rw-p 00000000 00:00 0 
6e1b60021000-6e1b64000000 ---p 00000000 00:00 0 
6e1b64000000-6e1b64021000 rw-p 00000000 00:00 0 
6e1b64021000-6e1b68000000 ---p 00000000 00:00 0 
6e1b68000000-6e1b68021000 rw-p 00000000 00:00 0 
6e1b68021000-6e1b6c000000 ---p 00000000 00:00 0 
6e1b6c000000-6e1b6c021000 rw-p 00000000 00:00 0 
6e1b6c021000-6e1b70000000 ---p 00000000 00:00 0 
6e1b70000000-6e1b70021000 rw-p 00000000 00:00 0 
6e1b70021000-6e1b74000000 ---p 00000000 00:00 0 
6e1b74000000-6e1b74021000 rw-p 00000000 00:00 0 
6e1b74021000-6e1b78000000 ---p 00000000 00:00 0 
6e1b78000000-6e1b78021000 rw-p 00000000 00:00 0 
6e1b78021000-6e1b7c000000 ---p 00000000 00:00 0 
6e1b7c000000-6e1b7c047000 rw-p 00000000 00:00 0 
6e1b7c047000-6e1b80000000 ---p 00000000 00:00 0 
6e1b80000000-6e1b80024000 rw-p 00000000 00:00 0 
6e1b80024000-6e1b84000000 ---p 00000000 00:00 0 
6e1b84000000-6e1b84021000 rw-p 00000000 00:00 0 
6e1b84021000-6e1b88000000 ---p 00000000 00:00 0 
6e1b88000000-6e1b88021000 rw-p 00000000 00:00 0 
6e1b88021000-6e1b8c000000 ---p 00000000 00:00 0 
6e1b8c000000-6e1b8c05a000 rw-p 00000000 00:00 0 
6e1b8c05a000-6e1b90000000 ---p 00000000 00:00 0 
6e1b90000000-6e1b90021000 rw-p 00000000 00:00 0 
6e1b90021000-6e1b94000000 ---p 00000000 00:00 0 
6e1b94000000-6e1b9404a000 rw-p 00000000 00:00 0 
6e1b9404a000-6e1b98000000 ---p 00000000 00:00 0 
6e1b98000000-6e1b98021000 rw-p 00000000 00:00 0 
6e1b98021000-6e1b9c000000 ---p 00000000 00:00 0 
6e1b9c000000-6e1b9c021000 rw-p 00000000 00:00 0 
6e1b9c021000-6e1ba0000000 ---p 00000000 00:00 0 
6e1ba0000000-6e1ba0021000 rw-p 00000000 00:00 0 
6e1ba0021000-6e1ba4000000 ---p 00000000 00:00 0 
6e1ba4000000-6e1ba402d000 rw-p 00000000 00:00 0 
6e1ba402d000-6e1ba8000000 ---p 00000000 00:00 0 
6e1ba8000000-6e1ba8021000 rw-p 00000000 00:00 0 
6e1ba8021000-6e1bac000000 ---p 00000000 00:00 0 
6e1bac000000-6e1bac021000 rw-p 00000000 00:00 0 
6e1bac021000-6e1bb0000000 ---p 00000000 00:00 0 
6e1bb0000000-6e1bb0021000 rw-p 00000000 00:00 0 
6e1bb0021000-6e1bb4000000 ---p 00000000 00:00 0 
6e1bb4000000-6e1bb4021000 rw-p 00000000 00:00 0 
6e1bb4021000-6e1bb8000000 ---p 00000000 00:00 0 
6e1bb8000000-6e1bb8037000 rw-p 00000000 00:00 0 
6e1bb8037000-6e1bbc000000 ---p 00000000 00:00 0 
6e1bbc000000-6e1bbc021000 rw-p 00000000 00:00 0 
6e1bbc021000-6e1bc0000000 ---p 00000000 00:00 0 
6e1bc0000000-6e1bc0048000 rw-p 00000000 00:00 0 
6e1bc0048000-6e1bc4000000 ---p 00000000 00:00 0 
6e1bc4000000-6e1bc4021000 rw-p 00000000 00:00 0 
6e1bc4021000-6e1bc8000000 ---p 00000000 00:00 0 
6e1bc8000000-6e1bc8021000 rw-p 00000000 00:00 0 
6e1bc8021000-6e1bcc000000 ---p 00000000 00:00 0 
6e1bcc000000-6e1bcc8e1000 rw-p 00000000 00:00 0 
6e1bcc8e1000-6e1bd0000000 ---p 00000000 00:00 0 
6e1bd0000000-6e1bd0021000 rw-p 00000000 00:00 0 
6e1bd0021000-6e1bd4000000 ---p 00000000 00:00 0 
6e1bd4000000-6e1bd4b66000 rw-p 00000000 00:00 0 
6e1bd4b66000-6e1bd8000000 ---p 00000000 00:00 0 
6e1bd8000000-6e1bd81f0000 rw-p 00000000 00:00 0 
6e1bd81f0000-6e1bdc000000 ---p 00000000 00:00 0 
6e1bdc000000-6e1bdc021000 rw-p 00000000 00:00 0 
6e1bdc021000-6e1be0000000 ---p 00000000 00:00 0 
6e1be0000000-6e1be0021000 rw-p 00000000 00:00 0 
6e1be0021000-6e1be4000000 ---p 00000000 00:00 0 
6e1be4000000-6e1be4257000 rw-p 00000000 00:00 0 
6e1be4257000-6e1be8000000 ---p 00000000 00:00 0 
6e1be8000000-6e1be8239000 rw-p 00000000 00:00 0 
6e1be8239000-6e1bec000000 ---p 00000000 00:00 0 
6e1bec000000-6e1bec90d000 rw-p 00000000 00:00 0 
6e1bec90d000-6e1bf0000000 ---p 00000000 00:00 0 
6e1bf0000000-6e1bf025a000 rw-p 00000000 00:00 0 
6e1bf025a000-6e1bf4000000 ---p 00000000 00:00 0 
6e1bf4000000-6e1bf4021000 rw-p 00000000 00:00 0 
6e1bf4021000-6e1bf8000000 ---p 00000000 00:00 0 
6e1bf8000000-6e1bf8021000 rw-p 00000000 00:00 0 
6e1bf8021000-6e1bfc000000 ---p 00000000 00:00 0 
6e1bfc000000-6e1bfc022000 rw-p 00000000 00:00 0 
6e1bfc022000-6e1c00000000 ---p 00000000 00:00 0 
6e1c00000000-6e1c00021000 rw-p 00000000 00:00 0 
6e1c00021000-6e1c04000000 ---p 00000000 00:00 0 
6e1c04000000-6e1c04021000 rw-p 00000000 00:00 0 
6e1c04021000-6e1c08000000 ---p 00000000 00:00 0 
6e1c08000000-6e1c08032000 rw-p 00000000 00:00 0 
6e1c08032000-6e1c0c000000 ---p 00000000 00:00 0 
6e1c0c000000-6e1c0c032000 rw-p 00000000 00:00 0 
6e1c0c032000-6e1c10000000 ---p 00000000 00:00 0 
6e1c10000000-6e1c10028000 rw-p 00000000 00:00 0 
6e1c10028000-6e1c14000000 ---p 00000000 00:00 0 
6e1c14000000-6e1c14036000 rw-p 00000000 00:00 0 
6e1c14036000-6e1c18000000 ---p 00000000 00:00 0 
6e1c18000000-6e1c18022000 rw-p 00000000 00:00 0 
6e1c18022000-6e1c1c000000 ---p 00000000 00:00 0 
6e1c1c000000-6e1c1c022000 rw-p 00000000 00:00 0 
6e1c1c022000-6e1c20000000 ---p 00000000 00:00 0 
6e1c20000000-6e1c2002e000 rw-p 00000000 00:00 0 
6e1c2002e000-6e1c24000000 ---p 00000000 00:00 0 
6e1c24000000-6e1c2404b000 rw-p 00000000 00:00 0 
6e1c2404b000-6e1c28000000 ---p 00000000 00:00 0 
6e1c28000000-6e1c28033000 rw-p 00000000 00:00 0 
6e1c28033000-6e1c2c000000 ---p 00000000 00:00 0 
6e1c2c000000-6e1c2c021000 rw-p 00000000 00:00 0 
6e1c2c021000-6e1c30000000 ---p 00000000 00:00 0 
6e1c30000000-6e1c30021000 rw-p 00000000 00:00 0 
6e1c30021000-6e1c34000000 ---p 00000000 00:00 0 
6e1c34000000-6e1c34032000 rw-p 00000000 00:00 0 
6e1c34032000-6e1c38000000 ---p 00000000 00:00 0 
6e1c38000000-6e1c38046000 rw-p 00000000 00:00 0 
6e1c38046000-6e1c3c000000 ---p 00000000 00:00 0 
6e1c3c000000-6e1c3c02b000 rw-p 00000000 00:00 0 
6e1c3c02b000-6e1c40000000 ---p 00000000 00:00 0 
6e1c40000000-6e1c400f3000 rw-p 00000000 00:00 0 
6e1c400f3000-6e1c44000000 ---p 00000000 00:00 0 
6e1c44000000-6e1c4404a000 rw-p 00000000 00:00 0 
6e1c4404a000-6e1c48000000 ---p 00000000 00:00 0 
6e1c48000000-6e1c48021000 rw-p 00000000 00:00 0 
6e1c48021000-6e1c4c000000 ---p 00000000 00:00 0 
6e1c4c000000-6e1c4c023000 rw-p 00000000 00:00 0 
6e1c4c023000-6e1c50000000 ---p 00000000 00:00 0 
6e1c50000000-6e1c5005b000 rw-p 00000000 00:00 0 
6e1c5005b000-6e1c54000000 ---p 00000000 00:00 0 
6e1c54000000-6e1c54021000 rw-p 00000000 00:00 0 
6e1c54021000-6e1c58000000 ---p 00000000 00:00 0 
6e1c58000000-6e1c58022000 rw-p 00000000 00:00 0 
6e1c58022000-6e1c5c000000 ---p 00000000 00:00 0 
6e1c5c000000-6e1c5c021000 rw-p 00000000 00:00 0 
6e1c5c021000-6e1c60000000 ---p 00000000 00:00 0 
6e1c60000000-6e1c60021000 rw-p 00000000 00:00 0 
6e1c60021000-6e1c64000000 ---p 00000000 00:00 0 
6e1c64000000-6e1c64021000 rw-p 00000000 00:00 0 
6e1c64021000-6e1c68000000 ---p 00000000 00:00 0 
6e1c68000000-6e1c68021000 rw-p 00000000 00:00 0 
6e1c68021000-6e1c6c000000 ---p 00000000 00:00 0 
6e1c6c000000-6e1c6c280000 rw-p 00000000 00:00 0 
6e1c6c280000-6e1c6c400000 ---p 00000000 00:00 0 
6e1c6c400000-6e1c6c8b0000 rw-p 00000000 00:00 0 
6e1c6c8b0000-6e1c70000000 ---p 00000000 00:00 0 
6e1c70000000-6e1c70021000 rw-p 00000000 00:00 0 
6e1c70021000-6e1c74000000 ---p 00000000 00:00 0 
6e1c751b5000-6e1c75600000 rw-p 00000000 00:00 0 
6e1c75600000-6e1c75604000 ---p 00000000 00:00 0 
6e1c75604000-6e1c75700000 rw-p 00000000 00:00 0 
6e1c75700000-6e1c75704000 ---p 00000000 00:00 0 
6e1c75704000-6e1c75800000 rw-p 00000000 00:00 0 
6e1c75800000-6e1c75804000 ---p 00000000 00:00 0 
6e1c75804000-6e1c75900000 rw-p 00000000 00:00 0 
6e1c75900000-6e1c75904000 ---p 00000000 00:00 0 
6e1c75904000-6e1c75a00000 rw-p 00000000 00:00 0 
6e1c75a00000-6e1c75a04000 ---p 00000000 00:00 0 
6e1c75a04000-6e1c75b00000 rw-p 00000000 00:00 0 
6e1c75b00000-6e1c75b04000 ---p 00000000 00:00 0 
6e1c75b04000-6e1c75c00000 rw-p 00000000 00:00 0 
6e1c75c00000-6e1c75c04000 ---p 00000000 00:00 0 
6e1c75c04000-6e1c75d00000 rw-p 00000000 00:00 0 
6e1c75d00000-6e1c75d04000 ---p 00000000 00:00 0 
6e1c75d04000-6e1c75e00000 rw-p 00000000 00:00 0 
6e1c75e00000-6e1c75e04000 ---p 00000000 00:00 0 
6e1c75e04000-6e1c75f00000 rw-p 00000000 00:00 0 
6e1c75f00000-6e1c75f04000 ---p 00000000 00:00 0 
6e1c75f04000-6e1c76000000 rw-p 00000000 00:00 0 
6e1c76000000-6e1c76004000 ---p 00000000 00:00 0 
6e1c76004000-6e1c76100000 rw-p 00000000 00:00 0 
6e1c76100000-6e1c76104000 ---p 00000000 00:00 0 
6e1c76104000-6e1c76200000 rw-p 00000000 00:00 0 
6e1c76200000-6e1c76204000 ---p 00000000 00:00 0 
6e1c76204000-6e1c76300000 rw-p 00000000 00:00 0 
6e1c76300000-6e1c76304000 ---p 00000000 00:00 0 
6e1c76304000-6e1c76400000 rw-p 00000000 00:00 0 
6e1c76400000-6e1c76404000 ---p 00000000 00:00 0 
6e1c76404000-6e1c76500000 rw-p 00000000 00:00 0 
6e1c76500000-6e1c76504000 ---p 00000000 00:00 0 
6e1c76504000-6e1c76600000 rw-p 00000000 00:00 0 
6e1c76600000-6e1c76604000 ---p 00000000 00:00 0 
6e1c76604000-6e1c76700000 rw-p 00000000 00:00 0 
6e1c76700000-6e1c76704000 ---p 00000000 00:00 0 
6e1c76704000-6e1c76800000 rw-p 00000000 00:00 0 
6e1c76800000-6e1c76804000 ---p 00000000 00:00 0 
6e1c76804000-6e1c76900000 rw-p 00000000 00:00 0 
6e1c76900000-6e1c76904000 ---p 00000000 00:00 0 
6e1c76904000-6e1c76a00000 rw-p 00000000 00:00 0 
6e1c76a00000-6e1c76a04000 ---p 00000000 00:00 0 
6e1c76a04000-6e1c76b00000 rw-p 00000000 00:00 0 
6e1c76b00000-6e1c76b04000 ---p 00000000 00:00 0 
6e1c76b04000-6e1c76c00000 rw-p 00000000 00:00 0 
6e1c76c00000-6e1c76c04000 ---p 00000000 00:00 0 
6e1c76c04000-6e1c76d00000 rw-p 00000000 00:00 0 
6e1c76d00000-6e1c76d04000 ---p 00000000 00:00 0 
6e1c76d04000-6e1c76e00000 rw-p 00000000 00:00 0 
6e1c76e00000-6e1c76e04000 ---p 00000000 00:00 0 
6e1c76e04000-6e1c76f00000 rw-p 00000000 00:00 0 
6e1c76f00000-6e1c76f04000 ---p 00000000 00:00 0 
6e1c76f04000-6e1c77000000 rw-p 00000000 00:00 0 
6e1c77000000-6e1c77ca3000 rw-p 00001000 fc:00 49677026                   /mydata/openjdk-mmtk/build/b0test/images/jdk/lib/server/classes.jsa
6e1c77ca3000-6e1c78000000 ---p 00000000 00:00 0 
6e1c78000000-6e1c78040000 rw-p 00000000 00:00 0 
6e1c78040000-6e1c78110000 rw-p 00000000 00:00 0 
6e1c78110000-6e1cb8000000 ---p 00000000 00:00 0 
6e1cb8000000-6e1cb8021000 rw-p 00000000 00:00 0 
6e1cb8021000-6e1cbc004000 ---p 00000000 00:00 0 
6e1cbc004000-6e1cbc100000 rw-p 00000000 00:00 0 
6e1cbc100000-6e1cbc104000 ---p 00000000 00:00 0 
6e1cbc104000-6e1cbc200000 rw-p 00000000 00:00 0 
6e1cbc200000-6e1cbc204000 ---p 00000000 00:00 0 
6e1cbc204000-6e1cbc300000 rw-p 00000000 00:00 0 
6e1cbc300000-6e1cbc304000 ---p 00000000 00:00 0 
6e1cbc304000-6e1cbc400000 rw-p 00000000 00:00 0 
6e1cbc400000-6e1cbc404000 ---p 00000000 00:00 0 
6e1cbc404000-6e1cbc500000 rw-p 00000000 00:00 0 
6e1cbc500000-6e1cbc504000 ---p 00000000 00:00 0 
6e1cbc504000-6e1cbc600000 rw-p 00000000 00:00 0 
6e1cbc600000-6e1cbc604000 ---p 00000000 00:00 0 
6e1cbc604000-6e1cbc700000 rw-p 00000000 00:00 0 
6e1cbc700000-6e1cbc704000 ---p 00000000 00:00 0 
6e1cbc704000-6e1cbc800000 rw-p 00000000 00:00 0 
6e1cbc800000-6e1cbc804000 ---p 00000000 00:00 0 
6e1cbc804000-6e1cbc900000 rw-p 00000000 00:00 0 
6e1cbc900000-6e1cbc904000 ---p 00000000 00:00 0 
6e1cbc904000-6e1cbca00000 rw-p 00000000 00:00 0 
6e1cbca00000-6e1cbca04000 ---p 00000000 00:00 0 
6e1cbca04000-6e1cbcb00000 rw-p 00000000 00:00 0 
6e1cbcb00000-6e1cbcb04000 ---p 00000000 00:00 0 
6e1cbcb04000-6e1cbcc00000 rw-p 00000000 00:00 0 
6e1cbcc00000-6e1cbcc04000 ---p 00000000 00:00 0 
6e1cbcc04000-6e1cbcd00000 rw-p 00000000 00:00 0 
6e1cbcd00000-6e1cbcd04000 ---p 00000000 00:00 0 
6e1cbcd04000-6e1cbce00000 rw-p 00000000 00:00 0 
6e1cbce00000-6e1cbce04000 ---p 00000000 00:00 0 
6e1cbce04000-6e1cbcf00000 rw-p 00000000 00:00 0 
6e1cbcf00000-6e1cbcf04000 ---p 00000000 00:00 0 
6e1cbcf04000-6e1cbd000000 rw-p 00000000 00:00 0 
6e1cbd000000-6e1cbd004000 ---p 00000000 00:00 0 
6e1cbd004000-6e1cbd100000 rw-p 00000000 00:00 0 
6e1cbd100000-6e1cbd104000 ---p 00000000 00:00 0 
6e1cbd104000-6e1cbd200000 rw-p 00000000 00:00 0 
6e1cbd200000-6e1cc0200000 rw-p 00000000 00:00 0 
6e1cc02fc000-6e1cc0300000 ---p 00000000 00:00 0 
6e1cc0300000-6e1cc03fc000 rw-p 00000000 00:00 0 
6e1cc03fc000-6e1cf0400000 rw-p 00000000 00:00 0 
6e1cf0400000-6e1cf1400000 ---p 00000000 00:00 0                          [anon:mmtk:sidemeta:all:all-quarantined]
6e1cf1400000-6e1cf1c00000 rw-p 00000000 00:00 0                          [anon:mmtk:sidemeta:immix:VO_BIT]
6e1cf1c00000-701cf2400000 ---p 00000000 00:00 0                          [anon:mmtk:sidemeta:all:all-quarantined]
701cf2400000-701cf2800000 rw-p 00000000 00:00 0                          [anon:mmtk:sidemeta:immix:CHUNK_MARK]
701cf2800000-701cf5400000 ---p 00000000 00:00 0                          [anon:mmtk:sidemeta:all:all-quarantined]
701cf5400000-701cf5c00000 rw-p 00000000 00:00 0                          [anon:mmtk:sidemeta:immix:VMGlobalLogBitSpec]
701cf5c00000-7224f4800000 ---p 00000000 00:00 0                          [anon:mmtk:sidemeta:all:all-quarantined]
7224f4800000-7224f4c00000 rw-p 00000000 00:00 0                          [anon:mmtk:sidemeta:immix:IX_LINE_MARK]
7224f4c00000-72a4f4400000 ---p 00000000 00:00 0                          [anon:mmtk:sidemeta:all:all-quarantined]
72a4f4400000-72a4f4800000 rw-p 00000000 00:00 0                          [anon:mmtk:sidemeta:immix:IX_BLOCK_DEFRAG]
72a4f4800000-72a5f4400000 ---p 00000000 00:00 0                          [anon:mmtk:sidemeta:all:all-quarantined]
72a5f4400000-72a5f4800000 rw-p 00000000 00:00 0                          [anon:mmtk:sidemeta:immix:IX_BLOCK_MARK]
72a5f4800000-78c774400000 ---p 00000000 00:00 0                          [anon:mmtk:sidemeta:all:all-quarantined]
78c774400000-78c774800000 rw-p 00000000 00:00 0                          [anon:mmtk:sidemeta:los:VMLocalLOSMarkNurserySpec]
78c774800000-78c975400000 ---p 00000000 00:00 0                          [anon:mmtk:sidemeta:all:all-quarantined]
78c975400000-78c975c00000 rw-p 00000000 00:00 0                          [anon:mmtk:sidemeta:immix:VMLocalMarkBitSpec]
78c975c00000-7ac974400000 ---p 00000000 00:00 0                          [anon:mmtk:sidemeta:all:all-quarantined]
7ac9744ff000-7ac974503000 ---p 00000000 00:00 0 
7ac974503000-7ac9745ff000 rw-p 00000000 00:00 0 
7ac9745ff000-7ac974603000 ---p 00000000 00:00 0 
7ac974603000-7ac9746ff000 rw-p 00000000 00:00 0 
7ac9746ff000-7ac974703000 ---p 00000000 00:00 0 
7ac974703000-7ac9747ff000 rw-p 00000000 00:00 0 
7ac9747ff000-7ac994800000 rw-p 00000000 00:00 0 
7ac994800000-7ac994e10000 rwxp 00000000 00:00 0 
7ac994e10000-7ac99bc17000 ---p 00000000 00:00 0 
7ac99bc17000-7ac99bf97000 rwxp 00000000 00:00 0 
7ac99bf97000-7ac99c3e8000 ---p 00000000 00:00 0 
7ac99c3e8000-7ac99c658000 rwxp 00000000 00:00 0 
7ac99c658000-7ac9a3800000 ---p 00000000 00:00 0 
7ac9a3800000-7ac9abfa0000 r--s 00000000 fc:00 49676294                   /mydata/openjdk-mmtk/build/b0test/images/jdk/lib/modules
7ac9ac000000-7ac9ac7e7000 rw-p 00000000 00:00 0 
7ac9ac7e7000-7ac9b0000000 ---p 00000000 00:00 0 
7ac9b0018000-7ac9b001d000 r--p 00000000 fc:00 49676401                   /mydata/openjdk-mmtk/build/b0test/images/jdk/lib/libjsvml.so
7ac9b001d000-7ac9b005e000 r-xp 00005000 fc:00 49676401                   /mydata/openjdk-mmtk/build/b0test/images/jdk/lib/libjsvml.so
7ac9b005e000-7ac9b00e7000 r--p 00046000 fc:00 49676401                   /mydata/openjdk-mmtk/build/b0test/images/jdk/lib/libjsvml.so
7ac9b00e7000-7ac9b00e8000 r--p 000ce000 fc:00 49676401                   /mydata/openjdk-mmtk/build/b0test/images/jdk/lib/libjsvml.so
7ac9b00e8000-7ac9b00e9000 rw-p 000cf000 fc:00 49676401                   /mydata/openjdk-mmtk/build/b0test/images/jdk/lib/libjsvml.so
7ac9b00e9000-7ac9b00ed000 ---p 00000000 00:00 0 
7ac9b00ed000-7ac9b01e9000 rw-p 00000000 00:00 0 
7ac9b01e9000-7ac9b01ed000 ---p 00000000 00:00 0 
7ac9b01ed000-7ac9b02e9000 rw-p 00000000 00:00 0 
7ac9b02e9000-7ac9b02ed000 ---p 00000000 00:00 0 
7ac9b02ed000-7ac9b03e9000 rw-p 00000000 00:00 0 
7ac9b03e9000-7ac9b03ed000 ---p 00000000 00:00 0 
7ac9b03ed000-7ac9b04e9000 rw-p 00000000 00:00 0 
7ac9b04e9000-7ac9b04ea000 ---p 00000000 00:00 0 
7ac9b04ea000-7ac9b05ea000 rw-p 00000000 00:00 0 
7ac9b05ea000-7ac9b05eb000 ---p 00000000 00:00 0 
7ac9b05eb000-7ac9b06eb000 rw-p 00000000 00:00 0 
7ac9b06eb000-7ac9b06ec000 ---p 00000000 00:00 0 
7ac9b06ec000-7ac9b07ec000 rw-p 00000000 00:00 0 
7ac9b07ec000-7ac9b07ed000 ---p 00000000 00:00 0 
7ac9b07ed000-7ac9b08ed000 rw-p 00000000 00:00 0 
7ac9b08ed000-7ac9b08ee000 ---p 00000000 00:00 0 
7ac9b08ee000-7ac9b09ee000 rw-p 00000000 00:00 0 
7ac9b09ee000-7ac9b09ef000 ---p 00000000 00:00 0 
7ac9b09ef000-7ac9b0aef000 rw-p 00000000 00:00 0 
7ac9b0aef000-7ac9b0af0000 ---p 00000000 00:00 0 
7ac9b0af0000-7ac9b0bf0000 rw-p 00000000 00:00 0 
7ac9b0bf0000-7ac9b0bf1000 ---p 00000000 00:00 0 
7ac9b0bf1000-7ac9b0cf1000 rw-p 00000000 00:00 0 
7ac9b0cf1000-7ac9b0cf2000 ---p 00000000 00:00 0 
7ac9b0cf2000-7ac9b0df2000 rw-p 00000000 00:00 0 
7ac9b0df2000-7ac9b0df3000 ---p 00000000 00:00 0 
7ac9b0df3000-7ac9b0ef3000 rw-p 00000000 00:00 0 
7ac9b0ef3000-7ac9b0ef4000 ---p 00000000 00:00 0 
7ac9b0ef4000-7ac9b0ff4000 rw-p 00000000 00:00 0 
7ac9b0ff4000-7ac9b0ff5000 ---p 00000000 00:00 0 
7ac9b0ff5000-7ac9b10f5000 rw-p 00000000 00:00 0 
7ac9b10f5000-7ac9b10f6000 ---p 00000000 00:00 0 
7ac9b10f6000-7ac9b11f6000 rw-p 00000000 00:00 0 
7ac9b11f6000-7ac9b11f7000 ---p 00000000 00:00 0 
7ac9b11f7000-7ac9b12f7000 rw-p 00000000 00:00 0 
7ac9b12f7000-7ac9b12f8000 ---p 00000000 00:00 0 
7ac9b12f8000-7ac9b13f8000 rw-p 00000000 00:00 0 
7ac9b13f8000-7ac9b13f9000 ---p 00000000 00:00 0 
7ac9b13f9000-7ac9b14f9000 rw-p 00000000 00:00 0 
7ac9b14f9000-7ac9b14fa000 ---p 00000000 00:00 0 
7ac9b14fa000-7ac9b15fa000 rw-p 00000000 00:00 0 
7ac9b15fa000-7ac9b15fb000 ---p 00000000 00:00 0 
7ac9b15fb000-7ac9b16fb000 rw-p 00000000 00:00 0 
7ac9b16fb000-7ac9b16fc000 ---p 00000000 00:00 0 
7ac9b16fc000-7ac9b17fc000 rw-p 00000000 00:00 0 
7ac9b17fc000-7ac9b17fd000 ---p 00000000 00:00 0 
7ac9b17fd000-7ac9b18fd000 rw-p 00000000 00:00 0 
7ac9b18fd000-7ac9b18fe000 ---p 00000000 00:00 0 
7ac9b18fe000-7ac9b19fe000 rw-p 00000000 00:00 0 
7ac9b19fe000-7ac9b19ff000 ---p 00000000 00:00 0 
7ac9b19ff000-7ac9b1aff000 rw-p 00000000 00:00 0 
7ac9b1aff000-7ac9b1b00000 ---p 00000000 00:00 0 
7ac9b1b00000-7ac9b1c00000 rw-p 00000000 00:00 0 
7ac9b1c00000-7ac9b1c04000 ---p 00000000 00:00 0 
7ac9b1c04000-7ac9b1d00000 rw-p 00000000 00:00 0 
7ac9b1d00000-7ac9b1d04000 ---p 00000000 00:00 0 
7ac9b1d04000-7ac9b1e00000 rw-p 00000000 00:00 0 
7ac9b1e00000-7ac9b20eb000 r--p 00000000 08:03 1410552                    /usr/lib/locale/locale-archive
7ac9b20f6000-7ac9b20fd000 r--s 00000000 08:03 1436340                    /usr/lib/x86_64-linux-gnu/gconv/gconv-modules.cache
7ac9b20fd000-7ac9b2101000 ---p 00000000 00:00 0 
7ac9b2101000-7ac9b21fd000 rw-p 00000000 00:00 0 
7ac9b21fd000-7ac9b21fe000 ---p 00000000 00:00 0 
7ac9b21fe000-7ac9b22fe000 rw-p 00000000 00:00 0 
7ac9b22fe000-7ac9b22ff000 ---p 00000000 00:00 0 
7ac9b22ff000-7ac9b23ff000 rw-p 00000000 00:00 0 
7ac9b23ff000-7ac9b2a00000 rw-p 00000000 00:00 0 
7ac9b2a00000-7ac9b2a0c000 r--p 00000000 fc:00 13107225                   /mydata/gc-bpf-fault/shim/libgcbpf.so
7ac9b2a0c000-7ac9b2a6e000 r-xp 0000c000 fc:00 13107225                   /mydata/gc-bpf-fault/shim/libgcbpf.so
7ac9b2a6e000-7ac9b2c1b000 r--p 0006e000 fc:00 13107225                   /mydata/gc-bpf-fault/shim/libgcbpf.so
7ac9b2c1b000-7ac9b2c1d000 r--p 0021b000 fc:00 13107225                   /mydata/gc-bpf-fault/shim/libgcbpf.so
7ac9b2c1d000-7ac9b2c1e000 rw-p 0021d000 fc:00 13107225                   /mydata/gc-bpf-fault/shim/libgcbpf.so
7ac9b2c1e000-7ac9b2c1f000 rw-p 00000000 00:00 0 
7ac9b2c20000-7ac9b2c24000 r--p 00000000 fc:00 49676349                   /mydata/openjdk-mmtk/build/b0test/images/jdk/lib/libverify.so
7ac9b2c24000-7ac9b2c2b000 r-xp 00004000 fc:00 49676349                   /mydata/openjdk-mmtk/build/b0test/images/jdk/lib/libverify.so
7ac9b2c2b000-7ac9b2c2d000 r--p 0000b000 fc:00 49676349                   /mydata/openjdk-mmtk/build/b0test/images/jdk/lib/libverify.so
7ac9b2c2d000-7ac9b2c2f000 r--p 0000c000 fc:00 49676349                   /mydata/openjdk-mmtk/build/b0test/images/jdk/lib/libverify.so
7ac9b2c2f000-7ac9b2c30000 rw-p 0000e000 fc:00 49676349                   /mydata/openjdk-mmtk/build/b0test/images/jdk/lib/libverify.so
7ac9b2c30000-7ac9b2c31000 ---p 00000000 00:00 0 
7ac9b2c31000-7ac9b2d31000 rw-p 00000000 00:00 0 
7ac9b2d31000-7ac9b2d35000 r--p 00000000 08:03 1410107                    /usr/lib/x86_64-linux-gnu/libzstd.so.1.5.5
7ac9b2d35000-7ac9b2ddc000 r-xp 00004000 08:03 1410107                    /usr/lib/x86_64-linux-gnu/libzstd.so.1.5.5
7ac9b2ddc000-7ac9b2de9000 r--p 000ab000 08:03 1410107                    /usr/lib/x86_64-linux-gnu/libzstd.so.1.5.5
7ac9b2de9000-7ac9b2dea000 r--p 000b7000 08:03 1410107                    /usr/lib/x86_64-linux-gnu/libzstd.so.1.5.5
7ac9b2dea000-7ac9b2deb000 rw-p 000b8000 08:03 1410107                    /usr/lib/x86_64-linux-gnu/libzstd.so.1.5.5
7ac9b2deb000-7ac9b2dee000 r--p 00000000 08:03 1410420                    /usr/lib/x86_64-linux-gnu/libelf-0.190.so
7ac9b2dee000-7ac9b2e04000 r-xp 00003000 08:03 1410420                    /usr/lib/x86_64-linux-gnu/libelf-0.190.so
7ac9b2e04000-7ac9b2e08000 r--p 00019000 08:03 1410420                    /usr/lib/x86_64-linux-gnu/libelf-0.190.so
7ac9b2e08000-7ac9b2e09000 r--p 0001c000 08:03 1410420                    /usr/lib/x86_64-linux-gnu/libelf-0.190.so
7ac9b2e09000-7ac9b2e0a000 rw-p 0001d000 08:03 1410420                    /usr/lib/x86_64-linux-gnu/libelf-0.190.so
7ac9b2e0a000-7ac9b2e0f000 rw-p 00000000 00:00 0 
7ac9b2e0f000-7ac9b2ef3000 ---p 00000000 00:00 0 
7ac9b2ef3000-7ac9b2f00000 rw-p 00000000 00:00 0 
7ac9b2f00000-7ac9b2fdc000 ---p 00000000 00:00 0 
7ac9b2fdc000-7ac9b2fe9000 r--p 00000000 fc:00 49676339                   /mydata/openjdk-mmtk/build/b0test/images/jdk/lib/libjava.so
7ac9b2fe9000-7ac9b2ff8000 r-xp 0000d000 fc:00 49676339                   /mydata/openjdk-mmtk/build/b0test/images/jdk/lib/libjava.so
7ac9b2ff8000-7ac9b2ffd000 r--p 0001c000 fc:00 49676339                   /mydata/openjdk-mmtk/build/b0test/images/jdk/lib/libjava.so
7ac9b2ffd000-7ac9b2ffe000 r--p 00021000 fc:00 49676339                   /mydata/openjdk-mmtk/build/b0test/images/jdk/lib/libjava.so
7ac9b2ffe000-7ac9b2fff000 rw-p 00022000 fc:00 49676339                   /mydata/openjdk-mmtk/build/b0test/images/jdk/lib/libjava.so
7ac9b2fff000-7ac9b3000000 rw-p 00000000 00:00 0 
7ac9b3000000-7ac9b3147000 r--p 00000000 fc:00 49676359                   /mydata/openjdk-mmtk/build/b0test/images/jdk/lib/server/libmmtk_openjdk.so
7ac9b3147000-7ac9b33c2000 r-xp 00146000 fc:00 49676359                   /mydata/openjdk-mmtk/build/b0test/images/jdk/lib/server/libmmtk_openjdk.so
7ac9b33c2000-7ac9b3402000 r--p 003c0000 fc:00 49676359                   /mydata/openjdk-mmtk/build/b0test/images/jdk/lib/server/libmmtk_openjdk.so
7ac9b3402000-7ac9b3405000 rw-p 003ff000 fc:00 49676359                   /mydata/openjdk-mmtk/build/b0test/images/jdk/lib/server/libmmtk_openjdk.so
7ac9b3405000-7ac9b3407000 rw-p 00000000 00:00 0 
7ac9b3408000-7ac9b340b000 r--p 00000000 fc:00 49676346                   /mydata/openjdk-mmtk/build/b0test/images/jdk/lib/libnet.so
7ac9b340b000-7ac9b3413000 r-xp 00003000 fc:00 49676346                   /mydata/openjdk-mmtk/build/b0test/images/jdk/lib/libnet.so
7ac9b3413000-7ac9b3415000 r--p 0000b000 fc:00 49676346                   /mydata/openjdk-mmtk/build/b0test/images/jdk/lib/libnet.so
7ac9b3415000-7ac9b3416000 r--p 0000c000 fc:00 49676346                   /mydata/openjdk-mmtk/build/b0test/images/jdk/lib/libnet.so
7ac9b3416000-7ac9b3417000 rw-p 0000d000 fc:00 49676346                   /mydata/openjdk-mmtk/build/b0test/images/jdk/lib/libnet.so
7ac9b3417000-7ac9b341b000 ---p 00000000 00:00 0 
7ac9b341b000-7ac9b3517000 rw-p 00000000 00:00 0 
7ac9b3517000-7ac9b3527000 r--p 00000000 08:03 1411099                    /usr/lib/x86_64-linux-gnu/libm.so.6
7ac9b3527000-7ac9b35a6000 r-xp 00010000 08:03 1411099                    /usr/lib/x86_64-linux-gnu/libm.so.6
7ac9b35a6000-7ac9b35fe000 r--p 0008f000 08:03 1411099                    /usr/lib/x86_64-linux-gnu/libm.so.6
7ac9b35fe000-7ac9b35ff000 r--p 000e7000 08:03 1411099                    /usr/lib/x86_64-linux-gnu/libm.so.6
7ac9b35ff000-7ac9b3600000 rw-p 000e8000 08:03 1411099                    /usr/lib/x86_64-linux-gnu/libm.so.6
7ac9b3600000-7ac9b38a9000 r--p 00000000 fc:00 49676358                   /mydata/openjdk-mmtk/build/b0test/images/jdk/lib/server/libjvm.so
7ac9b38a9000-7ac9b473c000 r-xp 002a9000 fc:00 49676358                   /mydata/openjdk-mmtk/build/b0test/images/jdk/lib/server/libjvm.so
7ac9b473c000-7ac9b4a20000 r--p 0113c000 fc:00 49676358                   /mydata/openjdk-mmtk/build/b0test/images/jdk/lib/server/libjvm.so
7ac9b4a20000-7ac9b4af6000 r--p 0141f000 fc:00 49676358                   /mydata/openjdk-mmtk/build/b0test/images/jdk/lib/server/libjvm.so
7ac9b4af6000-7ac9b4b26000 rw-p 014f5000 fc:00 49676358                   /mydata/openjdk-mmtk/build/b0test/images/jdk/lib/server/libjvm.so
7ac9b4b26000-7ac9b4b8c000 rw-p 00000000 00:00 0 
7ac9b4b8e000-7ac9b4b90000 r--p 00000000 fc:00 49676350                   /mydata/openjdk-mmtk/build/b0test/images/jdk/lib/libzip.so
7ac9b4b90000-7ac9b4b95000 r-xp 00002000 fc:00 49676350                   /mydata/openjdk-mmtk/build/b0test/images/jdk/lib/libzip.so
7ac9b4b95000-7ac9b4b97000 r--p 00007000 fc:00 49676350                   /mydata/openjdk-mmtk/build/b0test/images/jdk/lib/libzip.so
7ac9b4b97000-7ac9b4b98000 r--p 00008000 fc:00 49676350                   /mydata/openjdk-mmtk/build/b0test/images/jdk/lib/libzip.so
7ac9b4b98000-7ac9b4b99000 rw-p 00009000 fc:00 49676350                   /mydata/openjdk-mmtk/build/b0test/images/jdk/lib/libzip.so
7ac9b4b99000-7ac9b4ba0000 r--p 00000000 fc:00 49676347                   /mydata/openjdk-mmtk/build/b0test/images/jdk/lib/libnio.so
7ac9b4ba0000-7ac9b4ba9000 r-xp 00007000 fc:00 49676347                   /mydata/openjdk-mmtk/build/b0test/images/jdk/lib/libnio.so
7ac9b4ba9000-7ac9b4bad000 r--p 00010000 fc:00 49676347                   /mydata/openjdk-mmtk/build/b0test/images/jdk/lib/libnio.so
7ac9b4bad000-7ac9b4bae000 r--p 00014000 fc:00 49676347                   /mydata/openjdk-mmtk/build/b0test/images/jdk/lib/libnio.so
7ac9b4bae000-7ac9b4baf000 rw-p 00015000 fc:00 49676347                   /mydata/openjdk-mmtk/build/b0test/images/jdk/lib/libnio.so
7ac9b4baf000-7ac9b4bb3000 r--p 00000000 fc:00 49676340                   /mydata/openjdk-mmtk/build/b0test/images/jdk/lib/libjimage.so
7ac9b4bb3000-7ac9b4bca000 r-xp 00004000 fc:00 49676340                   /mydata/openjdk-mmtk/build/b0test/images/jdk/lib/libjimage.so
7ac9b4bca000-7ac9b4bcf000 r--p 0001b000 fc:00 49676340                   /mydata/openjdk-mmtk/build/b0test/images/jdk/lib/libjimage.so
7ac9b4bcf000-7ac9b4bd1000 r--p 00020000 fc:00 49676340                   /mydata/openjdk-mmtk/build/b0test/images/jdk/lib/libjimage.so
7ac9b4bd1000-7ac9b4bd2000 rw-p 00022000 fc:00 49676340                   /mydata/openjdk-mmtk/build/b0test/images/jdk/lib/libjimage.so
7ac9b4bd2000-7ac9b4bd6000 r--p 00000000 08:03 1410148                    /usr/lib/x86_64-linux-gnu/libgcc_s.so.1
7ac9b4bd6000-7ac9b4bfa000 r-xp 00004000 08:03 1410148                    /usr/lib/x86_64-linux-gnu/libgcc_s.so.1
7ac9b4bfa000-7ac9b4bfe000 r--p 00028000 08:03 1410148                    /usr/lib/x86_64-linux-gnu/libgcc_s.so.1
7ac9b4bfe000-7ac9b4bff000 r--p 0002b000 08:03 1410148                    /usr/lib/x86_64-linux-gnu/libgcc_s.so.1
7ac9b4bff000-7ac9b4c00000 rw-p 0002c000 08:03 1410148                    /usr/lib/x86_64-linux-gnu/libgcc_s.so.1
7ac9b4c00000-7ac9b4c28000 r--p 00000000 08:03 1410238                    /usr/lib/x86_64-linux-gnu/libc.so.6
7ac9b4c28000-7ac9b4db0000 r-xp 00028000 08:03 1410238                    /usr/lib/x86_64-linux-gnu/libc.so.6
7ac9b4db0000-7ac9b4dff000 r--p 001b0000 08:03 1410238                    /usr/lib/x86_64-linux-gnu/libc.so.6
7ac9b4dff000-7ac9b4e03000 r--p 001fe000 08:03 1410238                    /usr/lib/x86_64-linux-gnu/libc.so.6
7ac9b4e03000-7ac9b4e05000 rw-p 00202000 08:03 1410238                    /usr/lib/x86_64-linux-gnu/libc.so.6
7ac9b4e05000-7ac9b4e12000 rw-p 00000000 00:00 0 
7ac9b4e18000-7ac9b4e1f000 rw-p 00000000 00:00 0 
7ac9b4e1f000-7ac9b4e28000 ---p 00000000 00:00 0 
7ac9b4e28000-7ac9b4e30000 rw-s 00000000 08:03 237598                     /tmp/hsperfdata_root/298766
7ac9b4e30000-7ac9b4e32000 rw-p 00000000 00:00 0 
7ac9b4e32000-7ac9b4e34000 r--p 00000000 08:03 1409104                    /usr/lib/x86_64-linux-gnu/libz.so.1.3
7ac9b4e34000-7ac9b4e46000 r-xp 00002000 08:03 1409104                    /usr/lib/x86_64-linux-gnu/libz.so.1.3
7ac9b4e46000-7ac9b4e4c000 r--p 00014000 08:03 1409104                    /usr/lib/x86_64-linux-gnu/libz.so.1.3
7ac9b4e4c000-7ac9b4e4d000 r--p 0001a000 08:03 1409104                    /usr/lib/x86_64-linux-gnu/libz.so.1.3
7ac9b4e4d000-7ac9b4e4e000 rw-p 0001b000 08:03 1409104                    /usr/lib/x86_64-linux-gnu/libz.so.1.3
7ac9b4e53000-7ac9b4e54000 rw-s 00000000 00:10 68                         anon_inode:bpf-map
7ac9b4e54000-7ac9b4e55000 r--s 00000000 00:10 68                         anon_inode:bpf-map
7ac9b4e55000-7ac9b4e56000 ---p 00000000 00:00 0 
7ac9b4e56000-7ac9b4e57000 r--p 00000000 00:00 0 
7ac9b4e57000-7ac9b4e58000 ---p 00000000 00:00 0 
7ac9b4e58000-7ac9b4e5a000 r--p 00000000 fc:00 49676342                   /mydata/openjdk-mmtk/build/b0test/images/jdk/lib/libjli.so
7ac9b4e5a000-7ac9b4e64000 r-xp 00002000 fc:00 49676342                   /mydata/openjdk-mmtk/build/b0test/images/jdk/lib/libjli.so
7ac9b4e64000-7ac9b4e67000 r--p 0000c000 fc:00 49676342                   /mydata/openjdk-mmtk/build/b0test/images/jdk/lib/libjli.so
7ac9b4e67000-7ac9b4e68000 r--p 0000f000 fc:00 49676342                   /mydata/openjdk-mmtk/build/b0test/images/jdk/lib/libjli.so
7ac9b4e68000-7ac9b4e69000 rw-p 00010000 fc:00 49676342                   /mydata/openjdk-mmtk/build/b0test/images/jdk/lib/libjli.so
7ac9b4e69000-7ac9b4e6b000 rw-p 00000000 00:00 0 
7ac9b4e6b000-7ac9b4e6f000 r--p 00000000 00:00 0                          [vvar]
7ac9b4e6f000-7ac9b4e71000 r--p 00000000 00:00 0                          [vvar_vclock]
7ac9b4e71000-7ac9b4e73000 r-xp 00000000 00:00 0                          [vdso]
7ac9b4e73000-7ac9b4e74000 r--p 00000000 08:03 1409763                    /usr/lib/x86_64-linux-gnu/ld-linux-x86-64.so.2
7ac9b4e74000-7ac9b4e9f000 r-xp 00001000 08:03 1409763                    /usr/lib/x86_64-linux-gnu/ld-linux-x86-64.so.2
7ac9b4e9f000-7ac9b4ea9000 r--p 0002c000 08:03 1409763                    /usr/lib/x86_64-linux-gnu/ld-linux-x86-64.so.2
7ac9b4ea9000-7ac9b4eab000 r--p 00036000 08:03 1409763                    /usr/lib/x86_64-linux-gnu/ld-linux-x86-64.so.2
7ac9b4eab000-7ac9b4ead000 rw-p 00038000 08:03 1409763                    /usr/lib/x86_64-linux-gnu/ld-linux-x86-64.so.2
7fff0ccb4000-7fff0ccd5000 rw-p 00000000 00:00 0                          [stack]
ffffffffff600000-ffffffffff601000 --xp 00000000 00:00 0                  [vsyscall]
Total number of mappings: 537

JVMTI agents: none


VM Arguments:
jvm_args: -XX:+UseThirdPartyHeap -Xms512m -Xmx512m 
java_command: /mydata/dacapo/dacapo-23.11/dacapo-23.11-MR2-chopin.jar xalan -n 3
java_class_path (initial): /mydata/dacapo/dacapo-23.11/dacapo-23.11-MR2-chopin.jar
Launcher Type: SUN_STANDARD

[Global flags]
     intx CICompilerCount                          = 15                                        {product} {ergonomic}
   size_t InitialHeapSize                          = 536870912                                 {product} {command line}
   size_t MaxHeapSize                              = 536870912                                 {product} {command line}
   size_t MinHeapDeltaBytes                        = 524288                                    {product} {ergonomic}
   size_t MinHeapSize                              = 536870912                                 {product} {command line}
    uintx NonNMethodCodeHeapSize                   = 8192380                                {pd product} {ergonomic}
    uintx NonProfiledCodeHeapSize                  = 121732930                              {pd product} {ergonomic}
    uintx ProfiledCodeHeapSize                     = 121732930                              {pd product} {ergonomic}
    uintx ReservedCodeCacheSize                    = 251658240                              {pd product} {ergonomic}
     bool SegmentedCodeCache                       = true                                      {product} {ergonomic}
   size_t SoftMaxHeapSize                          = 536870912                              {manageable} {ergonomic}
     bool UseCompressedOops                        = true                           {product lp64_product} {ergonomic}

Logging:
Log output configuration:
 #0: stdout all=warning uptime,level,tags foldmultilines=false
 #1: stderr all=off uptime,level,tags foldmultilines=false

Release file:
IMPLEMENTOR="N/A"
JAVA_RUNTIME_VERSION="21.0.9-internal-adhoc.talzuss.openjdk-mmtk"
JAVA_VERSION="21.0.9"
JAVA_VERSION_DATE="2025-10-21"
LIBC="gnu"
MODULES="java.base java.compiler java.datatransfer java.xml java.prefs java.desktop java.instrument java.logging java.management java.security.sasl java.naming java.rmi java.management.rmi java.net.http java.scripting java.security.jgss java.transaction.xa java.sql java.sql.rowset java.xml.crypto java.se java.smartcardio jdk.accessibility jdk.internal.jvmstat jdk.attach jdk.charsets jdk.internal.opt jdk.zipfs jdk.compiler jdk.crypto.ec jdk.crypto.cryptoki jdk.dynalink jdk.internal.ed jdk.editpad jdk.hotspot.agent jdk.httpserver jdk.incubator.vector jdk.internal.le jdk.internal.vm.ci jdk.internal.vm.compiler jdk.internal.vm.compiler.management jdk.jartool jdk.javadoc jdk.jcmd jdk.management jdk.management.agent jdk.jconsole jdk.jdeps jdk.jdwp.agent jdk.jdi jdk.jfr jdk.jlink jdk.jpackage jdk.jshell jdk.jsobject jdk.jstatd jdk.localedata jdk.management.jfr jdk.naming.dns jdk.naming.rmi jdk.net jdk.nio.mapmode jdk.random jdk.sctp jdk.security.auth jdk.security.jgss jdk.unsupported jdk.unsupported.desktop jdk.xml.dom"
OS_ARCH="x86_64"
OS_NAME="Linux"
SOURCE=".:git:b557520f04b3+"

Environment Variables:
PATH=/usr/local/sbin:/usr/local/bin:/usr/sbin:/usr/bin:/sbin:/bin:/snap/bin
SHELL=/bin/bash
LANG=en_US.UTF-8
TERM=tmux-256color

Active Locale:
LC_ALL=en_US.UTF-8
LC_COLLATE=en_US.UTF-8
LC_CTYPE=en_US.UTF-8
LC_MESSAGES=en_US.UTF-8
LC_MONETARY=en_US.UTF-8
LC_NUMERIC=en_US.UTF-8
LC_TIME=en_US.UTF-8

Signal Handlers:
   SIGSEGV: crash_handler in libjvm.so, mask=11100100010111111101111111111110, flags=SA_RESTART|SA_SIGINFO, unblocked
    SIGBUS: crash_handler in libjvm.so, mask=11100100010111111101111111111110, flags=SA_RESTART|SA_SIGINFO, unblocked
    SIGFPE: crash_handler in libjvm.so, mask=11100100010111111101111111111110, flags=SA_RESTART|SA_SIGINFO, unblocked
   SIGPIPE: javaSignalHandler in libjvm.so, mask=11100100010111111101111111111110, flags=SA_RESTART|SA_SIGINFO, blocked
   SIGXFSZ: javaSignalHandler in libjvm.so, mask=11100100010111111101111111111110, flags=SA_RESTART|SA_SIGINFO, blocked
    SIGILL: crash_handler in libjvm.so, mask=11100100010111111101111111111110, flags=SA_RESTART|SA_SIGINFO, unblocked
   SIGUSR2: SR_handler in libjvm.so, mask=00000000000000000000000000000000, flags=SA_RESTART|SA_SIGINFO, blocked
    SIGHUP: UserHandler in libjvm.so, mask=11100100010111111101111111111110, flags=SA_RESTART|SA_SIGINFO, blocked
    SIGINT: UserHandler in libjvm.so, mask=11100100010111111101111111111110, flags=SA_RESTART|SA_SIGINFO, blocked
   SIGTERM: UserHandler in libjvm.so, mask=11100100010111111101111111111110, flags=SA_RESTART|SA_SIGINFO, blocked
   SIGQUIT: UserHandler in libjvm.so, mask=11100100010111111101111111111110, flags=SA_RESTART|SA_SIGINFO, blocked
   SIGTRAP: crash_handler in libjvm.so, mask=11100100010111111101111111111110, flags=SA_RESTART|SA_SIGINFO, unblocked


Periodic native trim disabled

---------------  S Y S T E M  ---------------

OS:
DISTRIB_ID=Ubuntu
DISTRIB_RELEASE=24.04
DISTRIB_CODENAME=noble
DISTRIB_DESCRIPTION="Ubuntu 24.04.4 LTS"
uname: Linux 6.17.0-bpf-fault+ #1 SMP PREEMPT_DYNAMIC Mon Jul  6 16:43:12 MDT 2026 x86_64
OS uptime: 0 days 20:07 hours
libc: glibc 2.39 NPTL 2.39 
rlimit (soft/hard): STACK 8192k/infinity , CORE 0k/0k , NPROC 513205/513205 , NOFILE 1048576/1048576 , AS infinity/infinity , CPU infinity/infinity , DATA infinity/infinity , FSIZE infinity/infinity , MEMLOCK 16436528k/16436528k
load average: 1.18 0.62 0.37

/proc/meminfo:
MemTotal:       131492232 kB
MemFree:        78056804 kB
MemAvailable:   120049652 kB
Buffers:          512736 kB
Cached:         40881876 kB
SwapCached:            0 kB
Active:          2925976 kB
Inactive:       40585168 kB
Active(anon):    2133008 kB
Inactive(anon):        0 kB
Active(file):     792968 kB
Inactive(file): 40585168 kB
Unevictable:       41912 kB
Mlocked:           38840 kB
SwapTotal:       8388604 kB
SwapFree:        8388604 kB
Zswap:                 0 kB
Zswapped:              0 kB
Dirty:           1247676 kB
Writeback:             0 kB
AnonPages:       2160072 kB
Mapped:          6560304 kB
Shmem:              5316 kB
KReclaimable:    1865948 kB
Slab:            2385784 kB
SReclaimable:    1865948 kB
SUnreclaim:       519836 kB
KernelStack:       11200 kB
PageTables:        42504 kB
SecPageTables:      8712 kB
NFS_Unstable:          0 kB
Bounce:                0 kB
WritebackTmp:          0 kB
CommitLimit:    74134720 kB
Committed_AS:   161707532 kB
VmallocTotal:   34359738367 kB
VmallocUsed:       37196 kB
VmallocChunk:          0 kB
Percpu:            48896 kB
HardwareCorrupted:     0 kB
AnonHugePages:         0 kB
ShmemHugePages:        0 kB
ShmemPmdMapped:        0 kB
FileHugePages:   2160640 kB
FilePmdMapped:         0 kB
Unaccepted:            0 kB
Balloon:               0 kB
HugePages_Total:       0
HugePages_Free:        0
HugePages_Rsvd:        0
HugePages_Surp:        0
Hugepagesize:       2048 kB
Hugetlb:               0 kB
DirectMap4k:      668480 kB
DirectMap2M:    19890176 kB
DirectMap1G:    113246208 kB

/sys/kernel/mm/transparent_hugepage/enabled: always [madvise] never
/sys/kernel/mm/transparent_hugepage/hpage_pmd_size: 2097152
/sys/kernel/mm/transparent_hugepage/defrag (defrag/compaction efforts parameter): always defer defer+madvise [madvise] never

Process Memory:
Virtual Size: 13620288036K (peak: 13620288036K)
Resident Set Size: 4143532K (peak: 4143532K) (anon: 970152K, file: 3173380K, shmem: 0K)
Swapped out: 0K
C-Heap outstanding allocations: 1407944K, retained: 42119K
glibc malloc tunables: (default)

/proc/sys/kernel/threads-max (system-wide limit on the number of threads): 1026411
/proc/sys/vm/max_map_count (maximum number of memory map areas a process may have): 1048576
/proc/sys/vm/swappiness (control to define how aggressively the kernel swaps out anonymous memory): 60
/proc/sys/kernel/pid_max (system-wide limit on number of process identifiers): 4194304

container information not found.
Steal ticks since vm start: 0
Steal ticks percentage since vm start:  0.000

CPU: total 32 (initial active 32) (32 cores per cpu, 2 threads per core) family 23 model 49 stepping 0 microcode 0x830107c, cx8, cmov, fxsr, ht, mmx, 3dnowpref, sse, sse2, sse3, ssse3, sse4a, sse4.1, sse4.2, popcnt, lzcnt, tsc, tscinvbit, avx, avx2, aes, clmul, bmi1, bmi2, adx, sha, fma, vzeroupper, clflush, clflushopt, rdtscp, rdpid, f16c
CPU Model and flags from /proc/cpuinfo:
model name	: AMD EPYC 7302P 16-Core Processor
flags		: fpu vme de pse tsc msr pae mce cx8 apic sep mtrr pge mca cmov pat pse36 clflush mmx fxsr sse sse2 ht syscall nx mmxext fxsr_opt pdpe1gb rdtscp lm constant_tsc rep_good nopl xtopology nonstop_tsc cpuid extd_apicid aperfmperf rapl pni pclmulqdq monitor ssse3 fma cx16 sse4_1 sse4_2 movbe popcnt aes xsave avx f16c rdrand lahf_lm cmp_legacy svm extapic cr8_legacy abm sse4a misalignsse 3dnowprefetch osvw ibs skinit wdt tce topoext perfctr_core perfctr_nb bpext perfctr_llc mwaitx cpb cat_l3 cdp_l3 hw_pstate ssbd mba ibrs ibpb stibp vmmcall fsgsbase bmi1 avx2 smep bmi2 cqm rdt_a rdseed adx smap clflushopt clwb sha_ni xsaveopt xsavec xgetbv1 xsaves cqm_llc cqm_occup_llc cqm_mbm_total cqm_mbm_local clzero irperf xsaveerptr rdpru wbnoinvd amd_ppin arat npt lbrv svm_lock nrip_save tsc_scale vmcb_clean flushbyasid decodeassists pausefilter pfthreshold avic v_vmsave_vmload vgif v_spec_ctrl umip rdpid overflow_recov succor smca sev sev_es

Online cpus: 0-31
Offline cpus: 
BIOS frequency limitation: <Not Available>
Frequency switch latency (ns): <Not Available>
Available cpu frequencies: <Not Available>
Current governor: <Not Available>
Core performance/turbo boost: <Not Available>

Memory: 4k page, physical 131492232k(120049652k free), swap 8388604k(8388604k free)
Page Sizes: 4k

vm_info: OpenJDK 64-Bit Server VM (21.0.9-internal-adhoc.talzuss.openjdk-mmtk) for linux-amd64 JRE (21.0.9-internal-adhoc.talzuss.openjdk-mmtk), built on 2026-07-06T23:13:08Z by "talzuss" with gcc 13.3.0
heap_info: MMTk OpenJDK 0.32.0 (15c0350-dirty), using MMTk 0.32.0 (06c0b68-dirty, BUILTIN_ENV_LOGGER, DEFAULT, EAGER_SWEEPING, VO_BIT)

END.
