#
# A fatal error has been detected by the Java Runtime Environment:
#
#  SIGSEGV (0xb) at pc=0x00007a46a1c9ef8a, pid=274031, tid=274059
#
# JRE version: OpenJDK Runtime Environment (21.0.9) (build 21.0.9-internal-adhoc.talzuss.openjdk-mmtk)
# Java VM: OpenJDK 64-Bit Server VM (21.0.9-internal-adhoc.talzuss.openjdk-mmtk, mixed mode, sharing, tiered, compressed oops, compressed class ptrs, third-party gc, linux-amd64)
# Problematic frame:
# C  [libmmtk_openjdk.so+0x29ef8a]  _$LT$mmtk..plan..concurrent..immix..gc_work..SatbValidatingTrace$LT$VM$GT$$u20$as$u20$mmtk..scheduler..work..GCWork$LT$VM$GT$$GT$::do_work::hcb61fcda66e0921a+0x2da
#
# Core dump will be written. Default location: Core dumps may be processed with "/usr/share/apport/apport -p%p -s%s -c%c -d%d -P%P -u%u -g%g -F%F -- %E" (or dumping to /mydata/mmtk-core/core.274031)
#
# If you would like to submit a bug report, please visit:
#   https://bugreport.java.com/bugreport/crash.jsp
#

---------------  S U M M A R Y ------------

Command Line: -XX:+UseThirdPartyHeap -Xms512m -Xmx512m /mydata/dacapo/dacapo-23.11/dacapo-23.11-MR2-chopin.jar xalan -n 3

Host: AMD EPYC 7302P 16-Core Processor, 32 cores, 125G, Ubuntu 24.04.4 LTS
Time: Tue Jul  7 11:58:39 2026 MDT elapsed time: 3.215705 seconds (0d 0h 0m 3s)

---------------  T H R E A D  ---------------

Current thread (0x00007a469c541950):  NamedThread "MMTk Collector Thread" [id=274059, stack(0x00006d996a6f8000,0x00006d996a7f8000) (1024K)]

Stack: [0x00006d996a6f8000,0x00006d996a7f8000],  sp=0x00006d996a7f6a10,  free space=1018k
Native frames: (J=compiled Java code, j=interpreted, Vv=VM code, C=native code)
C  [libmmtk_openjdk.so+0x29ef8a]  _$LT$mmtk..plan..concurrent..immix..gc_work..SatbValidatingTrace$LT$VM$GT$$u20$as$u20$mmtk..scheduler..work..GCWork$LT$VM$GT$$GT$::do_work::hcb61fcda66e0921a+0x2da

siginfo: si_signo: 11 (SIGSEGV), si_code: 1 (SEGV_MAPERR), si_addr: 0x00007a4801a7ac18

Registers:
RAX=0x0000000058000000, RBX=0x00007a469c3dd950, RCX=0x00007a46a1a7ac18, RDX=0x00006d996b000000
RSP=0x00006d996a7f6a10, RBP=0x00006d994c0022c8, RSI=0x00006d996b000001, RDI=0x0000000040afbc00
R8 =0x00006d99040008e0, R9 =0x0000000000000007, R10=0x00006d994c0022c0, R11=0x1000e9563798828f
R12=0x0000000000000001, R13=0x00006d994c0022c0, R14=0x0000000040afbb78, R15=0x0000000040afbb90
RIP=0x00007a46a1c9ef8a, EFLAGS=0x0000000000010206, CSGSFS=0x002b000000000033, ERR=0x0000000000000004
  TRAPNO=0x000000000000000e

XMM[0]=0x00000000403336b0 0x0000000040330628
XMM[1]=0x0000000040afe640 0x00000000403336b0
XMM[2]=0x00000000413ca050 0x00000000413ca030
XMM[3]=0x00000000413c9fd0 0x00000000413c9fb0
XMM[4]=0x0000000000000000 0x00006d994c000090
XMM[5]=0x0000000040037300 0x0000000040037178
XMM[6]=0x0000000040bfe938 0x000000004001c200
XMM[7]=0x000000004001b4c8 0x0000000040019eb8
XMM[8]=0x00000000404b5000 0x00000000521bd000
XMM[9]=0x0000000000000000 0x0000000000000000
XMM[10]=0x3f3f3f3f3f3f3f3f 0x3f3f3f3f3f3f3f3f
XMM[11]=0x9999999999999999 0x9999999999999999
XMM[12]=0x2020202020202020 0x2020202020202020
XMM[13]=0x0000000000000000 0x0000000000000000
XMM[14]=0x0000000000000000 0x0000000000000000
XMM[15]=0x0000000000000000 0x0000000000000000
  MXCSR=0x00001fa2


Register to memory mapping:

RAX=
[error occurred during error reporting (printing register info), id 0xe0000000, Internal Error (/mydata/mmtk-openjdk/openjdk/share/mmtkHeap.cpp:444)]
RBX=
[error occurred during error reporting (printing register info, attempt 2), id 0xe0000000, Internal Error (/mydata/mmtk-openjdk/openjdk/share/mmtkHeap.cpp:444)]
RCX=
[error occurred during error reporting (printing register info, attempt 3), id 0xe0000000, Internal Error (/mydata/mmtk-openjdk/openjdk/share/mmtkHeap.cpp:444)]
Top of Stack: (sp=0x00006d996a7f6a10)
0x00006d996a7f6a10:   00007a46a1dff704 0000000000000000
0x00006d996a7f6a20:   0000000000000008 0000000000000000
0x00006d996a7f6a30:   01007a469c52b500 0000000050100f10
0x00006d996a7f6a40:   0000000000000004 00007a049c070800
0x00006d996a7f6a50:   00007a46a1dd9fd0 00006d996a7f6a98
0x00006d996a7f6a60:   00006d996a7f6a10 00006d996a7f6a36
0x00006d996a7f6a70:   00006d996a7f6a37 00006d996a7f6a10
0x00006d996a7f6a80:   0000000000008000 00006d994c203410
0x00006d996a7f6a90:   000000000000128d 0000000040afbb90
0x00006d996a7f6aa0:   00007a469c06e700 00007a469c06e400
0x00006d996a7f6ab0:   00007a469c06e100 00006d996a7f6a98
0x00006d996a7f6ac0:   00006d996b244448 00007a469c3ddbd0
0x00006d996a7f6ad0:   00006d996a7f6a50 00007a469c046210
0x00006d996a7f6ae0:   00007a469c06ce80 00006d994001b440
0x00006d996a7f6af0:   00007a46a1dc0408 00007a46a1dff790
0x00006d996a7f6b00:   0000000000000000 00007a46a1c8cd1d
0x00006d996a7f6b10:   00006d99ffffffff 00006d996a7f6b60
0x00006d996a7f6b20:   00007a469c52b460 00007a469c046220
0x00006d996a7f6b30:   00007a469c06d200 00007a469c52b5c0
0x00006d996a7f6b40:   00007a469c06cf00 00007a4600000000
0x00006d996a7f6b50:   0000000000010b97 2c5e0d560572e8c7
0x00006d996a7f6b60:   0000000000000000 0000000000000000
0x00006d996a7f6b70:   0000000000000000 00007a469c3ddbd0
0x00006d996a7f6b80:   0000000000010b97 00006d99050fa275
0x00006d996a7f6b90:   0000000000000001 0003000300030001
0x00006d996a7f6ba0:   00007a46a1a78340 0000000000000000
0x00006d996a7f6bb0:   0000000000000000 00007a469c046238
0x00006d996a7f6bc0:   0000000000000000 0000000000000000
0x00006d996a7f6bd0:   0000000000634652 00007a469c044a90
0x00006d996a7f6be0:   00007a469c058320 0000000000000000
0x00006d996a7f6bf0:   0000000000010100 00006d996a7f6c00
0x00006d996a7f6c00:   00006d996a7f6e00 0000000000100000 

Instructions: (pc=0x00007a46a1c9ef8a)
0x00007a46a1c9ee8a:   48 8b 83 98 00 00 00 48 39 c5 0f 82 d1 fe ff ff
0x00007a46a1c9ee9a:   48 03 83 a0 00 00 00 48 39 c5 0f 83 c1 fe ff ff
0x00007a46a1c9eeaa:   48 89 df 48 8d 74 24 70 48 89 ea e8 46 e9 ff ff
0x00007a46a1c9eeba:   e9 c1 fe ff ff 4d 85 ed 74 09 4c 89 f7 ff 15 a3
0x00007a46a1c9eeca:   f3 15 00 48 8b 84 24 80 00 00 00 48 85 c0 0f 84
0x00007a46a1c9eeda:   b5 0c 00 00 48 89 d9 48 81 c1 80 02 00 00 48 89
0x00007a46a1c9eeea:   8c 24 b8 00 00 00 48 8d 8c 24 88 00 00 00 48 89
0x00007a46a1c9eefa:   8c 24 a8 00 00 00 48 8d 4c 24 40 48 89 8c 24 c0
0x00007a46a1c9ef0a:   00 00 00 eb 22 90 48 8b bc 24 b8 00 00 00 4c 89
0x00007a46a1c9ef1a:   f6 e8 e0 d5 fc ff 48 8b 84 24 80 00 00 00 48 85
0x00007a46a1c9ef2a:   c0 0f 84 62 0c 00 00 48 8d 48 ff 48 89 8c 24 80
0x00007a46a1c9ef3a:   00 00 00 48 8b 4c 24 78 48 8b 44 c1 f8 48 c7 44
0x00007a46a1c9ef4a:   24 08 00 00 00 00 48 c7 44 24 10 08 00 00 00 48
0x00007a46a1c9ef5a:   c7 44 24 18 00 00 00 00 48 89 44 24 28 8b 40 08
0x00007a46a1c9ef6a:   48 8b 15 a7 1e 16 00 48 8b 0d a8 1e 16 00 48 d3
0x00007a46a1c9ef7a:   e0 48 8d 34 10 8b 44 10 0c 48 8d 0d 8e bc dd ff
0x00007a46a1c9ef8a:   48 63 04 81 48 01 c8 ff e0 48 63 86 28 01 00 00
0x00007a46a1c9ef9a:   48 85 c0 0f 84 2d 07 00 00 48 63 8e ac 00 00 00
0x00007a46a1c9efaa:   48 8d 0c ce 48 63 96 2c 01 00 00 48 8d 34 d1 4c
0x00007a46a1c9efba:   8d 34 d1 49 81 c6 d8 01 00 00 48 8d 04 c6 48 05
0x00007a46a1c9efca:   d8 01 00 00 48 89 44 24 30 b8 08 00 00 00 31 ed
0x00007a46a1c9efda:   eb 13 0f 1f 40 00 49 83 c6 08 4c 3b 74 24 30 0f
0x00007a46a1c9efea:   84 e1 06 00 00 45 8b 7e 04 4d 85 ff 74 e8 4d 63
0x00007a46a1c9effa:   26 4c 03 64 24 28 eb 23 66 66 66 66 66 2e 0f 1f
0x00007a46a1c9f00a:   84 00 00 00 00 00 4c 89 2c e8 48 ff c5 48 89 6c
0x00007a46a1c9f01a:   24 18 49 83 c4 04 49 ff cf 74 bb 4d 85 e4 78 26
0x00007a46a1c9f02a:   45 8b 2c 24 4d 85 ed 74 e9 48 8b 15 1e 1e 16 00
0x00007a46a1c9f03a:   48 8b 0d 1f 1e 16 00 49 d3 e5 49 01 d5 eb 1f 0f
0x00007a46a1c9f04a:   1f 80 00 00 00 00 4c 89 e1 48 ba ff ff ff ff ff
0x00007a46a1c9f05a:   ff ff 7f 48 21 d1 4c 8b 29 4d 85 ed 74 b4 48 3b
0x00007a46a1c9f06a:   6c 24 08 75 a1 48 8d 7c 24 08 e8 07 be f1 ff 48
0x00007a46a1c9f07a:   8b 44 24 10 eb 90 48 8b 44 24 28 4c 63 70 0c 4d 


Stack slot to memory mapping:

stack at sp + 0 slots: 
[error occurred during error reporting (inspecting top of stack), id 0xe0000000, Internal Error (/mydata/mmtk-openjdk/openjdk/share/mmtkHeap.cpp:444)]
stack at sp + 1 slots: 0x0 is null
stack at sp + 2 slots: 
[error occurred during error reporting (inspecting top of stack, attempt 2), id 0xe0000000, Internal Error (/mydata/mmtk-openjdk/openjdk/share/mmtkHeap.cpp:444)]
stack at sp + 3 slots: 0x0 is null
stack at sp + 4 slots: 
[error occurred during error reporting (inspecting top of stack, attempt 3), id 0xe0000000, Internal Error (/mydata/mmtk-openjdk/openjdk/share/mmtkHeap.cpp:444)]

---------------  P R O C E S S  ---------------

Threads class SMR info:
_java_thread_list=0x00006d983c0b6a70, length=56, elements={
0x00007a469c02b240, 0x00007a469c524740, 0x00007a469c525fd0, 0x00007a469c527ae0,
0x00007a469c546310, 0x00007a469c547c60, 0x00007a469c549520, 0x00007a469c54b360,
0x00007a469c554d30, 0x00006d98e404ddd0, 0x00006d98d80015f0, 0x00007a469c5a3f90,
0x00007a469c5a6f90, 0x00006d98d8015690, 0x00006d98e0098330, 0x00007a469c7a8370,
0x00007a469c7a8d90, 0x00007a469c7ae270, 0x00007a469c7af3e0, 0x00007a469c7b0860,
0x00007a469c7b1ce0, 0x00007a469c7b3180, 0x00007a469c7b4620, 0x00007a469c7b5b90,
0x00007a469c7b77e0, 0x00007a469c7b8540, 0x00007a469c7b99b0, 0x00007a469c7baf40,
0x00007a469c7bc4d0, 0x00007a469c3df230, 0x00007a469c3e00c0, 0x00007a469c3e1460,
0x00007a469c3d1fe0, 0x00007a469c5cd370, 0x00007a469c5ce930, 0x00007a469c5cfdd0,
0x00007a469c5d1270, 0x00007a469c5d2c40, 0x00007a469c5d4610, 0x00007a469c5d5ea0,
0x00007a469c5d7c20, 0x00007a469c5d9470, 0x00007a469c5dacc0, 0x00007a469c5dc510,
0x00007a469c5ddd60, 0x00007a469c5df5b0, 0x00007a469c3d3a20, 0x00006d98e410f3e0,
0x00006d98dc0b7a40, 0x00006d98e4152b40, 0x00006d98dc0ec840, 0x00006d98dc0ee600,
0x00006d98e415da00, 0x00006d982c02aa70, 0x00006d98dc111140, 0x00006d983c0b55f0
}

Java Threads: ( => current thread )
  0x00007a469c02b240 JavaThread "main"                              [_thread_blocked, id=274032, stack(0x00007a46a1e17000,0x00007a46a1f17000) (1024K)]
  0x00007a469c524740 JavaThread "Reference Handler"          daemon [_thread_blocked, id=274037, stack(0x00007a46a0b42000,0x00007a46a0c42000) (1024K)]
  0x00007a469c525fd0 JavaThread "Finalizer"                  daemon [_thread_blocked, id=274038, stack(0x00007a46a0700000,0x00007a46a0800000) (1024K)]
  0x00007a469c527ae0 JavaThread "MMTk Finalizer Thread"      daemon [_thread_blocked, id=274039, stack(0x00007a46a0600000,0x00007a46a0700000) (1024K)]
  0x00007a469c546310 JavaThread "Signal Dispatcher"          daemon [_thread_blocked, id=274063, stack(0x00006d996a2f4000,0x00006d996a3f4000) (1024K)]
  0x00007a469c547c60 JavaThread "Service Thread"             daemon [_thread_blocked, id=274064, stack(0x00006d996a1f4000,0x00006d996a2f4000) (1024K)]
  0x00007a469c549520 JavaThread "Monitor Deflation Thread"   daemon [_thread_blocked, id=274065, stack(0x00006d996a0f4000,0x00006d996a1f4000) (1024K)]
  0x00007a469c54b360 JavaThread "C2 CompilerThread0"         daemon [_thread_blocked, id=274066, stack(0x00006d9969ff4000,0x00006d996a0f4000) (1024K)]
  0x00007a469c554d30 JavaThread "C1 CompilerThread0"         daemon [_thread_blocked, id=274067, stack(0x00006d9969ef4000,0x00006d9969ff4000) (1024K)]
  0x00006d98e404ddd0 JavaThread "C1 CompilerThread1"         daemon [_thread_blocked, id=274068, stack(0x00006d9969df4000,0x00006d9969ef4000) (1024K)]
  0x00006d98d80015f0 JavaThread "C1 CompilerThread2"         daemon [_thread_blocked, id=274069, stack(0x00006d9969cf4000,0x00006d9969df4000) (1024K)]
  0x00007a469c5a3f90 JavaThread "Notification Thread"        daemon [_thread_blocked, id=274070, stack(0x00006d9969bf4000,0x00006d9969cf4000) (1024K)]
  0x00007a469c5a6f90 JavaThread "Common-Cleaner"             daemon [_thread_blocked, id=274071, stack(0x00006d9969af4000,0x00006d9969bf4000) (1024K)]
  0x00006d98d8015690 JavaThread "C2 CompilerThread1"         daemon [_thread_blocked, id=274072, stack(0x00006d99699f4000,0x00006d9969af4000) (1024K)]
  0x00006d98e0098330 JavaThread "C2 CompilerThread2"         daemon [_thread_blocked, id=274073, stack(0x00006d99698f4000,0x00006d99699f4000) (1024K)]
  0x00007a469c7a8370 JavaThread "Thread-0"                          [_thread_blocked, id=274075, stack(0x00006d99695f3000,0x00006d99696f3000) (1024K)]
  0x00007a469c7a8d90 JavaThread "Thread-1"                          [_thread_blocked, id=274076, stack(0x00006d99694f3000,0x00006d99695f3000) (1024K)]
  0x00007a469c7ae270 JavaThread "Thread-2"                          [_thread_blocked, id=274077, stack(0x00006d99693f3000,0x00006d99694f3000) (1024K)]
  0x00007a469c7af3e0 JavaThread "Thread-3"                          [_thread_blocked, id=274078, stack(0x00006d99692f3000,0x00006d99693f3000) (1024K)]
  0x00007a469c7b0860 JavaThread "Thread-4"                          [_thread_blocked, id=274079, stack(0x00006d99691f3000,0x00006d99692f3000) (1024K)]
  0x00007a469c7b1ce0 JavaThread "Thread-5"                          [_thread_blocked, id=274080, stack(0x00006d99690f3000,0x00006d99691f3000) (1024K)]
  0x00007a469c7b3180 JavaThread "Thread-6"                          [_thread_blocked, id=274081, stack(0x00006d9968ff3000,0x00006d99690f3000) (1024K)]
  0x00007a469c7b4620 JavaThread "Thread-7"                          [_thread_blocked, id=274082, stack(0x00006d9968ef3000,0x00006d9968ff3000) (1024K)]
  0x00007a469c7b5b90 JavaThread "Thread-8"                          [_thread_blocked, id=274083, stack(0x00006d9968df3000,0x00006d9968ef3000) (1024K)]
  0x00007a469c7b77e0 JavaThread "Thread-9"                          [_thread_blocked, id=274084, stack(0x00006d9968cf3000,0x00006d9968df3000) (1024K)]
  0x00007a469c7b8540 JavaThread "Thread-10"                         [_thread_blocked, id=274085, stack(0x00006d9968bf3000,0x00006d9968cf3000) (1024K)]
  0x00007a469c7b99b0 JavaThread "Thread-11"                         [_thread_blocked, id=274086, stack(0x00006d9968af3000,0x00006d9968bf3000) (1024K)]
  0x00007a469c7baf40 JavaThread "Thread-12"                         [_thread_blocked, id=274087, stack(0x00006d99689f3000,0x00006d9968af3000) (1024K)]
  0x00007a469c7bc4d0 JavaThread "Thread-13"                         [_thread_blocked, id=274088, stack(0x00006d99688f3000,0x00006d99689f3000) (1024K)]
  0x00007a469c3df230 JavaThread "Thread-14"                         [_thread_blocked, id=274089, stack(0x00006d99696f4000,0x00006d99698f4000) (2048K)]
  0x00007a469c3e00c0 JavaThread "Thread-15"                         [_thread_blocked, id=274090, stack(0x00006d99687f3000,0x00006d99688f3000) (1024K)]
  0x00007a469c3e1460 JavaThread "Thread-16"                         [_thread_blocked, id=274091, stack(0x00006d99686f3000,0x00006d99687f3000) (1024K)]
  0x00007a469c3d1fe0 JavaThread "Thread-17"                         [_thread_blocked, id=274092, stack(0x00006d99685f3000,0x00006d99686f3000) (1024K)]
  0x00007a469c5cd370 JavaThread "Thread-18"                         [_thread_blocked, id=274093, stack(0x00006d99684f3000,0x00006d99685f3000) (1024K)]
  0x00007a469c5ce930 JavaThread "Thread-19"                         [_thread_blocked, id=274094, stack(0x00006d99683f3000,0x00006d99684f3000) (1024K)]
  0x00007a469c5cfdd0 JavaThread "Thread-20"                         [_thread_blocked, id=274095, stack(0x00006d99682f3000,0x00006d99683f3000) (1024K)]
  0x00007a469c5d1270 JavaThread "Thread-21"                         [_thread_blocked, id=274096, stack(0x00006d99681f3000,0x00006d99682f3000) (1024K)]
  0x00007a469c5d2c40 JavaThread "Thread-22"                         [_thread_blocked, id=274097, stack(0x00006d99680f3000,0x00006d99681f3000) (1024K)]
  0x00007a469c5d4610 JavaThread "Thread-23"                         [_thread_blocked, id=274098, stack(0x00006d986ff00000,0x00006d9870000000) (1024K)]
  0x00007a469c5d5ea0 JavaThread "Thread-24"                         [_thread_blocked, id=274099, stack(0x00006d986fe00000,0x00006d986ff00000) (1024K)]
  0x00007a469c5d7c20 JavaThread "Thread-25"                         [_thread_blocked, id=274100, stack(0x00006d986fd00000,0x00006d986fe00000) (1024K)]
  0x00007a469c5d9470 JavaThread "Thread-26"                         [_thread_blocked, id=274101, stack(0x00006d986fc00000,0x00006d986fd00000) (1024K)]
  0x00007a469c5dacc0 JavaThread "Thread-27"                         [_thread_blocked, id=274102, stack(0x00006d986fb00000,0x00006d986fc00000) (1024K)]
  0x00007a469c5dc510 JavaThread "Thread-28"                         [_thread_blocked, id=274103, stack(0x00006d986fa00000,0x00006d986fb00000) (1024K)]
  0x00007a469c5ddd60 JavaThread "Thread-29"                         [_thread_blocked, id=274104, stack(0x00006d986f900000,0x00006d986fa00000) (1024K)]
  0x00007a469c5df5b0 JavaThread "Thread-30"                         [_thread_blocked, id=274105, stack(0x00006d986f800000,0x00006d986f900000) (1024K)]
  0x00007a469c3d3a20 JavaThread "Thread-31"                         [_thread_blocked, id=274106, stack(0x00006d986f700000,0x00006d986f800000) (1024K)]
  0x00006d98e410f3e0 JavaThread "C1 CompilerThread3"         daemon [_thread_blocked, id=274107, stack(0x00006d986f600000,0x00006d986f700000) (1024K)]
  0x00006d98dc0b7a40 JavaThread "C2 CompilerThread3"         daemon [_thread_blocked, id=274108, stack(0x00006d986f500000,0x00006d986f600000) (1024K)]
  0x00006d98e4152b40 JavaThread "C2 CompilerThread4"         daemon [_thread_blocked, id=274109, stack(0x00006d986f400000,0x00006d986f500000) (1024K)]
  0x00006d98dc0ec840 JavaThread "C2 CompilerThread5"         daemon [_thread_blocked, id=274110, stack(0x00006d986f300000,0x00006d986f400000) (1024K)]
  0x00006d98dc0ee600 JavaThread "C2 CompilerThread6"         daemon [_thread_blocked, id=274111, stack(0x00006d986f200000,0x00006d986f300000) (1024K)]
  0x00006d98e415da00 JavaThread "C1 CompilerThread4"         daemon [_thread_blocked, id=274112, stack(0x00006d986f100000,0x00006d986f200000) (1024K)]
  0x00006d982c02aa70 JavaThread "C2 CompilerThread7"         daemon [_thread_blocked, id=274113, stack(0x00006d986f000000,0x00006d986f100000) (1024K)]
  0x00006d98dc111140 JavaThread "C2 CompilerThread8"         daemon [_thread_blocked, id=274114, stack(0x00006d986ef00000,0x00006d986f000000) (1024K)]
  0x00006d983c0b55f0 JavaThread "C2 CompilerThread9"         daemon [_thread_blocked, id=274115, stack(0x00006d986ee00000,0x00006d986ef00000) (1024K)]
Total: 56

Other Threads:
  0x00007a469c519290 VMThread "VM Thread"                           [id=274036, stack(0x00007a46a0c43000,0x00007a46a0d43000) (1024K)]
  0x00007a469c506ee0 WatcherThread "VM Periodic Task Thread"        [id=274035, stack(0x00007a46a0d44000,0x00007a46a0e44000) (1024K)]

=>0x00007a469c541950 (exited) NamedThread "MMTk Collector Thread"   [id=274059, stack(0x00006d996a6f8000,0x00006d996a7f8000) (1024K)]
Total: 3

Threads with active compile tasks:
C2 CompilerThread0  3218 3132 % !   4       org.apache.xalan.transformer.TransformerImpl::transformNode @ 108 (489 bytes)
C2 CompilerThread1  3218 3071   !   4       org.apache.xalan.transformer.TransformerImpl::transformToString (269 bytes)
C2 CompilerThread2  3218 3126       4       org.apache.xpath.functions.FuncId::execute (202 bytes)
C2 CompilerThread3  3218 2967       4       org.apache.xpath.axes.WalkingIterator::setRoot (31 bytes)
C2 CompilerThread4  3218 3052       4       org.apache.xalan.transformer.CountersTable::countNode (300 bytes)
C2 CompilerThread5  3218 3160       4       sun.nio.cs.StreamEncoder::implFlushBuffer (15 bytes)
C2 CompilerThread6  3218 3161   !   4       org.apache.xalan.templates.ElemNumber::formatNumberList (421 bytes)
C2 CompilerThread7  3218 3124       4       java.io.BufferedReader::implReadLine (301 bytes)
C2 CompilerThread8  3218 3091   !   4       org.apache.xalan.templates.ElemAttribute::constructNode (86 bytes)
C2 CompilerThread9  3218 3136       4       org.apache.xpath.functions.FuncId::getNodesByID (143 bytes)
Total: 10

VM state: at safepoint (normal execution)

VM Mutex/Monitor currently owned by a thread:  ([mutex/lock_event])
[0x00007a46a35580d0] Threads_lock - owner thread: 0x00007a469c519290
[0x00007a46a3557fd0] Heap_lock - owner thread: 0x00007a469c3e2890

Heap address: 0x0000000040000000, size: 3072 MB, Compressed Oops mode: 32-bit

CDS archive(s) mapped at: [0x00006d996b000000-0x00006d996bca3000-0x00006d996bca3000), size 13250560, SharedBaseAddress: 0x00006d996b000000, ArchiveRelocationMode: 1.
Compressed class space mapped at: 0x00006d996c000000-0x00006d99ac000000, reserved size: 1073741824
Narrow klass base: 0x00006d996b000000, Narrow klass shift: 0, Narrow klass range: 0x100000000

GC Precious Log:
<Empty>

Heap:

[error occurred during error reporting (printing heap information), id 0xe0000000, Internal Error (/mydata/mmtk-openjdk/openjdk/share/mmtkHeap.cpp:424)]
Metaspace:

Usage:
  Non-class:      7.09 MB used.
      Class:    964.98 KB used.
       Both:      8.03 MB used.

Virtual space:
  Non-class space:       64.00 MB reserved,       7.25 MB ( 11%) committed,  1 nodes.
      Class space:        1.00 GB reserved,       1.06 MB ( <1%) committed,  1 nodes.
             Both:        1.06 GB reserved,       8.31 MB ( <1%) committed. 

Chunk freelists:
   Non-Class:  7.29 MB
       Class:  14.99 MB
        Both:  22.29 MB

MaxMetaspaceSize: unlimited
CompressedClassSpaceSize: 1.00 GB
Initial GC threshold: 21.00 MB
Current GC threshold: 21.00 MB
CDS: on
 - commit_granule_bytes: 65536.
 - commit_granule_words: 8192.
 - virtual_space_node_default_size: 8388608.
 - enlarge_chunks_in_place: 1.
 - use_allocation_guard: 0.


Internal statistics:

num_allocs_failed_limit: 0.
num_arena_births: 118.
num_arena_deaths: 0.
num_vsnodes_births: 2.
num_vsnodes_deaths: 0.
num_space_committed: 133.
num_space_uncommitted: 0.
num_chunks_returned_to_freelist: 0.
num_chunks_taken_from_freelist: 362.
num_chunk_merges: 0.
num_chunk_splits: 260.
num_chunks_enlarged: 208.
num_inconsistent_stats: 0.

CodeHeap 'non-profiled nmethods': size=118880Kb used=2047Kb max_used=2047Kb free=116832Kb
 bounds [0x00007a468c3e8000, 0x00007a468c658000, 0x00007a4693800000]
CodeHeap 'profiled nmethods': size=118876Kb used=6763Kb max_used=6763Kb free=112112Kb
 bounds [0x00007a4684800000, 0x00007a4684ea0000, 0x00007a468bc17000]
CodeHeap 'non-nmethods': size=8004Kb used=3462Kb max_used=3567Kb free=4541Kb
 bounds [0x00007a468bc17000, 0x00007a468bfa7000, 0x00007a468c3e8000]
CodeCache: size=245760Kb, used=12272Kb, max_used=12377Kb, free=233485Kb
 total_blobs=3590, nmethods=3108, adapters=381, full_count=0
Compilation: enabled, stopped_count=0, restarted_count=0

Compilation events (20 events):
Event: 3.181 Thread 0x00006d98dc0ee600 3112       4       org.apache.xml.utils.QName::equals (86 bytes)
Event: 3.181 Thread 0x00006d98e415da00 nmethod 3150 0x00007a4684e97b90 code [0x00007a4684e98000, 0x00007a4684e9a158]
Event: 3.182 Thread 0x00006d98dc111140 nmethod 3113 0x00007a468c5e3510 code [0x00007a468c5e3700, 0x00007a468c5e3c20]
Event: 3.182 Thread 0x00006d98dc111140 3118       4       org.apache.xml.dtm.ref.DTMDefaultBaseIterators::getAxisIterator (284 bytes)
Event: 3.182 Thread 0x00006d98dc0ee600 nmethod 3112 0x00007a468c5e4190 code [0x00007a468c5e4320, 0x00007a468c5e45c0]
Event: 3.182 Thread 0x00006d98dc0ee600 3077       4       org.apache.xml.dtm.ref.DTMAxisIteratorBase::<init> (30 bytes)
Event: 3.182 Thread 0x00006d98dc0ee600 nmethod 3077 0x00007a468c5e4790 code [0x00007a468c5e4900, 0x00007a468c5e49a0]
Event: 3.182 Thread 0x00006d98dc0ee600 3099       4       org.apache.xml.utils.FastStringBuffer::setLength (79 bytes)
Event: 3.183 Thread 0x00006d98dc0ee600 nmethod 3099 0x00007a468c5e4a90 code [0x00007a468c5e4c20, 0x00007a468c5e4d38]
Event: 3.183 Thread 0x00006d98dc0ee600 3152 % !   4       org.apache.xml.serializer.Encodings::getWriter @ 2 (79 bytes)
Event: 3.184 Thread 0x00006d98dc111140 nmethod 3118 0x00007a468c5e4e10 code [0x00007a468c5e4fa0, 0x00007a468c5e51c8]
Event: 3.184 Thread 0x00006d98dc111140 3153       4       org.apache.xalan.templates.ElemNumber::getPreviousNode (216 bytes)
Event: 3.197 Thread 0x00006d98dc0ee600 nmethod 3152% 0x00007a468c5e5310 code [0x00007a468c5e5500, 0x00007a468c5e5a00]
Event: 3.197 Thread 0x00006d98dc0ec840 nmethod 3149 0x00007a468c5e5d90 code [0x00007a468c5e5f40, 0x00007a468c5e6530]
Event: 3.197 Thread 0x00006d98dc0ee600 3157       4       java.util.Hashtable$Enumerator::hasMoreElements (53 bytes)
Event: 3.197 Thread 0x00006d98dc0ec840 3160       4       sun.nio.cs.StreamEncoder::implFlushBuffer (15 bytes)
Event: 3.197 Thread 0x00006d98dc111140 nmethod 3153 0x00007a468c5e6710 code [0x00007a468c5e6960, 0x00007a468c5e71a8]
Event: 3.197 Thread 0x00006d98dc111140 3091   !   4       org.apache.xalan.templates.ElemAttribute::constructNode (86 bytes)
Event: 3.199 Thread 0x00006d98dc0ee600 nmethod 3157 0x00007a468c5e7910 code [0x00007a468c5e7aa0, 0x00007a468c5e7c28]
Event: 3.199 Thread 0x00006d98dc0ee600 3161   !   4       org.apache.xalan.templates.ElemNumber::formatNumberList (421 bytes)

GC Heap History (0 events):
No events

Dll operation events (7 events):
Event: 0.001 Loaded shared library /mydata/openjdk-mmtk/build/b0test/images/jdk/lib/libjava.so
Event: 2.229 Loaded shared library /mydata/openjdk-mmtk/build/b0test/images/jdk/lib/libjsvml.so
Event: 2.242 Loaded shared library /mydata/openjdk-mmtk/build/b0test/images/jdk/lib/libnio.so
Event: 2.245 Loaded shared library /mydata/openjdk-mmtk/build/b0test/images/jdk/lib/libzip.so
Event: 2.259 Loaded shared library /mydata/openjdk-mmtk/build/b0test/images/jdk/lib/libjimage.so
Event: 2.286 Loaded shared library /mydata/openjdk-mmtk/build/b0test/images/jdk/lib/libnet.so
Event: 2.383 Loaded shared library /mydata/openjdk-mmtk/build/b0test/images/jdk/lib/libverify.so

Deoptimization events (20 events):
Event: 3.177 Thread 0x00007a469c7a8370 Uncommon trap: trap_request=0xffffff45 fr.pc=0x00007a468c59d1e4 relative=0x0000000000000064
Event: 3.177 Thread 0x00007a469c7a8370 Uncommon trap: reason=unstable_if action=reinterpret pc=0x00007a468c59d1e4 method=java.lang.Integer.stringSize(I)I @ 24 c2
Event: 3.177 Thread 0x00007a469c7a8370 DEOPT PACKING pc=0x00007a468c59d1e4 sp=0x00006d99696f1890
Event: 3.177 Thread 0x00007a469c7a8370 DEOPT UNPACKING pc=0x00007a468bc6a399 sp=0x00006d99696f1830 mode 2
Event: 3.177 Thread 0x00007a469c7a8370 Uncommon trap: trap_request=0xffffff45 fr.pc=0x00007a468c59d5b0 relative=0x0000000000000110
Event: 3.177 Thread 0x00007a469c7a8370 Uncommon trap: reason=unstable_if action=reinterpret pc=0x00007a468c59d5b0 method=java.lang.Integer.getChars(II[B)I @ 88 c2
Event: 3.177 Thread 0x00007a469c7a8370 DEOPT PACKING pc=0x00007a468c59d5b0 sp=0x00006d99696f1880
Event: 3.177 Thread 0x00007a469c7a8370 DEOPT UNPACKING pc=0x00007a468bc6a399 sp=0x00006d99696f1828 mode 2
Event: 3.177 Thread 0x00007a469c7a8370 Uncommon trap: trap_request=0xffffffde fr.pc=0x00007a468c486c14 relative=0x0000000000000994
Event: 3.177 Thread 0x00007a469c7a8370 Uncommon trap: reason=class_check action=maybe_recompile pc=0x00007a468c486c14 method=java.io.Writer.write(Ljava/lang/String;)V @ 7 c2
Event: 3.177 Thread 0x00007a469c7a8370 DEOPT PACKING pc=0x00007a468c486c14 sp=0x00006d99696f17f0
Event: 3.177 Thread 0x00007a469c7a8370 DEOPT UNPACKING pc=0x00007a468bc6a399 sp=0x00006d99696f17c8 mode 2
Event: 3.177 Thread 0x00007a469c7a8370 Uncommon trap: trap_request=0xffffffde fr.pc=0x00007a468c47dbd8 relative=0x00000000000006f8
Event: 3.177 Thread 0x00007a469c7a8370 Uncommon trap: reason=class_check action=maybe_recompile pc=0x00007a468c47dbd8 method=java.nio.charset.CharsetEncoder.encode(Ljava/nio/CharBuffer;Ljava/nio/ByteBuffer;Z)Ljava/nio/charset/CoderResult; @ 57 c2
Event: 3.177 Thread 0x00007a469c7a8370 DEOPT PACKING pc=0x00007a468c47dbd8 sp=0x00006d99696f16c0
Event: 3.177 Thread 0x00007a469c7a8370 DEOPT UNPACKING pc=0x00007a468bc6a399 sp=0x00006d99696f1478 mode 2
Event: 3.177 Thread 0x00007a469c7a8370 Uncommon trap: trap_request=0xffffffde fr.pc=0x00007a468c5351b8 relative=0x00000000000001b8
Event: 3.177 Thread 0x00007a469c7a8370 Uncommon trap: reason=class_check action=maybe_recompile pc=0x00007a468c5351b8 method=sun.nio.cs.StreamEncoder.writeBytes()V @ 127 c2
Event: 3.177 Thread 0x00007a469c7a8370 DEOPT PACKING pc=0x00007a468c5351b8 sp=0x00006d99696f16a0
Event: 3.177 Thread 0x00007a469c7a8370 DEOPT UNPACKING pc=0x00007a468bc6a399 sp=0x00006d99696f1630 mode 2

Classes loaded (20 events):
Event: 2.624 Loading class java/util/ResourceBundle$KeyElementReference
Event: 2.624 Loading class java/util/ResourceBundle$CacheKeyReference
Event: 2.624 Loading class java/util/ResourceBundle$CacheKeyReference done
Event: 2.624 Loading class java/util/ResourceBundle$KeyElementReference done
Event: 2.625 Loading class java/util/ResourceBundle$Control$2
Event: 2.625 Loading class java/util/ResourceBundle$Control$2 done
Event: 2.625 Loading class sun/util/PropertyResourceBundleCharset
Event: 2.625 Loading class sun/util/PropertyResourceBundleCharset done
Event: 2.626 Loading class sun/util/PropertyResourceBundleCharset$PropertiesFileDecoder
Event: 2.626 Loading class sun/util/PropertyResourceBundleCharset$PropertiesFileDecoder done
Event: 2.628 Loading class java/util/ResourceBundle$BundleReference
Event: 2.628 Loading class java/util/ResourceBundle$BundleReference done
Event: 2.628 Loading class sun/util/ResourceBundleEnumeration
Event: 2.628 Loading class sun/util/ResourceBundleEnumeration done
Event: 2.638 Loading class sun/nio/cs/ISO_8859_1$Encoder
Event: 2.638 Loading class sun/nio/cs/ISO_8859_1$Encoder done
Event: 2.659 Loading class java/util/ResourceBundle$Control$1
Event: 2.659 Loading class java/util/ResourceBundle$Control$1 done
Event: 2.681 Loading class java/lang/foreign/MemorySegment
Event: 2.682 Loading class java/lang/foreign/MemorySegment done

Classes unloaded (0 events):
No events

Classes redefined (0 events):
No events

Internal exceptions (13 events):
Event: 2.252 Thread 0x00007a469c02b240 Exception <a 'java/lang/NoSuchMethodError'{0x000000004033c090}: 'java.lang.Object java.lang.invoke.DirectMethodHandle$Holder.newInvokeSpecial(java.lang.Object, int, java.lang.Object)'> (0x000000004033c090) 
thrown [src/hotspot/share/interpreter/linkResolver.cpp, line 772]
Event: 2.262 Thread 0x00007a469c02b240 Exception <a 'java/lang/NoSuchMethodError'{0x00000000402f9e28}: 'void java.lang.invoke.DirectMethodHandle$Holder.invokeStatic(java.lang.Object, java.lang.Object)'> (0x00000000402f9e28) 
thrown [src/hotspot/share/interpreter/linkResolver.cpp, line 772]
Event: 2.262 Thread 0x00007a469c02b240 Exception <a 'java/lang/NoSuchMethodError'{0x00000000402fd820}: 'void java.lang.invoke.DirectMethodHandle$Holder.invokeSpecial(java.lang.Object, java.lang.Object, java.lang.Object)'> (0x00000000402fd820) 
thrown [src/hotspot/share/interpreter/linkResolver.cpp, line 772]
Event: 2.305 Thread 0x00007a469c02b240 Exception <a 'java/lang/NoSuchMethodError'{0x00000000401b5ca8}: 'void java.lang.invoke.DirectMethodHandle$Holder.invokeVirtual(java.lang.Object, java.lang.Object)'> (0x00000000401b5ca8) 
thrown [src/hotspot/share/interpreter/linkResolver.cpp, line 772]
Event: 2.309 Thread 0x00007a469c02b240 Exception <a 'java/io/FileNotFoundException'{0x0000000040196c88}> (0x0000000040196c88) 
thrown [src/hotspot/share/prims/jni.cpp, line 520]
Event: 2.320 Thread 0x00007a469c02b240 Exception <a 'java/lang/NoSuchMethodError'{0x00000000401298b0}: 'java.lang.Object java.lang.invoke.Invokers$Holder.invokeExact_MT(java.lang.Object, java.lang.Object, java.lang.Object, java.lang.Object, java.lang.Object)'> (0x00000000401298b0) 
thrown [src/hotspot/share/interpreter/linkResolver.cpp, line 772]
Event: 2.504 Thread 0x00007a469c02b240 Exception <a 'java/lang/NoSuchMethodError'{0x0000000040ec2eb0}: 'void java.lang.invoke.DirectMethodHandle$Holder.invokeVirtual(java.lang.Object, java.lang.Object, int)'> (0x0000000040ec2eb0) 
thrown [src/hotspot/share/interpreter/linkResolver.cpp, line 772]
Event: 2.504 Thread 0x00007a469c02b240 Exception <a 'java/lang/NoSuchMethodError'{0x0000000040ec75d8}: 'int java.lang.invoke.DirectMethodHandle$Holder.invokeSpecial(java.lang.Object, java.lang.Object, java.lang.Object, int)'> (0x0000000040ec75d8) 
thrown [src/hotspot/share/interpreter/linkResolver.cpp, line 772]
Event: 2.506 Thread 0x00007a469c02b240 Exception <a 'java/lang/NoSuchMethodError'{0x0000000040ea0930}: 'java.lang.Object java.lang.invoke.DirectMethodHandle$Holder.invokeStatic(java.lang.Object, java.lang.Object, java.lang.Object, java.lang.Object, int)'> (0x0000000040ea0930) 
thrown [src/hotspot/share/interpreter/linkResolver.cpp, line 772]
Event: 2.507 Thread 0x00007a469c02b240 Exception <a 'java/lang/NoSuchMethodError'{0x0000000040e9bb30}: 'void java.lang.invoke.DelegatingMethodHandle$Holder.reinvoke_L(java.lang.Object, java.lang.Object, int)'> (0x0000000040e9bb30) 
thrown [src/hotspot/share/interpreter/linkResolver.cpp, line 772]
Event: 2.507 Thread 0x00007a469c02b240 Exception <a 'java/lang/NoSuchMethodError'{0x0000000040e928a0}: 'int java.lang.invoke.DirectMethodHandle$Holder.invokeSpecial(java.lang.Object, java.lang.Object, java.lang.Object)'> (0x0000000040e928a0) 
thrown [src/hotspot/share/interpreter/linkResolver.cpp, line 772]
Event: 2.577 Thread 0x00007a469c02b240 Exception <a 'java/lang/NoSuchMethodError'{0x00000000413c6268}: 'void java.lang.invoke.DelegatingMethodHandle$Holder.reinvoke_L(java.lang.Object, java.lang.Object, int, int)'> (0x00000000413c6268) 
thrown [src/hotspot/share/interpreter/linkResolver.cpp, line 772]
Event: 2.622 Thread 0x00007a469c3e00c0 Exception <a 'java/lang/NoSuchMethodError'{0x0000000040f85d88}: 'java.lang.Object java.lang.invoke.DirectMethodHandle$Holder.invokeInterface(java.lang.Object, java.lang.Object)'> (0x0000000040f85d88) 
thrown [src/hotspot/share/interpreter/linkResolver.cpp, line 772]

ZGC Phase Switch (0 events):
No events

VM Operations (20 events):
Event: 2.734 Executing VM operation: ICBufferFull done
Event: 2.743 Executing VM operation: ICBufferFull
Event: 2.751 Executing VM operation: ICBufferFull done
Event: 2.756 Executing VM operation: ICBufferFull
Event: 2.757 Executing VM operation: ICBufferFull done
Event: 2.761 Executing VM operation: ICBufferFull
Event: 2.762 Executing VM operation: ICBufferFull done
Event: 2.767 Executing VM operation: ICBufferFull
Event: 2.768 Executing VM operation: ICBufferFull done
Event: 2.947 Executing VM operation: ICBufferFull
Event: 2.947 Executing VM operation: ICBufferFull done
Event: 2.952 Executing VM operation: ICBufferFull
Event: 2.952 Executing VM operation: ICBufferFull done
Event: 2.999 Executing VM operation: ThirdPartyHeapOperation
Event: 3.010 Executing VM operation: ThirdPartyHeapOperation done
Event: 3.014 Executing VM operation: ThirdPartyHeapOperation
Event: 3.038 Executing VM operation: ThirdPartyHeapOperation done
Event: 3.187 Executing VM operation: ThirdPartyHeapOperation
Event: 3.197 Executing VM operation: ThirdPartyHeapOperation done
Event: 3.202 Executing VM operation: ThirdPartyHeapOperation

Memory protections (20 events):
Event: 2.590 Protecting memory [0x00006d99681f3000,0x00006d99681f7000] with protection modes 0
Event: 2.590 Protecting memory [0x00006d99680f3000,0x00006d99680f7000] with protection modes 0
Event: 2.591 Protecting memory [0x00006d986ff00000,0x00006d986ff04000] with protection modes 0
Event: 2.591 Protecting memory [0x00006d986fe00000,0x00006d986fe04000] with protection modes 0
Event: 2.591 Protecting memory [0x00006d986fd00000,0x00006d986fd04000] with protection modes 0
Event: 2.591 Protecting memory [0x00006d986fc00000,0x00006d986fc04000] with protection modes 0
Event: 2.591 Protecting memory [0x00006d986fb00000,0x00006d986fb04000] with protection modes 0
Event: 2.591 Protecting memory [0x00006d986fa00000,0x00006d986fa04000] with protection modes 0
Event: 2.591 Protecting memory [0x00006d986f900000,0x00006d986f904000] with protection modes 0
Event: 2.591 Protecting memory [0x00006d986f800000,0x00006d986f804000] with protection modes 0
Event: 2.591 Protecting memory [0x00006d986f700000,0x00006d986f704000] with protection modes 0
Event: 2.652 Protecting memory [0x00006d986f600000,0x00006d986f604000] with protection modes 0
Event: 2.662 Protecting memory [0x00006d986f400000,0x00006d986f404000] with protection modes 0
Event: 2.662 Protecting memory [0x00006d986f300000,0x00006d986f304000] with protection modes 0
Event: 2.664 Protecting memory [0x00006d986f500000,0x00006d986f504000] with protection modes 0
Event: 2.668 Protecting memory [0x00006d986f200000,0x00006d986f204000] with protection modes 0
Event: 2.669 Protecting memory [0x00006d986f100000,0x00006d986f104000] with protection modes 0
Event: 2.670 Protecting memory [0x00006d986f000000,0x00006d986f004000] with protection modes 0
Event: 2.687 Protecting memory [0x00006d986ef00000,0x00006d986ef04000] with protection modes 0
Event: 2.688 Protecting memory [0x00006d986ee00000,0x00006d986ee04000] with protection modes 0

Nmethod flushes (0 events):
No events

Events (20 events):
Event: 2.590 Thread 0x00007a469c02b240 Thread added: 0x00007a469c5d1270
Event: 2.590 Thread 0x00007a469c02b240 Thread added: 0x00007a469c5d2c40
Event: 2.591 Thread 0x00007a469c02b240 Thread added: 0x00007a469c5d4610
Event: 2.591 Thread 0x00007a469c02b240 Thread added: 0x00007a469c5d5ea0
Event: 2.591 Thread 0x00007a469c02b240 Thread added: 0x00007a469c5d7c20
Event: 2.591 Thread 0x00007a469c02b240 Thread added: 0x00007a469c5d9470
Event: 2.591 Thread 0x00007a469c02b240 Thread added: 0x00007a469c5dacc0
Event: 2.591 Thread 0x00007a469c02b240 Thread added: 0x00007a469c5dc510
Event: 2.591 Thread 0x00007a469c02b240 Thread added: 0x00007a469c5ddd60
Event: 2.591 Thread 0x00007a469c02b240 Thread added: 0x00007a469c5df5b0
Event: 2.591 Thread 0x00007a469c02b240 Thread added: 0x00007a469c3d3a20
Event: 2.652 Thread 0x00007a469c554d30 Thread added: 0x00006d98e410f3e0
Event: 2.661 Thread 0x00006d98d80015f0 Thread added: 0x00006d98dc0b7a40
Event: 2.662 Thread 0x00007a469c554d30 Thread added: 0x00006d98e4152b40
Event: 2.662 Thread 0x00006d98d80015f0 Thread added: 0x00006d98dc0ec840
Event: 2.667 Thread 0x00006d98d80015f0 Thread added: 0x00006d98dc0ee600
Event: 2.669 Thread 0x00007a469c554d30 Thread added: 0x00006d98e415da00
Event: 2.670 Thread 0x00006d98dc0ee600 Thread added: 0x00006d982c02aa70
Event: 2.687 Thread 0x00006d98d80015f0 Thread added: 0x00006d98dc111140
Event: 2.688 Thread 0x00006d98e410f3e0 Thread added: 0x00006d983c0b55f0


Dynamic libraries:
40000000-40400000 rw-p 00000000 00:00 0                                  [anon:mmtk:space:immix]
40400000-40800000 rw-p 00000000 00:00 0                                  [anon:mmtk:space:los]
40800000-41400000 rw-p 00000000 00:00 0                                  [anon:mmtk:space:immix]
41400000-41c00000 rw-p 00000000 00:00 0                                  [anon:mmtk:space:los]
41c00000-42400000 rw-p 00000000 00:00 0                                  [anon:mmtk:space:immix]
42400000-42800000 rw-p 00000000 00:00 0                                  [anon:mmtk:space:los]
42800000-43000000 rw-p 00000000 00:00 0                                  [anon:mmtk:space:immix]
43000000-43400000 rw-p 00000000 00:00 0                                  [anon:mmtk:space:los]
43400000-43c00000 rw-p 00000000 00:00 0                                  [anon:mmtk:space:immix]
43c00000-44000000 rw-p 00000000 00:00 0                                  [anon:mmtk:space:los]
44000000-44400000 rw-p 00000000 00:00 0                                  [anon:mmtk:space:immix]
44400000-44800000 rw-p 00000000 00:00 0                                  [anon:mmtk:space:los]
44800000-45000000 rw-p 00000000 00:00 0                                  [anon:mmtk:space:immix]
45000000-45400000 rw-p 00000000 00:00 0                                  [anon:mmtk:space:los]
45400000-45800000 rw-p 00000000 00:00 0                                  [anon:mmtk:space:immix]
45800000-45c00000 rw-p 00000000 00:00 0                                  [anon:mmtk:space:los]
45c00000-46400000 rw-p 00000000 00:00 0                                  [anon:mmtk:space:immix]
46400000-46800000 rw-p 00000000 00:00 0                                  [anon:mmtk:space:los]
46800000-46c00000 rw-p 00000000 00:00 0                                  [anon:mmtk:space:immix]
46c00000-47000000 rw-p 00000000 00:00 0                                  [anon:mmtk:space:los]
47000000-47800000 rw-p 00000000 00:00 0                                  [anon:mmtk:space:immix]
47800000-47c00000 rw-p 00000000 00:00 0                                  [anon:mmtk:space:los]
47c00000-48000000 rw-p 00000000 00:00 0                                  [anon:mmtk:space:immix]
48000000-48400000 rw-p 00000000 00:00 0                                  [anon:mmtk:space:los]
48400000-48c00000 rw-p 00000000 00:00 0                                  [anon:mmtk:space:immix]
48c00000-49000000 rw-p 00000000 00:00 0                                  [anon:mmtk:space:los]
49000000-49400000 rw-p 00000000 00:00 0                                  [anon:mmtk:space:immix]
49400000-49800000 rw-p 00000000 00:00 0                                  [anon:mmtk:space:los]
49800000-4a000000 rw-p 00000000 00:00 0                                  [anon:mmtk:space:immix]
4a000000-4a400000 rw-p 00000000 00:00 0                                  [anon:mmtk:space:los]
4a400000-4a800000 rw-p 00000000 00:00 0                                  [anon:mmtk:space:immix]
4a800000-4ac00000 rw-p 00000000 00:00 0                                  [anon:mmtk:space:los]
4ac00000-4b400000 rw-p 00000000 00:00 0                                  [anon:mmtk:space:immix]
4b400000-4b800000 rw-p 00000000 00:00 0                                  [anon:mmtk:space:los]
4b800000-4c000000 rw-p 00000000 00:00 0                                  [anon:mmtk:space:immix]
4c000000-4c400000 rw-p 00000000 00:00 0                                  [anon:mmtk:space:los]
4c400000-4cc00000 rw-p 00000000 00:00 0                                  [anon:mmtk:space:immix]
4cc00000-4d000000 rw-p 00000000 00:00 0                                  [anon:mmtk:space:los]
4d000000-4d400000 rw-p 00000000 00:00 0                                  [anon:mmtk:space:immix]
4d400000-4d800000 rw-p 00000000 00:00 0                                  [anon:mmtk:space:los]
4d800000-4e000000 rw-p 00000000 00:00 0                                  [anon:mmtk:space:immix]
4e000000-4e400000 rw-p 00000000 00:00 0                                  [anon:mmtk:space:los]
4e400000-4e800000 rw-p 00000000 00:00 0                                  [anon:mmtk:space:immix]
4e800000-4ec00000 rw-p 00000000 00:00 0                                  [anon:mmtk:space:los]
4ec00000-4f400000 rw-p 00000000 00:00 0                                  [anon:mmtk:space:immix]
4f400000-4f800000 rw-p 00000000 00:00 0                                  [anon:mmtk:space:los]
4f800000-4fc00000 rw-p 00000000 00:00 0                                  [anon:mmtk:space:immix]
4fc00000-50000000 rw-p 00000000 00:00 0                                  [anon:mmtk:space:los]
50000000-50400000 rw-p 00000000 00:00 0                                  [anon:mmtk:space:immix]
50400000-50800000 rw-p 00000000 00:00 0                                  [anon:mmtk:space:immix]
50800000-50c00000 rw-p 00000000 00:00 0                                  [anon:mmtk:space:los]
50c00000-51400000 rw-p 00000000 00:00 0                                  [anon:mmtk:space:immix]
51400000-51800000 rw-p 00000000 00:00 0                                  [anon:mmtk:space:los]
51800000-52000000 rw-p 00000000 00:00 0                                  [anon:mmtk:space:immix]
52000000-52400000 rw-p 00000000 00:00 0                                  [anon:mmtk:space:los]
52400000-52800000 rw-p 00000000 00:00 0                                  [anon:mmtk:space:immix]
52800000-52c00000 rw-p 00000000 00:00 0                                  [anon:mmtk:space:los]
52c00000-53000000 rw-p 00000000 00:00 0                                  [anon:mmtk:space:immix]
53000000-53400000 rw-p 00000000 00:00 0                                  [anon:mmtk:space:los]
53400000-53800000 rw-p 00000000 00:00 0                                  [anon:mmtk:space:immix]
200000000000-2000c00c0000 rw-s 00000000 00:10 68                         anon_inode:bpf-map
58d765f57000-58d765f58000 r--p 00000000 fc:00 49676320                   /mydata/openjdk-mmtk/build/b0test/images/jdk/bin/java
58d765f58000-58d765f59000 r-xp 00001000 fc:00 49676320                   /mydata/openjdk-mmtk/build/b0test/images/jdk/bin/java
58d765f59000-58d765f5a000 r--p 00002000 fc:00 49676320                   /mydata/openjdk-mmtk/build/b0test/images/jdk/bin/java
58d765f5a000-58d765f5b000 r--p 00002000 fc:00 49676320                   /mydata/openjdk-mmtk/build/b0test/images/jdk/bin/java
58d765f5b000-58d765f5c000 rw-p 00003000 fc:00 49676320                   /mydata/openjdk-mmtk/build/b0test/images/jdk/bin/java
58d7698eb000-58d769933000 rw-p 00000000 00:00 0                          [heap]
6d981c000000-6d981c838000 rw-p 00000000 00:00 0 
6d981c838000-6d9820000000 ---p 00000000 00:00 0 
6d9820000000-6d9820021000 rw-p 00000000 00:00 0 
6d9820021000-6d9824000000 ---p 00000000 00:00 0 
6d9824000000-6d98245a1000 rw-p 00000000 00:00 0 
6d98245a1000-6d9828000000 ---p 00000000 00:00 0 
6d9828000000-6d98285d1000 rw-p 00000000 00:00 0 
6d98285d1000-6d982c000000 ---p 00000000 00:00 0 
6d982c000000-6d982c7ee000 rw-p 00000000 00:00 0 
6d982c7ee000-6d9830000000 ---p 00000000 00:00 0 
6d9830000000-6d98300c7000 rw-p 00000000 00:00 0 
6d98300c7000-6d9834000000 ---p 00000000 00:00 0 
6d9834000000-6d98346bf000 rw-p 00000000 00:00 0 
6d98346bf000-6d9838000000 ---p 00000000 00:00 0 
6d9838000000-6d9838661000 rw-p 00000000 00:00 0 
6d9838661000-6d983c000000 ---p 00000000 00:00 0 
6d983c000000-6d983c2cf000 rw-p 00000000 00:00 0 
6d983c2cf000-6d9840000000 ---p 00000000 00:00 0 
6d9840000000-6d98408fc000 rw-p 00000000 00:00 0 
6d98408fc000-6d9844000000 ---p 00000000 00:00 0 
6d9844000000-6d9844021000 rw-p 00000000 00:00 0 
6d9844021000-6d9848000000 ---p 00000000 00:00 0 
6d9848000000-6d9848038000 rw-p 00000000 00:00 0 
6d9848038000-6d984c000000 ---p 00000000 00:00 0 
6d984c000000-6d984c021000 rw-p 00000000 00:00 0 
6d984c021000-6d9850000000 ---p 00000000 00:00 0 
6d9850000000-6d9850026000 rw-p 00000000 00:00 0 
6d9850026000-6d9854000000 ---p 00000000 00:00 0 
6d9854000000-6d9854021000 rw-p 00000000 00:00 0 
6d9854021000-6d9858000000 ---p 00000000 00:00 0 
6d9858000000-6d9858021000 rw-p 00000000 00:00 0 
6d9858021000-6d985c000000 ---p 00000000 00:00 0 
6d985c000000-6d985c023000 rw-p 00000000 00:00 0 
6d985c023000-6d9860000000 ---p 00000000 00:00 0 
6d9860000000-6d9860036000 rw-p 00000000 00:00 0 
6d9860036000-6d9864000000 ---p 00000000 00:00 0 
6d9864000000-6d9864021000 rw-p 00000000 00:00 0 
6d9864021000-6d9868000000 ---p 00000000 00:00 0 
6d9868000000-6d9868021000 rw-p 00000000 00:00 0 
6d9868021000-6d986c000000 ---p 00000000 00:00 0 
6d986e8fe000-6d986e8ff000 ---p 00000000 00:00 0 
6d986e8ff000-6d986eaff000 rw-p 00000000 00:00 0 
6d986ee00000-6d986ee04000 ---p 00000000 00:00 0 
6d986ee04000-6d986ef00000 rw-p 00000000 00:00 0 
6d986ef00000-6d986ef04000 ---p 00000000 00:00 0 
6d986ef04000-6d986f000000 rw-p 00000000 00:00 0 
6d986f000000-6d986f004000 ---p 00000000 00:00 0 
6d986f004000-6d986f100000 rw-p 00000000 00:00 0 
6d986f100000-6d986f104000 ---p 00000000 00:00 0 
6d986f104000-6d986f200000 rw-p 00000000 00:00 0 
6d986f200000-6d986f204000 ---p 00000000 00:00 0 
6d986f204000-6d986f300000 rw-p 00000000 00:00 0 
6d986f300000-6d986f304000 ---p 00000000 00:00 0 
6d986f304000-6d986f400000 rw-p 00000000 00:00 0 
6d986f400000-6d986f404000 ---p 00000000 00:00 0 
6d986f404000-6d986f500000 rw-p 00000000 00:00 0 
6d986f500000-6d986f504000 ---p 00000000 00:00 0 
6d986f504000-6d986f600000 rw-p 00000000 00:00 0 
6d986f600000-6d986f604000 ---p 00000000 00:00 0 
6d986f604000-6d986f700000 rw-p 00000000 00:00 0 
6d986f700000-6d986f704000 ---p 00000000 00:00 0 
6d986f704000-6d986f800000 rw-p 00000000 00:00 0 
6d986f800000-6d986f804000 ---p 00000000 00:00 0 
6d986f804000-6d986f900000 rw-p 00000000 00:00 0 
6d986f900000-6d986f904000 ---p 00000000 00:00 0 
6d986f904000-6d986fa00000 rw-p 00000000 00:00 0 
6d986fa00000-6d986fa04000 ---p 00000000 00:00 0 
6d986fa04000-6d986fb00000 rw-p 00000000 00:00 0 
6d986fb00000-6d986fb04000 ---p 00000000 00:00 0 
6d986fb04000-6d986fc00000 rw-p 00000000 00:00 0 
6d986fc00000-6d986fc04000 ---p 00000000 00:00 0 
6d986fc04000-6d986fd00000 rw-p 00000000 00:00 0 
6d986fd00000-6d986fd04000 ---p 00000000 00:00 0 
6d986fd04000-6d986fe00000 rw-p 00000000 00:00 0 
6d986fe00000-6d986fe04000 ---p 00000000 00:00 0 
6d986fe04000-6d986ff00000 rw-p 00000000 00:00 0 
6d986ff00000-6d986ff04000 ---p 00000000 00:00 0 
6d986ff04000-6d9870000000 rw-p 00000000 00:00 0 
6d9870000000-6d9870025000 rw-p 00000000 00:00 0 
6d9870025000-6d9874000000 ---p 00000000 00:00 0 
6d9874000000-6d9874021000 rw-p 00000000 00:00 0 
6d9874021000-6d9878000000 ---p 00000000 00:00 0 
6d9878000000-6d9878021000 rw-p 00000000 00:00 0 
6d9878021000-6d987c000000 ---p 00000000 00:00 0 
6d987c000000-6d987c021000 rw-p 00000000 00:00 0 
6d987c021000-6d9880000000 ---p 00000000 00:00 0 
6d9880000000-6d9880022000 rw-p 00000000 00:00 0 
6d9880022000-6d9884000000 ---p 00000000 00:00 0 
6d9884000000-6d988407a000 rw-p 00000000 00:00 0 
6d988407a000-6d9888000000 ---p 00000000 00:00 0 
6d9888000000-6d9888021000 rw-p 00000000 00:00 0 
6d9888021000-6d988c000000 ---p 00000000 00:00 0 
6d988c000000-6d988c04a000 rw-p 00000000 00:00 0 
6d988c04a000-6d9890000000 ---p 00000000 00:00 0 
6d9890000000-6d9890023000 rw-p 00000000 00:00 0 
6d9890023000-6d9894000000 ---p 00000000 00:00 0 
6d9894000000-6d9894021000 rw-p 00000000 00:00 0 
6d9894021000-6d9898000000 ---p 00000000 00:00 0 
6d9898000000-6d9898021000 rw-p 00000000 00:00 0 
6d9898021000-6d989c000000 ---p 00000000 00:00 0 
6d989c000000-6d989c021000 rw-p 00000000 00:00 0 
6d989c021000-6d98a0000000 ---p 00000000 00:00 0 
6d98a0000000-6d98a0029000 rw-p 00000000 00:00 0 
6d98a0029000-6d98a4000000 ---p 00000000 00:00 0 
6d98a4000000-6d98a4021000 rw-p 00000000 00:00 0 
6d98a4021000-6d98a8000000 ---p 00000000 00:00 0 
6d98a8000000-6d98a8021000 rw-p 00000000 00:00 0 
6d98a8021000-6d98ac000000 ---p 00000000 00:00 0 
6d98ac000000-6d98ac021000 rw-p 00000000 00:00 0 
6d98ac021000-6d98b0000000 ---p 00000000 00:00 0 
6d98b0000000-6d98b0021000 rw-p 00000000 00:00 0 
6d98b0021000-6d98b4000000 ---p 00000000 00:00 0 
6d98b4000000-6d98b4028000 rw-p 00000000 00:00 0 
6d98b4028000-6d98b8000000 ---p 00000000 00:00 0 
6d98b8000000-6d98b8021000 rw-p 00000000 00:00 0 
6d98b8021000-6d98bc000000 ---p 00000000 00:00 0 
6d98bc000000-6d98bc05e000 rw-p 00000000 00:00 0 
6d98bc05e000-6d98c0000000 ---p 00000000 00:00 0 
6d98c0000000-6d98c0021000 rw-p 00000000 00:00 0 
6d98c0021000-6d98c4000000 ---p 00000000 00:00 0 
6d98c4000000-6d98c4021000 rw-p 00000000 00:00 0 
6d98c4021000-6d98c8000000 ---p 00000000 00:00 0 
6d98c8000000-6d98c8c91000 rw-p 00000000 00:00 0 
6d98c8c91000-6d98cc000000 ---p 00000000 00:00 0 
6d98cc000000-6d98cc7ae000 rw-p 00000000 00:00 0 
6d98cc7ae000-6d98d0000000 ---p 00000000 00:00 0 
6d98d0000000-6d98d0021000 rw-p 00000000 00:00 0 
6d98d0021000-6d98d4000000 ---p 00000000 00:00 0 
6d98d4000000-6d98d4021000 rw-p 00000000 00:00 0 
6d98d4021000-6d98d8000000 ---p 00000000 00:00 0 
6d98d8000000-6d98d8323000 rw-p 00000000 00:00 0 
6d98d8323000-6d98dc000000 ---p 00000000 00:00 0 
6d98dc000000-6d98dc1f9000 rw-p 00000000 00:00 0 
6d98dc1f9000-6d98e0000000 ---p 00000000 00:00 0 
6d98e0000000-6d98e0d62000 rw-p 00000000 00:00 0 
6d98e0d62000-6d98e4000000 ---p 00000000 00:00 0 
6d98e4000000-6d98e43f9000 rw-p 00000000 00:00 0 
6d98e43f9000-6d98e8000000 ---p 00000000 00:00 0 
6d98e8000000-6d98e8021000 rw-p 00000000 00:00 0 
6d98e8021000-6d98ec000000 ---p 00000000 00:00 0 
6d98ec000000-6d98ec021000 rw-p 00000000 00:00 0 
6d98ec021000-6d98f0000000 ---p 00000000 00:00 0 
6d98f0000000-6d98f0031000 rw-p 00000000 00:00 0 
6d98f0031000-6d98f4000000 ---p 00000000 00:00 0 
6d98f4000000-6d98f4021000 rw-p 00000000 00:00 0 
6d98f4021000-6d98f8000000 ---p 00000000 00:00 0 
6d98f8000000-6d98f8036000 rw-p 00000000 00:00 0 
6d98f8036000-6d98fc000000 ---p 00000000 00:00 0 
6d98fc000000-6d98fc02a000 rw-p 00000000 00:00 0 
6d98fc02a000-6d9900000000 ---p 00000000 00:00 0 
6d9900000000-6d990002a000 rw-p 00000000 00:00 0 
6d990002a000-6d9904000000 ---p 00000000 00:00 0 
6d9904000000-6d99040fb000 rw-p 00000000 00:00 0 
6d99040fb000-6d9908000000 ---p 00000000 00:00 0 
6d9908000000-6d9908043000 rw-p 00000000 00:00 0 
6d9908043000-6d990c000000 ---p 00000000 00:00 0 
6d990c000000-6d990c027000 rw-p 00000000 00:00 0 
6d990c027000-6d9910000000 ---p 00000000 00:00 0 
6d9910000000-6d991003a000 rw-p 00000000 00:00 0 
6d991003a000-6d9914000000 ---p 00000000 00:00 0 
6d9914000000-6d9914033000 rw-p 00000000 00:00 0 
6d9914033000-6d9918000000 ---p 00000000 00:00 0 
6d9918000000-6d9918184000 rw-p 00000000 00:00 0 
6d9918184000-6d991c000000 ---p 00000000 00:00 0 
6d991c000000-6d991c04b000 rw-p 00000000 00:00 0 
6d991c04b000-6d9920000000 ---p 00000000 00:00 0 
6d9920000000-6d992002a000 rw-p 00000000 00:00 0 
6d992002a000-6d9924000000 ---p 00000000 00:00 0 
6d9924000000-6d9924025000 rw-p 00000000 00:00 0 
6d9924025000-6d9928000000 ---p 00000000 00:00 0 
6d9928000000-6d9928022000 rw-p 00000000 00:00 0 
6d9928022000-6d992c000000 ---p 00000000 00:00 0 
6d992c000000-6d992c032000 rw-p 00000000 00:00 0 
6d992c032000-6d9930000000 ---p 00000000 00:00 0 
6d9930000000-6d9930022000 rw-p 00000000 00:00 0 
6d9930022000-6d9934000000 ---p 00000000 00:00 0 
6d9934000000-6d9934032000 rw-p 00000000 00:00 0 
6d9934032000-6d9938000000 ---p 00000000 00:00 0 
6d9938000000-6d9938022000 rw-p 00000000 00:00 0 
6d9938022000-6d993c000000 ---p 00000000 00:00 0 
6d993c000000-6d993c05b000 rw-p 00000000 00:00 0 
6d993c05b000-6d9940000000 ---p 00000000 00:00 0 
6d9940000000-6d994004e000 rw-p 00000000 00:00 0 
6d994004e000-6d9944000000 ---p 00000000 00:00 0 
6d9944000000-6d994402c000 rw-p 00000000 00:00 0 
6d994402c000-6d9948000000 ---p 00000000 00:00 0 
6d9948000000-6d9948034000 rw-p 00000000 00:00 0 
6d9948034000-6d994c000000 ---p 00000000 00:00 0 
6d994c000000-6d994c304000 rw-p 00000000 00:00 0 
6d994c304000-6d9950000000 ---p 00000000 00:00 0 
6d9950000000-6d9950021000 rw-p 00000000 00:00 0 
6d9950021000-6d9954000000 ---p 00000000 00:00 0 
6d9954000000-6d9954021000 rw-p 00000000 00:00 0 
6d9954021000-6d9958000000 ---p 00000000 00:00 0 
6d9958000000-6d9958021000 rw-p 00000000 00:00 0 
6d9958021000-6d995c000000 ---p 00000000 00:00 0 
6d995c000000-6d995c021000 rw-p 00000000 00:00 0 
6d995c021000-6d9960000000 ---p 00000000 00:00 0 
6d9960000000-6d9960280000 rw-p 00000000 00:00 0 
6d9960280000-6d9960400000 ---p 00000000 00:00 0 
6d9960400000-6d99608c0000 rw-p 00000000 00:00 0 
6d99608c0000-6d9964000000 ---p 00000000 00:00 0 
6d9964000000-6d9964021000 rw-p 00000000 00:00 0 
6d9964021000-6d9968000000 ---p 00000000 00:00 0 
6d99680f3000-6d99680f7000 ---p 00000000 00:00 0 
6d99680f7000-6d99681f3000 rw-p 00000000 00:00 0 
6d99681f3000-6d99681f7000 ---p 00000000 00:00 0 
6d99681f7000-6d99682f3000 rw-p 00000000 00:00 0 
6d99682f3000-6d99682f7000 ---p 00000000 00:00 0 
6d99682f7000-6d99683f3000 rw-p 00000000 00:00 0 
6d99683f3000-6d99683f7000 ---p 00000000 00:00 0 
6d99683f7000-6d99684f3000 rw-p 00000000 00:00 0 
6d99684f3000-6d99684f7000 ---p 00000000 00:00 0 
6d99684f7000-6d99685f3000 rw-p 00000000 00:00 0 
6d99685f3000-6d99685f7000 ---p 00000000 00:00 0 
6d99685f7000-6d99686f3000 rw-p 00000000 00:00 0 
6d99686f3000-6d99686f7000 ---p 00000000 00:00 0 
6d99686f7000-6d99687f3000 rw-p 00000000 00:00 0 
6d99687f3000-6d99687f7000 ---p 00000000 00:00 0 
6d99687f7000-6d99688f3000 rw-p 00000000 00:00 0 
6d99688f3000-6d99688f7000 ---p 00000000 00:00 0 
6d99688f7000-6d99689f3000 rw-p 00000000 00:00 0 
6d99689f3000-6d99689f7000 ---p 00000000 00:00 0 
6d99689f7000-6d9968af3000 rw-p 00000000 00:00 0 
6d9968af3000-6d9968af7000 ---p 00000000 00:00 0 
6d9968af7000-6d9968bf3000 rw-p 00000000 00:00 0 
6d9968bf3000-6d9968bf7000 ---p 00000000 00:00 0 
6d9968bf7000-6d9968cf3000 rw-p 00000000 00:00 0 
6d9968cf3000-6d9968cf7000 ---p 00000000 00:00 0 
6d9968cf7000-6d9968df3000 rw-p 00000000 00:00 0 
6d9968df3000-6d9968df7000 ---p 00000000 00:00 0 
6d9968df7000-6d9968ef3000 rw-p 00000000 00:00 0 
6d9968ef3000-6d9968ef7000 ---p 00000000 00:00 0 
6d9968ef7000-6d9968ff3000 rw-p 00000000 00:00 0 
6d9968ff3000-6d9968ff7000 ---p 00000000 00:00 0 
6d9968ff7000-6d99690f3000 rw-p 00000000 00:00 0 
6d99690f3000-6d99690f7000 ---p 00000000 00:00 0 
6d99690f7000-6d99691f3000 rw-p 00000000 00:00 0 
6d99691f3000-6d99691f7000 ---p 00000000 00:00 0 
6d99691f7000-6d99692f3000 rw-p 00000000 00:00 0 
6d99692f3000-6d99692f7000 ---p 00000000 00:00 0 
6d99692f7000-6d99693f3000 rw-p 00000000 00:00 0 
6d99693f3000-6d99693f7000 ---p 00000000 00:00 0 
6d99693f7000-6d99694f3000 rw-p 00000000 00:00 0 
6d99694f3000-6d99694f7000 ---p 00000000 00:00 0 
6d99694f7000-6d99695f3000 rw-p 00000000 00:00 0 
6d99695f3000-6d99695f7000 ---p 00000000 00:00 0 
6d99695f7000-6d99696f3000 rw-p 00000000 00:00 0 
6d99696f3000-6d99696f4000 ---p 00000000 00:00 0 
6d99696f4000-6d99696f8000 ---p 00000000 00:00 0 
6d99696f8000-6d99698f4000 rw-p 00000000 00:00 0 
6d99698f4000-6d99698f8000 ---p 00000000 00:00 0 
6d99698f8000-6d99699f4000 rw-p 00000000 00:00 0 
6d99699f4000-6d99699f8000 ---p 00000000 00:00 0 
6d99699f8000-6d9969af4000 rw-p 00000000 00:00 0 
6d9969af4000-6d9969af8000 ---p 00000000 00:00 0 
6d9969af8000-6d9969bf4000 rw-p 00000000 00:00 0 
6d9969bf4000-6d9969bf8000 ---p 00000000 00:00 0 
6d9969bf8000-6d9969cf4000 rw-p 00000000 00:00 0 
6d9969cf4000-6d9969cf8000 ---p 00000000 00:00 0 
6d9969cf8000-6d9969df4000 rw-p 00000000 00:00 0 
6d9969df4000-6d9969df8000 ---p 00000000 00:00 0 
6d9969df8000-6d9969ef4000 rw-p 00000000 00:00 0 
6d9969ef4000-6d9969ef8000 ---p 00000000 00:00 0 
6d9969ef8000-6d9969ff4000 rw-p 00000000 00:00 0 
6d9969ff4000-6d9969ff8000 ---p 00000000 00:00 0 
6d9969ff8000-6d996a0f4000 rw-p 00000000 00:00 0 
6d996a0f4000-6d996a0f8000 ---p 00000000 00:00 0 
6d996a0f8000-6d996a1f4000 rw-p 00000000 00:00 0 
6d996a1f4000-6d996a1f8000 ---p 00000000 00:00 0 
6d996a1f8000-6d996a2f4000 rw-p 00000000 00:00 0 
6d996a2f4000-6d996a2f8000 ---p 00000000 00:00 0 
6d996a2f8000-6d996a3f4000 rw-p 00000000 00:00 0 
6d996a3f4000-6d996a3f5000 ---p 00000000 00:00 0 
6d996a3f5000-6d996a4f5000 rw-p 00000000 00:00 0 
6d996a4f5000-6d996a4f6000 ---p 00000000 00:00 0 
6d996a4f6000-6d996a5f6000 rw-p 00000000 00:00 0 
6d996a5f6000-6d996a5f7000 ---p 00000000 00:00 0 
6d996a5f7000-6d996a6f7000 rw-p 00000000 00:00 0 
6d996a6f7000-6d996a6f8000 ---p 00000000 00:00 0 
6d996a6f8000-6d996a7f8000 rw-p 00000000 00:00 0 
6d996a7f8000-6d996a7f9000 ---p 00000000 00:00 0 
6d996a7f9000-6d996a8f9000 rw-p 00000000 00:00 0 
6d996a8f9000-6d996a8fa000 ---p 00000000 00:00 0 
6d996a8fa000-6d996a9fa000 rw-p 00000000 00:00 0 
6d996a9fa000-6d996a9fb000 ---p 00000000 00:00 0 
6d996a9fb000-6d996aafb000 rw-p 00000000 00:00 0 
6d996aafb000-6d996aafc000 ---p 00000000 00:00 0 
6d996aafc000-6d996abfc000 rw-p 00000000 00:00 0 
6d996abfc000-6d996abfd000 ---p 00000000 00:00 0 
6d996abfd000-6d996acfd000 rw-p 00000000 00:00 0 
6d996acfd000-6d996acfe000 ---p 00000000 00:00 0 
6d996acfe000-6d996adfe000 rw-p 00000000 00:00 0 
6d996adfe000-6d996adff000 ---p 00000000 00:00 0 
6d996adff000-6d996aeff000 rw-p 00000000 00:00 0 
6d996aeff000-6d996af00000 ---p 00000000 00:00 0 
6d996af00000-6d996b000000 rw-p 00000000 00:00 0 
6d996b000000-6d996bca3000 rw-p 00001000 fc:00 49677003                   /mydata/openjdk-mmtk/build/b0test/images/jdk/lib/server/classes.jsa
6d996bca3000-6d996c000000 ---p 00000000 00:00 0 
6d996c000000-6d996c040000 rw-p 00000000 00:00 0 
6d996c040000-6d996c110000 rw-p 00000000 00:00 0 
6d996c110000-6d99ac000000 ---p 00000000 00:00 0 
6d99ac000000-6d99ac021000 rw-p 00000000 00:00 0 
6d99ac021000-6d99b0000000 ---p 00000000 00:00 0 
6d99b00f9000-6d99b00fa000 ---p 00000000 00:00 0 
6d99b00fa000-6d99b01fa000 rw-p 00000000 00:00 0 
6d99b01fa000-6d99b01fb000 ---p 00000000 00:00 0 
6d99b01fb000-6d99b02fb000 rw-p 00000000 00:00 0 
6d99b02fb000-6d99b02fc000 ---p 00000000 00:00 0 
6d99b02fc000-6d99b03fc000 rw-p 00000000 00:00 0 
6d99b03fc000-6d99e0400000 rw-p 00000000 00:00 0 
6d99e0400000-6d99e1400000 ---p 00000000 00:00 0                          [anon:mmtk:sidemeta:all:all-quarantined]
6d99e1400000-6d99e1c00000 rw-p 00000000 00:00 0                          [anon:mmtk:sidemeta:immix:VO_BIT]
6d99e1c00000-6f99e2400000 ---p 00000000 00:00 0                          [anon:mmtk:sidemeta:all:all-quarantined]
6f99e2400000-6f99e2800000 rw-p 00000000 00:00 0                          [anon:mmtk:sidemeta:immix:CHUNK_MARK]
6f99e2800000-6f99e5400000 ---p 00000000 00:00 0                          [anon:mmtk:sidemeta:all:all-quarantined]
6f99e5400000-6f99e5c00000 rw-p 00000000 00:00 0                          [anon:mmtk:sidemeta:immix:VMGlobalLogBitSpec]
6f99e5c00000-71a1e4800000 ---p 00000000 00:00 0                          [anon:mmtk:sidemeta:all:all-quarantined]
71a1e4800000-71a1e4c00000 rw-p 00000000 00:00 0                          [anon:mmtk:sidemeta:immix:IX_LINE_MARK]
71a1e4c00000-7221e4400000 ---p 00000000 00:00 0                          [anon:mmtk:sidemeta:all:all-quarantined]
7221e4400000-7221e4800000 rw-p 00000000 00:00 0                          [anon:mmtk:sidemeta:immix:IX_BLOCK_DEFRAG]
7221e4800000-7222e4400000 ---p 00000000 00:00 0                          [anon:mmtk:sidemeta:all:all-quarantined]
7222e4400000-7222e4800000 rw-p 00000000 00:00 0                          [anon:mmtk:sidemeta:immix:IX_BLOCK_MARK]
7222e4800000-784464400000 ---p 00000000 00:00 0                          [anon:mmtk:sidemeta:all:all-quarantined]
784464400000-784464800000 rw-p 00000000 00:00 0                          [anon:mmtk:sidemeta:los:VMLocalLOSMarkNurserySpec]
784464800000-784665400000 ---p 00000000 00:00 0                          [anon:mmtk:sidemeta:all:all-quarantined]
784665400000-784665c00000 rw-p 00000000 00:00 0                          [anon:mmtk:sidemeta:immix:VMLocalMarkBitSpec]
784665c00000-7a4664400000 ---p 00000000 00:00 0                          [anon:mmtk:sidemeta:all:all-quarantined]
7a46644fc000-7a46644fd000 ---p 00000000 00:00 0 
7a46644fd000-7a46645fd000 rw-p 00000000 00:00 0 
7a46645fd000-7a46645fe000 ---p 00000000 00:00 0 
7a46645fe000-7a46646fe000 rw-p 00000000 00:00 0 
7a46646fe000-7a46646ff000 ---p 00000000 00:00 0 
7a46646ff000-7a46647ff000 rw-p 00000000 00:00 0 
7a46647ff000-7a4684800000 rw-p 00000000 00:00 0 
7a4684800000-7a4684ea0000 rwxp 00000000 00:00 0 
7a4684ea0000-7a468bc17000 ---p 00000000 00:00 0 
7a468bc17000-7a468bfa7000 rwxp 00000000 00:00 0 
7a468bfa7000-7a468c3e8000 ---p 00000000 00:00 0 
7a468c3e8000-7a468c658000 rwxp 00000000 00:00 0 
7a468c658000-7a4693800000 ---p 00000000 00:00 0 
7a4693800000-7a469bfa0000 r--s 00000000 fc:00 49676291                   /mydata/openjdk-mmtk/build/b0test/images/jdk/lib/modules
7a469c000000-7a469c7df000 rw-p 00000000 00:00 0 
7a469c7df000-7a46a0000000 ---p 00000000 00:00 0 
7a46a002a000-7a46a002f000 r--p 00000000 fc:00 49676385                   /mydata/openjdk-mmtk/build/b0test/images/jdk/lib/libjsvml.so
7a46a002f000-7a46a0070000 r-xp 00005000 fc:00 49676385                   /mydata/openjdk-mmtk/build/b0test/images/jdk/lib/libjsvml.so
7a46a0070000-7a46a00f9000 r--p 00046000 fc:00 49676385                   /mydata/openjdk-mmtk/build/b0test/images/jdk/lib/libjsvml.so
7a46a00f9000-7a46a00fa000 r--p 000ce000 fc:00 49676385                   /mydata/openjdk-mmtk/build/b0test/images/jdk/lib/libjsvml.so
7a46a00fa000-7a46a00fb000 rw-p 000cf000 fc:00 49676385                   /mydata/openjdk-mmtk/build/b0test/images/jdk/lib/libjsvml.so
7a46a00fb000-7a46a00fc000 ---p 00000000 00:00 0 
7a46a00fc000-7a46a01fc000 rw-p 00000000 00:00 0 
7a46a01fc000-7a46a01fd000 ---p 00000000 00:00 0 
7a46a01fd000-7a46a02fd000 rw-p 00000000 00:00 0 
7a46a02fd000-7a46a02fe000 ---p 00000000 00:00 0 
7a46a02fe000-7a46a03fe000 rw-p 00000000 00:00 0 
7a46a03fe000-7a46a03ff000 ---p 00000000 00:00 0 
7a46a03ff000-7a46a04ff000 rw-p 00000000 00:00 0 
7a46a04ff000-7a46a0500000 ---p 00000000 00:00 0 
7a46a0500000-7a46a0600000 rw-p 00000000 00:00 0 
7a46a0600000-7a46a0604000 ---p 00000000 00:00 0 
7a46a0604000-7a46a0700000 rw-p 00000000 00:00 0 
7a46a0700000-7a46a0704000 ---p 00000000 00:00 0 
7a46a0704000-7a46a0800000 rw-p 00000000 00:00 0 
7a46a0800000-7a46a0aeb000 r--p 00000000 08:03 1410552                    /usr/lib/locale/locale-archive
7a46a0b42000-7a46a0b46000 ---p 00000000 00:00 0 
7a46a0b46000-7a46a0c42000 rw-p 00000000 00:00 0 
7a46a0c42000-7a46a0c43000 ---p 00000000 00:00 0 
7a46a0c43000-7a46a0d43000 rw-p 00000000 00:00 0 
7a46a0d43000-7a46a0d44000 ---p 00000000 00:00 0 
7a46a0d44000-7a46a0e44000 rw-p 00000000 00:00 0 
7a46a0e44000-7a46a0e45000 ---p 00000000 00:00 0 
7a46a0e45000-7a46a0f45000 rw-p 00000000 00:00 0 
7a46a0f45000-7a46a1546000 rw-p 00000000 00:00 0 
7a46a1546000-7a46a154a000 r--p 00000000 08:03 1410107                    /usr/lib/x86_64-linux-gnu/libzstd.so.1.5.5
7a46a154a000-7a46a15f1000 r-xp 00004000 08:03 1410107                    /usr/lib/x86_64-linux-gnu/libzstd.so.1.5.5
7a46a15f1000-7a46a15fe000 r--p 000ab000 08:03 1410107                    /usr/lib/x86_64-linux-gnu/libzstd.so.1.5.5
7a46a15fe000-7a46a15ff000 r--p 000b7000 08:03 1410107                    /usr/lib/x86_64-linux-gnu/libzstd.so.1.5.5
7a46a15ff000-7a46a1600000 rw-p 000b8000 08:03 1410107                    /usr/lib/x86_64-linux-gnu/libzstd.so.1.5.5
7a46a1600000-7a46a160c000 r--p 00000000 fc:00 13107225                   /mydata/gc-bpf-fault/shim/libgcbpf.so
7a46a160c000-7a46a166e000 r-xp 0000c000 fc:00 13107225                   /mydata/gc-bpf-fault/shim/libgcbpf.so
7a46a166e000-7a46a181b000 r--p 0006e000 fc:00 13107225                   /mydata/gc-bpf-fault/shim/libgcbpf.so
7a46a181b000-7a46a181d000 r--p 0021b000 fc:00 13107225                   /mydata/gc-bpf-fault/shim/libgcbpf.so
7a46a181d000-7a46a181e000 rw-p 0021d000 fc:00 13107225                   /mydata/gc-bpf-fault/shim/libgcbpf.so
7a46a181e000-7a46a181f000 rw-p 00000000 00:00 0 
7a46a182e000-7a46a1833000 rw-p 00000000 00:00 0 
7a46a1833000-7a46a1917000 ---p 00000000 00:00 0 
7a46a1917000-7a46a1925000 rw-p 00000000 00:00 0 
7a46a1925000-7a46a1a00000 ---p 00000000 00:00 0 
7a46a1a00000-7a46a1b46000 r--p 00000000 fc:00 49676344                   /mydata/openjdk-mmtk/build/b0test/images/jdk/lib/server/libmmtk_openjdk.so
7a46a1b46000-7a46a1dbf000 r-xp 00145000 fc:00 49676344                   /mydata/openjdk-mmtk/build/b0test/images/jdk/lib/server/libmmtk_openjdk.so
7a46a1dbf000-7a46a1dff000 r--p 003bd000 fc:00 49676344                   /mydata/openjdk-mmtk/build/b0test/images/jdk/lib/server/libmmtk_openjdk.so
7a46a1dff000-7a46a1e01000 rw-p 003fc000 fc:00 49676344                   /mydata/openjdk-mmtk/build/b0test/images/jdk/lib/server/libmmtk_openjdk.so
7a46a1e01000-7a46a1e04000 rw-p 00000000 00:00 0 
7a46a1e17000-7a46a1e1b000 ---p 00000000 00:00 0 
7a46a1e1b000-7a46a1f17000 rw-p 00000000 00:00 0 
7a46a1f17000-7a46a1f27000 r--p 00000000 08:03 1411099                    /usr/lib/x86_64-linux-gnu/libm.so.6
7a46a1f27000-7a46a1fa6000 r-xp 00010000 08:03 1411099                    /usr/lib/x86_64-linux-gnu/libm.so.6
7a46a1fa6000-7a46a1ffe000 r--p 0008f000 08:03 1411099                    /usr/lib/x86_64-linux-gnu/libm.so.6
7a46a1ffe000-7a46a1fff000 r--p 000e7000 08:03 1411099                    /usr/lib/x86_64-linux-gnu/libm.so.6
7a46a1fff000-7a46a2000000 rw-p 000e8000 08:03 1411099                    /usr/lib/x86_64-linux-gnu/libm.so.6
7a46a2000000-7a46a22a9000 r--p 00000000 fc:00 49676343                   /mydata/openjdk-mmtk/build/b0test/images/jdk/lib/server/libjvm.so
7a46a22a9000-7a46a313c000 r-xp 002a9000 fc:00 49676343                   /mydata/openjdk-mmtk/build/b0test/images/jdk/lib/server/libjvm.so
7a46a313c000-7a46a3420000 r--p 0113c000 fc:00 49676343                   /mydata/openjdk-mmtk/build/b0test/images/jdk/lib/server/libjvm.so
7a46a3420000-7a46a34f6000 r--p 0141f000 fc:00 49676343                   /mydata/openjdk-mmtk/build/b0test/images/jdk/lib/server/libjvm.so
7a46a34f6000-7a46a3526000 rw-p 014f5000 fc:00 49676343                   /mydata/openjdk-mmtk/build/b0test/images/jdk/lib/server/libjvm.so
7a46a3526000-7a46a358c000 rw-p 00000000 00:00 0 
7a46a35d6000-7a46a35da000 r--p 00000000 fc:00 49676334                   /mydata/openjdk-mmtk/build/b0test/images/jdk/lib/libverify.so
7a46a35da000-7a46a35e1000 r-xp 00004000 fc:00 49676334                   /mydata/openjdk-mmtk/build/b0test/images/jdk/lib/libverify.so
7a46a35e1000-7a46a35e3000 r--p 0000b000 fc:00 49676334                   /mydata/openjdk-mmtk/build/b0test/images/jdk/lib/libverify.so
7a46a35e3000-7a46a35e5000 r--p 0000c000 fc:00 49676334                   /mydata/openjdk-mmtk/build/b0test/images/jdk/lib/libverify.so
7a46a35e5000-7a46a35e6000 rw-p 0000e000 fc:00 49676334                   /mydata/openjdk-mmtk/build/b0test/images/jdk/lib/libverify.so
7a46a35e6000-7a46a35e8000 r--p 00000000 fc:00 49676335                   /mydata/openjdk-mmtk/build/b0test/images/jdk/lib/libzip.so
7a46a35e8000-7a46a35ed000 r-xp 00002000 fc:00 49676335                   /mydata/openjdk-mmtk/build/b0test/images/jdk/lib/libzip.so
7a46a35ed000-7a46a35ef000 r--p 00007000 fc:00 49676335                   /mydata/openjdk-mmtk/build/b0test/images/jdk/lib/libzip.so
7a46a35ef000-7a46a35f0000 r--p 00008000 fc:00 49676335                   /mydata/openjdk-mmtk/build/b0test/images/jdk/lib/libzip.so
7a46a35f0000-7a46a35f1000 rw-p 00009000 fc:00 49676335                   /mydata/openjdk-mmtk/build/b0test/images/jdk/lib/libzip.so
7a46a35f1000-7a46a35f4000 r--p 00000000 fc:00 49676331                   /mydata/openjdk-mmtk/build/b0test/images/jdk/lib/libnet.so
7a46a35f4000-7a46a35fc000 r-xp 00003000 fc:00 49676331                   /mydata/openjdk-mmtk/build/b0test/images/jdk/lib/libnet.so
7a46a35fc000-7a46a35fe000 r--p 0000b000 fc:00 49676331                   /mydata/openjdk-mmtk/build/b0test/images/jdk/lib/libnet.so
7a46a35fe000-7a46a35ff000 r--p 0000c000 fc:00 49676331                   /mydata/openjdk-mmtk/build/b0test/images/jdk/lib/libnet.so
7a46a35ff000-7a46a3600000 rw-p 0000d000 fc:00 49676331                   /mydata/openjdk-mmtk/build/b0test/images/jdk/lib/libnet.so
7a46a3600000-7a46a3628000 r--p 00000000 08:03 1410238                    /usr/lib/x86_64-linux-gnu/libc.so.6
7a46a3628000-7a46a37b0000 r-xp 00028000 08:03 1410238                    /usr/lib/x86_64-linux-gnu/libc.so.6
7a46a37b0000-7a46a37ff000 r--p 001b0000 08:03 1410238                    /usr/lib/x86_64-linux-gnu/libc.so.6
7a46a37ff000-7a46a3803000 r--p 001fe000 08:03 1410238                    /usr/lib/x86_64-linux-gnu/libc.so.6
7a46a3803000-7a46a3805000 rw-p 00202000 08:03 1410238                    /usr/lib/x86_64-linux-gnu/libc.so.6
7a46a3805000-7a46a3812000 rw-p 00000000 00:00 0 
7a46a3817000-7a46a381e000 r--p 00000000 fc:00 49676332                   /mydata/openjdk-mmtk/build/b0test/images/jdk/lib/libnio.so
7a46a381e000-7a46a3827000 r-xp 00007000 fc:00 49676332                   /mydata/openjdk-mmtk/build/b0test/images/jdk/lib/libnio.so
7a46a3827000-7a46a382b000 r--p 00010000 fc:00 49676332                   /mydata/openjdk-mmtk/build/b0test/images/jdk/lib/libnio.so
7a46a382b000-7a46a382c000 r--p 00014000 fc:00 49676332                   /mydata/openjdk-mmtk/build/b0test/images/jdk/lib/libnio.so
7a46a382c000-7a46a382d000 rw-p 00015000 fc:00 49676332                   /mydata/openjdk-mmtk/build/b0test/images/jdk/lib/libnio.so
7a46a382d000-7a46a3830000 r--p 00000000 08:03 1410420                    /usr/lib/x86_64-linux-gnu/libelf-0.190.so
7a46a3830000-7a46a3846000 r-xp 00003000 08:03 1410420                    /usr/lib/x86_64-linux-gnu/libelf-0.190.so
7a46a3846000-7a46a384a000 r--p 00019000 08:03 1410420                    /usr/lib/x86_64-linux-gnu/libelf-0.190.so
7a46a384a000-7a46a384b000 r--p 0001c000 08:03 1410420                    /usr/lib/x86_64-linux-gnu/libelf-0.190.so
7a46a384b000-7a46a384c000 rw-p 0001d000 08:03 1410420                    /usr/lib/x86_64-linux-gnu/libelf-0.190.so
7a46a384f000-7a46a3856000 r--s 00000000 08:03 1436340                    /usr/lib/x86_64-linux-gnu/gconv/gconv-modules.cache
7a46a3856000-7a46a385e000 rw-p 00000000 00:00 0 
7a46a385e000-7a46a3866000 ---p 00000000 00:00 0 
7a46a3866000-7a46a3873000 r--p 00000000 fc:00 49676327                   /mydata/openjdk-mmtk/build/b0test/images/jdk/lib/libjava.so
7a46a3873000-7a46a3882000 r-xp 0000d000 fc:00 49676327                   /mydata/openjdk-mmtk/build/b0test/images/jdk/lib/libjava.so
7a46a3882000-7a46a3887000 r--p 0001c000 fc:00 49676327                   /mydata/openjdk-mmtk/build/b0test/images/jdk/lib/libjava.so
7a46a3887000-7a46a3888000 r--p 00021000 fc:00 49676327                   /mydata/openjdk-mmtk/build/b0test/images/jdk/lib/libjava.so
7a46a3888000-7a46a3889000 rw-p 00022000 fc:00 49676327                   /mydata/openjdk-mmtk/build/b0test/images/jdk/lib/libjava.so
7a46a3889000-7a46a388a000 rw-p 00000000 00:00 0 
7a46a388a000-7a46a3892000 rw-s 00000000 08:03 237590                     /tmp/hsperfdata_root/274031
7a46a3892000-7a46a3896000 r--p 00000000 fc:00 49676328                   /mydata/openjdk-mmtk/build/b0test/images/jdk/lib/libjimage.so
7a46a3896000-7a46a38ad000 r-xp 00004000 fc:00 49676328                   /mydata/openjdk-mmtk/build/b0test/images/jdk/lib/libjimage.so
7a46a38ad000-7a46a38b2000 r--p 0001b000 fc:00 49676328                   /mydata/openjdk-mmtk/build/b0test/images/jdk/lib/libjimage.so
7a46a38b2000-7a46a38b4000 r--p 00020000 fc:00 49676328                   /mydata/openjdk-mmtk/build/b0test/images/jdk/lib/libjimage.so
7a46a38b4000-7a46a38b5000 rw-p 00022000 fc:00 49676328                   /mydata/openjdk-mmtk/build/b0test/images/jdk/lib/libjimage.so
7a46a38b5000-7a46a38b9000 r--p 00000000 08:03 1410148                    /usr/lib/x86_64-linux-gnu/libgcc_s.so.1
7a46a38b9000-7a46a38dd000 r-xp 00004000 08:03 1410148                    /usr/lib/x86_64-linux-gnu/libgcc_s.so.1
7a46a38dd000-7a46a38e1000 r--p 00028000 08:03 1410148                    /usr/lib/x86_64-linux-gnu/libgcc_s.so.1
7a46a38e1000-7a46a38e2000 r--p 0002b000 08:03 1410148                    /usr/lib/x86_64-linux-gnu/libgcc_s.so.1
7a46a38e2000-7a46a38e3000 rw-p 0002c000 08:03 1410148                    /usr/lib/x86_64-linux-gnu/libgcc_s.so.1
7a46a38e3000-7a46a38e5000 rw-p 00000000 00:00 0 
7a46a38e5000-7a46a38e7000 r--p 00000000 08:03 1409104                    /usr/lib/x86_64-linux-gnu/libz.so.1.3
7a46a38e7000-7a46a38f9000 r-xp 00002000 08:03 1409104                    /usr/lib/x86_64-linux-gnu/libz.so.1.3
7a46a38f9000-7a46a38ff000 r--p 00014000 08:03 1409104                    /usr/lib/x86_64-linux-gnu/libz.so.1.3
7a46a38ff000-7a46a3900000 r--p 0001a000 08:03 1409104                    /usr/lib/x86_64-linux-gnu/libz.so.1.3
7a46a3900000-7a46a3901000 rw-p 0001b000 08:03 1409104                    /usr/lib/x86_64-linux-gnu/libz.so.1.3
7a46a3906000-7a46a3907000 rw-s 00000000 00:10 68                         anon_inode:bpf-map
7a46a3907000-7a46a3908000 r--s 00000000 00:10 68                         anon_inode:bpf-map
7a46a3908000-7a46a3909000 ---p 00000000 00:00 0 
7a46a3909000-7a46a390a000 r--p 00000000 00:00 0 
7a46a390a000-7a46a390b000 ---p 00000000 00:00 0 
7a46a390b000-7a46a390d000 r--p 00000000 fc:00 49676329                   /mydata/openjdk-mmtk/build/b0test/images/jdk/lib/libjli.so
7a46a390d000-7a46a3917000 r-xp 00002000 fc:00 49676329                   /mydata/openjdk-mmtk/build/b0test/images/jdk/lib/libjli.so
7a46a3917000-7a46a391a000 r--p 0000c000 fc:00 49676329                   /mydata/openjdk-mmtk/build/b0test/images/jdk/lib/libjli.so
7a46a391a000-7a46a391b000 r--p 0000f000 fc:00 49676329                   /mydata/openjdk-mmtk/build/b0test/images/jdk/lib/libjli.so
7a46a391b000-7a46a391c000 rw-p 00010000 fc:00 49676329                   /mydata/openjdk-mmtk/build/b0test/images/jdk/lib/libjli.so
7a46a391c000-7a46a391e000 rw-p 00000000 00:00 0 
7a46a391e000-7a46a3922000 r--p 00000000 00:00 0                          [vvar]
7a46a3922000-7a46a3924000 r--p 00000000 00:00 0                          [vvar_vclock]
7a46a3924000-7a46a3926000 r-xp 00000000 00:00 0                          [vdso]
7a46a3926000-7a46a3927000 r--p 00000000 08:03 1409763                    /usr/lib/x86_64-linux-gnu/ld-linux-x86-64.so.2
7a46a3927000-7a46a3952000 r-xp 00001000 08:03 1409763                    /usr/lib/x86_64-linux-gnu/ld-linux-x86-64.so.2
7a46a3952000-7a46a395c000 r--p 0002c000 08:03 1409763                    /usr/lib/x86_64-linux-gnu/ld-linux-x86-64.so.2
7a46a395c000-7a46a395e000 r--p 00036000 08:03 1409763                    /usr/lib/x86_64-linux-gnu/ld-linux-x86-64.so.2
7a46a395e000-7a46a3960000 rw-p 00038000 08:03 1409763                    /usr/lib/x86_64-linux-gnu/ld-linux-x86-64.so.2
7ffcb5e60000-7ffcb5e81000 rw-p 00000000 00:00 0                          [stack]
ffffffffff600000-ffffffffff601000 --xp 00000000 00:00 0                  [vsyscall]
Total number of mappings: 551

JVMTI agents: none


VM Arguments:
jvm_args: -XX:+UseThirdPartyHeap -Xms512m -Xmx512m 
java_command: /mydata/dacapo/dacapo-23.11/dacapo-23.11-MR2-chopin.jar xalan -n 3
java_class_path (initial): /mydata/dacapo/dacapo-23.11/dacapo-23.11-MR2-chopin.jar
Launcher Type: SUN_STANDARD

[Global flags]
     intx CICompilerCount                          = 15                                        {product} {ergonomic}
   size_t InitialHeapSize                          = 536870912                                 {product} {command line}
   size_t MaxHeapSize                              = 536870912                                 {product} {command line}
   size_t MinHeapDeltaBytes                        = 524288                                    {product} {ergonomic}
   size_t MinHeapSize                              = 536870912                                 {product} {command line}
    uintx NonNMethodCodeHeapSize                   = 8192380                                {pd product} {ergonomic}
    uintx NonProfiledCodeHeapSize                  = 121732930                              {pd product} {ergonomic}
    uintx ProfiledCodeHeapSize                     = 121732930                              {pd product} {ergonomic}
    uintx ReservedCodeCacheSize                    = 251658240                              {pd product} {ergonomic}
     bool SegmentedCodeCache                       = true                                      {product} {ergonomic}
   size_t SoftMaxHeapSize                          = 536870912                              {manageable} {ergonomic}
     bool UseCompressedOops                        = true                           {product lp64_product} {ergonomic}

Logging:
Log output configuration:
 #0: stdout all=warning uptime,level,tags foldmultilines=false
 #1: stderr all=off uptime,level,tags foldmultilines=false

Release file:
IMPLEMENTOR="N/A"
JAVA_RUNTIME_VERSION="21.0.9-internal-adhoc.talzuss.openjdk-mmtk"
JAVA_VERSION="21.0.9"
JAVA_VERSION_DATE="2025-10-21"
LIBC="gnu"
MODULES="java.base java.compiler java.datatransfer java.xml java.prefs java.desktop java.instrument java.logging java.management java.security.sasl java.naming java.rmi java.management.rmi java.net.http java.scripting java.security.jgss java.transaction.xa java.sql java.sql.rowset java.xml.crypto java.se java.smartcardio jdk.accessibility jdk.internal.jvmstat jdk.attach jdk.charsets jdk.internal.opt jdk.zipfs jdk.compiler jdk.crypto.ec jdk.crypto.cryptoki jdk.dynalink jdk.internal.ed jdk.editpad jdk.hotspot.agent jdk.httpserver jdk.incubator.vector jdk.internal.le jdk.internal.vm.ci jdk.internal.vm.compiler jdk.internal.vm.compiler.management jdk.jartool jdk.javadoc jdk.jcmd jdk.management jdk.management.agent jdk.jconsole jdk.jdeps jdk.jdwp.agent jdk.jdi jdk.jfr jdk.jlink jdk.jpackage jdk.jshell jdk.jsobject jdk.jstatd jdk.localedata jdk.management.jfr jdk.naming.dns jdk.naming.rmi jdk.net jdk.nio.mapmode jdk.random jdk.sctp jdk.security.auth jdk.security.jgss jdk.unsupported jdk.unsupported.desktop jdk.xml.dom"
OS_ARCH="x86_64"
OS_NAME="Linux"
SOURCE=".:git:b557520f04b3+"

Environment Variables:
PATH=/usr/local/sbin:/usr/local/bin:/usr/sbin:/usr/bin:/sbin:/bin:/snap/bin
SHELL=/bin/bash
LANG=en_US.UTF-8
TERM=tmux-256color

Active Locale:
LC_ALL=en_US.UTF-8
LC_COLLATE=en_US.UTF-8
LC_CTYPE=en_US.UTF-8
LC_MESSAGES=en_US.UTF-8
LC_MONETARY=en_US.UTF-8
LC_NUMERIC=en_US.UTF-8
LC_TIME=en_US.UTF-8

Signal Handlers:
   SIGSEGV: crash_handler in libjvm.so, mask=11100100010111111101111111111110, flags=SA_RESTART|SA_SIGINFO, unblocked
    SIGBUS: crash_handler in libjvm.so, mask=11100100010111111101111111111110, flags=SA_RESTART|SA_SIGINFO, unblocked
    SIGFPE: crash_handler in libjvm.so, mask=11100100010111111101111111111110, flags=SA_RESTART|SA_SIGINFO, unblocked
   SIGPIPE: javaSignalHandler in libjvm.so, mask=11100100010111111101111111111110, flags=SA_RESTART|SA_SIGINFO, blocked
   SIGXFSZ: javaSignalHandler in libjvm.so, mask=11100100010111111101111111111110, flags=SA_RESTART|SA_SIGINFO, blocked
    SIGILL: crash_handler in libjvm.so, mask=11100100010111111101111111111110, flags=SA_RESTART|SA_SIGINFO, unblocked
   SIGUSR2: SR_handler in libjvm.so, mask=00000000000000000000000000000000, flags=SA_RESTART|SA_SIGINFO, blocked
    SIGHUP: UserHandler in libjvm.so, mask=11100100010111111101111111111110, flags=SA_RESTART|SA_SIGINFO, blocked
    SIGINT: UserHandler in libjvm.so, mask=11100100010111111101111111111110, flags=SA_RESTART|SA_SIGINFO, blocked
   SIGTERM: UserHandler in libjvm.so, mask=11100100010111111101111111111110, flags=SA_RESTART|SA_SIGINFO, blocked
   SIGQUIT: UserHandler in libjvm.so, mask=11100100010111111101111111111110, flags=SA_RESTART|SA_SIGINFO, blocked
   SIGTRAP: crash_handler in libjvm.so, mask=11100100010111111101111111111110, flags=SA_RESTART|SA_SIGINFO, unblocked


Periodic native trim disabled

---------------  S Y S T E M  ---------------

OS:
DISTRIB_ID=Ubuntu
DISTRIB_RELEASE=24.04
DISTRIB_CODENAME=noble
DISTRIB_DESCRIPTION="Ubuntu 24.04.4 LTS"
uname: Linux 6.17.0-bpf-fault+ #1 SMP PREEMPT_DYNAMIC Mon Jul  6 16:43:12 MDT 2026 x86_64
OS uptime: 0 days 19:01 hours
libc: glibc 2.39 NPTL 2.39 
rlimit (soft/hard): STACK 8192k/infinity , CORE 0k/0k , NPROC 513205/513205 , NOFILE 1048576/1048576 , AS infinity/infinity , CPU infinity/infinity , DATA infinity/infinity , FSIZE infinity/infinity , MEMLOCK 16436528k/16436528k
load average: 1.38 0.52 0.51

/proc/meminfo:
MemTotal:       131492232 kB
MemFree:        82075296 kB
MemAvailable:   123837836 kB
Buffers:          506496 kB
Cached:         40664132 kB
SwapCached:            0 kB
Active:          2305232 kB
Inactive:       40362220 kB
Active(anon):    1513544 kB
Inactive(anon):        0 kB
Active(file):     791688 kB
Inactive(file): 40362220 kB
Unevictable:       41912 kB
Mlocked:           38840 kB
SwapTotal:       8388604 kB
SwapFree:        8388604 kB
Zswap:                 0 kB
Zswapped:              0 kB
Dirty:             13004 kB
Writeback:             0 kB
AnonPages:       1540648 kB
Mapped:          3390972 kB
Shmem:              5316 kB
KReclaimable:    1859868 kB
Slab:            2377008 kB
SReclaimable:    1859868 kB
SUnreclaim:       517140 kB
KernelStack:       10528 kB
PageTables:        28124 kB
SecPageTables:      8668 kB
NFS_Unstable:          0 kB
Bounce:                0 kB
WritebackTmp:          0 kB
CommitLimit:    74134720 kB
Committed_AS:   160074552 kB
VmallocTotal:   34359738367 kB
VmallocUsed:       36356 kB
VmallocChunk:          0 kB
Percpu:            48896 kB
HardwareCorrupted:     0 kB
AnonHugePages:         0 kB
ShmemHugePages:        0 kB
ShmemPmdMapped:        0 kB
FileHugePages:   2152448 kB
FilePmdMapped:         0 kB
Unaccepted:            0 kB
Balloon:               0 kB
HugePages_Total:       0
HugePages_Free:        0
HugePages_Rsvd:        0
HugePages_Surp:        0
Hugepagesize:       2048 kB
Hugetlb:               0 kB
DirectMap4k:      611136 kB
DirectMap2M:    18898944 kB
DirectMap1G:    114294784 kB

/sys/kernel/mm/transparent_hugepage/enabled: always [madvise] never
/sys/kernel/mm/transparent_hugepage/hpage_pmd_size: 2097152
/sys/kernel/mm/transparent_hugepage/defrag (defrag/compaction efforts parameter): always defer defer+madvise [madvise] never

Process Memory:
Virtual Size: 13620352244K (peak: 13620352244K)
Resident Set Size: 4167080K (peak: 4167080K) (anon: 993636K, file: 3173444K, shmem: 0K)
Swapped out: 0K
C-Heap outstanding allocations: 1397368K, retained: 32203K
glibc malloc tunables: (default)

/proc/sys/kernel/threads-max (system-wide limit on the number of threads): 1026411
/proc/sys/vm/max_map_count (maximum number of memory map areas a process may have): 1048576
/proc/sys/vm/swappiness (control to define how aggressively the kernel swaps out anonymous memory): 60
/proc/sys/kernel/pid_max (system-wide limit on number of process identifiers): 4194304

container information not found.
Steal ticks since vm start: 0
Steal ticks percentage since vm start:  0.000

CPU: total 32 (initial active 32) (32 cores per cpu, 2 threads per core) family 23 model 49 stepping 0 microcode 0x830107c, cx8, cmov, fxsr, ht, mmx, 3dnowpref, sse, sse2, sse3, ssse3, sse4a, sse4.1, sse4.2, popcnt, lzcnt, tsc, tscinvbit, avx, avx2, aes, clmul, bmi1, bmi2, adx, sha, fma, vzeroupper, clflush, clflushopt, rdtscp, rdpid, f16c
CPU Model and flags from /proc/cpuinfo:
model name	: AMD EPYC 7302P 16-Core Processor
flags		: fpu vme de pse tsc msr pae mce cx8 apic sep mtrr pge mca cmov pat pse36 clflush mmx fxsr sse sse2 ht syscall nx mmxext fxsr_opt pdpe1gb rdtscp lm constant_tsc rep_good nopl xtopology nonstop_tsc cpuid extd_apicid aperfmperf rapl pni pclmulqdq monitor ssse3 fma cx16 sse4_1 sse4_2 movbe popcnt aes xsave avx f16c rdrand lahf_lm cmp_legacy svm extapic cr8_legacy abm sse4a misalignsse 3dnowprefetch osvw ibs skinit wdt tce topoext perfctr_core perfctr_nb bpext perfctr_llc mwaitx cpb cat_l3 cdp_l3 hw_pstate ssbd mba ibrs ibpb stibp vmmcall fsgsbase bmi1 avx2 smep bmi2 cqm rdt_a rdseed adx smap clflushopt clwb sha_ni xsaveopt xsavec xgetbv1 xsaves cqm_llc cqm_occup_llc cqm_mbm_total cqm_mbm_local clzero irperf xsaveerptr rdpru wbnoinvd amd_ppin arat npt lbrv svm_lock nrip_save tsc_scale vmcb_clean flushbyasid decodeassists pausefilter pfthreshold avic v_vmsave_vmload vgif v_spec_ctrl umip rdpid overflow_recov succor smca sev sev_es

Online cpus: 0-31
Offline cpus: 
BIOS frequency limitation: <Not Available>
Frequency switch latency (ns): <Not Available>
Available cpu frequencies: <Not Available>
Current governor: <Not Available>
Core performance/turbo boost: <Not Available>

Memory: 4k page, physical 131492232k(123837836k free), swap 8388604k(8388604k free)
Page Sizes: 4k

vm_info: OpenJDK 64-Bit Server VM (21.0.9-internal-adhoc.talzuss.openjdk-mmtk) for linux-amd64 JRE (21.0.9-internal-adhoc.talzuss.openjdk-mmtk), built on 2026-07-06T23:13:08Z by "talzuss" with gcc 13.3.0
heap_info: MMTk OpenJDK 0.32.0 (15c0350-dirty), using MMTk 0.32.0 (06c0b68-dirty, BUILTIN_ENV_LOGGER, DEFAULT, EAGER_SWEEPING, VO_BIT)P

END.
