#
# A fatal error has been detected by the Java Runtime Environment:
#
#  SIGSEGV (0xb) at pc=0x000071b198c85069, pid=292398, tid=292410
#
# JRE version: OpenJDK Runtime Environment (21.0.9) (build 21.0.9-internal-adhoc.talzuss.openjdk-mmtk)
# Java VM: OpenJDK 64-Bit Server VM (21.0.9-internal-adhoc.talzuss.openjdk-mmtk, mixed mode, sharing, tiered, compressed oops, compressed class ptrs, third-party gc, linux-amd64)
# Problematic frame:
# C  [libmmtk_openjdk.so+0x285069]  _$LT$mmtk_openjdk..abi..InstanceKlass$u20$as$u20$mmtk_openjdk..object_scanning..OopIterate$GT$::oop_iterate::he943d89d77f96fac+0x209
#
# Core dump will be written. Default location: Core dumps may be processed with "/usr/share/apport/apport -p%p -s%s -c%c -d%d -P%P -u%u -g%g -F%F -- %E" (or dumping to /mydata/mmtk-core/core.292398)
#
# If you would like to submit a bug report, please visit:
#   https://bugreport.java.com/bugreport/crash.jsp
#

---------------  S U M M A R Y ------------

Command Line: -XX:+UseThirdPartyHeap -Xms512m -Xmx512m /mydata/dacapo/dacapo-23.11/dacapo-23.11-MR2-chopin.jar xalan -n 3

Host: AMD EPYC 7302P 16-Core Processor, 32 cores, 125G, Ubuntu 24.04.4 LTS
Time: Tue Jul  7 12:23:35 2026 MDT elapsed time: 3.027876 seconds (0d 0h 0m 3s)

---------------  T H R E A D  ---------------

Current thread (0x000071b1945324d0):  NamedThread "MMTk Collector Thread" [id=292410, stack(0x00006504a4700000,0x00006504a4800000) (1024K)]

Stack: [0x00006504a4700000,0x00006504a4800000],  sp=0x00006504a47fe8e0,  free space=1018k
Native frames: (J=compiled Java code, j=interpreted, Vv=VM code, C=native code)
C  [libmmtk_openjdk.so+0x285069]  _$LT$mmtk_openjdk..abi..InstanceKlass$u20$as$u20$mmtk_openjdk..object_scanning..OopIterate$GT$::oop_iterate::he943d89d77f96fac+0x209

siginfo: si_signo: 11 (SIGSEGV), si_code: 128 (SI_KERNEL), si_addr: 0x0000000000000000

Registers:
RAX=0x7ffffffff6123865, RBX=0x0000000000000000, RCX=0x7fffffffb6123865, RDX=0x0000000040000000
RSP=0x00006504a47fe8e0, RBP=0x000071b198e03308, RSI=0xfffffffff6123865, RDI=0x0007fffffffb6123
R8 =0x7fffffffffffffff, R9 =0x0000000000000000, R10=0x00006504a47fea20, R11=0x00006504a47fea70
R12=0x0000000040123718, R13=0x000071b198e03308, R14=0x00006504a47fe9a0, R15=0xfffffffff6123865
RIP=0x000071b198c85069, EFLAGS=0x0000000000010286, CSGSFS=0x002b000000000033, ERR=0x0000000000000000
  TRAPNO=0x000000000000000d

XMM[0]=0x1f1f1f1f1f1f1f1f 0x1f1f1f1f1f1f1f1f
XMM[1]=0xffffffffffffffff 0xffffffffffffffff
XMM[2]=0x1e4b2373ffffff0f 0x0142ff33ffff101f
XMM[3]=0x0000000000000000 0x00000000000000ff
XMM[4]=0x0000000000000000 0x0000650434000090
XMM[5]=0x00000000400482e8 0x0000000040048430
XMM[6]=0x0000000040066ed0 0x0000000040048228
XMM[7]=0x000000002e72657a 0x00000000696c6169
XMM[8]=0x0000000040048048 0x0000000040048000
XMM[9]=0x0000000000000000 0x0000000000000000
XMM[10]=0x3f3f3f3f3f3f3f3f 0x3f3f3f3f3f3f3f3f
XMM[11]=0x9999999999999999 0x9999999999999999
XMM[12]=0x2020202020202020 0x2020202020202020
XMM[13]=0x0000000000000000 0x0000000000000000
XMM[14]=0x0000000000000000 0x0000000000000000
XMM[15]=0x0000000000000000 0x0000000000000000
  MXCSR=0x00001fa2


Register to memory mapping:

RAX=
[error occurred during error reporting (printing register info), id 0xe0000000, Internal Error (/mydata/mmtk-openjdk/openjdk/share/mmtkHeap.cpp:444)]
RBX=0x0 is null
RCX=
[error occurred during error reporting (printing register info, attempt 2), id 0xe0000000, Internal Error (/mydata/mmtk-openjdk/openjdk/share/mmtkHeap.cpp:444)]
RDX=
[error occurred during error reporting (printing register info, attempt 3), id 0xe0000000, Internal Error (/mydata/mmtk-openjdk/openjdk/share/mmtkHeap.cpp:444)]
Top of Stack: (sp=0x00006504a47fe8e0)
0x00006504a47fe8e0:   00006504a47fea70 00006504a47fea20
0x00006504a47fe8f0:   000065045f071f50 00006504a47fea58
0x00006504a47fe900:   0000000040123718 000065012b88d768
0x00006504a47fe910:   00006504a47fea78 00006504a47fe978
0x00006504a47fe920:   00000000ffffffff 00000000401234e8
0x00006504a47fe930:   0000000040123718 00006504a47fea20
0x00006504a47fe940:   0000000040122ff8 000065045f03ee10
0x00006504a47fe950:   000071b198e03308 000071b198ca0910
0x00006504a47fe960:   00000000401234e8 0000000040122ff8
0x00006504a47fe970:   000071b1943df960 0000200000123000
0x00006504a47fe980:   0000000000000040 000071b198e02ba0
0x00006504a47fe990:   000071b19452bc80 0000000000000040
0x00006504a47fe9a0:   0000000000004000 000065043400cd70
0x00006504a47fe9b0:   000000000000209a 0000000000000080
0x00006504a47fe9c0:   000065043400a9d0 000000000000005c
0x00006504a47fe9d0:   000065043400aac8 000065043400a9d0
0x00006504a47fe9e0:   000071b198e03308 00006504a47fea20
0x00006504a47fe9f0:   00006504a47fe978 00006504a47fea78
0x00006504a47fea00:   00006504a47fea70 00006504a47fea57
0x00006504a47fea10:   00006504a47fea58 00006504a47fe9a0
0x00006504a47fea20:   0000000000000123 0000000000000001
0x00006504a47fea30:   000071b198dc4e48 000071b194046048
0x00006504a47fea40:   00000000a47fea80 000065045f03f060
0x00006504a47fea50:   000071b19452bc80 0000000000000800
0x00006504a47fea60:   00006504340044d0 0000000000000563
0x00006504a47fea70:   0000000040000000 0000000040123000
0x00006504a47fea80:   000071b198e03308 000065045f03ee10
0x00006504a47fea90:   000071b19406f900 000071b19406f600
0x00006504a47feaa0:   000071b19406f300 000071b19406f000
0x00006504a47feab0:   000071b19406ed00 000071b19406ea00
0x00006504a47feac0:   000065043400acb0 00006504a47fea28
0x00006504a47fead0:   000071b198e02ba0 0000000000000080 

Instructions: (pc=0x000071b198c85069)
0x000071b198c84f69:   cf 48 c1 ef 0c 49 3b 3a 75 1d 48 8b 4c 24 38 48
0x000071b198c84f79:   8b 09 48 8b 54 24 30 48 8b 12 48 29 d0 8b 2c 01
0x000071b198c84f89:   48 85 ed 75 a2 eb bc 49 8b 13 48 39 d0 0f 82 a4
0x000071b198c84f99:   00 00 00 4d 8b 45 60 49 01 d0 4c 39 c0 49 b8 ff
0x000071b198c84fa9:   ff ff ff ff ff ff 7f 0f 83 8a 00 00 00 4c 8b 44
0x000071b198c84fb9:   24 18 4d 8b 48 10 49 b8 ff ff ff ff ff ff ff 7f
0x000071b198c84fc9:   4d 85 c9 74 72 4c 8b 44 24 18 4d 8b 40 08 49 83
0x000071b198c84fd9:   f9 01 75 05 45 31 d2 eb 2c 45 31 db 66 66 2e 0f
0x000071b198c84fe9:   1f 84 00 00 00 00 00 4d 89 cc 49 d1 ec 4f 8d 14
0x000071b198c84ff9:   1c 4b 39 3c d0 4d 0f 47 d3 4d 29 e1 4d 89 d3 49
0x000071b198c85009:   83 f9 01 77 e2 4b 39 3c d0 4c 8b 54 24 08 4c 8b
0x000071b198c85019:   1c 24 49 b8 ff ff ff ff ff ff ff 7f 75 19 48 81
0x000071b198c85029:   e1 00 f0 ff ff 48 01 ca 49 03 4d 70 e9 49 ff ff
0x000071b198c85039:   ff 66 0f 1f 44 00 00 48 85 f6 78 24 8b 2e 48 85
0x000071b198c85049:   ed 0f 84 fc fe ff ff 48 8b 05 01 f2 17 00 48 8b
0x000071b198c85059:   0d 02 f2 17 00 48 d3 e5 48 01 c5 e9 c7 fe ff ff
0x000071b198c85069:   48 8b 28 48 85 ed 0f 85 bb fe ff ff e9 d2 fe ff
0x000071b198c85079:   ff 4c 89 f7 e8 9e da f3 ff 49 b8 ff ff ff ff ff
0x000071b198c85089:   ff ff 7f 4c 8b 1c 24 4c 8b 54 24 08 e9 a3 fe ff
0x000071b198c85099:   ff 48 83 c4 48 5b 41 5c 41 5d 41 5e 41 5f 5d c3
0x000071b198c850a9:   cc cc cc cc cc cc cc 55 41 57 41 56 41 55 41 54
0x000071b198c850b9:   53 50 48 89 34 24 48 63 87 28 01 00 00 48 85 c0
0x000071b198c850c9:   0f 84 c8 00 00 00 48 89 d3 48 63 8f ac 00 00 00
0x000071b198c850d9:   48 8d 0c cf 48 63 97 2c 01 00 00 48 8d 34 d1 4c
0x000071b198c850e9:   8d 3c d1 49 81 c7 d8 01 00 00 4c 8d 24 c6 49 81
0x000071b198c850f9:   c4 d8 01 00 00 eb 0d 49 83 c7 08 4d 39 e7 0f 84
0x000071b198c85109:   8a 00 00 00 45 8b 6f 04 4d 85 ed 74 ea 49 63 2f
0x000071b198c85119:   48 03 2c 24 eb 0a 90 48 83 c5 08 49 ff cd 74 d7
0x000071b198c85129:   48 8b 03 4c 8b 73 10 4d 85 f6 75 0b 48 3d ff 0f
0x000071b198c85139:   00 00 76 2a 45 31 f6 49 39 c6 74 48 48 8b 43 08
0x000071b198c85149:   4a 89 2c f0 49 ff c6 4c 89 73 10 49 81 fe 00 10
0x000071b198c85159:   00 00 72 c3 48 89 df e8 7b 24 ed ff eb b9 ba 00 


Stack slot to memory mapping:

stack at sp + 0 slots: 
[error occurred during error reporting (inspecting top of stack), id 0xe0000000, Internal Error (/mydata/mmtk-openjdk/openjdk/share/mmtkHeap.cpp:444)]
stack at sp + 1 slots: 
[error occurred during error reporting (inspecting top of stack, attempt 2), id 0xe0000000, Internal Error (/mydata/mmtk-openjdk/openjdk/share/mmtkHeap.cpp:444)]
stack at sp + 2 slots: 
[error occurred during error reporting (inspecting top of stack, attempt 3), id 0xe0000000, Internal Error (/mydata/mmtk-openjdk/openjdk/share/mmtkHeap.cpp:444)]

---------------  P R O C E S S  ---------------

Threads class SMR info:
_java_thread_list=0x00006503bc0edee0, length=56, elements={
0x000071b19402b240, 0x000071b194526750, 0x000071b194527fe0, 0x000071b194529af0,
0x000071b194548320, 0x000071b194549c70, 0x000071b19454b530, 0x000071b19454d370,
0x000071b194556d40, 0x00006503d8045b30, 0x000071b19459dae0, 0x000071b1945a0af0,
0x00006503cc0260d0, 0x00006503cc048ce0, 0x00006503bc009630, 0x00006503cc0525a0,
0x00006503c8032720, 0x000071b1947a8950, 0x000071b1947a45d0, 0x000071b1947a5770,
0x000071b1947b63f0, 0x000071b1947b7790, 0x000071b1947b8b30, 0x000071b1947aa660,
0x000071b1947abba0, 0x000071b1947acf40, 0x000071b1947ae3c0, 0x000071b1947af920,
0x000071b1947b0e80, 0x000071b1947b2300, 0x000071b1947b3780, 0x000071b1947b4af0,
0x000071b1943e1240, 0x000071b1943e2760, 0x000071b1943e3c60, 0x000071b1945c7420,
0x000071b1945c8940, 0x000071b1945c9f20, 0x000071b1945cb500, 0x000071b1945cc9a0,
0x000071b1945cde40, 0x000071b1945cf6d0, 0x000071b1945d1200, 0x000071b1945d2a90,
0x000071b1945d4320, 0x000071b1945d5bb0, 0x000071b1945d75c0, 0x000071b1945d8e50,
0x000071b1943d41e0, 0x00006503d80df840, 0x00006503b4060670, 0x00006503c006db50,
0x00006503d4178b40, 0x00006503b40b4fc0, 0x00006503bc0eb4a0, 0x00006503bc0ecc10
}

Java Threads: ( => current thread )
  0x000071b19402b240 JavaThread "main"                              [_thread_blocked, id=292399, stack(0x000071b198e17000,0x000071b198f17000) (1024K)]
  0x000071b194526750 JavaThread "Reference Handler"          daemon [_thread_blocked, id=292403, stack(0x000071b198143000,0x000071b198243000) (1024K)]
  0x000071b194527fe0 JavaThread "Finalizer"                  daemon [_thread_blocked, id=292404, stack(0x000071b198043000,0x000071b198143000) (1024K)]
  0x000071b194529af0 JavaThread "MMTk Finalizer Thread"      daemon [_thread_blocked, id=292405, stack(0x000071b15c6ff000,0x000071b15c7ff000) (1024K)]
  0x000071b194548320 JavaThread "Signal Dispatcher"          daemon [_thread_blocked, id=292429, stack(0x000065045e2f4000,0x000065045e3f4000) (1024K)]
  0x000071b194549c70 JavaThread "Service Thread"             daemon [_thread_blocked, id=292430, stack(0x000065045e1f4000,0x000065045e2f4000) (1024K)]
  0x000071b19454b530 JavaThread "Monitor Deflation Thread"   daemon [_thread_blocked, id=292431, stack(0x000065045e0f4000,0x000065045e1f4000) (1024K)]
  0x000071b19454d370 JavaThread "C2 CompilerThread0"         daemon [_thread_blocked, id=292432, stack(0x000065045dff4000,0x000065045e0f4000) (1024K)]
  0x000071b194556d40 JavaThread "C1 CompilerThread0"         daemon [_thread_blocked, id=292433, stack(0x000065045def4000,0x000065045dff4000) (1024K)]
  0x00006503d8045b30 JavaThread "C1 CompilerThread1"         daemon [_thread_blocked, id=292434, stack(0x000065045ddf4000,0x000065045def4000) (1024K)]
  0x000071b19459dae0 JavaThread "Notification Thread"        daemon [_thread_blocked, id=292435, stack(0x000065045dcf4000,0x000065045ddf4000) (1024K)]
  0x000071b1945a0af0 JavaThread "Common-Cleaner"             daemon [_thread_blocked, id=292436, stack(0x000065045dbf4000,0x000065045dcf4000) (1024K)]
  0x00006503cc0260d0 JavaThread "C2 CompilerThread1"         daemon [_thread_blocked, id=292437, stack(0x000065045daf4000,0x000065045dbf4000) (1024K)]
  0x00006503cc048ce0 JavaThread "C1 CompilerThread2"         daemon [_thread_blocked, id=292438, stack(0x000065045d9f4000,0x000065045daf4000) (1024K)]
  0x00006503bc009630 JavaThread "C1 CompilerThread3"         daemon [_thread_blocked, id=292439, stack(0x000065045d8f4000,0x000065045d9f4000) (1024K)]
  0x00006503cc0525a0 JavaThread "C1 CompilerThread4"         daemon [_thread_blocked, id=292440, stack(0x000065045d7f4000,0x000065045d8f4000) (1024K)]
  0x00006503c8032720 JavaThread "C2 CompilerThread2"         daemon [_thread_in_native, id=292441, stack(0x000065045d6f4000,0x000065045d7f4000) (1024K)]
  0x000071b1947a8950 JavaThread "Thread-0"                          [_thread_blocked, id=292442, stack(0x000065045d5f4000,0x000065045d6f4000) (1024K)]
  0x000071b1947a45d0 JavaThread "Thread-1"                          [_thread_blocked, id=292443, stack(0x000065045d4f4000,0x000065045d5f4000) (1024K)]
  0x000071b1947a5770 JavaThread "Thread-2"                          [_thread_blocked, id=292444, stack(0x000065045d3f4000,0x000065045d4f4000) (1024K)]
  0x000071b1947b63f0 JavaThread "Thread-3"                          [_thread_blocked, id=292445, stack(0x000065045d2f4000,0x000065045d3f4000) (1024K)]
  0x000071b1947b7790 JavaThread "Thread-4"                          [_thread_blocked, id=292446, stack(0x000065045d1f4000,0x000065045d2f4000) (1024K)]
  0x000071b1947b8b30 JavaThread "Thread-5"                          [_thread_blocked, id=292447, stack(0x000065045d0f4000,0x000065045d1f4000) (1024K)]
  0x000071b1947aa660 JavaThread "Thread-6"                          [_thread_blocked, id=292448, stack(0x000065045cff4000,0x000065045d0f4000) (1024K)]
  0x000071b1947abba0 JavaThread "Thread-7"                          [_thread_blocked, id=292449, stack(0x000065045cef4000,0x000065045cff4000) (1024K)]
  0x000071b1947acf40 JavaThread "Thread-8"                          [_thread_blocked, id=292450, stack(0x000065045cdf4000,0x000065045cef4000) (1024K)]
  0x000071b1947ae3c0 JavaThread "Thread-9"                          [_thread_blocked, id=292451, stack(0x000065045ccf4000,0x000065045cdf4000) (1024K)]
  0x000071b1947af920 JavaThread "Thread-10"                         [_thread_blocked, id=292452, stack(0x000065045cbf4000,0x000065045ccf4000) (1024K)]
  0x000071b1947b0e80 JavaThread "Thread-11"                         [_thread_blocked, id=292453, stack(0x000065045caf4000,0x000065045cbf4000) (1024K)]
  0x000071b1947b2300 JavaThread "Thread-12"                         [_thread_blocked, id=292454, stack(0x000065045c9f4000,0x000065045caf4000) (1024K)]
  0x000071b1947b3780 JavaThread "Thread-13"                         [_thread_blocked, id=292455, stack(0x000065045c8f4000,0x000065045c9f4000) (1024K)]
  0x000071b1947b4af0 JavaThread "Thread-14"                         [_thread_blocked, id=292456, stack(0x000065045c7f4000,0x000065045c8f4000) (1024K)]
  0x000071b1943e1240 JavaThread "Thread-15"                         [_thread_blocked, id=292457, stack(0x000065045c6f4000,0x000065045c7f4000) (1024K)]
  0x000071b1943e2760 JavaThread "Thread-16"                         [_thread_blocked, id=292458, stack(0x000065045c5f4000,0x000065045c6f4000) (1024K)]
  0x000071b1943e3c60 JavaThread "Thread-17"                         [_thread_blocked, id=292459, stack(0x000065045c4f4000,0x000065045c5f4000) (1024K)]
  0x000071b1945c7420 JavaThread "Thread-18"                         [_thread_blocked, id=292460, stack(0x000065045c3f4000,0x000065045c4f4000) (1024K)]
  0x000071b1945c8940 JavaThread "Thread-19"                         [_thread_blocked, id=292461, stack(0x000065045c2f4000,0x000065045c3f4000) (1024K)]
  0x000071b1945c9f20 JavaThread "Thread-20"                         [_thread_blocked, id=292462, stack(0x000065045c1f4000,0x000065045c2f4000) (1024K)]
  0x000071b1945cb500 JavaThread "Thread-21"                         [_thread_blocked, id=292463, stack(0x000065045c0f4000,0x000065045c1f4000) (1024K)]
  0x000071b1945cc9a0 JavaThread "Thread-22"                         [_thread_blocked, id=292464, stack(0x000065035bf00000,0x000065035c000000) (1024K)]
  0x000071b1945cde40 JavaThread "Thread-23"                         [_thread_blocked, id=292465, stack(0x000065035be00000,0x000065035bf00000) (1024K)]
  0x000071b1945cf6d0 JavaThread "Thread-24"                         [_thread_blocked, id=292466, stack(0x000065035bd00000,0x000065035be00000) (1024K)]
  0x000071b1945d1200 JavaThread "Thread-25"                         [_thread_blocked, id=292467, stack(0x000065035bc00000,0x000065035bd00000) (1024K)]
  0x000071b1945d2a90 JavaThread "Thread-26"                         [_thread_blocked, id=292468, stack(0x000065035bb00000,0x000065035bc00000) (1024K)]
  0x000071b1945d4320 JavaThread "Thread-27"                         [_thread_blocked, id=292469, stack(0x000065035ba00000,0x000065035bb00000) (1024K)]
  0x000071b1945d5bb0 JavaThread "Thread-28"                         [_thread_blocked, id=292470, stack(0x000065035b900000,0x000065035ba00000) (1024K)]
  0x000071b1945d75c0 JavaThread "Thread-29"                         [_thread_blocked, id=292471, stack(0x000065035b800000,0x000065035b900000) (1024K)]
  0x000071b1945d8e50 JavaThread "Thread-30"                         [_thread_blocked, id=292472, stack(0x000065035b700000,0x000065035b800000) (1024K)]
  0x000071b1943d41e0 JavaThread "Thread-31"                         [_thread_blocked, id=292473, stack(0x000065035b600000,0x000065035b700000) (1024K)]
  0x00006503d80df840 JavaThread "C2 CompilerThread3"         daemon [_thread_in_native, id=292474, stack(0x000065035b500000,0x000065035b600000) (1024K)]
  0x00006503b4060670 JavaThread "C2 CompilerThread4"         daemon [_thread_in_native, id=292475, stack(0x000065035b400000,0x000065035b500000) (1024K)]
  0x00006503c006db50 JavaThread "C2 CompilerThread5"         daemon [_thread_blocked, id=292476, stack(0x000065035b300000,0x000065035b400000) (1024K)]
  0x00006503d4178b40 JavaThread "C2 CompilerThread6"         daemon [_thread_blocked, id=292477, stack(0x000065035b200000,0x000065035b300000) (1024K)]
  0x00006503b40b4fc0 JavaThread "C2 CompilerThread7"         daemon [_thread_blocked, id=292478, stack(0x000065035b100000,0x000065035b200000) (1024K)]
  0x00006503bc0eb4a0 JavaThread "C2 CompilerThread8"         daemon [_thread_in_native, id=292479, stack(0x000065035b000000,0x000065035b100000) (1024K)]
  0x00006503bc0ecc10 JavaThread "C2 CompilerThread9"         daemon [_thread_blocked, id=292480, stack(0x000065035af00000,0x000065035b000000) (1024K)]
Total: 56

Other Threads:
  0x000071b19451b2a0 VMThread "VM Thread"                           [id=292402, stack(0x000071b198244000,0x000071b198344000) (1024K)]
  0x000071b194508ef0 WatcherThread "VM Periodic Task Thread"        [id=292401, stack(0x000071b198345000,0x000071b198445000) (1024K)]

=>0x000071b1945324d0 (exited) NamedThread "MMTk Collector Thread"   [id=292410, stack(0x00006504a4700000,0x00006504a4800000) (1024K)]
Total: 3

Threads with active compile tasks:
C2 CompilerThread0  3030 2925       4       org.apache.xalan.templates.ElemNumber$NumberFormatStringTokenizer::nextToken (113 bytes)
C2 CompilerThread1  3030 2581       4       org.apache.xpath.axes.ChildTestIterator::detach (17 bytes)
C2 CompilerThread2  3030 2874       4       org.apache.xml.serializer.ToHTMLStream::processAttributes (42 bytes)
C2 CompilerThread3  3030 2294   !   4       org.apache.xalan.templates.ElemApplyTemplates::transformSelectedNodes (979 bytes)
C2 CompilerThread4  3030 2479       4       org.apache.xpath.axes.AttributeIterator::getNextNode (46 bytes)
C2 CompilerThread5  3030 2575   !   4       org.apache.xpath.XPath::bool (202 bytes)
C2 CompilerThread6  3030 2679       4       org.apache.xerces.impl.XMLNSDocumentScannerImpl::scanStartElement (866 bytes)
C2 CompilerThread7  3030 2404       4       org.apache.xml.serializer.ToStream::startPrefixMapping (128 bytes)
C2 CompilerThread8  3030 2420   !   4       org.apache.xalan.templates.ElemLiteralResult::execute (312 bytes)
C2 CompilerThread9  3030 2920   !   4       org.apache.xerces.impl.XMLDocumentFragmentScannerImpl$FragmentContentDispatcher::dispatch (1118 bytes)
Total: 10

VM state: at safepoint (normal execution)

VM Mutex/Monitor currently owned by a thread:  ([mutex/lock_event])
[0x000071b19a5580d0] Threads_lock - owner thread: 0x000071b19451b2a0
[0x000071b19a557fd0] Heap_lock - owner thread: 0x000071b1943e48a0

Heap address: 0x0000000040000000, size: 3072 MB, Compressed Oops mode: 32-bit

CDS archive(s) mapped at: [0x000065045f000000-0x000065045fca3000-0x000065045fca3000), size 13250560, SharedBaseAddress: 0x000065045f000000, ArchiveRelocationMode: 1.
Compressed class space mapped at: 0x0000650460000000-0x00006504a0000000, reserved size: 1073741824
Narrow klass base: 0x000065045f000000, Narrow klass shift: 0, Narrow klass range: 0x100000000

GC Precious Log:
<Empty>

Heap:

[error occurred during error reporting (printing heap information), id 0xe0000000, Internal Error (/mydata/mmtk-openjdk/openjdk/share/mmtkHeap.cpp:424)]
Metaspace:

Usage:
  Non-class:      6.98 MB used.
      Class:    966.55 KB used.
       Both:      7.92 MB used.

Virtual space:
  Non-class space:       64.00 MB reserved,       7.06 MB ( 11%) committed,  1 nodes.
      Class space:        1.00 GB reserved,       1.06 MB ( <1%) committed,  1 nodes.
             Both:        1.06 GB reserved,       8.12 MB ( <1%) committed. 

Chunk freelists:
   Non-Class:  7.38 MB
       Class:  14.99 MB
        Both:  22.37 MB

MaxMetaspaceSize: unlimited
CompressedClassSpaceSize: 1.00 GB
Initial GC threshold: 21.00 MB
Current GC threshold: 21.00 MB
CDS: on
 - commit_granule_bytes: 65536.
 - commit_granule_words: 8192.
 - virtual_space_node_default_size: 8388608.
 - enlarge_chunks_in_place: 1.
 - use_allocation_guard: 0.


Internal statistics:

num_allocs_failed_limit: 0.
num_arena_births: 126.
num_arena_deaths: 0.
num_vsnodes_births: 2.
num_vsnodes_deaths: 0.
num_space_committed: 130.
num_space_uncommitted: 0.
num_chunks_returned_to_freelist: 0.
num_chunks_taken_from_freelist: 375.
num_chunk_merges: 0.
num_chunk_splits: 263.
num_chunks_enlarged: 201.
num_inconsistent_stats: 0.

CodeHeap 'non-profiled nmethods': size=118880Kb used=1385Kb max_used=1385Kb free=117494Kb
 bounds [0x000071b1843e8000, 0x000071b184658000, 0x000071b18b800000]
CodeHeap 'profiled nmethods': size=118876Kb used=6085Kb max_used=6085Kb free=112790Kb
 bounds [0x000071b17c800000, 0x000071b17ce00000, 0x000071b183c17000]
CodeHeap 'non-nmethods': size=8004Kb used=3494Kb max_used=3575Kb free=4509Kb
 bounds [0x000071b183c17000, 0x000071b183f97000, 0x000071b1843e8000]
CodeCache: size=245760Kb, used=10964Kb, max_used=11045Kb, free=234793Kb
 total_blobs=3331, nmethods=2846, adapters=381, full_count=0
Compilation: enabled, stopped_count=0, restarted_count=0

Compilation events (20 events):
Event: 3.016 Thread 0x000071b19454d370 1703       4       org.apache.xalan.templates.ElemTemplateElement::runtimeInit (1 bytes)
Event: 3.016 Thread 0x00006503bc0ecc10 nmethod 2639 0x000071b18452f690 code [0x000071b18452fb60, 0x000071b184533f58]
Event: 3.016 Thread 0x000071b19454d370 nmethod 1703 0x000071b184536f10 code [0x000071b184537080, 0x000071b184537108]
Event: 3.016 Thread 0x000071b19454d370 2569       4       org.apache.xpath.axes.ChildTestIterator::setRoot (21 bytes)
Event: 3.017 Thread 0x00006503c006db50 nmethod 2444 0x000071b184537210 code [0x000071b1845373a0, 0x000071b184537498]
Event: 3.017 Thread 0x00006503c006db50 2575   !   4       org.apache.xpath.XPath::bool (202 bytes)
Event: 3.017 Thread 0x00006503bc0ecc10 2588       4       org.apache.xpath.NodeSetDTM::runTo (55 bytes)
Event: 3.017 Thread 0x00006503bc0ecc10 nmethod 2588 0x000071b184537590 code [0x000071b184537720, 0x000071b184537800]
Event: 3.017 Thread 0x00006503bc0ecc10 2920   !   4       org.apache.xerces.impl.XMLDocumentFragmentScannerImpl$FragmentContentDispatcher::dispatch (1118 bytes)
Event: 3.018 Thread 0x000071b194556d40 2922       2       org.apache.xalan.templates.StylesheetRoot::getTemplateComposed (15 bytes)
Event: 3.019 Thread 0x000071b194556d40 nmethod 2922 0x000071b17cdf0d10 code [0x000071b17cdf0ec0, 0x000071b17cdf0fe8]
Event: 3.020 Thread 0x00006503d8045b30 2924       2       org.apache.xpath.NodeSetDTM::<init> (40 bytes)
Event: 3.021 Thread 0x00006503d8045b30 nmethod 2924 0x000071b17cdf1110 code [0x000071b17cdf12e0, 0x000071b17cdf1598]
Event: 3.022 Thread 0x000071b19454d370 nmethod 2569 0x000071b184537890 code [0x000071b184537a60, 0x000071b184537f60]
Event: 3.022 Thread 0x000071b19454d370 2925       4       org.apache.xalan.templates.ElemNumber$NumberFormatStringTokenizer::nextToken (113 bytes)
Event: 3.023 Thread 0x00006503cc0260d0 nmethod 2474 0x000071b184538390 code [0x000071b1845385c0, 0x000071b184538db0]
Event: 3.023 Thread 0x00006503cc0260d0 2921       4       java.util.HashMap::clear (50 bytes)
Event: 3.024 Thread 0x00006503cc0260d0 nmethod 2921 0x000071b184539390 code [0x000071b184539500, 0x000071b1845395b0]
Event: 3.024 Thread 0x00006503cc0260d0 2581       4       org.apache.xpath.axes.ChildTestIterator::detach (17 bytes)
Event: 3.026 Thread 0x00006503d4178b40 nmethod 2679 0x000071b184539690 code [0x000071b18453a020, 0x000071b18453f150]

GC Heap History (0 events):
No events

Dll operation events (7 events):
Event: 0.001 Loaded shared library /mydata/openjdk-mmtk/build/b0test/images/jdk/lib/libjava.so
Event: 2.256 Loaded shared library /mydata/openjdk-mmtk/build/b0test/images/jdk/lib/libjsvml.so
Event: 2.269 Loaded shared library /mydata/openjdk-mmtk/build/b0test/images/jdk/lib/libnio.so
Event: 2.273 Loaded shared library /mydata/openjdk-mmtk/build/b0test/images/jdk/lib/libzip.so
Event: 2.286 Loaded shared library /mydata/openjdk-mmtk/build/b0test/images/jdk/lib/libjimage.so
Event: 2.313 Loaded shared library /mydata/openjdk-mmtk/build/b0test/images/jdk/lib/libnet.so
Event: 2.410 Loaded shared library /mydata/openjdk-mmtk/build/b0test/images/jdk/lib/libverify.so

Deoptimization events (20 events):
Event: 2.871 Thread 0x000071b1945d1200 DEOPT UNPACKING pc=0x000071b183c6a399 sp=0x000065035bcfc460 mode 2
Event: 2.871 Thread 0x000071b1943e2760 DEOPT UNPACKING pc=0x000071b183c6a399 sp=0x000065045c6f0500 mode 2
Event: 2.949 Thread 0x000071b1945d2a90 DEOPT PACKING pc=0x000071b17cd47460 sp=0x000065035bbfe490
Event: 2.949 Thread 0x000071b1945d2a90 DEOPT UNPACKING pc=0x000071b183c6ab2f sp=0x000065035bbfda70 mode 0
Event: 2.971 Thread 0x000071b1947aa660 DEOPT PACKING pc=0x000071b17cd62306 sp=0x000065045d0f2600
Event: 2.971 Thread 0x000071b1947aa660 DEOPT UNPACKING pc=0x000071b183c6ab2f sp=0x000065045d0f1bf8 mode 0
Event: 3.017 Thread 0x000071b1947b3780 DEOPT PACKING pc=0x000071b17cd3c15c sp=0x000065045c9f2270
Event: 3.017 Thread 0x000071b1947b3780 DEOPT UNPACKING pc=0x000071b183c6ab2f sp=0x000065045c9f17c8 mode 0
Event: 3.019 Thread 0x000071b1947a8950 Uncommon trap: trap_request=0xffffffde fr.pc=0x000071b18448c2a8 relative=0x00000000000009a8
Event: 3.019 Thread 0x000071b1947a8950 Uncommon trap: reason=class_check action=maybe_recompile pc=0x000071b18448c2a8 method=java.io.Writer.write(Ljava/lang/String;)V @ 7 c2
Event: 3.019 Thread 0x000071b1947a8950 DEOPT PACKING pc=0x000071b18448c2a8 sp=0x000065045d6f27f0
Event: 3.019 Thread 0x000071b1947a8950 DEOPT UNPACKING pc=0x000071b183c6a399 sp=0x000065045d6f27c8 mode 2
Event: 3.019 Thread 0x000071b1947a8950 Uncommon trap: trap_request=0xffffffde fr.pc=0x000071b18447d89c relative=0x000000000000071c
Event: 3.019 Thread 0x000071b1947a8950 Uncommon trap: reason=class_check action=maybe_recompile pc=0x000071b18447d89c method=java.nio.charset.CharsetEncoder.encode(Ljava/nio/CharBuffer;Ljava/nio/ByteBuffer;Z)Ljava/nio/charset/CoderResult; @ 57 c2
Event: 3.019 Thread 0x000071b1947a8950 DEOPT PACKING pc=0x000071b18447d89c sp=0x000065045d6f26b0
Event: 3.019 Thread 0x000071b1947a8950 DEOPT UNPACKING pc=0x000071b183c6a399 sp=0x000065045d6f2478 mode 2
Event: 3.019 Thread 0x000071b1947a8950 Uncommon trap: trap_request=0xffffffde fr.pc=0x000071b184503fb8 relative=0x00000000000001b8
Event: 3.019 Thread 0x000071b1947a8950 Uncommon trap: reason=class_check action=maybe_recompile pc=0x000071b184503fb8 method=sun.nio.cs.StreamEncoder.writeBytes()V @ 127 c2
Event: 3.019 Thread 0x000071b1947a8950 DEOPT PACKING pc=0x000071b184503fb8 sp=0x000065045d6f26a0
Event: 3.019 Thread 0x000071b1947a8950 DEOPT UNPACKING pc=0x000071b183c6a399 sp=0x000065045d6f2630 mode 2

Classes loaded (20 events):
Event: 2.650 Loading class java/util/ResourceBundle$KeyElementReference
Event: 2.650 Loading class java/util/ResourceBundle$CacheKeyReference
Event: 2.650 Loading class java/util/ResourceBundle$CacheKeyReference done
Event: 2.650 Loading class java/util/ResourceBundle$KeyElementReference done
Event: 2.651 Loading class java/util/ResourceBundle$Control$2
Event: 2.651 Loading class java/util/ResourceBundle$Control$2 done
Event: 2.652 Loading class sun/util/PropertyResourceBundleCharset
Event: 2.652 Loading class sun/util/PropertyResourceBundleCharset done
Event: 2.652 Loading class sun/util/PropertyResourceBundleCharset$PropertiesFileDecoder
Event: 2.652 Loading class sun/util/PropertyResourceBundleCharset$PropertiesFileDecoder done
Event: 2.653 Loading class java/util/ResourceBundle$BundleReference
Event: 2.653 Loading class java/util/ResourceBundle$BundleReference done
Event: 2.654 Loading class sun/util/ResourceBundleEnumeration
Event: 2.654 Loading class sun/util/ResourceBundleEnumeration done
Event: 2.663 Loading class sun/nio/cs/ISO_8859_1$Encoder
Event: 2.663 Loading class sun/nio/cs/ISO_8859_1$Encoder done
Event: 2.682 Loading class java/util/ResourceBundle$Control$1
Event: 2.682 Loading class java/util/ResourceBundle$Control$1 done
Event: 2.715 Loading class java/lang/foreign/MemorySegment
Event: 2.716 Loading class java/lang/foreign/MemorySegment done

Classes unloaded (0 events):
No events

Classes redefined (0 events):
No events

Internal exceptions (13 events):
Event: 2.280 Thread 0x000071b19402b240 Exception <a 'java/lang/NoSuchMethodError'{0x0000000040334090}: 'java.lang.Object java.lang.invoke.DirectMethodHandle$Holder.newInvokeSpecial(java.lang.Object, int, java.lang.Object)'> (0x0000000040334090) 
thrown [src/hotspot/share/interpreter/linkResolver.cpp, line 772]
Event: 2.289 Thread 0x000071b19402b240 Exception <a 'java/lang/NoSuchMethodError'{0x0000000040301e28}: 'void java.lang.invoke.DirectMethodHandle$Holder.invokeStatic(java.lang.Object, java.lang.Object)'> (0x0000000040301e28) 
thrown [src/hotspot/share/interpreter/linkResolver.cpp, line 772]
Event: 2.289 Thread 0x000071b19402b240 Exception <a 'java/lang/NoSuchMethodError'{0x0000000040305820}: 'void java.lang.invoke.DirectMethodHandle$Holder.invokeSpecial(java.lang.Object, java.lang.Object, java.lang.Object)'> (0x0000000040305820) 
thrown [src/hotspot/share/interpreter/linkResolver.cpp, line 772]
Event: 2.332 Thread 0x000071b19402b240 Exception <a 'java/lang/NoSuchMethodError'{0x00000000401b5c58}: 'void java.lang.invoke.DirectMethodHandle$Holder.invokeVirtual(java.lang.Object, java.lang.Object)'> (0x00000000401b5c58) 
thrown [src/hotspot/share/interpreter/linkResolver.cpp, line 772]
Event: 2.337 Thread 0x000071b19402b240 Exception <a 'java/io/FileNotFoundException'{0x000000004018ef10}> (0x000000004018ef10) 
thrown [src/hotspot/share/prims/jni.cpp, line 520]
Event: 2.348 Thread 0x000071b19402b240 Exception <a 'java/lang/NoSuchMethodError'{0x000000004012fb60}: 'java.lang.Object java.lang.invoke.Invokers$Holder.invokeExact_MT(java.lang.Object, java.lang.Object, java.lang.Object, java.lang.Object, java.lang.Object)'> (0x000000004012fb60) 
thrown [src/hotspot/share/interpreter/linkResolver.cpp, line 772]
Event: 2.532 Thread 0x000071b19402b240 Exception <a 'java/lang/NoSuchMethodError'{0x0000000040ebb668}: 'void java.lang.invoke.DirectMethodHandle$Holder.invokeVirtual(java.lang.Object, java.lang.Object, int)'> (0x0000000040ebb668) 
thrown [src/hotspot/share/interpreter/linkResolver.cpp, line 772]
Event: 2.533 Thread 0x000071b19402b240 Exception <a 'java/lang/NoSuchMethodError'{0x0000000040ebfdf8}: 'int java.lang.invoke.DirectMethodHandle$Holder.invokeSpecial(java.lang.Object, java.lang.Object, java.lang.Object, int)'> (0x0000000040ebfdf8) 
thrown [src/hotspot/share/interpreter/linkResolver.cpp, line 772]
Event: 2.534 Thread 0x000071b19402b240 Exception <a 'java/lang/NoSuchMethodError'{0x0000000040ea2a98}: 'java.lang.Object java.lang.invoke.DirectMethodHandle$Holder.invokeStatic(java.lang.Object, java.lang.Object, java.lang.Object, java.lang.Object, int)'> (0x0000000040ea2a98) 
thrown [src/hotspot/share/interpreter/linkResolver.cpp, line 772]
Event: 2.535 Thread 0x000071b19402b240 Exception <a 'java/lang/NoSuchMethodError'{0x0000000040e9dcb8}: 'void java.lang.invoke.DelegatingMethodHandle$Holder.reinvoke_L(java.lang.Object, java.lang.Object, int)'> (0x0000000040e9dcb8) 
thrown [src/hotspot/share/interpreter/linkResolver.cpp, line 772]
Event: 2.536 Thread 0x000071b19402b240 Exception <a 'java/lang/NoSuchMethodError'{0x0000000040e94a28}: 'int java.lang.invoke.DirectMethodHandle$Holder.invokeSpecial(java.lang.Object, java.lang.Object, java.lang.Object)'> (0x0000000040e94a28) 
thrown [src/hotspot/share/interpreter/linkResolver.cpp, line 772]
Event: 2.605 Thread 0x000071b19402b240 Exception <a 'java/lang/NoSuchMethodError'{0x00000000413bc670}: 'void java.lang.invoke.DelegatingMethodHandle$Holder.reinvoke_L(java.lang.Object, java.lang.Object, int, int)'> (0x00000000413bc670) 
thrown [src/hotspot/share/interpreter/linkResolver.cpp, line 772]
Event: 2.648 Thread 0x000071b1947b63f0 Exception <a 'java/lang/NoSuchMethodError'{0x00000000408f5530}: 'java.lang.Object java.lang.invoke.DirectMethodHandle$Holder.invokeInterface(java.lang.Object, java.lang.Object)'> (0x00000000408f5530) 
thrown [src/hotspot/share/interpreter/linkResolver.cpp, line 772]

ZGC Phase Switch (0 events):
No events

VM Operations (20 events):
Event: 2.747 Executing VM operation: ICBufferFull done
Event: 2.751 Executing VM operation: ICBufferFull
Event: 2.752 Executing VM operation: ICBufferFull done
Event: 2.756 Executing VM operation: ICBufferFull
Event: 2.757 Executing VM operation: ICBufferFull done
Event: 2.760 Executing VM operation: ICBufferFull
Event: 2.760 Executing VM operation: ICBufferFull done
Event: 2.767 Executing VM operation: ICBufferFull
Event: 2.769 Executing VM operation: ICBufferFull done
Event: 2.771 Executing VM operation: ICBufferFull
Event: 2.771 Executing VM operation: ICBufferFull done
Event: 2.773 Executing VM operation: ICBufferFull
Event: 2.774 Executing VM operation: ICBufferFull done
Event: 2.774 Executing VM operation: ICBufferFull
Event: 2.774 Executing VM operation: ICBufferFull done
Event: 2.885 Executing VM operation: ICBufferFull
Event: 2.889 Executing VM operation: ICBufferFull done
Event: 3.003 Executing VM operation: ThirdPartyHeapOperation
Event: 3.015 Executing VM operation: ThirdPartyHeapOperation done
Event: 3.025 Executing VM operation: ThirdPartyHeapOperation

Memory protections (20 events):
Event: 2.615 Protecting memory [0x000065045c2f4000,0x000065045c2f8000] with protection modes 0
Event: 2.615 Protecting memory [0x000065045c1f4000,0x000065045c1f8000] with protection modes 0
Event: 2.615 Protecting memory [0x000065045c0f4000,0x000065045c0f8000] with protection modes 0
Event: 2.615 Protecting memory [0x000065035bf00000,0x000065035bf04000] with protection modes 0
Event: 2.616 Protecting memory [0x000065035be00000,0x000065035be04000] with protection modes 0
Event: 2.616 Protecting memory [0x000065035bd00000,0x000065035bd04000] with protection modes 0
Event: 2.616 Protecting memory [0x000065035bc00000,0x000065035bc04000] with protection modes 0
Event: 2.616 Protecting memory [0x000065035bb00000,0x000065035bb04000] with protection modes 0
Event: 2.616 Protecting memory [0x000065035ba00000,0x000065035ba04000] with protection modes 0
Event: 2.616 Protecting memory [0x000065035b900000,0x000065035b904000] with protection modes 0
Event: 2.616 Protecting memory [0x000065035b800000,0x000065035b804000] with protection modes 0
Event: 2.616 Protecting memory [0x000065035b700000,0x000065035b704000] with protection modes 0
Event: 2.616 Protecting memory [0x000065035b600000,0x000065035b604000] with protection modes 0
Event: 2.663 Protecting memory [0x000065035b500000,0x000065035b504000] with protection modes 0
Event: 2.693 Protecting memory [0x000065035b400000,0x000065035b404000] with protection modes 0
Event: 2.694 Protecting memory [0x000065035b300000,0x000065035b304000] with protection modes 0
Event: 2.697 Protecting memory [0x000065035b200000,0x000065035b204000] with protection modes 0
Event: 2.705 Protecting memory [0x000065035b100000,0x000065035b104000] with protection modes 0
Event: 2.720 Protecting memory [0x000065035b000000,0x000065035b004000] with protection modes 0
Event: 2.721 Protecting memory [0x000065035af00000,0x000065035af04000] with protection modes 0

Nmethod flushes (0 events):
No events

Events (20 events):
Event: 2.615 Thread 0x000071b19402b240 Thread added: 0x000071b1945c8940
Event: 2.615 Thread 0x000071b19402b240 Thread added: 0x000071b1945c9f20
Event: 2.615 Thread 0x000071b19402b240 Thread added: 0x000071b1945cb500
Event: 2.615 Thread 0x000071b19402b240 Thread added: 0x000071b1945cc9a0
Event: 2.616 Thread 0x000071b19402b240 Thread added: 0x000071b1945cde40
Event: 2.616 Thread 0x000071b19402b240 Thread added: 0x000071b1945cf6d0
Event: 2.616 Thread 0x000071b19402b240 Thread added: 0x000071b1945d1200
Event: 2.616 Thread 0x000071b19402b240 Thread added: 0x000071b1945d2a90
Event: 2.616 Thread 0x000071b19402b240 Thread added: 0x000071b1945d4320
Event: 2.616 Thread 0x000071b19402b240 Thread added: 0x000071b1945d5bb0
Event: 2.616 Thread 0x000071b19402b240 Thread added: 0x000071b1945d75c0
Event: 2.616 Thread 0x000071b19402b240 Thread added: 0x000071b1945d8e50
Event: 2.616 Thread 0x000071b19402b240 Thread added: 0x000071b1943d41e0
Event: 2.662 Thread 0x000071b194556d40 Thread added: 0x00006503d80df840
Event: 2.693 Thread 0x00006503cc0525a0 Thread added: 0x00006503b4060670
Event: 2.694 Thread 0x00006503bc009630 Thread added: 0x00006503c006db50
Event: 2.697 Thread 0x000071b19454d370 Thread added: 0x00006503d4178b40
Event: 2.705 Thread 0x00006503cc0525a0 Thread added: 0x00006503b40b4fc0
Event: 2.720 Thread 0x00006503cc048ce0 Thread added: 0x00006503bc0eb4a0
Event: 2.721 Thread 0x00006503cc048ce0 Thread added: 0x00006503bc0ecc10


Dynamic libraries:
40000000-40400000 rw-p 00000000 00:00 0                                  [anon:mmtk:space:immix]
40400000-40800000 rw-p 00000000 00:00 0                                  [anon:mmtk:space:los]
40800000-41400000 rw-p 00000000 00:00 0                                  [anon:mmtk:space:immix]
41400000-41800000 rw-p 00000000 00:00 0                                  [anon:mmtk:space:los]
41800000-41c00000 rw-p 00000000 00:00 0                                  [anon:mmtk:space:immix]
41c00000-42000000 rw-p 00000000 00:00 0                                  [anon:mmtk:space:los]
42000000-42400000 rw-p 00000000 00:00 0                                  [anon:mmtk:space:immix]
42400000-42800000 rw-p 00000000 00:00 0                                  [anon:mmtk:space:los]
42800000-43000000 rw-p 00000000 00:00 0                                  [anon:mmtk:space:immix]
43000000-43400000 rw-p 00000000 00:00 0                                  [anon:mmtk:space:los]
43400000-43c00000 rw-p 00000000 00:00 0                                  [anon:mmtk:space:immix]
43c00000-44000000 rw-p 00000000 00:00 0                                  [anon:mmtk:space:los]
44000000-44400000 rw-p 00000000 00:00 0                                  [anon:mmtk:space:immix]
44400000-44800000 rw-p 00000000 00:00 0                                  [anon:mmtk:space:los]
44800000-44c00000 rw-p 00000000 00:00 0                                  [anon:mmtk:space:immix]
44c00000-45000000 rw-p 00000000 00:00 0                                  [anon:mmtk:space:los]
45000000-45800000 rw-p 00000000 00:00 0                                  [anon:mmtk:space:immix]
45800000-45c00000 rw-p 00000000 00:00 0                                  [anon:mmtk:space:los]
45c00000-46400000 rw-p 00000000 00:00 0                                  [anon:mmtk:space:immix]
46400000-46800000 rw-p 00000000 00:00 0                                  [anon:mmtk:space:los]
46800000-47000000 rw-p 00000000 00:00 0                                  [anon:mmtk:space:immix]
47000000-47400000 rw-p 00000000 00:00 0                                  [anon:mmtk:space:los]
47400000-47800000 rw-p 00000000 00:00 0                                  [anon:mmtk:space:immix]
47800000-47c00000 rw-p 00000000 00:00 0                                  [anon:mmtk:space:los]
47c00000-48400000 rw-p 00000000 00:00 0                                  [anon:mmtk:space:immix]
48400000-48800000 rw-p 00000000 00:00 0                                  [anon:mmtk:space:los]
48800000-48c00000 rw-p 00000000 00:00 0                                  [anon:mmtk:space:immix]
48c00000-49000000 rw-p 00000000 00:00 0                                  [anon:mmtk:space:los]
49000000-49800000 rw-p 00000000 00:00 0                                  [anon:mmtk:space:immix]
49800000-49c00000 rw-p 00000000 00:00 0                                  [anon:mmtk:space:los]
49c00000-4a400000 rw-p 00000000 00:00 0                                  [anon:mmtk:space:immix]
4a400000-4a800000 rw-p 00000000 00:00 0                                  [anon:mmtk:space:los]
4a800000-4ac00000 rw-p 00000000 00:00 0                                  [anon:mmtk:space:immix]
4ac00000-4b000000 rw-p 00000000 00:00 0                                  [anon:mmtk:space:los]
4b000000-4b400000 rw-p 00000000 00:00 0                                  [anon:mmtk:space:immix]
4b400000-4b800000 rw-p 00000000 00:00 0                                  [anon:mmtk:space:los]
4b800000-4bc00000 rw-p 00000000 00:00 0                                  [anon:mmtk:space:immix]
4bc00000-4c000000 rw-p 00000000 00:00 0                                  [anon:mmtk:space:los]
4c000000-4c800000 rw-p 00000000 00:00 0                                  [anon:mmtk:space:immix]
4c800000-4cc00000 rw-p 00000000 00:00 0                                  [anon:mmtk:space:los]
4cc00000-4d000000 rw-p 00000000 00:00 0                                  [anon:mmtk:space:immix]
4d000000-4d400000 rw-p 00000000 00:00 0                                  [anon:mmtk:space:los]
4d400000-4dc00000 rw-p 00000000 00:00 0                                  [anon:mmtk:space:immix]
4dc00000-4e000000 rw-p 00000000 00:00 0                                  [anon:mmtk:space:los]
4e000000-4e800000 rw-p 00000000 00:00 0                                  [anon:mmtk:space:immix]
4e800000-4ec00000 rw-p 00000000 00:00 0                                  [anon:mmtk:space:los]
4ec00000-4f000000 rw-p 00000000 00:00 0                                  [anon:mmtk:space:immix]
4f000000-4f400000 rw-p 00000000 00:00 0                                  [anon:mmtk:space:los]
4f400000-4fc00000 rw-p 00000000 00:00 0                                  [anon:mmtk:space:immix]
4fc00000-50000000 rw-p 00000000 00:00 0                                  [anon:mmtk:space:los]
50000000-50400000 rw-p 00000000 00:00 0                                  [anon:mmtk:space:immix]
50400000-50800000 rw-p 00000000 00:00 0                                  [anon:mmtk:space:immix]
200000000000-2000c00c0000 rw-s 00000000 00:10 68                         anon_inode:bpf-map
5c98fbdc2000-5c98fbdc3000 r--p 00000000 fc:00 49676320                   /mydata/openjdk-mmtk/build/b0test/images/jdk/bin/java
5c98fbdc3000-5c98fbdc4000 r-xp 00001000 fc:00 49676320                   /mydata/openjdk-mmtk/build/b0test/images/jdk/bin/java
5c98fbdc4000-5c98fbdc5000 r--p 00002000 fc:00 49676320                   /mydata/openjdk-mmtk/build/b0test/images/jdk/bin/java
5c98fbdc5000-5c98fbdc6000 r--p 00002000 fc:00 49676320                   /mydata/openjdk-mmtk/build/b0test/images/jdk/bin/java
5c98fbdc6000-5c98fbdc7000 rw-p 00003000 fc:00 49676320                   /mydata/openjdk-mmtk/build/b0test/images/jdk/bin/java
5c991df87000-5c991dfcf000 rw-p 00000000 00:00 0                          [heap]
650314000000-650314943000 rw-p 00000000 00:00 0 
650314943000-650318000000 ---p 00000000 00:00 0 
650318000000-6503186c2000 rw-p 00000000 00:00 0 
6503186c2000-65031c000000 ---p 00000000 00:00 0 
65031c000000-65031c97d000 rw-p 00000000 00:00 0 
65031c97d000-650320000000 ---p 00000000 00:00 0 
650320000000-65032070d000 rw-p 00000000 00:00 0 
65032070d000-650324000000 ---p 00000000 00:00 0 
650324000000-650324890000 rw-p 00000000 00:00 0 
650324890000-650328000000 ---p 00000000 00:00 0 
650328000000-6503288be000 rw-p 00000000 00:00 0 
6503288be000-65032c000000 ---p 00000000 00:00 0 
65032c000000-65032c021000 rw-p 00000000 00:00 0 
65032c021000-650330000000 ---p 00000000 00:00 0 
650330000000-650330bfe000 rw-p 00000000 00:00 0 
650330bfe000-650334000000 ---p 00000000 00:00 0 
650334000000-650334021000 rw-p 00000000 00:00 0 
650334021000-650338000000 ---p 00000000 00:00 0 
650338000000-650338021000 rw-p 00000000 00:00 0 
650338021000-65033c000000 ---p 00000000 00:00 0 
65033c000000-65033c05b000 rw-p 00000000 00:00 0 
65033c05b000-650340000000 ---p 00000000 00:00 0 
650340000000-650340021000 rw-p 00000000 00:00 0 
650340021000-650344000000 ---p 00000000 00:00 0 
650344000000-650344021000 rw-p 00000000 00:00 0 
650344021000-650348000000 ---p 00000000 00:00 0 
650348000000-650348021000 rw-p 00000000 00:00 0 
650348021000-65034c000000 ---p 00000000 00:00 0 
65034c000000-65034c021000 rw-p 00000000 00:00 0 
65034c021000-650350000000 ---p 00000000 00:00 0 
650350000000-650350021000 rw-p 00000000 00:00 0 
650350021000-650354000000 ---p 00000000 00:00 0 
650354000000-650354021000 rw-p 00000000 00:00 0 
650354021000-650358000000 ---p 00000000 00:00 0 
65035af00000-65035af04000 ---p 00000000 00:00 0 
65035af04000-65035b000000 rw-p 00000000 00:00 0 
65035b000000-65035b004000 ---p 00000000 00:00 0 
65035b004000-65035b100000 rw-p 00000000 00:00 0 
65035b100000-65035b104000 ---p 00000000 00:00 0 
65035b104000-65035b200000 rw-p 00000000 00:00 0 
65035b200000-65035b204000 ---p 00000000 00:00 0 
65035b204000-65035b300000 rw-p 00000000 00:00 0 
65035b300000-65035b304000 ---p 00000000 00:00 0 
65035b304000-65035b400000 rw-p 00000000 00:00 0 
65035b400000-65035b404000 ---p 00000000 00:00 0 
65035b404000-65035b500000 rw-p 00000000 00:00 0 
65035b500000-65035b504000 ---p 00000000 00:00 0 
65035b504000-65035b600000 rw-p 00000000 00:00 0 
65035b600000-65035b604000 ---p 00000000 00:00 0 
65035b604000-65035b700000 rw-p 00000000 00:00 0 
65035b700000-65035b704000 ---p 00000000 00:00 0 
65035b704000-65035b800000 rw-p 00000000 00:00 0 
65035b800000-65035b804000 ---p 00000000 00:00 0 
65035b804000-65035b900000 rw-p 00000000 00:00 0 
65035b900000-65035b904000 ---p 00000000 00:00 0 
65035b904000-65035ba00000 rw-p 00000000 00:00 0 
65035ba00000-65035ba04000 ---p 00000000 00:00 0 
65035ba04000-65035bb00000 rw-p 00000000 00:00 0 
65035bb00000-65035bb04000 ---p 00000000 00:00 0 
65035bb04000-65035bc00000 rw-p 00000000 00:00 0 
65035bc00000-65035bc04000 ---p 00000000 00:00 0 
65035bc04000-65035bd00000 rw-p 00000000 00:00 0 
65035bd00000-65035bd04000 ---p 00000000 00:00 0 
65035bd04000-65035be00000 rw-p 00000000 00:00 0 
65035be00000-65035be04000 ---p 00000000 00:00 0 
65035be04000-65035bf00000 rw-p 00000000 00:00 0 
65035bf00000-65035bf04000 ---p 00000000 00:00 0 
65035bf04000-65035c000000 rw-p 00000000 00:00 0 
65035c000000-65035c021000 rw-p 00000000 00:00 0 
65035c021000-650360000000 ---p 00000000 00:00 0 
650360000000-650360021000 rw-p 00000000 00:00 0 
650360021000-650364000000 ---p 00000000 00:00 0 
650364000000-650364021000 rw-p 00000000 00:00 0 
650364021000-650368000000 ---p 00000000 00:00 0 
650368000000-650368037000 rw-p 00000000 00:00 0 
650368037000-65036c000000 ---p 00000000 00:00 0 
65036c000000-65036c021000 rw-p 00000000 00:00 0 
65036c021000-650370000000 ---p 00000000 00:00 0 
650370000000-650370021000 rw-p 00000000 00:00 0 
650370021000-650374000000 ---p 00000000 00:00 0 
650374000000-650374021000 rw-p 00000000 00:00 0 
650374021000-650378000000 ---p 00000000 00:00 0 
650378000000-650378021000 rw-p 00000000 00:00 0 
650378021000-65037c000000 ---p 00000000 00:00 0 
65037c000000-65037c021000 rw-p 00000000 00:00 0 
65037c021000-650380000000 ---p 00000000 00:00 0 
650380000000-650380021000 rw-p 00000000 00:00 0 
650380021000-650384000000 ---p 00000000 00:00 0 
650384000000-650384021000 rw-p 00000000 00:00 0 
650384021000-650388000000 ---p 00000000 00:00 0 
650388000000-650388021000 rw-p 00000000 00:00 0 
650388021000-65038c000000 ---p 00000000 00:00 0 
65038c000000-65038c021000 rw-p 00000000 00:00 0 
65038c021000-650390000000 ---p 00000000 00:00 0 
650390000000-650390021000 rw-p 00000000 00:00 0 
650390021000-650394000000 ---p 00000000 00:00 0 
650394000000-650394021000 rw-p 00000000 00:00 0 
650394021000-650398000000 ---p 00000000 00:00 0 
650398000000-65039804a000 rw-p 00000000 00:00 0 
65039804a000-65039c000000 ---p 00000000 00:00 0 
65039c000000-65039c021000 rw-p 00000000 00:00 0 
65039c021000-6503a0000000 ---p 00000000 00:00 0 
6503a0000000-6503a0021000 rw-p 00000000 00:00 0 
6503a0021000-6503a4000000 ---p 00000000 00:00 0 
6503a4000000-6503a4021000 rw-p 00000000 00:00 0 
6503a4021000-6503a8000000 ---p 00000000 00:00 0 
6503a8000000-6503a8024000 rw-p 00000000 00:00 0 
6503a8024000-6503ac000000 ---p 00000000 00:00 0 
6503ac000000-6503ac04a000 rw-p 00000000 00:00 0 
6503ac04a000-6503b0000000 ---p 00000000 00:00 0 
6503b0000000-6503b004a000 rw-p 00000000 00:00 0 
6503b004a000-6503b4000000 ---p 00000000 00:00 0 
6503b4000000-6503b428e000 rw-p 00000000 00:00 0 
6503b428e000-6503b8000000 ---p 00000000 00:00 0 
6503b8000000-6503b884f000 rw-p 00000000 00:00 0 
6503b884f000-6503bc000000 ---p 00000000 00:00 0 
6503bc000000-6503bc1d5000 rw-p 00000000 00:00 0 
6503bc1d5000-6503c0000000 ---p 00000000 00:00 0 
6503c0000000-6503c0341000 rw-p 00000000 00:00 0 
6503c0341000-6503c4000000 ---p 00000000 00:00 0 
6503c4000000-6503c4021000 rw-p 00000000 00:00 0 
6503c4021000-6503c8000000 ---p 00000000 00:00 0 
6503c8000000-6503c875e000 rw-p 00000000 00:00 0 
6503c875e000-6503cc000000 ---p 00000000 00:00 0 
6503cc000000-6503cc271000 rw-p 00000000 00:00 0 
6503cc271000-6503d0000000 ---p 00000000 00:00 0 
6503d0000000-6503d0021000 rw-p 00000000 00:00 0 
6503d0021000-6503d4000000 ---p 00000000 00:00 0 
6503d4000000-6503d486f000 rw-p 00000000 00:00 0 
6503d486f000-6503d8000000 ---p 00000000 00:00 0 
6503d8000000-6503d8335000 rw-p 00000000 00:00 0 
6503d8335000-6503dc000000 ---p 00000000 00:00 0 
6503dc000000-6503dc021000 rw-p 00000000 00:00 0 
6503dc021000-6503e0000000 ---p 00000000 00:00 0 
6503e0000000-6503e0021000 rw-p 00000000 00:00 0 
6503e0021000-6503e4000000 ---p 00000000 00:00 0 
6503e4000000-6503e4024000 rw-p 00000000 00:00 0 
6503e4024000-6503e8000000 ---p 00000000 00:00 0 
6503e8000000-6503e8021000 rw-p 00000000 00:00 0 
6503e8021000-6503ec000000 ---p 00000000 00:00 0 
6503ec000000-6503ec04a000 rw-p 00000000 00:00 0 
6503ec04a000-6503f0000000 ---p 00000000 00:00 0 
6503f0000000-6503f002a000 rw-p 00000000 00:00 0 
6503f002a000-6503f4000000 ---p 00000000 00:00 0 
6503f4000000-6503f4028000 rw-p 00000000 00:00 0 
6503f4028000-6503f8000000 ---p 00000000 00:00 0 
6503f8000000-6503f8033000 rw-p 00000000 00:00 0 
6503f8033000-6503fc000000 ---p 00000000 00:00 0 
6503fc000000-6503fc022000 rw-p 00000000 00:00 0 
6503fc022000-650400000000 ---p 00000000 00:00 0 
650400000000-650400023000 rw-p 00000000 00:00 0 
650400023000-650404000000 ---p 00000000 00:00 0 
650404000000-650404021000 rw-p 00000000 00:00 0 
650404021000-650408000000 ---p 00000000 00:00 0 
650408000000-650408026000 rw-p 00000000 00:00 0 
650408026000-65040c000000 ---p 00000000 00:00 0 
65040c000000-65040c022000 rw-p 00000000 00:00 0 
65040c022000-650410000000 ---p 00000000 00:00 0 
650410000000-650410022000 rw-p 00000000 00:00 0 
650410022000-650414000000 ---p 00000000 00:00 0 
650414000000-65041403a000 rw-p 00000000 00:00 0 
65041403a000-650418000000 ---p 00000000 00:00 0 
650418000000-65041802c000 rw-p 00000000 00:00 0 
65041802c000-65041c000000 ---p 00000000 00:00 0 
65041c000000-65041c02b000 rw-p 00000000 00:00 0 
65041c02b000-650420000000 ---p 00000000 00:00 0 
650420000000-650420021000 rw-p 00000000 00:00 0 
650420021000-650424000000 ---p 00000000 00:00 0 
650424000000-65042402b000 rw-p 00000000 00:00 0 
65042402b000-650428000000 ---p 00000000 00:00 0 
650428000000-65042802a000 rw-p 00000000 00:00 0 
65042802a000-65042c000000 ---p 00000000 00:00 0 
65042c000000-65042c0f8000 rw-p 00000000 00:00 0 
65042c0f8000-650430000000 ---p 00000000 00:00 0 
650430000000-650430052000 rw-p 00000000 00:00 0 
650430052000-650434000000 ---p 00000000 00:00 0 
650434000000-65043403d000 rw-p 00000000 00:00 0 
65043403d000-650438000000 ---p 00000000 00:00 0 
650438000000-650438023000 rw-p 00000000 00:00 0 
650438023000-65043c000000 ---p 00000000 00:00 0 
65043c000000-65043c02b000 rw-p 00000000 00:00 0 
65043c02b000-650440000000 ---p 00000000 00:00 0 
650440000000-650440022000 rw-p 00000000 00:00 0 
650440022000-650444000000 ---p 00000000 00:00 0 
650444000000-650444021000 rw-p 00000000 00:00 0 
650444021000-650448000000 ---p 00000000 00:00 0 
650448000000-650448021000 rw-p 00000000 00:00 0 
650448021000-65044c000000 ---p 00000000 00:00 0 
65044c000000-65044c021000 rw-p 00000000 00:00 0 
65044c021000-650450000000 ---p 00000000 00:00 0 
650450000000-650450021000 rw-p 00000000 00:00 0 
650450021000-650454000000 ---p 00000000 00:00 0 
650454000000-650454270000 rw-p 00000000 00:00 0 
650454270000-650454400000 ---p 00000000 00:00 0 
650454400000-6504548a0000 rw-p 00000000 00:00 0 
6504548a0000-650458000000 ---p 00000000 00:00 0 
650458000000-650458021000 rw-p 00000000 00:00 0 
650458021000-65045c000000 ---p 00000000 00:00 0 
65045c0f4000-65045c0f8000 ---p 00000000 00:00 0 
65045c0f8000-65045c1f4000 rw-p 00000000 00:00 0 
65045c1f4000-65045c1f8000 ---p 00000000 00:00 0 
65045c1f8000-65045c2f4000 rw-p 00000000 00:00 0 
65045c2f4000-65045c2f8000 ---p 00000000 00:00 0 
65045c2f8000-65045c3f4000 rw-p 00000000 00:00 0 
65045c3f4000-65045c3f8000 ---p 00000000 00:00 0 
65045c3f8000-65045c4f4000 rw-p 00000000 00:00 0 
65045c4f4000-65045c4f8000 ---p 00000000 00:00 0 
65045c4f8000-65045c5f4000 rw-p 00000000 00:00 0 
65045c5f4000-65045c5f8000 ---p 00000000 00:00 0 
65045c5f8000-65045c6f4000 rw-p 00000000 00:00 0 
65045c6f4000-65045c6f8000 ---p 00000000 00:00 0 
65045c6f8000-65045c7f4000 rw-p 00000000 00:00 0 
65045c7f4000-65045c7f8000 ---p 00000000 00:00 0 
65045c7f8000-65045c8f4000 rw-p 00000000 00:00 0 
65045c8f4000-65045c8f8000 ---p 00000000 00:00 0 
65045c8f8000-65045c9f4000 rw-p 00000000 00:00 0 
65045c9f4000-65045c9f8000 ---p 00000000 00:00 0 
65045c9f8000-65045caf4000 rw-p 00000000 00:00 0 
65045caf4000-65045caf8000 ---p 00000000 00:00 0 
65045caf8000-65045cbf4000 rw-p 00000000 00:00 0 
65045cbf4000-65045cbf8000 ---p 00000000 00:00 0 
65045cbf8000-65045ccf4000 rw-p 00000000 00:00 0 
65045ccf4000-65045ccf8000 ---p 00000000 00:00 0 
65045ccf8000-65045cdf4000 rw-p 00000000 00:00 0 
65045cdf4000-65045cdf8000 ---p 00000000 00:00 0 
65045cdf8000-65045cef4000 rw-p 00000000 00:00 0 
65045cef4000-65045cef8000 ---p 00000000 00:00 0 
65045cef8000-65045cff4000 rw-p 00000000 00:00 0 
65045cff4000-65045cff8000 ---p 00000000 00:00 0 
65045cff8000-65045d0f4000 rw-p 00000000 00:00 0 
65045d0f4000-65045d0f8000 ---p 00000000 00:00 0 
65045d0f8000-65045d1f4000 rw-p 00000000 00:00 0 
65045d1f4000-65045d1f8000 ---p 00000000 00:00 0 
65045d1f8000-65045d2f4000 rw-p 00000000 00:00 0 
65045d2f4000-65045d2f8000 ---p 00000000 00:00 0 
65045d2f8000-65045d3f4000 rw-p 00000000 00:00 0 
65045d3f4000-65045d3f8000 ---p 00000000 00:00 0 
65045d3f8000-65045d4f4000 rw-p 00000000 00:00 0 
65045d4f4000-65045d4f8000 ---p 00000000 00:00 0 
65045d4f8000-65045d5f4000 rw-p 00000000 00:00 0 
65045d5f4000-65045d5f8000 ---p 00000000 00:00 0 
65045d5f8000-65045d6f4000 rw-p 00000000 00:00 0 
65045d6f4000-65045d6f8000 ---p 00000000 00:00 0 
65045d6f8000-65045d7f4000 rw-p 00000000 00:00 0 
65045d7f4000-65045d7f8000 ---p 00000000 00:00 0 
65045d7f8000-65045d8f4000 rw-p 00000000 00:00 0 
65045d8f4000-65045d8f8000 ---p 00000000 00:00 0 
65045d8f8000-65045d9f4000 rw-p 00000000 00:00 0 
65045d9f4000-65045d9f8000 ---p 00000000 00:00 0 
65045d9f8000-65045daf4000 rw-p 00000000 00:00 0 
65045daf4000-65045daf8000 ---p 00000000 00:00 0 
65045daf8000-65045dbf4000 rw-p 00000000 00:00 0 
65045dbf4000-65045dbf8000 ---p 00000000 00:00 0 
65045dbf8000-65045dcf4000 rw-p 00000000 00:00 0 
65045dcf4000-65045dcf8000 ---p 00000000 00:00 0 
65045dcf8000-65045ddf4000 rw-p 00000000 00:00 0 
65045ddf4000-65045ddf8000 ---p 00000000 00:00 0 
65045ddf8000-65045def4000 rw-p 00000000 00:00 0 
65045def4000-65045def8000 ---p 00000000 00:00 0 
65045def8000-65045dff4000 rw-p 00000000 00:00 0 
65045dff4000-65045dff8000 ---p 00000000 00:00 0 
65045dff8000-65045e0f4000 rw-p 00000000 00:00 0 
65045e0f4000-65045e0f8000 ---p 00000000 00:00 0 
65045e0f8000-65045e1f4000 rw-p 00000000 00:00 0 
65045e1f4000-65045e1f8000 ---p 00000000 00:00 0 
65045e1f8000-65045e2f4000 rw-p 00000000 00:00 0 
65045e2f4000-65045e2f8000 ---p 00000000 00:00 0 
65045e2f8000-65045e3f4000 rw-p 00000000 00:00 0 
65045e3f4000-65045e3f5000 ---p 00000000 00:00 0 
65045e3f5000-65045e4f5000 rw-p 00000000 00:00 0 
65045e4f5000-65045e4f6000 ---p 00000000 00:00 0 
65045e4f6000-65045e5f6000 rw-p 00000000 00:00 0 
65045e5f6000-65045e5f7000 ---p 00000000 00:00 0 
65045e5f7000-65045e6f7000 rw-p 00000000 00:00 0 
65045e6f7000-65045e6f8000 ---p 00000000 00:00 0 
65045e6f8000-65045e7f8000 rw-p 00000000 00:00 0 
65045e7f8000-65045e7f9000 ---p 00000000 00:00 0 
65045e7f9000-65045e8f9000 rw-p 00000000 00:00 0 
65045e8f9000-65045e8fa000 ---p 00000000 00:00 0 
65045e8fa000-65045e9fa000 rw-p 00000000 00:00 0 
65045e9fa000-65045e9fb000 ---p 00000000 00:00 0 
65045e9fb000-65045eafb000 rw-p 00000000 00:00 0 
65045eafb000-65045eafc000 ---p 00000000 00:00 0 
65045eafc000-65045ebfc000 rw-p 00000000 00:00 0 
65045ebfc000-65045ebfd000 ---p 00000000 00:00 0 
65045ebfd000-65045ecfd000 rw-p 00000000 00:00 0 
65045ecfd000-65045ecfe000 ---p 00000000 00:00 0 
65045ecfe000-65045edfe000 rw-p 00000000 00:00 0 
65045edfe000-65045edff000 ---p 00000000 00:00 0 
65045edff000-65045eeff000 rw-p 00000000 00:00 0 
65045eeff000-65045ef00000 ---p 00000000 00:00 0 
65045ef00000-65045f000000 rw-p 00000000 00:00 0 
65045f000000-65045fca3000 rw-p 00001000 fc:00 49677004                   /mydata/openjdk-mmtk/build/b0test/images/jdk/lib/server/classes.jsa
65045fca3000-650460000000 ---p 00000000 00:00 0 
650460000000-650460040000 rw-p 00000000 00:00 0 
650460040000-650460110000 rw-p 00000000 00:00 0 
650460110000-6504a0000000 ---p 00000000 00:00 0 
6504a0000000-6504a0021000 rw-p 00000000 00:00 0 
6504a0021000-6504a4000000 ---p 00000000 00:00 0 
6504a40f9000-6504a40fa000 ---p 00000000 00:00 0 
6504a40fa000-6504a41fa000 rw-p 00000000 00:00 0 
6504a41fa000-6504a41fb000 ---p 00000000 00:00 0 
6504a41fb000-6504a42fb000 rw-p 00000000 00:00 0 
6504a42fb000-6504a42fc000 ---p 00000000 00:00 0 
6504a42fc000-6504a43fc000 rw-p 00000000 00:00 0 
6504a43fc000-6504a43fd000 ---p 00000000 00:00 0 
6504a43fd000-6504a44fd000 rw-p 00000000 00:00 0 
6504a44fd000-6504a44fe000 ---p 00000000 00:00 0 
6504a44fe000-6504a45fe000 rw-p 00000000 00:00 0 
6504a45fe000-6504a45ff000 ---p 00000000 00:00 0 
6504a45ff000-6504a46ff000 rw-p 00000000 00:00 0 
6504a46ff000-6504a4700000 ---p 00000000 00:00 0 
6504a4700000-6504a4800000 rw-p 00000000 00:00 0 
6504a4800000-6504a4aeb000 r--p 00000000 08:03 1410552                    /usr/lib/locale/locale-archive
6504a4afe000-6504a4aff000 ---p 00000000 00:00 0 
6504a4aff000-6504a4bff000 rw-p 00000000 00:00 0 
6504a4bff000-6504a5200000 rw-p 00000000 00:00 0 
6504a5200000-6504a8200000 rw-p 00000000 00:00 0 
6504a82fb000-6504a82fc000 ---p 00000000 00:00 0 
6504a82fc000-6504a83fc000 rw-p 00000000 00:00 0 
6504a83fc000-6504d8400000 rw-p 00000000 00:00 0 
6504d8400000-6504d9400000 ---p 00000000 00:00 0                          [anon:mmtk:sidemeta:all:all-quarantined]
6504d9400000-6504d9c00000 rw-p 00000000 00:00 0                          [anon:mmtk:sidemeta:immix:VO_BIT]
6504d9c00000-6704da400000 ---p 00000000 00:00 0                          [anon:mmtk:sidemeta:all:all-quarantined]
6704da400000-6704da800000 rw-p 00000000 00:00 0                          [anon:mmtk:sidemeta:immix:CHUNK_MARK]
6704da800000-6704dd400000 ---p 00000000 00:00 0                          [anon:mmtk:sidemeta:all:all-quarantined]
6704dd400000-6704ddc00000 rw-p 00000000 00:00 0                          [anon:mmtk:sidemeta:immix:VMGlobalLogBitSpec]
6704ddc00000-690cdc800000 ---p 00000000 00:00 0                          [anon:mmtk:sidemeta:all:all-quarantined]
690cdc800000-690cdcc00000 rw-p 00000000 00:00 0                          [anon:mmtk:sidemeta:immix:IX_LINE_MARK]
690cdcc00000-698cdc400000 ---p 00000000 00:00 0                          [anon:mmtk:sidemeta:all:all-quarantined]
698cdc400000-698cdc800000 rw-p 00000000 00:00 0                          [anon:mmtk:sidemeta:immix:IX_BLOCK_DEFRAG]
698cdc800000-698ddc400000 ---p 00000000 00:00 0                          [anon:mmtk:sidemeta:all:all-quarantined]
698ddc400000-698ddc800000 rw-p 00000000 00:00 0                          [anon:mmtk:sidemeta:immix:IX_BLOCK_MARK]
698ddc800000-6faf5c400000 ---p 00000000 00:00 0                          [anon:mmtk:sidemeta:all:all-quarantined]
6faf5c400000-6faf5c800000 rw-p 00000000 00:00 0                          [anon:mmtk:sidemeta:los:VMLocalLOSMarkNurserySpec]
6faf5c800000-6fb15d400000 ---p 00000000 00:00 0                          [anon:mmtk:sidemeta:all:all-quarantined]
6fb15d400000-6fb15dc00000 rw-p 00000000 00:00 0                          [anon:mmtk:sidemeta:immix:VMLocalMarkBitSpec]
6fb15dc00000-71b15c400000 ---p 00000000 00:00 0                          [anon:mmtk:sidemeta:all:all-quarantined]
71b15c42c000-71b15c431000 r--p 00000000 fc:00 49676385                   /mydata/openjdk-mmtk/build/b0test/images/jdk/lib/libjsvml.so
71b15c431000-71b15c472000 r-xp 00005000 fc:00 49676385                   /mydata/openjdk-mmtk/build/b0test/images/jdk/lib/libjsvml.so
71b15c472000-71b15c4fb000 r--p 00046000 fc:00 49676385                   /mydata/openjdk-mmtk/build/b0test/images/jdk/lib/libjsvml.so
71b15c4fb000-71b15c4fc000 r--p 000ce000 fc:00 49676385                   /mydata/openjdk-mmtk/build/b0test/images/jdk/lib/libjsvml.so
71b15c4fc000-71b15c4fd000 rw-p 000cf000 fc:00 49676385                   /mydata/openjdk-mmtk/build/b0test/images/jdk/lib/libjsvml.so
71b15c4fd000-71b15c4fe000 ---p 00000000 00:00 0 
71b15c4fe000-71b15c5fe000 rw-p 00000000 00:00 0 
71b15c5fe000-71b15c5ff000 ---p 00000000 00:00 0 
71b15c5ff000-71b15c6ff000 rw-p 00000000 00:00 0 
71b15c6ff000-71b15c703000 ---p 00000000 00:00 0 
71b15c703000-71b15c7ff000 rw-p 00000000 00:00 0 
71b15c7ff000-71b17c800000 rw-p 00000000 00:00 0 
71b17c800000-71b17ce00000 rwxp 00000000 00:00 0 
71b17ce00000-71b183c17000 ---p 00000000 00:00 0 
71b183c17000-71b183f97000 rwxp 00000000 00:00 0 
71b183f97000-71b1843e8000 ---p 00000000 00:00 0 
71b1843e8000-71b184658000 rwxp 00000000 00:00 0 
71b184658000-71b18b800000 ---p 00000000 00:00 0 
71b18b800000-71b193fa0000 r--s 00000000 fc:00 49676291                   /mydata/openjdk-mmtk/build/b0test/images/jdk/lib/modules
71b194000000-71b1947d9000 rw-p 00000000 00:00 0 
71b1947d9000-71b198000000 ---p 00000000 00:00 0 
71b198043000-71b198047000 ---p 00000000 00:00 0 
71b198047000-71b198143000 rw-p 00000000 00:00 0 
71b198143000-71b198147000 ---p 00000000 00:00 0 
71b198147000-71b198243000 rw-p 00000000 00:00 0 
71b198243000-71b198244000 ---p 00000000 00:00 0 
71b198244000-71b198344000 rw-p 00000000 00:00 0 
71b198344000-71b198345000 ---p 00000000 00:00 0 
71b198345000-71b198445000 rw-p 00000000 00:00 0 
71b198445000-71b198446000 ---p 00000000 00:00 0 
71b198446000-71b198546000 rw-p 00000000 00:00 0 
71b198546000-71b19854a000 r--p 00000000 08:03 1410107                    /usr/lib/x86_64-linux-gnu/libzstd.so.1.5.5
71b19854a000-71b1985f1000 r-xp 00004000 08:03 1410107                    /usr/lib/x86_64-linux-gnu/libzstd.so.1.5.5
71b1985f1000-71b1985fe000 r--p 000ab000 08:03 1410107                    /usr/lib/x86_64-linux-gnu/libzstd.so.1.5.5
71b1985fe000-71b1985ff000 r--p 000b7000 08:03 1410107                    /usr/lib/x86_64-linux-gnu/libzstd.so.1.5.5
71b1985ff000-71b198600000 rw-p 000b8000 08:03 1410107                    /usr/lib/x86_64-linux-gnu/libzstd.so.1.5.5
71b198600000-71b19860c000 r--p 00000000 fc:00 13107225                   /mydata/gc-bpf-fault/shim/libgcbpf.so
71b19860c000-71b19866e000 r-xp 0000c000 fc:00 13107225                   /mydata/gc-bpf-fault/shim/libgcbpf.so
71b19866e000-71b19881b000 r--p 0006e000 fc:00 13107225                   /mydata/gc-bpf-fault/shim/libgcbpf.so
71b19881b000-71b19881d000 r--p 0021b000 fc:00 13107225                   /mydata/gc-bpf-fault/shim/libgcbpf.so
71b19881d000-71b19881e000 rw-p 0021d000 fc:00 13107225                   /mydata/gc-bpf-fault/shim/libgcbpf.so
71b19881e000-71b19881f000 rw-p 00000000 00:00 0 
71b19882e000-71b198833000 rw-p 00000000 00:00 0 
71b198833000-71b198917000 ---p 00000000 00:00 0 
71b198917000-71b198923000 rw-p 00000000 00:00 0 
71b198923000-71b198a00000 ---p 00000000 00:00 0 
71b198a00000-71b198b47000 r--p 00000000 fc:00 49676344                   /mydata/openjdk-mmtk/build/b0test/images/jdk/lib/server/libmmtk_openjdk.so
71b198b47000-71b198dc2000 r-xp 00146000 fc:00 49676344                   /mydata/openjdk-mmtk/build/b0test/images/jdk/lib/server/libmmtk_openjdk.so
71b198dc2000-71b198e02000 r--p 003c0000 fc:00 49676344                   /mydata/openjdk-mmtk/build/b0test/images/jdk/lib/server/libmmtk_openjdk.so
71b198e02000-71b198e04000 rw-p 003ff000 fc:00 49676344                   /mydata/openjdk-mmtk/build/b0test/images/jdk/lib/server/libmmtk_openjdk.so
71b198e04000-71b198e07000 rw-p 00000000 00:00 0 
71b198e17000-71b198e1b000 ---p 00000000 00:00 0 
71b198e1b000-71b198f17000 rw-p 00000000 00:00 0 
71b198f17000-71b198f27000 r--p 00000000 08:03 1411099                    /usr/lib/x86_64-linux-gnu/libm.so.6
71b198f27000-71b198fa6000 r-xp 00010000 08:03 1411099                    /usr/lib/x86_64-linux-gnu/libm.so.6
71b198fa6000-71b198ffe000 r--p 0008f000 08:03 1411099                    /usr/lib/x86_64-linux-gnu/libm.so.6
71b198ffe000-71b198fff000 r--p 000e7000 08:03 1411099                    /usr/lib/x86_64-linux-gnu/libm.so.6
71b198fff000-71b199000000 rw-p 000e8000 08:03 1411099                    /usr/lib/x86_64-linux-gnu/libm.so.6
71b199000000-71b1992a9000 r--p 00000000 fc:00 49676343                   /mydata/openjdk-mmtk/build/b0test/images/jdk/lib/server/libjvm.so
71b1992a9000-71b19a13c000 r-xp 002a9000 fc:00 49676343                   /mydata/openjdk-mmtk/build/b0test/images/jdk/lib/server/libjvm.so
71b19a13c000-71b19a420000 r--p 0113c000 fc:00 49676343                   /mydata/openjdk-mmtk/build/b0test/images/jdk/lib/server/libjvm.so
71b19a420000-71b19a4f6000 r--p 0141f000 fc:00 49676343                   /mydata/openjdk-mmtk/build/b0test/images/jdk/lib/server/libjvm.so
71b19a4f6000-71b19a526000 rw-p 014f5000 fc:00 49676343                   /mydata/openjdk-mmtk/build/b0test/images/jdk/lib/server/libjvm.so
71b19a526000-71b19a58c000 rw-p 00000000 00:00 0 
71b19a5b0000-71b19a5b7000 r--s 00000000 08:03 1436340                    /usr/lib/x86_64-linux-gnu/gconv/gconv-modules.cache
71b19a5b7000-71b19a5bb000 r--p 00000000 fc:00 49676334                   /mydata/openjdk-mmtk/build/b0test/images/jdk/lib/libverify.so
71b19a5bb000-71b19a5c2000 r-xp 00004000 fc:00 49676334                   /mydata/openjdk-mmtk/build/b0test/images/jdk/lib/libverify.so
71b19a5c2000-71b19a5c4000 r--p 0000b000 fc:00 49676334                   /mydata/openjdk-mmtk/build/b0test/images/jdk/lib/libverify.so
71b19a5c4000-71b19a5c6000 r--p 0000c000 fc:00 49676334                   /mydata/openjdk-mmtk/build/b0test/images/jdk/lib/libverify.so
71b19a5c6000-71b19a5c7000 rw-p 0000e000 fc:00 49676334                   /mydata/openjdk-mmtk/build/b0test/images/jdk/lib/libverify.so
71b19a5c7000-71b19a5c9000 r--p 00000000 fc:00 49676335                   /mydata/openjdk-mmtk/build/b0test/images/jdk/lib/libzip.so
71b19a5c9000-71b19a5ce000 r-xp 00002000 fc:00 49676335                   /mydata/openjdk-mmtk/build/b0test/images/jdk/lib/libzip.so
71b19a5ce000-71b19a5d0000 r--p 00007000 fc:00 49676335                   /mydata/openjdk-mmtk/build/b0test/images/jdk/lib/libzip.so
71b19a5d0000-71b19a5d1000 r--p 00008000 fc:00 49676335                   /mydata/openjdk-mmtk/build/b0test/images/jdk/lib/libzip.so
71b19a5d1000-71b19a5d2000 rw-p 00009000 fc:00 49676335                   /mydata/openjdk-mmtk/build/b0test/images/jdk/lib/libzip.so
71b19a5d2000-71b19a5d5000 r--p 00000000 fc:00 49676331                   /mydata/openjdk-mmtk/build/b0test/images/jdk/lib/libnet.so
71b19a5d5000-71b19a5dd000 r-xp 00003000 fc:00 49676331                   /mydata/openjdk-mmtk/build/b0test/images/jdk/lib/libnet.so
71b19a5dd000-71b19a5df000 r--p 0000b000 fc:00 49676331                   /mydata/openjdk-mmtk/build/b0test/images/jdk/lib/libnet.so
71b19a5df000-71b19a5e0000 r--p 0000c000 fc:00 49676331                   /mydata/openjdk-mmtk/build/b0test/images/jdk/lib/libnet.so
71b19a5e0000-71b19a5e1000 rw-p 0000d000 fc:00 49676331                   /mydata/openjdk-mmtk/build/b0test/images/jdk/lib/libnet.so
71b19a5e1000-71b19a5e4000 r--p 00000000 08:03 1410420                    /usr/lib/x86_64-linux-gnu/libelf-0.190.so
71b19a5e4000-71b19a5fa000 r-xp 00003000 08:03 1410420                    /usr/lib/x86_64-linux-gnu/libelf-0.190.so
71b19a5fa000-71b19a5fe000 r--p 00019000 08:03 1410420                    /usr/lib/x86_64-linux-gnu/libelf-0.190.so
71b19a5fe000-71b19a5ff000 r--p 0001c000 08:03 1410420                    /usr/lib/x86_64-linux-gnu/libelf-0.190.so
71b19a5ff000-71b19a600000 rw-p 0001d000 08:03 1410420                    /usr/lib/x86_64-linux-gnu/libelf-0.190.so
71b19a600000-71b19a628000 r--p 00000000 08:03 1410238                    /usr/lib/x86_64-linux-gnu/libc.so.6
71b19a628000-71b19a7b0000 r-xp 00028000 08:03 1410238                    /usr/lib/x86_64-linux-gnu/libc.so.6
71b19a7b0000-71b19a7ff000 r--p 001b0000 08:03 1410238                    /usr/lib/x86_64-linux-gnu/libc.so.6
71b19a7ff000-71b19a803000 r--p 001fe000 08:03 1410238                    /usr/lib/x86_64-linux-gnu/libc.so.6
71b19a803000-71b19a805000 rw-p 00202000 08:03 1410238                    /usr/lib/x86_64-linux-gnu/libc.so.6
71b19a805000-71b19a812000 rw-p 00000000 00:00 0 
71b19a816000-71b19a81d000 r--p 00000000 fc:00 49676332                   /mydata/openjdk-mmtk/build/b0test/images/jdk/lib/libnio.so
71b19a81d000-71b19a826000 r-xp 00007000 fc:00 49676332                   /mydata/openjdk-mmtk/build/b0test/images/jdk/lib/libnio.so
71b19a826000-71b19a82a000 r--p 00010000 fc:00 49676332                   /mydata/openjdk-mmtk/build/b0test/images/jdk/lib/libnio.so
71b19a82a000-71b19a82b000 r--p 00014000 fc:00 49676332                   /mydata/openjdk-mmtk/build/b0test/images/jdk/lib/libnio.so
71b19a82b000-71b19a82c000 rw-p 00015000 fc:00 49676332                   /mydata/openjdk-mmtk/build/b0test/images/jdk/lib/libnio.so
71b19a82c000-71b19a833000 rw-p 00000000 00:00 0 
71b19a833000-71b19a83c000 ---p 00000000 00:00 0 
71b19a83c000-71b19a849000 r--p 00000000 fc:00 49676327                   /mydata/openjdk-mmtk/build/b0test/images/jdk/lib/libjava.so
71b19a849000-71b19a858000 r-xp 0000d000 fc:00 49676327                   /mydata/openjdk-mmtk/build/b0test/images/jdk/lib/libjava.so
71b19a858000-71b19a85d000 r--p 0001c000 fc:00 49676327                   /mydata/openjdk-mmtk/build/b0test/images/jdk/lib/libjava.so
71b19a85d000-71b19a85e000 r--p 00021000 fc:00 49676327                   /mydata/openjdk-mmtk/build/b0test/images/jdk/lib/libjava.so
71b19a85e000-71b19a85f000 rw-p 00022000 fc:00 49676327                   /mydata/openjdk-mmtk/build/b0test/images/jdk/lib/libjava.so
71b19a85f000-71b19a860000 rw-p 00000000 00:00 0 
71b19a860000-71b19a868000 rw-s 00000000 08:03 237590                     /tmp/hsperfdata_root/292398
71b19a868000-71b19a86c000 r--p 00000000 fc:00 49676328                   /mydata/openjdk-mmtk/build/b0test/images/jdk/lib/libjimage.so
71b19a86c000-71b19a883000 r-xp 00004000 fc:00 49676328                   /mydata/openjdk-mmtk/build/b0test/images/jdk/lib/libjimage.so
71b19a883000-71b19a888000 r--p 0001b000 fc:00 49676328                   /mydata/openjdk-mmtk/build/b0test/images/jdk/lib/libjimage.so
71b19a888000-71b19a88a000 r--p 00020000 fc:00 49676328                   /mydata/openjdk-mmtk/build/b0test/images/jdk/lib/libjimage.so
71b19a88a000-71b19a88b000 rw-p 00022000 fc:00 49676328                   /mydata/openjdk-mmtk/build/b0test/images/jdk/lib/libjimage.so
71b19a88b000-71b19a88f000 r--p 00000000 08:03 1410148                    /usr/lib/x86_64-linux-gnu/libgcc_s.so.1
71b19a88f000-71b19a8b3000 r-xp 00004000 08:03 1410148                    /usr/lib/x86_64-linux-gnu/libgcc_s.so.1
71b19a8b3000-71b19a8b7000 r--p 00028000 08:03 1410148                    /usr/lib/x86_64-linux-gnu/libgcc_s.so.1
71b19a8b7000-71b19a8b8000 r--p 0002b000 08:03 1410148                    /usr/lib/x86_64-linux-gnu/libgcc_s.so.1
71b19a8b8000-71b19a8b9000 rw-p 0002c000 08:03 1410148                    /usr/lib/x86_64-linux-gnu/libgcc_s.so.1
71b19a8b9000-71b19a8bb000 rw-p 00000000 00:00 0 
71b19a8bb000-71b19a8bd000 r--p 00000000 08:03 1409104                    /usr/lib/x86_64-linux-gnu/libz.so.1.3
71b19a8bd000-71b19a8cf000 r-xp 00002000 08:03 1409104                    /usr/lib/x86_64-linux-gnu/libz.so.1.3
71b19a8cf000-71b19a8d5000 r--p 00014000 08:03 1409104                    /usr/lib/x86_64-linux-gnu/libz.so.1.3
71b19a8d5000-71b19a8d6000 r--p 0001a000 08:03 1409104                    /usr/lib/x86_64-linux-gnu/libz.so.1.3
71b19a8d6000-71b19a8d7000 rw-p 0001b000 08:03 1409104                    /usr/lib/x86_64-linux-gnu/libz.so.1.3
71b19a8dc000-71b19a8dd000 rw-s 00000000 00:10 68                         anon_inode:bpf-map
71b19a8dd000-71b19a8de000 r--s 00000000 00:10 68                         anon_inode:bpf-map
71b19a8de000-71b19a8df000 ---p 00000000 00:00 0 
71b19a8df000-71b19a8e0000 r--p 00000000 00:00 0 
71b19a8e0000-71b19a8e1000 ---p 00000000 00:00 0 
71b19a8e1000-71b19a8e3000 r--p 00000000 fc:00 49676329                   /mydata/openjdk-mmtk/build/b0test/images/jdk/lib/libjli.so
71b19a8e3000-71b19a8ed000 r-xp 00002000 fc:00 49676329                   /mydata/openjdk-mmtk/build/b0test/images/jdk/lib/libjli.so
71b19a8ed000-71b19a8f0000 r--p 0000c000 fc:00 49676329                   /mydata/openjdk-mmtk/build/b0test/images/jdk/lib/libjli.so
71b19a8f0000-71b19a8f1000 r--p 0000f000 fc:00 49676329                   /mydata/openjdk-mmtk/build/b0test/images/jdk/lib/libjli.so
71b19a8f1000-71b19a8f2000 rw-p 00010000 fc:00 49676329                   /mydata/openjdk-mmtk/build/b0test/images/jdk/lib/libjli.so
71b19a8f2000-71b19a8f4000 rw-p 00000000 00:00 0 
71b19a8f4000-71b19a8f8000 r--p 00000000 00:00 0                          [vvar]
71b19a8f8000-71b19a8fa000 r--p 00000000 00:00 0                          [vvar_vclock]
71b19a8fa000-71b19a8fc000 r-xp 00000000 00:00 0                          [vdso]
71b19a8fc000-71b19a8fd000 r--p 00000000 08:03 1409763                    /usr/lib/x86_64-linux-gnu/ld-linux-x86-64.so.2
71b19a8fd000-71b19a928000 r-xp 00001000 08:03 1409763                    /usr/lib/x86_64-linux-gnu/ld-linux-x86-64.so.2
71b19a928000-71b19a932000 r--p 0002c000 08:03 1409763                    /usr/lib/x86_64-linux-gnu/ld-linux-x86-64.so.2
71b19a932000-71b19a934000 r--p 00036000 08:03 1409763                    /usr/lib/x86_64-linux-gnu/ld-linux-x86-64.so.2
71b19a934000-71b19a936000 rw-p 00038000 08:03 1409763                    /usr/lib/x86_64-linux-gnu/ld-linux-x86-64.so.2
7ffd55af3000-7ffd55b14000 rw-p 00000000 00:00 0                          [stack]
ffffffffff600000-ffffffffff601000 --xp 00000000 00:00 0                  [vsyscall]
Total number of mappings: 539

JVMTI agents: none


VM Arguments:
jvm_args: -XX:+UseThirdPartyHeap -Xms512m -Xmx512m 
java_command: /mydata/dacapo/dacapo-23.11/dacapo-23.11-MR2-chopin.jar xalan -n 3
java_class_path (initial): /mydata/dacapo/dacapo-23.11/dacapo-23.11-MR2-chopin.jar
Launcher Type: SUN_STANDARD

[Global flags]
     intx CICompilerCount                          = 15                                        {product} {ergonomic}
   size_t InitialHeapSize                          = 536870912                                 {product} {command line}
   size_t MaxHeapSize                              = 536870912                                 {product} {command line}
   size_t MinHeapDeltaBytes                        = 524288                                    {product} {ergonomic}
   size_t MinHeapSize                              = 536870912                                 {product} {command line}
    uintx NonNMethodCodeHeapSize                   = 8192380                                {pd product} {ergonomic}
    uintx NonProfiledCodeHeapSize                  = 121732930                              {pd product} {ergonomic}
    uintx ProfiledCodeHeapSize                     = 121732930                              {pd product} {ergonomic}
    uintx ReservedCodeCacheSize                    = 251658240                              {pd product} {ergonomic}
     bool SegmentedCodeCache                       = true                                      {product} {ergonomic}
   size_t SoftMaxHeapSize                          = 536870912                              {manageable} {ergonomic}
     bool UseCompressedOops                        = true                           {product lp64_product} {ergonomic}

Logging:
Log output configuration:
 #0: stdout all=warning uptime,level,tags foldmultilines=false
 #1: stderr all=off uptime,level,tags foldmultilines=false

Release file:
IMPLEMENTOR="N/A"
JAVA_RUNTIME_VERSION="21.0.9-internal-adhoc.talzuss.openjdk-mmtk"
JAVA_VERSION="21.0.9"
JAVA_VERSION_DATE="2025-10-21"
LIBC="gnu"
MODULES="java.base java.compiler java.datatransfer java.xml java.prefs java.desktop java.instrument java.logging java.management java.security.sasl java.naming java.rmi java.management.rmi java.net.http java.scripting java.security.jgss java.transaction.xa java.sql java.sql.rowset java.xml.crypto java.se java.smartcardio jdk.accessibility jdk.internal.jvmstat jdk.attach jdk.charsets jdk.internal.opt jdk.zipfs jdk.compiler jdk.crypto.ec jdk.crypto.cryptoki jdk.dynalink jdk.internal.ed jdk.editpad jdk.hotspot.agent jdk.httpserver jdk.incubator.vector jdk.internal.le jdk.internal.vm.ci jdk.internal.vm.compiler jdk.internal.vm.compiler.management jdk.jartool jdk.javadoc jdk.jcmd jdk.management jdk.management.agent jdk.jconsole jdk.jdeps jdk.jdwp.agent jdk.jdi jdk.jfr jdk.jlink jdk.jpackage jdk.jshell jdk.jsobject jdk.jstatd jdk.localedata jdk.management.jfr jdk.naming.dns jdk.naming.rmi jdk.net jdk.nio.mapmode jdk.random jdk.sctp jdk.security.auth jdk.security.jgss jdk.unsupported jdk.unsupported.desktop jdk.xml.dom"
OS_ARCH="x86_64"
OS_NAME="Linux"
SOURCE=".:git:b557520f04b3+"

Environment Variables:
PATH=/usr/local/sbin:/usr/local/bin:/usr/sbin:/usr/bin:/sbin:/bin:/snap/bin
SHELL=/bin/bash
LANG=en_US.UTF-8
TERM=tmux-256color

Active Locale:
LC_ALL=en_US.UTF-8
LC_COLLATE=en_US.UTF-8
LC_CTYPE=en_US.UTF-8
LC_MESSAGES=en_US.UTF-8
LC_MONETARY=en_US.UTF-8
LC_NUMERIC=en_US.UTF-8
LC_TIME=en_US.UTF-8

Signal Handlers:
   SIGSEGV: crash_handler in libjvm.so, mask=11100100010111111101111111111110, flags=SA_RESTART|SA_SIGINFO, unblocked
    SIGBUS: crash_handler in libjvm.so, mask=11100100010111111101111111111110, flags=SA_RESTART|SA_SIGINFO, unblocked
    SIGFPE: crash_handler in libjvm.so, mask=11100100010111111101111111111110, flags=SA_RESTART|SA_SIGINFO, unblocked
   SIGPIPE: javaSignalHandler in libjvm.so, mask=11100100010111111101111111111110, flags=SA_RESTART|SA_SIGINFO, blocked
   SIGXFSZ: javaSignalHandler in libjvm.so, mask=11100100010111111101111111111110, flags=SA_RESTART|SA_SIGINFO, blocked
    SIGILL: crash_handler in libjvm.so, mask=11100100010111111101111111111110, flags=SA_RESTART|SA_SIGINFO, unblocked
   SIGUSR2: SR_handler in libjvm.so, mask=00000000000000000000000000000000, flags=SA_RESTART|SA_SIGINFO, blocked
    SIGHUP: UserHandler in libjvm.so, mask=11100100010111111101111111111110, flags=SA_RESTART|SA_SIGINFO, blocked
    SIGINT: UserHandler in libjvm.so, mask=11100100010111111101111111111110, flags=SA_RESTART|SA_SIGINFO, blocked
   SIGTERM: UserHandler in libjvm.so, mask=11100100010111111101111111111110, flags=SA_RESTART|SA_SIGINFO, blocked
   SIGQUIT: UserHandler in libjvm.so, mask=11100100010111111101111111111110, flags=SA_RESTART|SA_SIGINFO, blocked
   SIGTRAP: crash_handler in libjvm.so, mask=11100100010111111101111111111110, flags=SA_RESTART|SA_SIGINFO, unblocked


Periodic native trim disabled

---------------  S Y S T E M  ---------------

OS:
DISTRIB_ID=Ubuntu
DISTRIB_RELEASE=24.04
DISTRIB_CODENAME=noble
DISTRIB_DESCRIPTION="Ubuntu 24.04.4 LTS"
uname: Linux 6.17.0-bpf-fault+ #1 SMP PREEMPT_DYNAMIC Mon Jul  6 16:43:12 MDT 2026 x86_64
OS uptime: 0 days 19:26 hours
libc: glibc 2.39 NPTL 2.39 
rlimit (soft/hard): STACK 8192k/infinity , CORE 0k/0k , NPROC 513205/513205 , NOFILE 1048576/1048576 , AS infinity/infinity , CPU infinity/infinity , DATA infinity/infinity , FSIZE infinity/infinity , MEMLOCK 16436528k/16436528k
load average: 0.87 0.78 0.84

/proc/meminfo:
MemTotal:       131492232 kB
MemFree:        82093848 kB
MemAvailable:   123893480 kB
Buffers:          510116 kB
Cached:         40696412 kB
SwapCached:            0 kB
Active:          2287492 kB
Inactive:       40397048 kB
Active(anon):    1494524 kB
Inactive(anon):        0 kB
Active(file):     792968 kB
Inactive(file): 40397048 kB
Unevictable:       41912 kB
Mlocked:           38840 kB
SwapTotal:       8388604 kB
SwapFree:        8388604 kB
Zswap:                 0 kB
Zswapped:              0 kB
Dirty:           1248808 kB
Writeback:             0 kB
AnonPages:       1521720 kB
Mapped:          3391052 kB
Shmem:              5316 kB
KReclaimable:    1860852 kB
Slab:            2379004 kB
SReclaimable:    1860852 kB
SUnreclaim:       518152 kB
KernelStack:       10544 kB
PageTables:        28028 kB
SecPageTables:      8692 kB
NFS_Unstable:          0 kB
Bounce:                0 kB
WritebackTmp:          0 kB
CommitLimit:    74134720 kB
Committed_AS:   160019644 kB
VmallocTotal:   34359738367 kB
VmallocUsed:       36420 kB
VmallocChunk:          0 kB
Percpu:            48896 kB
HardwareCorrupted:     0 kB
AnonHugePages:         0 kB
ShmemHugePages:        0 kB
ShmemPmdMapped:        0 kB
FileHugePages:   2152448 kB
FilePmdMapped:         0 kB
Unaccepted:            0 kB
Balloon:               0 kB
HugePages_Total:       0
HugePages_Free:        0
HugePages_Rsvd:        0
HugePages_Surp:        0
Hugepagesize:       2048 kB
Hugetlb:               0 kB
DirectMap4k:      648000 kB
DirectMap2M:    18862080 kB
DirectMap1G:    114294784 kB

/sys/kernel/mm/transparent_hugepage/enabled: always [madvise] never
/sys/kernel/mm/transparent_hugepage/hpage_pmd_size: 2097152
/sys/kernel/mm/transparent_hugepage/defrag (defrag/compaction efforts parameter): always defer defer+madvise [madvise] never

Process Memory:
Virtual Size: 13620285200K (peak: 13620285200K)
Resident Set Size: 4136464K (peak: 4136464K) (anon: 963076K, file: 3173388K, shmem: 0K)
Swapped out: 0K
C-Heap outstanding allocations: 1412045K, retained: 30738K
glibc malloc tunables: (default)

/proc/sys/kernel/threads-max (system-wide limit on the number of threads): 1026411
/proc/sys/vm/max_map_count (maximum number of memory map areas a process may have): 1048576
/proc/sys/vm/swappiness (control to define how aggressively the kernel swaps out anonymous memory): 60
/proc/sys/kernel/pid_max (system-wide limit on number of process identifiers): 4194304

container information not found.
Steal ticks since vm start: 0
Steal ticks percentage since vm start:  0.000

CPU: total 32 (initial active 32) (32 cores per cpu, 2 threads per core) family 23 model 49 stepping 0 microcode 0x830107c, cx8, cmov, fxsr, ht, mmx, 3dnowpref, sse, sse2, sse3, ssse3, sse4a, sse4.1, sse4.2, popcnt, lzcnt, tsc, tscinvbit, avx, avx2, aes, clmul, bmi1, bmi2, adx, sha, fma, vzeroupper, clflush, clflushopt, rdtscp, rdpid, f16c
CPU Model and flags from /proc/cpuinfo:
model name	: AMD EPYC 7302P 16-Core Processor
flags		: fpu vme de pse tsc msr pae mce cx8 apic sep mtrr pge mca cmov pat pse36 clflush mmx fxsr sse sse2 ht syscall nx mmxext fxsr_opt pdpe1gb rdtscp lm constant_tsc rep_good nopl xtopology nonstop_tsc cpuid extd_apicid aperfmperf rapl pni pclmulqdq monitor ssse3 fma cx16 sse4_1 sse4_2 movbe popcnt aes xsave avx f16c rdrand lahf_lm cmp_legacy svm extapic cr8_legacy abm sse4a misalignsse 3dnowprefetch osvw ibs skinit wdt tce topoext perfctr_core perfctr_nb bpext perfctr_llc mwaitx cpb cat_l3 cdp_l3 hw_pstate ssbd mba ibrs ibpb stibp vmmcall fsgsbase bmi1 avx2 smep bmi2 cqm rdt_a rdseed adx smap clflushopt clwb sha_ni xsaveopt xsavec xgetbv1 xsaves cqm_llc cqm_occup_llc cqm_mbm_total cqm_mbm_local clzero irperf xsaveerptr rdpru wbnoinvd amd_ppin arat npt lbrv svm_lock nrip_save tsc_scale vmcb_clean flushbyasid decodeassists pausefilter pfthreshold avic v_vmsave_vmload vgif v_spec_ctrl umip rdpid overflow_recov succor smca sev sev_es

Online cpus: 0-31
Offline cpus: 
BIOS frequency limitation: <Not Available>
Frequency switch latency (ns): <Not Available>
Available cpu frequencies: <Not Available>
Current governor: <Not Available>
Core performance/turbo boost: <Not Available>

Memory: 4k page, physical 131492232k(123893480k free), swap 8388604k(8388604k free)
Page Sizes: 4k

vm_info: OpenJDK 64-Bit Server VM (21.0.9-internal-adhoc.talzuss.openjdk-mmtk) for linux-amd64 JRE (21.0.9-internal-adhoc.talzuss.openjdk-mmtk), built on 2026-07-06T23:13:08Z by "talzuss" with gcc 13.3.0
heap_info: MMTk OpenJDK 0.32.0 (15c0350-dirty), using MMTk 0.32.0 (06c0b68-dirty, BUILTIN_ENV_LOGGER, DEFAULT, EAGER_SWEEPING, VO_BIT)@

END.
