#
# A fatal error has been detected by the Java Runtime Environment:
#
#  SIGSEGV (0xb) at pc=0x00007ea479e5a6ab, pid=270214, tid=270225
#
# JRE version: OpenJDK Runtime Environment (21.0.9) (build 21.0.9-internal-adhoc.talzuss.openjdk-mmtk)
# Java VM: OpenJDK 64-Bit Server VM (21.0.9-internal-adhoc.talzuss.openjdk-mmtk, mixed mode, sharing, tiered, compressed oops, compressed class ptrs, third-party gc, linux-amd64)
# Problematic frame:
# C  [libmmtk_openjdk.so+0x25a6ab]  _$LT$mmtk_openjdk..abi..InstanceKlass$u20$as$u20$mmtk_openjdk..object_scanning..OopIterate$GT$::oop_iterate::h097bb267290b7635+0xdb
#
# Core dump will be written. Default location: Core dumps may be processed with "/usr/share/apport/apport -p%p -s%s -c%c -d%d -P%P -u%u -g%g -F%F -- %E" (or dumping to /mydata/mmtk-core/core.270214)
#
# If you would like to submit a bug report, please visit:
#   https://bugreport.java.com/bugreport/crash.jsp
#

---------------  S U M M A R Y ------------

Command Line: -XX:+UseThirdPartyHeap -Xms512m -Xmx512m /mydata/dacapo/dacapo-23.11/dacapo-23.11-MR2-chopin.jar xalan -n 3

Host: AMD EPYC 7302P 16-Core Processor, 32 cores, 125G, Ubuntu 24.04.4 LTS
Time: Tue Jul  7 11:32:47 2026 MDT elapsed time: 3.644539 seconds (0d 0h 0m 3s)

---------------  T H R E A D  ---------------

Current thread (0x00007ea47452ed80):  NamedThread "MMTk Collector Thread" [id=270225, stack(0x00007ea4786ff000,0x00007ea4787ff000) (1024K)]

Stack: [0x00007ea4786ff000,0x00007ea4787ff000],  sp=0x00007ea4787fd8c0,  free space=1018k
Native frames: (J=compiled Java code, j=interpreted, Vv=VM code, C=native code)
C  [libmmtk_openjdk.so+0x25a6ab]  _$LT$mmtk_openjdk..abi..InstanceKlass$u20$as$u20$mmtk_openjdk..object_scanning..OopIterate$GT$::oop_iterate::h097bb267290b7635+0xdb

siginfo: si_signo: 11 (SIGSEGV), si_code: 1 (SEGV_MAPERR), si_addr: 0x00000000997cf6c8

Registers:
RAX=0x000071fb1889a698, RBX=0x00007ea4787fdaa0, RCX=0x000071f74303f520, RDX=0x7fffffffffffffff
RSP=0x00007ea4787fd8c0, RBP=0x00000000000071f7, RSI=0x000071f74307ea40, RDI=0x000071f743000000
R8 =0x0000000000000004, R9 =0x0000000000000000, R10=0x0000000000000008, R11=0xbc083f57df4cb0d2
R12=0x0000000056749b18, R13=0x00007ea4787fd9cb, R14=0x00000000997cf6c8, R15=0x000071f74307ec18
RIP=0x00007ea479e5a6ab, EFLAGS=0x0000000000010202, CSGSFS=0x002b000000000033, ERR=0x0000000000000004
  TRAPNO=0x000000000000000e

XMM[0]=0x00000000000002d6 0x00000000000000aa
XMM[1]=0xffffffffffffffff 0x0000000000000001
XMM[2]=0x0000000000000000 0x000000ffff00ff00
XMM[3]=0x0000000000000000 0x0000000000000000
XMM[4]=0x0000000040bda940 0x0000000040bdadc8
XMM[5]=0x0000000040bd8ad8 0x0000000040bd8c08
XMM[6]=0x0000000040bd8b48 0x0000000040bd8f00
XMM[7]=0x00000000413749d0 0x0000000040bd8a20
XMM[8]=0x0000000040bfe750 0x0000000042976040
XMM[9]=0x0000000000000000 0x0000000000000000
XMM[10]=0x3f3f3f3f3f3f3f3f 0x3f3f3f3f3f3f3f3f
XMM[11]=0x9999999999999999 0x9999999999999999
XMM[12]=0x2020202020202020 0x2020202020202020
XMM[13]=0x0000000000000000 0x0000000000000000
XMM[14]=0x0000000000000000 0x0000000000000000
XMM[15]=0x0000000000000000 0x0000000000000000
  MXCSR=0x00001fa2


Register to memory mapping:

RAX=
[error occurred during error reporting (printing register info), id 0xe0000000, Internal Error (/mydata/mmtk-openjdk/openjdk/share/mmtkHeap.cpp:444)]
RBX=
[error occurred during error reporting (printing register info, attempt 2), id 0xe0000000, Internal Error (/mydata/mmtk-openjdk/openjdk/share/mmtkHeap.cpp:444)]
RCX=
[error occurred during error reporting (printing register info, attempt 3), id 0xe0000000, Internal Error (/mydata/mmtk-openjdk/openjdk/share/mmtkHeap.cpp:444)]
Top of Stack: (sp=0x00007ea4787fd8c0)
0x00007ea4787fd8c0:   000000004032b1b0 0000000056749b18
0x00007ea4787fd8d0:   000071fb1889a698 0000000056749b18
0x00007ea4787fd8e0:   0000000056749b18 00007ea4787fd9cb
0x00007ea4787fd8f0:   00007ea4787fdaa0 00007ea4787fd9d0
0x00007ea4787fd900:   0000000000000001 00007ea479eec48b
0x00007ea4787fd910:   00007ea479ffde70 000000004032b1b0
0x00007ea4787fd920:   00007ea4787fda60 00007ea4787fda28
0x00007ea4787fd930:   000071f724005160 000071f724003c80
0x00007ea4787fd940:   0000000000000200 000000004a137000
0x00007ea4787fd950:   00000000000000c6 00007ea479db84ca
0x00007ea4787fd960:   0000000000000000 00007ea479e7527d
0x00007ea4787fd970:   000071f74337bd88 0000000000000040
0x00007ea4787fd980:   000071f74337bb18 0000000056749b18
0x00007ea4787fd990:   00007ea4787fd9d8 00007ea4787fd9cb
0x00007ea4787fd9a0:   00007ea479fd9260 00007ea4787fd9d0
0x00007ea4787fd9b0:   0000000000000001 00007ea479ee4ca8
0x00007ea4787fd9c0:   00000000c0000000 0001000404000000
0x00007ea4787fd9d0:   0000000056749b18 00007ea479fd9260
0x00007ea4787fd9e0:   00007ea4787fd9d0 00007ea4787fd9cc
0x00007ea4787fd9f0:   00007ea4787fd9cd 00007ea4787fd9ce
0x00007ea4787fda00:   00007ea4787fd9cb 00007ea4743df960
0x00007ea4787fda10:   00007ea4787fdaa0 00007ea4787fdaa0
0x00007ea4787fda20:   000000000010d2b8 000000000002cfa0
0x00007ea4787fda30:   000071f718022370 0000000000040000
0x00007ea4787fda40:   0000000000021a57 00007ea479eed3a0
0x00007ea4787fda50:   00007ea474070500 00007ea474070200
0x00007ea4787fda60:   00007ea47406ff00 000071f718022370
0x00007ea4787fda70:   0000000000040000 0000000000021a57
0x00007ea4787fda80:   00007ea47452b610 00007ea4743df960
0x00007ea4787fda90:   0000000000000000 00007ea479eed2a2
0x00007ea4787fdaa0:   0000000000002000 000071f72402ab90
0x00007ea4787fdab0:   000000000000127b 8000000000000000 

Instructions: (pc=0x00007ea479e5a6ab)
0x00007ea479e5a5ab:   1a 00 ff 90 80 00 00 00 89 03 5b c3 48 8d 3d 5a
0x00007ea479e5a5bb:   fc 17 00 e8 2d 95 f3 ff cc cc cc cc cc cc cc cc
0x00007ea479e5a5cb:   cc cc cc cc cc 55 41 57 41 56 41 55 41 54 53 48
0x00007ea479e5a5db:   83 ec 18 48 89 74 24 08 48 63 87 28 01 00 00 48
0x00007ea479e5a5eb:   85 c0 0f 84 36 01 00 00 48 89 d3 48 63 8f ac 00
0x00007ea479e5a5fb:   00 00 48 8d 0c cf 48 63 97 2c 01 00 00 48 8d 34
0x00007ea479e5a60b:   d1 4c 8d bc d1 d8 01 00 00 48 8d 04 c6 48 05 d8
0x00007ea479e5a61b:   01 00 00 48 89 44 24 10 48 ba ff ff ff ff ff ff
0x00007ea479e5a62b:   ff 7f eb 10 90 49 83 c7 08 4c 3b 7c 24 10 0f 84
0x00007ea479e5a63b:   ea 00 00 00 41 8b 6f 04 48 85 ed 74 e8 4d 63 37
0x00007ea479e5a64b:   4c 03 74 24 08 eb 54 ba 00 10 00 00 b9 08 00 00
0x00007ea479e5a65b:   00 41 b8 08 00 00 00 48 89 df 31 f6 e8 84 4b 09
0x00007ea479e5a66b:   00 48 ba ff ff ff ff ff ff ff 7f 48 8b 03 4c 8b
0x00007ea479e5a67b:   6b 10 0f 1f 00 49 39 c5 74 76 48 8b 43 08 4e 89
0x00007ea479e5a68b:   24 e8 49 ff c5 4c 89 6b 10 49 81 fd 01 20 00 00
0x00007ea479e5a69b:   73 75 49 83 c6 04 48 ff cd 74 8a 4d 85 f6 78 25
0x00007ea479e5a6ab:   45 8b 26 4d 85 e4 74 ea 48 8b 05 86 4e 1a 00 48
0x00007ea479e5a6bb:   8b 0d 87 4e 1a 00 49 d3 e4 49 01 c4 eb 15 0f 1f
0x00007ea479e5a6cb:   80 00 00 00 00 4c 89 f0 48 21 d0 4c 8b 20 4d 85
0x00007ea479e5a6db:   e4 74 bf 48 8b 03 4c 8b 6b 10 4d 85 ed 75 96 48
0x00007ea479e5a6eb:   3d ff 0f 00 00 0f 86 5c ff ff ff 45 31 ed eb 85
0x00007ea479e5a6fb:   48 89 df e8 8d dd f5 ff 48 ba ff ff ff ff ff ff
0x00007ea479e5a70b:   ff 7f e9 73 ff ff ff 48 89 df e8 d6 2d 09 00 48
0x00007ea479e5a71b:   ba ff ff ff ff ff ff ff 7f e9 74 ff ff ff 48 83
0x00007ea479e5a72b:   c4 18 5b 41 5c 41 5d 41 5e 41 5f 5d c3 cc cc cc
0x00007ea479e5a73b:   cc cc cc cc cc 55 41 57 41 56 41 55 41 54 53 50
0x00007ea479e5a74b:   48 89 34 24 48 63 87 28 01 00 00 48 85 c0 0f 84
0x00007ea479e5a75b:   c8 00 00 00 48 89 d3 48 63 8f ac 00 00 00 48 8d
0x00007ea479e5a76b:   0c cf 48 63 97 2c 01 00 00 48 8d 34 d1 4c 8d 3c
0x00007ea479e5a77b:   d1 49 81 c7 d8 01 00 00 4c 8d 24 c6 49 81 c4 d8
0x00007ea479e5a78b:   01 00 00 eb 0d 49 83 c7 08 4d 39 e7 0f 84 8a 00
0x00007ea479e5a79b:   00 00 45 8b 6f 04 4d 85 ed 74 ea 49 63 2f 48 03 


Stack slot to memory mapping:

stack at sp + 0 slots: 
[error occurred during error reporting (inspecting top of stack), id 0xe0000000, Internal Error (/mydata/mmtk-openjdk/openjdk/share/mmtkHeap.cpp:444)]
stack at sp + 1 slots: 
[error occurred during error reporting (inspecting top of stack, attempt 2), id 0xe0000000, Internal Error (/mydata/mmtk-openjdk/openjdk/share/mmtkHeap.cpp:444)]
stack at sp + 2 slots: 
[error occurred during error reporting (inspecting top of stack, attempt 3), id 0xe0000000, Internal Error (/mydata/mmtk-openjdk/openjdk/share/mmtkHeap.cpp:444)]

---------------  P R O C E S S  ---------------

Threads class SMR info:
_java_thread_list=0x000071f6bc10cf20, length=56, elements={
0x00007ea47402b240, 0x00007ea474526750, 0x00007ea474527fe0, 0x00007ea474529ad0,
0x00007ea474548320, 0x00007ea474549c70, 0x00007ea47454b530, 0x00007ea47454d370,
0x00007ea474556d40, 0x000071f6bc045870, 0x000071f6b0001710, 0x00007ea4745a5f40,
0x00007ea4745a8f40, 0x000071f6bc0631c0, 0x000071f6b404c4e0, 0x000071f6b404db50,
0x000071f6a001af10, 0x00007ea4747d8ca0, 0x00007ea4747d96c0, 0x00007ea4747e0db0,
0x00007ea4747e1cc0, 0x00007ea4747e3020, 0x00007ea4747e43c0, 0x00007ea4747e5830,
0x00007ea4747e6d70, 0x00007ea4747e8140, 0x00007ea4747e95f0, 0x00007ea4747eab80,
0x00007ea4747ec110, 0x00007ea4747ed5c0, 0x00007ea4747eea70, 0x00007ea4743e1240,
0x00007ea4743e20e0, 0x00007ea4743e3920, 0x00007ea4745cf570, 0x00007ea4745d0a10,
0x00007ea4745d1fe0, 0x00007ea4745d35c0, 0x00007ea4745d4ba0, 0x00007ea4745d6040,
0x00007ea4745d78d0, 0x00007ea4745d9570, 0x00007ea4745dadc0, 0x00007ea4745dc610,
0x00007ea4745ddd70, 0x00007ea4745df600, 0x00007ea4745e1010, 0x00007ea4743d3ff0,
0x00007ea4743d5770, 0x000071f6bc0e3fe0, 0x000071f698075770, 0x000071f698076f00,
0x000071f698078ed0, 0x000071f6bc0e58c0, 0x000071f6a40d93e0, 0x000071f6bc10bd10
}

Java Threads: ( => current thread )
  0x00007ea47402b240 JavaThread "main"                              [_thread_blocked, id=270215, stack(0x00007ea47a100000,0x00007ea47a200000) (1024K)]
  0x00007ea474526750 JavaThread "Reference Handler"          daemon [_thread_blocked, id=270221, stack(0x00007ea478b00000,0x00007ea478c00000) (1024K)]
  0x00007ea474527fe0 JavaThread "Finalizer"                  daemon [_thread_blocked, id=270222, stack(0x00007ea478a00000,0x00007ea478b00000) (1024K)]
  0x00007ea474529ad0 JavaThread "MMTk Finalizer Thread"      daemon [_thread_blocked, id=270223, stack(0x00007ea478900000,0x00007ea478a00000) (1024K)]
  0x00007ea474548320 JavaThread "Signal Dispatcher"          daemon [_thread_blocked, id=270247, stack(0x000071f7425f7000,0x000071f7426f7000) (1024K)]
  0x00007ea474549c70 JavaThread "Service Thread"             daemon [_thread_blocked, id=270248, stack(0x000071f7424f7000,0x000071f7425f7000) (1024K)]
  0x00007ea47454b530 JavaThread "Monitor Deflation Thread"   daemon [_thread_blocked, id=270249, stack(0x000071f7423f7000,0x000071f7424f7000) (1024K)]
  0x00007ea47454d370 JavaThread "C2 CompilerThread0"         daemon [_thread_in_native, id=270250, stack(0x000071f7422f7000,0x000071f7423f7000) (1024K)]
  0x00007ea474556d40 JavaThread "C1 CompilerThread0"         daemon [_thread_blocked, id=270251, stack(0x000071f7421f7000,0x000071f7422f7000) (1024K)]
  0x000071f6bc045870 JavaThread "C1 CompilerThread1"         daemon [_thread_blocked, id=270252, stack(0x000071f7420f7000,0x000071f7421f7000) (1024K)]
  0x000071f6b0001710 JavaThread "C1 CompilerThread2"         daemon [_thread_blocked, id=270253, stack(0x000071f741ff7000,0x000071f7420f7000) (1024K)]
  0x00007ea4745a5f40 JavaThread "Notification Thread"        daemon [_thread_blocked, id=270254, stack(0x000071f741ef7000,0x000071f741ff7000) (1024K)]
  0x00007ea4745a8f40 JavaThread "Common-Cleaner"             daemon [_thread_blocked, id=270255, stack(0x000071f741df7000,0x000071f741ef7000) (1024K)]
  0x000071f6bc0631c0 JavaThread "C2 CompilerThread1"         daemon [_thread_in_native, id=270256, stack(0x000071f741cf7000,0x000071f741df7000) (1024K)]
  0x000071f6b404c4e0 JavaThread "C1 CompilerThread3"         daemon [_thread_blocked, id=270257, stack(0x000071f741bf7000,0x000071f741cf7000) (1024K)]
  0x000071f6b404db50 JavaThread "C1 CompilerThread4"         daemon [_thread_blocked, id=270258, stack(0x000071f741af7000,0x000071f741bf7000) (1024K)]
  0x000071f6a001af10 JavaThread "C2 CompilerThread2"         daemon [_thread_in_native, id=270259, stack(0x000071f7419f7000,0x000071f741af7000) (1024K)]
  0x00007ea4747d8ca0 JavaThread "Thread-0"                          [_thread_blocked, id=270261, stack(0x000071f7416f6000,0x000071f7417f6000) (1024K)]
  0x00007ea4747d96c0 JavaThread "Thread-1"                          [_thread_blocked, id=270262, stack(0x000071f7415f6000,0x000071f7416f6000) (1024K)]
  0x00007ea4747e0db0 JavaThread "Thread-2"                          [_thread_blocked, id=270263, stack(0x000071f7414f6000,0x000071f7415f6000) (1024K)]
  0x00007ea4747e1cc0 JavaThread "Thread-3"                          [_thread_blocked, id=270264, stack(0x000071f7413f6000,0x000071f7414f6000) (1024K)]
  0x00007ea4747e3020 JavaThread "Thread-4"                          [_thread_blocked, id=270265, stack(0x000071f7412f6000,0x000071f7413f6000) (1024K)]
  0x00007ea4747e43c0 JavaThread "Thread-5"                          [_thread_blocked, id=270266, stack(0x000071f7411f6000,0x000071f7412f6000) (1024K)]
  0x00007ea4747e5830 JavaThread "Thread-6"                          [_thread_blocked, id=270267, stack(0x000071f7410f6000,0x000071f7411f6000) (1024K)]
  0x00007ea4747e6d70 JavaThread "Thread-7"                          [_thread_blocked, id=270268, stack(0x000071f740ff6000,0x000071f7410f6000) (1024K)]
  0x00007ea4747e8140 JavaThread "Thread-8"                          [_thread_blocked, id=270269, stack(0x000071f740ef6000,0x000071f740ff6000) (1024K)]
  0x00007ea4747e95f0 JavaThread "Thread-9"                          [_thread_blocked, id=270270, stack(0x000071f740df6000,0x000071f740ef6000) (1024K)]
  0x00007ea4747eab80 JavaThread "Thread-10"                         [_thread_blocked, id=270271, stack(0x000071f740cf6000,0x000071f740df6000) (1024K)]
  0x00007ea4747ec110 JavaThread "Thread-11"                         [_thread_blocked, id=270272, stack(0x000071f740bf6000,0x000071f740cf6000) (1024K)]
  0x00007ea4747ed5c0 JavaThread "Thread-12"                         [_thread_blocked, id=270273, stack(0x000071f740af6000,0x000071f740bf6000) (1024K)]
  0x00007ea4747eea70 JavaThread "Thread-13"                         [_thread_blocked, id=270274, stack(0x000071f7409f6000,0x000071f740af6000) (1024K)]
  0x00007ea4743e1240 JavaThread "Thread-14"                         [_thread_blocked, id=270275, stack(0x000071f7417f7000,0x000071f7419f7000) (2048K)]
  0x00007ea4743e20e0 JavaThread "Thread-15"                         [_thread_blocked, id=270276, stack(0x000071f7408f6000,0x000071f7409f6000) (1024K)]
  0x00007ea4743e3920 JavaThread "Thread-16"                         [_thread_blocked, id=270277, stack(0x000071f7407f6000,0x000071f7408f6000) (1024K)]
  0x00007ea4745cf570 JavaThread "Thread-17"                         [_thread_blocked, id=270278, stack(0x000071f7406f6000,0x000071f7407f6000) (1024K)]
  0x00007ea4745d0a10 JavaThread "Thread-18"                         [_thread_blocked, id=270279, stack(0x000071f7405f6000,0x000071f7406f6000) (1024K)]
  0x00007ea4745d1fe0 JavaThread "Thread-19"                         [_thread_blocked, id=270280, stack(0x000071f7404f6000,0x000071f7405f6000) (1024K)]
  0x00007ea4745d35c0 JavaThread "Thread-20"                         [_thread_blocked, id=270281, stack(0x000071f7403f6000,0x000071f7404f6000) (1024K)]
  0x00007ea4745d4ba0 JavaThread "Thread-21"                         [_thread_blocked, id=270282, stack(0x000071f7402f6000,0x000071f7403f6000) (1024K)]
  0x00007ea4745d6040 JavaThread "Thread-22"                         [_thread_blocked, id=270283, stack(0x000071f7401f6000,0x000071f7402f6000) (1024K)]
  0x00007ea4745d78d0 JavaThread "Thread-23"                         [_thread_blocked, id=270284, stack(0x000071f7400f6000,0x000071f7401f6000) (1024K)]
  0x00007ea4745d9570 JavaThread "Thread-24"                         [_thread_blocked, id=270285, stack(0x000071f637f00000,0x000071f638000000) (1024K)]
  0x00007ea4745dadc0 JavaThread "Thread-25"                         [_thread_blocked, id=270286, stack(0x000071f637e00000,0x000071f637f00000) (1024K)]
  0x00007ea4745dc610 JavaThread "Thread-26"                         [_thread_blocked, id=270287, stack(0x000071f637d00000,0x000071f637e00000) (1024K)]
  0x00007ea4745ddd70 JavaThread "Thread-27"                         [_thread_blocked, id=270288, stack(0x000071f637c00000,0x000071f637d00000) (1024K)]
  0x00007ea4745df600 JavaThread "Thread-28"                         [_thread_blocked, id=270289, stack(0x000071f637b00000,0x000071f637c00000) (1024K)]
  0x00007ea4745e1010 JavaThread "Thread-29"                         [_thread_blocked, id=270290, stack(0x000071f637a00000,0x000071f637b00000) (1024K)]
  0x00007ea4743d3ff0 JavaThread "Thread-30"                         [_thread_blocked, id=270291, stack(0x000071f637900000,0x000071f637a00000) (1024K)]
  0x00007ea4743d5770 JavaThread "Thread-31"                         [_thread_blocked, id=270292, stack(0x000071f637800000,0x000071f637900000) (1024K)]
  0x000071f6bc0e3fe0 JavaThread "C2 CompilerThread3"         daemon [_thread_blocked, id=270293, stack(0x000071f637700000,0x000071f637800000) (1024K)]
  0x000071f698075770 JavaThread "C2 CompilerThread4"         daemon [_thread_blocked, id=270294, stack(0x000071f637600000,0x000071f637700000) (1024K)]
  0x000071f698076f00 JavaThread "C2 CompilerThread5"         daemon [_thread_blocked, id=270295, stack(0x000071f637500000,0x000071f637600000) (1024K)]
  0x000071f698078ed0 JavaThread "C2 CompilerThread6"         daemon [_thread_blocked, id=270296, stack(0x000071f637400000,0x000071f637500000) (1024K)]
  0x000071f6bc0e58c0 JavaThread "C2 CompilerThread7"         daemon [_thread_blocked, id=270297, stack(0x000071f637300000,0x000071f637400000) (1024K)]
  0x000071f6a40d93e0 JavaThread "C2 CompilerThread8"         daemon [_thread_blocked, id=270298, stack(0x000071f637200000,0x000071f637300000) (1024K)]
  0x000071f6bc10bd10 JavaThread "C2 CompilerThread9"         daemon [_thread_blocked, id=270299, stack(0x000071f637100000,0x000071f637200000) (1024K)]
Total: 56

Other Threads:
  0x00007ea47451b2a0 VMThread "VM Thread"                           [id=270220, stack(0x00007ea478efd000,0x00007ea478ffd000) (1024K)]
  0x00007ea474508ef0 WatcherThread "VM Periodic Task Thread"        [id=270219, stack(0x00007ea478ffe000,0x00007ea4790fe000) (1024K)]

=>0x00007ea47452ed80 (exited) NamedThread "MMTk Collector Thread"   [id=270225, stack(0x00007ea4786ff000,0x00007ea4787ff000) (1024K)]
Total: 3

Threads with active compile tasks:
C2 CompilerThread0  3648 3203   !   4       org.apache.xalan.templates.ElemNumber::execute (99 bytes)
C2 CompilerThread1  3648 3294       4       org.apache.xpath.compiler.Lexer::tokenize (1103 bytes)
C2 CompilerThread2  3648 3258       4       org.apache.xalan.templates.ElemNumber::getCountString (247 bytes)
C2 CompilerThread3  3648 2983       4       org.apache.xalan.transformer.CountersTable::countNode (300 bytes)
C2 CompilerThread4  3648 3282       4       jdk.internal.loader.BuiltinClassLoader::findResourceOnClassPath (41 bytes)
C2 CompilerThread5  3648 3303       4       java.util.Properties::enumerate (74 bytes)
C2 CompilerThread6  3648 3193   !   4       org.apache.xalan.transformer.TransformerImpl::transformNode (489 bytes)
C2 CompilerThread7  3648 3283       4       jdk.internal.module.Resources::toPackageName (39 bytes)
C2 CompilerThread8  3648 3281   !   4       jdk.internal.loader.BuiltinClassLoader::findMiscResource (122 bytes)
C2 CompilerThread9  3648 3295       4       java.lang.ClassLoader::getResource (41 bytes)
Total: 10

VM state: at safepoint (normal execution)

VM Mutex/Monitor currently owned by a thread:  ([mutex/lock_event])
[0x00007ea47b7580d0] Threads_lock - owner thread: 0x00007ea47451b2a0
[0x00007ea47b757fd0] Heap_lock - owner thread: 0x00007ea4743e48a0

Heap address: 0x0000000040000000, size: 3072 MB, Compressed Oops mode: 32-bit

CDS archive(s) mapped at: [0x000071f743000000-0x000071f743ca3000-0x000071f743ca3000), size 13250560, SharedBaseAddress: 0x000071f743000000, ArchiveRelocationMode: 1.
Compressed class space mapped at: 0x000071f744000000-0x000071f784000000, reserved size: 1073741824
Narrow klass base: 0x000071f743000000, Narrow klass shift: 0, Narrow klass range: 0x100000000

GC Precious Log:
<Empty>

Heap:

[error occurred during error reporting (printing heap information), id 0xe0000000, Internal Error (/mydata/mmtk-openjdk/openjdk/share/mmtkHeap.cpp:424)]
Metaspace:

Usage:
  Non-class:      7.10 MB used.
      Class:    965.48 KB used.
       Both:      8.04 MB used.

Virtual space:
  Non-class space:       64.00 MB reserved,       7.25 MB ( 11%) committed,  1 nodes.
      Class space:        1.00 GB reserved,       1.06 MB ( <1%) committed,  1 nodes.
             Both:        1.06 GB reserved,       8.31 MB ( <1%) committed. 

Chunk freelists:
   Non-Class:  7.28 MB
       Class:  14.99 MB
        Both:  22.28 MB

MaxMetaspaceSize: unlimited
CompressedClassSpaceSize: 1.00 GB
Initial GC threshold: 21.00 MB
Current GC threshold: 21.00 MB
CDS: on
 - commit_granule_bytes: 65536.
 - commit_granule_words: 8192.
 - virtual_space_node_default_size: 8388608.
 - enlarge_chunks_in_place: 1.
 - use_allocation_guard: 0.


Internal statistics:

num_allocs_failed_limit: 0.
num_arena_births: 118.
num_arena_deaths: 0.
num_vsnodes_births: 2.
num_vsnodes_deaths: 0.
num_space_committed: 133.
num_space_uncommitted: 0.
num_chunks_returned_to_freelist: 0.
num_chunks_taken_from_freelist: 370.
num_chunk_merges: 0.
num_chunk_splits: 260.
num_chunks_enlarged: 205.
num_inconsistent_stats: 0.

CodeHeap 'non-profiled nmethods': size=118880Kb used=2941Kb max_used=2941Kb free=115938Kb
 bounds [0x00007ea4643e8000, 0x00007ea4646c8000, 0x00007ea46b800000]
CodeHeap 'profiled nmethods': size=118876Kb used=6967Kb max_used=6967Kb free=111908Kb
 bounds [0x00007ea45c800000, 0x00007ea45ced0000, 0x00007ea463c17000]
CodeHeap 'non-nmethods': size=8004Kb used=3463Kb max_used=3571Kb free=4540Kb
 bounds [0x00007ea463c17000, 0x00007ea463fa7000, 0x00007ea4643e8000]
CodeCache: size=245760Kb, used=13371Kb, max_used=13479Kb, free=232386Kb
 total_blobs=3737, nmethods=3255, adapters=381, full_count=0
Compilation: enabled, stopped_count=0, restarted_count=0

Compilation events (20 events):
Event: 3.608 Thread 0x000071f6a40d93e0 3290       4       org.apache.xpath.axes.WalkingIterator::clone (31 bytes)
Event: 3.612 Thread 0x000071f6b404c4e0 3305       3       org.apache.xpath.axes.SelfIteratorNoPredicate::<init> (6 bytes)
Event: 3.615 Thread 0x000071f698076f00 nmethod 3271 0x00007ea4646abb10 code [0x00007ea4646abd40, 0x00007ea4646ac5a8]
Event: 3.615 Thread 0x000071f698076f00 3303       4       java.util.Properties::enumerate (74 bytes)
Event: 3.615 Thread 0x000071f6a40d93e0 nmethod 3290 0x00007ea4646ace90 code [0x00007ea4646ad0a0, 0x00007ea4646ad770]
Event: 3.615 Thread 0x000071f6a40d93e0 3301       4       org.apache.xpath.XPathContext::pushCurrentNodeAndExpression (19 bytes)
Event: 3.615 Thread 0x000071f6b404c4e0 nmethod 3305 0x00007ea45cecd990 code [0x00007ea45cecdb40, 0x00007ea45cecdc88]
Event: 3.616 Thread 0x000071f698075770 nmethod 3128 0x00007ea4646adc90 code [0x00007ea4646adea0, 0x00007ea4646ae918]
Event: 3.617 Thread 0x000071f6bc0e58c0 nmethod 3266 0x00007ea4646aef10 code [0x00007ea4646af1e0, 0x00007ea4646afa80]
Event: 3.617 Thread 0x000071f6bc0e58c0 3291       4       org.apache.xpath.axes.FilterExprWalker::clone (32 bytes)
Event: 3.618 Thread 0x000071f698075770 3263       4       java.util.zip.Inflater::ensureOpen (47 bytes)
Event: 3.629 Thread 0x000071f6a40d93e0 nmethod 3301 0x00007ea4646b0390 code [0x00007ea4646b0560, 0x00007ea4646b0d58]
Event: 3.629 Thread 0x000071f6a40d93e0 3281   !   4       jdk.internal.loader.BuiltinClassLoader::findMiscResource (122 bytes)
Event: 3.629 Thread 0x000071f698075770 nmethod 3263 0x00007ea4646b0f90 code [0x00007ea4646b1120, 0x00007ea4646b11f0]
Event: 3.629 Thread 0x000071f698075770 3282       4       jdk.internal.loader.BuiltinClassLoader::findResourceOnClassPath (41 bytes)
Event: 3.630 Thread 0x000071f6bc0e58c0 nmethod 3291 0x00007ea4646b1290 code [0x00007ea4646b1420, 0x00007ea4646b15b8]
Event: 3.630 Thread 0x000071f6bc0e58c0 3283       4       jdk.internal.module.Resources::toPackageName (39 bytes)
Event: 3.630 Thread 0x000071f6bc10bd10 nmethod 3239 0x00007ea4646b1710 code [0x00007ea4646b1a40, 0x00007ea4646b3ab0]
Event: 3.630 Thread 0x000071f6bc10bd10 3295       4       java.lang.ClassLoader::getResource (41 bytes)
Event: 3.634 Thread 0x000071f6bc0e3fe0 nmethod 2983 0x00007ea4646b4b90 code [0x00007ea4646b5640, 0x00007ea4646c17d8]

GC Heap History (0 events):
No events

Dll operation events (7 events):
Event: 0.001 Loaded shared library /mydata/openjdk-mmtk/build/b0test/images/jdk/lib/libjava.so
Event: 2.237 Loaded shared library /mydata/openjdk-mmtk/build/b0test/images/jdk/lib/libjsvml.so
Event: 2.250 Loaded shared library /mydata/openjdk-mmtk/build/b0test/images/jdk/lib/libnio.so
Event: 2.253 Loaded shared library /mydata/openjdk-mmtk/build/b0test/images/jdk/lib/libzip.so
Event: 2.266 Loaded shared library /mydata/openjdk-mmtk/build/b0test/images/jdk/lib/libjimage.so
Event: 2.293 Loaded shared library /mydata/openjdk-mmtk/build/b0test/images/jdk/lib/libnet.so
Event: 2.406 Loaded shared library /mydata/openjdk-mmtk/build/b0test/images/jdk/lib/libverify.so

Deoptimization events (20 events):
Event: 3.607 Thread 0x00007ea4743e3920 Uncommon trap: trap_request=0xffffffbe fr.pc=0x00007ea4646a97cc relative=0x000000000000268c
Event: 3.607 Thread 0x00007ea4743e3920 Uncommon trap: reason=profile_predicate action=maybe_recompile pc=0x00007ea4646a97cc method=java.util.concurrent.ConcurrentHashMap$Traverser.advance()Ljava/util/concurrent/ConcurrentHashMap$Node; @ 15 c2
Event: 3.607 Thread 0x00007ea4743e3920 DEOPT PACKING pc=0x00007ea4646a97cc sp=0x000071f7408f4460
Event: 3.607 Thread 0x00007ea4743e3920 DEOPT UNPACKING pc=0x00007ea463c6a399 sp=0x000071f7408f4138 mode 2
Event: 3.607 Thread 0x00007ea4747d96c0 Uncommon trap: trap_request=0xffffffbe fr.pc=0x00007ea4646a97cc relative=0x000000000000268c
Event: 3.607 Thread 0x00007ea4747d96c0 Uncommon trap: reason=profile_predicate action=maybe_recompile pc=0x00007ea4646a97cc method=java.util.concurrent.ConcurrentHashMap$Traverser.advance()Ljava/util/concurrent/ConcurrentHashMap$Node; @ 15 c2
Event: 3.607 Thread 0x00007ea4747e8140 Uncommon trap: trap_request=0xffffffbe fr.pc=0x00007ea4646a97cc relative=0x000000000000268c
Event: 3.607 Thread 0x00007ea4747e8140 Uncommon trap: reason=profile_predicate action=maybe_recompile pc=0x00007ea4646a97cc method=java.util.concurrent.ConcurrentHashMap$Traverser.advance()Ljava/util/concurrent/ConcurrentHashMap$Node; @ 15 c2
Event: 3.607 Thread 0x00007ea4747d96c0 DEOPT PACKING pc=0x00007ea4646a97cc sp=0x000071f7416f4460
Event: 3.607 Thread 0x00007ea4747e8140 DEOPT PACKING pc=0x00007ea4646a97cc sp=0x000071f740ff4460
Event: 3.607 Thread 0x00007ea4747e8140 DEOPT UNPACKING pc=0x00007ea463c6a399 sp=0x000071f740ff4138 mode 2
Event: 3.607 Thread 0x00007ea4747d96c0 DEOPT UNPACKING pc=0x00007ea463c6a399 sp=0x000071f7416f4138 mode 2
Event: 3.607 Thread 0x00007ea4743e20e0 Uncommon trap: trap_request=0xffffffbe fr.pc=0x00007ea4646a97cc relative=0x000000000000268c
Event: 3.607 Thread 0x00007ea4743e20e0 Uncommon trap: reason=profile_predicate action=maybe_recompile pc=0x00007ea4646a97cc method=java.util.concurrent.ConcurrentHashMap$Traverser.advance()Ljava/util/concurrent/ConcurrentHashMap$Node; @ 15 c2
Event: 3.607 Thread 0x00007ea4743e20e0 DEOPT PACKING pc=0x00007ea4646a97cc sp=0x000071f7409f4460
Event: 3.607 Thread 0x00007ea4743e20e0 DEOPT UNPACKING pc=0x00007ea463c6a399 sp=0x000071f7409f4138 mode 2
Event: 3.609 Thread 0x00007ea4747e0db0 DEOPT PACKING pc=0x00007ea45cd6b1a6 sp=0x000071f7415f4560
Event: 3.609 Thread 0x00007ea4747e0db0 DEOPT UNPACKING pc=0x00007ea463c6ab2f sp=0x000071f7415f3b48 mode 0
Event: 3.615 Thread 0x00007ea4747e8140 DEOPT PACKING pc=0x00007ea45cd6b1a6 sp=0x000071f740ff4560
Event: 3.615 Thread 0x00007ea4747e8140 DEOPT UNPACKING pc=0x00007ea463c6ab2f sp=0x000071f740ff3b48 mode 0

Classes loaded (20 events):
Event: 2.648 Loading class java/util/ResourceBundle$KeyElementReference
Event: 2.648 Loading class java/util/ResourceBundle$CacheKeyReference
Event: 2.648 Loading class java/util/ResourceBundle$CacheKeyReference done
Event: 2.648 Loading class java/util/ResourceBundle$KeyElementReference done
Event: 2.648 Loading class java/util/ResourceBundle$Control$2
Event: 2.648 Loading class java/util/ResourceBundle$Control$2 done
Event: 2.649 Loading class sun/util/PropertyResourceBundleCharset
Event: 2.649 Loading class sun/util/PropertyResourceBundleCharset done
Event: 2.649 Loading class sun/util/PropertyResourceBundleCharset$PropertiesFileDecoder
Event: 2.649 Loading class sun/util/PropertyResourceBundleCharset$PropertiesFileDecoder done
Event: 2.650 Loading class java/util/ResourceBundle$BundleReference
Event: 2.650 Loading class java/util/ResourceBundle$BundleReference done
Event: 2.651 Loading class sun/util/ResourceBundleEnumeration
Event: 2.651 Loading class sun/util/ResourceBundleEnumeration done
Event: 2.659 Loading class sun/nio/cs/ISO_8859_1$Encoder
Event: 2.659 Loading class sun/nio/cs/ISO_8859_1$Encoder done
Event: 2.686 Loading class java/util/ResourceBundle$Control$1
Event: 2.686 Loading class java/util/ResourceBundle$Control$1 done
Event: 2.710 Loading class java/lang/foreign/MemorySegment
Event: 2.710 Loading class java/lang/foreign/MemorySegment done

Classes unloaded (0 events):
No events

Classes redefined (0 events):
No events

Internal exceptions (17 events):
Event: 2.260 Thread 0x00007ea47402b240 Exception <a 'java/lang/NoSuchMethodError'{0x0000000040334090}: 'java.lang.Object java.lang.invoke.DirectMethodHandle$Holder.newInvokeSpecial(java.lang.Object, int, java.lang.Object)'> (0x0000000040334090) 
thrown [src/hotspot/share/interpreter/linkResolver.cpp, line 772]
Event: 2.269 Thread 0x00007ea47402b240 Exception <a 'java/lang/NoSuchMethodError'{0x00000000402f9e28}: 'void java.lang.invoke.DirectMethodHandle$Holder.invokeStatic(java.lang.Object, java.lang.Object)'> (0x00000000402f9e28) 
thrown [src/hotspot/share/interpreter/linkResolver.cpp, line 772]
Event: 2.270 Thread 0x00007ea47402b240 Exception <a 'java/lang/NoSuchMethodError'{0x00000000402fd820}: 'void java.lang.invoke.DirectMethodHandle$Holder.invokeSpecial(java.lang.Object, java.lang.Object, java.lang.Object)'> (0x00000000402fd820) 
thrown [src/hotspot/share/interpreter/linkResolver.cpp, line 772]
Event: 2.327 Thread 0x00007ea47402b240 Exception <a 'java/lang/NoSuchMethodError'{0x00000000401b5c58}: 'void java.lang.invoke.DirectMethodHandle$Holder.invokeVirtual(java.lang.Object, java.lang.Object)'> (0x00000000401b5c58) 
thrown [src/hotspot/share/interpreter/linkResolver.cpp, line 772]
Event: 2.332 Thread 0x00007ea47402b240 Exception <a 'java/io/FileNotFoundException'{0x000000004018ec38}> (0x000000004018ec38) 
thrown [src/hotspot/share/prims/jni.cpp, line 520]
Event: 2.343 Thread 0x00007ea47402b240 Exception <a 'java/lang/NoSuchMethodError'{0x0000000040119828}: 'java.lang.Object java.lang.invoke.Invokers$Holder.invokeExact_MT(java.lang.Object, java.lang.Object, java.lang.Object, java.lang.Object, java.lang.Object)'> (0x0000000040119828) 
thrown [src/hotspot/share/interpreter/linkResolver.cpp, line 772]
Event: 2.527 Thread 0x00007ea47402b240 Exception <a 'java/lang/NoSuchMethodError'{0x0000000040eaa470}: 'void java.lang.invoke.DirectMethodHandle$Holder.invokeVirtual(java.lang.Object, java.lang.Object, int)'> (0x0000000040eaa470) 
thrown [src/hotspot/share/interpreter/linkResolver.cpp, line 772]
Event: 2.527 Thread 0x00007ea47402b240 Exception <a 'java/lang/NoSuchMethodError'{0x0000000040eaeb98}: 'int java.lang.invoke.DirectMethodHandle$Holder.invokeSpecial(java.lang.Object, java.lang.Object, java.lang.Object, int)'> (0x0000000040eaeb98) 
thrown [src/hotspot/share/interpreter/linkResolver.cpp, line 772]
Event: 2.529 Thread 0x00007ea47402b240 Exception <a 'java/lang/NoSuchMethodError'{0x0000000040e91838}: 'java.lang.Object java.lang.invoke.DirectMethodHandle$Holder.invokeStatic(java.lang.Object, java.lang.Object, java.lang.Object, java.lang.Object, int)'> (0x0000000040e91838) 
thrown [src/hotspot/share/interpreter/linkResolver.cpp, line 772]
Event: 2.529 Thread 0x00007ea47402b240 Exception <a 'java/lang/NoSuchMethodError'{0x0000000040e8ca40}: 'void java.lang.invoke.DelegatingMethodHandle$Holder.reinvoke_L(java.lang.Object, java.lang.Object, int)'> (0x0000000040e8ca40) 
thrown [src/hotspot/share/interpreter/linkResolver.cpp, line 772]
Event: 2.530 Thread 0x00007ea47402b240 Exception <a 'java/lang/NoSuchMethodError'{0x0000000040e837a0}: 'int java.lang.invoke.DirectMethodHandle$Holder.invokeSpecial(java.lang.Object, java.lang.Object, java.lang.Object)'> (0x0000000040e837a0) 
thrown [src/hotspot/share/interpreter/linkResolver.cpp, line 772]
Event: 2.601 Thread 0x00007ea47402b240 Exception <a 'java/lang/NoSuchMethodError'{0x00000000413b6268}: 'void java.lang.invoke.DelegatingMethodHandle$Holder.reinvoke_L(java.lang.Object, java.lang.Object, int, int)'> (0x00000000413b6268) 
thrown [src/hotspot/share/interpreter/linkResolver.cpp, line 772]
Event: 2.646 Thread 0x00007ea4747e1cc0 Exception <a 'java/lang/NoSuchMethodError'{0x0000000040979218}: 'java.lang.Object java.lang.invoke.DirectMethodHandle$Holder.invokeInterface(java.lang.Object, java.lang.Object)'> (0x0000000040979218) 
thrown [src/hotspot/share/interpreter/linkResolver.cpp, line 772]
Event: 3.607 Thread 0x00007ea4743e3920 Implicit null exception at 0x00007ea4646a720e to 0x00007ea4646a97b4
Event: 3.607 Thread 0x00007ea4747d96c0 Implicit null exception at 0x00007ea4646a720e to 0x00007ea4646a97b4
Event: 3.607 Thread 0x00007ea4747e8140 Implicit null exception at 0x00007ea4646a720e to 0x00007ea4646a97b4
Event: 3.607 Thread 0x00007ea4743e20e0 Implicit null exception at 0x00007ea4646a720e to 0x00007ea4646a97b4

ZGC Phase Switch (0 events):
No events

VM Operations (20 events):
Event: 2.908 Executing VM operation: ICBufferFull done
Event: 3.072 Executing VM operation: ThirdPartyHeapOperation
Event: 3.083 Executing VM operation: ThirdPartyHeapOperation done
Event: 3.088 Executing VM operation: ThirdPartyHeapOperation
Event: 3.115 Executing VM operation: ThirdPartyHeapOperation done
Event: 3.234 Executing VM operation: ThirdPartyHeapOperation
Event: 3.244 Executing VM operation: ThirdPartyHeapOperation done
Event: 3.249 Executing VM operation: ThirdPartyHeapOperation
Event: 3.285 Executing VM operation: ThirdPartyHeapOperation done
Event: 3.357 Executing VM operation: ThirdPartyHeapOperation
Event: 3.368 Executing VM operation: ThirdPartyHeapOperation done
Event: 3.371 Executing VM operation: ThirdPartyHeapOperation
Event: 3.409 Executing VM operation: ThirdPartyHeapOperation done
Event: 3.489 Executing VM operation: ThirdPartyHeapOperation
Event: 3.500 Executing VM operation: ThirdPartyHeapOperation done
Event: 3.506 Executing VM operation: ThirdPartyHeapOperation
Event: 3.553 Executing VM operation: ThirdPartyHeapOperation done
Event: 3.618 Executing VM operation: ThirdPartyHeapOperation
Event: 3.629 Executing VM operation: ThirdPartyHeapOperation done
Event: 3.634 Executing VM operation: ThirdPartyHeapOperation

Memory protections (20 events):
Event: 2.614 Protecting memory [0x000071f7404f6000,0x000071f7404fa000] with protection modes 0
Event: 2.614 Protecting memory [0x000071f7403f6000,0x000071f7403fa000] with protection modes 0
Event: 2.614 Protecting memory [0x000071f7402f6000,0x000071f7402fa000] with protection modes 0
Event: 2.614 Protecting memory [0x000071f7401f6000,0x000071f7401fa000] with protection modes 0
Event: 2.614 Protecting memory [0x000071f7400f6000,0x000071f7400fa000] with protection modes 0
Event: 2.614 Protecting memory [0x000071f637f00000,0x000071f637f04000] with protection modes 0
Event: 2.614 Protecting memory [0x000071f637e00000,0x000071f637e04000] with protection modes 0
Event: 2.614 Protecting memory [0x000071f637d00000,0x000071f637d04000] with protection modes 0
Event: 2.614 Protecting memory [0x000071f637c00000,0x000071f637c04000] with protection modes 0
Event: 2.614 Protecting memory [0x000071f637b00000,0x000071f637b04000] with protection modes 0
Event: 2.615 Protecting memory [0x000071f637a00000,0x000071f637a04000] with protection modes 0
Event: 2.615 Protecting memory [0x000071f637900000,0x000071f637904000] with protection modes 0
Event: 2.615 Protecting memory [0x000071f637800000,0x000071f637804000] with protection modes 0
Event: 2.682 Protecting memory [0x000071f637700000,0x000071f637704000] with protection modes 0
Event: 2.695 Protecting memory [0x000071f637500000,0x000071f637504000] with protection modes 0
Event: 2.695 Protecting memory [0x000071f637600000,0x000071f637604000] with protection modes 0
Event: 2.695 Protecting memory [0x000071f637400000,0x000071f637404000] with protection modes 0
Event: 2.695 Protecting memory [0x000071f637300000,0x000071f637304000] with protection modes 0
Event: 2.711 Protecting memory [0x000071f637200000,0x000071f637204000] with protection modes 0
Event: 2.713 Protecting memory [0x000071f637100000,0x000071f637104000] with protection modes 0

Nmethod flushes (0 events):
No events

Events (20 events):
Event: 2.614 Thread 0x00007ea47402b240 Thread added: 0x00007ea4745d1fe0
Event: 2.614 Thread 0x00007ea47402b240 Thread added: 0x00007ea4745d35c0
Event: 2.614 Thread 0x00007ea47402b240 Thread added: 0x00007ea4745d4ba0
Event: 2.614 Thread 0x00007ea47402b240 Thread added: 0x00007ea4745d6040
Event: 2.614 Thread 0x00007ea47402b240 Thread added: 0x00007ea4745d78d0
Event: 2.614 Thread 0x00007ea47402b240 Thread added: 0x00007ea4745d9570
Event: 2.614 Thread 0x00007ea47402b240 Thread added: 0x00007ea4745dadc0
Event: 2.614 Thread 0x00007ea47402b240 Thread added: 0x00007ea4745dc610
Event: 2.614 Thread 0x00007ea47402b240 Thread added: 0x00007ea4745ddd70
Event: 2.614 Thread 0x00007ea47402b240 Thread added: 0x00007ea4745df600
Event: 2.615 Thread 0x00007ea47402b240 Thread added: 0x00007ea4745e1010
Event: 2.615 Thread 0x00007ea47402b240 Thread added: 0x00007ea4743d3ff0
Event: 2.615 Thread 0x00007ea47402b240 Thread added: 0x00007ea4743d5770
Event: 2.682 Thread 0x00007ea474556d40 Thread added: 0x000071f6bc0e3fe0
Event: 2.694 Thread 0x000071f6b404db50 Thread added: 0x000071f698075770
Event: 2.695 Thread 0x000071f6b404db50 Thread added: 0x000071f698076f00
Event: 2.695 Thread 0x000071f6b404db50 Thread added: 0x000071f698078ed0
Event: 2.695 Thread 0x00007ea474556d40 Thread added: 0x000071f6bc0e58c0
Event: 2.711 Thread 0x000071f6b404c4e0 Thread added: 0x000071f6a40d93e0
Event: 2.713 Thread 0x00007ea474556d40 Thread added: 0x000071f6bc10bd10


Dynamic libraries:
40000000-40400000 rw-p 00000000 00:00 0                                  [anon:mmtk:space:immix]
40400000-40800000 rw-p 00000000 00:00 0                                  [anon:mmtk:space:los]
40800000-41400000 rw-p 00000000 00:00 0                                  [anon:mmtk:space:immix]
41400000-41800000 rw-p 00000000 00:00 0                                  [anon:mmtk:space:los]
41800000-41c00000 rw-p 00000000 00:00 0                                  [anon:mmtk:space:immix]
41c00000-42000000 rw-p 00000000 00:00 0                                  [anon:mmtk:space:los]
42000000-42400000 rw-p 00000000 00:00 0                                  [anon:mmtk:space:immix]
42400000-42800000 rw-p 00000000 00:00 0                                  [anon:mmtk:space:los]
42800000-43000000 rw-p 00000000 00:00 0                                  [anon:mmtk:space:immix]
43000000-43400000 rw-p 00000000 00:00 0                                  [anon:mmtk:space:los]
43400000-43800000 rw-p 00000000 00:00 0                                  [anon:mmtk:space:immix]
43800000-43c00000 rw-p 00000000 00:00 0                                  [anon:mmtk:space:los]
43c00000-44400000 rw-p 00000000 00:00 0                                  [anon:mmtk:space:immix]
44400000-44800000 rw-p 00000000 00:00 0                                  [anon:mmtk:space:los]
44800000-45000000 rw-p 00000000 00:00 0                                  [anon:mmtk:space:immix]
45000000-45400000 rw-p 00000000 00:00 0                                  [anon:mmtk:space:los]
45400000-45c00000 rw-p 00000000 00:00 0                                  [anon:mmtk:space:immix]
45c00000-46000000 rw-p 00000000 00:00 0                                  [anon:mmtk:space:los]
46000000-46400000 rw-p 00000000 00:00 0                                  [anon:mmtk:space:immix]
46400000-46800000 rw-p 00000000 00:00 0                                  [anon:mmtk:space:los]
46800000-46c00000 rw-p 00000000 00:00 0                                  [anon:mmtk:space:immix]
46c00000-47000000 rw-p 00000000 00:00 0                                  [anon:mmtk:space:los]
47000000-47800000 rw-p 00000000 00:00 0                                  [anon:mmtk:space:immix]
47800000-47c00000 rw-p 00000000 00:00 0                                  [anon:mmtk:space:los]
47c00000-48400000 rw-p 00000000 00:00 0                                  [anon:mmtk:space:immix]
48400000-48800000 rw-p 00000000 00:00 0                                  [anon:mmtk:space:los]
48800000-48c00000 rw-p 00000000 00:00 0                                  [anon:mmtk:space:immix]
48c00000-49000000 rw-p 00000000 00:00 0                                  [anon:mmtk:space:los]
49000000-49800000 rw-p 00000000 00:00 0                                  [anon:mmtk:space:immix]
49800000-49c00000 rw-p 00000000 00:00 0                                  [anon:mmtk:space:los]
49c00000-4a000000 rw-p 00000000 00:00 0                                  [anon:mmtk:space:immix]
4a000000-4a400000 rw-p 00000000 00:00 0                                  [anon:mmtk:space:los]
4a400000-4ac00000 rw-p 00000000 00:00 0                                  [anon:mmtk:space:immix]
4ac00000-4b000000 rw-p 00000000 00:00 0                                  [anon:mmtk:space:los]
4b000000-4b400000 rw-p 00000000 00:00 0                                  [anon:mmtk:space:immix]
4b400000-4b800000 rw-p 00000000 00:00 0                                  [anon:mmtk:space:los]
4b800000-4bc00000 rw-p 00000000 00:00 0                                  [anon:mmtk:space:immix]
4bc00000-4c000000 rw-p 00000000 00:00 0                                  [anon:mmtk:space:los]
4c000000-4c800000 rw-p 00000000 00:00 0                                  [anon:mmtk:space:immix]
4c800000-4cc00000 rw-p 00000000 00:00 0                                  [anon:mmtk:space:los]
4cc00000-4d400000 rw-p 00000000 00:00 0                                  [anon:mmtk:space:immix]
4d400000-4d800000 rw-p 00000000 00:00 0                                  [anon:mmtk:space:los]
4d800000-4e000000 rw-p 00000000 00:00 0                                  [anon:mmtk:space:immix]
4e000000-4e400000 rw-p 00000000 00:00 0                                  [anon:mmtk:space:los]
4e400000-4ec00000 rw-p 00000000 00:00 0                                  [anon:mmtk:space:immix]
4ec00000-4f000000 rw-p 00000000 00:00 0                                  [anon:mmtk:space:los]
4f000000-4f400000 rw-p 00000000 00:00 0                                  [anon:mmtk:space:immix]
4f400000-4f800000 rw-p 00000000 00:00 0                                  [anon:mmtk:space:los]
4f800000-4fc00000 rw-p 00000000 00:00 0                                  [anon:mmtk:space:immix]
4fc00000-50000000 rw-p 00000000 00:00 0                                  [anon:mmtk:space:los]
50000000-50400000 rw-p 00000000 00:00 0                                  [anon:mmtk:space:immix]
50400000-50800000 rw-p 00000000 00:00 0                                  [anon:mmtk:space:immix]
50800000-51400000 rw-p 00000000 00:00 0                                  [anon:mmtk:space:los]
51400000-51800000 rw-p 00000000 00:00 0                                  [anon:mmtk:space:immix]
51800000-51c00000 rw-p 00000000 00:00 0                                  [anon:mmtk:space:los]
51c00000-52400000 rw-p 00000000 00:00 0                                  [anon:mmtk:space:immix]
52400000-52800000 rw-p 00000000 00:00 0                                  [anon:mmtk:space:los]
52800000-52c00000 rw-p 00000000 00:00 0                                  [anon:mmtk:space:immix]
52c00000-53000000 rw-p 00000000 00:00 0                                  [anon:mmtk:space:los]
53000000-53800000 rw-p 00000000 00:00 0                                  [anon:mmtk:space:immix]
53800000-53c00000 rw-p 00000000 00:00 0                                  [anon:mmtk:space:los]
53c00000-54000000 rw-p 00000000 00:00 0                                  [anon:mmtk:space:immix]
54000000-54800000 rw-p 00000000 00:00 0                                  [anon:mmtk:space:los]
54800000-54c00000 rw-p 00000000 00:00 0                                  [anon:mmtk:space:immix]
54c00000-55000000 rw-p 00000000 00:00 0                                  [anon:mmtk:space:los]
55000000-55400000 rw-p 00000000 00:00 0                                  [anon:mmtk:space:immix]
55400000-55800000 rw-p 00000000 00:00 0                                  [anon:mmtk:space:immix]
55800000-56400000 rw-p 00000000 00:00 0                                  [anon:mmtk:space:los]
56400000-56c00000 rw-p 00000000 00:00 0                                  [anon:mmtk:space:immix]
56c00000-57800000 rw-p 00000000 00:00 0                                  [anon:mmtk:space:los]
57800000-58000000 rw-p 00000000 00:00 0                                  [anon:mmtk:space:immix]
58000000-58400000 rw-p 00000000 00:00 0                                  [anon:mmtk:space:los]
58400000-58c00000 rw-p 00000000 00:00 0                                  [anon:mmtk:space:immix]
200000000000-2000c00c0000 rw-s 00000000 00:10 68                         anon_inode:bpf-map
61c912a37000-61c912a38000 r--p 00000000 fc:00 49676320                   /mydata/openjdk-mmtk/build/b0test/images/jdk/bin/java
61c912a38000-61c912a39000 r-xp 00001000 fc:00 49676320                   /mydata/openjdk-mmtk/build/b0test/images/jdk/bin/java
61c912a39000-61c912a3a000 r--p 00002000 fc:00 49676320                   /mydata/openjdk-mmtk/build/b0test/images/jdk/bin/java
61c912a3a000-61c912a3b000 r--p 00002000 fc:00 49676320                   /mydata/openjdk-mmtk/build/b0test/images/jdk/bin/java
61c912a3b000-61c912a3c000 rw-p 00003000 fc:00 49676320                   /mydata/openjdk-mmtk/build/b0test/images/jdk/bin/java
61c928960000-61c9289a8000 rw-p 00000000 00:00 0                          [heap]
71f5f0000000-71f5f0021000 rw-p 00000000 00:00 0 
71f5f0021000-71f5f4000000 ---p 00000000 00:00 0 
71f5f8000000-71f5f8cb1000 rw-p 00000000 00:00 0 
71f5f8cb1000-71f5fc000000 ---p 00000000 00:00 0 
71f5fc000000-71f5fd014000 rw-p 00000000 00:00 0 
71f5fd014000-71f600000000 ---p 00000000 00:00 0 
71f600000000-71f600b70000 rw-p 00000000 00:00 0 
71f600b70000-71f604000000 ---p 00000000 00:00 0 
71f604000000-71f6049c0000 rw-p 00000000 00:00 0 
71f6049c0000-71f608000000 ---p 00000000 00:00 0 
71f608000000-71f60897f000 rw-p 00000000 00:00 0 
71f60897f000-71f60c000000 ---p 00000000 00:00 0 
71f60c000000-71f60cc47000 rw-p 00000000 00:00 0 
71f60cc47000-71f610000000 ---p 00000000 00:00 0 
71f610000000-71f61002d000 rw-p 00000000 00:00 0 
71f61002d000-71f614000000 ---p 00000000 00:00 0 
71f614000000-71f6151ed000 rw-p 00000000 00:00 0 
71f6151ed000-71f618000000 ---p 00000000 00:00 0 
71f618000000-71f618022000 rw-p 00000000 00:00 0 
71f618022000-71f61c000000 ---p 00000000 00:00 0 
71f61c000000-71f61c021000 rw-p 00000000 00:00 0 
71f61c021000-71f620000000 ---p 00000000 00:00 0 
71f620000000-71f620021000 rw-p 00000000 00:00 0 
71f620021000-71f624000000 ---p 00000000 00:00 0 
71f624000000-71f624021000 rw-p 00000000 00:00 0 
71f624021000-71f628000000 ---p 00000000 00:00 0 
71f628000000-71f628021000 rw-p 00000000 00:00 0 
71f628021000-71f62c000000 ---p 00000000 00:00 0 
71f62c000000-71f62c021000 rw-p 00000000 00:00 0 
71f62c021000-71f630000000 ---p 00000000 00:00 0 
71f630000000-71f630021000 rw-p 00000000 00:00 0 
71f630021000-71f634000000 ---p 00000000 00:00 0 
71f636ccf000-71f636cd0000 ---p 00000000 00:00 0 
71f636cd0000-71f636ed0000 rw-p 00000000 00:00 0 
71f637100000-71f637104000 ---p 00000000 00:00 0 
71f637104000-71f637200000 rw-p 00000000 00:00 0 
71f637200000-71f637204000 ---p 00000000 00:00 0 
71f637204000-71f637300000 rw-p 00000000 00:00 0 
71f637300000-71f637304000 ---p 00000000 00:00 0 
71f637304000-71f637400000 rw-p 00000000 00:00 0 
71f637400000-71f637404000 ---p 00000000 00:00 0 
71f637404000-71f637500000 rw-p 00000000 00:00 0 
71f637500000-71f637504000 ---p 00000000 00:00 0 
71f637504000-71f637600000 rw-p 00000000 00:00 0 
71f637600000-71f637604000 ---p 00000000 00:00 0 
71f637604000-71f637700000 rw-p 00000000 00:00 0 
71f637700000-71f637704000 ---p 00000000 00:00 0 
71f637704000-71f637800000 rw-p 00000000 00:00 0 
71f637800000-71f637804000 ---p 00000000 00:00 0 
71f637804000-71f637900000 rw-p 00000000 00:00 0 
71f637900000-71f637904000 ---p 00000000 00:00 0 
71f637904000-71f637a00000 rw-p 00000000 00:00 0 
71f637a00000-71f637a04000 ---p 00000000 00:00 0 
71f637a04000-71f637b00000 rw-p 00000000 00:00 0 
71f637b00000-71f637b04000 ---p 00000000 00:00 0 
71f637b04000-71f637c00000 rw-p 00000000 00:00 0 
71f637c00000-71f637c04000 ---p 00000000 00:00 0 
71f637c04000-71f637d00000 rw-p 00000000 00:00 0 
71f637d00000-71f637d04000 ---p 00000000 00:00 0 
71f637d04000-71f637e00000 rw-p 00000000 00:00 0 
71f637e00000-71f637e04000 ---p 00000000 00:00 0 
71f637e04000-71f637f00000 rw-p 00000000 00:00 0 
71f637f00000-71f637f04000 ---p 00000000 00:00 0 
71f637f04000-71f638000000 rw-p 00000000 00:00 0 
71f638000000-71f638025000 rw-p 00000000 00:00 0 
71f638025000-71f63c000000 ---p 00000000 00:00 0 
71f63c000000-71f63c021000 rw-p 00000000 00:00 0 
71f63c021000-71f640000000 ---p 00000000 00:00 0 
71f640000000-71f640021000 rw-p 00000000 00:00 0 
71f640021000-71f644000000 ---p 00000000 00:00 0 
71f644000000-71f64404a000 rw-p 00000000 00:00 0 
71f64404a000-71f648000000 ---p 00000000 00:00 0 
71f648000000-71f64805a000 rw-p 00000000 00:00 0 
71f64805a000-71f64c000000 ---p 00000000 00:00 0 
71f64c000000-71f64c021000 rw-p 00000000 00:00 0 
71f64c021000-71f650000000 ---p 00000000 00:00 0 
71f650000000-71f650028000 rw-p 00000000 00:00 0 
71f650028000-71f654000000 ---p 00000000 00:00 0 
71f654000000-71f654021000 rw-p 00000000 00:00 0 
71f654021000-71f658000000 ---p 00000000 00:00 0 
71f658000000-71f65805d000 rw-p 00000000 00:00 0 
71f65805d000-71f65c000000 ---p 00000000 00:00 0 
71f65c000000-71f65c021000 rw-p 00000000 00:00 0 
71f65c021000-71f660000000 ---p 00000000 00:00 0 
71f660000000-71f660021000 rw-p 00000000 00:00 0 
71f660021000-71f664000000 ---p 00000000 00:00 0 
71f664000000-71f664029000 rw-p 00000000 00:00 0 
71f664029000-71f668000000 ---p 00000000 00:00 0 
71f668000000-71f668021000 rw-p 00000000 00:00 0 
71f668021000-71f66c000000 ---p 00000000 00:00 0 
71f66c000000-71f66c023000 rw-p 00000000 00:00 0 
71f66c023000-71f670000000 ---p 00000000 00:00 0 
71f670000000-71f670041000 rw-p 00000000 00:00 0 
71f670041000-71f674000000 ---p 00000000 00:00 0 
71f674000000-71f674021000 rw-p 00000000 00:00 0 
71f674021000-71f678000000 ---p 00000000 00:00 0 
71f678000000-71f678021000 rw-p 00000000 00:00 0 
71f678021000-71f67c000000 ---p 00000000 00:00 0 
71f67c000000-71f67c021000 rw-p 00000000 00:00 0 
71f67c021000-71f680000000 ---p 00000000 00:00 0 
71f680000000-71f680021000 rw-p 00000000 00:00 0 
71f680021000-71f684000000 ---p 00000000 00:00 0 
71f684000000-71f684021000 rw-p 00000000 00:00 0 
71f684021000-71f688000000 ---p 00000000 00:00 0 
71f688000000-71f688021000 rw-p 00000000 00:00 0 
71f688021000-71f68c000000 ---p 00000000 00:00 0 
71f68c000000-71f68c04a000 rw-p 00000000 00:00 0 
71f68c04a000-71f690000000 ---p 00000000 00:00 0 
71f690000000-71f690021000 rw-p 00000000 00:00 0 
71f690021000-71f694000000 ---p 00000000 00:00 0 
71f694000000-71f694021000 rw-p 00000000 00:00 0 
71f694021000-71f698000000 ---p 00000000 00:00 0 
71f698000000-71f69821c000 rw-p 00000000 00:00 0 
71f69821c000-71f69c000000 ---p 00000000 00:00 0 
71f69c000000-71f69cb66000 rw-p 00000000 00:00 0 
71f69cb66000-71f6a0000000 ---p 00000000 00:00 0 
71f6a0000000-71f6a0d41000 rw-p 00000000 00:00 0 
71f6a0d41000-71f6a4000000 ---p 00000000 00:00 0 
71f6a4000000-71f6a426b000 rw-p 00000000 00:00 0 
71f6a426b000-71f6a8000000 ---p 00000000 00:00 0 
71f6a8000000-71f6a8021000 rw-p 00000000 00:00 0 
71f6a8021000-71f6ac000000 ---p 00000000 00:00 0 
71f6ac000000-71f6ac021000 rw-p 00000000 00:00 0 
71f6ac021000-71f6b0000000 ---p 00000000 00:00 0 
71f6b0000000-71f6b025d000 rw-p 00000000 00:00 0 
71f6b025d000-71f6b4000000 ---p 00000000 00:00 0 
71f6b4000000-71f6b42cd000 rw-p 00000000 00:00 0 
71f6b42cd000-71f6b8000000 ---p 00000000 00:00 0 
71f6b8000000-71f6b8c7c000 rw-p 00000000 00:00 0 
71f6b8c7c000-71f6bc000000 ---p 00000000 00:00 0 
71f6bc000000-71f6bc334000 rw-p 00000000 00:00 0 
71f6bc334000-71f6c0000000 ---p 00000000 00:00 0 
71f6c0000000-71f6c0021000 rw-p 00000000 00:00 0 
71f6c0021000-71f6c4000000 ---p 00000000 00:00 0 
71f6c4000000-71f6c4021000 rw-p 00000000 00:00 0 
71f6c4021000-71f6c8000000 ---p 00000000 00:00 0 
71f6c8000000-71f6c8032000 rw-p 00000000 00:00 0 
71f6c8032000-71f6cc000000 ---p 00000000 00:00 0 
71f6cc000000-71f6cc021000 rw-p 00000000 00:00 0 
71f6cc021000-71f6d0000000 ---p 00000000 00:00 0 
71f6d0000000-71f6d007a000 rw-p 00000000 00:00 0 
71f6d007a000-71f6d4000000 ---p 00000000 00:00 0 
71f6d4000000-71f6d4053000 rw-p 00000000 00:00 0 
71f6d4053000-71f6d8000000 ---p 00000000 00:00 0 
71f6d8000000-71f6d8092000 rw-p 00000000 00:00 0 
71f6d8092000-71f6dc000000 ---p 00000000 00:00 0 
71f6dc000000-71f6dc05a000 rw-p 00000000 00:00 0 
71f6dc05a000-71f6e0000000 ---p 00000000 00:00 0 
71f6e0000000-71f6e0043000 rw-p 00000000 00:00 0 
71f6e0043000-71f6e4000000 ---p 00000000 00:00 0 
71f6e4000000-71f6e404b000 rw-p 00000000 00:00 0 
71f6e404b000-71f6e8000000 ---p 00000000 00:00 0 
71f6e8000000-71f6e8032000 rw-p 00000000 00:00 0 
71f6e8032000-71f6ec000000 ---p 00000000 00:00 0 
71f6ec000000-71f6ec064000 rw-p 00000000 00:00 0 
71f6ec064000-71f6f0000000 ---p 00000000 00:00 0 
71f6f0000000-71f6f003a000 rw-p 00000000 00:00 0 
71f6f003a000-71f6f4000000 ---p 00000000 00:00 0 
71f6f4000000-71f6f4038000 rw-p 00000000 00:00 0 
71f6f4038000-71f6f8000000 ---p 00000000 00:00 0 
71f6f8000000-71f6f819a000 rw-p 00000000 00:00 0 
71f6f819a000-71f6fc000000 ---p 00000000 00:00 0 
71f6fc000000-71f6fc0aa000 rw-p 00000000 00:00 0 
71f6fc0aa000-71f700000000 ---p 00000000 00:00 0 
71f700000000-71f700033000 rw-p 00000000 00:00 0 
71f700033000-71f704000000 ---p 00000000 00:00 0 
71f704000000-71f70404b000 rw-p 00000000 00:00 0 
71f70404b000-71f708000000 ---p 00000000 00:00 0 
71f708000000-71f70802b000 rw-p 00000000 00:00 0 
71f70802b000-71f70c000000 ---p 00000000 00:00 0 
71f70c000000-71f70c02b000 rw-p 00000000 00:00 0 
71f70c02b000-71f710000000 ---p 00000000 00:00 0 
71f710000000-71f71002a000 rw-p 00000000 00:00 0 
71f71002a000-71f714000000 ---p 00000000 00:00 0 
71f714000000-71f714026000 rw-p 00000000 00:00 0 
71f714026000-71f718000000 ---p 00000000 00:00 0 
71f718000000-71f718323000 rw-p 00000000 00:00 0 
71f718323000-71f71c000000 ---p 00000000 00:00 0 
71f71c000000-71f71c02a000 rw-p 00000000 00:00 0 
71f71c02a000-71f720000000 ---p 00000000 00:00 0 
71f720000000-71f720024000 rw-p 00000000 00:00 0 
71f720024000-71f724000000 ---p 00000000 00:00 0 
71f724000000-71f72411b000 rw-p 00000000 00:00 0 
71f72411b000-71f728000000 ---p 00000000 00:00 0 
71f728000000-71f728021000 rw-p 00000000 00:00 0 
71f728021000-71f72c000000 ---p 00000000 00:00 0 
71f72c000000-71f72c021000 rw-p 00000000 00:00 0 
71f72c021000-71f730000000 ---p 00000000 00:00 0 
71f730000000-71f730021000 rw-p 00000000 00:00 0 
71f730021000-71f734000000 ---p 00000000 00:00 0 
71f734000000-71f734021000 rw-p 00000000 00:00 0 
71f734021000-71f738000000 ---p 00000000 00:00 0 
71f738000000-71f738280000 rw-p 00000000 00:00 0 
71f738280000-71f738400000 ---p 00000000 00:00 0 
71f738400000-71f7388c0000 rw-p 00000000 00:00 0 
71f7388c0000-71f73c000000 ---p 00000000 00:00 0 
71f73c000000-71f73c021000 rw-p 00000000 00:00 0 
71f73c021000-71f740000000 ---p 00000000 00:00 0 
71f7400f6000-71f7400fa000 ---p 00000000 00:00 0 
71f7400fa000-71f7401f6000 rw-p 00000000 00:00 0 
71f7401f6000-71f7401fa000 ---p 00000000 00:00 0 
71f7401fa000-71f7402f6000 rw-p 00000000 00:00 0 
71f7402f6000-71f7402fa000 ---p 00000000 00:00 0 
71f7402fa000-71f7403f6000 rw-p 00000000 00:00 0 
71f7403f6000-71f7403fa000 ---p 00000000 00:00 0 
71f7403fa000-71f7404f6000 rw-p 00000000 00:00 0 
71f7404f6000-71f7404fa000 ---p 00000000 00:00 0 
71f7404fa000-71f7405f6000 rw-p 00000000 00:00 0 
71f7405f6000-71f7405fa000 ---p 00000000 00:00 0 
71f7405fa000-71f7406f6000 rw-p 00000000 00:00 0 
71f7406f6000-71f7406fa000 ---p 00000000 00:00 0 
71f7406fa000-71f7407f6000 rw-p 00000000 00:00 0 
71f7407f6000-71f7407fa000 ---p 00000000 00:00 0 
71f7407fa000-71f7408f6000 rw-p 00000000 00:00 0 
71f7408f6000-71f7408fa000 ---p 00000000 00:00 0 
71f7408fa000-71f7409f6000 rw-p 00000000 00:00 0 
71f7409f6000-71f7409fa000 ---p 00000000 00:00 0 
71f7409fa000-71f740af6000 rw-p 00000000 00:00 0 
71f740af6000-71f740afa000 ---p 00000000 00:00 0 
71f740afa000-71f740bf6000 rw-p 00000000 00:00 0 
71f740bf6000-71f740bfa000 ---p 00000000 00:00 0 
71f740bfa000-71f740cf6000 rw-p 00000000 00:00 0 
71f740cf6000-71f740cfa000 ---p 00000000 00:00 0 
71f740cfa000-71f740df6000 rw-p 00000000 00:00 0 
71f740df6000-71f740dfa000 ---p 00000000 00:00 0 
71f740dfa000-71f740ef6000 rw-p 00000000 00:00 0 
71f740ef6000-71f740efa000 ---p 00000000 00:00 0 
71f740efa000-71f740ff6000 rw-p 00000000 00:00 0 
71f740ff6000-71f740ffa000 ---p 00000000 00:00 0 
71f740ffa000-71f7410f6000 rw-p 00000000 00:00 0 
71f7410f6000-71f7410fa000 ---p 00000000 00:00 0 
71f7410fa000-71f7411f6000 rw-p 00000000 00:00 0 
71f7411f6000-71f7411fa000 ---p 00000000 00:00 0 
71f7411fa000-71f7412f6000 rw-p 00000000 00:00 0 
71f7412f6000-71f7412fa000 ---p 00000000 00:00 0 
71f7412fa000-71f7413f6000 rw-p 00000000 00:00 0 
71f7413f6000-71f7413fa000 ---p 00000000 00:00 0 
71f7413fa000-71f7414f6000 rw-p 00000000 00:00 0 
71f7414f6000-71f7414fa000 ---p 00000000 00:00 0 
71f7414fa000-71f7415f6000 rw-p 00000000 00:00 0 
71f7415f6000-71f7415fa000 ---p 00000000 00:00 0 
71f7415fa000-71f7416f6000 rw-p 00000000 00:00 0 
71f7416f6000-71f7416fa000 ---p 00000000 00:00 0 
71f7416fa000-71f7417f6000 rw-p 00000000 00:00 0 
71f7417f6000-71f7417f7000 ---p 00000000 00:00 0 
71f7417f7000-71f7417fb000 ---p 00000000 00:00 0 
71f7417fb000-71f7419f7000 rw-p 00000000 00:00 0 
71f7419f7000-71f7419fb000 ---p 00000000 00:00 0 
71f7419fb000-71f741af7000 rw-p 00000000 00:00 0 
71f741af7000-71f741afb000 ---p 00000000 00:00 0 
71f741afb000-71f741bf7000 rw-p 00000000 00:00 0 
71f741bf7000-71f741bfb000 ---p 00000000 00:00 0 
71f741bfb000-71f741cf7000 rw-p 00000000 00:00 0 
71f741cf7000-71f741cfb000 ---p 00000000 00:00 0 
71f741cfb000-71f741df7000 rw-p 00000000 00:00 0 
71f741df7000-71f741dfb000 ---p 00000000 00:00 0 
71f741dfb000-71f741ef7000 rw-p 00000000 00:00 0 
71f741ef7000-71f741efb000 ---p 00000000 00:00 0 
71f741efb000-71f741ff7000 rw-p 00000000 00:00 0 
71f741ff7000-71f741ffb000 ---p 00000000 00:00 0 
71f741ffb000-71f7420f7000 rw-p 00000000 00:00 0 
71f7420f7000-71f7420fb000 ---p 00000000 00:00 0 
71f7420fb000-71f7421f7000 rw-p 00000000 00:00 0 
71f7421f7000-71f7421fb000 ---p 00000000 00:00 0 
71f7421fb000-71f7422f7000 rw-p 00000000 00:00 0 
71f7422f7000-71f7422fb000 ---p 00000000 00:00 0 
71f7422fb000-71f7423f7000 rw-p 00000000 00:00 0 
71f7423f7000-71f7423fb000 ---p 00000000 00:00 0 
71f7423fb000-71f7424f7000 rw-p 00000000 00:00 0 
71f7424f7000-71f7424fb000 ---p 00000000 00:00 0 
71f7424fb000-71f7425f7000 rw-p 00000000 00:00 0 
71f7425f7000-71f7425fb000 ---p 00000000 00:00 0 
71f7425fb000-71f7426f7000 rw-p 00000000 00:00 0 
71f7426f7000-71f7426f8000 ---p 00000000 00:00 0 
71f7426f8000-71f7427f8000 rw-p 00000000 00:00 0 
71f7427f8000-71f7427f9000 ---p 00000000 00:00 0 
71f7427f9000-71f7428f9000 rw-p 00000000 00:00 0 
71f7428f9000-71f7428fa000 ---p 00000000 00:00 0 
71f7428fa000-71f7429fa000 rw-p 00000000 00:00 0 
71f7429fa000-71f7429fb000 ---p 00000000 00:00 0 
71f7429fb000-71f742afb000 rw-p 00000000 00:00 0 
71f742afb000-71f742afc000 ---p 00000000 00:00 0 
71f742afc000-71f742bfc000 rw-p 00000000 00:00 0 
71f742bfc000-71f742bfd000 ---p 00000000 00:00 0 
71f742bfd000-71f742cfd000 rw-p 00000000 00:00 0 
71f742cfd000-71f742cfe000 ---p 00000000 00:00 0 
71f742cfe000-71f742dfe000 rw-p 00000000 00:00 0 
71f742dfe000-71f742dff000 ---p 00000000 00:00 0 
71f742dff000-71f742eff000 rw-p 00000000 00:00 0 
71f742eff000-71f742f00000 ---p 00000000 00:00 0 
71f742f00000-71f743000000 rw-p 00000000 00:00 0 
71f743000000-71f743ca3000 rw-p 00001000 fc:00 49677003                   /mydata/openjdk-mmtk/build/b0test/images/jdk/lib/server/classes.jsa
71f743ca3000-71f744000000 ---p 00000000 00:00 0 
71f744000000-71f744040000 rw-p 00000000 00:00 0 
71f744040000-71f744110000 rw-p 00000000 00:00 0 
71f744110000-71f784000000 ---p 00000000 00:00 0 
71f784000000-71f784021000 rw-p 00000000 00:00 0 
71f784021000-71f788000000 ---p 00000000 00:00 0 
71f7880f9000-71f7880fa000 ---p 00000000 00:00 0 
71f7880fa000-71f7881fa000 rw-p 00000000 00:00 0 
71f7881fa000-71f7881fb000 ---p 00000000 00:00 0 
71f7881fb000-71f7882fb000 rw-p 00000000 00:00 0 
71f7882fb000-71f7882fc000 ---p 00000000 00:00 0 
71f7882fc000-71f7883fc000 rw-p 00000000 00:00 0 
71f7883fc000-71f7b8400000 rw-p 00000000 00:00 0 
71f7b8400000-71f7b9400000 ---p 00000000 00:00 0                          [anon:mmtk:sidemeta:all:all-quarantined]
71f7b9400000-71f7b9c00000 rw-p 00000000 00:00 0                          [anon:mmtk:sidemeta:immix:VO_BIT]
71f7b9c00000-73f7ba400000 ---p 00000000 00:00 0                          [anon:mmtk:sidemeta:all:all-quarantined]
73f7ba400000-73f7ba800000 rw-p 00000000 00:00 0                          [anon:mmtk:sidemeta:immix:CHUNK_MARK]
73f7ba800000-73f7bd400000 ---p 00000000 00:00 0                          [anon:mmtk:sidemeta:all:all-quarantined]
73f7bd400000-73f7bdc00000 rw-p 00000000 00:00 0                          [anon:mmtk:sidemeta:immix:VMGlobalLogBitSpec]
73f7bdc00000-75ffbc800000 ---p 00000000 00:00 0                          [anon:mmtk:sidemeta:all:all-quarantined]
75ffbc800000-75ffbcc00000 rw-p 00000000 00:00 0                          [anon:mmtk:sidemeta:immix:IX_LINE_MARK]
75ffbcc00000-767fbc400000 ---p 00000000 00:00 0                          [anon:mmtk:sidemeta:all:all-quarantined]
767fbc400000-767fbc800000 rw-p 00000000 00:00 0                          [anon:mmtk:sidemeta:immix:IX_BLOCK_DEFRAG]
767fbc800000-7680bc400000 ---p 00000000 00:00 0                          [anon:mmtk:sidemeta:all:all-quarantined]
7680bc400000-7680bc800000 rw-p 00000000 00:00 0                          [anon:mmtk:sidemeta:immix:IX_BLOCK_MARK]
7680bc800000-7ca23c400000 ---p 00000000 00:00 0                          [anon:mmtk:sidemeta:all:all-quarantined]
7ca23c400000-7ca23c800000 rw-p 00000000 00:00 0                          [anon:mmtk:sidemeta:los:VMLocalLOSMarkNurserySpec]
7ca23c800000-7ca43d400000 ---p 00000000 00:00 0                          [anon:mmtk:sidemeta:all:all-quarantined]
7ca43d400000-7ca43dc00000 rw-p 00000000 00:00 0                          [anon:mmtk:sidemeta:immix:VMLocalMarkBitSpec]
7ca43dc00000-7ea43c400000 ---p 00000000 00:00 0                          [anon:mmtk:sidemeta:all:all-quarantined]
7ea43c4fc000-7ea43c4fd000 ---p 00000000 00:00 0 
7ea43c4fd000-7ea43c5fd000 rw-p 00000000 00:00 0 
7ea43c5fd000-7ea43c5fe000 ---p 00000000 00:00 0 
7ea43c5fe000-7ea43c6fe000 rw-p 00000000 00:00 0 
7ea43c6fe000-7ea43c6ff000 ---p 00000000 00:00 0 
7ea43c6ff000-7ea43c7ff000 rw-p 00000000 00:00 0 
7ea43c7ff000-7ea45c800000 rw-p 00000000 00:00 0 
7ea45c800000-7ea45ced0000 rwxp 00000000 00:00 0 
7ea45ced0000-7ea463c17000 ---p 00000000 00:00 0 
7ea463c17000-7ea463fa7000 rwxp 00000000 00:00 0 
7ea463fa7000-7ea4643e8000 ---p 00000000 00:00 0 
7ea4643e8000-7ea4646c8000 rwxp 00000000 00:00 0 
7ea4646c8000-7ea46b800000 ---p 00000000 00:00 0 
7ea46b800000-7ea473fa0000 r--s 00000000 fc:00 49676291                   /mydata/openjdk-mmtk/build/b0test/images/jdk/lib/modules
7ea474000000-7ea474812000 rw-p 00000000 00:00 0 
7ea474812000-7ea478000000 ---p 00000000 00:00 0 
7ea478027000-7ea47802c000 r--p 00000000 fc:00 49676385                   /mydata/openjdk-mmtk/build/b0test/images/jdk/lib/libjsvml.so
7ea47802c000-7ea47806d000 r-xp 00005000 fc:00 49676385                   /mydata/openjdk-mmtk/build/b0test/images/jdk/lib/libjsvml.so
7ea47806d000-7ea4780f6000 r--p 00046000 fc:00 49676385                   /mydata/openjdk-mmtk/build/b0test/images/jdk/lib/libjsvml.so
7ea4780f6000-7ea4780f7000 r--p 000ce000 fc:00 49676385                   /mydata/openjdk-mmtk/build/b0test/images/jdk/lib/libjsvml.so
7ea4780f7000-7ea4780f8000 rw-p 000cf000 fc:00 49676385                   /mydata/openjdk-mmtk/build/b0test/images/jdk/lib/libjsvml.so
7ea4780f8000-7ea4780f9000 ---p 00000000 00:00 0 
7ea4780f9000-7ea4781f9000 rw-p 00000000 00:00 0 
7ea4781f9000-7ea4781fa000 ---p 00000000 00:00 0 
7ea4781fa000-7ea4782fa000 rw-p 00000000 00:00 0 
7ea4782fa000-7ea4782fb000 ---p 00000000 00:00 0 
7ea4782fb000-7ea4783fb000 rw-p 00000000 00:00 0 
7ea4783fb000-7ea4783fc000 ---p 00000000 00:00 0 
7ea4783fc000-7ea4784fc000 rw-p 00000000 00:00 0 
7ea4784fc000-7ea4784fd000 ---p 00000000 00:00 0 
7ea4784fd000-7ea4785fd000 rw-p 00000000 00:00 0 
7ea4785fd000-7ea4785fe000 ---p 00000000 00:00 0 
7ea4785fe000-7ea4786fe000 rw-p 00000000 00:00 0 
7ea4786fe000-7ea4786ff000 ---p 00000000 00:00 0 
7ea4786ff000-7ea4787ff000 rw-p 00000000 00:00 0 
7ea4787ff000-7ea478800000 ---p 00000000 00:00 0 
7ea478800000-7ea478900000 rw-p 00000000 00:00 0 
7ea478900000-7ea478904000 ---p 00000000 00:00 0 
7ea478904000-7ea478a00000 rw-p 00000000 00:00 0 
7ea478a00000-7ea478a04000 ---p 00000000 00:00 0 
7ea478a04000-7ea478b00000 rw-p 00000000 00:00 0 
7ea478b00000-7ea478b04000 ---p 00000000 00:00 0 
7ea478b04000-7ea478c00000 rw-p 00000000 00:00 0 
7ea478c00000-7ea478eeb000 r--p 00000000 08:03 1410552                    /usr/lib/locale/locale-archive
7ea478efc000-7ea478efd000 ---p 00000000 00:00 0 
7ea478efd000-7ea478ffd000 rw-p 00000000 00:00 0 
7ea478ffd000-7ea478ffe000 ---p 00000000 00:00 0 
7ea478ffe000-7ea4790fe000 rw-p 00000000 00:00 0 
7ea4790fe000-7ea4790ff000 ---p 00000000 00:00 0 
7ea4790ff000-7ea4791ff000 rw-p 00000000 00:00 0 
7ea4791ff000-7ea479800000 rw-p 00000000 00:00 0 
7ea479800000-7ea47980c000 r--p 00000000 fc:00 13107225                   /mydata/gc-bpf-fault/shim/libgcbpf.so
7ea47980c000-7ea47986e000 r-xp 0000c000 fc:00 13107225                   /mydata/gc-bpf-fault/shim/libgcbpf.so
7ea47986e000-7ea479a1b000 r--p 0006e000 fc:00 13107225                   /mydata/gc-bpf-fault/shim/libgcbpf.so
7ea479a1b000-7ea479a1d000 r--p 0021b000 fc:00 13107225                   /mydata/gc-bpf-fault/shim/libgcbpf.so
7ea479a1d000-7ea479a1e000 rw-p 0021d000 fc:00 13107225                   /mydata/gc-bpf-fault/shim/libgcbpf.so
7ea479a1e000-7ea479a1f000 rw-p 00000000 00:00 0 
7ea479a5d000-7ea479a61000 r--p 00000000 08:03 1410107                    /usr/lib/x86_64-linux-gnu/libzstd.so.1.5.5
7ea479a61000-7ea479b08000 r-xp 00004000 08:03 1410107                    /usr/lib/x86_64-linux-gnu/libzstd.so.1.5.5
7ea479b08000-7ea479b15000 r--p 000ab000 08:03 1410107                    /usr/lib/x86_64-linux-gnu/libzstd.so.1.5.5
7ea479b15000-7ea479b16000 r--p 000b7000 08:03 1410107                    /usr/lib/x86_64-linux-gnu/libzstd.so.1.5.5
7ea479b16000-7ea479b17000 rw-p 000b8000 08:03 1410107                    /usr/lib/x86_64-linux-gnu/libzstd.so.1.5.5
7ea479b17000-7ea479b1d000 rw-p 00000000 00:00 0 
7ea479b1d000-7ea479c00000 ---p 00000000 00:00 0 
7ea479c00000-7ea479d45000 r--p 00000000 fc:00 49676344                   /mydata/openjdk-mmtk/build/b0test/images/jdk/lib/server/libmmtk_openjdk.so
7ea479d45000-7ea479fbe000 r-xp 00144000 fc:00 49676344                   /mydata/openjdk-mmtk/build/b0test/images/jdk/lib/server/libmmtk_openjdk.so
7ea479fbe000-7ea479ffd000 r--p 003bc000 fc:00 49676344                   /mydata/openjdk-mmtk/build/b0test/images/jdk/lib/server/libmmtk_openjdk.so
7ea479ffd000-7ea47a000000 rw-p 003fa000 fc:00 49676344                   /mydata/openjdk-mmtk/build/b0test/images/jdk/lib/server/libmmtk_openjdk.so
7ea47a000000-7ea47a002000 rw-p 00000000 00:00 0 
7ea47a017000-7ea47a025000 rw-p 00000000 00:00 0 
7ea47a025000-7ea47a100000 ---p 00000000 00:00 0 
7ea47a100000-7ea47a104000 ---p 00000000 00:00 0 
7ea47a104000-7ea47a200000 rw-p 00000000 00:00 0 
7ea47a200000-7ea47a4a9000 r--p 00000000 fc:00 49676343                   /mydata/openjdk-mmtk/build/b0test/images/jdk/lib/server/libjvm.so
7ea47a4a9000-7ea47b33c000 r-xp 002a9000 fc:00 49676343                   /mydata/openjdk-mmtk/build/b0test/images/jdk/lib/server/libjvm.so
7ea47b33c000-7ea47b620000 r--p 0113c000 fc:00 49676343                   /mydata/openjdk-mmtk/build/b0test/images/jdk/lib/server/libjvm.so
7ea47b620000-7ea47b6f6000 r--p 0141f000 fc:00 49676343                   /mydata/openjdk-mmtk/build/b0test/images/jdk/lib/server/libjvm.so
7ea47b6f6000-7ea47b726000 rw-p 014f5000 fc:00 49676343                   /mydata/openjdk-mmtk/build/b0test/images/jdk/lib/server/libjvm.so
7ea47b726000-7ea47b78c000 rw-p 00000000 00:00 0 
7ea47b7f0000-7ea47b7f4000 r--p 00000000 fc:00 49676334                   /mydata/openjdk-mmtk/build/b0test/images/jdk/lib/libverify.so
7ea47b7f4000-7ea47b7fb000 r-xp 00004000 fc:00 49676334                   /mydata/openjdk-mmtk/build/b0test/images/jdk/lib/libverify.so
7ea47b7fb000-7ea47b7fd000 r--p 0000b000 fc:00 49676334                   /mydata/openjdk-mmtk/build/b0test/images/jdk/lib/libverify.so
7ea47b7fd000-7ea47b7ff000 r--p 0000c000 fc:00 49676334                   /mydata/openjdk-mmtk/build/b0test/images/jdk/lib/libverify.so
7ea47b7ff000-7ea47b800000 rw-p 0000e000 fc:00 49676334                   /mydata/openjdk-mmtk/build/b0test/images/jdk/lib/libverify.so
7ea47b800000-7ea47b828000 r--p 00000000 08:03 1410238                    /usr/lib/x86_64-linux-gnu/libc.so.6
7ea47b828000-7ea47b9b0000 r-xp 00028000 08:03 1410238                    /usr/lib/x86_64-linux-gnu/libc.so.6
7ea47b9b0000-7ea47b9ff000 r--p 001b0000 08:03 1410238                    /usr/lib/x86_64-linux-gnu/libc.so.6
7ea47b9ff000-7ea47ba03000 r--p 001fe000 08:03 1410238                    /usr/lib/x86_64-linux-gnu/libc.so.6
7ea47ba03000-7ea47ba05000 rw-p 00202000 08:03 1410238                    /usr/lib/x86_64-linux-gnu/libc.so.6
7ea47ba05000-7ea47ba12000 rw-p 00000000 00:00 0 
7ea47ba1e000-7ea47ba20000 r--p 00000000 fc:00 49676335                   /mydata/openjdk-mmtk/build/b0test/images/jdk/lib/libzip.so
7ea47ba20000-7ea47ba25000 r-xp 00002000 fc:00 49676335                   /mydata/openjdk-mmtk/build/b0test/images/jdk/lib/libzip.so
7ea47ba25000-7ea47ba27000 r--p 00007000 fc:00 49676335                   /mydata/openjdk-mmtk/build/b0test/images/jdk/lib/libzip.so
7ea47ba27000-7ea47ba28000 r--p 00008000 fc:00 49676335                   /mydata/openjdk-mmtk/build/b0test/images/jdk/lib/libzip.so
7ea47ba28000-7ea47ba29000 rw-p 00009000 fc:00 49676335                   /mydata/openjdk-mmtk/build/b0test/images/jdk/lib/libzip.so
7ea47ba29000-7ea47ba2c000 r--p 00000000 fc:00 49676331                   /mydata/openjdk-mmtk/build/b0test/images/jdk/lib/libnet.so
7ea47ba2c000-7ea47ba34000 r-xp 00003000 fc:00 49676331                   /mydata/openjdk-mmtk/build/b0test/images/jdk/lib/libnet.so
7ea47ba34000-7ea47ba36000 r--p 0000b000 fc:00 49676331                   /mydata/openjdk-mmtk/build/b0test/images/jdk/lib/libnet.so
7ea47ba36000-7ea47ba37000 r--p 0000c000 fc:00 49676331                   /mydata/openjdk-mmtk/build/b0test/images/jdk/lib/libnet.so
7ea47ba37000-7ea47ba38000 rw-p 0000d000 fc:00 49676331                   /mydata/openjdk-mmtk/build/b0test/images/jdk/lib/libnet.so
7ea47ba38000-7ea47ba3f000 r--p 00000000 fc:00 49676332                   /mydata/openjdk-mmtk/build/b0test/images/jdk/lib/libnio.so
7ea47ba3f000-7ea47ba48000 r-xp 00007000 fc:00 49676332                   /mydata/openjdk-mmtk/build/b0test/images/jdk/lib/libnio.so
7ea47ba48000-7ea47ba4c000 r--p 00010000 fc:00 49676332                   /mydata/openjdk-mmtk/build/b0test/images/jdk/lib/libnio.so
7ea47ba4c000-7ea47ba4d000 r--p 00014000 fc:00 49676332                   /mydata/openjdk-mmtk/build/b0test/images/jdk/lib/libnio.so
7ea47ba4d000-7ea47ba4e000 rw-p 00015000 fc:00 49676332                   /mydata/openjdk-mmtk/build/b0test/images/jdk/lib/libnio.so
7ea47ba4e000-7ea47ba51000 r--p 00000000 08:03 1410420                    /usr/lib/x86_64-linux-gnu/libelf-0.190.so
7ea47ba51000-7ea47ba67000 r-xp 00003000 08:03 1410420                    /usr/lib/x86_64-linux-gnu/libelf-0.190.so
7ea47ba67000-7ea47ba6b000 r--p 00019000 08:03 1410420                    /usr/lib/x86_64-linux-gnu/libelf-0.190.so
7ea47ba6b000-7ea47ba6c000 r--p 0001c000 08:03 1410420                    /usr/lib/x86_64-linux-gnu/libelf-0.190.so
7ea47ba6c000-7ea47ba6d000 rw-p 0001d000 08:03 1410420                    /usr/lib/x86_64-linux-gnu/libelf-0.190.so
7ea47ba70000-7ea47ba77000 r--s 00000000 08:03 1436340                    /usr/lib/x86_64-linux-gnu/gconv/gconv-modules.cache
7ea47ba77000-7ea47ba7f000 rw-p 00000000 00:00 0 
7ea47ba7f000-7ea47ba87000 ---p 00000000 00:00 0 
7ea47ba87000-7ea47ba94000 r--p 00000000 fc:00 49676327                   /mydata/openjdk-mmtk/build/b0test/images/jdk/lib/libjava.so
7ea47ba94000-7ea47baa3000 r-xp 0000d000 fc:00 49676327                   /mydata/openjdk-mmtk/build/b0test/images/jdk/lib/libjava.so
7ea47baa3000-7ea47baa8000 r--p 0001c000 fc:00 49676327                   /mydata/openjdk-mmtk/build/b0test/images/jdk/lib/libjava.so
7ea47baa8000-7ea47baa9000 r--p 00021000 fc:00 49676327                   /mydata/openjdk-mmtk/build/b0test/images/jdk/lib/libjava.so
7ea47baa9000-7ea47baaa000 rw-p 00022000 fc:00 49676327                   /mydata/openjdk-mmtk/build/b0test/images/jdk/lib/libjava.so
7ea47baaa000-7ea47baab000 rw-p 00000000 00:00 0 
7ea47baab000-7ea47bab3000 rw-s 00000000 08:03 237590                     /tmp/hsperfdata_root/270214
7ea47bab3000-7ea47bab7000 r--p 00000000 fc:00 49676328                   /mydata/openjdk-mmtk/build/b0test/images/jdk/lib/libjimage.so
7ea47bab7000-7ea47bace000 r-xp 00004000 fc:00 49676328                   /mydata/openjdk-mmtk/build/b0test/images/jdk/lib/libjimage.so
7ea47bace000-7ea47bad3000 r--p 0001b000 fc:00 49676328                   /mydata/openjdk-mmtk/build/b0test/images/jdk/lib/libjimage.so
7ea47bad3000-7ea47bad5000 r--p 00020000 fc:00 49676328                   /mydata/openjdk-mmtk/build/b0test/images/jdk/lib/libjimage.so
7ea47bad5000-7ea47bad6000 rw-p 00022000 fc:00 49676328                   /mydata/openjdk-mmtk/build/b0test/images/jdk/lib/libjimage.so
7ea47bad6000-7ea47bada000 r--p 00000000 08:03 1410148                    /usr/lib/x86_64-linux-gnu/libgcc_s.so.1
7ea47bada000-7ea47bafe000 r-xp 00004000 08:03 1410148                    /usr/lib/x86_64-linux-gnu/libgcc_s.so.1
7ea47bafe000-7ea47bb02000 r--p 00028000 08:03 1410148                    /usr/lib/x86_64-linux-gnu/libgcc_s.so.1
7ea47bb02000-7ea47bb03000 r--p 0002b000 08:03 1410148                    /usr/lib/x86_64-linux-gnu/libgcc_s.so.1
7ea47bb03000-7ea47bb04000 rw-p 0002c000 08:03 1410148                    /usr/lib/x86_64-linux-gnu/libgcc_s.so.1
7ea47bb04000-7ea47bb14000 r--p 00000000 08:03 1411099                    /usr/lib/x86_64-linux-gnu/libm.so.6
7ea47bb14000-7ea47bb93000 r-xp 00010000 08:03 1411099                    /usr/lib/x86_64-linux-gnu/libm.so.6
7ea47bb93000-7ea47bbeb000 r--p 0008f000 08:03 1411099                    /usr/lib/x86_64-linux-gnu/libm.so.6
7ea47bbeb000-7ea47bbec000 r--p 000e7000 08:03 1411099                    /usr/lib/x86_64-linux-gnu/libm.so.6
7ea47bbec000-7ea47bbed000 rw-p 000e8000 08:03 1411099                    /usr/lib/x86_64-linux-gnu/libm.so.6
7ea47bbed000-7ea47bbef000 rw-p 00000000 00:00 0 
7ea47bbef000-7ea47bbf1000 r--p 00000000 08:03 1409104                    /usr/lib/x86_64-linux-gnu/libz.so.1.3
7ea47bbf1000-7ea47bc03000 r-xp 00002000 08:03 1409104                    /usr/lib/x86_64-linux-gnu/libz.so.1.3
7ea47bc03000-7ea47bc09000 r--p 00014000 08:03 1409104                    /usr/lib/x86_64-linux-gnu/libz.so.1.3
7ea47bc09000-7ea47bc0a000 r--p 0001a000 08:03 1409104                    /usr/lib/x86_64-linux-gnu/libz.so.1.3
7ea47bc0a000-7ea47bc0b000 rw-p 0001b000 08:03 1409104                    /usr/lib/x86_64-linux-gnu/libz.so.1.3
7ea47bc10000-7ea47bc11000 rw-s 00000000 00:10 68                         anon_inode:bpf-map
7ea47bc11000-7ea47bc12000 r--s 00000000 00:10 68                         anon_inode:bpf-map
7ea47bc12000-7ea47bc13000 ---p 00000000 00:00 0 
7ea47bc13000-7ea47bc14000 r--p 00000000 00:00 0 
7ea47bc14000-7ea47bc15000 ---p 00000000 00:00 0 
7ea47bc15000-7ea47bc17000 r--p 00000000 fc:00 49676329                   /mydata/openjdk-mmtk/build/b0test/images/jdk/lib/libjli.so
7ea47bc17000-7ea47bc21000 r-xp 00002000 fc:00 49676329                   /mydata/openjdk-mmtk/build/b0test/images/jdk/lib/libjli.so
7ea47bc21000-7ea47bc24000 r--p 0000c000 fc:00 49676329                   /mydata/openjdk-mmtk/build/b0test/images/jdk/lib/libjli.so
7ea47bc24000-7ea47bc25000 r--p 0000f000 fc:00 49676329                   /mydata/openjdk-mmtk/build/b0test/images/jdk/lib/libjli.so
7ea47bc25000-7ea47bc26000 rw-p 00010000 fc:00 49676329                   /mydata/openjdk-mmtk/build/b0test/images/jdk/lib/libjli.so
7ea47bc26000-7ea47bc28000 rw-p 00000000 00:00 0 
7ea47bc28000-7ea47bc2c000 r--p 00000000 00:00 0                          [vvar]
7ea47bc2c000-7ea47bc2e000 r--p 00000000 00:00 0                          [vvar_vclock]
7ea47bc2e000-7ea47bc30000 r-xp 00000000 00:00 0                          [vdso]
7ea47bc30000-7ea47bc31000 r--p 00000000 08:03 1409763                    /usr/lib/x86_64-linux-gnu/ld-linux-x86-64.so.2
7ea47bc31000-7ea47bc5c000 r-xp 00001000 08:03 1409763                    /usr/lib/x86_64-linux-gnu/ld-linux-x86-64.so.2
7ea47bc5c000-7ea47bc66000 r--p 0002c000 08:03 1409763                    /usr/lib/x86_64-linux-gnu/ld-linux-x86-64.so.2
7ea47bc66000-7ea47bc68000 r--p 00036000 08:03 1409763                    /usr/lib/x86_64-linux-gnu/ld-linux-x86-64.so.2
7ea47bc68000-7ea47bc6a000 rw-p 00038000 08:03 1409763                    /usr/lib/x86_64-linux-gnu/ld-linux-x86-64.so.2
7fffc23e9000-7fffc240a000 rw-p 00000000 00:00 0                          [stack]
ffffffffff600000-ffffffffff601000 --xp 00000000 00:00 0                  [vsyscall]
Total number of mappings: 564

JVMTI agents: none


VM Arguments:
jvm_args: -XX:+UseThirdPartyHeap -Xms512m -Xmx512m 
java_command: /mydata/dacapo/dacapo-23.11/dacapo-23.11-MR2-chopin.jar xalan -n 3
java_class_path (initial): /mydata/dacapo/dacapo-23.11/dacapo-23.11-MR2-chopin.jar
Launcher Type: SUN_STANDARD

[Global flags]
     intx CICompilerCount                          = 15                                        {product} {ergonomic}
   size_t InitialHeapSize                          = 536870912                                 {product} {command line}
   size_t MaxHeapSize                              = 536870912                                 {product} {command line}
   size_t MinHeapDeltaBytes                        = 524288                                    {product} {ergonomic}
   size_t MinHeapSize                              = 536870912                                 {product} {command line}
    uintx NonNMethodCodeHeapSize                   = 8192380                                {pd product} {ergonomic}
    uintx NonProfiledCodeHeapSize                  = 121732930                              {pd product} {ergonomic}
    uintx ProfiledCodeHeapSize                     = 121732930                              {pd product} {ergonomic}
    uintx ReservedCodeCacheSize                    = 251658240                              {pd product} {ergonomic}
     bool SegmentedCodeCache                       = true                                      {product} {ergonomic}
   size_t SoftMaxHeapSize                          = 536870912                              {manageable} {ergonomic}
     bool UseCompressedOops                        = true                           {product lp64_product} {ergonomic}

Logging:
Log output configuration:
 #0: stdout all=warning uptime,level,tags foldmultilines=false
 #1: stderr all=off uptime,level,tags foldmultilines=false

Release file:
IMPLEMENTOR="N/A"
JAVA_RUNTIME_VERSION="21.0.9-internal-adhoc.talzuss.openjdk-mmtk"
JAVA_VERSION="21.0.9"
JAVA_VERSION_DATE="2025-10-21"
LIBC="gnu"
MODULES="java.base java.compiler java.datatransfer java.xml java.prefs java.desktop java.instrument java.logging java.management java.security.sasl java.naming java.rmi java.management.rmi java.net.http java.scripting java.security.jgss java.transaction.xa java.sql java.sql.rowset java.xml.crypto java.se java.smartcardio jdk.accessibility jdk.internal.jvmstat jdk.attach jdk.charsets jdk.internal.opt jdk.zipfs jdk.compiler jdk.crypto.ec jdk.crypto.cryptoki jdk.dynalink jdk.internal.ed jdk.editpad jdk.hotspot.agent jdk.httpserver jdk.incubator.vector jdk.internal.le jdk.internal.vm.ci jdk.internal.vm.compiler jdk.internal.vm.compiler.management jdk.jartool jdk.javadoc jdk.jcmd jdk.management jdk.management.agent jdk.jconsole jdk.jdeps jdk.jdwp.agent jdk.jdi jdk.jfr jdk.jlink jdk.jpackage jdk.jshell jdk.jsobject jdk.jstatd jdk.localedata jdk.management.jfr jdk.naming.dns jdk.naming.rmi jdk.net jdk.nio.mapmode jdk.random jdk.sctp jdk.security.auth jdk.security.jgss jdk.unsupported jdk.unsupported.desktop jdk.xml.dom"
OS_ARCH="x86_64"
OS_NAME="Linux"
SOURCE=".:git:b557520f04b3+"

Environment Variables:
PATH=/usr/local/sbin:/usr/local/bin:/usr/sbin:/usr/bin:/sbin:/bin:/snap/bin
SHELL=/bin/bash
LANG=en_US.UTF-8
TERM=tmux-256color

Active Locale:
LC_ALL=en_US.UTF-8
LC_COLLATE=en_US.UTF-8
LC_CTYPE=en_US.UTF-8
LC_MESSAGES=en_US.UTF-8
LC_MONETARY=en_US.UTF-8
LC_NUMERIC=en_US.UTF-8
LC_TIME=en_US.UTF-8

Signal Handlers:
   SIGSEGV: crash_handler in libjvm.so, mask=11100100010111111101111111111110, flags=SA_RESTART|SA_SIGINFO, unblocked
    SIGBUS: crash_handler in libjvm.so, mask=11100100010111111101111111111110, flags=SA_RESTART|SA_SIGINFO, unblocked
    SIGFPE: crash_handler in libjvm.so, mask=11100100010111111101111111111110, flags=SA_RESTART|SA_SIGINFO, unblocked
   SIGPIPE: javaSignalHandler in libjvm.so, mask=11100100010111111101111111111110, flags=SA_RESTART|SA_SIGINFO, blocked
   SIGXFSZ: javaSignalHandler in libjvm.so, mask=11100100010111111101111111111110, flags=SA_RESTART|SA_SIGINFO, blocked
    SIGILL: crash_handler in libjvm.so, mask=11100100010111111101111111111110, flags=SA_RESTART|SA_SIGINFO, unblocked
   SIGUSR2: SR_handler in libjvm.so, mask=00000000000000000000000000000000, flags=SA_RESTART|SA_SIGINFO, blocked
    SIGHUP: UserHandler in libjvm.so, mask=11100100010111111101111111111110, flags=SA_RESTART|SA_SIGINFO, blocked
    SIGINT: UserHandler in libjvm.so, mask=11100100010111111101111111111110, flags=SA_RESTART|SA_SIGINFO, blocked
   SIGTERM: UserHandler in libjvm.so, mask=11100100010111111101111111111110, flags=SA_RESTART|SA_SIGINFO, blocked
   SIGQUIT: UserHandler in libjvm.so, mask=11100100010111111101111111111110, flags=SA_RESTART|SA_SIGINFO, blocked
   SIGTRAP: crash_handler in libjvm.so, mask=11100100010111111101111111111110, flags=SA_RESTART|SA_SIGINFO, unblocked


Periodic native trim disabled

---------------  S Y S T E M  ---------------

OS:
DISTRIB_ID=Ubuntu
DISTRIB_RELEASE=24.04
DISTRIB_CODENAME=noble
DISTRIB_DESCRIPTION="Ubuntu 24.04.4 LTS"
uname: Linux 6.17.0-bpf-fault+ #1 SMP PREEMPT_DYNAMIC Mon Jul  6 16:43:12 MDT 2026 x86_64
OS uptime: 0 days 18:35 hours
libc: glibc 2.39 NPTL 2.39 
rlimit (soft/hard): STACK 8192k/infinity , CORE 0k/0k , NPROC 513205/513205 , NOFILE 1048576/1048576 , AS infinity/infinity , CPU infinity/infinity , DATA infinity/infinity , FSIZE infinity/infinity , MEMLOCK 16436528k/16436528k
load average: 1.22 1.58 1.36

/proc/meminfo:
MemTotal:       131492232 kB
MemFree:        81991664 kB
MemAvailable:   123743648 kB
Buffers:          504164 kB
Cached:         40656256 kB
SwapCached:            0 kB
Active:          2432532 kB
Inactive:       40352260 kB
Active(anon):    1640856 kB
Inactive(anon):        0 kB
Active(file):     791676 kB
Inactive(file): 40352260 kB
Unevictable:       41912 kB
Mlocked:           38840 kB
SwapTotal:       8388604 kB
SwapFree:        8388604 kB
Zswap:                 0 kB
Zswapped:              0 kB
Dirty:             32820 kB
Writeback:             0 kB
AnonPages:       1668936 kB
Mapped:          3390636 kB
Shmem:              5316 kB
KReclaimable:    1859284 kB
Slab:            2376300 kB
SReclaimable:    1859284 kB
SUnreclaim:       517016 kB
KernelStack:       10592 kB
PageTables:        28240 kB
SecPageTables:      8664 kB
NFS_Unstable:          0 kB
Bounce:                0 kB
WritebackTmp:          0 kB
CommitLimit:    74134720 kB
Committed_AS:   160210148 kB
VmallocTotal:   34359738367 kB
VmallocUsed:       36484 kB
VmallocChunk:          0 kB
Percpu:            48896 kB
HardwareCorrupted:     0 kB
AnonHugePages:         0 kB
ShmemHugePages:        0 kB
ShmemPmdMapped:        0 kB
FileHugePages:   2152448 kB
FilePmdMapped:         0 kB
Unaccepted:            0 kB
Balloon:               0 kB
HugePages_Total:       0
HugePages_Free:        0
HugePages_Rsvd:        0
HugePages_Surp:        0
Hugepagesize:       2048 kB
Hugetlb:               0 kB
DirectMap4k:      596800 kB
DirectMap2M:    18913280 kB
DirectMap1G:    114294784 kB

/sys/kernel/mm/transparent_hugepage/enabled: always [madvise] never
/sys/kernel/mm/transparent_hugepage/hpage_pmd_size: 2097152
/sys/kernel/mm/transparent_hugepage/defrag (defrag/compaction efforts parameter): always defer defer+madvise [madvise] never

Process Memory:
Virtual Size: 13620438252K (peak: 13620438252K)
Resident Set Size: 4307632K (peak: 4307632K) (anon: 1134432K, file: 3173200K, shmem: 0K)
Swapped out: 0K
C-Heap outstanding allocations: 1422629K, retained: 53818K
glibc malloc tunables: (default)

/proc/sys/kernel/threads-max (system-wide limit on the number of threads): 1026411
/proc/sys/vm/max_map_count (maximum number of memory map areas a process may have): 1048576
/proc/sys/vm/swappiness (control to define how aggressively the kernel swaps out anonymous memory): 60
/proc/sys/kernel/pid_max (system-wide limit on number of process identifiers): 4194304

container information not found.
Steal ticks since vm start: 0
Steal ticks percentage since vm start:  0.000

CPU: total 32 (initial active 32) (32 cores per cpu, 2 threads per core) family 23 model 49 stepping 0 microcode 0x830107c, cx8, cmov, fxsr, ht, mmx, 3dnowpref, sse, sse2, sse3, ssse3, sse4a, sse4.1, sse4.2, popcnt, lzcnt, tsc, tscinvbit, avx, avx2, aes, clmul, bmi1, bmi2, adx, sha, fma, vzeroupper, clflush, clflushopt, rdtscp, rdpid, f16c
CPU Model and flags from /proc/cpuinfo:
model name	: AMD EPYC 7302P 16-Core Processor
flags		: fpu vme de pse tsc msr pae mce cx8 apic sep mtrr pge mca cmov pat pse36 clflush mmx fxsr sse sse2 ht syscall nx mmxext fxsr_opt pdpe1gb rdtscp lm constant_tsc rep_good nopl xtopology nonstop_tsc cpuid extd_apicid aperfmperf rapl pni pclmulqdq monitor ssse3 fma cx16 sse4_1 sse4_2 movbe popcnt aes xsave avx f16c rdrand lahf_lm cmp_legacy svm extapic cr8_legacy abm sse4a misalignsse 3dnowprefetch osvw ibs skinit wdt tce topoext perfctr_core perfctr_nb bpext perfctr_llc mwaitx cpb cat_l3 cdp_l3 hw_pstate ssbd mba ibrs ibpb stibp vmmcall fsgsbase bmi1 avx2 smep bmi2 cqm rdt_a rdseed adx smap clflushopt clwb sha_ni xsaveopt xsavec xgetbv1 xsaves cqm_llc cqm_occup_llc cqm_mbm_total cqm_mbm_local clzero irperf xsaveerptr rdpru wbnoinvd amd_ppin arat npt lbrv svm_lock nrip_save tsc_scale vmcb_clean flushbyasid decodeassists pausefilter pfthreshold avic v_vmsave_vmload vgif v_spec_ctrl umip rdpid overflow_recov succor smca sev sev_es

Online cpus: 0-31
Offline cpus: 
BIOS frequency limitation: <Not Available>
Frequency switch latency (ns): <Not Available>
Available cpu frequencies: <Not Available>
Current governor: <Not Available>
Core performance/turbo boost: <Not Available>

Memory: 4k page, physical 131492232k(123743648k free), swap 8388604k(8388604k free)
Page Sizes: 4k

vm_info: OpenJDK 64-Bit Server VM (21.0.9-internal-adhoc.talzuss.openjdk-mmtk) for linux-amd64 JRE (21.0.9-internal-adhoc.talzuss.openjdk-mmtk), built on 2026-07-06T23:13:08Z by "talzuss" with gcc 13.3.0
heap_info: MMTk OpenJDK 0.32.0 (15c0350-dirty), using MMTk 0.32.0 (e989ca8-dirty, BUILTIN_ENV_LOGGER, DEFAULT, EAGER_SWEEPING, VO_BIT)@

END.
