#
# A fatal error has been detected by the Java Runtime Environment:
#
#  SIGSEGV (0xb) at pc=0x00007110b86c3820, pid=266934, tid=266943
#
# JRE version: OpenJDK Runtime Environment (21.0.9) (build 21.0.9-internal-adhoc.talzuss.openjdk-mmtk)
# Java VM: OpenJDK 64-Bit Server VM (21.0.9-internal-adhoc.talzuss.openjdk-mmtk, mixed mode, sharing, tiered, compressed oops, compressed class ptrs, third-party gc, linux-amd64)
# Problematic frame:
# V  [libjvm.so+0xcc3820]  mmtk_get_object_size(void*)+0x30
#
# Core dump will be written. Default location: Core dumps may be processed with "/usr/share/apport/apport -p%p -s%s -c%c -d%d -P%P -u%u -g%g -F%F -- %E" (or dumping to /mydata/mmtk-core/core.266934)
#
# If you would like to submit a bug report, please visit:
#   https://bugreport.java.com/bugreport/crash.jsp
#

---------------  S U M M A R Y ------------

Command Line: -XX:+UseThirdPartyHeap -Xms512m -Xmx512m /mydata/dacapo/dacapo-23.11/dacapo-23.11-MR2-chopin.jar luindex -n 3

Host: AMD EPYC 7302P 16-Core Processor, 32 cores, 125G, Ubuntu 24.04.4 LTS
Time: Tue Jul  7 11:29:22 2026 MDT elapsed time: 23.881076 seconds (0d 0h 0m 23s)

---------------  T H R E A D  ---------------

Current thread (0x00007110b052db30):  NamedThread "MMTk Collector Thread" [id=266943, stack(0x00007110b6000000,0x00007110b6100000) (1024K)]

Stack: [0x00007110b6000000,0x00007110b6100000],  sp=0x00007110b60fe998,  free space=1018k
Native frames: (J=compiled Java code, j=interpreted, Vv=VM code, C=native code)
V  [libjvm.so+0xcc3820]  mmtk_get_object_size(void*)+0x30  (mmtkUpcalls.cpp:217)

siginfo: si_signo: 11 (SIGSEGV), si_code: 1 (SEGV_MAPERR), si_addr: 0x0000000000000100

Registers:
RAX=0x0000000000000000, RBX=0x000000000000000c, RCX=0x0000000000000000, RDX=0x00007110b7ceebe0
RSP=0x00007110b60fe998, RBP=0x0000000000000001, RSI=0x0000000055248028, RDI=0x00006463ee706143
R8 =0x0000000000000004, R9 =0x0000000000000000, R10=0x0000000000000020, R11=0x0000000000000168
R12=0x00007110b60fe9d8, R13=0x00007110b60fe9cb, R14=0x0000000055248028, R15=0x00007110b60fe9d0
RIP=0x00007110b86c3820, EFLAGS=0x0000000000010202, CSGSFS=0x002b000000000033, ERR=0x0000000000000004
  TRAPNO=0x000000000000000e

XMM[0]=0x3434343434343434 0x3434343434343434
XMM[1]=0xffffffffffffffff 0xffffffffffffffff
XMM[2]=0x05ffff55ffffff37 0xff6d0aff0a381134
XMM[3]=0x0000000000000000 0x00000000000000ff
XMM[4]=0x0000000000000000 0x000064635c000090
XMM[5]=0x0000000040073a78 0x0000000040073bb8
XMM[6]=0x0000000040094dd8 0x0000000040094dd8
XMM[7]=0x000000004005f128 0x0000000043c87da8
XMM[8]=0x00000000403a55b0 0x0000000040094dd8
XMM[9]=0x0000000000000000 0x0000000000000000
XMM[10]=0x3f3f3f3f3f3f3f3f 0x3f3f3f3f3f3f3f3f
XMM[11]=0x9999999999999999 0x9999999999999999
XMM[12]=0x2020202020202020 0x2020202020202020
XMM[13]=0x0000000000000000 0x0000000000000000
XMM[14]=0x0000000000000000 0x0000000000000000
XMM[15]=0x0000000000000000 0x0000000000000000
  MXCSR=0x00001fa2


Register to memory mapping:

RAX=0x0 is null
RBX=
[error occurred during error reporting (printing register info), id 0xe0000000, Internal Error (/mydata/mmtk-openjdk/openjdk/share/mmtkHeap.cpp:444)]
RCX=0x0 is null
RDX=
[error occurred during error reporting (printing register info, attempt 2), id 0xe0000000, Internal Error (/mydata/mmtk-openjdk/openjdk/share/mmtkHeap.cpp:444)]
RSP=
[error occurred during error reporting (printing register info, attempt 3), id 0xe0000000, Internal Error (/mydata/mmtk-openjdk/openjdk/share/mmtkHeap.cpp:444)]
Top of Stack: (sp=0x00007110b60fe998)
0x00007110b60fe998:   00007110b76c67fa 0000000055248028
0x00007110b60fe9a8:   00007110b77d99f0 00007110b60fe9d0
0x00007110b60fe9b8:   00007110b76afbc8 00000000c0000000
0x00007110b60fe9c8:   0001000404000000 0000000055248028
0x00007110b60fe9d8:   00007110b77d99f0 00007110b60fe9d0
0x00007110b60fe9e8:   00007110b60fe9cc 00007110b60fe9cd
0x00007110b60fe9f8:   00007110b60fe9ce 00007110b60fe9cb
0x00007110b60fea08:   00007110b03df960 00007110b60feaa0
0x00007110b60fea18:   00007110b60feaa0 0000000000106c18
0x00007110b60fea28:   0000000000080590 000064635c00b1e0
0x00007110b60fea38:   0000000000040000 0000000000020d83
0x00007110b60fea48:   00007110b76ece80 00007110b0070500
0x00007110b60fea58:   00007110b0070200 00007110b006ff00
0x00007110b60fea68:   000064635c00b1e0 0000000000040000
0x00007110b60fea78:   0000000000020d83 00007110b052b460
0x00007110b60fea88:   00007110b03df960 0000000000000000
0x00007110b60fea98:   00007110b76ecd82 0000000000002000
0x00007110b60feaa8:   000064635c20b1f0 0000000000001b00
0x00007110b60feab8:   8000000000000000 000064635c00b1e0
0x00007110b60feac8:   0000000000020d83 00007110b03df960
0x00007110b60fead8:   00007110b052b460 00007110b0046210
0x00007110b60feae8:   00007110b006ce80 0000646358008f20
0x00007110b60feaf8:   00007110b77c0b98 00007110b77fd950
0x00007110b60feb08:   00007110b768be4d 00006463ffffffff
0x00007110b60feb18:   00007110b60feb60 00007110b052b460
0x00007110b60feb28:   00007110b0046220 00007110b006d200
0x00007110b60feb38:   00007110b052b5c0 00007110b006cf00
0x00007110b60feb48:   0000711000000000 00000000000104b8
0x00007110b60feb58:   dfe628b52c5680c5 0000000000000000
0x00007110b60feb68:   0000000000000000 0000000000000000
0x00007110b60feb78:   00007110b03dfbe0 00000000000104b8
0x00007110b60feb88:   000064632c1580c3 0000000000000001 

Instructions: (pc=0x00007110b86c3820)
0x00007110b86c3720:   48 d3 e8 48 89 c1 89 0a 48 83 c4 08 5b 41 5c 41
0x00007110b86c3730:   5d 5d c3 0f 1f 44 00 00 4c 8d 25 9d af 87 00 4c
0x00007110b86c3740:   8d 14 f2 49 89 f8 eb 29 0f 1f 84 00 00 00 00 00
0x00007110b86c3750:   4c 8d 1d 59 77 83 00 89 ce 41 8b 4b 08 48 d3 e6
0x00007110b86c3760:   48 89 f1 49 03 0b 74 20 48 83 c0 08 49 39 c2 74
0x00007110b86c3770:   84 48 8b 10 4c 89 c3 4c 39 c2 74 ec 4d 63 0c 24
0x00007110b86c3780:   41 8b 0c 11 85 c9 75 c8 4d 01 c1 31 c9 48 85 d2
0x00007110b86c3790:   74 16 48 8d 0d 17 77 83 00 48 89 d6 48 2b 31 8b
0x00007110b86c37a0:   49 08 48 d3 ee 48 89 f1 41 89 09 48 89 d3 49 89
0x00007110b86c37b0:   d0 eb b5 0f 1f 44 00 00 c3 0f 1f 80 00 00 00 00
0x00007110b86c37c0:   48 89 02 48 83 c4 08 5b 41 5c 41 5d 5d c3 66 90
0x00007110b86c37d0:   4c 8d 2d de 8c 87 00 4c 8d 25 fe ae 87 00 48 89
0x00007110b86c37e0:   fb e9 0f ff ff ff 66 2e 0f 1f 84 00 00 00 00 00
0x00007110b86c37f0:   f3 0f 1e fa 48 8d 05 0d 8f 83 00 48 89 fe 80 38
0x00007110b86c3800:   00 74 3d 48 8d 05 96 76 83 00 8b 7f 08 8b 48 08
0x00007110b86c3810:   48 d3 e7 48 03 38 48 8b 07 48 8d 15 c0 b3 62 ff
0x00007110b86c3820:   48 8b 80 00 01 00 00 48 39 d0 75 24 8b 47 08 c1
0x00007110b86c3830:   f8 03 48 98 48 c1 e0 03 c3 0f 1f 80 00 00 00 00
0x00007110b86c3840:   48 8b 7f 08 eb d0 66 2e 0f 1f 84 00 00 00 00 00
0x00007110b86c3850:   55 48 89 e5 ff d0 5d 48 c1 e0 03 c3 0f 1f 40 00
0x00007110b86c3860:   f3 0f 1e fa 55 48 89 e5 53 48 83 ec 08 66 48 8d
0x00007110b86c3870:   3d f3 26 83 00 66 66 48 e8 f3 5d 5e ff 48 8b 18
0x00007110b86c3880:   48 8d 05 f1 89 87 00 80 38 00 c7 83 64 07 00 00
0x00007110b86c3890:   06 00 00 00 75 05 f0 83 04 24 00 48 8b 83 68 07
0x00007110b86c38a0:   00 00 a8 01 75 3a 8b 83 60 07 00 00 a8 0c 75 49
0x00007110b86c38b0:   c7 83 64 07 00 00 06 00 00 00 e8 61 5c 5e ff 48
0x00007110b86c38c0:   8d bb b8 06 00 00 e8 15 ff ae ff c7 83 64 07 00
0x00007110b86c38d0:   00 04 00 00 00 48 8b 5d f8 c9 c3 0f 1f 44 00 00
0x00007110b86c38e0:   31 d2 be 01 00 00 00 48 89 df e8 71 cf 11 00 8b
0x00007110b86c38f0:   83 60 07 00 00 a8 0c 74 b7 48 89 df e8 4f 06 c8
0x00007110b86c3900:   ff eb ad 66 66 2e 0f 1f 84 00 00 00 00 00 66 90
0x00007110b86c3910:   f3 0f 1e fa 55 48 89 f1 48 89 f8 31 d2 48 89 e5 


Stack slot to memory mapping:

stack at sp + 0 slots: 
[error occurred during error reporting (inspecting top of stack), id 0xe0000000, Internal Error (/mydata/mmtk-openjdk/openjdk/share/mmtkHeap.cpp:444)]
stack at sp + 1 slots: 
[error occurred during error reporting (inspecting top of stack, attempt 2), id 0xe0000000, Internal Error (/mydata/mmtk-openjdk/openjdk/share/mmtkHeap.cpp:444)]
stack at sp + 2 slots: 
[error occurred during error reporting (inspecting top of stack, attempt 3), id 0xe0000000, Internal Error (/mydata/mmtk-openjdk/openjdk/share/mmtkHeap.cpp:444)]

---------------  P R O C E S S  ---------------

Threads class SMR info:
_java_thread_list=0x00006462cc44ea80, length=12, elements={
0x00007110b002b240, 0x00007110b0526750, 0x00007110b0527fe0, 0x00007110b0529af0,
0x00007110b0548320, 0x00007110b0549c70, 0x00007110b054b530, 0x00007110b054d370,
0x00007110b0556d40, 0x00007110b059de30, 0x00007110b05a0e30, 0x00006462f4bc01d0
}

Java Threads: ( => current thread )
  0x00007110b002b240 JavaThread "main"                              [_thread_blocked, id=266935, stack(0x00007110b7900000,0x00007110b7a00000) (1024K)]
  0x00007110b0526750 JavaThread "Reference Handler"          daemon [_thread_blocked, id=266940, stack(0x00007110b6300000,0x00007110b6400000) (1024K)]
  0x00007110b0527fe0 JavaThread "Finalizer"                  daemon [_thread_blocked, id=266941, stack(0x00007110b6200000,0x00007110b6300000) (1024K)]
  0x00007110b0529af0 JavaThread "MMTk Finalizer Thread"      daemon [_thread_blocked, id=266942, stack(0x00007110b6100000,0x00007110b6200000) (1024K)]
  0x00007110b0548320 JavaThread "Signal Dispatcher"          daemon [_thread_blocked, id=266966, stack(0x00007110b48e9000,0x00007110b49e9000) (1024K)]
  0x00007110b0549c70 JavaThread "Service Thread"             daemon [_thread_blocked, id=266967, stack(0x00007110b47e9000,0x00007110b48e9000) (1024K)]
  0x00007110b054b530 JavaThread "Monitor Deflation Thread"   daemon [_thread_blocked, id=266968, stack(0x00007110b46e9000,0x00007110b47e9000) (1024K)]
  0x00007110b054d370 JavaThread "C2 CompilerThread0"         daemon [_thread_blocked, id=266969, stack(0x00007110b45e9000,0x00007110b46e9000) (1024K)]
  0x00007110b0556d40 JavaThread "C1 CompilerThread0"         daemon [_thread_blocked, id=266970, stack(0x00007110b44e9000,0x00007110b45e9000) (1024K)]
  0x00007110b059de30 JavaThread "Notification Thread"        daemon [_thread_blocked, id=266973, stack(0x00007110b4118000,0x00007110b4218000) (1024K)]
  0x00007110b05a0e30 JavaThread "Common-Cleaner"             daemon [_thread_blocked, id=266974, stack(0x00007110b4018000,0x00007110b4118000) (1024K)]
  0x00006462f4bc01d0 JavaThread "C2 CompilerThread1"         daemon [_thread_blocked, id=267010, stack(0x00007110786ff000,0x00007110787ff000) (1024K)]
Total: 12

Other Threads:
  0x00007110b051b2a0 VMThread "VM Thread"                           [id=266939, stack(0x00007110b66fd000,0x00007110b67fd000) (1024K)]
  0x00007110b0508ef0 WatcherThread "VM Periodic Task Thread"        [id=266938, stack(0x00007110b67fe000,0x00007110b68fe000) (1024K)]

=>0x00007110b052db30 (exited) NamedThread "MMTk Collector Thread"   [id=266943, stack(0x00007110b6000000,0x00007110b6100000) (1024K)]
Total: 3

Threads with active compile tasks:
Total: 0

VM state: at safepoint (normal execution)

VM Mutex/Monitor currently owned by a thread:  ([mutex/lock_event])
[0x00007110b8f580d0] Threads_lock - owner thread: 0x00007110b051b2a0
[0x00007110b8f57fd0] Heap_lock - owner thread: 0x00007110b03e48a0

Heap address: 0x0000000040000000, size: 3072 MB, Compressed Oops mode: 32-bit

CDS archive(s) mapped at: [0x000064637f000000-0x000064637fca3000-0x000064637fca3000), size 13250560, SharedBaseAddress: 0x000064637f000000, ArchiveRelocationMode: 1.
Compressed class space mapped at: 0x0000646380000000-0x00006463c0000000, reserved size: 1073741824
Narrow klass base: 0x000064637f000000, Narrow klass shift: 0, Narrow klass range: 0x100000000

GC Precious Log:
<Empty>

Heap:

[error occurred during error reporting (printing heap information), id 0xe0000000, Internal Error (/mydata/mmtk-openjdk/openjdk/share/mmtkHeap.cpp:424)]
Metaspace:

Usage:
  Non-class:      8.73 MB used.
      Class:      1.04 MB used.
       Both:      9.77 MB used.

Virtual space:
  Non-class space:       64.00 MB reserved,       8.94 MB ( 14%) committed,  1 nodes.
      Class space:        1.00 GB reserved,       1.19 MB ( <1%) committed,  1 nodes.
             Both:        1.06 GB reserved,      10.12 MB ( <1%) committed. 

Chunk freelists:
   Non-Class:  6.61 MB
       Class:  14.75 MB
        Both:  21.35 MB

MaxMetaspaceSize: unlimited
CompressedClassSpaceSize: 1.00 GB
Initial GC threshold: 21.00 MB
Current GC threshold: 21.00 MB
CDS: on
 - commit_granule_bytes: 65536.
 - commit_granule_words: 8192.
 - virtual_space_node_default_size: 8388608.
 - enlarge_chunks_in_place: 1.
 - use_allocation_guard: 0.


Internal statistics:

num_allocs_failed_limit: 0.
num_arena_births: 268.
num_arena_deaths: 0.
num_vsnodes_births: 2.
num_vsnodes_deaths: 0.
num_space_committed: 162.
num_space_uncommitted: 0.
num_chunks_returned_to_freelist: 0.
num_chunks_taken_from_freelist: 570.
num_chunk_merges: 0.
num_chunk_splits: 381.
num_chunks_enlarged: 263.
num_inconsistent_stats: 0.

CodeHeap 'non-profiled nmethods': size=118880Kb used=4268Kb max_used=4268Kb free=114612Kb
 bounds [0x00007110a03e8000, 0x00007110a0818000, 0x00007110a7800000]
CodeHeap 'profiled nmethods': size=118876Kb used=5435Kb max_used=5435Kb free=113440Kb
 bounds [0x0000711098800000, 0x0000711098d50000, 0x000071109fc17000]
CodeHeap 'non-nmethods': size=8004Kb used=1243Kb max_used=3576Kb free=6760Kb
 bounds [0x000071109fc17000, 0x00007110a0007000, 0x00007110a03e8000]
CodeCache: size=245760Kb, used=10946Kb, max_used=13279Kb, free=234812Kb
 total_blobs=3892, nmethods=3361, adapters=435, full_count=0
Compilation: enabled, stopped_count=0, restarted_count=0

Compilation events (20 events):
Event: 23.383 Thread 0x00006462f4bc01d0 3358   !   4       org.apache.lucene.index.ConcurrentApproximatePriorityQueue::poll (215 bytes)
Event: 23.386 Thread 0x00007110b054d370 nmethod 3352 0x00007110a07f9990 code [0x00007110a07f9b80, 0x00007110a07fa370]
Event: 23.386 Thread 0x00007110b054d370 3354   !   4       org.apache.lucene.index.IndexWriter::updateDocuments (113 bytes)
Event: 23.388 Thread 0x00006462f47ad040 nmethod 3359 0x00007110a07fa810 code [0x00007110a07faa40, 0x00007110a07fb340]
Event: 23.388 Thread 0x00006462f47ad040 3355   !   4       org.apache.lucene.index.DocumentsWriter::updateDocuments (235 bytes)
Event: 23.397 Thread 0x00006462f4bc01d0 nmethod 3358 0x00007110a07fbb90 code [0x00007110a07fbee0, 0x00007110a07fcf08]
Event: 23.397 Thread 0x00006462f4bc01d0 3356       4       org.apache.lucene.index.DocumentsWriter::preUpdate (71 bytes)
Event: 23.399 Thread 0x00006462f4bc01d0 nmethod 3356 0x00007110a07fde90 code [0x00007110a07fe040, 0x00007110a07fe328]
Event: 23.399 Thread 0x00006462f4bc01d0 3357   !   4       org.apache.lucene.index.DocumentsWriterFlushControl::obtainAndLock (99 bytes)
Event: 23.400 Thread 0x00006462f4bc01d0 nmethod 3357 0x00007110a07fe510 code [0x00007110a07fe6c0, 0x00007110a07fe8e8]
Event: 23.400 Thread 0x00006462f4bc01d0 3360       4       org.apache.lucene.index.DocumentsWriter$$Lambda/0x00006463800ac9d8::run (8 bytes)
Event: 23.400 Thread 0x00006462f4bc01d0 nmethod 3360 0x00007110a07feb10 code [0x00007110a07fec80, 0x00007110a07fed30]
Event: 23.424 Thread 0x00006462f4bc01d0 3362       4       java.lang.StringLatin1::indexOf (121 bytes)
Event: 23.427 Thread 0x00006462f4bc01d0 nmethod 3362 0x00007110a07ff110 code [0x00007110a07ff2a0, 0x00007110a07ff590]
Event: 23.443 Thread 0x00006462f4bc01d0 3363   !   4       org.apache.lucene.index.ConcurrentApproximatePriorityQueue::add (160 bytes)
Event: 23.448 Thread 0x00006462f4bc01d0 nmethod 3363 0x00007110a07ff790 code [0x00007110a07ff9c0, 0x00007110a0800080]
Event: 23.450 Thread 0x00006462f47ad040 nmethod 3355 0x00007110a0800710 code [0x00007110a0800f00, 0x00007110a0805670]
Event: 23.458 Thread 0x00007110b054d370 nmethod 3354 0x00007110a0809390 code [0x00007110a0809bc0, 0x00007110a080e810]
Event: 23.861 Thread 0x00006462f4bc01d0 3364       4       org.apache.lucene.index.IndexWriter::updateDocument (21 bytes)
Event: 23.863 Thread 0x00006462f4bc01d0 nmethod 3364 0x00007110a0812b90 code [0x00007110a0812d20, 0x00007110a0812ed8]

GC Heap History (0 events):
No events

Dll operation events (8 events):
Event: 0.001 Loaded shared library /mydata/openjdk-mmtk/build/b0test/images/jdk/lib/libjava.so
Event: 2.235 Loaded shared library /mydata/openjdk-mmtk/build/b0test/images/jdk/lib/libjsvml.so
Event: 2.248 Loaded shared library /mydata/openjdk-mmtk/build/b0test/images/jdk/lib/libnio.so
Event: 2.251 Loaded shared library /mydata/openjdk-mmtk/build/b0test/images/jdk/lib/libzip.so
Event: 2.264 Loaded shared library /mydata/openjdk-mmtk/build/b0test/images/jdk/lib/libjimage.so
Event: 2.291 Loaded shared library /mydata/openjdk-mmtk/build/b0test/images/jdk/lib/libnet.so
Event: 16.894 Loaded shared library /mydata/openjdk-mmtk/build/b0test/images/jdk/lib/libmanagement.so
Event: 16.895 Loaded shared library /mydata/openjdk-mmtk/build/b0test/images/jdk/lib/libmanagement_ext.so

Deoptimization events (20 events):
Event: 23.145 Thread 0x00007110b002b240 DEOPT PACKING pc=0x0000711098d4c9b3 sp=0x00007110b79fdf30
Event: 23.145 Thread 0x00007110b002b240 DEOPT UNPACKING pc=0x000071109fc6ab2f sp=0x00007110b79fd458 mode 0
Event: 23.146 Thread 0x00007110b002b240 DEOPT PACKING pc=0x0000711098d4c9b3 sp=0x00007110b79fdf30
Event: 23.146 Thread 0x00007110b002b240 DEOPT UNPACKING pc=0x000071109fc6ab2f sp=0x00007110b79fd458 mode 0
Event: 23.147 Thread 0x00007110b002b240 DEOPT PACKING pc=0x0000711098d4c9b3 sp=0x00007110b79fdf30
Event: 23.147 Thread 0x00007110b002b240 DEOPT UNPACKING pc=0x000071109fc6ab2f sp=0x00007110b79fd458 mode 0
Event: 23.148 Thread 0x00007110b002b240 DEOPT PACKING pc=0x0000711098d4c9b3 sp=0x00007110b79fdf30
Event: 23.148 Thread 0x00007110b002b240 DEOPT UNPACKING pc=0x000071109fc6ab2f sp=0x00007110b79fd458 mode 0
Event: 23.149 Thread 0x00007110b002b240 DEOPT PACKING pc=0x0000711098d4c9b3 sp=0x00007110b79fdf30
Event: 23.149 Thread 0x00007110b002b240 DEOPT UNPACKING pc=0x000071109fc6ab2f sp=0x00007110b79fd458 mode 0
Event: 23.150 Thread 0x00007110b002b240 DEOPT PACKING pc=0x0000711098d4c9b3 sp=0x00007110b79fdf30
Event: 23.150 Thread 0x00007110b002b240 DEOPT UNPACKING pc=0x000071109fc6ab2f sp=0x00007110b79fd458 mode 0
Event: 23.151 Thread 0x00007110b002b240 DEOPT PACKING pc=0x0000711098d4c9b3 sp=0x00007110b79fdf30
Event: 23.151 Thread 0x00007110b002b240 DEOPT UNPACKING pc=0x000071109fc6ab2f sp=0x00007110b79fd458 mode 0
Event: 23.152 Thread 0x00007110b002b240 DEOPT PACKING pc=0x0000711098d4c9b3 sp=0x00007110b79fdf30
Event: 23.152 Thread 0x00007110b002b240 DEOPT UNPACKING pc=0x000071109fc6ab2f sp=0x00007110b79fd458 mode 0
Event: 23.153 Thread 0x00007110b002b240 DEOPT PACKING pc=0x0000711098d4c9b3 sp=0x00007110b79fdf30
Event: 23.153 Thread 0x00007110b002b240 DEOPT UNPACKING pc=0x000071109fc6ab2f sp=0x00007110b79fd458 mode 0
Event: 23.153 Thread 0x00007110b002b240 DEOPT PACKING pc=0x0000711098d4c9b3 sp=0x00007110b79fdf30
Event: 23.153 Thread 0x00007110b002b240 DEOPT UNPACKING pc=0x000071109fc6ab2f sp=0x00007110b79fd458 mode 0

Classes loaded (20 events):
Event: 23.049 Loading class java/util/function/BooleanSupplier
Event: 23.049 Loading class java/util/function/BooleanSupplier done
Event: 23.049 Loading class java/lang/invoke/MethodHandle$1
Event: 23.049 Loading class java/lang/invoke/MethodHandle$1 done
Event: 23.080 Loading class java/nio/file/StandardCopyOption
Event: 23.081 Loading class java/nio/file/StandardCopyOption done
Event: 23.081 Loading class sun/nio/fs/UnixFileSystem$Flags
Event: 23.081 Loading class sun/nio/fs/UnixFileSystem$Flags done
Event: 23.082 Loading class java/util/ArrayDeque$DeqSpliterator
Event: 23.082 Loading class java/util/ArrayDeque$DeqSpliterator done
Event: 23.083 Loading class java/io/FileOutputStream$1
Event: 23.083 Loading class java/io/FileOutputStream$1 done
Event: 23.083 Loading class java/security/NoSuchAlgorithmException
Event: 23.083 Loading class java/security/GeneralSecurityException
Event: 23.083 Loading class java/security/GeneralSecurityException done
Event: 23.083 Loading class java/security/NoSuchAlgorithmException done
Event: 23.083 Loading class sun/security/provider/SHA
Event: 23.083 Loading class sun/security/provider/SHA done
Event: 23.084 Loading class sun/security/provider/ByteArrayAccess$BE
Event: 23.084 Loading class sun/security/provider/ByteArrayAccess$BE done

Classes unloaded (0 events):
No events

Classes redefined (0 events):
No events

Internal exceptions (20 events):
Event: 18.711 Thread 0x00007110b002b240 Exception <a 'java/lang/NoSuchMethodError'{0x000000004081a968}: 'java.lang.Object java.lang.invoke.DirectMethodHandle$Holder.invokeStaticInit(java.lang.Object, long, long, long)'> (0x000000004081a968) 
thrown [src/hotspot/share/interpreter/linkResolver.cpp, line 772]
Event: 18.834 Thread 0x00007110b002b240 Exception <a 'java/lang/NoSuchMethodError'{0x0000000041005a28}: 'void java.lang.invoke.DirectMethodHandle$Holder.invokeStatic(java.lang.Object, java.lang.Object, java.lang.Object, java.lang.Object)'> (0x0000000041005a28) 
thrown [src/hotspot/share/interpreter/linkResolver.cpp, line 772]
Event: 19.240 Thread 0x00007110b002b240 Exception <a 'java/lang/NoSuchMethodError'{0x000000004c4563a0}: 'void java.lang.invoke.DirectMethodHandle$Holder.invokeInterface(java.lang.Object, java.lang.Object, java.lang.Object)'> (0x000000004c4563a0) 
thrown [src/hotspot/share/interpreter/linkResolver.cpp, line 772]
Event: 19.252 Thread 0x00007110b002b240 Implicit null exception at 0x00007110a05056ba to 0x00007110a0505958
Event: 19.255 Thread 0x00007110b002b240 Implicit null exception at 0x00007110a04a111d to 0x00007110a04a27b0
Event: 20.901 Thread 0x00007110b002b240 Implicit null exception at 0x00007110a051f786 to 0x00007110a051f9cc
Event: 20.902 Thread 0x00007110b002b240 Implicit null exception at 0x00007110a05cb98e to 0x00007110a05d1214
Event: 22.057 Thread 0x00007110b088bfe0 Implicit null exception at 0x00007110a0413d6b to 0x00007110a0413e10
Event: 22.074 Thread 0x00007110b088bfe0 Implicit null exception at 0x00007110a042073f to 0x00007110a0420a18
Event: 22.098 Thread 0x00007110b088bfe0 Implicit null exception at 0x00007110a058e76e to 0x00007110a058f188
Event: 23.025 Thread 0x00007110b088bfe0 Implicit null exception at 0x00007110a0784049 to 0x00007110a0786420
Event: 23.026 Thread 0x00007110b088bfe0 Implicit null exception at 0x00007110a06eaac2 to 0x00007110a06ec398
Event: 23.026 Thread 0x00007110b088bfe0 Implicit null exception at 0x00007110a06e805b to 0x00007110a06e8c18
Event: 23.026 Thread 0x00007110b088bfe0 Implicit null exception at 0x00007110a06d9ad4 to 0x00007110a06d9f4c
Event: 23.029 Thread 0x00007110b088bfe0 Implicit null exception at 0x00007110a06c7316 to 0x00007110a06c7448
Event: 23.046 Thread 0x00007110b088bfe0 Exception <a 'java/lang/NoSuchMethodError'{0x00000000552eefc8}: 'java.lang.Object java.lang.invoke.DirectMethodHandle$Holder.newInvokeSpecial(java.lang.Object, java.lang.Object, java.lang.Object, int)'> (0x00000000552eefc8) 
thrown [src/hotspot/share/interpreter/linkResolver.cpp, line 772]
Event: 23.047 Thread 0x00007110b088bfe0 Exception <a 'java/lang/NoSuchMethodError'{0x00000000552e2e18}: 'java.lang.Object java.lang.invoke.DirectMethodHandle$Holder.invokeSpecial(java.lang.Object, java.lang.Object, java.lang.Object, java.lang.Object, int)'> (0x00000000552e2e18) 
thrown [src/hotspot/share/interpreter/linkResolver.cpp, line 772]
Event: 23.047 Thread 0x00007110b088bfe0 Exception <a 'java/lang/NoSuchMethodError'{0x00000000552e64d0}: 'java.lang.Object java.lang.invoke.Invokers$Holder.linkToTargetMethod(java.lang.Object, java.lang.Object, int, java.lang.Object)'> (0x00000000552e64d0) 
thrown [src/hotspot/share/interpreter/linkResolver.cpp, line 772]
Event: 23.047 Thread 0x00007110b088bfe0 Exception <a 'java/lang/NoSuchMethodError'{0x00000000552de698}: 'java.lang.Object java.lang.invoke.DirectMethodHandle$Holder.invokeInterface(java.lang.Object, java.lang.Object)'> (0x00000000552de698) 
thrown [src/hotspot/share/interpreter/linkResolver.cpp, line 772]
Event: 23.096 Thread 0x00007110b002b240 Exception <a 'sun/nio/fs/UnixException'{0x000000005524ac80}> (0x000000005524ac80) 
thrown [src/hotspot/share/prims/jni.cpp, line 520]

ZGC Phase Switch (0 events):
No events

VM Operations (20 events):
Event: 22.849 Executing VM operation: ThirdPartyHeapOperation done
Event: 23.044 Executing VM operation: HandshakeAllThreads (CloseScopedMemory)
Event: 23.044 Executing VM operation: HandshakeAllThreads (CloseScopedMemory) done
Event: 23.050 Executing VM operation: HandshakeAllThreads (CloseScopedMemory)
Event: 23.050 Executing VM operation: HandshakeAllThreads (CloseScopedMemory) done
Event: 23.051 Executing VM operation: HandshakeAllThreads (CloseScopedMemory)
Event: 23.051 Executing VM operation: HandshakeAllThreads (CloseScopedMemory) done
Event: 23.052 Executing VM operation: HandshakeAllThreads (CloseScopedMemory)
Event: 23.052 Executing VM operation: HandshakeAllThreads (CloseScopedMemory) done
Event: 23.084 Executing VM operation: HandshakeAllThreads (Deoptimize)
Event: 23.084 Executing VM operation: HandshakeAllThreads (Deoptimize) done
Event: 23.085 Executing VM operation: HandshakeAllThreads (Deoptimize)
Event: 23.085 Executing VM operation: HandshakeAllThreads (Deoptimize) done
Event: 23.091 Executing VM operation: ThirdPartyHeapOperation
Event: 23.095 Executing VM operation: ThirdPartyHeapOperation done
Event: 23.098 Executing VM operation: ThirdPartyHeapOperation
Event: 23.109 Executing VM operation: ThirdPartyHeapOperation done
Event: 23.865 Executing VM operation: ThirdPartyHeapOperation
Event: 23.870 Executing VM operation: ThirdPartyHeapOperation done
Event: 23.873 Executing VM operation: ThirdPartyHeapOperation

Memory protections (20 events):
Event: 18.451 Protecting memory [0x00007110b4218000,0x00007110b421c000] with protection modes 0
Event: 18.702 Protecting memory [0x00007110b4218000,0x00007110b421c000] with protection modes 0
Event: 18.783 Protecting memory [0x00007110785ff000,0x0000711078603000] with protection modes 0
Event: 18.873 Protecting memory [0x00006463c42fc000,0x00006463c4300000] with protection modes 0
Event: 18.890 Protecting memory [0x000064637ee00000,0x000064637ee04000] with protection modes 0
Event: 18.895 Protecting memory [0x000064637ed00000,0x000064637ed04000] with protection modes 0
Event: 18.916 Protecting memory [0x000064637ec00000,0x000064637ec04000] with protection modes 0
Event: 20.776 Protecting memory [0x00007110786ff000,0x0000711078703000] with protection modes 0
Event: 20.908 Protecting memory [0x00007110b4218000,0x00007110b421c000] with protection modes 0
Event: 20.908 Protecting memory [0x000064637ef00000,0x000064637ef04000] with protection modes 0
Event: 21.976 Protecting memory [0x00007110786ff000,0x0000711078703000] with protection modes 0
Event: 22.051 Protecting memory [0x00007110b4218000,0x00007110b421c000] with protection modes 0
Event: 22.081 Protecting memory [0x000064637ef00000,0x000064637ef04000] with protection modes 0
Event: 22.081 Protecting memory [0x00007110785ff000,0x0000711078603000] with protection modes 0
Event: 22.082 Protecting memory [0x00006463c42fc000,0x00006463c4300000] with protection modes 0
Event: 22.112 Protecting memory [0x000064637ee00000,0x000064637ee04000] with protection modes 0
Event: 22.117 Protecting memory [0x000064637ed00000,0x000064637ed04000] with protection modes 0
Event: 22.126 Protecting memory [0x000064637ec00000,0x000064637ec04000] with protection modes 0
Event: 22.134 Protecting memory [0x00006463c40fc000,0x00006463c4100000] with protection modes 0
Event: 22.135 Protecting memory [0x000064637e300000,0x000064637e304000] with protection modes 0

Nmethod flushes (0 events):
No events

Events (20 events):
Event: 22.051 Thread 0x00007110b002b240 Thread added: 0x00007110b088bfe0
Event: 22.081 Thread 0x00007110b054d370 Thread added: 0x00006462f47ad040
Event: 22.081 Thread 0x00007110b054d370 Thread added: 0x00006462f47ade30
Event: 22.082 Thread 0x00007110b054d370 Thread added: 0x00006462f460da80
Event: 22.112 Thread 0x00006462ec078890 Thread added: 0x00006462d41519f0
Event: 22.117 Thread 0x00006462f47ade30 Thread added: 0x00006462e02e1c30
Event: 22.126 Thread 0x00006462f47ad040 Thread added: 0x00006462cc0cc820
Event: 22.134 Thread 0x00006462f805e400 Thread added: 0x00006462ec221900
Event: 22.135 Thread 0x00006462f805e400 Thread added: 0x00006462ec2229e0
Event: 22.449 Thread 0x00006462ec2229e0 Thread exited: 0x00006462ec2229e0
Event: 22.775 Thread 0x00006462ec078890 Thread exited: 0x00006462ec078890
Event: 22.784 Thread 0x00006462ec221900 Thread exited: 0x00006462ec221900
Event: 23.019 Thread 0x00006462cc0cc820 Thread exited: 0x00006462cc0cc820
Event: 23.026 Thread 0x00006462e02e1c30 Thread exited: 0x00006462e02e1c30
Event: 23.026 Thread 0x00006462d41519f0 Thread exited: 0x00006462d41519f0
Event: 23.055 Thread 0x00007110b088bfe0 Thread exited: 0x00007110b088bfe0
Event: 23.292 Thread 0x00006462f460da80 Thread exited: 0x00006462f460da80
Event: 23.294 Thread 0x00006462f47ade30 Thread exited: 0x00006462f47ade30
Event: 23.861 Thread 0x00006462f805e400 Thread exited: 0x00006462f805e400
Event: 23.861 Thread 0x00006462f47ad040 Thread exited: 0x00006462f47ad040


Dynamic libraries:
40000000-40400000 rw-p 00000000 00:00 0                                  [anon:mmtk:space:immix]
40400000-40800000 rw-p 00000000 00:00 0                                  [anon:mmtk:space:los]
40800000-41400000 rw-p 00000000 00:00 0                                  [anon:mmtk:space:immix]
41400000-43c00000 rw-p 00000000 00:00 0                                  [anon:mmtk:space:los]
43c00000-44000000 rw-p 00000000 00:00 0                                  [anon:mmtk:space:immix]
44000000-45c00000 rw-p 00000000 00:00 0                                  [anon:mmtk:space:los]
45c00000-46000000 rw-p 00000000 00:00 0                                  [anon:mmtk:space:immix]
46000000-47800000 rw-p 00000000 00:00 0                                  [anon:mmtk:space:los]
47800000-47c00000 rw-p 00000000 00:00 0                                  [anon:mmtk:space:immix]
47c00000-49000000 rw-p 00000000 00:00 0                                  [anon:mmtk:space:los]
49000000-49400000 rw-p 00000000 00:00 0                                  [anon:mmtk:space:immix]
49400000-4a000000 rw-p 00000000 00:00 0                                  [anon:mmtk:space:los]
4a000000-4a400000 rw-p 00000000 00:00 0                                  [anon:mmtk:space:immix]
4a400000-4c400000 rw-p 00000000 00:00 0                                  [anon:mmtk:space:los]
4c400000-4c800000 rw-p 00000000 00:00 0                                  [anon:mmtk:space:immix]
4c800000-4e000000 rw-p 00000000 00:00 0                                  [anon:mmtk:space:los]
4e000000-4e400000 rw-p 00000000 00:00 0                                  [anon:mmtk:space:immix]
4e400000-4f400000 rw-p 00000000 00:00 0                                  [anon:mmtk:space:los]
4f400000-4f800000 rw-p 00000000 00:00 0                                  [anon:mmtk:space:immix]
4f800000-4fc00000 rw-p 00000000 00:00 0                                  [anon:mmtk:space:los]
4fc00000-50000000 rw-p 00000000 00:00 0                                  [anon:mmtk:space:los]
50000000-50800000 rw-p 00000000 00:00 0                                  [anon:mmtk:space:los]
50800000-50c00000 rw-p 00000000 00:00 0                                  [anon:mmtk:space:los]
50c00000-51000000 rw-p 00000000 00:00 0                                  [anon:mmtk:space:los]
51000000-51400000 rw-p 00000000 00:00 0                                  [anon:mmtk:space:immix]
51400000-51800000 rw-p 00000000 00:00 0                                  [anon:mmtk:space:los]
51800000-54400000 rw-p 00000000 00:00 0                                  [anon:mmtk:space:los]
54400000-55000000 rw-p 00000000 00:00 0                                  [anon:mmtk:space:immix]
55000000-56000000 rw-p 00000000 00:00 0                                  [anon:mmtk:space:immix]
200000000000-2000c00c0000 rw-s 00000000 00:10 68                         anon_inode:bpf-map
5bda6b1fe000-5bda6b1ff000 r--p 00000000 fc:00 49676320                   /mydata/openjdk-mmtk/build/b0test/images/jdk/bin/java
5bda6b1ff000-5bda6b200000 r-xp 00001000 fc:00 49676320                   /mydata/openjdk-mmtk/build/b0test/images/jdk/bin/java
5bda6b200000-5bda6b201000 r--p 00002000 fc:00 49676320                   /mydata/openjdk-mmtk/build/b0test/images/jdk/bin/java
5bda6b201000-5bda6b202000 r--p 00002000 fc:00 49676320                   /mydata/openjdk-mmtk/build/b0test/images/jdk/bin/java
5bda6b202000-5bda6b203000 rw-p 00003000 fc:00 49676320                   /mydata/openjdk-mmtk/build/b0test/images/jdk/bin/java
5bda70d05000-5bda70d4d000 rw-p 00000000 00:00 0                          [heap]
6462b4000000-6462b41ae000 rw-p 00000000 00:00 0 
6462b41ae000-6462b8000000 ---p 00000000 00:00 0 
6462bc000000-6462bc641000 rw-p 00000000 00:00 0 
6462bc641000-6462c0000000 ---p 00000000 00:00 0 
6462c0000000-6462c067f000 rw-p 00000000 00:00 0 
6462c067f000-6462c4000000 ---p 00000000 00:00 0 
6462c4000000-6462c5533000 rw-p 00000000 00:00 0 
6462c5533000-6462c8000000 ---p 00000000 00:00 0 
6462c8000000-6462c912e000 rw-p 00000000 00:00 0 
6462c912e000-6462cc000000 ---p 00000000 00:00 0 
6462cc000000-6462ccd8a000 rw-p 00000000 00:00 0 
6462ccd8a000-6462d0000000 ---p 00000000 00:00 0 
6462d0000000-6462d0f78000 rw-p 00000000 00:00 0 
6462d0f78000-6462d4000000 ---p 00000000 00:00 0 
6462d4000000-6462d41a6000 rw-p 00000000 00:00 0 
6462d41a6000-6462d8000000 ---p 00000000 00:00 0 
6462d8000000-6462d91f1000 rw-p 00000000 00:00 0 
6462d91f1000-6462dc000000 ---p 00000000 00:00 0 
6462dc000000-6462dcc9a000 rw-p 00000000 00:00 0 
6462dcc9a000-6462e0000000 ---p 00000000 00:00 0 
6462e0000000-6462e17c5000 rw-p 00000000 00:00 0 
6462e17c5000-6462e4000000 ---p 00000000 00:00 0 
6462e4000000-6462e4021000 rw-p 00000000 00:00 0 
6462e4021000-6462e8000000 ---p 00000000 00:00 0 
6462e8000000-6462e8021000 rw-p 00000000 00:00 0 
6462e8021000-6462ec000000 ---p 00000000 00:00 0 
6462ec000000-6462ec41e000 rw-p 00000000 00:00 0 
6462ec41e000-6462f0000000 ---p 00000000 00:00 0 
6462f0000000-6462f0df7000 rw-p 00000000 00:00 0 
6462f0df7000-6462f4000000 ---p 00000000 00:00 0 
6462f4000000-6462f5b05000 rw-p 00000000 00:00 0 
6462f5b05000-6462f8000000 ---p 00000000 00:00 0 
6462f8000000-6462f81fb000 rw-p 00000000 00:00 0 
6462f81fb000-6462fc000000 ---p 00000000 00:00 0 
6462fc000000-6462fc021000 rw-p 00000000 00:00 0 
6462fc021000-646300000000 ---p 00000000 00:00 0 
646300000000-646300021000 rw-p 00000000 00:00 0 
646300021000-646304000000 ---p 00000000 00:00 0 
646304000000-646304042000 rw-p 00000000 00:00 0 
646304042000-646308000000 ---p 00000000 00:00 0 
646308000000-646308021000 rw-p 00000000 00:00 0 
646308021000-64630c000000 ---p 00000000 00:00 0 
64630c000000-64630c05a000 rw-p 00000000 00:00 0 
64630c05a000-646310000000 ---p 00000000 00:00 0 
646310000000-646310041000 rw-p 00000000 00:00 0 
646310041000-646314000000 ---p 00000000 00:00 0 
646314000000-64631404a000 rw-p 00000000 00:00 0 
64631404a000-646318000000 ---p 00000000 00:00 0 
646318000000-646318023000 rw-p 00000000 00:00 0 
646318023000-64631c000000 ---p 00000000 00:00 0 
64631c000000-64631c02b000 rw-p 00000000 00:00 0 
64631c02b000-646320000000 ---p 00000000 00:00 0 
646320000000-64632003a000 rw-p 00000000 00:00 0 
64632003a000-646324000000 ---p 00000000 00:00 0 
646324000000-64632404f000 rw-p 00000000 00:00 0 
64632404f000-646328000000 ---p 00000000 00:00 0 
646328000000-646328022000 rw-p 00000000 00:00 0 
646328022000-64632c000000 ---p 00000000 00:00 0 
64632c000000-64632c042000 rw-p 00000000 00:00 0 
64632c042000-646330000000 ---p 00000000 00:00 0 
646330000000-64633002a000 rw-p 00000000 00:00 0 
64633002a000-646334000000 ---p 00000000 00:00 0 
646334000000-64633418b000 rw-p 00000000 00:00 0 
64633418b000-646338000000 ---p 00000000 00:00 0 
646338000000-64633802b000 rw-p 00000000 00:00 0 
64633802b000-64633c000000 ---p 00000000 00:00 0 
64633c000000-64633c032000 rw-p 00000000 00:00 0 
64633c032000-646340000000 ---p 00000000 00:00 0 
646340000000-64634018b000 rw-p 00000000 00:00 0 
64634018b000-646344000000 ---p 00000000 00:00 0 
646344000000-646344042000 rw-p 00000000 00:00 0 
646344042000-646348000000 ---p 00000000 00:00 0 
646348000000-64634802c000 rw-p 00000000 00:00 0 
64634802c000-64634c000000 ---p 00000000 00:00 0 
64634c000000-64634c033000 rw-p 00000000 00:00 0 
64634c033000-646350000000 ---p 00000000 00:00 0 
646350000000-646350071000 rw-p 00000000 00:00 0 
646350071000-646354000000 ---p 00000000 00:00 0 
646354000000-64635402a000 rw-p 00000000 00:00 0 
64635402a000-646358000000 ---p 00000000 00:00 0 
646358000000-646358054000 rw-p 00000000 00:00 0 
646358054000-64635c000000 ---p 00000000 00:00 0 
64635c000000-64635c536000 rw-p 00000000 00:00 0 
64635c536000-646360000000 ---p 00000000 00:00 0 
646360000000-64636019b000 rw-p 00000000 00:00 0 
64636019b000-646364000000 ---p 00000000 00:00 0 
646364000000-646364021000 rw-p 00000000 00:00 0 
646364021000-646368000000 ---p 00000000 00:00 0 
646368000000-646368021000 rw-p 00000000 00:00 0 
646368021000-64636c000000 ---p 00000000 00:00 0 
64636c000000-64636c021000 rw-p 00000000 00:00 0 
64636c021000-646370000000 ---p 00000000 00:00 0 
646370000000-646370021000 rw-p 00000000 00:00 0 
646370021000-646374000000 ---p 00000000 00:00 0 
646374000000-646374380000 rw-p 00000000 00:00 0 
646374380000-646374400000 ---p 00000000 00:00 0 
646374400000-646374970000 rw-p 00000000 00:00 0 
646374970000-646378000000 ---p 00000000 00:00 0 
646378000000-646378021000 rw-p 00000000 00:00 0 
646378021000-64637c000000 ---p 00000000 00:00 0 
64637d862000-64637d863000 ---p 00000000 00:00 0 
64637d863000-64637da63000 rw-p 00000000 00:00 0 
64637e300000-64637e304000 ---p 00000000 00:00 0 
64637e304000-64637e400000 rw-p 00000000 00:00 0 
64637e620000-64637ec00000 rw-p 00000000 00:00 0 
64637ec00000-64637ec04000 ---p 00000000 00:00 0 
64637ec04000-64637ed00000 rw-p 00000000 00:00 0 
64637ed00000-64637ed04000 ---p 00000000 00:00 0 
64637ed04000-64637ee00000 rw-p 00000000 00:00 0 
64637ee00000-64637ee04000 ---p 00000000 00:00 0 
64637ee04000-64637ef00000 rw-p 00000000 00:00 0 
64637ef00000-64637ef04000 ---p 00000000 00:00 0 
64637ef04000-64637f000000 rw-p 00000000 00:00 0 
64637f000000-64637fca3000 rw-p 00001000 fc:00 49677004                   /mydata/openjdk-mmtk/build/b0test/images/jdk/lib/server/classes.jsa
64637fca3000-646380000000 ---p 00000000 00:00 0 
646380000000-646380040000 rw-p 00000000 00:00 0 
646380040000-6463800c0000 rw-p 00000000 00:00 0 
6463800c0000-6463800e0000 rw-p 00000000 00:00 0 
6463800e0000-646380100000 ---p 00000000 00:00 0 
646380100000-646380150000 rw-p 00000000 00:00 0 
646380150000-6463c0000000 ---p 00000000 00:00 0 
6463c0000000-6463c0021000 rw-p 00000000 00:00 0 
6463c0021000-6463c4000000 ---p 00000000 00:00 0 
6463c40fb000-6463c40fc000 ---p 00000000 00:00 0 
6463c40fc000-6463c4100000 ---p 00000000 00:00 0 
6463c4100000-6463c42fc000 rw-p 00000000 00:00 0 
6463c42fc000-6463c4300000 ---p 00000000 00:00 0 
6463c4300000-6463c43fc000 rw-p 00000000 00:00 0 
6463c43fc000-6463f4400000 rw-p 00000000 00:00 0 
6463f4400000-6463f5400000 ---p 00000000 00:00 0                          [anon:mmtk:sidemeta:all:all-quarantined]
6463f5400000-6463f5800000 rw-p 00000000 00:00 0                          [anon:mmtk:sidemeta:immix:VO_BIT]
6463f5800000-6463f5c00000 rw-p 00000000 00:00 0                          [anon:mmtk:sidemeta:los:VO_BIT]
6463f5c00000-6663f6400000 ---p 00000000 00:00 0                          [anon:mmtk:sidemeta:all:all-quarantined]
6663f6400000-6663f6800000 rw-p 00000000 00:00 0                          [anon:mmtk:sidemeta:immix:CHUNK_MARK]
6663f6800000-6663f9400000 ---p 00000000 00:00 0                          [anon:mmtk:sidemeta:all:all-quarantined]
6663f9400000-6663f9800000 rw-p 00000000 00:00 0                          [anon:mmtk:sidemeta:immix:VMGlobalLogBitSpec]
6663f9800000-6663f9c00000 rw-p 00000000 00:00 0                          [anon:mmtk:sidemeta:los:VMGlobalLogBitSpec]
6663f9c00000-686bf8800000 ---p 00000000 00:00 0                          [anon:mmtk:sidemeta:all:all-quarantined]
686bf8800000-686bf8c00000 rw-p 00000000 00:00 0                          [anon:mmtk:sidemeta:immix:IX_LINE_MARK]
686bf8c00000-68ebf8400000 ---p 00000000 00:00 0                          [anon:mmtk:sidemeta:all:all-quarantined]
68ebf8400000-68ebf8800000 rw-p 00000000 00:00 0                          [anon:mmtk:sidemeta:immix:IX_BLOCK_DEFRAG]
68ebf8800000-68ecf8400000 ---p 00000000 00:00 0                          [anon:mmtk:sidemeta:all:all-quarantined]
68ecf8400000-68ecf8800000 rw-p 00000000 00:00 0                          [anon:mmtk:sidemeta:immix:IX_BLOCK_MARK]
68ecf8800000-6f0e78400000 ---p 00000000 00:00 0                          [anon:mmtk:sidemeta:all:all-quarantined]
6f0e78400000-6f0e78800000 rw-p 00000000 00:00 0                          [anon:mmtk:sidemeta:los:VMLocalLOSMarkNurserySpec]
6f0e78800000-6f1079400000 ---p 00000000 00:00 0                          [anon:mmtk:sidemeta:all:all-quarantined]
6f1079400000-6f1079c00000 rw-p 00000000 00:00 0                          [anon:mmtk:sidemeta:immix:VMLocalMarkBitSpec]
6f1079c00000-711078400000 ---p 00000000 00:00 0                          [anon:mmtk:sidemeta:all:all-quarantined]
7110784ff000-711078503000 ---p 00000000 00:00 0 
711078503000-7110785ff000 rw-p 00000000 00:00 0 
7110785ff000-711078603000 ---p 00000000 00:00 0 
711078603000-7110786ff000 rw-p 00000000 00:00 0 
7110786ff000-711078703000 ---p 00000000 00:00 0 
711078703000-7110787ff000 rw-p 00000000 00:00 0 
7110787ff000-711098800000 rw-p 00000000 00:00 0 
711098800000-711098d50000 rwxp 00000000 00:00 0 
711098d50000-71109fc17000 ---p 00000000 00:00 0 
71109fc17000-7110a0007000 rwxp 00000000 00:00 0 
7110a0007000-7110a03e8000 ---p 00000000 00:00 0 
7110a03e8000-7110a0818000 rwxp 00000000 00:00 0 
7110a0818000-7110a7800000 ---p 00000000 00:00 0 
7110a7800000-7110affa0000 r--s 00000000 fc:00 49676291                   /mydata/openjdk-mmtk/build/b0test/images/jdk/lib/modules
7110b0000000-7110b091d000 rw-p 00000000 00:00 0 
7110b091d000-7110b4000000 ---p 00000000 00:00 0 
7110b4018000-7110b401c000 ---p 00000000 00:00 0 
7110b401c000-7110b4118000 rw-p 00000000 00:00 0 
7110b4118000-7110b411c000 ---p 00000000 00:00 0 
7110b411c000-7110b4218000 rw-p 00000000 00:00 0 
7110b4218000-7110b421c000 ---p 00000000 00:00 0 
7110b421c000-7110b4318000 rw-p 00000000 00:00 0 
7110b4318000-7110b431c000 ---p 00000000 00:00 0 
7110b431c000-7110b4418000 rw-p 00000000 00:00 0 
7110b4418000-7110b441d000 r--p 00000000 fc:00 49676385                   /mydata/openjdk-mmtk/build/b0test/images/jdk/lib/libjsvml.so
7110b441d000-7110b445e000 r-xp 00005000 fc:00 49676385                   /mydata/openjdk-mmtk/build/b0test/images/jdk/lib/libjsvml.so
7110b445e000-7110b44e7000 r--p 00046000 fc:00 49676385                   /mydata/openjdk-mmtk/build/b0test/images/jdk/lib/libjsvml.so
7110b44e7000-7110b44e8000 r--p 000ce000 fc:00 49676385                   /mydata/openjdk-mmtk/build/b0test/images/jdk/lib/libjsvml.so
7110b44e8000-7110b44e9000 rw-p 000cf000 fc:00 49676385                   /mydata/openjdk-mmtk/build/b0test/images/jdk/lib/libjsvml.so
7110b44e9000-7110b44ed000 ---p 00000000 00:00 0 
7110b44ed000-7110b45e9000 rw-p 00000000 00:00 0 
7110b45e9000-7110b45ed000 ---p 00000000 00:00 0 
7110b45ed000-7110b46e9000 rw-p 00000000 00:00 0 
7110b46e9000-7110b46ed000 ---p 00000000 00:00 0 
7110b46ed000-7110b47e9000 rw-p 00000000 00:00 0 
7110b47e9000-7110b47ed000 ---p 00000000 00:00 0 
7110b47ed000-7110b48e9000 rw-p 00000000 00:00 0 
7110b48e9000-7110b48ed000 ---p 00000000 00:00 0 
7110b48ed000-7110b49e9000 rw-p 00000000 00:00 0 
7110b49e9000-7110b49ea000 ---p 00000000 00:00 0 
7110b49ea000-7110b4aea000 rw-p 00000000 00:00 0 
7110b4aea000-7110b4aeb000 ---p 00000000 00:00 0 
7110b4aeb000-7110b4beb000 rw-p 00000000 00:00 0 
7110b4beb000-7110b4bec000 ---p 00000000 00:00 0 
7110b4bec000-7110b4cec000 rw-p 00000000 00:00 0 
7110b4cec000-7110b4ced000 ---p 00000000 00:00 0 
7110b4ced000-7110b4ded000 rw-p 00000000 00:00 0 
7110b4ded000-7110b4dee000 ---p 00000000 00:00 0 
7110b4dee000-7110b4eee000 rw-p 00000000 00:00 0 
7110b4eee000-7110b4eef000 ---p 00000000 00:00 0 
7110b4eef000-7110b4fef000 rw-p 00000000 00:00 0 
7110b4fef000-7110b4ff0000 ---p 00000000 00:00 0 
7110b4ff0000-7110b50f0000 rw-p 00000000 00:00 0 
7110b50f0000-7110b50f1000 ---p 00000000 00:00 0 
7110b50f1000-7110b51f1000 rw-p 00000000 00:00 0 
7110b51f1000-7110b51f2000 ---p 00000000 00:00 0 
7110b51f2000-7110b52f2000 rw-p 00000000 00:00 0 
7110b52f2000-7110b52f3000 ---p 00000000 00:00 0 
7110b52f3000-7110b53f3000 rw-p 00000000 00:00 0 
7110b53f3000-7110b53f4000 ---p 00000000 00:00 0 
7110b53f4000-7110b54f4000 rw-p 00000000 00:00 0 
7110b54f4000-7110b54f5000 ---p 00000000 00:00 0 
7110b54f5000-7110b55f5000 rw-p 00000000 00:00 0 
7110b55f5000-7110b55f6000 ---p 00000000 00:00 0 
7110b55f6000-7110b56f6000 rw-p 00000000 00:00 0 
7110b56f6000-7110b56f7000 ---p 00000000 00:00 0 
7110b56f7000-7110b57f7000 rw-p 00000000 00:00 0 
7110b57f7000-7110b57f8000 ---p 00000000 00:00 0 
7110b57f8000-7110b58f8000 rw-p 00000000 00:00 0 
7110b58f8000-7110b58f9000 ---p 00000000 00:00 0 
7110b58f9000-7110b59f9000 rw-p 00000000 00:00 0 
7110b59f9000-7110b59fa000 ---p 00000000 00:00 0 
7110b59fa000-7110b5afa000 rw-p 00000000 00:00 0 
7110b5afa000-7110b5afb000 ---p 00000000 00:00 0 
7110b5afb000-7110b5bfb000 rw-p 00000000 00:00 0 
7110b5bfb000-7110b5bfc000 ---p 00000000 00:00 0 
7110b5bfc000-7110b5cfc000 rw-p 00000000 00:00 0 
7110b5cfc000-7110b5cfd000 ---p 00000000 00:00 0 
7110b5cfd000-7110b5dfd000 rw-p 00000000 00:00 0 
7110b5dfd000-7110b5dfe000 ---p 00000000 00:00 0 
7110b5dfe000-7110b5efe000 rw-p 00000000 00:00 0 
7110b5efe000-7110b5eff000 ---p 00000000 00:00 0 
7110b5eff000-7110b5fff000 rw-p 00000000 00:00 0 
7110b5fff000-7110b6000000 ---p 00000000 00:00 0 
7110b6000000-7110b6100000 rw-p 00000000 00:00 0 
7110b6100000-7110b6104000 ---p 00000000 00:00 0 
7110b6104000-7110b6200000 rw-p 00000000 00:00 0 
7110b6200000-7110b6204000 ---p 00000000 00:00 0 
7110b6204000-7110b6300000 rw-p 00000000 00:00 0 
7110b6300000-7110b6304000 ---p 00000000 00:00 0 
7110b6304000-7110b6400000 rw-p 00000000 00:00 0 
7110b6400000-7110b66eb000 r--p 00000000 08:03 1410552                    /usr/lib/locale/locale-archive
7110b66fc000-7110b66fd000 ---p 00000000 00:00 0 
7110b66fd000-7110b67fd000 rw-p 00000000 00:00 0 
7110b67fd000-7110b67fe000 ---p 00000000 00:00 0 
7110b67fe000-7110b68fe000 rw-p 00000000 00:00 0 
7110b68fe000-7110b68ff000 ---p 00000000 00:00 0 
7110b68ff000-7110b69ff000 rw-p 00000000 00:00 0 
7110b69ff000-7110b7000000 rw-p 00000000 00:00 0 
7110b7000000-7110b700c000 r--p 00000000 fc:00 13107225                   /mydata/gc-bpf-fault/shim/libgcbpf.so
7110b700c000-7110b706e000 r-xp 0000c000 fc:00 13107225                   /mydata/gc-bpf-fault/shim/libgcbpf.so
7110b706e000-7110b721b000 r--p 0006e000 fc:00 13107225                   /mydata/gc-bpf-fault/shim/libgcbpf.so
7110b721b000-7110b721d000 r--p 0021b000 fc:00 13107225                   /mydata/gc-bpf-fault/shim/libgcbpf.so
7110b721d000-7110b721e000 rw-p 0021d000 fc:00 13107225                   /mydata/gc-bpf-fault/shim/libgcbpf.so
7110b721e000-7110b721f000 rw-p 00000000 00:00 0 
7110b724e000-7110b7255000 r--s 00000000 08:03 1436340                    /usr/lib/x86_64-linux-gnu/gconv/gconv-modules.cache
7110b7255000-7110b7257000 r--p 00000000 fc:00 49676434                   /mydata/openjdk-mmtk/build/b0test/images/jdk/lib/libmanagement_ext.so
7110b7257000-7110b725a000 r-xp 00002000 fc:00 49676434                   /mydata/openjdk-mmtk/build/b0test/images/jdk/lib/libmanagement_ext.so
7110b725a000-7110b725b000 r--p 00005000 fc:00 49676434                   /mydata/openjdk-mmtk/build/b0test/images/jdk/lib/libmanagement_ext.so
7110b725b000-7110b725c000 r--p 00006000 fc:00 49676434                   /mydata/openjdk-mmtk/build/b0test/images/jdk/lib/libmanagement_ext.so
7110b725c000-7110b725d000 rw-p 00007000 fc:00 49676434                   /mydata/openjdk-mmtk/build/b0test/images/jdk/lib/libmanagement_ext.so
7110b725d000-7110b7261000 r--p 00000000 08:03 1410107                    /usr/lib/x86_64-linux-gnu/libzstd.so.1.5.5
7110b7261000-7110b7308000 r-xp 00004000 08:03 1410107                    /usr/lib/x86_64-linux-gnu/libzstd.so.1.5.5
7110b7308000-7110b7315000 r--p 000ab000 08:03 1410107                    /usr/lib/x86_64-linux-gnu/libzstd.so.1.5.5
7110b7315000-7110b7316000 r--p 000b7000 08:03 1410107                    /usr/lib/x86_64-linux-gnu/libzstd.so.1.5.5
7110b7316000-7110b7317000 rw-p 000b8000 08:03 1410107                    /usr/lib/x86_64-linux-gnu/libzstd.so.1.5.5
7110b7317000-7110b7320000 rw-p 00000000 00:00 0 
7110b7320000-7110b7400000 ---p 00000000 00:00 0 
7110b7400000-7110b7545000 r--p 00000000 fc:00 49676344                   /mydata/openjdk-mmtk/build/b0test/images/jdk/lib/server/libmmtk_openjdk.so
7110b7545000-7110b77bd000 r-xp 00144000 fc:00 49676344                   /mydata/openjdk-mmtk/build/b0test/images/jdk/lib/server/libmmtk_openjdk.so
7110b77bd000-7110b77fd000 r--p 003bb000 fc:00 49676344                   /mydata/openjdk-mmtk/build/b0test/images/jdk/lib/server/libmmtk_openjdk.so
7110b77fd000-7110b77ff000 rw-p 003fa000 fc:00 49676344                   /mydata/openjdk-mmtk/build/b0test/images/jdk/lib/server/libmmtk_openjdk.so
7110b77ff000-7110b7802000 rw-p 00000000 00:00 0 
7110b7808000-7110b780b000 r--p 00000000 fc:00 49676331                   /mydata/openjdk-mmtk/build/b0test/images/jdk/lib/libnet.so
7110b780b000-7110b7813000 r-xp 00003000 fc:00 49676331                   /mydata/openjdk-mmtk/build/b0test/images/jdk/lib/libnet.so
7110b7813000-7110b7815000 r--p 0000b000 fc:00 49676331                   /mydata/openjdk-mmtk/build/b0test/images/jdk/lib/libnet.so
7110b7815000-7110b7816000 r--p 0000c000 fc:00 49676331                   /mydata/openjdk-mmtk/build/b0test/images/jdk/lib/libnet.so
7110b7816000-7110b7817000 rw-p 0000d000 fc:00 49676331                   /mydata/openjdk-mmtk/build/b0test/images/jdk/lib/libnet.so
7110b7817000-7110b7822000 rw-p 00000000 00:00 0 
7110b7822000-7110b7900000 ---p 00000000 00:00 0 
7110b7900000-7110b7904000 ---p 00000000 00:00 0 
7110b7904000-7110b7a00000 rw-p 00000000 00:00 0 
7110b7a00000-7110b7ca9000 r--p 00000000 fc:00 49676343                   /mydata/openjdk-mmtk/build/b0test/images/jdk/lib/server/libjvm.so
7110b7ca9000-7110b8b3c000 r-xp 002a9000 fc:00 49676343                   /mydata/openjdk-mmtk/build/b0test/images/jdk/lib/server/libjvm.so
7110b8b3c000-7110b8e20000 r--p 0113c000 fc:00 49676343                   /mydata/openjdk-mmtk/build/b0test/images/jdk/lib/server/libjvm.so
7110b8e20000-7110b8ef6000 r--p 0141f000 fc:00 49676343                   /mydata/openjdk-mmtk/build/b0test/images/jdk/lib/server/libjvm.so
7110b8ef6000-7110b8f26000 rw-p 014f5000 fc:00 49676343                   /mydata/openjdk-mmtk/build/b0test/images/jdk/lib/server/libjvm.so
7110b8f26000-7110b8f8c000 rw-p 00000000 00:00 0 
7110b8f91000-7110b8f93000 r--p 00000000 fc:00 49676363                   /mydata/openjdk-mmtk/build/b0test/images/jdk/lib/libmanagement.so
7110b8f93000-7110b8f94000 r-xp 00002000 fc:00 49676363                   /mydata/openjdk-mmtk/build/b0test/images/jdk/lib/libmanagement.so
7110b8f94000-7110b8f95000 r--p 00003000 fc:00 49676363                   /mydata/openjdk-mmtk/build/b0test/images/jdk/lib/libmanagement.so
7110b8f95000-7110b8f96000 r--p 00003000 fc:00 49676363                   /mydata/openjdk-mmtk/build/b0test/images/jdk/lib/libmanagement.so
7110b8f96000-7110b8f97000 rw-p 00004000 fc:00 49676363                   /mydata/openjdk-mmtk/build/b0test/images/jdk/lib/libmanagement.so
7110b8f97000-7110b8f9e000 r--p 00000000 fc:00 49676332                   /mydata/openjdk-mmtk/build/b0test/images/jdk/lib/libnio.so
7110b8f9e000-7110b8fa7000 r-xp 00007000 fc:00 49676332                   /mydata/openjdk-mmtk/build/b0test/images/jdk/lib/libnio.so
7110b8fa7000-7110b8fab000 r--p 00010000 fc:00 49676332                   /mydata/openjdk-mmtk/build/b0test/images/jdk/lib/libnio.so
7110b8fab000-7110b8fac000 r--p 00014000 fc:00 49676332                   /mydata/openjdk-mmtk/build/b0test/images/jdk/lib/libnio.so
7110b8fac000-7110b8fad000 rw-p 00015000 fc:00 49676332                   /mydata/openjdk-mmtk/build/b0test/images/jdk/lib/libnio.so
7110b8fad000-7110b8fb0000 r--p 00000000 08:03 1410420                    /usr/lib/x86_64-linux-gnu/libelf-0.190.so
7110b8fb0000-7110b8fc6000 r-xp 00003000 08:03 1410420                    /usr/lib/x86_64-linux-gnu/libelf-0.190.so
7110b8fc6000-7110b8fca000 r--p 00019000 08:03 1410420                    /usr/lib/x86_64-linux-gnu/libelf-0.190.so
7110b8fca000-7110b8fcb000 r--p 0001c000 08:03 1410420                    /usr/lib/x86_64-linux-gnu/libelf-0.190.so
7110b8fcb000-7110b8fcc000 rw-p 0001d000 08:03 1410420                    /usr/lib/x86_64-linux-gnu/libelf-0.190.so
7110b8fcc000-7110b8fd4000 rw-p 00000000 00:00 0 
7110b8fd4000-7110b8fdc000 ---p 00000000 00:00 0 
7110b8fdc000-7110b8fe9000 r--p 00000000 fc:00 49676327                   /mydata/openjdk-mmtk/build/b0test/images/jdk/lib/libjava.so
7110b8fe9000-7110b8ff8000 r-xp 0000d000 fc:00 49676327                   /mydata/openjdk-mmtk/build/b0test/images/jdk/lib/libjava.so
7110b8ff8000-7110b8ffd000 r--p 0001c000 fc:00 49676327                   /mydata/openjdk-mmtk/build/b0test/images/jdk/lib/libjava.so
7110b8ffd000-7110b8ffe000 r--p 00021000 fc:00 49676327                   /mydata/openjdk-mmtk/build/b0test/images/jdk/lib/libjava.so
7110b8ffe000-7110b8fff000 rw-p 00022000 fc:00 49676327                   /mydata/openjdk-mmtk/build/b0test/images/jdk/lib/libjava.so
7110b8fff000-7110b9000000 rw-p 00000000 00:00 0 
7110b9000000-7110b9028000 r--p 00000000 08:03 1410238                    /usr/lib/x86_64-linux-gnu/libc.so.6
7110b9028000-7110b91b0000 r-xp 00028000 08:03 1410238                    /usr/lib/x86_64-linux-gnu/libc.so.6
7110b91b0000-7110b91ff000 r--p 001b0000 08:03 1410238                    /usr/lib/x86_64-linux-gnu/libc.so.6
7110b91ff000-7110b9203000 r--p 001fe000 08:03 1410238                    /usr/lib/x86_64-linux-gnu/libc.so.6
7110b9203000-7110b9205000 rw-p 00202000 08:03 1410238                    /usr/lib/x86_64-linux-gnu/libc.so.6
7110b9205000-7110b9212000 rw-p 00000000 00:00 0 
7110b9214000-7110b9216000 r--p 00000000 fc:00 49676335                   /mydata/openjdk-mmtk/build/b0test/images/jdk/lib/libzip.so
7110b9216000-7110b921b000 r-xp 00002000 fc:00 49676335                   /mydata/openjdk-mmtk/build/b0test/images/jdk/lib/libzip.so
7110b921b000-7110b921d000 r--p 00007000 fc:00 49676335                   /mydata/openjdk-mmtk/build/b0test/images/jdk/lib/libzip.so
7110b921d000-7110b921e000 r--p 00008000 fc:00 49676335                   /mydata/openjdk-mmtk/build/b0test/images/jdk/lib/libzip.so
7110b921e000-7110b921f000 rw-p 00009000 fc:00 49676335                   /mydata/openjdk-mmtk/build/b0test/images/jdk/lib/libzip.so
7110b921f000-7110b9227000 rw-s 00000000 08:03 237590                     /tmp/hsperfdata_root/266934
7110b9227000-7110b922b000 r--p 00000000 fc:00 49676328                   /mydata/openjdk-mmtk/build/b0test/images/jdk/lib/libjimage.so
7110b922b000-7110b9242000 r-xp 00004000 fc:00 49676328                   /mydata/openjdk-mmtk/build/b0test/images/jdk/lib/libjimage.so
7110b9242000-7110b9247000 r--p 0001b000 fc:00 49676328                   /mydata/openjdk-mmtk/build/b0test/images/jdk/lib/libjimage.so
7110b9247000-7110b9249000 r--p 00020000 fc:00 49676328                   /mydata/openjdk-mmtk/build/b0test/images/jdk/lib/libjimage.so
7110b9249000-7110b924a000 rw-p 00022000 fc:00 49676328                   /mydata/openjdk-mmtk/build/b0test/images/jdk/lib/libjimage.so
7110b924a000-7110b924e000 r--p 00000000 08:03 1410148                    /usr/lib/x86_64-linux-gnu/libgcc_s.so.1
7110b924e000-7110b9272000 r-xp 00004000 08:03 1410148                    /usr/lib/x86_64-linux-gnu/libgcc_s.so.1
7110b9272000-7110b9276000 r--p 00028000 08:03 1410148                    /usr/lib/x86_64-linux-gnu/libgcc_s.so.1
7110b9276000-7110b9277000 r--p 0002b000 08:03 1410148                    /usr/lib/x86_64-linux-gnu/libgcc_s.so.1
7110b9277000-7110b9278000 rw-p 0002c000 08:03 1410148                    /usr/lib/x86_64-linux-gnu/libgcc_s.so.1
7110b9278000-7110b9288000 r--p 00000000 08:03 1411099                    /usr/lib/x86_64-linux-gnu/libm.so.6
7110b9288000-7110b9307000 r-xp 00010000 08:03 1411099                    /usr/lib/x86_64-linux-gnu/libm.so.6
7110b9307000-7110b935f000 r--p 0008f000 08:03 1411099                    /usr/lib/x86_64-linux-gnu/libm.so.6
7110b935f000-7110b9360000 r--p 000e7000 08:03 1411099                    /usr/lib/x86_64-linux-gnu/libm.so.6
7110b9360000-7110b9361000 rw-p 000e8000 08:03 1411099                    /usr/lib/x86_64-linux-gnu/libm.so.6
7110b9361000-7110b9363000 rw-p 00000000 00:00 0 
7110b9363000-7110b9365000 r--p 00000000 08:03 1409104                    /usr/lib/x86_64-linux-gnu/libz.so.1.3
7110b9365000-7110b9377000 r-xp 00002000 08:03 1409104                    /usr/lib/x86_64-linux-gnu/libz.so.1.3
7110b9377000-7110b937d000 r--p 00014000 08:03 1409104                    /usr/lib/x86_64-linux-gnu/libz.so.1.3
7110b937d000-7110b937e000 r--p 0001a000 08:03 1409104                    /usr/lib/x86_64-linux-gnu/libz.so.1.3
7110b937e000-7110b937f000 rw-p 0001b000 08:03 1409104                    /usr/lib/x86_64-linux-gnu/libz.so.1.3
7110b9384000-7110b9385000 rw-s 00000000 00:10 68                         anon_inode:bpf-map
7110b9385000-7110b9386000 r--s 00000000 00:10 68                         anon_inode:bpf-map
7110b9386000-7110b9387000 ---p 00000000 00:00 0 
7110b9387000-7110b9388000 r--p 00000000 00:00 0 
7110b9388000-7110b9389000 ---p 00000000 00:00 0 
7110b9389000-7110b938b000 r--p 00000000 fc:00 49676329                   /mydata/openjdk-mmtk/build/b0test/images/jdk/lib/libjli.so
7110b938b000-7110b9395000 r-xp 00002000 fc:00 49676329                   /mydata/openjdk-mmtk/build/b0test/images/jdk/lib/libjli.so
7110b9395000-7110b9398000 r--p 0000c000 fc:00 49676329                   /mydata/openjdk-mmtk/build/b0test/images/jdk/lib/libjli.so
7110b9398000-7110b9399000 r--p 0000f000 fc:00 49676329                   /mydata/openjdk-mmtk/build/b0test/images/jdk/lib/libjli.so
7110b9399000-7110b939a000 rw-p 00010000 fc:00 49676329                   /mydata/openjdk-mmtk/build/b0test/images/jdk/lib/libjli.so
7110b939a000-7110b939c000 rw-p 00000000 00:00 0 
7110b939c000-7110b93a0000 r--p 00000000 00:00 0                          [vvar]
7110b93a0000-7110b93a2000 r--p 00000000 00:00 0                          [vvar_vclock]
7110b93a2000-7110b93a4000 r-xp 00000000 00:00 0                          [vdso]
7110b93a4000-7110b93a5000 r--p 00000000 08:03 1409763                    /usr/lib/x86_64-linux-gnu/ld-linux-x86-64.so.2
7110b93a5000-7110b93d0000 r-xp 00001000 08:03 1409763                    /usr/lib/x86_64-linux-gnu/ld-linux-x86-64.so.2
7110b93d0000-7110b93da000 r--p 0002c000 08:03 1409763                    /usr/lib/x86_64-linux-gnu/ld-linux-x86-64.so.2
7110b93da000-7110b93dc000 r--p 00036000 08:03 1409763                    /usr/lib/x86_64-linux-gnu/ld-linux-x86-64.so.2
7110b93dc000-7110b93de000 rw-p 00038000 08:03 1409763                    /usr/lib/x86_64-linux-gnu/ld-linux-x86-64.so.2
7ffe0dd95000-7ffe0ddb6000 rw-p 00000000 00:00 0                          [stack]
ffffffffff600000-ffffffffff601000 --xp 00000000 00:00 0                  [vsyscall]
Total number of mappings: 399

JVMTI agents: none


VM Arguments:
jvm_args: -XX:+UseThirdPartyHeap -Xms512m -Xmx512m 
java_command: /mydata/dacapo/dacapo-23.11/dacapo-23.11-MR2-chopin.jar luindex -n 3
java_class_path (initial): /mydata/dacapo/dacapo-23.11/dacapo-23.11-MR2-chopin.jar
Launcher Type: SUN_STANDARD

[Global flags]
     intx CICompilerCount                          = 15                                        {product} {ergonomic}
   size_t InitialHeapSize                          = 536870912                                 {product} {command line}
   size_t MaxHeapSize                              = 536870912                                 {product} {command line}
   size_t MinHeapDeltaBytes                        = 524288                                    {product} {ergonomic}
   size_t MinHeapSize                              = 536870912                                 {product} {command line}
    uintx NonNMethodCodeHeapSize                   = 8192380                                {pd product} {ergonomic}
    uintx NonProfiledCodeHeapSize                  = 121732930                              {pd product} {ergonomic}
    uintx ProfiledCodeHeapSize                     = 121732930                              {pd product} {ergonomic}
    uintx ReservedCodeCacheSize                    = 251658240                              {pd product} {ergonomic}
     bool SegmentedCodeCache                       = true                                      {product} {ergonomic}
   size_t SoftMaxHeapSize                          = 536870912                              {manageable} {ergonomic}
     bool UseCompressedOops                        = true                           {product lp64_product} {ergonomic}

Logging:
Log output configuration:
 #0: stdout all=warning uptime,level,tags foldmultilines=false
 #1: stderr all=off uptime,level,tags foldmultilines=false

Release file:
IMPLEMENTOR="N/A"
JAVA_RUNTIME_VERSION="21.0.9-internal-adhoc.talzuss.openjdk-mmtk"
JAVA_VERSION="21.0.9"
JAVA_VERSION_DATE="2025-10-21"
LIBC="gnu"
MODULES="java.base java.compiler java.datatransfer java.xml java.prefs java.desktop java.instrument java.logging java.management java.security.sasl java.naming java.rmi java.management.rmi java.net.http java.scripting java.security.jgss java.transaction.xa java.sql java.sql.rowset java.xml.crypto java.se java.smartcardio jdk.accessibility jdk.internal.jvmstat jdk.attach jdk.charsets jdk.internal.opt jdk.zipfs jdk.compiler jdk.crypto.ec jdk.crypto.cryptoki jdk.dynalink jdk.internal.ed jdk.editpad jdk.hotspot.agent jdk.httpserver jdk.incubator.vector jdk.internal.le jdk.internal.vm.ci jdk.internal.vm.compiler jdk.internal.vm.compiler.management jdk.jartool jdk.javadoc jdk.jcmd jdk.management jdk.management.agent jdk.jconsole jdk.jdeps jdk.jdwp.agent jdk.jdi jdk.jfr jdk.jlink jdk.jpackage jdk.jshell jdk.jsobject jdk.jstatd jdk.localedata jdk.management.jfr jdk.naming.dns jdk.naming.rmi jdk.net jdk.nio.mapmode jdk.random jdk.sctp jdk.security.auth jdk.security.jgss jdk.unsupported jdk.unsupported.desktop jdk.xml.dom"
OS_ARCH="x86_64"
OS_NAME="Linux"
SOURCE=".:git:b557520f04b3+"

Environment Variables:
PATH=/usr/local/sbin:/usr/local/bin:/usr/sbin:/usr/bin:/sbin:/bin:/snap/bin
SHELL=/bin/bash
LANG=en_US.UTF-8
TERM=tmux-256color

Active Locale:
LC_ALL=en_US.UTF-8
LC_COLLATE=en_US.UTF-8
LC_CTYPE=en_US.UTF-8
LC_MESSAGES=en_US.UTF-8
LC_MONETARY=en_US.UTF-8
LC_NUMERIC=en_US.UTF-8
LC_TIME=en_US.UTF-8

Signal Handlers:
   SIGSEGV: crash_handler in libjvm.so, mask=11100100010111111101111111111110, flags=SA_RESTART|SA_SIGINFO, unblocked
    SIGBUS: crash_handler in libjvm.so, mask=11100100010111111101111111111110, flags=SA_RESTART|SA_SIGINFO, unblocked
    SIGFPE: crash_handler in libjvm.so, mask=11100100010111111101111111111110, flags=SA_RESTART|SA_SIGINFO, unblocked
   SIGPIPE: javaSignalHandler in libjvm.so, mask=11100100010111111101111111111110, flags=SA_RESTART|SA_SIGINFO, blocked
   SIGXFSZ: javaSignalHandler in libjvm.so, mask=11100100010111111101111111111110, flags=SA_RESTART|SA_SIGINFO, blocked
    SIGILL: crash_handler in libjvm.so, mask=11100100010111111101111111111110, flags=SA_RESTART|SA_SIGINFO, unblocked
   SIGUSR2: SR_handler in libjvm.so, mask=00000000000000000000000000000000, flags=SA_RESTART|SA_SIGINFO, blocked
    SIGHUP: UserHandler in libjvm.so, mask=11100100010111111101111111111110, flags=SA_RESTART|SA_SIGINFO, blocked
    SIGINT: UserHandler in libjvm.so, mask=11100100010111111101111111111110, flags=SA_RESTART|SA_SIGINFO, blocked
   SIGTERM: UserHandler in libjvm.so, mask=11100100010111111101111111111110, flags=SA_RESTART|SA_SIGINFO, blocked
   SIGQUIT: UserHandler in libjvm.so, mask=11100100010111111101111111111110, flags=SA_RESTART|SA_SIGINFO, blocked
   SIGTRAP: crash_handler in libjvm.so, mask=11100100010111111101111111111110, flags=SA_RESTART|SA_SIGINFO, unblocked


Periodic native trim disabled

---------------  S Y S T E M  ---------------

OS:
DISTRIB_ID=Ubuntu
DISTRIB_RELEASE=24.04
DISTRIB_CODENAME=noble
DISTRIB_DESCRIPTION="Ubuntu 24.04.4 LTS"
uname: Linux 6.17.0-bpf-fault+ #1 SMP PREEMPT_DYNAMIC Mon Jul  6 16:43:12 MDT 2026 x86_64
OS uptime: 0 days 18:32 hours
libc: glibc 2.39 NPTL 2.39 
rlimit (soft/hard): STACK 8192k/infinity , CORE 0k/0k , NPROC 513205/513205 , NOFILE 1048576/1048576 , AS infinity/infinity , CPU infinity/infinity , DATA infinity/infinity , FSIZE infinity/infinity , MEMLOCK 16436528k/16436528k
load average: 1.07 1.62 1.29

/proc/meminfo:
MemTotal:       131492232 kB
MemFree:        81857004 kB
MemAvailable:   123575168 kB
Buffers:          503224 kB
Cached:         40623920 kB
SwapCached:            0 kB
Active:          2441776 kB
Inactive:       40319004 kB
Active(anon):    1650100 kB
Inactive(anon):        0 kB
Active(file):     791676 kB
Inactive(file): 40319004 kB
Unevictable:       41912 kB
Mlocked:           38840 kB
SwapTotal:       8388604 kB
SwapFree:        8388604 kB
Zswap:                 0 kB
Zswapped:              0 kB
Dirty:           1076448 kB
Writeback:             0 kB
AnonPages:       1677032 kB
Mapped:          3391188 kB
Shmem:              5316 kB
KReclaimable:    1858720 kB
Slab:            2375240 kB
SReclaimable:    1858720 kB
SUnreclaim:       516520 kB
KernelStack:        9808 kB
PageTables:        28272 kB
SecPageTables:      8608 kB
NFS_Unstable:          0 kB
Bounce:                0 kB
WritebackTmp:          0 kB
CommitLimit:    74134720 kB
Committed_AS:   160179804 kB
VmallocTotal:   34359738367 kB
VmallocUsed:       35700 kB
VmallocChunk:          0 kB
Percpu:            48896 kB
HardwareCorrupted:     0 kB
AnonHugePages:         0 kB
ShmemHugePages:        0 kB
ShmemPmdMapped:        0 kB
FileHugePages:   2152448 kB
FilePmdMapped:         0 kB
Unaccepted:            0 kB
Balloon:               0 kB
HugePages_Total:       0
HugePages_Free:        0
HugePages_Rsvd:        0
HugePages_Surp:        0
Hugepagesize:       2048 kB
Hugetlb:               0 kB
DirectMap4k:      588608 kB
DirectMap2M:    18921472 kB
DirectMap1G:    114294784 kB

/sys/kernel/mm/transparent_hugepage/enabled: always [madvise] never
/sys/kernel/mm/transparent_hugepage/hpage_pmd_size: 2097152
/sys/kernel/mm/transparent_hugepage/defrag (defrag/compaction efforts parameter): always defer defer+madvise [madvise] never

Process Memory:
Virtual Size: 13618199716K (peak: 13618261228K)
Resident Set Size: 4304516K (peak: 4304516K) (anon: 1130892K, file: 3173624K, shmem: 0K)
Swapped out: 0K
C-Heap outstanding allocations: 1422260K, retained: 97644K
glibc malloc tunables: (default)

/proc/sys/kernel/threads-max (system-wide limit on the number of threads): 1026411
/proc/sys/vm/max_map_count (maximum number of memory map areas a process may have): 1048576
/proc/sys/vm/swappiness (control to define how aggressively the kernel swaps out anonymous memory): 60
/proc/sys/kernel/pid_max (system-wide limit on number of process identifiers): 4194304

container information not found.
Steal ticks since vm start: 0
Steal ticks percentage since vm start:  0.000

CPU: total 32 (initial active 32) (32 cores per cpu, 2 threads per core) family 23 model 49 stepping 0 microcode 0x830107c, cx8, cmov, fxsr, ht, mmx, 3dnowpref, sse, sse2, sse3, ssse3, sse4a, sse4.1, sse4.2, popcnt, lzcnt, tsc, tscinvbit, avx, avx2, aes, clmul, bmi1, bmi2, adx, sha, fma, vzeroupper, clflush, clflushopt, rdtscp, rdpid, f16c
CPU Model and flags from /proc/cpuinfo:
model name	: AMD EPYC 7302P 16-Core Processor
flags		: fpu vme de pse tsc msr pae mce cx8 apic sep mtrr pge mca cmov pat pse36 clflush mmx fxsr sse sse2 ht syscall nx mmxext fxsr_opt pdpe1gb rdtscp lm constant_tsc rep_good nopl xtopology nonstop_tsc cpuid extd_apicid aperfmperf rapl pni pclmulqdq monitor ssse3 fma cx16 sse4_1 sse4_2 movbe popcnt aes xsave avx f16c rdrand lahf_lm cmp_legacy svm extapic cr8_legacy abm sse4a misalignsse 3dnowprefetch osvw ibs skinit wdt tce topoext perfctr_core perfctr_nb bpext perfctr_llc mwaitx cpb cat_l3 cdp_l3 hw_pstate ssbd mba ibrs ibpb stibp vmmcall fsgsbase bmi1 avx2 smep bmi2 cqm rdt_a rdseed adx smap clflushopt clwb sha_ni xsaveopt xsavec xgetbv1 xsaves cqm_llc cqm_occup_llc cqm_mbm_total cqm_mbm_local clzero irperf xsaveerptr rdpru wbnoinvd amd_ppin arat npt lbrv svm_lock nrip_save tsc_scale vmcb_clean flushbyasid decodeassists pausefilter pfthreshold avic v_vmsave_vmload vgif v_spec_ctrl umip rdpid overflow_recov succor smca sev sev_es

Online cpus: 0-31
Offline cpus: 
BIOS frequency limitation: <Not Available>
Frequency switch latency (ns): <Not Available>
Available cpu frequencies: <Not Available>
Current governor: <Not Available>
Core performance/turbo boost: <Not Available>

Memory: 4k page, physical 131492232k(123575168k free), swap 8388604k(8388604k free)
Page Sizes: 4k

vm_info: OpenJDK 64-Bit Server VM (21.0.9-internal-adhoc.talzuss.openjdk-mmtk) for linux-amd64 JRE (21.0.9-internal-adhoc.talzuss.openjdk-mmtk), built on 2026-07-06T23:13:08Z by "talzuss" with gcc 13.3.0
heap_info: MMTk OpenJDK 0.32.0 (15c0350-dirty), using MMTk 0.32.0 (e989ca8-dirty, BUILTIN_ENV_LOGGER, DEFAULT, EAGER_SWEEPING, VO_BIT)¸q

END.
