#
# A fatal error has been detected by the Java Runtime Environment:
#
#  SIGSEGV (0xb) at pc=0x000079052ea59f1b, pid=264246, tid=264267
#
# JRE version: OpenJDK Runtime Environment (21.0.9) (build 21.0.9-internal-adhoc.talzuss.openjdk-mmtk)
# Java VM: OpenJDK 64-Bit Server VM (21.0.9-internal-adhoc.talzuss.openjdk-mmtk, mixed mode, sharing, tiered, compressed oops, compressed class ptrs, third-party gc, linux-amd64)
# Problematic frame:
# C  [libmmtk_openjdk.so+0x259f1b]  _$LT$mmtk_openjdk..abi..InstanceKlass$u20$as$u20$mmtk_openjdk..object_scanning..OopIterate$GT$::oop_iterate::h097bb267290b7635+0xdb
#
# Core dump will be written. Default location: Core dumps may be processed with "/usr/share/apport/apport -p%p -s%s -c%c -d%d -P%P -u%u -g%g -F%F -- %E" (or dumping to /mydata/mmtk-core/core.264246)
#
# If you would like to submit a bug report, please visit:
#   https://bugreport.java.com/bugreport/crash.jsp
#

---------------  S U M M A R Y ------------

Command Line: -XX:+UseThirdPartyHeap -Xms512m -Xmx512m /mydata/dacapo/dacapo-23.11/dacapo-23.11-MR2-chopin.jar luindex -n 2

Host: AMD EPYC 7302P 16-Core Processor, 32 cores, 125G, Ubuntu 24.04.4 LTS
Time: Tue Jul  7 11:27:08 2026 MDT elapsed time: 24.060271 seconds (0d 0h 0m 24s)

---------------  T H R E A D  ---------------

Current thread (0x000079052853aab0):  NamedThread "MMTk Collector Thread" [id=264267, stack(0x000079052c4f3000,0x000079052c5f3000) (1024K)]

Stack: [0x000079052c4f3000,0x000079052c5f3000],  sp=0x000079052c5f18c0,  free space=1018k
Native frames: (J=compiled Java code, j=interpreted, Vv=VM code, C=native code)
C  [libmmtk_openjdk.so+0x259f1b]  _$LT$mmtk_openjdk..abi..InstanceKlass$u20$as$u20$mmtk_openjdk..object_scanning..OopIterate$GT$::oop_iterate::h097bb267290b7635+0xdb

siginfo: si_signo: 11 (SIGSEGV), si_code: 1 (SEGV_MAPERR), si_addr: 0x0000000058f723b0

Registers:
RAX=0x00006c5971894ca8, RBX=0x000079052c5f1aa0, RCX=0x00006c57f703c828, RDX=0x7fffffffffffffff
RSP=0x000079052c5f18c0, RBP=0x0000000000007905, RSI=0x00006c57f7079050, RDI=0x00006c57f7000000
R8 =0x0000000000000004, R9 =0x0000000000000000, R10=0x0000000000000040, R11=0x00000000000001f0
R12=0x00000000413500b0, R13=0x000079052ebd4b18, R14=0x0000000058f723b0, R15=0x00006c57f7079230
RIP=0x000079052ea59f1b, EFLAGS=0x0000000000010202, CSGSFS=0x002b000000000033, ERR=0x0000000000000004
  TRAPNO=0x000000000000000e

XMM[0]=0x6e6e6e6e6e6e6e6e 0x6e6e6e6e6e6e6e6e
XMM[1]=0xffffffffffffffff 0xffffffffffffffff
XMM[2]=0x6e5f2e476b3f427e 0x04417e242077640c
XMM[3]=0xff00000000000000 0x0000000000000000
XMM[4]=0x000000004343c000 0x000000004c8bb000
XMM[5]=0x000000004a7e5000 0x00000000471a9000
XMM[6]=0x000000004b277000 0x000000004cfb9000
XMM[7]=0x0000000054f22000 0x0000000044644000
XMM[8]=0x00000000439e4000 0x0000000043014000
XMM[9]=0x0000000000000000 0x0000000000000000
XMM[10]=0x3f3f3f3f3f3f3f3f 0x3f3f3f3f3f3f3f3f
XMM[11]=0x9999999999999999 0x9999999999999999
XMM[12]=0x2020202020202020 0x2020202020202020
XMM[13]=0x0000000000000000 0x0000000000000000
XMM[14]=0x0000000000000000 0x0000000000000000
XMM[15]=0x0000000000000000 0x0000000000000000
  MXCSR=0x00001fa2


Register to memory mapping:

RAX=
[error occurred during error reporting (printing register info), id 0xe0000000, Internal Error (/mydata/mmtk-openjdk/openjdk/share/mmtkHeap.cpp:444)]
RBX=
[error occurred during error reporting (printing register info, attempt 2), id 0xe0000000, Internal Error (/mydata/mmtk-openjdk/openjdk/share/mmtkHeap.cpp:444)]
RCX=
[error occurred during error reporting (printing register info, attempt 3), id 0xe0000000, Internal Error (/mydata/mmtk-openjdk/openjdk/share/mmtkHeap.cpp:444)]
Top of Stack: (sp=0x000079052c5f18c0)
0x000079052c5f18c0:   00000000402f0e70 00000000413500b0
0x000079052c5f18d0:   00006c5971894ca8 00000000413500b0
0x000079052c5f18e0:   00000000413500b0 000079052ebd4b18
0x000079052c5f18f0:   000079052c5f1aa0 000079052c5f19d0
0x000079052c5f1900:   0000000000000001 000079052eada8db
0x000079052c5f1910:   000079052ebfc650 00000000402f0e70
0x000079052c5f1920:   000000004028f084 000079052c5f1a30
0x000079052c5f1930:   00006c578800e780 00006c578800e0b0
0x000079052c5f1940:   0000000000000100 0000000053327000
0x000079052c5f1950:   000000000000002e 000079052e9d656a
0x000079052c5f1960:   0000000000000000 000079052ea74b2d
0x000079052c5f1970:   00006c57f72446a0 0000000000000040
0x000079052c5f1980:   00006c57f7244448 00000000413500b0
0x000079052c5f1990:   000079052c5f19e8 000079052ebd4b18
0x000079052c5f19a0:   000079052c5f19cc 000079052c5f19d0
0x000079052c5f19b0:   0000000000000001 000079052eab0598
0x000079052c5f19c0:   00000000000c0000 0401000400000000
0x000079052c5f19d0:   00000000413500b0 000079052c5f1aa0
0x000079052c5f19e0:   00007905283dd950 000079052ebd4b18
0x000079052c5f19f0:   000079052c5f19d0 000079052c5f19cf
0x000079052c5f1a00:   000079052c5f19cd 000079052c5f19ce
0x000079052c5f1a10:   000079052c5f19cc 000079052c5f1aa0
0x000079052c5f1a20:   00000000000840e8 00000000000629d0
0x000079052c5f1a30:   00006c57b002af40 0000000000020000
0x000079052c5f1a40:   000000000001081d 000079052eadb7f0
0x000079052c5f1a50:   0000790528070500 0000790528070200
0x000079052c5f1a60:   000079052806ff00 00006c57b002af40
0x000079052c5f1a70:   0000000000020000 000000000001081d
0x000079052c5f1a80:   000079052852aa40 00007905283dd950
0x000079052c5f1a90:   0000000000000000 000079052eadb6f2
0x000079052c5f1aa0:   0000000000001000 00006c57a8011d90
0x000079052c5f1ab0:   0000000000000b2a 8000000000000000 

Instructions: (pc=0x000079052ea59f1b)
0x000079052ea59e1b:   1a 00 ff 90 80 00 00 00 89 03 5b c3 48 8d 3d ca
0x000079052ea59e2b:   eb 17 00 e8 ed 9b f3 ff cc cc cc cc cc cc cc cc
0x000079052ea59e3b:   cc cc cc cc cc 55 41 57 41 56 41 55 41 54 53 48
0x000079052ea59e4b:   83 ec 18 48 89 74 24 08 48 63 87 28 01 00 00 48
0x000079052ea59e5b:   85 c0 0f 84 36 01 00 00 48 89 d3 48 63 8f ac 00
0x000079052ea59e6b:   00 00 48 8d 0c cf 48 63 97 2c 01 00 00 48 8d 34
0x000079052ea59e7b:   d1 4c 8d bc d1 d8 01 00 00 48 8d 04 c6 48 05 d8
0x000079052ea59e8b:   01 00 00 48 89 44 24 10 48 ba ff ff ff ff ff ff
0x000079052ea59e9b:   ff 7f eb 10 90 49 83 c7 08 4c 3b 7c 24 10 0f 84
0x000079052ea59eab:   ea 00 00 00 41 8b 6f 04 48 85 ed 74 e8 4d 63 37
0x000079052ea59ebb:   4c 03 74 24 08 eb 54 ba 00 10 00 00 b9 08 00 00
0x000079052ea59ecb:   00 41 b8 08 00 00 00 48 89 df 31 f6 e8 54 31 08
0x000079052ea59edb:   00 48 ba ff ff ff ff ff ff ff 7f 48 8b 03 4c 8b
0x000079052ea59eeb:   6b 10 0f 1f 00 49 39 c5 74 76 48 8b 43 08 4e 89
0x000079052ea59efb:   24 e8 49 ff c5 4c 89 6b 10 49 81 fd 01 20 00 00
0x000079052ea59f0b:   73 75 49 83 c6 04 48 ff cd 74 8a 4d 85 f6 78 25
0x000079052ea59f1b:   45 8b 26 4d 85 e4 74 ea 48 8b 05 2e 3e 1a 00 48
0x000079052ea59f2b:   8b 0d 2f 3e 1a 00 49 d3 e4 49 01 c4 eb 15 0f 1f
0x000079052ea59f3b:   80 00 00 00 00 4c 89 f0 48 21 d0 4c 8b 20 4d 85
0x000079052ea59f4b:   e4 74 bf 48 8b 03 4c 8b 6b 10 4d 85 ed 75 96 48
0x000079052ea59f5b:   3d ff 0f 00 00 0f 86 5c ff ff ff 45 31 ed eb 85
0x000079052ea59f6b:   48 89 df e8 bd c5 f7 ff 48 ba ff ff ff ff ff ff
0x000079052ea59f7b:   ff 7f e9 73 ff ff ff 48 89 df e8 b6 19 08 00 48
0x000079052ea59f8b:   ba ff ff ff ff ff ff ff 7f e9 74 ff ff ff 48 83
0x000079052ea59f9b:   c4 18 5b 41 5c 41 5d 41 5e 41 5f 5d c3 cc cc cc
0x000079052ea59fab:   cc cc cc cc cc 55 41 57 41 56 41 55 41 54 53 50
0x000079052ea59fbb:   48 89 34 24 48 63 87 28 01 00 00 48 85 c0 0f 84
0x000079052ea59fcb:   c8 00 00 00 48 89 d3 48 63 8f ac 00 00 00 48 8d
0x000079052ea59fdb:   0c cf 48 63 97 2c 01 00 00 48 8d 34 d1 4c 8d 3c
0x000079052ea59feb:   d1 49 81 c7 d8 01 00 00 4c 8d 24 c6 49 81 c4 d8
0x000079052ea59ffb:   01 00 00 eb 0d 49 83 c7 08 4d 39 e7 0f 84 8a 00
0x000079052ea5a00b:   00 00 45 8b 6f 04 4d 85 ed 74 ea 49 63 2f 48 03 


Stack slot to memory mapping:

stack at sp + 0 slots: 
[error occurred during error reporting (inspecting top of stack), id 0xe0000000, Internal Error (/mydata/mmtk-openjdk/openjdk/share/mmtkHeap.cpp:444)]
stack at sp + 1 slots: 
[error occurred during error reporting (inspecting top of stack, attempt 2), id 0xe0000000, Internal Error (/mydata/mmtk-openjdk/openjdk/share/mmtkHeap.cpp:444)]
stack at sp + 2 slots: 
[error occurred during error reporting (inspecting top of stack, attempt 3), id 0xe0000000, Internal Error (/mydata/mmtk-openjdk/openjdk/share/mmtkHeap.cpp:444)]

---------------  P R O C E S S  ---------------

Threads class SMR info:
_java_thread_list=0x00006c57580f25d0, length=17, elements={
0x000079052802b240, 0x0000790528524740, 0x0000790528525fd0, 0x0000790528527ae0,
0x0000790528546310, 0x0000790528547c60, 0x0000790528549520, 0x000079052854b360,
0x0000790528554d30, 0x00007905285a3f30, 0x00007905285a6f30, 0x00006c5770089070,
0x00006c576c04c4f0, 0x00006c57648b0a40, 0x00006c57700d2540, 0x00006c575022dce0,
0x00006c574c188760
}

Java Threads: ( => current thread )
  0x000079052802b240 JavaThread "main"                              [_thread_blocked, id=264247, stack(0x000079052e700000,0x000079052e800000) (1024K)]
  0x0000790528524740 JavaThread "Reference Handler"          daemon [_thread_blocked, id=264251, stack(0x000079052d500000,0x000079052d600000) (1024K)]
  0x0000790528525fd0 JavaThread "Finalizer"                  daemon [_thread_blocked, id=264252, stack(0x000079052d400000,0x000079052d500000) (1024K)]
  0x0000790528527ae0 JavaThread "MMTk Finalizer Thread"      daemon [_thread_blocked, id=264253, stack(0x000079052d300000,0x000079052d400000) (1024K)]
  0x0000790528546310 JavaThread "Signal Dispatcher"          daemon [_thread_blocked, id=264277, stack(0x00006c583c0fa000,0x00006c583c1fa000) (1024K)]
  0x0000790528547c60 JavaThread "Service Thread"             daemon [_thread_blocked, id=264278, stack(0x00006c57f6f00000,0x00006c57f7000000) (1024K)]
  0x0000790528549520 JavaThread "Monitor Deflation Thread"   daemon [_thread_blocked, id=264279, stack(0x00006c57f6e00000,0x00006c57f6f00000) (1024K)]
  0x000079052854b360 JavaThread "C2 CompilerThread0"         daemon [_thread_blocked, id=264280, stack(0x00006c57f6d00000,0x00006c57f6e00000) (1024K)]
  0x0000790528554d30 JavaThread "C1 CompilerThread0"         daemon [_thread_blocked, id=264281, stack(0x00006c57f6c00000,0x00006c57f6d00000) (1024K)]
  0x00007905285a3f30 JavaThread "Notification Thread"        daemon [_thread_blocked, id=264284, stack(0x00006c57f6900000,0x00006c57f6a00000) (1024K)]
  0x00007905285a6f30 JavaThread "Common-Cleaner"             daemon [_thread_blocked, id=264285, stack(0x00006c57f6800000,0x00006c57f6900000) (1024K)]
  0x00006c5770089070 JavaThread "C1 CompilerThread1"         daemon [_thread_blocked, id=264295, stack(0x00006c57f6a00000,0x00006c57f6b00000) (1024K)]
  0x00006c576c04c4f0 JavaThread "C2 CompilerThread1"         daemon [_thread_blocked, id=264322, stack(0x00006c57f6b00000,0x00006c57f6c00000) (1024K)]
  0x00006c57648b0a40 JavaThread "C2 CompilerThread2"         daemon [_thread_blocked, id=264324, stack(0x00006c57f61ff000,0x00006c57f62ff000) (1024K)]
  0x00006c57700d2540 JavaThread "C2 CompilerThread3"         daemon [_thread_blocked, id=264325, stack(0x00006c57f60ff000,0x00006c57f61ff000) (1024K)]
  0x00006c575022dce0 JavaThread "C2 CompilerThread4"         daemon [_thread_blocked, id=264326, stack(0x00006c57f5eff000,0x00006c57f5fff000) (1024K)]
  0x00006c574c188760 JavaThread "C2 CompilerThread5"         daemon [_thread_blocked, id=264327, stack(0x00006c57f5fff000,0x00006c57f60ff000) (1024K)]
Total: 17

Other Threads:
  0x0000790528519290 VMThread "VM Thread"                           [id=264250, stack(0x000079052d8fd000,0x000079052d9fd000) (1024K)]
  0x0000790528506ee0 WatcherThread "VM Periodic Task Thread"        [id=264249, stack(0x000079052d9fe000,0x000079052dafe000) (1024K)]

=>0x000079052853aab0 (exited) NamedThread "MMTk Collector Thread"   [id=264267, stack(0x000079052c4f3000,0x000079052c5f3000) (1024K)]
Total: 3

Threads with active compile tasks:
Total: 0

VM state: at safepoint (normal execution)

VM Mutex/Monitor currently owned by a thread:  ([mutex/lock_event])
[0x00007905301580d0] Threads_lock - owner thread: 0x0000790528519290
[0x0000790530157fd0] Heap_lock - owner thread: 0x00007905283e2890

Heap address: 0x0000000040000000, size: 3072 MB, Compressed Oops mode: 32-bit

CDS archive(s) mapped at: [0x00006c57f7000000-0x00006c57f7ca3000-0x00006c57f7ca3000), size 13250560, SharedBaseAddress: 0x00006c57f7000000, ArchiveRelocationMode: 1.
Compressed class space mapped at: 0x00006c57f8000000-0x00006c5838000000, reserved size: 1073741824
Narrow klass base: 0x00006c57f7000000, Narrow klass shift: 0, Narrow klass range: 0x100000000

GC Precious Log:
<Empty>

Heap:

[error occurred during error reporting (printing heap information), id 0xe0000000, Internal Error (/mydata/mmtk-openjdk/openjdk/share/mmtkHeap.cpp:424)]
Metaspace:

Usage:
  Non-class:      8.73 MB used.
      Class:      1.04 MB used.
       Both:      9.77 MB used.

Virtual space:
  Non-class space:       64.00 MB reserved,       8.94 MB ( 14%) committed,  1 nodes.
      Class space:        1.00 GB reserved,       1.19 MB ( <1%) committed,  1 nodes.
             Both:        1.06 GB reserved,      10.12 MB ( <1%) committed. 

Chunk freelists:
   Non-Class:  6.61 MB
       Class:  14.75 MB
        Both:  21.35 MB

MaxMetaspaceSize: unlimited
CompressedClassSpaceSize: 1.00 GB
Initial GC threshold: 21.00 MB
Current GC threshold: 21.00 MB
CDS: on
 - commit_granule_bytes: 65536.
 - commit_granule_words: 8192.
 - virtual_space_node_default_size: 8388608.
 - enlarge_chunks_in_place: 1.
 - use_allocation_guard: 0.


Internal statistics:

num_allocs_failed_limit: 0.
num_arena_births: 268.
num_arena_deaths: 0.
num_vsnodes_births: 2.
num_vsnodes_deaths: 0.
num_space_committed: 162.
num_space_uncommitted: 0.
num_chunks_returned_to_freelist: 0.
num_chunks_taken_from_freelist: 570.
num_chunk_merges: 0.
num_chunk_splits: 381.
num_chunks_enlarged: 263.
num_inconsistent_stats: 0.

CodeHeap 'non-profiled nmethods': size=118880Kb used=4392Kb max_used=4392Kb free=114487Kb
 bounds [0x00007905183e8000, 0x0000790518838000, 0x000079051f800000]
CodeHeap 'profiled nmethods': size=118876Kb used=5430Kb max_used=5430Kb free=113445Kb
 bounds [0x0000790510800000, 0x0000790510d50000, 0x0000790517c17000]
CodeHeap 'non-nmethods': size=8004Kb used=1807Kb max_used=3462Kb free=6196Kb
 bounds [0x0000790517c17000, 0x0000790517f87000, 0x00007905183e8000]
CodeCache: size=245760Kb, used=11629Kb, max_used=13284Kb, free=234128Kb
 total_blobs=3921, nmethods=3389, adapters=435, full_count=0
Compilation: enabled, stopped_count=0, restarted_count=0

Compilation events (20 events):
Event: 23.564 Thread 0x00006c57700d2540 3383       4       org.apache.lucene.index.IndexWriter::addDocument (7 bytes)
Event: 23.564 Thread 0x00006c576c04c4f0 3384   !   4       org.apache.lucene.index.IndexWriter::updateDocuments (113 bytes)
Event: 23.564 Thread 0x00006c574c188760 3385   !   4       org.apache.lucene.index.DocumentsWriter::updateDocuments (235 bytes)
Event: 23.564 Thread 0x00006c57648b0a40 3386       4       org.apache.lucene.index.DocumentsWriter::preUpdate (71 bytes)
Event: 23.564 Thread 0x000079052854b360 3389   !   4       org.apache.lucene.index.DocumentsWriterPerThread::updateDocuments (202 bytes)
Event: 23.565 Thread 0x00006c57700d2540 nmethod 3383 0x0000790518815c90 code [0x0000790518815e20, 0x0000790518815ed8]
Event: 23.565 Thread 0x00006c57700d2540 3388   !   4       org.apache.lucene.index.ConcurrentApproximatePriorityQueue::poll (215 bytes)
Event: 23.566 Thread 0x00006c57648b0a40 nmethod 3386 0x0000790518815f90 code [0x0000790518816140, 0x0000790518816428]
Event: 23.566 Thread 0x00006c57648b0a40 3387   !   4       org.apache.lucene.index.DocumentsWriterFlushControl::obtainAndLock (99 bytes)
Event: 23.566 Thread 0x00006c574c18b1e0 nmethod 3381 0x0000790518816610 code [0x00007905188167c0, 0x0000790518816c40]
Event: 23.566 Thread 0x00006c574c18b1e0 3390       4       org.apache.lucene.index.DocumentsWriterPerThreadPool::marksAsFreeAndUnlock (43 bytes)
Event: 23.568 Thread 0x00006c575022dce0 nmethod 3382 0x0000790518816e10 code [0x0000790518817000, 0x00007905188177f0]
Event: 23.571 Thread 0x000079052854b360 nmethod 3389 0x0000790518817c90 code [0x0000790518817ec0, 0x00007905188187b8]
Event: 23.579 Thread 0x00006c574c18b1e0 nmethod 3390 0x0000790518819010 code [0x00007905188192e0, 0x0000790518819eb8]
Event: 23.579 Thread 0x00006c57700d2540 nmethod 3388 0x000079051881ab10 code [0x000079051881ae60, 0x000079051881be88]
Event: 23.581 Thread 0x00006c57648b0a40 nmethod 3387 0x000079051881d110 code [0x000079051881d4a0, 0x000079051881e6e0]
Event: 23.626 Thread 0x00006c574c188760 nmethod 3385 0x000079051881f810 code [0x0000790518820000, 0x0000790518824750]
Event: 23.635 Thread 0x00006c576c04c4f0 nmethod 3384 0x0000790518828490 code [0x0000790518828cc0, 0x000079051882d8f8]
Event: 24.047 Thread 0x00006c575022dce0 3392       4       org.apache.lucene.index.IndexWriter::updateDocument (21 bytes)
Event: 24.048 Thread 0x00006c575022dce0 nmethod 3392 0x0000790518831c90 code [0x0000790518831e20, 0x0000790518831fd8]

GC Heap History (0 events):
No events

Dll operation events (8 events):
Event: 0.001 Loaded shared library /mydata/openjdk-mmtk/build/b0test/images/jdk/lib/libjava.so
Event: 2.233 Loaded shared library /mydata/openjdk-mmtk/build/b0test/images/jdk/lib/libjsvml.so
Event: 2.246 Loaded shared library /mydata/openjdk-mmtk/build/b0test/images/jdk/lib/libnio.so
Event: 2.249 Loaded shared library /mydata/openjdk-mmtk/build/b0test/images/jdk/lib/libzip.so
Event: 2.263 Loaded shared library /mydata/openjdk-mmtk/build/b0test/images/jdk/lib/libjimage.so
Event: 2.289 Loaded shared library /mydata/openjdk-mmtk/build/b0test/images/jdk/lib/libnet.so
Event: 16.914 Loaded shared library /mydata/openjdk-mmtk/build/b0test/images/jdk/lib/libmanagement.so
Event: 16.916 Loaded shared library /mydata/openjdk-mmtk/build/b0test/images/jdk/lib/libmanagement_ext.so

Deoptimization events (20 events):
Event: 23.325 Thread 0x000079052802b240 DEOPT PACKING pc=0x0000790510d4ba33 sp=0x000079052e7fdf30
Event: 23.325 Thread 0x000079052802b240 DEOPT UNPACKING pc=0x0000790517c6ab2f sp=0x000079052e7fd458 mode 0
Event: 23.327 Thread 0x000079052802b240 DEOPT PACKING pc=0x0000790510d4ba33 sp=0x000079052e7fdf30
Event: 23.327 Thread 0x000079052802b240 DEOPT UNPACKING pc=0x0000790517c6ab2f sp=0x000079052e7fd458 mode 0
Event: 23.328 Thread 0x000079052802b240 DEOPT PACKING pc=0x0000790510d4ba33 sp=0x000079052e7fdf30
Event: 23.329 Thread 0x000079052802b240 DEOPT UNPACKING pc=0x0000790517c6ab2f sp=0x000079052e7fd458 mode 0
Event: 23.330 Thread 0x000079052802b240 DEOPT PACKING pc=0x0000790510d4ba33 sp=0x000079052e7fdf30
Event: 23.330 Thread 0x000079052802b240 DEOPT UNPACKING pc=0x0000790517c6ab2f sp=0x000079052e7fd458 mode 0
Event: 23.330 Thread 0x000079052802b240 DEOPT PACKING pc=0x0000790510d4ba33 sp=0x000079052e7fdf30
Event: 23.330 Thread 0x000079052802b240 DEOPT UNPACKING pc=0x0000790517c6ab2f sp=0x000079052e7fd458 mode 0
Event: 23.331 Thread 0x000079052802b240 DEOPT PACKING pc=0x0000790510d4ba33 sp=0x000079052e7fdf30
Event: 23.331 Thread 0x000079052802b240 DEOPT UNPACKING pc=0x0000790517c6ab2f sp=0x000079052e7fd458 mode 0
Event: 23.332 Thread 0x000079052802b240 DEOPT PACKING pc=0x0000790510d4ba33 sp=0x000079052e7fdf30
Event: 23.332 Thread 0x000079052802b240 DEOPT UNPACKING pc=0x0000790517c6ab2f sp=0x000079052e7fd458 mode 0
Event: 23.334 Thread 0x000079052802b240 DEOPT PACKING pc=0x0000790510d4ba33 sp=0x000079052e7fdf30
Event: 23.334 Thread 0x000079052802b240 DEOPT UNPACKING pc=0x0000790517c6ab2f sp=0x000079052e7fd458 mode 0
Event: 23.335 Thread 0x000079052802b240 DEOPT PACKING pc=0x0000790510d4ba33 sp=0x000079052e7fdf30
Event: 23.335 Thread 0x000079052802b240 DEOPT UNPACKING pc=0x0000790517c6ab2f sp=0x000079052e7fd458 mode 0
Event: 23.335 Thread 0x000079052802b240 DEOPT PACKING pc=0x0000790510d4ba33 sp=0x000079052e7fdf30
Event: 23.335 Thread 0x000079052802b240 DEOPT UNPACKING pc=0x0000790517c6ab2f sp=0x000079052e7fd458 mode 0

Classes loaded (20 events):
Event: 23.233 Loading class java/util/function/BooleanSupplier
Event: 23.233 Loading class java/util/function/BooleanSupplier done
Event: 23.234 Loading class java/lang/invoke/MethodHandle$1
Event: 23.234 Loading class java/lang/invoke/MethodHandle$1 done
Event: 23.264 Loading class java/nio/file/StandardCopyOption
Event: 23.264 Loading class java/nio/file/StandardCopyOption done
Event: 23.265 Loading class sun/nio/fs/UnixFileSystem$Flags
Event: 23.265 Loading class sun/nio/fs/UnixFileSystem$Flags done
Event: 23.266 Loading class java/util/ArrayDeque$DeqSpliterator
Event: 23.266 Loading class java/util/ArrayDeque$DeqSpliterator done
Event: 23.267 Loading class java/io/FileOutputStream$1
Event: 23.267 Loading class java/io/FileOutputStream$1 done
Event: 23.267 Loading class java/security/NoSuchAlgorithmException
Event: 23.267 Loading class java/security/GeneralSecurityException
Event: 23.267 Loading class java/security/GeneralSecurityException done
Event: 23.267 Loading class java/security/NoSuchAlgorithmException done
Event: 23.267 Loading class sun/security/provider/SHA
Event: 23.267 Loading class sun/security/provider/SHA done
Event: 23.268 Loading class sun/security/provider/ByteArrayAccess$BE
Event: 23.268 Loading class sun/security/provider/ByteArrayAccess$BE done

Classes unloaded (0 events):
No events

Classes redefined (0 events):
No events

Internal exceptions (20 events):
Event: 18.766 Thread 0x000079052802b240 Exception <a 'java/lang/NoSuchMethodError'{0x0000000040e75190}: 'java.lang.Object java.lang.invoke.DirectMethodHandle$Holder.invokeStaticInit(java.lang.Object, long, long, long)'> (0x0000000040e75190) 
thrown [src/hotspot/share/interpreter/linkResolver.cpp, line 772]
Event: 18.889 Thread 0x000079052802b240 Exception <a 'java/lang/NoSuchMethodError'{0x00000000401243c0}: 'void java.lang.invoke.DirectMethodHandle$Holder.invokeStatic(java.lang.Object, java.lang.Object, java.lang.Object, java.lang.Object)'> (0x00000000401243c0) 
thrown [src/hotspot/share/interpreter/linkResolver.cpp, line 772]
Event: 19.311 Thread 0x000079052802b240 Exception <a 'java/lang/NoSuchMethodError'{0x0000000043d04978}: 'void java.lang.invoke.DirectMethodHandle$Holder.invokeInterface(java.lang.Object, java.lang.Object, java.lang.Object)'> (0x0000000043d04978) 
thrown [src/hotspot/share/interpreter/linkResolver.cpp, line 772]
Event: 19.324 Thread 0x000079052802b240 Implicit null exception at 0x00007905185037ba to 0x0000790518503a58
Event: 19.327 Thread 0x000079052802b240 Implicit null exception at 0x00007905184a279d to 0x00007905184a3e30
Event: 21.035 Thread 0x000079052802b240 Implicit null exception at 0x0000790518510806 to 0x0000790518510a4c
Event: 21.035 Thread 0x000079052802b240 Implicit null exception at 0x00007905185d228e to 0x00007905185d7b1c
Event: 22.211 Thread 0x000079052886c440 Implicit null exception at 0x00007905184123eb to 0x0000790518412490
Event: 22.228 Thread 0x000079052886c440 Implicit null exception at 0x0000790518415d3f to 0x0000790518416018
Event: 22.252 Thread 0x000079052886c440 Implicit null exception at 0x00007905185a466e to 0x00007905185a5088
Event: 23.210 Thread 0x000079052886c440 Implicit null exception at 0x0000790518796349 to 0x0000790518798720
Event: 23.210 Thread 0x000079052886c440 Implicit null exception at 0x00007905186e8d42 to 0x00007905186ea5f0
Event: 23.210 Thread 0x000079052886c440 Implicit null exception at 0x00007905186e5fdb to 0x00007905186e6b98
Event: 23.211 Thread 0x000079052886c440 Implicit null exception at 0x00007905186d92d4 to 0x00007905186d974c
Event: 23.214 Thread 0x000079052886c440 Implicit null exception at 0x00007905186c5ae2 to 0x00007905186c5c34
Event: 23.231 Thread 0x000079052886c440 Exception <a 'java/lang/NoSuchMethodError'{0x000000004e04f700}: 'java.lang.Object java.lang.invoke.DirectMethodHandle$Holder.newInvokeSpecial(java.lang.Object, java.lang.Object, java.lang.Object, int)'> (0x000000004e04f700) 
thrown [src/hotspot/share/interpreter/linkResolver.cpp, line 772]
Event: 23.231 Thread 0x000079052886c440 Exception <a 'java/lang/NoSuchMethodError'{0x000000004e043278}: 'java.lang.Object java.lang.invoke.DirectMethodHandle$Holder.invokeSpecial(java.lang.Object, java.lang.Object, java.lang.Object, java.lang.Object, int)'> (0x000000004e043278) 
thrown [src/hotspot/share/interpreter/linkResolver.cpp, line 772]
Event: 23.232 Thread 0x000079052886c440 Exception <a 'java/lang/NoSuchMethodError'{0x000000004e046930}: 'java.lang.Object java.lang.invoke.Invokers$Holder.linkToTargetMethod(java.lang.Object, java.lang.Object, int, java.lang.Object)'> (0x000000004e046930) 
thrown [src/hotspot/share/interpreter/linkResolver.cpp, line 772]
Event: 23.232 Thread 0x000079052886c440 Exception <a 'java/lang/NoSuchMethodError'{0x000000004e03eaf8}: 'java.lang.Object java.lang.invoke.DirectMethodHandle$Holder.invokeInterface(java.lang.Object, java.lang.Object)'> (0x000000004e03eaf8) 
thrown [src/hotspot/share/interpreter/linkResolver.cpp, line 772]
Event: 23.280 Thread 0x000079052802b240 Exception <a 'sun/nio/fs/UnixException'{0x0000000041352c08}> (0x0000000041352c08) 
thrown [src/hotspot/share/prims/jni.cpp, line 520]

ZGC Phase Switch (0 events):
No events

VM Operations (20 events):
Event: 23.042 Executing VM operation: ThirdPartyHeapOperation done
Event: 23.228 Executing VM operation: HandshakeAllThreads (CloseScopedMemory)
Event: 23.228 Executing VM operation: HandshakeAllThreads (CloseScopedMemory) done
Event: 23.235 Executing VM operation: HandshakeAllThreads (CloseScopedMemory)
Event: 23.235 Executing VM operation: HandshakeAllThreads (CloseScopedMemory) done
Event: 23.236 Executing VM operation: HandshakeAllThreads (CloseScopedMemory)
Event: 23.236 Executing VM operation: HandshakeAllThreads (CloseScopedMemory) done
Event: 23.236 Executing VM operation: HandshakeAllThreads (CloseScopedMemory)
Event: 23.236 Executing VM operation: HandshakeAllThreads (CloseScopedMemory) done
Event: 23.268 Executing VM operation: HandshakeAllThreads (Deoptimize)
Event: 23.268 Executing VM operation: HandshakeAllThreads (Deoptimize) done
Event: 23.269 Executing VM operation: HandshakeAllThreads (Deoptimize)
Event: 23.269 Executing VM operation: HandshakeAllThreads (Deoptimize) done
Event: 23.274 Executing VM operation: ThirdPartyHeapOperation
Event: 23.279 Executing VM operation: ThirdPartyHeapOperation done
Event: 23.282 Executing VM operation: ThirdPartyHeapOperation
Event: 23.293 Executing VM operation: ThirdPartyHeapOperation done
Event: 24.049 Executing VM operation: ThirdPartyHeapOperation
Event: 24.054 Executing VM operation: ThirdPartyHeapOperation done
Event: 24.056 Executing VM operation: ThirdPartyHeapOperation

Memory protections (20 events):
Event: 18.850 Protecting memory [0x00006c57f61ff000,0x00006c57f6203000] with protection modes 0
Event: 18.946 Protecting memory [0x00006c57f60ff000,0x00006c57f6103000] with protection modes 0
Event: 18.946 Protecting memory [0x00006c57f5eff000,0x00006c57f5f03000] with protection modes 0
Event: 19.010 Protecting memory [0x00006c57f5fff000,0x00006c57f6003000] with protection modes 0
Event: 19.039 Protecting memory [0x00006c57f5dff000,0x00006c57f5e03000] with protection modes 0
Event: 21.035 Protecting memory [0x00006c57f6b00000,0x00006c57f6b04000] with protection modes 0
Event: 21.040 Protecting memory [0x00006c57f6700000,0x00006c57f6704000] with protection modes 0
Event: 21.040 Protecting memory [0x00006c57f61ff000,0x00006c57f6203000] with protection modes 0
Event: 21.046 Protecting memory [0x00006c57f60ff000,0x00006c57f6103000] with protection modes 0
Event: 21.110 Protecting memory [0x00006c57f5eff000,0x00006c57f5f03000] with protection modes 0
Event: 22.171 Protecting memory [0x00006c57f6b00000,0x00006c57f6b04000] with protection modes 0
Event: 22.206 Protecting memory [0x00006c57f6700000,0x00006c57f6704000] with protection modes 0
Event: 22.233 Protecting memory [0x00006c57f61ff000,0x00006c57f6203000] with protection modes 0
Event: 22.236 Protecting memory [0x00006c57f60ff000,0x00006c57f6103000] with protection modes 0
Event: 22.261 Protecting memory [0x00006c57f5eff000,0x00006c57f5f03000] with protection modes 0
Event: 22.265 Protecting memory [0x00006c57f5fff000,0x00006c57f6003000] with protection modes 0
Event: 22.265 Protecting memory [0x00006c57f5dff000,0x00006c57f5e03000] with protection modes 0
Event: 22.277 Protecting memory [0x00006c57f6300000,0x00006c57f6304000] with protection modes 0
Event: 22.287 Protecting memory [0x00006c57f5500000,0x00006c57f5504000] with protection modes 0
Event: 22.287 Protecting memory [0x00006c57f5100000,0x00006c57f5104000] with protection modes 0

Nmethod flushes (0 events):
No events

Events (20 events):
Event: 21.582 Thread 0x00006c574c188880 Thread exited: 0x00006c574c188880
Event: 21.590 Thread 0x00006c574c187d70 Thread exited: 0x00006c574c187d70
Event: 21.953 Thread 0x00006c57700cfb90 Thread exited: 0x00006c57700cfb90
Event: 22.171 Thread 0x000079052854b360 Thread added: 0x00006c576c04c4f0
Event: 22.206 Thread 0x000079052802b240 Thread added: 0x000079052886c440
Event: 22.233 Thread 0x00006c576c04c4f0 Thread added: 0x00006c57648b0a40
Event: 22.236 Thread 0x0000790528554d30 Thread added: 0x00006c57700d2540
Event: 22.261 Thread 0x00006c57648b0a40 Thread added: 0x00006c575022dce0
Event: 22.265 Thread 0x00006c5768088920 Thread added: 0x00006c574c188760
Event: 22.265 Thread 0x00006c5768088920 Thread added: 0x00006c574c18b1e0
Event: 22.277 Thread 0x00006c5770089070 Thread added: 0x00006c5768104b30
Event: 22.287 Thread 0x00006c576c04c4f0 Thread added: 0x00006c5764517e30
Event: 22.287 Thread 0x00006c576c04c4f0 Thread added: 0x00006c5764518980
Event: 22.651 Thread 0x00006c5764518980 Thread exited: 0x00006c5764518980
Event: 23.140 Thread 0x00006c5764517e30 Thread exited: 0x00006c5764517e30
Event: 23.204 Thread 0x00006c5768088920 Thread exited: 0x00006c5768088920
Event: 23.240 Thread 0x000079052886c440 Thread exited: 0x000079052886c440
Event: 23.475 Thread 0x00006c5768104b30 Thread exited: 0x00006c5768104b30
Event: 24.047 Thread 0x00006c574c18b1e0 Thread exited: 0x00006c574c18b1e0
Event: 24.047 Thread 0x00006c5768087840 Thread exited: 0x00006c5768087840


Dynamic libraries:
40000000-40400000 rw-p 00000000 00:00 0                                  [anon:mmtk:space:immix]
40400000-40800000 rw-p 00000000 00:00 0                                  [anon:mmtk:space:los]
40800000-41400000 rw-p 00000000 00:00 0                                  [anon:mmtk:space:immix]
41400000-43c00000 rw-p 00000000 00:00 0                                  [anon:mmtk:space:los]
43c00000-44000000 rw-p 00000000 00:00 0                                  [anon:mmtk:space:immix]
44000000-45c00000 rw-p 00000000 00:00 0                                  [anon:mmtk:space:los]
45c00000-46000000 rw-p 00000000 00:00 0                                  [anon:mmtk:space:immix]
46000000-47800000 rw-p 00000000 00:00 0                                  [anon:mmtk:space:los]
47800000-47c00000 rw-p 00000000 00:00 0                                  [anon:mmtk:space:immix]
47c00000-49000000 rw-p 00000000 00:00 0                                  [anon:mmtk:space:los]
49000000-49400000 rw-p 00000000 00:00 0                                  [anon:mmtk:space:immix]
49400000-4a000000 rw-p 00000000 00:00 0                                  [anon:mmtk:space:los]
4a000000-4a400000 rw-p 00000000 00:00 0                                  [anon:mmtk:space:immix]
4a400000-4c400000 rw-p 00000000 00:00 0                                  [anon:mmtk:space:los]
4c400000-4c800000 rw-p 00000000 00:00 0                                  [anon:mmtk:space:immix]
4c800000-4e000000 rw-p 00000000 00:00 0                                  [anon:mmtk:space:los]
4e000000-4e400000 rw-p 00000000 00:00 0                                  [anon:mmtk:space:immix]
4e400000-4f400000 rw-p 00000000 00:00 0                                  [anon:mmtk:space:los]
4f400000-4f800000 rw-p 00000000 00:00 0                                  [anon:mmtk:space:immix]
4f800000-4fc00000 rw-p 00000000 00:00 0                                  [anon:mmtk:space:los]
4fc00000-50000000 rw-p 00000000 00:00 0                                  [anon:mmtk:space:los]
50000000-50c00000 rw-p 00000000 00:00 0                                  [anon:mmtk:space:los]
50c00000-51000000 rw-p 00000000 00:00 0                                  [anon:mmtk:space:immix]
51000000-51800000 rw-p 00000000 00:00 0                                  [anon:mmtk:space:los]
51800000-55000000 rw-p 00000000 00:00 0                                  [anon:mmtk:space:los]
55000000-56000000 rw-p 00000000 00:00 0                                  [anon:mmtk:space:immix]
56000000-56c00000 rw-p 00000000 00:00 0                                  [anon:mmtk:space:immix]
200000000000-2000c00c0000 rw-s 00000000 00:10 68                         anon_inode:bpf-map
570b4c9e9000-570b4c9ea000 r--p 00000000 fc:00 49676320                   /mydata/openjdk-mmtk/build/b0test/images/jdk/bin/java
570b4c9ea000-570b4c9eb000 r-xp 00001000 fc:00 49676320                   /mydata/openjdk-mmtk/build/b0test/images/jdk/bin/java
570b4c9eb000-570b4c9ec000 r--p 00002000 fc:00 49676320                   /mydata/openjdk-mmtk/build/b0test/images/jdk/bin/java
570b4c9ec000-570b4c9ed000 r--p 00002000 fc:00 49676320                   /mydata/openjdk-mmtk/build/b0test/images/jdk/bin/java
570b4c9ed000-570b4c9ee000 rw-p 00003000 fc:00 49676320                   /mydata/openjdk-mmtk/build/b0test/images/jdk/bin/java
570b7bb4c000-570b7bb94000 rw-p 00000000 00:00 0                          [heap]
6c572c000000-6c572c9fe000 rw-p 00000000 00:00 0 
6c572c9fe000-6c5730000000 ---p 00000000 00:00 0 
6c5730000000-6c57302ba000 rw-p 00000000 00:00 0 
6c57302ba000-6c5734000000 ---p 00000000 00:00 0 
6c5734000000-6c57356ca000 rw-p 00000000 00:00 0 
6c57356ca000-6c5738000000 ---p 00000000 00:00 0 
6c5738000000-6c5738c33000 rw-p 00000000 00:00 0 
6c5738c33000-6c573c000000 ---p 00000000 00:00 0 
6c573c000000-6c573cc3d000 rw-p 00000000 00:00 0 
6c573cc3d000-6c5740000000 ---p 00000000 00:00 0 
6c5740000000-6c57413de000 rw-p 00000000 00:00 0 
6c57413de000-6c5744000000 ---p 00000000 00:00 0 
6c5744000000-6c5745583000 rw-p 00000000 00:00 0 
6c5745583000-6c5748000000 ---p 00000000 00:00 0 
6c5748000000-6c5749563000 rw-p 00000000 00:00 0 
6c5749563000-6c574c000000 ---p 00000000 00:00 0 
6c574c000000-6c574c275000 rw-p 00000000 00:00 0 
6c574c275000-6c5750000000 ---p 00000000 00:00 0 
6c5750000000-6c5751277000 rw-p 00000000 00:00 0 
6c5751277000-6c5754000000 ---p 00000000 00:00 0 
6c5754000000-6c5754a19000 rw-p 00000000 00:00 0 
6c5754a19000-6c5758000000 ---p 00000000 00:00 0 
6c5758000000-6c57582dd000 rw-p 00000000 00:00 0 
6c57582dd000-6c575c000000 ---p 00000000 00:00 0 
6c575c000000-6c575c021000 rw-p 00000000 00:00 0 
6c575c021000-6c5760000000 ---p 00000000 00:00 0 
6c5760000000-6c5760021000 rw-p 00000000 00:00 0 
6c5760021000-6c5764000000 ---p 00000000 00:00 0 
6c5764000000-6c5765940000 rw-p 00000000 00:00 0 
6c5765940000-6c5768000000 ---p 00000000 00:00 0 
6c5768000000-6c5768179000 rw-p 00000000 00:00 0 
6c5768179000-6c576c000000 ---p 00000000 00:00 0 
6c576c000000-6c576d3ae000 rw-p 00000000 00:00 0 
6c576d3ae000-6c5770000000 ---p 00000000 00:00 0 
6c5770000000-6c57700f7000 rw-p 00000000 00:00 0 
6c57700f7000-6c5774000000 ---p 00000000 00:00 0 
6c5774000000-6c5774021000 rw-p 00000000 00:00 0 
6c5774021000-6c5778000000 ---p 00000000 00:00 0 
6c5778000000-6c5778021000 rw-p 00000000 00:00 0 
6c5778021000-6c577c000000 ---p 00000000 00:00 0 
6c577c000000-6c577c043000 rw-p 00000000 00:00 0 
6c577c043000-6c5780000000 ---p 00000000 00:00 0 
6c5780000000-6c5780021000 rw-p 00000000 00:00 0 
6c5780021000-6c5784000000 ---p 00000000 00:00 0 
6c5784000000-6c5784032000 rw-p 00000000 00:00 0 
6c5784032000-6c5788000000 ---p 00000000 00:00 0 
6c5788000000-6c5788032000 rw-p 00000000 00:00 0 
6c5788032000-6c578c000000 ---p 00000000 00:00 0 
6c578c000000-6c578c043000 rw-p 00000000 00:00 0 
6c578c043000-6c5790000000 ---p 00000000 00:00 0 
6c5790000000-6c5790032000 rw-p 00000000 00:00 0 
6c5790032000-6c5794000000 ---p 00000000 00:00 0 
6c5794000000-6c5794043000 rw-p 00000000 00:00 0 
6c5794043000-6c5798000000 ---p 00000000 00:00 0 
6c5798000000-6c57980da000 rw-p 00000000 00:00 0 
6c57980da000-6c579c000000 ---p 00000000 00:00 0 
6c579c000000-6c579c022000 rw-p 00000000 00:00 0 
6c579c022000-6c57a0000000 ---p 00000000 00:00 0 
6c57a0000000-6c57a0032000 rw-p 00000000 00:00 0 
6c57a0032000-6c57a4000000 ---p 00000000 00:00 0 
6c57a4000000-6c57a4043000 rw-p 00000000 00:00 0 
6c57a4043000-6c57a8000000 ---p 00000000 00:00 0 
6c57a8000000-6c57a80fa000 rw-p 00000000 00:00 0 
6c57a80fa000-6c57ac000000 ---p 00000000 00:00 0 
6c57ac000000-6c57ac07b000 rw-p 00000000 00:00 0 
6c57ac07b000-6c57b0000000 ---p 00000000 00:00 0 
6c57b0000000-6c57b01ac000 rw-p 00000000 00:00 0 
6c57b01ac000-6c57b4000000 ---p 00000000 00:00 0 
6c57b4000000-6c57b4043000 rw-p 00000000 00:00 0 
6c57b4043000-6c57b8000000 ---p 00000000 00:00 0 
6c57b8000000-6c57b802a000 rw-p 00000000 00:00 0 
6c57b802a000-6c57bc000000 ---p 00000000 00:00 0 
6c57bc000000-6c57bc02b000 rw-p 00000000 00:00 0 
6c57bc02b000-6c57c0000000 ---p 00000000 00:00 0 
6c57c0000000-6c57c019d000 rw-p 00000000 00:00 0 
6c57c019d000-6c57c4000000 ---p 00000000 00:00 0 
6c57c4000000-6c57c404b000 rw-p 00000000 00:00 0 
6c57c404b000-6c57c8000000 ---p 00000000 00:00 0 
6c57c8000000-6c57c802a000 rw-p 00000000 00:00 0 
6c57c802a000-6c57cc000000 ---p 00000000 00:00 0 
6c57cc000000-6c57cc186000 rw-p 00000000 00:00 0 
6c57cc186000-6c57d0000000 ---p 00000000 00:00 0 
6c57d0000000-6c57d0033000 rw-p 00000000 00:00 0 
6c57d0033000-6c57d4000000 ---p 00000000 00:00 0 
6c57d4000000-6c57d418b000 rw-p 00000000 00:00 0 
6c57d418b000-6c57d8000000 ---p 00000000 00:00 0 
6c57d8000000-6c57d803b000 rw-p 00000000 00:00 0 
6c57d803b000-6c57dc000000 ---p 00000000 00:00 0 
6c57dc000000-6c57dc021000 rw-p 00000000 00:00 0 
6c57dc021000-6c57e0000000 ---p 00000000 00:00 0 
6c57e0000000-6c57e0021000 rw-p 00000000 00:00 0 
6c57e0021000-6c57e4000000 ---p 00000000 00:00 0 
6c57e4000000-6c57e4021000 rw-p 00000000 00:00 0 
6c57e4021000-6c57e8000000 ---p 00000000 00:00 0 
6c57e8000000-6c57e8021000 rw-p 00000000 00:00 0 
6c57e8021000-6c57ec000000 ---p 00000000 00:00 0 
6c57ec000000-6c57ec380000 rw-p 00000000 00:00 0 
6c57ec380000-6c57ec400000 ---p 00000000 00:00 0 
6c57ec400000-6c57ec970000 rw-p 00000000 00:00 0 
6c57ec970000-6c57f0000000 ---p 00000000 00:00 0 
6c57f0000000-6c57f0021000 rw-p 00000000 00:00 0 
6c57f0021000-6c57f4000000 ---p 00000000 00:00 0 
6c57f4eff000-6c57f4f00000 ---p 00000000 00:00 0 
6c57f4f00000-6c57f5100000 rw-p 00000000 00:00 0 
6c57f5100000-6c57f5104000 ---p 00000000 00:00 0 
6c57f5104000-6c57f5200000 rw-p 00000000 00:00 0 
6c57f5500000-6c57f5504000 ---p 00000000 00:00 0 
6c57f5504000-6c57f5600000 rw-p 00000000 00:00 0 
6c57f5dff000-6c57f5e03000 ---p 00000000 00:00 0 
6c57f5e03000-6c57f5eff000 rw-p 00000000 00:00 0 
6c57f5eff000-6c57f5f03000 ---p 00000000 00:00 0 
6c57f5f03000-6c57f5fff000 rw-p 00000000 00:00 0 
6c57f5fff000-6c57f6003000 ---p 00000000 00:00 0 
6c57f6003000-6c57f60ff000 rw-p 00000000 00:00 0 
6c57f60ff000-6c57f6103000 ---p 00000000 00:00 0 
6c57f6103000-6c57f61ff000 rw-p 00000000 00:00 0 
6c57f61ff000-6c57f6203000 ---p 00000000 00:00 0 
6c57f6203000-6c57f62ff000 rw-p 00000000 00:00 0 
6c57f62ff000-6c57f6300000 ---p 00000000 00:00 0 
6c57f6300000-6c57f6304000 ---p 00000000 00:00 0 
6c57f6304000-6c57f6500000 rw-p 00000000 00:00 0 
6c57f6500000-6c57f6504000 ---p 00000000 00:00 0 
6c57f6504000-6c57f6600000 rw-p 00000000 00:00 0 
6c57f6600000-6c57f6604000 ---p 00000000 00:00 0 
6c57f6604000-6c57f6700000 rw-p 00000000 00:00 0 
6c57f6700000-6c57f6704000 ---p 00000000 00:00 0 
6c57f6704000-6c57f6800000 rw-p 00000000 00:00 0 
6c57f6800000-6c57f6804000 ---p 00000000 00:00 0 
6c57f6804000-6c57f6900000 rw-p 00000000 00:00 0 
6c57f6900000-6c57f6904000 ---p 00000000 00:00 0 
6c57f6904000-6c57f6a00000 rw-p 00000000 00:00 0 
6c57f6a00000-6c57f6a04000 ---p 00000000 00:00 0 
6c57f6a04000-6c57f6b00000 rw-p 00000000 00:00 0 
6c57f6b00000-6c57f6b04000 ---p 00000000 00:00 0 
6c57f6b04000-6c57f6c00000 rw-p 00000000 00:00 0 
6c57f6c00000-6c57f6c04000 ---p 00000000 00:00 0 
6c57f6c04000-6c57f6d00000 rw-p 00000000 00:00 0 
6c57f6d00000-6c57f6d04000 ---p 00000000 00:00 0 
6c57f6d04000-6c57f6e00000 rw-p 00000000 00:00 0 
6c57f6e00000-6c57f6e04000 ---p 00000000 00:00 0 
6c57f6e04000-6c57f6f00000 rw-p 00000000 00:00 0 
6c57f6f00000-6c57f6f04000 ---p 00000000 00:00 0 
6c57f6f04000-6c57f7000000 rw-p 00000000 00:00 0 
6c57f7000000-6c57f7ca3000 rw-p 00001000 fc:00 49677004                   /mydata/openjdk-mmtk/build/b0test/images/jdk/lib/server/classes.jsa
6c57f7ca3000-6c57f8000000 ---p 00000000 00:00 0 
6c57f8000000-6c57f8040000 rw-p 00000000 00:00 0 
6c57f8040000-6c57f80c0000 rw-p 00000000 00:00 0 
6c57f80c0000-6c57f80e0000 rw-p 00000000 00:00 0 
6c57f80e0000-6c57f8100000 ---p 00000000 00:00 0 
6c57f8100000-6c57f8150000 rw-p 00000000 00:00 0 
6c57f8150000-6c5838000000 ---p 00000000 00:00 0 
6c5838000000-6c5838021000 rw-p 00000000 00:00 0 
6c5838021000-6c583c000000 ---p 00000000 00:00 0 
6c583c0fa000-6c583c0fe000 ---p 00000000 00:00 0 
6c583c0fe000-6c583c1fa000 rw-p 00000000 00:00 0 
6c583c1fa000-6c583c1fb000 ---p 00000000 00:00 0 
6c583c1fb000-6c583c2fb000 rw-p 00000000 00:00 0 
6c583c2fb000-6c583c2fc000 ---p 00000000 00:00 0 
6c583c2fc000-6c583c3fc000 rw-p 00000000 00:00 0 
6c583c3fc000-6c586c400000 rw-p 00000000 00:00 0 
6c586c400000-6c586d400000 ---p 00000000 00:00 0                          [anon:mmtk:sidemeta:all:all-quarantined]
6c586d400000-6c586d800000 rw-p 00000000 00:00 0                          [anon:mmtk:sidemeta:immix:VO_BIT]
6c586d800000-6c586dc00000 rw-p 00000000 00:00 0                          [anon:mmtk:sidemeta:los:VO_BIT]
6c586dc00000-6e586e400000 ---p 00000000 00:00 0                          [anon:mmtk:sidemeta:all:all-quarantined]
6e586e400000-6e586e800000 rw-p 00000000 00:00 0                          [anon:mmtk:sidemeta:immix:CHUNK_MARK]
6e586e800000-6e5871400000 ---p 00000000 00:00 0                          [anon:mmtk:sidemeta:all:all-quarantined]
6e5871400000-6e5871800000 rw-p 00000000 00:00 0                          [anon:mmtk:sidemeta:immix:VMGlobalLogBitSpec]
6e5871800000-6e5871c00000 rw-p 00000000 00:00 0                          [anon:mmtk:sidemeta:los:VMGlobalLogBitSpec]
6e5871c00000-706070800000 ---p 00000000 00:00 0                          [anon:mmtk:sidemeta:all:all-quarantined]
706070800000-706070c00000 rw-p 00000000 00:00 0                          [anon:mmtk:sidemeta:immix:IX_LINE_MARK]
706070c00000-70e070400000 ---p 00000000 00:00 0                          [anon:mmtk:sidemeta:all:all-quarantined]
70e070400000-70e070800000 rw-p 00000000 00:00 0                          [anon:mmtk:sidemeta:immix:IX_BLOCK_DEFRAG]
70e070800000-70e170400000 ---p 00000000 00:00 0                          [anon:mmtk:sidemeta:all:all-quarantined]
70e170400000-70e170800000 rw-p 00000000 00:00 0                          [anon:mmtk:sidemeta:immix:IX_BLOCK_MARK]
70e170800000-7702f0400000 ---p 00000000 00:00 0                          [anon:mmtk:sidemeta:all:all-quarantined]
7702f0400000-7702f0800000 rw-p 00000000 00:00 0                          [anon:mmtk:sidemeta:los:VMLocalLOSMarkNurserySpec]
7702f0800000-7704f1400000 ---p 00000000 00:00 0                          [anon:mmtk:sidemeta:all:all-quarantined]
7704f1400000-7704f1c00000 rw-p 00000000 00:00 0                          [anon:mmtk:sidemeta:immix:VMLocalMarkBitSpec]
7704f1c00000-7904f0400000 ---p 00000000 00:00 0                          [anon:mmtk:sidemeta:all:all-quarantined]
7904f04fc000-7904f04fd000 ---p 00000000 00:00 0 
7904f04fd000-7904f05fd000 rw-p 00000000 00:00 0 
7904f05fd000-7904f05fe000 ---p 00000000 00:00 0 
7904f05fe000-7904f06fe000 rw-p 00000000 00:00 0 
7904f06fe000-7904f06ff000 ---p 00000000 00:00 0 
7904f06ff000-7904f07ff000 rw-p 00000000 00:00 0 
7904f07ff000-790510800000 rw-p 00000000 00:00 0 
790510800000-790510d50000 rwxp 00000000 00:00 0 
790510d50000-790517c17000 ---p 00000000 00:00 0 
790517c17000-790517f87000 rwxp 00000000 00:00 0 
790517f87000-7905183e8000 ---p 00000000 00:00 0 
7905183e8000-790518838000 rwxp 00000000 00:00 0 
790518838000-79051f800000 ---p 00000000 00:00 0 
79051f800000-790527fa0000 r--s 00000000 fc:00 49676291                   /mydata/openjdk-mmtk/build/b0test/images/jdk/lib/modules
790528000000-790528892000 rw-p 00000000 00:00 0 
790528892000-79052c000000 ---p 00000000 00:00 0 
79052c01d000-79052c022000 r--p 00000000 fc:00 49676385                   /mydata/openjdk-mmtk/build/b0test/images/jdk/lib/libjsvml.so
79052c022000-79052c063000 r-xp 00005000 fc:00 49676385                   /mydata/openjdk-mmtk/build/b0test/images/jdk/lib/libjsvml.so
79052c063000-79052c0ec000 r--p 00046000 fc:00 49676385                   /mydata/openjdk-mmtk/build/b0test/images/jdk/lib/libjsvml.so
79052c0ec000-79052c0ed000 r--p 000ce000 fc:00 49676385                   /mydata/openjdk-mmtk/build/b0test/images/jdk/lib/libjsvml.so
79052c0ed000-79052c0ee000 rw-p 000cf000 fc:00 49676385                   /mydata/openjdk-mmtk/build/b0test/images/jdk/lib/libjsvml.so
79052c0ee000-79052c0ef000 ---p 00000000 00:00 0 
79052c0ef000-79052c1ef000 rw-p 00000000 00:00 0 
79052c1ef000-79052c1f0000 ---p 00000000 00:00 0 
79052c1f0000-79052c2f0000 rw-p 00000000 00:00 0 
79052c2f0000-79052c2f1000 ---p 00000000 00:00 0 
79052c2f1000-79052c3f1000 rw-p 00000000 00:00 0 
79052c3f1000-79052c3f2000 ---p 00000000 00:00 0 
79052c3f2000-79052c4f2000 rw-p 00000000 00:00 0 
79052c4f2000-79052c4f3000 ---p 00000000 00:00 0 
79052c4f3000-79052c5f3000 rw-p 00000000 00:00 0 
79052c5f3000-79052c5f4000 ---p 00000000 00:00 0 
79052c5f4000-79052c6f4000 rw-p 00000000 00:00 0 
79052c6f4000-79052c6f5000 ---p 00000000 00:00 0 
79052c6f5000-79052c7f5000 rw-p 00000000 00:00 0 
79052c7f5000-79052c7f6000 ---p 00000000 00:00 0 
79052c7f6000-79052c8f6000 rw-p 00000000 00:00 0 
79052c8f6000-79052c8f7000 ---p 00000000 00:00 0 
79052c8f7000-79052c9f7000 rw-p 00000000 00:00 0 
79052c9f7000-79052c9f8000 ---p 00000000 00:00 0 
79052c9f8000-79052caf8000 rw-p 00000000 00:00 0 
79052caf8000-79052caf9000 ---p 00000000 00:00 0 
79052caf9000-79052cbf9000 rw-p 00000000 00:00 0 
79052cbf9000-79052cbfa000 ---p 00000000 00:00 0 
79052cbfa000-79052ccfa000 rw-p 00000000 00:00 0 
79052ccfa000-79052ccfb000 ---p 00000000 00:00 0 
79052ccfb000-79052cdfb000 rw-p 00000000 00:00 0 
79052cdfb000-79052cdfc000 ---p 00000000 00:00 0 
79052cdfc000-79052cefc000 rw-p 00000000 00:00 0 
79052cefc000-79052cefd000 ---p 00000000 00:00 0 
79052cefd000-79052cffd000 rw-p 00000000 00:00 0 
79052cffd000-79052cffe000 ---p 00000000 00:00 0 
79052cffe000-79052d0fe000 rw-p 00000000 00:00 0 
79052d0fe000-79052d0ff000 ---p 00000000 00:00 0 
79052d0ff000-79052d1ff000 rw-p 00000000 00:00 0 
79052d1ff000-79052d200000 ---p 00000000 00:00 0 
79052d200000-79052d300000 rw-p 00000000 00:00 0 
79052d300000-79052d304000 ---p 00000000 00:00 0 
79052d304000-79052d400000 rw-p 00000000 00:00 0 
79052d400000-79052d404000 ---p 00000000 00:00 0 
79052d404000-79052d500000 rw-p 00000000 00:00 0 
79052d500000-79052d504000 ---p 00000000 00:00 0 
79052d504000-79052d600000 rw-p 00000000 00:00 0 
79052d600000-79052d8eb000 r--p 00000000 08:03 1410552                    /usr/lib/locale/locale-archive
79052d8fc000-79052d8fd000 ---p 00000000 00:00 0 
79052d8fd000-79052d9fd000 rw-p 00000000 00:00 0 
79052d9fd000-79052d9fe000 ---p 00000000 00:00 0 
79052d9fe000-79052dafe000 rw-p 00000000 00:00 0 
79052dafe000-79052daff000 ---p 00000000 00:00 0 
79052daff000-79052dbff000 rw-p 00000000 00:00 0 
79052dbff000-79052e200000 rw-p 00000000 00:00 0 
79052e200000-79052e20c000 r--p 00000000 fc:00 13107225                   /mydata/gc-bpf-fault/shim/libgcbpf.so
79052e20c000-79052e26e000 r-xp 0000c000 fc:00 13107225                   /mydata/gc-bpf-fault/shim/libgcbpf.so
79052e26e000-79052e41b000 r--p 0006e000 fc:00 13107225                   /mydata/gc-bpf-fault/shim/libgcbpf.so
79052e41b000-79052e41d000 r--p 0021b000 fc:00 13107225                   /mydata/gc-bpf-fault/shim/libgcbpf.so
79052e41d000-79052e41e000 rw-p 0021d000 fc:00 13107225                   /mydata/gc-bpf-fault/shim/libgcbpf.so
79052e41e000-79052e41f000 rw-p 00000000 00:00 0 
79052e474000-79052e478000 r--p 00000000 08:03 1410107                    /usr/lib/x86_64-linux-gnu/libzstd.so.1.5.5
79052e478000-79052e51f000 r-xp 00004000 08:03 1410107                    /usr/lib/x86_64-linux-gnu/libzstd.so.1.5.5
79052e51f000-79052e52c000 r--p 000ab000 08:03 1410107                    /usr/lib/x86_64-linux-gnu/libzstd.so.1.5.5
79052e52c000-79052e52d000 r--p 000b7000 08:03 1410107                    /usr/lib/x86_64-linux-gnu/libzstd.so.1.5.5
79052e52d000-79052e52e000 rw-p 000b8000 08:03 1410107                    /usr/lib/x86_64-linux-gnu/libzstd.so.1.5.5
79052e52e000-79052e537000 rw-p 00000000 00:00 0 
79052e537000-79052e617000 ---p 00000000 00:00 0 
79052e617000-79052e622000 rw-p 00000000 00:00 0 
79052e622000-79052e700000 ---p 00000000 00:00 0 
79052e700000-79052e704000 ---p 00000000 00:00 0 
79052e704000-79052e800000 rw-p 00000000 00:00 0 
79052e800000-79052e945000 r--p 00000000 fc:00 49676344                   /mydata/openjdk-mmtk/build/b0test/images/jdk/lib/server/libmmtk_openjdk.so
79052e945000-79052ebbc000 r-xp 00144000 fc:00 49676344                   /mydata/openjdk-mmtk/build/b0test/images/jdk/lib/server/libmmtk_openjdk.so
79052ebbc000-79052ebfc000 r--p 003ba000 fc:00 49676344                   /mydata/openjdk-mmtk/build/b0test/images/jdk/lib/server/libmmtk_openjdk.so
79052ebfc000-79052ebfe000 rw-p 003f9000 fc:00 49676344                   /mydata/openjdk-mmtk/build/b0test/images/jdk/lib/server/libmmtk_openjdk.so
79052ebfe000-79052ec00000 rw-p 00000000 00:00 0 
79052ec00000-79052eea9000 r--p 00000000 fc:00 49676343                   /mydata/openjdk-mmtk/build/b0test/images/jdk/lib/server/libjvm.so
79052eea9000-79052fd3c000 r-xp 002a9000 fc:00 49676343                   /mydata/openjdk-mmtk/build/b0test/images/jdk/lib/server/libjvm.so
79052fd3c000-790530020000 r--p 0113c000 fc:00 49676343                   /mydata/openjdk-mmtk/build/b0test/images/jdk/lib/server/libjvm.so
790530020000-7905300f6000 r--p 0141f000 fc:00 49676343                   /mydata/openjdk-mmtk/build/b0test/images/jdk/lib/server/libjvm.so
7905300f6000-790530126000 rw-p 014f5000 fc:00 49676343                   /mydata/openjdk-mmtk/build/b0test/images/jdk/lib/server/libjvm.so
790530126000-79053018c000 rw-p 00000000 00:00 0 
7905301f1000-7905301f8000 r--s 00000000 08:03 1436340                    /usr/lib/x86_64-linux-gnu/gconv/gconv-modules.cache
7905301f8000-7905301fa000 r--p 00000000 fc:00 49676434                   /mydata/openjdk-mmtk/build/b0test/images/jdk/lib/libmanagement_ext.so
7905301fa000-7905301fd000 r-xp 00002000 fc:00 49676434                   /mydata/openjdk-mmtk/build/b0test/images/jdk/lib/libmanagement_ext.so
7905301fd000-7905301fe000 r--p 00005000 fc:00 49676434                   /mydata/openjdk-mmtk/build/b0test/images/jdk/lib/libmanagement_ext.so
7905301fe000-7905301ff000 r--p 00006000 fc:00 49676434                   /mydata/openjdk-mmtk/build/b0test/images/jdk/lib/libmanagement_ext.so
7905301ff000-790530200000 rw-p 00007000 fc:00 49676434                   /mydata/openjdk-mmtk/build/b0test/images/jdk/lib/libmanagement_ext.so
790530200000-790530228000 r--p 00000000 08:03 1410238                    /usr/lib/x86_64-linux-gnu/libc.so.6
790530228000-7905303b0000 r-xp 00028000 08:03 1410238                    /usr/lib/x86_64-linux-gnu/libc.so.6
7905303b0000-7905303ff000 r--p 001b0000 08:03 1410238                    /usr/lib/x86_64-linux-gnu/libc.so.6
7905303ff000-790530403000 r--p 001fe000 08:03 1410238                    /usr/lib/x86_64-linux-gnu/libc.so.6
790530403000-790530405000 rw-p 00202000 08:03 1410238                    /usr/lib/x86_64-linux-gnu/libc.so.6
790530405000-790530412000 rw-p 00000000 00:00 0 
790530415000-790530417000 r--p 00000000 fc:00 49676335                   /mydata/openjdk-mmtk/build/b0test/images/jdk/lib/libzip.so
790530417000-79053041c000 r-xp 00002000 fc:00 49676335                   /mydata/openjdk-mmtk/build/b0test/images/jdk/lib/libzip.so
79053041c000-79053041e000 r--p 00007000 fc:00 49676335                   /mydata/openjdk-mmtk/build/b0test/images/jdk/lib/libzip.so
79053041e000-79053041f000 r--p 00008000 fc:00 49676335                   /mydata/openjdk-mmtk/build/b0test/images/jdk/lib/libzip.so
79053041f000-790530420000 rw-p 00009000 fc:00 49676335                   /mydata/openjdk-mmtk/build/b0test/images/jdk/lib/libzip.so
790530420000-790530423000 r--p 00000000 fc:00 49676331                   /mydata/openjdk-mmtk/build/b0test/images/jdk/lib/libnet.so
790530423000-79053042b000 r-xp 00003000 fc:00 49676331                   /mydata/openjdk-mmtk/build/b0test/images/jdk/lib/libnet.so
79053042b000-79053042d000 r--p 0000b000 fc:00 49676331                   /mydata/openjdk-mmtk/build/b0test/images/jdk/lib/libnet.so
79053042d000-79053042e000 r--p 0000c000 fc:00 49676331                   /mydata/openjdk-mmtk/build/b0test/images/jdk/lib/libnet.so
79053042e000-79053042f000 rw-p 0000d000 fc:00 49676331                   /mydata/openjdk-mmtk/build/b0test/images/jdk/lib/libnet.so
79053042f000-790530436000 r--p 00000000 fc:00 49676332                   /mydata/openjdk-mmtk/build/b0test/images/jdk/lib/libnio.so
790530436000-79053043f000 r-xp 00007000 fc:00 49676332                   /mydata/openjdk-mmtk/build/b0test/images/jdk/lib/libnio.so
79053043f000-790530443000 r--p 00010000 fc:00 49676332                   /mydata/openjdk-mmtk/build/b0test/images/jdk/lib/libnio.so
790530443000-790530444000 r--p 00014000 fc:00 49676332                   /mydata/openjdk-mmtk/build/b0test/images/jdk/lib/libnio.so
790530444000-790530445000 rw-p 00015000 fc:00 49676332                   /mydata/openjdk-mmtk/build/b0test/images/jdk/lib/libnio.so
790530445000-790530448000 r--p 00000000 08:03 1410420                    /usr/lib/x86_64-linux-gnu/libelf-0.190.so
790530448000-79053045e000 r-xp 00003000 08:03 1410420                    /usr/lib/x86_64-linux-gnu/libelf-0.190.so
79053045e000-790530462000 r--p 00019000 08:03 1410420                    /usr/lib/x86_64-linux-gnu/libelf-0.190.so
790530462000-790530463000 r--p 0001c000 08:03 1410420                    /usr/lib/x86_64-linux-gnu/libelf-0.190.so
790530463000-790530464000 rw-p 0001d000 08:03 1410420                    /usr/lib/x86_64-linux-gnu/libelf-0.190.so
790530468000-79053046a000 r--p 00000000 fc:00 49676363                   /mydata/openjdk-mmtk/build/b0test/images/jdk/lib/libmanagement.so
79053046a000-79053046b000 r-xp 00002000 fc:00 49676363                   /mydata/openjdk-mmtk/build/b0test/images/jdk/lib/libmanagement.so
79053046b000-79053046c000 r--p 00003000 fc:00 49676363                   /mydata/openjdk-mmtk/build/b0test/images/jdk/lib/libmanagement.so
79053046c000-79053046d000 r--p 00003000 fc:00 49676363                   /mydata/openjdk-mmtk/build/b0test/images/jdk/lib/libmanagement.so
79053046d000-79053046e000 rw-p 00004000 fc:00 49676363                   /mydata/openjdk-mmtk/build/b0test/images/jdk/lib/libmanagement.so
79053046e000-790530475000 rw-p 00000000 00:00 0 
790530475000-79053047e000 ---p 00000000 00:00 0 
79053047e000-79053048b000 r--p 00000000 fc:00 49676327                   /mydata/openjdk-mmtk/build/b0test/images/jdk/lib/libjava.so
79053048b000-79053049a000 r-xp 0000d000 fc:00 49676327                   /mydata/openjdk-mmtk/build/b0test/images/jdk/lib/libjava.so
79053049a000-79053049f000 r--p 0001c000 fc:00 49676327                   /mydata/openjdk-mmtk/build/b0test/images/jdk/lib/libjava.so
79053049f000-7905304a0000 r--p 00021000 fc:00 49676327                   /mydata/openjdk-mmtk/build/b0test/images/jdk/lib/libjava.so
7905304a0000-7905304a1000 rw-p 00022000 fc:00 49676327                   /mydata/openjdk-mmtk/build/b0test/images/jdk/lib/libjava.so
7905304a1000-7905304a2000 rw-p 00000000 00:00 0 
7905304a2000-7905304aa000 rw-s 00000000 08:03 237590                     /tmp/hsperfdata_root/264246
7905304aa000-7905304ae000 r--p 00000000 fc:00 49676328                   /mydata/openjdk-mmtk/build/b0test/images/jdk/lib/libjimage.so
7905304ae000-7905304c5000 r-xp 00004000 fc:00 49676328                   /mydata/openjdk-mmtk/build/b0test/images/jdk/lib/libjimage.so
7905304c5000-7905304ca000 r--p 0001b000 fc:00 49676328                   /mydata/openjdk-mmtk/build/b0test/images/jdk/lib/libjimage.so
7905304ca000-7905304cc000 r--p 00020000 fc:00 49676328                   /mydata/openjdk-mmtk/build/b0test/images/jdk/lib/libjimage.so
7905304cc000-7905304cd000 rw-p 00022000 fc:00 49676328                   /mydata/openjdk-mmtk/build/b0test/images/jdk/lib/libjimage.so
7905304cd000-7905304d1000 r--p 00000000 08:03 1410148                    /usr/lib/x86_64-linux-gnu/libgcc_s.so.1
7905304d1000-7905304f5000 r-xp 00004000 08:03 1410148                    /usr/lib/x86_64-linux-gnu/libgcc_s.so.1
7905304f5000-7905304f9000 r--p 00028000 08:03 1410148                    /usr/lib/x86_64-linux-gnu/libgcc_s.so.1
7905304f9000-7905304fa000 r--p 0002b000 08:03 1410148                    /usr/lib/x86_64-linux-gnu/libgcc_s.so.1
7905304fa000-7905304fb000 rw-p 0002c000 08:03 1410148                    /usr/lib/x86_64-linux-gnu/libgcc_s.so.1
7905304fb000-79053050b000 r--p 00000000 08:03 1411099                    /usr/lib/x86_64-linux-gnu/libm.so.6
79053050b000-79053058a000 r-xp 00010000 08:03 1411099                    /usr/lib/x86_64-linux-gnu/libm.so.6
79053058a000-7905305e2000 r--p 0008f000 08:03 1411099                    /usr/lib/x86_64-linux-gnu/libm.so.6
7905305e2000-7905305e3000 r--p 000e7000 08:03 1411099                    /usr/lib/x86_64-linux-gnu/libm.so.6
7905305e3000-7905305e4000 rw-p 000e8000 08:03 1411099                    /usr/lib/x86_64-linux-gnu/libm.so.6
7905305e4000-7905305e6000 rw-p 00000000 00:00 0 
7905305e6000-7905305e8000 r--p 00000000 08:03 1409104                    /usr/lib/x86_64-linux-gnu/libz.so.1.3
7905305e8000-7905305fa000 r-xp 00002000 08:03 1409104                    /usr/lib/x86_64-linux-gnu/libz.so.1.3
7905305fa000-790530600000 r--p 00014000 08:03 1409104                    /usr/lib/x86_64-linux-gnu/libz.so.1.3
790530600000-790530601000 r--p 0001a000 08:03 1409104                    /usr/lib/x86_64-linux-gnu/libz.so.1.3
790530601000-790530602000 rw-p 0001b000 08:03 1409104                    /usr/lib/x86_64-linux-gnu/libz.so.1.3
790530607000-790530608000 rw-s 00000000 00:10 68                         anon_inode:bpf-map
790530608000-790530609000 r--s 00000000 00:10 68                         anon_inode:bpf-map
790530609000-79053060a000 ---p 00000000 00:00 0 
79053060a000-79053060b000 r--p 00000000 00:00 0 
79053060b000-79053060c000 ---p 00000000 00:00 0 
79053060c000-79053060e000 r--p 00000000 fc:00 49676329                   /mydata/openjdk-mmtk/build/b0test/images/jdk/lib/libjli.so
79053060e000-790530618000 r-xp 00002000 fc:00 49676329                   /mydata/openjdk-mmtk/build/b0test/images/jdk/lib/libjli.so
790530618000-79053061b000 r--p 0000c000 fc:00 49676329                   /mydata/openjdk-mmtk/build/b0test/images/jdk/lib/libjli.so
79053061b000-79053061c000 r--p 0000f000 fc:00 49676329                   /mydata/openjdk-mmtk/build/b0test/images/jdk/lib/libjli.so
79053061c000-79053061d000 rw-p 00010000 fc:00 49676329                   /mydata/openjdk-mmtk/build/b0test/images/jdk/lib/libjli.so
79053061d000-79053061f000 rw-p 00000000 00:00 0 
79053061f000-790530623000 r--p 00000000 00:00 0                          [vvar]
790530623000-790530625000 r--p 00000000 00:00 0                          [vvar_vclock]
790530625000-790530627000 r-xp 00000000 00:00 0                          [vdso]
790530627000-790530628000 r--p 00000000 08:03 1409763                    /usr/lib/x86_64-linux-gnu/ld-linux-x86-64.so.2
790530628000-790530653000 r-xp 00001000 08:03 1409763                    /usr/lib/x86_64-linux-gnu/ld-linux-x86-64.so.2
790530653000-79053065d000 r--p 0002c000 08:03 1409763                    /usr/lib/x86_64-linux-gnu/ld-linux-x86-64.so.2
79053065d000-79053065f000 r--p 00036000 08:03 1409763                    /usr/lib/x86_64-linux-gnu/ld-linux-x86-64.so.2
79053065f000-790530661000 rw-p 00038000 08:03 1409763                    /usr/lib/x86_64-linux-gnu/ld-linux-x86-64.so.2
7ffc1cd3f000-7ffc1cd60000 rw-p 00000000 00:00 0                          [stack]
ffffffffff600000-ffffffffff601000 --xp 00000000 00:00 0                  [vsyscall]
Total number of mappings: 400

JVMTI agents: none


VM Arguments:
jvm_args: -XX:+UseThirdPartyHeap -Xms512m -Xmx512m 
java_command: /mydata/dacapo/dacapo-23.11/dacapo-23.11-MR2-chopin.jar luindex -n 2
java_class_path (initial): /mydata/dacapo/dacapo-23.11/dacapo-23.11-MR2-chopin.jar
Launcher Type: SUN_STANDARD

[Global flags]
     intx CICompilerCount                          = 15                                        {product} {ergonomic}
   size_t InitialHeapSize                          = 536870912                                 {product} {command line}
   size_t MaxHeapSize                              = 536870912                                 {product} {command line}
   size_t MinHeapDeltaBytes                        = 524288                                    {product} {ergonomic}
   size_t MinHeapSize                              = 536870912                                 {product} {command line}
    uintx NonNMethodCodeHeapSize                   = 8192380                                {pd product} {ergonomic}
    uintx NonProfiledCodeHeapSize                  = 121732930                              {pd product} {ergonomic}
    uintx ProfiledCodeHeapSize                     = 121732930                              {pd product} {ergonomic}
    uintx ReservedCodeCacheSize                    = 251658240                              {pd product} {ergonomic}
     bool SegmentedCodeCache                       = true                                      {product} {ergonomic}
   size_t SoftMaxHeapSize                          = 536870912                              {manageable} {ergonomic}
     bool UseCompressedOops                        = true                           {product lp64_product} {ergonomic}

Logging:
Log output configuration:
 #0: stdout all=warning uptime,level,tags foldmultilines=false
 #1: stderr all=off uptime,level,tags foldmultilines=false

Release file:
IMPLEMENTOR="N/A"
JAVA_RUNTIME_VERSION="21.0.9-internal-adhoc.talzuss.openjdk-mmtk"
JAVA_VERSION="21.0.9"
JAVA_VERSION_DATE="2025-10-21"
LIBC="gnu"
MODULES="java.base java.compiler java.datatransfer java.xml java.prefs java.desktop java.instrument java.logging java.management java.security.sasl java.naming java.rmi java.management.rmi java.net.http java.scripting java.security.jgss java.transaction.xa java.sql java.sql.rowset java.xml.crypto java.se java.smartcardio jdk.accessibility jdk.internal.jvmstat jdk.attach jdk.charsets jdk.internal.opt jdk.zipfs jdk.compiler jdk.crypto.ec jdk.crypto.cryptoki jdk.dynalink jdk.internal.ed jdk.editpad jdk.hotspot.agent jdk.httpserver jdk.incubator.vector jdk.internal.le jdk.internal.vm.ci jdk.internal.vm.compiler jdk.internal.vm.compiler.management jdk.jartool jdk.javadoc jdk.jcmd jdk.management jdk.management.agent jdk.jconsole jdk.jdeps jdk.jdwp.agent jdk.jdi jdk.jfr jdk.jlink jdk.jpackage jdk.jshell jdk.jsobject jdk.jstatd jdk.localedata jdk.management.jfr jdk.naming.dns jdk.naming.rmi jdk.net jdk.nio.mapmode jdk.random jdk.sctp jdk.security.auth jdk.security.jgss jdk.unsupported jdk.unsupported.desktop jdk.xml.dom"
OS_ARCH="x86_64"
OS_NAME="Linux"
SOURCE=".:git:b557520f04b3+"

Environment Variables:
PATH=/usr/local/sbin:/usr/local/bin:/usr/sbin:/usr/bin:/sbin:/bin:/snap/bin
SHELL=/bin/bash
LANG=en_US.UTF-8
TERM=tmux-256color

Active Locale:
LC_ALL=en_US.UTF-8
LC_COLLATE=en_US.UTF-8
LC_CTYPE=en_US.UTF-8
LC_MESSAGES=en_US.UTF-8
LC_MONETARY=en_US.UTF-8
LC_NUMERIC=en_US.UTF-8
LC_TIME=en_US.UTF-8

Signal Handlers:
   SIGSEGV: crash_handler in libjvm.so, mask=11100100010111111101111111111110, flags=SA_RESTART|SA_SIGINFO, unblocked
    SIGBUS: crash_handler in libjvm.so, mask=11100100010111111101111111111110, flags=SA_RESTART|SA_SIGINFO, unblocked
    SIGFPE: crash_handler in libjvm.so, mask=11100100010111111101111111111110, flags=SA_RESTART|SA_SIGINFO, unblocked
   SIGPIPE: javaSignalHandler in libjvm.so, mask=11100100010111111101111111111110, flags=SA_RESTART|SA_SIGINFO, blocked
   SIGXFSZ: javaSignalHandler in libjvm.so, mask=11100100010111111101111111111110, flags=SA_RESTART|SA_SIGINFO, blocked
    SIGILL: crash_handler in libjvm.so, mask=11100100010111111101111111111110, flags=SA_RESTART|SA_SIGINFO, unblocked
   SIGUSR2: SR_handler in libjvm.so, mask=00000000000000000000000000000000, flags=SA_RESTART|SA_SIGINFO, blocked
    SIGHUP: UserHandler in libjvm.so, mask=11100100010111111101111111111110, flags=SA_RESTART|SA_SIGINFO, blocked
    SIGINT: UserHandler in libjvm.so, mask=11100100010111111101111111111110, flags=SA_RESTART|SA_SIGINFO, blocked
   SIGTERM: UserHandler in libjvm.so, mask=11100100010111111101111111111110, flags=SA_RESTART|SA_SIGINFO, blocked
   SIGQUIT: UserHandler in libjvm.so, mask=11100100010111111101111111111110, flags=SA_RESTART|SA_SIGINFO, blocked
   SIGTRAP: crash_handler in libjvm.so, mask=11100100010111111101111111111110, flags=SA_RESTART|SA_SIGINFO, unblocked


Periodic native trim disabled

---------------  S Y S T E M  ---------------

OS:
DISTRIB_ID=Ubuntu
DISTRIB_RELEASE=24.04
DISTRIB_CODENAME=noble
DISTRIB_DESCRIPTION="Ubuntu 24.04.4 LTS"
uname: Linux 6.17.0-bpf-fault+ #1 SMP PREEMPT_DYNAMIC Mon Jul  6 16:43:12 MDT 2026 x86_64
OS uptime: 0 days 18:30 hours
libc: glibc 2.39 NPTL 2.39 
rlimit (soft/hard): STACK 8192k/infinity , CORE 0k/0k , NPROC 513205/513205 , NOFILE 1048576/1048576 , AS infinity/infinity , CPU infinity/infinity , DATA infinity/infinity , FSIZE infinity/infinity , MEMLOCK 16436528k/16436528k
load average: 2.24 2.15 1.39

/proc/meminfo:
MemTotal:       131492232 kB
MemFree:        81969696 kB
MemAvailable:   123687340 kB
Buffers:          502764 kB
Cached:         40623788 kB
SwapCached:            0 kB
Active:          2478504 kB
Inactive:       40318440 kB
Active(anon):    1686832 kB
Inactive(anon):        0 kB
Active(file):     791672 kB
Inactive(file): 40318440 kB
Unevictable:       41912 kB
Mlocked:           38840 kB
SwapTotal:       8388604 kB
SwapFree:        8388604 kB
Zswap:                 0 kB
Zswapped:              0 kB
Dirty:               124 kB
Writeback:             0 kB
AnonPages:       1714452 kB
Mapped:          3390912 kB
Shmem:              5316 kB
KReclaimable:    1858768 kB
Slab:            2374968 kB
SReclaimable:    1858768 kB
SUnreclaim:       516200 kB
KernelStack:        9888 kB
PageTables:        28080 kB
SecPageTables:      8616 kB
NFS_Unstable:          0 kB
Bounce:                0 kB
WritebackTmp:          0 kB
CommitLimit:    74134720 kB
Committed_AS:   160032588 kB
VmallocTotal:   34359738367 kB
VmallocUsed:       35780 kB
VmallocChunk:          0 kB
Percpu:            48896 kB
HardwareCorrupted:     0 kB
AnonHugePages:         0 kB
ShmemHugePages:        0 kB
ShmemPmdMapped:        0 kB
FileHugePages:   2152448 kB
FilePmdMapped:         0 kB
Unaccepted:            0 kB
Balloon:               0 kB
HugePages_Total:       0
HugePages_Free:        0
HugePages_Rsvd:        0
HugePages_Surp:        0
Hugepagesize:       2048 kB
Hugetlb:               0 kB
DirectMap4k:      586560 kB
DirectMap2M:    18923520 kB
DirectMap1G:    114294784 kB

/sys/kernel/mm/transparent_hugepage/enabled: always [madvise] never
/sys/kernel/mm/transparent_hugepage/hpage_pmd_size: 2097152
/sys/kernel/mm/transparent_hugepage/defrag (defrag/compaction efforts parameter): always defer defer+madvise [madvise] never

Process Memory:
Virtual Size: 13618275548K (peak: 13618282708K)
Resident Set Size: 4342280K (peak: 4342280K) (anon: 1168692K, file: 3173588K, shmem: 0K)
Swapped out: 0K
C-Heap outstanding allocations: 1445842K, retained: 99389K
glibc malloc tunables: (default)

/proc/sys/kernel/threads-max (system-wide limit on the number of threads): 1026411
/proc/sys/vm/max_map_count (maximum number of memory map areas a process may have): 1048576
/proc/sys/vm/swappiness (control to define how aggressively the kernel swaps out anonymous memory): 60
/proc/sys/kernel/pid_max (system-wide limit on number of process identifiers): 4194304

container information not found.
Steal ticks since vm start: 0
Steal ticks percentage since vm start:  0.000

CPU: total 32 (initial active 32) (32 cores per cpu, 2 threads per core) family 23 model 49 stepping 0 microcode 0x830107c, cx8, cmov, fxsr, ht, mmx, 3dnowpref, sse, sse2, sse3, ssse3, sse4a, sse4.1, sse4.2, popcnt, lzcnt, tsc, tscinvbit, avx, avx2, aes, clmul, bmi1, bmi2, adx, sha, fma, vzeroupper, clflush, clflushopt, rdtscp, rdpid, f16c
CPU Model and flags from /proc/cpuinfo:
model name	: AMD EPYC 7302P 16-Core Processor
flags		: fpu vme de pse tsc msr pae mce cx8 apic sep mtrr pge mca cmov pat pse36 clflush mmx fxsr sse sse2 ht syscall nx mmxext fxsr_opt pdpe1gb rdtscp lm constant_tsc rep_good nopl xtopology nonstop_tsc cpuid extd_apicid aperfmperf rapl pni pclmulqdq monitor ssse3 fma cx16 sse4_1 sse4_2 movbe popcnt aes xsave avx f16c rdrand lahf_lm cmp_legacy svm extapic cr8_legacy abm sse4a misalignsse 3dnowprefetch osvw ibs skinit wdt tce topoext perfctr_core perfctr_nb bpext perfctr_llc mwaitx cpb cat_l3 cdp_l3 hw_pstate ssbd mba ibrs ibpb stibp vmmcall fsgsbase bmi1 avx2 smep bmi2 cqm rdt_a rdseed adx smap clflushopt clwb sha_ni xsaveopt xsavec xgetbv1 xsaves cqm_llc cqm_occup_llc cqm_mbm_total cqm_mbm_local clzero irperf xsaveerptr rdpru wbnoinvd amd_ppin arat npt lbrv svm_lock nrip_save tsc_scale vmcb_clean flushbyasid decodeassists pausefilter pfthreshold avic v_vmsave_vmload vgif v_spec_ctrl umip rdpid overflow_recov succor smca sev sev_es

Online cpus: 0-31
Offline cpus: 
BIOS frequency limitation: <Not Available>
Frequency switch latency (ns): <Not Available>
Available cpu frequencies: <Not Available>
Current governor: <Not Available>
Core performance/turbo boost: <Not Available>

Memory: 4k page, physical 131492232k(123687340k free), swap 8388604k(8388604k free)
Page Sizes: 4k

vm_info: OpenJDK 64-Bit Server VM (21.0.9-internal-adhoc.talzuss.openjdk-mmtk) for linux-amd64 JRE (21.0.9-internal-adhoc.talzuss.openjdk-mmtk), built on 2026-07-06T23:13:08Z by "talzuss" with gcc 13.3.0
heap_info: MMTk OpenJDK 0.32.0 (15c0350-dirty), using MMTk 0.32.0 (e989ca8-dirty, BUILTIN_ENV_LOGGER, DEFAULT, EAGER_SWEEPING, VO_BIT)@

END.
